DEBUG 2026-09-03 08:17:36 === episode start | task: 'put the roll on the pouch' | duration: 50.0s ===
DEBUG 2026-09-03 08:17:37 [chunk] received 50 actions, timesteps 0..49 | first: shoulder_pan.pos=-4.38 shoulder_lift.pos=-101.75 elbow_flex.pos=+88.64 wrist_flex.pos=+74.90 wrist_roll.pos=-0.93 gripper.pos=+0.56 | last: shoulder_pan.pos=-2.84 shoulder_lift.pos=-101.08 elbow_flex.pos=+79.97 wrist_flex.pos=+69.96 wrist_roll.pos=-0.93 gripper.pos=+0.02
DEBUG 2026-09-03 08:17:37 [action #1] t=0.97s step=0 queue=50 dmax=n/a | shoulder_pan.pos=-4.38 shoulder_lift.pos=-101.75 elbow_flex.pos=+88.64 wrist_flex.pos=+74.90 wrist_roll.pos=-0.93 gripper.pos=+0.56
DEBUG 2026-09-03 08:17:37 [action #2] t=1.00s step=1 queue=49 dmax=0.295 | shoulder_pan.pos=-4.58 shoulder_lift.pos=-102.04 elbow_flex.pos=+88.82 wrist_flex.pos=+74.80 wrist_roll.pos=-0.94 gripper.pos=+0.55
DEBUG 2026-09-03 08:17:37 [action #3] t=1.04s step=2 queue=48 dmax=0.210 | shoulder_pan.pos=-4.79 shoulder_lift.pos=-101.87 elbow_flex.pos=+88.68 wrist_flex.pos=+74.65 wrist_roll.pos=-0.98 gripper.pos=+0.54
DEBUG 2026-09-03 08:17:37 [action #4] t=1.07s step=3 queue=47 dmax=0.366 | shoulder_pan.pos=-4.75 shoulder_lift.pos=-101.96 elbow_flex.pos=+88.39 wrist_flex.pos=+74.28 wrist_roll.pos=-0.97 gripper.pos=+0.48
DEBUG 2026-09-03 08:17:37 [action #5] t=1.10s step=4 queue=46 dmax=0.373 | shoulder_pan.pos=-4.59 shoulder_lift.pos=-101.62 elbow_flex.pos=+88.77 wrist_flex.pos=+74.20 wrist_roll.pos=-0.99 gripper.pos=+0.68
DEBUG 2026-09-03 08:17:37 [action #6] t=1.14s step=5 queue=45 dmax=0.370 | shoulder_pan.pos=-4.31 shoulder_lift.pos=-101.70 elbow_flex.pos=+88.40 wrist_flex.pos=+73.90 wrist_roll.pos=-0.96 gripper.pos=+0.64
DEBUG 2026-09-03 08:17:37 [action #7] t=1.17s step=6 queue=44 dmax=0.252 | shoulder_pan.pos=-4.43 shoulder_lift.pos=-101.95 elbow_flex.pos=+88.28 wrist_flex.pos=+73.74 wrist_roll.pos=-0.95 gripper.pos=+0.57
DEBUG 2026-09-03 08:17:37 [action #8] t=1.20s step=7 queue=43 dmax=0.429 | shoulder_pan.pos=-4.48 shoulder_lift.pos=-101.54 elbow_flex.pos=+88.71 wrist_flex.pos=+73.53 wrist_roll.pos=-1.02 gripper.pos=+0.59
DEBUG 2026-09-03 08:17:37 [action #9] t=1.24s step=8 queue=42 dmax=0.699 | shoulder_pan.pos=-4.65 shoulder_lift.pos=-102.24 elbow_flex.pos=+88.96 wrist_flex.pos=+73.20 wrist_roll.pos=-1.04 gripper.pos=+0.48
DEBUG 2026-09-03 08:17:37 [action #10] t=1.27s step=9 queue=41 dmax=0.466 | shoulder_pan.pos=-4.64 shoulder_lift.pos=-101.87 elbow_flex.pos=+88.49 wrist_flex.pos=+73.22 wrist_roll.pos=-0.97 gripper.pos=+0.67
DEBUG 2026-09-03 08:17:37 [action #11] t=1.30s step=10 queue=40 dmax=0.976 | shoulder_pan.pos=-4.85 shoulder_lift.pos=-102.18 elbow_flex.pos=+87.51 wrist_flex.pos=+72.97 wrist_roll.pos=-0.91 gripper.pos=+0.55
DEBUG 2026-09-03 08:17:37 [action #12] t=1.34s step=11 queue=39 dmax=0.538 | shoulder_pan.pos=-4.95 shoulder_lift.pos=-102.06 elbow_flex.pos=+88.05 wrist_flex.pos=+72.62 wrist_roll.pos=-1.01 gripper.pos=+0.54
DEBUG 2026-09-03 08:17:37 [action #13] t=1.37s step=12 queue=38 dmax=0.399 | shoulder_pan.pos=-4.89 shoulder_lift.pos=-101.67 elbow_flex.pos=+87.88 wrist_flex.pos=+72.34 wrist_roll.pos=-1.00 gripper.pos=+0.42
DEBUG 2026-09-03 08:17:37 [action #14] t=1.40s step=13 queue=37 dmax=0.489 | shoulder_pan.pos=-4.89 shoulder_lift.pos=-102.15 elbow_flex.pos=+88.14 wrist_flex.pos=+72.16 wrist_roll.pos=-0.94 gripper.pos=+0.47
DEBUG 2026-09-03 08:17:37 [action #15] t=1.44s step=14 queue=36 dmax=0.717 | shoulder_pan.pos=-4.63 shoulder_lift.pos=-102.42 elbow_flex.pos=+88.86 wrist_flex.pos=+71.78 wrist_roll.pos=-0.99 gripper.pos=+0.46
DEBUG 2026-09-03 08:17:37 [action #16] t=1.47s step=15 queue=35 dmax=0.968 | shoulder_pan.pos=-4.74 shoulder_lift.pos=-102.63 elbow_flex.pos=+87.89 wrist_flex.pos=+71.57 wrist_roll.pos=-0.98 gripper.pos=+0.36
DEBUG 2026-09-03 08:17:37 [action #17] t=1.51s step=16 queue=34 dmax=0.711 | shoulder_pan.pos=-4.44 shoulder_lift.pos=-102.25 elbow_flex.pos=+87.18 wrist_flex.pos=+71.15 wrist_roll.pos=-0.86 gripper.pos=+0.48
DEBUG 2026-09-03 08:17:37 [action #18] t=1.54s step=17 queue=33 dmax=1.035 | shoulder_pan.pos=-4.74 shoulder_lift.pos=-102.13 elbow_flex.pos=+88.22 wrist_flex.pos=+70.86 wrist_roll.pos=-0.92 gripper.pos=+0.52
DEBUG 2026-09-03 08:17:38 [action #19] t=1.57s step=18 queue=32 dmax=0.877 | shoulder_pan.pos=-4.52 shoulder_lift.pos=-101.67 elbow_flex.pos=+87.34 wrist_flex.pos=+70.50 wrist_roll.pos=-0.94 gripper.pos=+0.47
DEBUG 2026-09-03 08:17:38 [action #20] t=1.61s step=19 queue=31 dmax=0.440 | shoulder_pan.pos=-4.59 shoulder_lift.pos=-102.01 elbow_flex.pos=+87.53 wrist_flex.pos=+70.06 wrist_roll.pos=-0.91 gripper.pos=+0.42
DEBUG 2026-09-03 08:17:38 [action #21] t=1.64s step=20 queue=30 dmax=0.315 | shoulder_pan.pos=-4.79 shoulder_lift.pos=-102.09 elbow_flex.pos=+87.21 wrist_flex.pos=+69.90 wrist_roll.pos=-0.99 gripper.pos=+0.31
DEBUG 2026-09-03 08:17:38 [action #22] t=1.67s step=21 queue=29 dmax=0.768 | shoulder_pan.pos=-4.64 shoulder_lift.pos=-101.97 elbow_flex.pos=+87.77 wrist_flex.pos=+69.13 wrist_roll.pos=-0.98 gripper.pos=+0.31
DEBUG 2026-09-03 08:17:38 [action #23] t=1.71s step=22 queue=28 dmax=0.556 | shoulder_pan.pos=-4.41 shoulder_lift.pos=-101.59 elbow_flex.pos=+87.81 wrist_flex.pos=+68.58 wrist_roll.pos=-0.99 gripper.pos=+0.41
DEBUG 2026-09-03 08:17:38 [action #24] t=1.74s step=23 queue=27 dmax=0.645 | shoulder_pan.pos=-4.46 shoulder_lift.pos=-102.24 elbow_flex.pos=+87.31 wrist_flex.pos=+68.15 wrist_roll.pos=-0.96 gripper.pos=+0.30
DEBUG 2026-09-03 08:17:38 [action #25] t=1.77s step=24 queue=26 dmax=0.361 | shoulder_pan.pos=-4.43 shoulder_lift.pos=-102.36 elbow_flex.pos=+87.28 wrist_flex.pos=+67.78 wrist_roll.pos=-0.95 gripper.pos=+0.42
DEBUG 2026-09-03 08:17:38 [action #26] t=1.81s step=25 queue=25 dmax=0.604 | shoulder_pan.pos=-4.42 shoulder_lift.pos=-102.02 elbow_flex.pos=+87.76 wrist_flex.pos=+67.18 wrist_roll.pos=-0.99 gripper.pos=+0.27
DEBUG 2026-09-03 08:17:38 [action #27] t=1.84s step=26 queue=24 dmax=0.528 | shoulder_pan.pos=-4.45 shoulder_lift.pos=-102.55 elbow_flex.pos=+87.27 wrist_flex.pos=+67.14 wrist_roll.pos=-0.94 gripper.pos=+0.35
DEBUG 2026-09-03 08:17:38 [action #28] t=1.87s step=27 queue=23 dmax=0.393 | shoulder_pan.pos=-4.36 shoulder_lift.pos=-102.16 elbow_flex.pos=+87.10 wrist_flex.pos=+66.84 wrist_roll.pos=-0.97 gripper.pos=+0.29
DEBUG 2026-09-03 08:17:38 [action #29] t=1.91s step=28 queue=22 dmax=0.357 | shoulder_pan.pos=-4.36 shoulder_lift.pos=-102.28 elbow_flex.pos=+86.74 wrist_flex.pos=+66.94 wrist_roll.pos=-0.94 gripper.pos=+0.35
DEBUG 2026-09-03 08:17:38 [action #30] t=1.94s step=29 queue=21 dmax=0.706 | shoulder_pan.pos=-4.20 shoulder_lift.pos=-102.23 elbow_flex.pos=+86.03 wrist_flex.pos=+67.02 wrist_roll.pos=-0.96 gripper.pos=+0.35
DEBUG 2026-09-03 08:17:38 [action #31] t=1.97s step=30 queue=20 dmax=0.220 | shoulder_pan.pos=-4.39 shoulder_lift.pos=-102.03 elbow_flex.pos=+86.00 wrist_flex.pos=+67.24 wrist_roll.pos=-0.94 gripper.pos=+0.37
DEBUG 2026-09-03 08:17:38 [action #32] t=2.01s step=31 queue=19 dmax=0.420 | shoulder_pan.pos=-4.18 shoulder_lift.pos=-102.16 elbow_flex.pos=+85.58 wrist_flex.pos=+67.03 wrist_roll.pos=-0.88 gripper.pos=+0.37
DEBUG 2026-09-03 08:17:38 [action #33] t=2.04s step=32 queue=18 dmax=0.544 | shoulder_pan.pos=-4.43 shoulder_lift.pos=-101.61 elbow_flex.pos=+85.07 wrist_flex.pos=+67.37 wrist_roll.pos=-0.92 gripper.pos=+0.25
DEBUG 2026-09-03 08:17:38 [action #34] t=2.07s step=33 queue=17 dmax=1.161 | shoulder_pan.pos=-4.51 shoulder_lift.pos=-102.77 elbow_flex.pos=+84.69 wrist_flex.pos=+67.59 wrist_roll.pos=-0.90 gripper.pos=+0.22
DEBUG 2026-09-03 08:17:38 [action #35] t=2.11s step=34 queue=16 dmax=0.612 | shoulder_pan.pos=-4.47 shoulder_lift.pos=-102.25 elbow_flex.pos=+84.07 wrist_flex.pos=+67.73 wrist_roll.pos=-1.02 gripper.pos=+0.33
DEBUG 2026-09-03 08:17:38 [chunk] received 50 actions, timesteps 5..54 | first: shoulder_pan.pos=-4.30 shoulder_lift.pos=-102.21 elbow_flex.pos=+87.74 wrist_flex.pos=+74.90 wrist_roll.pos=-0.95 gripper.pos=+0.52 | last: shoulder_pan.pos=-3.31 shoulder_lift.pos=-97.70 elbow_flex.pos=+80.44 wrist_flex.pos=+69.60 wrist_roll.pos=-1.03 gripper.pos=+0.11
DEBUG 2026-09-03 08:17:38 [action #36] t=2.14s step=35 queue=20 dmax=1.249 | shoulder_pan.pos=-4.10 shoulder_lift.pos=-102.40 elbow_flex.pos=+85.20 wrist_flex.pos=+68.98 wrist_roll.pos=-0.90 gripper.pos=+0.17
DEBUG 2026-09-03 08:17:38 [action #37] t=2.17s step=36 queue=19 dmax=0.259 | shoulder_pan.pos=-4.17 shoulder_lift.pos=-102.57 elbow_flex.pos=+84.94 wrist_flex.pos=+69.02 wrist_roll.pos=-0.94 gripper.pos=+0.19
DEBUG 2026-09-03 08:17:38 [action #38] t=2.21s step=37 queue=18 dmax=0.115 | shoulder_pan.pos=-4.18 shoulder_lift.pos=-102.69 elbow_flex.pos=+84.88 wrist_flex.pos=+68.98 wrist_roll.pos=-0.93 gripper.pos=+0.21
DEBUG 2026-09-03 08:17:38 [action #39] t=2.24s step=38 queue=17 dmax=0.228 | shoulder_pan.pos=-4.10 shoulder_lift.pos=-102.65 elbow_flex.pos=+84.65 wrist_flex.pos=+68.95 wrist_roll.pos=-0.91 gripper.pos=+0.23
DEBUG 2026-09-03 08:17:38 [action #40] t=2.27s step=39 queue=16 dmax=0.316 | shoulder_pan.pos=-4.19 shoulder_lift.pos=-102.97 elbow_flex.pos=+84.61 wrist_flex.pos=+68.98 wrist_roll.pos=-0.92 gripper.pos=+0.15
DEBUG 2026-09-03 08:17:38 [action #41] t=2.31s step=40 queue=15 dmax=0.524 | shoulder_pan.pos=-4.23 shoulder_lift.pos=-102.46 elbow_flex.pos=+84.08 wrist_flex.pos=+68.92 wrist_roll.pos=-0.85 gripper.pos=+0.10
DEBUG 2026-09-03 08:17:38 [action #42] t=2.34s step=41 queue=14 dmax=0.263 | shoulder_pan.pos=-4.14 shoulder_lift.pos=-102.72 elbow_flex.pos=+84.00 wrist_flex.pos=+69.09 wrist_roll.pos=-0.86 gripper.pos=+0.15
DEBUG 2026-09-03 08:17:38 [action #43] t=2.37s step=42 queue=13 dmax=0.224 | shoulder_pan.pos=-4.08 shoulder_lift.pos=-102.50 elbow_flex.pos=+83.97 wrist_flex.pos=+69.13 wrist_roll.pos=-0.96 gripper.pos=+0.10
DEBUG 2026-09-03 08:17:38 [action #44] t=2.41s step=43 queue=12 dmax=0.159 | shoulder_pan.pos=-3.93 shoulder_lift.pos=-102.61 elbow_flex.pos=+84.00 wrist_flex.pos=+69.12 wrist_roll.pos=-0.92 gripper.pos=+0.10
DEBUG 2026-09-03 08:17:38 [action #45] t=2.44s step=44 queue=11 dmax=0.304 | shoulder_pan.pos=-4.01 shoulder_lift.pos=-102.30 elbow_flex.pos=+83.83 wrist_flex.pos=+69.28 wrist_roll.pos=-0.90 gripper.pos=+0.08
DEBUG 2026-09-03 08:17:38 [action #46] t=2.48s step=45 queue=10 dmax=0.141 | shoulder_pan.pos=-3.87 shoulder_lift.pos=-102.22 elbow_flex.pos=+83.96 wrist_flex.pos=+69.32 wrist_roll.pos=-0.90 gripper.pos=+0.11
DEBUG 2026-09-03 08:17:38 [action #47] t=2.51s step=46 queue=9 dmax=0.496 | shoulder_pan.pos=-3.79 shoulder_lift.pos=-102.13 elbow_flex.pos=+83.46 wrist_flex.pos=+69.41 wrist_roll.pos=-0.89 gripper.pos=+0.14
DEBUG 2026-09-03 08:17:38 [action #48] t=2.54s step=47 queue=8 dmax=0.182 | shoulder_pan.pos=-3.61 shoulder_lift.pos=-102.28 elbow_flex.pos=+83.34 wrist_flex.pos=+69.50 wrist_roll.pos=-0.97 gripper.pos=+0.20
DEBUG 2026-09-03 08:17:39 [action #49] t=2.58s step=48 queue=7 dmax=0.540 | shoulder_pan.pos=-3.66 shoulder_lift.pos=-102.07 elbow_flex.pos=+82.80 wrist_flex.pos=+69.68 wrist_roll.pos=-0.98 gripper.pos=+0.17
DEBUG 2026-09-03 08:17:39 [action #50] t=2.61s step=49 queue=6 dmax=0.188 | shoulder_pan.pos=-3.58 shoulder_lift.pos=-101.88 elbow_flex.pos=+82.78 wrist_flex.pos=+69.66 wrist_roll.pos=-0.92 gripper.pos=+0.11
DEBUG 2026-09-03 08:17:39 [action #51] t=2.64s step=50 queue=5 dmax=0.655 | shoulder_pan.pos=-3.93 shoulder_lift.pos=-101.94 elbow_flex.pos=+83.44 wrist_flex.pos=+69.56 wrist_roll.pos=-0.92 gripper.pos=+0.12
DEBUG 2026-09-03 08:17:39 [action #52] t=2.68s step=51 queue=4 dmax=0.456 | shoulder_pan.pos=-3.95 shoulder_lift.pos=-101.48 elbow_flex.pos=+83.04 wrist_flex.pos=+69.78 wrist_roll.pos=-1.01 gripper.pos=+0.13
DEBUG 2026-09-03 08:17:39 [action #53] t=2.71s step=52 queue=3 dmax=0.744 | shoulder_pan.pos=-3.65 shoulder_lift.pos=-100.74 elbow_flex.pos=+82.51 wrist_flex.pos=+69.82 wrist_roll.pos=-0.93 gripper.pos=+0.07
DEBUG 2026-09-03 08:17:39 [action #54] t=2.74s step=53 queue=2 dmax=1.413 | shoulder_pan.pos=-3.58 shoulder_lift.pos=-99.33 elbow_flex.pos=+81.77 wrist_flex.pos=+69.84 wrist_roll.pos=-1.01 gripper.pos=+0.05
DEBUG 2026-09-03 08:17:39 [action #55] t=2.78s step=54 queue=1 dmax=1.624 | shoulder_pan.pos=-3.31 shoulder_lift.pos=-97.70 elbow_flex.pos=+80.44 wrist_flex.pos=+69.60 wrist_roll.pos=-1.03 gripper.pos=+0.11
DEBUG 2026-09-03 08:17:39 [chunk] received 50 actions, timesteps 33..82 | first: shoulder_pan.pos=-4.18 shoulder_lift.pos=-102.03 elbow_flex.pos=+84.81 wrist_flex.pos=+68.34 wrist_roll.pos=-1.19 gripper.pos=+0.65 | last: shoulder_pan.pos=-2.75 shoulder_lift.pos=-50.43 elbow_flex.pos=+49.08 wrist_flex.pos=+71.07 wrist_roll.pos=-5.52 gripper.pos=+7.85
DEBUG 2026-09-03 08:17:39 [action #56] t=2.98s step=55 queue=28 dmax=2.604 | shoulder_pan.pos=-3.69 shoulder_lift.pos=-96.00 elbow_flex.pos=+77.84 wrist_flex.pos=+69.25 wrist_roll.pos=-1.40 gripper.pos=+0.34
DEBUG 2026-09-03 08:17:39 [action #57] t=3.01s step=56 queue=27 dmax=2.533 | shoulder_pan.pos=-3.65 shoulder_lift.pos=-93.47 elbow_flex.pos=+75.94 wrist_flex.pos=+69.29 wrist_roll.pos=-1.60 gripper.pos=+0.46
DEBUG 2026-09-03 08:17:39 [action #58] t=3.04s step=57 queue=26 dmax=3.118 | shoulder_pan.pos=-3.42 shoulder_lift.pos=-90.35 elbow_flex.pos=+74.40 wrist_flex.pos=+68.98 wrist_roll.pos=-1.77 gripper.pos=+0.50
DEBUG 2026-09-03 08:17:39 [action #59] t=3.08s step=58 queue=25 dmax=2.411 | shoulder_pan.pos=-3.71 shoulder_lift.pos=-87.94 elbow_flex.pos=+72.71 wrist_flex.pos=+69.17 wrist_roll.pos=-2.11 gripper.pos=+0.45
DEBUG 2026-09-03 08:17:39 [action #60] t=3.11s step=59 queue=24 dmax=3.583 | shoulder_pan.pos=-3.48 shoulder_lift.pos=-84.36 elbow_flex.pos=+71.56 wrist_flex.pos=+69.20 wrist_roll.pos=-2.58 gripper.pos=+0.34
DEBUG 2026-09-03 08:17:39 [action #61] t=3.14s step=60 queue=23 dmax=1.938 | shoulder_pan.pos=-3.14 shoulder_lift.pos=-82.66 elbow_flex.pos=+69.62 wrist_flex.pos=+69.03 wrist_roll.pos=-2.67 gripper.pos=+0.61
DEBUG 2026-09-03 08:17:39 [action #62] t=3.18s step=61 queue=22 dmax=2.596 | shoulder_pan.pos=-3.21 shoulder_lift.pos=-80.07 elbow_flex.pos=+67.80 wrist_flex.pos=+69.32 wrist_roll.pos=-3.02 gripper.pos=+0.48
DEBUG 2026-09-03 08:17:39 [action #63] t=3.21s step=62 queue=21 dmax=1.829 | shoulder_pan.pos=-3.15 shoulder_lift.pos=-78.39 elbow_flex.pos=+65.97 wrist_flex.pos=+69.16 wrist_roll.pos=-3.21 gripper.pos=+0.52
DEBUG 2026-09-03 08:17:39 [action #64] t=3.24s step=63 queue=20 dmax=2.141 | shoulder_pan.pos=-2.83 shoulder_lift.pos=-76.25 elbow_flex.pos=+65.47 wrist_flex.pos=+69.21 wrist_roll.pos=-3.67 gripper.pos=+0.51
DEBUG 2026-09-03 08:17:39 [action #65] t=3.28s step=64 queue=19 dmax=2.717 | shoulder_pan.pos=-3.49 shoulder_lift.pos=-73.53 elbow_flex.pos=+64.39 wrist_flex.pos=+69.57 wrist_roll.pos=-3.96 gripper.pos=+0.53
DEBUG 2026-09-03 08:17:39 [action #66] t=3.31s step=65 queue=18 dmax=1.983 | shoulder_pan.pos=-3.25 shoulder_lift.pos=-71.55 elbow_flex.pos=+63.30 wrist_flex.pos=+69.30 wrist_roll.pos=-4.45 gripper.pos=+0.53
DEBUG 2026-09-03 08:17:39 [action #67] t=3.35s step=66 queue=17 dmax=1.828 | shoulder_pan.pos=-3.60 shoulder_lift.pos=-69.72 elbow_flex.pos=+61.68 wrist_flex.pos=+69.28 wrist_roll.pos=-5.08 gripper.pos=+0.63
DEBUG 2026-09-03 08:17:39 [action #68] t=3.38s step=67 queue=16 dmax=1.418 | shoulder_pan.pos=-3.89 shoulder_lift.pos=-68.30 elbow_flex.pos=+60.86 wrist_flex.pos=+69.44 wrist_roll.pos=-5.36 gripper.pos=+0.47
DEBUG 2026-09-03 08:17:39 [action #69] t=3.41s step=68 queue=15 dmax=1.940 | shoulder_pan.pos=-3.63 shoulder_lift.pos=-66.36 elbow_flex.pos=+59.50 wrist_flex.pos=+69.37 wrist_roll.pos=-5.67 gripper.pos=+0.40
DEBUG 2026-09-03 08:17:39 [action #70] t=3.45s step=69 queue=14 dmax=1.249 | shoulder_pan.pos=-3.38 shoulder_lift.pos=-65.11 elbow_flex.pos=+59.12 wrist_flex.pos=+69.75 wrist_roll.pos=-5.81 gripper.pos=+0.50
DEBUG 2026-09-03 08:17:39 [action #71] t=3.48s step=70 queue=13 dmax=2.610 | shoulder_pan.pos=-3.62 shoulder_lift.pos=-64.41 elbow_flex.pos=+56.51 wrist_flex.pos=+69.71 wrist_roll.pos=-5.90 gripper.pos=+0.50
DEBUG 2026-09-03 08:17:39 [action #72] t=3.51s step=71 queue=12 dmax=2.478 | shoulder_pan.pos=-3.82 shoulder_lift.pos=-61.93 elbow_flex.pos=+57.54 wrist_flex.pos=+69.89 wrist_roll.pos=-5.89 gripper.pos=+0.51
DEBUG 2026-09-03 08:17:39 [action #73] t=3.55s step=72 queue=11 dmax=1.119 | shoulder_pan.pos=-3.49 shoulder_lift.pos=-60.92 elbow_flex.pos=+56.42 wrist_flex.pos=+69.93 wrist_roll.pos=-5.80 gripper.pos=+0.47
DEBUG 2026-09-03 08:17:40 [action #74] t=3.58s step=73 queue=10 dmax=1.379 | shoulder_pan.pos=-3.47 shoulder_lift.pos=-60.04 elbow_flex.pos=+55.04 wrist_flex.pos=+70.28 wrist_roll.pos=-5.83 gripper.pos=+0.68
DEBUG 2026-09-03 08:17:40 [action #75] t=3.61s step=74 queue=9 dmax=1.352 | shoulder_pan.pos=-3.31 shoulder_lift.pos=-59.04 elbow_flex.pos=+53.69 wrist_flex.pos=+70.40 wrist_roll.pos=-5.71 gripper.pos=+0.64
DEBUG 2026-09-03 08:17:40 [action #76] t=3.65s step=75 queue=8 dmax=0.480 | shoulder_pan.pos=-3.24 shoulder_lift.pos=-58.56 elbow_flex.pos=+53.36 wrist_flex.pos=+70.31 wrist_roll.pos=-5.88 gripper.pos=+0.88
DEBUG 2026-09-03 08:17:40 [action #77] t=3.68s step=76 queue=7 dmax=1.293 | shoulder_pan.pos=-2.80 shoulder_lift.pos=-57.26 elbow_flex.pos=+52.65 wrist_flex.pos=+70.40 wrist_roll.pos=-5.71 gripper.pos=+1.20
DEBUG 2026-09-03 08:17:40 [action #78] t=3.71s step=77 queue=6 dmax=1.275 | shoulder_pan.pos=-2.81 shoulder_lift.pos=-56.28 elbow_flex.pos=+52.33 wrist_flex.pos=+70.39 wrist_roll.pos=-5.96 gripper.pos=+2.47
DEBUG 2026-09-03 08:17:40 [action #79] t=3.75s step=78 queue=5 dmax=1.268 | shoulder_pan.pos=-2.92 shoulder_lift.pos=-55.02 elbow_flex.pos=+51.24 wrist_flex.pos=+70.40 wrist_roll.pos=-5.98 gripper.pos=+3.64
DEBUG 2026-09-03 08:17:40 [action #80] t=3.78s step=79 queue=4 dmax=1.780 | shoulder_pan.pos=-2.72 shoulder_lift.pos=-53.24 elbow_flex.pos=+50.21 wrist_flex.pos=+70.37 wrist_roll.pos=-5.81 gripper.pos=+5.11
DEBUG 2026-09-03 08:17:40 [action #81] t=3.81s step=80 queue=3 dmax=1.200 | shoulder_pan.pos=-2.55 shoulder_lift.pos=-52.20 elbow_flex.pos=+49.64 wrist_flex.pos=+70.54 wrist_roll.pos=-5.82 gripper.pos=+6.31
DEBUG 2026-09-03 08:17:40 [chunk] received 50 actions, timesteps 54..103 | first: shoulder_pan.pos=-2.94 shoulder_lift.pos=-93.43 elbow_flex.pos=+77.95 wrist_flex.pos=+68.42 wrist_roll.pos=-1.52 gripper.pos=+0.19 | last: shoulder_pan.pos=-3.37 shoulder_lift.pos=-43.38 elbow_flex.pos=+51.96 wrist_flex.pos=+70.44 wrist_roll.pos=-3.02 gripper.pos=+27.92
DEBUG 2026-09-03 08:17:40 [action #82] t=3.85s step=81 queue=23 dmax=4.738 | shoulder_pan.pos=-2.35 shoulder_lift.pos=-53.02 elbow_flex.pos=+54.38 wrist_flex.pos=+67.33 wrist_roll.pos=-4.02 gripper.pos=+6.04
DEBUG 2026-09-03 08:17:40 [action #83] t=3.88s step=82 queue=22 dmax=1.797 | shoulder_pan.pos=-2.39 shoulder_lift.pos=-52.19 elbow_flex.pos=+54.03 wrist_flex.pos=+67.74 wrist_roll.pos=-4.10 gripper.pos=+7.83
DEBUG 2026-09-03 08:17:40 [action #84] t=3.91s step=83 queue=21 dmax=1.861 | shoulder_pan.pos=-2.39 shoulder_lift.pos=-52.33 elbow_flex.pos=+55.28 wrist_flex.pos=+67.09 wrist_roll.pos=-3.51 gripper.pos=+9.69
DEBUG 2026-09-03 08:17:40 [action #85] t=3.95s step=84 queue=20 dmax=2.173 | shoulder_pan.pos=-2.43 shoulder_lift.pos=-51.60 elbow_flex.pos=+55.19 wrist_flex.pos=+67.30 wrist_roll.pos=-3.46 gripper.pos=+11.87
DEBUG 2026-09-03 08:17:40 [action #86] t=3.98s step=85 queue=19 dmax=1.829 | shoulder_pan.pos=-2.30 shoulder_lift.pos=-51.83 elbow_flex.pos=+54.95 wrist_flex.pos=+67.83 wrist_roll.pos=-3.45 gripper.pos=+13.70
DEBUG 2026-09-03 08:17:40 [action #87] t=4.01s step=86 queue=18 dmax=1.954 | shoulder_pan.pos=-2.32 shoulder_lift.pos=-52.03 elbow_flex.pos=+55.04 wrist_flex.pos=+67.88 wrist_roll.pos=-3.37 gripper.pos=+15.65
DEBUG 2026-09-03 08:17:40 [action #88] t=4.05s step=87 queue=17 dmax=1.633 | shoulder_pan.pos=-2.52 shoulder_lift.pos=-51.34 elbow_flex.pos=+54.53 wrist_flex.pos=+68.17 wrist_roll.pos=-3.27 gripper.pos=+17.28
DEBUG 2026-09-03 08:17:40 [action #89] t=4.08s step=88 queue=16 dmax=1.615 | shoulder_pan.pos=-2.48 shoulder_lift.pos=-51.06 elbow_flex.pos=+55.13 wrist_flex.pos=+68.47 wrist_roll.pos=-3.29 gripper.pos=+18.90
DEBUG 2026-09-03 08:17:40 [action #90] t=4.11s step=89 queue=15 dmax=1.330 | shoulder_pan.pos=-2.58 shoulder_lift.pos=-51.29 elbow_flex.pos=+54.98 wrist_flex.pos=+68.80 wrist_roll.pos=-3.28 gripper.pos=+20.23
DEBUG 2026-09-03 08:17:40 [action #91] t=4.15s step=90 queue=14 dmax=1.221 | shoulder_pan.pos=-2.77 shoulder_lift.pos=-50.37 elbow_flex.pos=+54.30 wrist_flex.pos=+69.14 wrist_roll.pos=-3.28 gripper.pos=+21.45
DEBUG 2026-09-03 08:17:40 [action #92] t=4.18s step=91 queue=13 dmax=1.071 | shoulder_pan.pos=-2.61 shoulder_lift.pos=-49.95 elbow_flex.pos=+54.85 wrist_flex.pos=+69.46 wrist_roll.pos=-3.27 gripper.pos=+22.52
DEBUG 2026-09-03 08:17:40 [action #93] t=4.21s step=92 queue=12 dmax=0.920 | shoulder_pan.pos=-2.88 shoulder_lift.pos=-50.01 elbow_flex.pos=+54.57 wrist_flex.pos=+69.89 wrist_roll.pos=-3.15 gripper.pos=+23.44
DEBUG 2026-09-03 08:17:40 [action #94] t=4.25s step=93 queue=11 dmax=0.680 | shoulder_pan.pos=-2.74 shoulder_lift.pos=-49.94 elbow_flex.pos=+54.36 wrist_flex.pos=+70.24 wrist_roll.pos=-3.06 gripper.pos=+24.12
DEBUG 2026-09-03 08:17:40 [action #95] t=4.28s step=94 queue=10 dmax=0.835 | shoulder_pan.pos=-2.76 shoulder_lift.pos=-49.46 elbow_flex.pos=+54.15 wrist_flex.pos=+70.12 wrist_roll.pos=-3.11 gripper.pos=+24.96
DEBUG 2026-09-03 08:17:40 [action #96] t=4.31s step=95 queue=9 dmax=0.448 | shoulder_pan.pos=-2.96 shoulder_lift.pos=-49.72 elbow_flex.pos=+54.29 wrist_flex.pos=+70.39 wrist_roll.pos=-3.13 gripper.pos=+25.40
DEBUG 2026-09-03 08:17:40 [action #97] t=4.35s step=96 queue=8 dmax=0.933 | shoulder_pan.pos=-3.18 shoulder_lift.pos=-48.78 elbow_flex.pos=+53.98 wrist_flex.pos=+70.45 wrist_roll.pos=-3.05 gripper.pos=+25.86
DEBUG 2026-09-03 08:17:40 [action #98] t=4.38s step=97 queue=7 dmax=0.369 | shoulder_pan.pos=-3.09 shoulder_lift.pos=-48.41 elbow_flex.pos=+53.89 wrist_flex.pos=+70.42 wrist_roll.pos=-3.08 gripper.pos=+26.19
DEBUG 2026-09-03 08:17:40 [action #99] t=4.42s step=98 queue=6 dmax=1.383 | shoulder_pan.pos=-3.15 shoulder_lift.pos=-47.03 elbow_flex.pos=+53.52 wrist_flex.pos=+70.49 wrist_roll.pos=-2.99 gripper.pos=+26.49
DEBUG 2026-09-03 08:17:40 [action #100] t=4.45s step=99 queue=5 dmax=0.538 | shoulder_pan.pos=-3.09 shoulder_lift.pos=-46.49 elbow_flex.pos=+53.12 wrist_flex.pos=+70.38 wrist_roll.pos=-2.99 gripper.pos=+26.99
DEBUG 2026-09-03 08:17:40 [action #101] t=4.48s step=100 queue=4 dmax=0.834 | shoulder_pan.pos=-3.18 shoulder_lift.pos=-45.66 elbow_flex.pos=+52.52 wrist_flex.pos=+70.47 wrist_roll.pos=-3.04 gripper.pos=+27.32
DEBUG 2026-09-03 08:17:40 [action #102] t=4.52s step=101 queue=3 dmax=0.780 | shoulder_pan.pos=-3.21 shoulder_lift.pos=-44.88 elbow_flex.pos=+52.38 wrist_flex.pos=+70.42 wrist_roll.pos=-2.99 gripper.pos=+27.67
DEBUG 2026-09-03 08:17:40 [action #103] t=4.55s step=102 queue=2 dmax=0.541 | shoulder_pan.pos=-3.24 shoulder_lift.pos=-44.34 elbow_flex.pos=+52.26 wrist_flex.pos=+70.50 wrist_roll.pos=-2.96 gripper.pos=+27.86
DEBUG 2026-09-03 08:17:41 [action #104] t=4.58s step=103 queue=1 dmax=0.960 | shoulder_pan.pos=-3.37 shoulder_lift.pos=-43.38 elbow_flex.pos=+51.96 wrist_flex.pos=+70.44 wrist_roll.pos=-3.02 gripper.pos=+27.92
DEBUG 2026-09-03 08:17:41 [chunk] received 50 actions, timesteps 80..129 | first: shoulder_pan.pos=-3.72 shoulder_lift.pos=-55.89 elbow_flex.pos=+51.36 wrist_flex.pos=+70.78 wrist_roll.pos=-5.76 gripper.pos=+2.52 | last: shoulder_pan.pos=-5.72 shoulder_lift.pos=-22.92 elbow_flex.pos=+39.70 wrist_flex.pos=+69.65 wrist_roll.pos=-5.47 gripper.pos=+28.15
DEBUG 2026-09-03 08:17:41 [action #105] t=4.88s step=104 queue=26 dmax=8.042 | shoulder_pan.pos=-3.86 shoulder_lift.pos=-42.80 elbow_flex.pos=+46.67 wrist_flex.pos=+71.30 wrist_roll.pos=-4.90 gripper.pos=+19.88
DEBUG 2026-09-03 08:17:41 [action #106] t=4.92s step=105 queue=25 dmax=1.202 | shoulder_pan.pos=-3.80 shoulder_lift.pos=-42.10 elbow_flex.pos=+45.47 wrist_flex.pos=+71.30 wrist_roll.pos=-4.87 gripper.pos=+21.03
DEBUG 2026-09-03 08:17:41 [action #107] t=4.95s step=106 queue=24 dmax=1.229 | shoulder_pan.pos=-3.93 shoulder_lift.pos=-41.17 elbow_flex.pos=+45.46 wrist_flex.pos=+71.53 wrist_roll.pos=-5.00 gripper.pos=+22.26
DEBUG 2026-09-03 08:17:41 [action #108] t=4.98s step=107 queue=23 dmax=1.317 | shoulder_pan.pos=-4.05 shoulder_lift.pos=-40.19 elbow_flex.pos=+45.77 wrist_flex.pos=+71.45 wrist_roll.pos=-4.88 gripper.pos=+23.57
DEBUG 2026-09-03 08:17:41 [action #109] t=5.02s step=108 queue=22 dmax=0.892 | shoulder_pan.pos=-3.97 shoulder_lift.pos=-39.30 elbow_flex.pos=+45.45 wrist_flex.pos=+71.62 wrist_roll.pos=-4.87 gripper.pos=+24.23
DEBUG 2026-09-03 08:17:41 [action #110] t=5.05s step=109 queue=21 dmax=0.818 | shoulder_pan.pos=-4.15 shoulder_lift.pos=-38.73 elbow_flex.pos=+44.63 wrist_flex.pos=+71.71 wrist_roll.pos=-4.85 gripper.pos=+24.43
DEBUG 2026-09-03 08:17:41 [action #111] t=5.08s step=110 queue=20 dmax=1.694 | shoulder_pan.pos=-4.04 shoulder_lift.pos=-37.03 elbow_flex.pos=+44.55 wrist_flex.pos=+71.49 wrist_roll.pos=-4.74 gripper.pos=+24.87
DEBUG 2026-09-03 08:17:41 [action #112] t=5.12s step=111 queue=19 dmax=0.470 | shoulder_pan.pos=-4.18 shoulder_lift.pos=-36.56 elbow_flex.pos=+44.49 wrist_flex.pos=+71.88 wrist_roll.pos=-4.89 gripper.pos=+24.94
DEBUG 2026-09-03 08:17:41 [action #113] t=5.15s step=112 queue=18 dmax=1.404 | shoulder_pan.pos=-4.36 shoulder_lift.pos=-35.16 elbow_flex.pos=+44.12 wrist_flex.pos=+71.92 wrist_roll.pos=-4.76 gripper.pos=+25.25
DEBUG 2026-09-03 08:17:41 [action #114] t=5.18s step=113 queue=17 dmax=0.789 | shoulder_pan.pos=-4.35 shoulder_lift.pos=-34.52 elbow_flex.pos=+43.33 wrist_flex.pos=+71.73 wrist_roll.pos=-4.85 gripper.pos=+25.88
DEBUG 2026-09-03 08:17:41 [action #115] t=5.22s step=114 queue=16 dmax=0.667 | shoulder_pan.pos=-4.59 shoulder_lift.pos=-33.90 elbow_flex.pos=+43.12 wrist_flex.pos=+71.68 wrist_roll.pos=-4.86 gripper.pos=+26.54
DEBUG 2026-09-03 08:17:41 [action #116] t=5.25s step=115 queue=15 dmax=1.184 | shoulder_pan.pos=-4.95 shoulder_lift.pos=-32.72 elbow_flex.pos=+42.80 wrist_flex.pos=+71.65 wrist_roll.pos=-4.90 gripper.pos=+27.31
DEBUG 2026-09-03 08:17:41 [action #117] t=5.29s step=116 queue=14 dmax=0.718 | shoulder_pan.pos=-5.31 shoulder_lift.pos=-32.00 elbow_flex.pos=+42.19 wrist_flex.pos=+71.52 wrist_roll.pos=-5.00 gripper.pos=+27.70
DEBUG 2026-09-03 08:17:41 [action #118] t=5.32s step=117 queue=13 dmax=1.387 | shoulder_pan.pos=-5.30 shoulder_lift.pos=-30.61 elbow_flex.pos=+41.99 wrist_flex.pos=+71.65 wrist_roll.pos=-4.97 gripper.pos=+27.88
DEBUG 2026-09-03 08:17:41 [action #119] t=5.35s step=118 queue=12 dmax=0.320 | shoulder_pan.pos=-5.39 shoulder_lift.pos=-30.44 elbow_flex.pos=+41.83 wrist_flex.pos=+71.33 wrist_roll.pos=-5.04 gripper.pos=+28.11
DEBUG 2026-09-03 08:17:41 [action #120] t=5.39s step=119 queue=11 dmax=1.297 | shoulder_pan.pos=-5.52 shoulder_lift.pos=-29.15 elbow_flex.pos=+40.95 wrist_flex.pos=+71.22 wrist_roll.pos=-5.06 gripper.pos=+28.21
DEBUG 2026-09-03 08:17:41 [action #121] t=5.42s step=120 queue=10 dmax=0.498 | shoulder_pan.pos=-5.36 shoulder_lift.pos=-28.65 elbow_flex.pos=+41.11 wrist_flex.pos=+70.99 wrist_roll.pos=-5.06 gripper.pos=+28.24
DEBUG 2026-09-03 08:17:41 [action #122] t=5.45s step=121 queue=9 dmax=0.978 | shoulder_pan.pos=-5.32 shoulder_lift.pos=-27.67 elbow_flex.pos=+40.69 wrist_flex.pos=+70.79 wrist_roll.pos=-5.30 gripper.pos=+28.23
DEBUG 2026-09-03 08:17:41 [action #123] t=5.49s step=122 queue=8 dmax=0.192 | shoulder_pan.pos=-5.51 shoulder_lift.pos=-27.64 elbow_flex.pos=+40.83 wrist_flex.pos=+70.61 wrist_roll.pos=-5.31 gripper.pos=+28.17
DEBUG 2026-09-03 08:17:41 [action #124] t=5.52s step=123 queue=7 dmax=0.995 | shoulder_pan.pos=-5.56 shoulder_lift.pos=-26.65 elbow_flex.pos=+40.20 wrist_flex.pos=+70.60 wrist_roll.pos=-5.31 gripper.pos=+28.04
DEBUG 2026-09-03 08:17:41 [action #125] t=5.55s step=124 queue=6 dmax=0.514 | shoulder_pan.pos=-5.75 shoulder_lift.pos=-26.13 elbow_flex.pos=+40.22 wrist_flex.pos=+70.31 wrist_roll.pos=-5.36 gripper.pos=+28.11
DEBUG 2026-09-03 08:17:42 [action #126] t=5.59s step=125 queue=5 dmax=0.611 | shoulder_pan.pos=-5.72 shoulder_lift.pos=-25.65 elbow_flex.pos=+40.83 wrist_flex.pos=+70.27 wrist_roll.pos=-5.39 gripper.pos=+28.17
DEBUG 2026-09-03 08:17:42 [action #127] t=5.62s step=126 queue=4 dmax=0.696 | shoulder_pan.pos=-5.91 shoulder_lift.pos=-24.95 elbow_flex.pos=+40.33 wrist_flex.pos=+70.15 wrist_roll.pos=-5.42 gripper.pos=+28.09
DEBUG 2026-09-03 08:17:42 [action #128] t=5.65s step=127 queue=3 dmax=0.619 | shoulder_pan.pos=-5.87 shoulder_lift.pos=-24.33 elbow_flex.pos=+40.03 wrist_flex.pos=+69.95 wrist_roll.pos=-5.39 gripper.pos=+28.10
DEBUG 2026-09-03 08:17:42 [action #129] t=5.69s step=128 queue=2 dmax=0.743 | shoulder_pan.pos=-5.72 shoulder_lift.pos=-23.59 elbow_flex.pos=+39.83 wrist_flex.pos=+69.76 wrist_roll.pos=-5.43 gripper.pos=+28.15
DEBUG 2026-09-03 08:17:42 [action #130] t=5.72s step=129 queue=1 dmax=0.671 | shoulder_pan.pos=-5.72 shoulder_lift.pos=-22.92 elbow_flex.pos=+39.70 wrist_flex.pos=+69.65 wrist_roll.pos=-5.47 gripper.pos=+28.15
DEBUG 2026-09-03 08:17:42 [chunk] received 50 actions, timesteps 103..152 | first: shoulder_pan.pos=-2.49 shoulder_lift.pos=-45.22 elbow_flex.pos=+53.00 wrist_flex.pos=+69.09 wrist_roll.pos=-3.79 gripper.pos=+30.85 | last: shoulder_pan.pos=-3.15 shoulder_lift.pos=-3.64 elbow_flex.pos=+32.58 wrist_flex.pos=+69.28 wrist_roll.pos=-3.39 gripper.pos=+14.65
DEBUG 2026-09-03 08:17:42 [action #131] t=5.82s step=130 queue=23 dmax=5.783 | shoulder_pan.pos=-3.28 shoulder_lift.pos=-17.14 elbow_flex.pos=+40.69 wrist_flex.pos=+69.01 wrist_roll.pos=-4.22 gripper.pos=+33.01
DEBUG 2026-09-03 08:17:42 [action #132] t=5.85s step=131 queue=22 dmax=0.816 | shoulder_pan.pos=-3.22 shoulder_lift.pos=-16.32 elbow_flex.pos=+39.91 wrist_flex.pos=+68.86 wrist_roll.pos=-4.22 gripper.pos=+33.13
DEBUG 2026-09-03 08:17:42 [action #133] t=5.89s step=132 queue=21 dmax=0.900 | shoulder_pan.pos=-3.37 shoulder_lift.pos=-15.42 elbow_flex.pos=+39.92 wrist_flex.pos=+68.75 wrist_roll.pos=-4.36 gripper.pos=+33.14
DEBUG 2026-09-03 08:17:42 [action #134] t=5.92s step=133 queue=20 dmax=1.213 | shoulder_pan.pos=-3.65 shoulder_lift.pos=-14.21 elbow_flex.pos=+39.78 wrist_flex.pos=+68.52 wrist_roll.pos=-4.31 gripper.pos=+33.19
DEBUG 2026-09-03 08:17:42 [action #135] t=5.95s step=134 queue=19 dmax=0.494 | shoulder_pan.pos=-3.37 shoulder_lift.pos=-14.24 elbow_flex.pos=+39.29 wrist_flex.pos=+68.45 wrist_roll.pos=-4.20 gripper.pos=+33.19
DEBUG 2026-09-03 08:17:42 [action #136] t=5.99s step=135 queue=18 dmax=1.011 | shoulder_pan.pos=-3.39 shoulder_lift.pos=-13.23 elbow_flex.pos=+39.15 wrist_flex.pos=+68.66 wrist_roll.pos=-4.38 gripper.pos=+33.21
DEBUG 2026-09-03 08:17:42 [action #137] t=6.02s step=136 queue=17 dmax=1.206 | shoulder_pan.pos=-3.62 shoulder_lift.pos=-12.03 elbow_flex.pos=+38.64 wrist_flex.pos=+68.47 wrist_roll.pos=-4.22 gripper.pos=+33.15
DEBUG 2026-09-03 08:17:42 [action #138] t=6.05s step=137 queue=16 dmax=0.775 | shoulder_pan.pos=-3.33 shoulder_lift.pos=-11.37 elbow_flex.pos=+37.86 wrist_flex.pos=+68.28 wrist_roll.pos=-4.14 gripper.pos=+33.24
DEBUG 2026-09-03 08:17:42 [action #139] t=6.09s step=138 queue=15 dmax=1.534 | shoulder_pan.pos=-3.57 shoulder_lift.pos=-9.83 elbow_flex.pos=+37.69 wrist_flex.pos=+68.31 wrist_roll.pos=-4.05 gripper.pos=+33.40
DEBUG 2026-09-03 08:17:42 [action #140] t=6.12s step=139 queue=14 dmax=0.910 | shoulder_pan.pos=-3.27 shoulder_lift.pos=-8.92 elbow_flex.pos=+36.98 wrist_flex.pos=+68.16 wrist_roll.pos=-4.02 gripper.pos=+33.37
DEBUG 2026-09-03 08:17:42 [action #141] t=6.16s step=140 queue=13 dmax=1.133 | shoulder_pan.pos=-3.39 shoulder_lift.pos=-7.79 elbow_flex.pos=+36.27 wrist_flex.pos=+68.45 wrist_roll.pos=-3.84 gripper.pos=+33.32
DEBUG 2026-09-03 08:17:42 [action #142] t=6.19s step=141 queue=12 dmax=1.466 | shoulder_pan.pos=-3.27 shoulder_lift.pos=-6.32 elbow_flex.pos=+36.52 wrist_flex.pos=+68.22 wrist_roll.pos=-3.73 gripper.pos=+33.35
DEBUG 2026-09-03 08:17:42 [action #143] t=6.22s step=142 queue=11 dmax=0.903 | shoulder_pan.pos=-3.25 shoulder_lift.pos=-5.65 elbow_flex.pos=+35.62 wrist_flex.pos=+68.29 wrist_roll.pos=-3.71 gripper.pos=+33.39
DEBUG 2026-09-03 08:17:42 [action #144] t=6.26s step=143 queue=10 dmax=0.709 | shoulder_pan.pos=-3.29 shoulder_lift.pos=-4.94 elbow_flex.pos=+35.13 wrist_flex.pos=+68.19 wrist_roll.pos=-3.62 gripper.pos=+33.54
DEBUG 2026-09-03 08:17:42 [action #145] t=6.29s step=144 queue=9 dmax=0.539 | shoulder_pan.pos=-3.28 shoulder_lift.pos=-4.40 elbow_flex.pos=+34.63 wrist_flex.pos=+68.45 wrist_roll.pos=-3.64 gripper.pos=+33.41
DEBUG 2026-09-03 08:17:42 [action #146] t=6.32s step=145 queue=8 dmax=0.694 | shoulder_pan.pos=-3.36 shoulder_lift.pos=-3.71 elbow_flex.pos=+34.40 wrist_flex.pos=+68.54 wrist_roll.pos=-3.72 gripper.pos=+33.40
DEBUG 2026-09-03 08:17:42 [action #147] t=6.36s step=146 queue=7 dmax=1.355 | shoulder_pan.pos=-3.40 shoulder_lift.pos=-2.35 elbow_flex.pos=+33.71 wrist_flex.pos=+68.63 wrist_roll.pos=-3.64 gripper.pos=+32.91
DEBUG 2026-09-03 08:17:42 [action #148] t=6.39s step=147 queue=6 dmax=1.546 | shoulder_pan.pos=-3.07 shoulder_lift.pos=-2.86 elbow_flex.pos=+33.82 wrist_flex.pos=+68.76 wrist_roll.pos=-3.72 gripper.pos=+31.37
DEBUG 2026-09-03 08:17:42 [action #149] t=6.42s step=148 queue=5 dmax=2.156 | shoulder_pan.pos=-3.23 shoulder_lift.pos=-2.37 elbow_flex.pos=+32.99 wrist_flex.pos=+68.81 wrist_roll.pos=-3.59 gripper.pos=+29.21
DEBUG 2026-09-03 08:17:42 [action #150] t=6.46s step=149 queue=4 dmax=2.630 | shoulder_pan.pos=-3.17 shoulder_lift.pos=-2.90 elbow_flex.pos=+32.18 wrist_flex.pos=+68.91 wrist_roll.pos=-3.53 gripper.pos=+26.58
DEBUG 2026-09-03 08:17:42 [action #151] t=6.49s step=150 queue=3 dmax=3.562 | shoulder_pan.pos=-3.29 shoulder_lift.pos=-1.87 elbow_flex.pos=+31.74 wrist_flex.pos=+69.23 wrist_roll.pos=-3.47 gripper.pos=+23.02
DEBUG 2026-09-03 08:17:42 [action #152] t=6.52s step=151 queue=2 dmax=4.067 | shoulder_pan.pos=-3.16 shoulder_lift.pos=-2.84 elbow_flex.pos=+32.06 wrist_flex.pos=+69.22 wrist_roll.pos=-3.36 gripper.pos=+18.95
DEBUG 2026-09-03 08:17:42 [action #153] t=6.56s step=152 queue=1 dmax=4.304 | shoulder_pan.pos=-3.15 shoulder_lift.pos=-3.64 elbow_flex.pos=+32.58 wrist_flex.pos=+69.28 wrist_roll.pos=-3.39 gripper.pos=+14.65
DEBUG 2026-09-03 08:17:43 [chunk] received 50 actions, timesteps 129..178 | first: shoulder_pan.pos=-4.88 shoulder_lift.pos=-21.82 elbow_flex.pos=+40.54 wrist_flex.pos=+69.75 wrist_roll.pos=-4.98 gripper.pos=+27.63 | last: shoulder_pan.pos=-6.49 shoulder_lift.pos=-2.16 elbow_flex.pos=+30.04 wrist_flex.pos=+71.64 wrist_roll.pos=-5.24 gripper.pos=+2.89
DEBUG 2026-09-03 08:17:43 [action #154] t=6.72s step=153 queue=26 dmax=18.290 | shoulder_pan.pos=-7.68 shoulder_lift.pos=-1.59 elbow_flex.pos=+34.29 wrist_flex.pos=+69.85 wrist_roll.pos=-5.20 gripper.pos=+32.94
DEBUG 2026-09-03 08:17:43 [action #155] t=6.76s step=154 queue=25 dmax=0.710 | shoulder_pan.pos=-7.55 shoulder_lift.pos=-0.88 elbow_flex.pos=+33.93 wrist_flex.pos=+69.98 wrist_roll.pos=-5.28 gripper.pos=+32.90
DEBUG 2026-09-03 08:17:43 [action #156] t=6.79s step=155 queue=24 dmax=0.353 | shoulder_pan.pos=-7.71 shoulder_lift.pos=-0.58 elbow_flex.pos=+34.29 wrist_flex.pos=+69.88 wrist_roll.pos=-5.25 gripper.pos=+32.70
DEBUG 2026-09-03 08:17:43 [action #157] t=6.82s step=156 queue=23 dmax=0.709 | shoulder_pan.pos=-7.44 shoulder_lift.pos=+0.02 elbow_flex.pos=+33.58 wrist_flex.pos=+69.94 wrist_roll.pos=-5.28 gripper.pos=+32.26
DEBUG 2026-09-03 08:17:43 [action #158] t=6.86s step=157 queue=22 dmax=0.870 | shoulder_pan.pos=-7.55 shoulder_lift.pos=+0.51 elbow_flex.pos=+33.24 wrist_flex.pos=+70.20 wrist_roll.pos=-5.30 gripper.pos=+31.40
DEBUG 2026-09-03 08:17:43 [action #159] t=6.89s step=158 queue=21 dmax=1.132 | shoulder_pan.pos=-7.45 shoulder_lift.pos=+1.03 elbow_flex.pos=+33.72 wrist_flex.pos=+70.27 wrist_roll.pos=-5.28 gripper.pos=+30.26
DEBUG 2026-09-03 08:17:43 [action #160] t=6.92s step=159 queue=20 dmax=1.219 | shoulder_pan.pos=-7.47 shoulder_lift.pos=+0.80 elbow_flex.pos=+34.22 wrist_flex.pos=+70.50 wrist_roll.pos=-5.26 gripper.pos=+29.04
DEBUG 2026-09-03 08:17:43 [action #161] t=6.96s step=160 queue=19 dmax=1.384 | shoulder_pan.pos=-7.21 shoulder_lift.pos=+1.47 elbow_flex.pos=+33.39 wrist_flex.pos=+70.22 wrist_roll.pos=-5.30 gripper.pos=+27.66
DEBUG 2026-09-03 08:17:43 [action #162] t=6.99s step=161 queue=18 dmax=1.754 | shoulder_pan.pos=-7.24 shoulder_lift.pos=+1.23 elbow_flex.pos=+33.84 wrist_flex.pos=+70.36 wrist_roll.pos=-5.21 gripper.pos=+25.91
DEBUG 2026-09-03 08:17:43 [action #163] t=7.03s step=162 queue=17 dmax=2.078 | shoulder_pan.pos=-7.31 shoulder_lift.pos=+1.25 elbow_flex.pos=+33.41 wrist_flex.pos=+70.29 wrist_roll.pos=-5.22 gripper.pos=+23.83
DEBUG 2026-09-03 08:17:43 [action #164] t=7.06s step=163 queue=16 dmax=2.564 | shoulder_pan.pos=-7.28 shoulder_lift.pos=+1.39 elbow_flex.pos=+33.39 wrist_flex.pos=+70.18 wrist_roll.pos=-5.27 gripper.pos=+21.26
DEBUG 2026-09-03 08:17:43 [action #165] t=7.09s step=164 queue=15 dmax=2.689 | shoulder_pan.pos=-6.86 shoulder_lift.pos=+0.17 elbow_flex.pos=+32.93 wrist_flex.pos=+70.25 wrist_roll.pos=-5.16 gripper.pos=+18.58
DEBUG 2026-09-03 08:17:43 [action #166] t=7.13s step=165 queue=14 dmax=2.862 | shoulder_pan.pos=-6.70 shoulder_lift.pos=+0.78 elbow_flex.pos=+32.87 wrist_flex.pos=+70.19 wrist_roll.pos=-5.21 gripper.pos=+15.71
DEBUG 2026-09-03 08:17:43 [action #167] t=7.16s step=166 queue=13 dmax=2.694 | shoulder_pan.pos=-6.83 shoulder_lift.pos=+0.50 elbow_flex.pos=+33.26 wrist_flex.pos=+70.27 wrist_roll.pos=-5.19 gripper.pos=+13.02
DEBUG 2026-09-03 08:17:43 [action #168] t=7.19s step=167 queue=12 dmax=2.450 | shoulder_pan.pos=-6.53 shoulder_lift.pos=-0.34 elbow_flex.pos=+32.63 wrist_flex.pos=+70.22 wrist_roll.pos=-5.20 gripper.pos=+10.57
DEBUG 2026-09-03 08:17:43 [action #169] t=7.23s step=168 queue=11 dmax=2.048 | shoulder_pan.pos=-6.42 shoulder_lift.pos=-0.49 elbow_flex.pos=+33.07 wrist_flex.pos=+70.20 wrist_roll.pos=-5.30 gripper.pos=+8.52
DEBUG 2026-09-03 08:17:43 [action #170] t=7.26s step=169 queue=10 dmax=1.568 | shoulder_pan.pos=-6.33 shoulder_lift.pos=-1.23 elbow_flex.pos=+32.81 wrist_flex.pos=+70.06 wrist_roll.pos=-5.27 gripper.pos=+6.95
DEBUG 2026-09-03 08:17:43 [action #171] t=7.29s step=170 queue=9 dmax=1.149 | shoulder_pan.pos=-6.39 shoulder_lift.pos=-1.02 elbow_flex.pos=+32.79 wrist_flex.pos=+70.21 wrist_roll.pos=-5.25 gripper.pos=+5.80
DEBUG 2026-09-03 08:17:43 [action #172] t=7.33s step=171 queue=8 dmax=0.819 | shoulder_pan.pos=-6.36 shoulder_lift.pos=-1.20 elbow_flex.pos=+32.39 wrist_flex.pos=+70.42 wrist_roll.pos=-5.32 gripper.pos=+4.98
DEBUG 2026-09-03 08:17:43 [action #173] t=7.36s step=172 queue=7 dmax=0.543 | shoulder_pan.pos=-6.26 shoulder_lift.pos=-1.74 elbow_flex.pos=+32.72 wrist_flex.pos=+70.42 wrist_roll.pos=-5.40 gripper.pos=+4.59
DEBUG 2026-09-03 08:17:43 [action #174] t=7.39s step=173 queue=6 dmax=0.390 | shoulder_pan.pos=-6.25 shoulder_lift.pos=-1.48 elbow_flex.pos=+32.76 wrist_flex.pos=+70.47 wrist_roll.pos=-5.38 gripper.pos=+4.20
DEBUG 2026-09-03 08:17:43 [action #175] t=7.43s step=174 queue=5 dmax=0.531 | shoulder_pan.pos=-6.42 shoulder_lift.pos=-2.01 elbow_flex.pos=+32.37 wrist_flex.pos=+70.58 wrist_roll.pos=-5.32 gripper.pos=+3.98
DEBUG 2026-09-03 08:17:43 [action #176] t=7.46s step=175 queue=4 dmax=0.758 | shoulder_pan.pos=-6.24 shoulder_lift.pos=-2.44 elbow_flex.pos=+31.62 wrist_flex.pos=+70.89 wrist_roll.pos=-5.24 gripper.pos=+3.64
DEBUG 2026-09-03 08:17:43 [action #177] t=7.49s step=176 queue=3 dmax=0.674 | shoulder_pan.pos=-6.19 shoulder_lift.pos=-2.57 elbow_flex.pos=+30.94 wrist_flex.pos=+71.08 wrist_roll.pos=-5.40 gripper.pos=+3.46
DEBUG 2026-09-03 08:17:43 [action #178] t=7.53s step=177 queue=2 dmax=0.284 | shoulder_pan.pos=-6.31 shoulder_lift.pos=-2.52 elbow_flex.pos=+30.67 wrist_flex.pos=+71.36 wrist_roll.pos=-5.34 gripper.pos=+3.17
DEBUG 2026-09-03 08:17:43 [action #179] t=7.56s step=178 queue=1 dmax=0.632 | shoulder_pan.pos=-6.49 shoulder_lift.pos=-2.16 elbow_flex.pos=+30.04 wrist_flex.pos=+71.64 wrist_roll.pos=-5.24 gripper.pos=+2.89
DEBUG 2026-09-03 08:17:44 [chunk] received 50 actions, timesteps 152..201 | first: shoulder_pan.pos=-3.80 shoulder_lift.pos=-3.39 elbow_flex.pos=+29.58 wrist_flex.pos=+70.15 wrist_roll.pos=-4.68 gripper.pos=+8.30 | last: shoulder_pan.pos=+26.65 shoulder_lift.pos=-9.02 elbow_flex.pos=-3.84 wrist_flex.pos=+77.23 wrist_roll.pos=-6.74 gripper.pos=+5.68
DEBUG 2026-09-03 08:17:44 [action #180] t=7.63s step=179 queue=23 dmax=25.022 | shoulder_pan.pos=+5.69 shoulder_lift.pos=-19.21 elbow_flex.pos=+5.01 wrist_flex.pos=+86.53 wrist_roll.pos=-6.06 gripper.pos=+5.76
DEBUG 2026-09-03 08:17:44 [action #181] t=7.66s step=180 queue=22 dmax=1.167 | shoulder_pan.pos=+6.67 shoulder_lift.pos=-19.20 elbow_flex.pos=+3.85 wrist_flex.pos=+86.35 wrist_roll.pos=-5.97 gripper.pos=+5.85
DEBUG 2026-09-03 08:17:44 [action #182] t=7.70s step=181 queue=21 dmax=1.218 | shoulder_pan.pos=+7.89 shoulder_lift.pos=-19.64 elbow_flex.pos=+3.95 wrist_flex.pos=+86.54 wrist_roll.pos=-5.93 gripper.pos=+5.80
DEBUG 2026-09-03 08:17:44 [action #183] t=7.73s step=182 queue=20 dmax=1.445 | shoulder_pan.pos=+9.33 shoulder_lift.pos=-18.85 elbow_flex.pos=+3.13 wrist_flex.pos=+86.58 wrist_roll.pos=-6.00 gripper.pos=+5.82
DEBUG 2026-09-03 08:17:44 [action #184] t=7.76s step=183 queue=19 dmax=1.291 | shoulder_pan.pos=+10.62 shoulder_lift.pos=-18.97 elbow_flex.pos=+2.61 wrist_flex.pos=+86.38 wrist_roll.pos=-5.87 gripper.pos=+5.88
DEBUG 2026-09-03 08:17:44 [action #185] t=7.80s step=184 queue=18 dmax=1.607 | shoulder_pan.pos=+12.23 shoulder_lift.pos=-18.56 elbow_flex.pos=+1.87 wrist_flex.pos=+86.05 wrist_roll.pos=-5.92 gripper.pos=+5.89
DEBUG 2026-09-03 08:17:44 [action #186] t=7.83s step=185 queue=17 dmax=0.936 | shoulder_pan.pos=+13.16 shoulder_lift.pos=-18.06 elbow_flex.pos=+1.58 wrist_flex.pos=+85.79 wrist_roll.pos=-5.96 gripper.pos=+5.88
DEBUG 2026-09-03 08:17:44 [action #187] t=7.86s step=186 queue=16 dmax=1.129 | shoulder_pan.pos=+14.29 shoulder_lift.pos=-18.06 elbow_flex.pos=+0.98 wrist_flex.pos=+85.25 wrist_roll.pos=-6.08 gripper.pos=+5.85
DEBUG 2026-09-03 08:17:44 [action #188] t=7.90s step=187 queue=15 dmax=1.224 | shoulder_pan.pos=+15.52 shoulder_lift.pos=-17.75 elbow_flex.pos=+0.50 wrist_flex.pos=+85.17 wrist_roll.pos=-5.95 gripper.pos=+5.82
DEBUG 2026-09-03 08:17:44 [action #189] t=7.93s step=188 queue=14 dmax=1.373 | shoulder_pan.pos=+16.40 shoulder_lift.pos=-16.38 elbow_flex.pos=-0.02 wrist_flex.pos=+84.70 wrist_roll.pos=-5.89 gripper.pos=+5.90
DEBUG 2026-09-03 08:17:44 [action #190] t=7.96s step=189 queue=13 dmax=1.075 | shoulder_pan.pos=+17.47 shoulder_lift.pos=-16.02 elbow_flex.pos=-0.22 wrist_flex.pos=+84.26 wrist_roll.pos=-5.99 gripper.pos=+5.95
DEBUG 2026-09-03 08:17:44 [action #191] t=8.00s step=190 queue=12 dmax=1.029 | shoulder_pan.pos=+18.50 shoulder_lift.pos=-15.39 elbow_flex.pos=-0.68 wrist_flex.pos=+83.89 wrist_roll.pos=-6.03 gripper.pos=+5.90
DEBUG 2026-09-03 08:17:44 [action #192] t=8.03s step=191 queue=11 dmax=0.986 | shoulder_pan.pos=+19.49 shoulder_lift.pos=-14.85 elbow_flex.pos=-1.12 wrist_flex.pos=+83.42 wrist_roll.pos=-6.07 gripper.pos=+5.83
DEBUG 2026-09-03 08:17:44 [action #193] t=8.06s step=192 queue=10 dmax=0.964 | shoulder_pan.pos=+20.45 shoulder_lift.pos=-14.03 elbow_flex.pos=-2.05 wrist_flex.pos=+82.85 wrist_roll.pos=-6.04 gripper.pos=+5.97
DEBUG 2026-09-03 08:17:44 [action #194] t=8.10s step=193 queue=9 dmax=0.887 | shoulder_pan.pos=+21.34 shoulder_lift.pos=-13.78 elbow_flex.pos=-2.17 wrist_flex.pos=+82.52 wrist_roll.pos=-6.13 gripper.pos=+6.09
DEBUG 2026-09-03 08:17:44 [action #195] t=8.13s step=194 queue=8 dmax=0.763 | shoulder_pan.pos=+22.10 shoulder_lift.pos=-13.36 elbow_flex.pos=-2.81 wrist_flex.pos=+82.08 wrist_roll.pos=-6.12 gripper.pos=+5.91
DEBUG 2026-09-03 08:17:44 [action #196] t=8.16s step=195 queue=7 dmax=0.880 | shoulder_pan.pos=+22.59 shoulder_lift.pos=-12.65 elbow_flex.pos=-2.29 wrist_flex.pos=+81.20 wrist_roll.pos=-6.20 gripper.pos=+5.91
DEBUG 2026-09-03 08:17:44 [action #197] t=8.20s step=196 queue=6 dmax=0.876 | shoulder_pan.pos=+23.47 shoulder_lift.pos=-11.86 elbow_flex.pos=-2.13 wrist_flex.pos=+80.60 wrist_roll.pos=-6.28 gripper.pos=+5.94
DEBUG 2026-09-03 08:17:44 [action #198] t=8.23s step=197 queue=5 dmax=0.767 | shoulder_pan.pos=+23.74 shoulder_lift.pos=-11.94 elbow_flex.pos=-2.46 wrist_flex.pos=+79.83 wrist_roll.pos=-6.43 gripper.pos=+5.73
DEBUG 2026-09-03 08:17:44 [action #199] t=8.26s step=198 queue=4 dmax=0.954 | shoulder_pan.pos=+24.69 shoulder_lift.pos=-11.67 elbow_flex.pos=-2.23 wrist_flex.pos=+79.10 wrist_roll.pos=-6.34 gripper.pos=+5.80
DEBUG 2026-09-03 08:17:44 [action #200] t=8.30s step=199 queue=3 dmax=1.413 | shoulder_pan.pos=+25.13 shoulder_lift.pos=-10.26 elbow_flex.pos=-2.89 wrist_flex.pos=+78.52 wrist_roll.pos=-6.40 gripper.pos=+5.81
DEBUG 2026-09-03 08:17:44 [action #201] t=8.33s step=200 queue=2 dmax=0.840 | shoulder_pan.pos=+25.81 shoulder_lift.pos=-9.64 elbow_flex.pos=-2.77 wrist_flex.pos=+77.68 wrist_roll.pos=-6.75 gripper.pos=+5.75
DEBUG 2026-09-03 08:17:44 [action #202] t=8.37s step=201 queue=1 dmax=1.077 | shoulder_pan.pos=+26.65 shoulder_lift.pos=-9.02 elbow_flex.pos=-3.84 wrist_flex.pos=+77.23 wrist_roll.pos=-6.74 gripper.pos=+5.68
DEBUG 2026-09-03 08:17:44 [chunk] received 50 actions, timesteps 178..227 | first: shoulder_pan.pos=-6.66 shoulder_lift.pos=-6.89 elbow_flex.pos=+28.33 wrist_flex.pos=+73.70 wrist_roll.pos=-5.55 gripper.pos=+6.19 | last: shoulder_pan.pos=+27.75 shoulder_lift.pos=-4.44 elbow_flex.pos=-7.07 wrist_flex.pos=+75.97 wrist_roll.pos=-9.16 gripper.pos=+4.03
DEBUG 2026-09-03 08:17:44 [action #203] t=8.50s step=202 queue=26 dmax=22.102 | shoulder_pan.pos=+4.54 shoulder_lift.pos=-18.49 elbow_flex.pos=+7.65 wrist_flex.pos=+86.00 wrist_roll.pos=-6.91 gripper.pos=+5.08
DEBUG 2026-09-03 08:17:44 [action #204] t=8.53s step=203 queue=25 dmax=0.952 | shoulder_pan.pos=+5.50 shoulder_lift.pos=-18.46 elbow_flex.pos=+7.11 wrist_flex.pos=+86.05 wrist_roll.pos=-6.74 gripper.pos=+5.00
DEBUG 2026-09-03 08:17:45 [action #205] t=8.57s step=204 queue=24 dmax=1.139 | shoulder_pan.pos=+6.63 shoulder_lift.pos=-18.65 elbow_flex.pos=+7.00 wrist_flex.pos=+85.70 wrist_roll.pos=-6.84 gripper.pos=+4.89
DEBUG 2026-09-03 08:17:45 [action #206] t=8.60s step=205 queue=23 dmax=0.859 | shoulder_pan.pos=+7.49 shoulder_lift.pos=-18.84 elbow_flex.pos=+6.15 wrist_flex.pos=+85.51 wrist_roll.pos=-6.80 gripper.pos=+4.72
DEBUG 2026-09-03 08:17:45 [action #207] t=8.63s step=206 queue=22 dmax=1.041 | shoulder_pan.pos=+8.54 shoulder_lift.pos=-19.05 elbow_flex.pos=+5.82 wrist_flex.pos=+85.59 wrist_roll.pos=-6.64 gripper.pos=+4.68
DEBUG 2026-09-03 08:17:45 [action #208] t=8.67s step=207 queue=21 dmax=0.928 | shoulder_pan.pos=+9.46 shoulder_lift.pos=-19.12 elbow_flex.pos=+6.18 wrist_flex.pos=+85.15 wrist_roll.pos=-6.74 gripper.pos=+4.66
DEBUG 2026-09-03 08:17:45 [action #209] t=8.70s step=208 queue=20 dmax=1.234 | shoulder_pan.pos=+10.70 shoulder_lift.pos=-19.42 elbow_flex.pos=+5.19 wrist_flex.pos=+84.92 wrist_roll.pos=-6.63 gripper.pos=+4.56
DEBUG 2026-09-03 08:17:45 [action #210] t=8.73s step=209 queue=19 dmax=1.241 | shoulder_pan.pos=+11.94 shoulder_lift.pos=-18.99 elbow_flex.pos=+4.74 wrist_flex.pos=+84.52 wrist_roll.pos=-6.71 gripper.pos=+4.57
DEBUG 2026-09-03 08:17:45 [action #211] t=8.77s step=210 queue=18 dmax=1.088 | shoulder_pan.pos=+12.98 shoulder_lift.pos=-19.09 elbow_flex.pos=+3.65 wrist_flex.pos=+83.98 wrist_roll.pos=-6.67 gripper.pos=+4.49
DEBUG 2026-09-03 08:17:45 [action #212] t=8.80s step=211 queue=17 dmax=1.051 | shoulder_pan.pos=+14.03 shoulder_lift.pos=-18.62 elbow_flex.pos=+3.70 wrist_flex.pos=+83.44 wrist_roll.pos=-6.63 gripper.pos=+4.41
DEBUG 2026-09-03 08:17:45 [action #213] t=8.83s step=212 queue=16 dmax=1.153 | shoulder_pan.pos=+15.19 shoulder_lift.pos=-18.69 elbow_flex.pos=+3.20 wrist_flex.pos=+82.98 wrist_roll.pos=-6.53 gripper.pos=+4.15
DEBUG 2026-09-03 08:17:45 [action #214] t=8.87s step=213 queue=15 dmax=1.153 | shoulder_pan.pos=+16.16 shoulder_lift.pos=-17.54 elbow_flex.pos=+3.80 wrist_flex.pos=+82.55 wrist_roll.pos=-6.55 gripper.pos=+3.85
DEBUG 2026-09-03 08:17:45 [action #215] t=8.90s step=214 queue=14 dmax=0.979 | shoulder_pan.pos=+17.14 shoulder_lift.pos=-17.26 elbow_flex.pos=+2.86 wrist_flex.pos=+82.02 wrist_roll.pos=-6.47 gripper.pos=+3.89
DEBUG 2026-09-03 08:17:45 [action #216] t=8.93s step=215 queue=13 dmax=0.942 | shoulder_pan.pos=+18.08 shoulder_lift.pos=-16.88 elbow_flex.pos=+2.08 wrist_flex.pos=+81.52 wrist_roll.pos=-6.52 gripper.pos=+3.99
DEBUG 2026-09-03 08:17:45 [action #217] t=8.97s step=216 queue=12 dmax=1.376 | shoulder_pan.pos=+19.14 shoulder_lift.pos=-15.53 elbow_flex.pos=+0.70 wrist_flex.pos=+81.05 wrist_roll.pos=-6.38 gripper.pos=+4.06
DEBUG 2026-09-03 08:17:45 [action #218] t=9.00s step=217 queue=11 dmax=1.304 | shoulder_pan.pos=+20.44 shoulder_lift.pos=-14.87 elbow_flex.pos=-0.22 wrist_flex.pos=+80.93 wrist_roll.pos=-6.54 gripper.pos=+4.14
DEBUG 2026-09-03 08:17:45 [action #219] t=9.03s step=218 queue=10 dmax=1.103 | shoulder_pan.pos=+21.54 shoulder_lift.pos=-14.11 elbow_flex.pos=-0.83 wrist_flex.pos=+80.59 wrist_roll.pos=-6.73 gripper.pos=+4.14
DEBUG 2026-09-03 08:17:45 [action #220] t=9.07s step=219 queue=9 dmax=1.736 | shoulder_pan.pos=+22.61 shoulder_lift.pos=-12.38 elbow_flex.pos=-2.40 wrist_flex.pos=+80.41 wrist_roll.pos=-6.58 gripper.pos=+4.22
DEBUG 2026-09-03 08:17:45 [action #221] t=9.10s step=220 queue=8 dmax=1.236 | shoulder_pan.pos=+23.17 shoulder_lift.pos=-11.14 elbow_flex.pos=-3.17 wrist_flex.pos=+80.08 wrist_roll.pos=-6.83 gripper.pos=+4.04
DEBUG 2026-09-03 08:17:45 [action #222] t=9.13s step=221 queue=7 dmax=1.383 | shoulder_pan.pos=+23.99 shoulder_lift.pos=-9.82 elbow_flex.pos=-4.55 wrist_flex.pos=+79.47 wrist_roll.pos=-6.95 gripper.pos=+4.00
DEBUG 2026-09-03 08:17:45 [action #223] t=9.17s step=222 queue=6 dmax=1.091 | shoulder_pan.pos=+24.81 shoulder_lift.pos=-8.73 elbow_flex.pos=-4.56 wrist_flex.pos=+78.94 wrist_roll.pos=-7.26 gripper.pos=+4.13
DEBUG 2026-09-03 08:17:45 [action #224] t=9.20s step=223 queue=5 dmax=0.907 | shoulder_pan.pos=+25.60 shoulder_lift.pos=-7.82 elbow_flex.pos=-5.02 wrist_flex.pos=+78.37 wrist_roll.pos=-7.71 gripper.pos=+3.95
DEBUG 2026-09-03 08:17:45 [action #225] t=9.24s step=224 queue=4 dmax=1.899 | shoulder_pan.pos=+26.31 shoulder_lift.pos=-5.92 elbow_flex.pos=-5.52 wrist_flex.pos=+77.74 wrist_roll.pos=-8.21 gripper.pos=+4.15
DEBUG 2026-09-03 08:17:45 [action #226] t=9.27s step=225 queue=3 dmax=0.749 | shoulder_pan.pos=+27.05 shoulder_lift.pos=-5.93 elbow_flex.pos=-5.76 wrist_flex.pos=+77.13 wrist_roll.pos=-8.72 gripper.pos=+4.00
DEBUG 2026-09-03 08:17:45 [action #227] t=9.30s step=226 queue=2 dmax=1.351 | shoulder_pan.pos=+27.14 shoulder_lift.pos=-4.58 elbow_flex.pos=-6.26 wrist_flex.pos=+76.68 wrist_roll.pos=-8.84 gripper.pos=+4.08
DEBUG 2026-09-03 08:17:45 [action #228] t=9.34s step=227 queue=1 dmax=0.814 | shoulder_pan.pos=+27.75 shoulder_lift.pos=-4.44 elbow_flex.pos=-7.07 wrist_flex.pos=+75.97 wrist_roll.pos=-9.16 gripper.pos=+4.03
DEBUG 2026-09-03 08:17:45 [chunk] received 50 actions, timesteps 201..250 | first: shoulder_pan.pos=+28.23 shoulder_lift.pos=-11.26 elbow_flex.pos=-1.69 wrist_flex.pos=+78.33 wrist_roll.pos=-7.06 gripper.pos=+4.92 | last: shoulder_pan.pos=+40.59 shoulder_lift.pos=+16.02 elbow_flex.pos=-9.16 wrist_flex.pos=+67.00 wrist_roll.pos=-8.10 gripper.pos=+29.10
DEBUG 2026-09-03 08:17:45 [action #229] t=9.40s step=228 queue=23 dmax=16.577 | shoulder_pan.pos=+39.77 shoulder_lift.pos=+12.14 elbow_flex.pos=-7.85 wrist_flex.pos=+64.23 wrist_roll.pos=-8.59 gripper.pos=+4.99
DEBUG 2026-09-03 08:17:45 [action #230] t=9.44s step=229 queue=22 dmax=0.592 | shoulder_pan.pos=+40.13 shoulder_lift.pos=+11.69 elbow_flex.pos=-8.44 wrist_flex.pos=+63.98 wrist_roll.pos=-8.58 gripper.pos=+5.14
DEBUG 2026-09-03 08:17:45 [action #231] t=9.47s step=230 queue=21 dmax=0.382 | shoulder_pan.pos=+40.06 shoulder_lift.pos=+11.97 elbow_flex.pos=-8.05 wrist_flex.pos=+64.00 wrist_roll.pos=-8.59 gripper.pos=+5.26
DEBUG 2026-09-03 08:17:45 [action #232] t=9.50s step=231 queue=20 dmax=0.811 | shoulder_pan.pos=+40.38 shoulder_lift.pos=+12.78 elbow_flex.pos=-8.41 wrist_flex.pos=+64.09 wrist_roll.pos=-8.67 gripper.pos=+5.15
DEBUG 2026-09-03 08:17:45 [action #233] t=9.54s step=232 queue=19 dmax=0.964 | shoulder_pan.pos=+40.63 shoulder_lift.pos=+12.83 elbow_flex.pos=-7.44 wrist_flex.pos=+63.90 wrist_roll.pos=-8.54 gripper.pos=+4.95
DEBUG 2026-09-03 08:17:46 [action #234] t=9.57s step=233 queue=18 dmax=0.892 | shoulder_pan.pos=+40.55 shoulder_lift.pos=+13.25 elbow_flex.pos=-8.34 wrist_flex.pos=+63.86 wrist_roll.pos=-8.42 gripper.pos=+5.02
DEBUG 2026-09-03 08:17:46 [action #235] t=9.60s step=234 queue=17 dmax=0.628 | shoulder_pan.pos=+40.55 shoulder_lift.pos=+13.88 elbow_flex.pos=-8.23 wrist_flex.pos=+64.06 wrist_roll.pos=-8.42 gripper.pos=+5.24
DEBUG 2026-09-03 08:17:46 [action #236] t=9.64s step=235 queue=16 dmax=0.545 | shoulder_pan.pos=+40.75 shoulder_lift.pos=+14.42 elbow_flex.pos=-8.58 wrist_flex.pos=+64.07 wrist_roll.pos=-8.54 gripper.pos=+5.23
DEBUG 2026-09-03 08:17:46 [action #237] t=9.67s step=236 queue=15 dmax=1.042 | shoulder_pan.pos=+40.80 shoulder_lift.pos=+15.47 elbow_flex.pos=-8.75 wrist_flex.pos=+63.91 wrist_roll.pos=-8.55 gripper.pos=+5.69
DEBUG 2026-09-03 08:17:46 [action #238] t=9.70s step=237 queue=14 dmax=1.016 | shoulder_pan.pos=+40.73 shoulder_lift.pos=+15.26 elbow_flex.pos=-8.56 wrist_flex.pos=+63.96 wrist_roll.pos=-8.55 gripper.pos=+6.71
DEBUG 2026-09-03 08:17:46 [action #239] t=9.74s step=238 queue=13 dmax=1.893 | shoulder_pan.pos=+40.98 shoulder_lift.pos=+15.49 elbow_flex.pos=-9.30 wrist_flex.pos=+64.14 wrist_roll.pos=-8.35 gripper.pos=+8.60
DEBUG 2026-09-03 08:17:46 [action #240] t=9.77s step=239 queue=12 dmax=2.274 | shoulder_pan.pos=+41.24 shoulder_lift.pos=+16.12 elbow_flex.pos=-8.96 wrist_flex.pos=+64.34 wrist_roll.pos=-8.43 gripper.pos=+10.87
DEBUG 2026-09-03 08:17:46 [action #241] t=9.80s step=240 queue=11 dmax=3.055 | shoulder_pan.pos=+41.13 shoulder_lift.pos=+16.97 elbow_flex.pos=-9.79 wrist_flex.pos=+64.63 wrist_roll.pos=-8.36 gripper.pos=+13.93
DEBUG 2026-09-03 08:17:46 [action #242] t=9.84s step=241 queue=10 dmax=2.963 | shoulder_pan.pos=+41.46 shoulder_lift.pos=+16.99 elbow_flex.pos=-9.15 wrist_flex.pos=+64.92 wrist_roll.pos=-8.51 gripper.pos=+16.89
DEBUG 2026-09-03 08:17:46 [action #243] t=9.87s step=242 queue=9 dmax=2.956 | shoulder_pan.pos=+41.56 shoulder_lift.pos=+17.22 elbow_flex.pos=-9.11 wrist_flex.pos=+65.18 wrist_roll.pos=-8.43 gripper.pos=+19.85
DEBUG 2026-09-03 08:17:46 [action #244] t=9.90s step=243 queue=8 dmax=3.002 | shoulder_pan.pos=+41.27 shoulder_lift.pos=+16.55 elbow_flex.pos=-9.90 wrist_flex.pos=+65.34 wrist_roll.pos=-8.24 gripper.pos=+22.85
DEBUG 2026-09-03 08:17:46 [action #245] t=9.94s step=244 queue=7 dmax=1.967 | shoulder_pan.pos=+41.31 shoulder_lift.pos=+17.13 elbow_flex.pos=-9.74 wrist_flex.pos=+65.56 wrist_roll.pos=-8.35 gripper.pos=+24.82
DEBUG 2026-09-03 08:17:46 [action #246] t=9.97s step=245 queue=6 dmax=1.607 | shoulder_pan.pos=+41.69 shoulder_lift.pos=+17.24 elbow_flex.pos=-9.28 wrist_flex.pos=+65.75 wrist_roll.pos=-8.41 gripper.pos=+26.42
DEBUG 2026-09-03 08:17:46 [action #247] t=10.01s step=246 queue=5 dmax=1.061 | shoulder_pan.pos=+41.36 shoulder_lift.pos=+17.71 elbow_flex.pos=-9.23 wrist_flex.pos=+65.89 wrist_roll.pos=-8.26 gripper.pos=+27.48
DEBUG 2026-09-03 08:17:46 [action #248] t=10.04s step=247 queue=4 dmax=0.896 | shoulder_pan.pos=+41.26 shoulder_lift.pos=+16.81 elbow_flex.pos=-10.11 wrist_flex.pos=+66.15 wrist_roll.pos=-8.07 gripper.pos=+27.99
DEBUG 2026-09-03 08:17:46 [action #249] t=10.07s step=248 queue=3 dmax=0.921 | shoulder_pan.pos=+41.04 shoulder_lift.pos=+16.43 elbow_flex.pos=-9.19 wrist_flex.pos=+66.30 wrist_roll.pos=-8.17 gripper.pos=+28.37
DEBUG 2026-09-03 08:17:46 [action #250] t=10.11s step=249 queue=2 dmax=0.880 | shoulder_pan.pos=+40.51 shoulder_lift.pos=+17.31 elbow_flex.pos=-9.20 wrist_flex.pos=+66.58 wrist_roll.pos=-8.14 gripper.pos=+28.78
DEBUG 2026-09-03 08:17:46 [action #251] t=10.14s step=250 queue=1 dmax=1.292 | shoulder_pan.pos=+40.59 shoulder_lift.pos=+16.02 elbow_flex.pos=-9.16 wrist_flex.pos=+67.00 wrist_roll.pos=-8.10 gripper.pos=+29.10
DEBUG 2026-09-03 08:17:46 [chunk] received 50 actions, timesteps 227..276 | first: shoulder_pan.pos=+26.67 shoulder_lift.pos=-6.96 elbow_flex.pos=-4.00 wrist_flex.pos=+76.49 wrist_roll.pos=-8.11 gripper.pos=+4.71 | last: shoulder_pan.pos=+39.25 shoulder_lift.pos=+15.23 elbow_flex.pos=-9.09 wrist_flex.pos=+71.47 wrist_roll.pos=-11.28 gripper.pos=+31.33
DEBUG 2026-09-03 08:17:46 [action #252] t=10.27s step=251 queue=26 dmax=24.177 | shoulder_pan.pos=+39.00 shoulder_lift.pos=+9.76 elbow_flex.pos=-5.76 wrist_flex.pos=+65.70 wrist_roll.pos=-10.79 gripper.pos=+4.92
DEBUG 2026-09-03 08:17:46 [action #253] t=10.31s step=252 queue=25 dmax=0.303 | shoulder_pan.pos=+39.15 shoulder_lift.pos=+9.68 elbow_flex.pos=-5.68 wrist_flex.pos=+65.54 wrist_roll.pos=-11.10 gripper.pos=+4.77
DEBUG 2026-09-03 08:17:46 [action #254] t=10.34s step=253 queue=24 dmax=0.837 | shoulder_pan.pos=+39.34 shoulder_lift.pos=+10.52 elbow_flex.pos=-6.47 wrist_flex.pos=+65.27 wrist_roll.pos=-11.23 gripper.pos=+4.97
DEBUG 2026-09-03 08:17:46 [action #255] t=10.37s step=254 queue=23 dmax=0.859 | shoulder_pan.pos=+39.73 shoulder_lift.pos=+11.38 elbow_flex.pos=-6.60 wrist_flex.pos=+65.57 wrist_roll.pos=-11.21 gripper.pos=+5.02
DEBUG 2026-09-03 08:17:46 [action #256] t=10.41s step=255 queue=22 dmax=0.928 | shoulder_pan.pos=+39.56 shoulder_lift.pos=+10.45 elbow_flex.pos=-7.01 wrist_flex.pos=+65.47 wrist_roll.pos=-11.48 gripper.pos=+5.32
DEBUG 2026-09-03 08:17:46 [action #257] t=10.44s step=256 queue=21 dmax=1.127 | shoulder_pan.pos=+39.66 shoulder_lift.pos=+11.58 elbow_flex.pos=-7.30 wrist_flex.pos=+65.70 wrist_roll.pos=-11.46 gripper.pos=+5.64
DEBUG 2026-09-03 08:17:46 [action #258] t=10.47s step=257 queue=20 dmax=0.557 | shoulder_pan.pos=+39.96 shoulder_lift.pos=+11.91 elbow_flex.pos=-7.69 wrist_flex.pos=+65.68 wrist_roll.pos=-11.44 gripper.pos=+6.20
DEBUG 2026-09-03 08:17:46 [action #259] t=10.51s step=258 queue=19 dmax=0.746 | shoulder_pan.pos=+40.25 shoulder_lift.pos=+12.07 elbow_flex.pos=-8.25 wrist_flex.pos=+65.60 wrist_roll.pos=-11.47 gripper.pos=+6.94
DEBUG 2026-09-03 08:17:46 [action #260] t=10.54s step=259 queue=18 dmax=1.181 | shoulder_pan.pos=+40.40 shoulder_lift.pos=+12.51 elbow_flex.pos=-8.34 wrist_flex.pos=+65.45 wrist_roll.pos=-11.44 gripper.pos=+8.12
DEBUG 2026-09-03 08:17:47 [action #261] t=10.57s step=260 queue=17 dmax=1.430 | shoulder_pan.pos=+40.66 shoulder_lift.pos=+12.70 elbow_flex.pos=-8.47 wrist_flex.pos=+65.52 wrist_roll.pos=-11.40 gripper.pos=+9.55
DEBUG 2026-09-03 08:17:47 [action #262] t=10.61s step=261 queue=16 dmax=1.931 | shoulder_pan.pos=+40.72 shoulder_lift.pos=+13.35 elbow_flex.pos=-9.21 wrist_flex.pos=+65.71 wrist_roll.pos=-11.44 gripper.pos=+11.48
DEBUG 2026-09-03 08:17:47 [action #263] t=10.64s step=262 queue=15 dmax=2.422 | shoulder_pan.pos=+40.92 shoulder_lift.pos=+13.54 elbow_flex.pos=-9.42 wrist_flex.pos=+65.77 wrist_roll.pos=-11.54 gripper.pos=+13.91
DEBUG 2026-09-03 08:17:47 [action #264] t=10.67s step=263 queue=14 dmax=2.827 | shoulder_pan.pos=+40.82 shoulder_lift.pos=+13.44 elbow_flex.pos=-9.58 wrist_flex.pos=+65.86 wrist_roll.pos=-11.43 gripper.pos=+16.73
DEBUG 2026-09-03 08:17:47 [action #265] t=10.71s step=264 queue=13 dmax=2.937 | shoulder_pan.pos=+40.88 shoulder_lift.pos=+13.24 elbow_flex.pos=-9.50 wrist_flex.pos=+65.92 wrist_roll.pos=-11.46 gripper.pos=+19.67
DEBUG 2026-09-03 08:17:47 [action #266] t=10.74s step=265 queue=12 dmax=2.744 | shoulder_pan.pos=+40.75 shoulder_lift.pos=+14.06 elbow_flex.pos=-9.79 wrist_flex.pos=+65.82 wrist_roll.pos=-11.46 gripper.pos=+22.42
DEBUG 2026-09-03 08:17:47 [action #267] t=10.77s step=266 queue=11 dmax=2.312 | shoulder_pan.pos=+40.40 shoulder_lift.pos=+14.68 elbow_flex.pos=-9.65 wrist_flex.pos=+66.11 wrist_roll.pos=-11.42 gripper.pos=+24.73
DEBUG 2026-09-03 08:17:47 [action #268] t=10.81s step=267 queue=10 dmax=1.617 | shoulder_pan.pos=+40.52 shoulder_lift.pos=+14.33 elbow_flex.pos=-9.26 wrist_flex.pos=+66.39 wrist_roll.pos=-11.36 gripper.pos=+26.34
DEBUG 2026-09-03 08:17:47 [action #269] t=10.84s step=268 queue=9 dmax=1.249 | shoulder_pan.pos=+40.50 shoulder_lift.pos=+14.37 elbow_flex.pos=-9.47 wrist_flex.pos=+66.70 wrist_roll.pos=-11.45 gripper.pos=+27.59
DEBUG 2026-09-03 08:17:47 [action #270] t=10.87s step=269 queue=8 dmax=1.018 | shoulder_pan.pos=+40.35 shoulder_lift.pos=+15.11 elbow_flex.pos=-8.83 wrist_flex.pos=+66.77 wrist_roll.pos=-11.42 gripper.pos=+28.61
DEBUG 2026-09-03 08:17:47 [action #271] t=10.91s step=270 queue=7 dmax=0.871 | shoulder_pan.pos=+40.32 shoulder_lift.pos=+15.36 elbow_flex.pos=-9.05 wrist_flex.pos=+67.20 wrist_roll.pos=-11.38 gripper.pos=+29.48
DEBUG 2026-09-03 08:17:47 [action #272] t=10.94s step=271 queue=6 dmax=0.657 | shoulder_pan.pos=+40.07 shoulder_lift.pos=+15.87 elbow_flex.pos=-8.97 wrist_flex.pos=+67.62 wrist_roll.pos=-11.47 gripper.pos=+30.14
DEBUG 2026-09-03 08:17:47 [action #273] t=10.98s step=272 queue=5 dmax=0.747 | shoulder_pan.pos=+40.13 shoulder_lift.pos=+15.39 elbow_flex.pos=-9.20 wrist_flex.pos=+68.37 wrist_roll.pos=-11.27 gripper.pos=+30.66
DEBUG 2026-09-03 08:17:47 [action #274] t=11.01s step=273 queue=4 dmax=0.683 | shoulder_pan.pos=+39.91 shoulder_lift.pos=+15.18 elbow_flex.pos=-8.72 wrist_flex.pos=+69.05 wrist_roll.pos=-11.24 gripper.pos=+31.13
DEBUG 2026-09-03 08:17:47 [action #275] t=11.04s step=274 queue=3 dmax=0.653 | shoulder_pan.pos=+39.38 shoulder_lift.pos=+15.54 elbow_flex.pos=-8.83 wrist_flex.pos=+69.71 wrist_roll.pos=-11.25 gripper.pos=+31.35
DEBUG 2026-09-03 08:17:47 [action #276] t=11.08s step=275 queue=2 dmax=0.834 | shoulder_pan.pos=+39.25 shoulder_lift.pos=+15.72 elbow_flex.pos=-9.10 wrist_flex.pos=+70.54 wrist_roll.pos=-11.30 gripper.pos=+31.31
DEBUG 2026-09-03 08:17:47 [action #277] t=11.11s step=276 queue=1 dmax=0.929 | shoulder_pan.pos=+39.25 shoulder_lift.pos=+15.23 elbow_flex.pos=-9.09 wrist_flex.pos=+71.47 wrist_roll.pos=-11.28 gripper.pos=+31.33
DEBUG 2026-09-03 08:17:47 [chunk] received 50 actions, timesteps 250..299 | first: shoulder_pan.pos=+32.68 shoulder_lift.pos=+16.78 elbow_flex.pos=-12.40 wrist_flex.pos=+69.65 wrist_roll.pos=-8.81 gripper.pos=+28.99 | last: shoulder_pan.pos=+1.91 shoulder_lift.pos=-44.76 elbow_flex.pos=+36.92 wrist_flex.pos=+79.07 wrist_roll.pos=-3.32 gripper.pos=-0.35
DEBUG 2026-09-03 08:17:47 [action #278] t=11.24s step=277 queue=23 dmax=27.509 | shoulder_pan.pos=+14.02 shoulder_lift.pos=-8.93 elbow_flex.pos=-10.15 wrist_flex.pos=+95.74 wrist_roll.pos=-5.97 gripper.pos=+3.82
DEBUG 2026-09-03 08:17:47 [action #279] t=11.28s step=278 queue=22 dmax=1.933 | shoulder_pan.pos=+13.17 shoulder_lift.pos=-9.56 elbow_flex.pos=-8.22 wrist_flex.pos=+95.90 wrist_roll.pos=-6.14 gripper.pos=+2.00
DEBUG 2026-09-03 08:17:47 [action #280] t=11.31s step=279 queue=21 dmax=1.751 | shoulder_pan.pos=+12.75 shoulder_lift.pos=-11.31 elbow_flex.pos=-7.02 wrist_flex.pos=+95.78 wrist_roll.pos=-6.28 gripper.pos=+1.07
DEBUG 2026-09-03 08:17:47 [action #281] t=11.34s step=280 queue=20 dmax=1.551 | shoulder_pan.pos=+12.39 shoulder_lift.pos=-12.02 elbow_flex.pos=-5.47 wrist_flex.pos=+95.50 wrist_roll.pos=-6.22 gripper.pos=+0.45
DEBUG 2026-09-03 08:17:47 [action #282] t=11.38s step=281 queue=19 dmax=1.876 | shoulder_pan.pos=+12.05 shoulder_lift.pos=-12.94 elbow_flex.pos=-3.60 wrist_flex.pos=+95.22 wrist_roll.pos=-6.16 gripper.pos=+0.17
DEBUG 2026-09-03 08:17:47 [action #283] t=11.41s step=282 queue=18 dmax=2.039 | shoulder_pan.pos=+11.50 shoulder_lift.pos=-13.72 elbow_flex.pos=-1.56 wrist_flex.pos=+94.95 wrist_roll.pos=-6.32 gripper.pos=-0.06
DEBUG 2026-09-03 08:17:47 [action #284] t=11.44s step=283 queue=17 dmax=2.200 | shoulder_pan.pos=+10.95 shoulder_lift.pos=-14.82 elbow_flex.pos=+0.64 wrist_flex.pos=+94.24 wrist_roll.pos=-6.28 gripper.pos=+0.18
DEBUG 2026-09-03 08:17:47 [action #285] t=11.48s step=284 queue=16 dmax=2.546 | shoulder_pan.pos=+10.90 shoulder_lift.pos=-16.57 elbow_flex.pos=+3.19 wrist_flex.pos=+93.48 wrist_roll.pos=-6.21 gripper.pos=+0.03
DEBUG 2026-09-03 08:17:47 [action #286] t=11.51s step=285 queue=15 dmax=2.704 | shoulder_pan.pos=+10.15 shoulder_lift.pos=-18.25 elbow_flex.pos=+5.89 wrist_flex.pos=+92.56 wrist_roll.pos=-6.02 gripper.pos=-0.59
DEBUG 2026-09-03 08:17:47 [action #287] t=11.54s step=286 queue=14 dmax=2.650 | shoulder_pan.pos=+9.72 shoulder_lift.pos=-20.38 elbow_flex.pos=+8.54 wrist_flex.pos=+91.25 wrist_roll.pos=-5.81 gripper.pos=-0.63
DEBUG 2026-09-03 08:17:48 [action #288] t=11.58s step=287 queue=13 dmax=2.703 | shoulder_pan.pos=+8.91 shoulder_lift.pos=-22.37 elbow_flex.pos=+11.24 wrist_flex.pos=+90.41 wrist_roll.pos=-5.71 gripper.pos=-0.63
DEBUG 2026-09-03 08:17:48 [action #289] t=11.61s step=288 queue=12 dmax=2.177 | shoulder_pan.pos=+8.73 shoulder_lift.pos=-24.28 elbow_flex.pos=+13.42 wrist_flex.pos=+89.15 wrist_roll.pos=-5.69 gripper.pos=-0.58
DEBUG 2026-09-03 08:17:48 [action #290] t=11.64s step=289 queue=11 dmax=3.352 | shoulder_pan.pos=+8.01 shoulder_lift.pos=-25.75 elbow_flex.pos=+16.77 wrist_flex.pos=+87.90 wrist_roll.pos=-5.57 gripper.pos=-0.79
DEBUG 2026-09-03 08:17:48 [action #291] t=11.68s step=290 queue=10 dmax=2.396 | shoulder_pan.pos=+7.60 shoulder_lift.pos=-28.14 elbow_flex.pos=+18.81 wrist_flex.pos=+86.63 wrist_roll.pos=-5.35 gripper.pos=-0.63
DEBUG 2026-09-03 08:17:48 [action #292] t=11.71s step=291 queue=9 dmax=2.618 | shoulder_pan.pos=+7.03 shoulder_lift.pos=-30.17 elbow_flex.pos=+21.43 wrist_flex.pos=+85.58 wrist_roll.pos=-5.13 gripper.pos=-0.40
DEBUG 2026-09-03 08:17:48 [action #293] t=11.74s step=292 queue=8 dmax=2.580 | shoulder_pan.pos=+6.79 shoulder_lift.pos=-31.70 elbow_flex.pos=+24.01 wrist_flex.pos=+84.28 wrist_roll.pos=-5.01 gripper.pos=-0.57
DEBUG 2026-09-03 08:17:48 [action #294] t=11.78s step=293 queue=7 dmax=2.925 | shoulder_pan.pos=+6.18 shoulder_lift.pos=-33.80 elbow_flex.pos=+26.94 wrist_flex.pos=+83.43 wrist_roll.pos=-4.79 gripper.pos=-0.51
DEBUG 2026-09-03 08:17:48 [action #295] t=11.81s step=294 queue=6 dmax=1.424 | shoulder_pan.pos=+5.49 shoulder_lift.pos=-35.22 elbow_flex.pos=+27.85 wrist_flex.pos=+82.45 wrist_roll.pos=-4.63 gripper.pos=-0.46
DEBUG 2026-09-03 08:17:48 [action #296] t=11.84s step=295 queue=5 dmax=2.260 | shoulder_pan.pos=+4.81 shoulder_lift.pos=-37.48 elbow_flex.pos=+30.10 wrist_flex.pos=+81.68 wrist_roll.pos=-4.40 gripper.pos=-0.72
DEBUG 2026-09-03 08:17:48 [action #297] t=11.88s step=296 queue=4 dmax=1.947 | shoulder_pan.pos=+4.23 shoulder_lift.pos=-39.43 elbow_flex.pos=+31.30 wrist_flex.pos=+80.85 wrist_roll.pos=-4.15 gripper.pos=-0.63
DEBUG 2026-09-03 08:17:48 [action #298] t=11.91s step=297 queue=3 dmax=2.394 | shoulder_pan.pos=+3.33 shoulder_lift.pos=-41.57 elbow_flex.pos=+33.70 wrist_flex.pos=+80.18 wrist_roll.pos=-3.84 gripper.pos=-0.55
DEBUG 2026-09-03 08:17:48 [action #299] t=11.95s step=298 queue=2 dmax=1.595 | shoulder_pan.pos=+2.48 shoulder_lift.pos=-42.85 elbow_flex.pos=+35.29 wrist_flex.pos=+79.60 wrist_roll.pos=-3.53 gripper.pos=-0.31
DEBUG 2026-09-03 08:17:48 [action #300] t=11.98s step=299 queue=1 dmax=1.915 | shoulder_pan.pos=+1.91 shoulder_lift.pos=-44.76 elbow_flex.pos=+36.92 wrist_flex.pos=+79.07 wrist_roll.pos=-3.32 gripper.pos=-0.35
DEBUG 2026-09-03 08:17:48 [chunk] received 50 actions, timesteps 276..325 | first: shoulder_pan.pos=+28.93 shoulder_lift.pos=+13.66 elbow_flex.pos=-12.35 wrist_flex.pos=+73.56 wrist_roll.pos=-10.80 gripper.pos=+31.57 | last: shoulder_pan.pos=+1.84 shoulder_lift.pos=-48.81 elbow_flex.pos=+47.54 wrist_flex.pos=+70.00 wrist_roll.pos=-3.62 gripper.pos=+0.65
DEBUG 2026-09-03 08:17:48 [action #301] t=12.18s step=300 queue=26 dmax=37.876 | shoulder_pan.pos=+7.63 shoulder_lift.pos=-15.16 elbow_flex.pos=-0.96 wrist_flex.pos=+93.17 wrist_roll.pos=-8.66 gripper.pos=-1.72
DEBUG 2026-09-03 08:17:48 [action #302] t=12.21s step=301 queue=25 dmax=1.239 | shoulder_pan.pos=+7.16 shoulder_lift.pos=-16.40 elbow_flex.pos=+0.06 wrist_flex.pos=+92.78 wrist_roll.pos=-8.56 gripper.pos=-1.66
DEBUG 2026-09-03 08:17:48 [action #303] t=12.25s step=302 queue=24 dmax=2.166 | shoulder_pan.pos=+6.58 shoulder_lift.pos=-17.53 elbow_flex.pos=+2.22 wrist_flex.pos=+92.45 wrist_roll.pos=-8.48 gripper.pos=-1.48
DEBUG 2026-09-03 08:17:48 [action #304] t=12.28s step=303 queue=23 dmax=1.734 | shoulder_pan.pos=+5.76 shoulder_lift.pos=-19.05 elbow_flex.pos=+3.96 wrist_flex.pos=+92.02 wrist_roll.pos=-8.13 gripper.pos=-1.18
DEBUG 2026-09-03 08:17:48 [action #305] t=12.31s step=304 queue=22 dmax=1.741 | shoulder_pan.pos=+5.10 shoulder_lift.pos=-19.85 elbow_flex.pos=+5.70 wrist_flex.pos=+91.33 wrist_roll.pos=-7.56 gripper.pos=-0.94
DEBUG 2026-09-03 08:17:48 [action #306] t=12.35s step=305 queue=21 dmax=2.446 | shoulder_pan.pos=+4.48 shoulder_lift.pos=-21.38 elbow_flex.pos=+8.15 wrist_flex.pos=+90.53 wrist_roll.pos=-7.00 gripper.pos=-0.82
DEBUG 2026-09-03 08:17:48 [action #307] t=12.38s step=306 queue=20 dmax=2.161 | shoulder_pan.pos=+4.25 shoulder_lift.pos=-22.27 elbow_flex.pos=+10.31 wrist_flex.pos=+89.19 wrist_roll.pos=-6.51 gripper.pos=-0.60
DEBUG 2026-09-03 08:17:48 [action #308] t=12.41s step=307 queue=19 dmax=2.202 | shoulder_pan.pos=+3.58 shoulder_lift.pos=-24.37 elbow_flex.pos=+12.51 wrist_flex.pos=+87.90 wrist_roll.pos=-6.11 gripper.pos=-0.68
DEBUG 2026-09-03 08:17:48 [action #309] t=12.45s step=308 queue=18 dmax=2.547 | shoulder_pan.pos=+3.51 shoulder_lift.pos=-25.90 elbow_flex.pos=+15.06 wrist_flex.pos=+86.46 wrist_roll.pos=-5.54 gripper.pos=-0.60
DEBUG 2026-09-03 08:17:48 [action #310] t=12.48s step=309 queue=17 dmax=2.813 | shoulder_pan.pos=+3.20 shoulder_lift.pos=-27.49 elbow_flex.pos=+17.87 wrist_flex.pos=+85.10 wrist_roll.pos=-5.05 gripper.pos=-0.49
DEBUG 2026-09-03 08:17:48 [action #311] t=12.51s step=310 queue=16 dmax=2.050 | shoulder_pan.pos=+3.05 shoulder_lift.pos=-29.16 elbow_flex.pos=+19.92 wrist_flex.pos=+83.46 wrist_roll.pos=-4.69 gripper.pos=-0.41
DEBUG 2026-09-03 08:17:48 [action #312] t=12.55s step=311 queue=15 dmax=2.276 | shoulder_pan.pos=+2.94 shoulder_lift.pos=-30.61 elbow_flex.pos=+22.20 wrist_flex.pos=+82.17 wrist_roll.pos=-4.32 gripper.pos=-0.28
DEBUG 2026-09-03 08:17:49 [action #313] t=12.58s step=312 queue=14 dmax=1.954 | shoulder_pan.pos=+2.78 shoulder_lift.pos=-32.40 elbow_flex.pos=+24.15 wrist_flex.pos=+80.83 wrist_roll.pos=-4.05 gripper.pos=-0.19
DEBUG 2026-09-03 08:17:49 [action #314] t=12.61s step=313 queue=13 dmax=2.700 | shoulder_pan.pos=+2.61 shoulder_lift.pos=-34.16 elbow_flex.pos=+26.85 wrist_flex.pos=+79.54 wrist_roll.pos=-3.79 gripper.pos=-0.06
DEBUG 2026-09-03 08:17:49 [action #315] t=12.65s step=314 queue=12 dmax=1.852 | shoulder_pan.pos=+2.62 shoulder_lift.pos=-35.29 elbow_flex.pos=+28.70 wrist_flex.pos=+78.16 wrist_roll.pos=-3.80 gripper.pos=-0.04
DEBUG 2026-09-03 08:17:49 [action #316] t=12.68s step=315 queue=11 dmax=2.160 | shoulder_pan.pos=+2.54 shoulder_lift.pos=-36.68 elbow_flex.pos=+30.86 wrist_flex.pos=+76.82 wrist_roll.pos=-3.73 gripper.pos=-0.07
DEBUG 2026-09-03 08:17:49 [action #317] t=12.71s step=316 queue=10 dmax=2.104 | shoulder_pan.pos=+2.45 shoulder_lift.pos=-38.21 elbow_flex.pos=+32.96 wrist_flex.pos=+75.54 wrist_roll.pos=-3.69 gripper.pos=-0.06
DEBUG 2026-09-03 08:17:49 [action #318] t=12.75s step=317 queue=9 dmax=1.912 | shoulder_pan.pos=+2.56 shoulder_lift.pos=-40.12 elbow_flex.pos=+34.85 wrist_flex.pos=+74.67 wrist_roll.pos=-3.62 gripper.pos=+0.08
DEBUG 2026-09-03 08:17:49 [action #319] t=12.78s step=318 queue=8 dmax=1.605 | shoulder_pan.pos=+2.65 shoulder_lift.pos=-41.01 elbow_flex.pos=+36.45 wrist_flex.pos=+74.12 wrist_roll.pos=-3.61 gripper.pos=+0.19
DEBUG 2026-09-03 08:17:49 [action #320] t=12.81s step=319 queue=7 dmax=0.919 | shoulder_pan.pos=+2.63 shoulder_lift.pos=-41.93 elbow_flex.pos=+37.24 wrist_flex.pos=+73.75 wrist_roll.pos=-3.38 gripper.pos=+0.26
DEBUG 2026-09-03 08:17:49 [action #321] t=12.85s step=320 queue=6 dmax=2.090 | shoulder_pan.pos=+2.44 shoulder_lift.pos=-42.43 elbow_flex.pos=+39.33 wrist_flex.pos=+73.39 wrist_roll.pos=-3.45 gripper.pos=+0.31
DEBUG 2026-09-03 08:17:49 [action #322] t=12.88s step=321 queue=5 dmax=0.784 | shoulder_pan.pos=+2.48 shoulder_lift.pos=-43.21 elbow_flex.pos=+40.12 wrist_flex.pos=+72.82 wrist_roll.pos=-3.51 gripper.pos=+0.44
DEBUG 2026-09-03 08:17:49 [action #323] t=12.92s step=322 queue=4 dmax=1.745 | shoulder_pan.pos=+2.25 shoulder_lift.pos=-44.48 elbow_flex.pos=+41.86 wrist_flex.pos=+72.12 wrist_roll.pos=-3.68 gripper.pos=+0.35
DEBUG 2026-09-03 08:17:49 [action #324] t=12.95s step=323 queue=3 dmax=1.276 | shoulder_pan.pos=+1.93 shoulder_lift.pos=-45.76 elbow_flex.pos=+43.07 wrist_flex.pos=+71.54 wrist_roll.pos=-3.64 gripper.pos=+0.40
DEBUG 2026-09-03 08:17:49 [action #325] t=12.98s step=324 queue=2 dmax=1.693 | shoulder_pan.pos=+1.70 shoulder_lift.pos=-47.01 elbow_flex.pos=+44.77 wrist_flex.pos=+70.65 wrist_roll.pos=-3.44 gripper.pos=+0.47
DEBUG 2026-09-03 08:17:49 [action #326] t=13.02s step=325 queue=1 dmax=2.776 | shoulder_pan.pos=+1.84 shoulder_lift.pos=-48.81 elbow_flex.pos=+47.54 wrist_flex.pos=+70.00 wrist_roll.pos=-3.62 gripper.pos=+0.65
DEBUG 2026-09-03 08:17:49 [chunk] received 50 actions, timesteps 299..348 | first: shoulder_pan.pos=+2.32 shoulder_lift.pos=-48.98 elbow_flex.pos=+42.97 wrist_flex.pos=+77.30 wrist_roll.pos=-3.91 gripper.pos=-0.09 | last: shoulder_pan.pos=-4.63 shoulder_lift.pos=-103.97 elbow_flex.pos=+88.11 wrist_flex.pos=+76.51 wrist_roll.pos=+0.37 gripper.pos=+0.35
DEBUG 2026-09-03 08:17:49 [action #327] t=13.12s step=326 queue=23 dmax=44.226 | shoulder_pan.pos=-1.79 shoulder_lift.pos=-93.04 elbow_flex.pos=+80.49 wrist_flex.pos=+65.63 wrist_roll.pos=-3.42 gripper.pos=+0.00
DEBUG 2026-09-03 08:17:49 [action #328] t=13.15s step=327 queue=22 dmax=2.319 | shoulder_pan.pos=-2.18 shoulder_lift.pos=-95.36 elbow_flex.pos=+81.11 wrist_flex.pos=+65.94 wrist_roll.pos=-3.39 gripper.pos=+0.07
DEBUG 2026-09-03 08:17:49 [action #329] t=13.18s step=328 queue=21 dmax=1.876 | shoulder_pan.pos=-2.63 shoulder_lift.pos=-97.24 elbow_flex.pos=+82.36 wrist_flex.pos=+66.13 wrist_roll.pos=-3.25 gripper.pos=+0.07
DEBUG 2026-09-03 08:17:49 [action #330] t=13.22s step=329 queue=20 dmax=2.122 | shoulder_pan.pos=-3.33 shoulder_lift.pos=-99.36 elbow_flex.pos=+83.70 wrist_flex.pos=+66.80 wrist_roll.pos=-3.44 gripper.pos=+0.07
DEBUG 2026-09-03 08:17:49 [action #331] t=13.25s step=330 queue=19 dmax=1.482 | shoulder_pan.pos=-3.95 shoulder_lift.pos=-100.84 elbow_flex.pos=+84.33 wrist_flex.pos=+67.39 wrist_roll.pos=-3.33 gripper.pos=+0.08
DEBUG 2026-09-03 08:17:49 [action #332] t=13.28s step=331 queue=18 dmax=1.709 | shoulder_pan.pos=-4.11 shoulder_lift.pos=-102.55 elbow_flex.pos=+85.34 wrist_flex.pos=+68.27 wrist_roll.pos=-3.28 gripper.pos=+0.08
DEBUG 2026-09-03 08:17:49 [action #333] t=13.32s step=332 queue=17 dmax=1.584 | shoulder_pan.pos=-4.40 shoulder_lift.pos=-104.13 elbow_flex.pos=+85.86 wrist_flex.pos=+68.84 wrist_roll.pos=-3.26 gripper.pos=+0.07
DEBUG 2026-09-03 08:17:49 [action #334] t=13.35s step=333 queue=16 dmax=1.010 | shoulder_pan.pos=-4.84 shoulder_lift.pos=-104.83 elbow_flex.pos=+86.87 wrist_flex.pos=+69.64 wrist_roll.pos=-3.24 gripper.pos=+0.10
DEBUG 2026-09-03 08:17:49 [action #335] t=13.38s step=334 queue=15 dmax=0.681 | shoulder_pan.pos=-5.21 shoulder_lift.pos=-105.42 elbow_flex.pos=+87.00 wrist_flex.pos=+70.32 wrist_roll.pos=-3.11 gripper.pos=+0.10
DEBUG 2026-09-03 08:17:49 [action #336] t=13.42s step=335 queue=14 dmax=0.799 | shoulder_pan.pos=-5.40 shoulder_lift.pos=-105.80 elbow_flex.pos=+87.33 wrist_flex.pos=+71.12 wrist_roll.pos=-2.97 gripper.pos=+0.20
DEBUG 2026-09-03 08:17:49 [action #337] t=13.45s step=336 queue=13 dmax=0.617 | shoulder_pan.pos=-5.57 shoulder_lift.pos=-105.68 elbow_flex.pos=+87.93 wrist_flex.pos=+71.74 wrist_roll.pos=-2.63 gripper.pos=+0.12
DEBUG 2026-09-03 08:17:49 [action #338] t=13.48s step=337 queue=12 dmax=0.466 | shoulder_pan.pos=-5.37 shoulder_lift.pos=-105.81 elbow_flex.pos=+87.61 wrist_flex.pos=+72.20 wrist_roll.pos=-2.30 gripper.pos=+0.10
DEBUG 2026-09-03 08:17:49 [action #339] t=13.52s step=338 queue=11 dmax=0.541 | shoulder_pan.pos=-5.21 shoulder_lift.pos=-105.69 elbow_flex.pos=+87.48 wrist_flex.pos=+72.74 wrist_roll.pos=-1.85 gripper.pos=+0.12
DEBUG 2026-09-03 08:17:49 [action #340] t=13.55s step=339 queue=10 dmax=0.556 | shoulder_pan.pos=-4.93 shoulder_lift.pos=-105.20 elbow_flex.pos=+88.04 wrist_flex.pos=+73.19 wrist_roll.pos=-1.36 gripper.pos=+0.15
DEBUG 2026-09-03 08:17:50 [action #341] t=13.58s step=340 queue=9 dmax=0.425 | shoulder_pan.pos=-4.90 shoulder_lift.pos=-105.35 elbow_flex.pos=+88.38 wrist_flex.pos=+73.44 wrist_roll.pos=-0.93 gripper.pos=-0.09
DEBUG 2026-09-03 08:17:50 [action #342] t=13.62s step=341 queue=8 dmax=0.436 | shoulder_pan.pos=-4.83 shoulder_lift.pos=-104.92 elbow_flex.pos=+88.38 wrist_flex.pos=+73.67 wrist_roll.pos=-0.60 gripper.pos=-0.03
DEBUG 2026-09-03 08:17:50 [action #343] t=13.65s step=342 queue=7 dmax=0.697 | shoulder_pan.pos=-4.75 shoulder_lift.pos=-104.22 elbow_flex.pos=+88.16 wrist_flex.pos=+73.65 wrist_roll.pos=-0.51 gripper.pos=+0.06
DEBUG 2026-09-03 08:17:50 [action #344] t=13.69s step=343 queue=6 dmax=0.672 | shoulder_pan.pos=-4.64 shoulder_lift.pos=-104.33 elbow_flex.pos=+88.54 wrist_flex.pos=+74.32 wrist_roll.pos=-0.32 gripper.pos=+0.03
DEBUG 2026-09-03 08:17:50 [action #345] t=13.72s step=344 queue=5 dmax=0.560 | shoulder_pan.pos=-4.71 shoulder_lift.pos=-103.77 elbow_flex.pos=+88.55 wrist_flex.pos=+74.64 wrist_roll.pos=-0.12 gripper.pos=+0.16
DEBUG 2026-09-03 08:17:50 [action #346] t=13.75s step=345 queue=4 dmax=0.629 | shoulder_pan.pos=-4.80 shoulder_lift.pos=-103.76 elbow_flex.pos=+88.16 wrist_flex.pos=+75.27 wrist_roll.pos=-0.08 gripper.pos=+0.04
DEBUG 2026-09-03 08:17:50 [action #347] t=13.79s step=346 queue=3 dmax=0.414 | shoulder_pan.pos=-4.72 shoulder_lift.pos=-103.81 elbow_flex.pos=+88.13 wrist_flex.pos=+75.68 wrist_roll.pos=+0.17 gripper.pos=+0.12
DEBUG 2026-09-03 08:17:50 [action #348] t=13.82s step=347 queue=2 dmax=0.481 | shoulder_pan.pos=-4.70 shoulder_lift.pos=-103.63 elbow_flex.pos=+87.81 wrist_flex.pos=+76.16 wrist_roll.pos=+0.31 gripper.pos=+0.16
DEBUG 2026-09-03 08:17:50 [action #349] t=13.85s step=348 queue=1 dmax=0.348 | shoulder_pan.pos=-4.63 shoulder_lift.pos=-103.97 elbow_flex.pos=+88.11 wrist_flex.pos=+76.51 wrist_roll.pos=+0.37 gripper.pos=+0.35
DEBUG 2026-09-03 08:17:50 [chunk] received 50 actions, timesteps 325..374 | first: shoulder_pan.pos=+1.48 shoulder_lift.pos=-51.31 elbow_flex.pos=+50.41 wrist_flex.pos=+69.31 wrist_roll.pos=-3.61 gripper.pos=-0.25 | last: shoulder_pan.pos=-2.96 shoulder_lift.pos=-101.72 elbow_flex.pos=+87.77 wrist_flex.pos=+77.42 wrist_roll.pos=-1.73 gripper.pos=-0.12
DEBUG 2026-09-03 08:17:50 [action #350] t=14.09s step=349 queue=26 dmax=14.377 | shoulder_pan.pos=-2.56 shoulder_lift.pos=-96.29 elbow_flex.pos=+84.46 wrist_flex.pos=+62.13 wrist_roll.pos=-3.37 gripper.pos=+0.01
DEBUG 2026-09-03 08:17:50 [action #351] t=14.12s step=350 queue=25 dmax=1.312 | shoulder_pan.pos=-2.60 shoulder_lift.pos=-97.60 elbow_flex.pos=+85.33 wrist_flex.pos=+62.24 wrist_roll.pos=-3.22 gripper.pos=+0.16
DEBUG 2026-09-03 08:17:50 [action #352] t=14.15s step=351 queue=24 dmax=1.305 | shoulder_pan.pos=-2.48 shoulder_lift.pos=-98.90 elbow_flex.pos=+85.99 wrist_flex.pos=+62.31 wrist_roll.pos=-3.20 gripper.pos=+0.12
DEBUG 2026-09-03 08:17:50 [action #353] t=14.19s step=352 queue=23 dmax=0.965 | shoulder_pan.pos=-2.54 shoulder_lift.pos=-99.87 elbow_flex.pos=+86.93 wrist_flex.pos=+62.83 wrist_roll.pos=-2.97 gripper.pos=+0.23
DEBUG 2026-09-03 08:17:50 [action #354] t=14.22s step=353 queue=22 dmax=1.140 | shoulder_pan.pos=-2.70 shoulder_lift.pos=-101.01 elbow_flex.pos=+87.92 wrist_flex.pos=+63.41 wrist_roll.pos=-2.82 gripper.pos=+0.17
DEBUG 2026-09-03 08:17:50 [action #355] t=14.25s step=354 queue=21 dmax=0.995 | shoulder_pan.pos=-2.57 shoulder_lift.pos=-102.00 elbow_flex.pos=+88.37 wrist_flex.pos=+64.29 wrist_roll.pos=-2.56 gripper.pos=+0.16
DEBUG 2026-09-03 08:17:50 [action #356] t=14.29s step=355 queue=20 dmax=1.188 | shoulder_pan.pos=-2.81 shoulder_lift.pos=-102.57 elbow_flex.pos=+88.37 wrist_flex.pos=+65.48 wrist_roll.pos=-2.16 gripper.pos=+0.04
DEBUG 2026-09-03 08:17:50 [action #357] t=14.32s step=356 queue=19 dmax=1.041 | shoulder_pan.pos=-2.78 shoulder_lift.pos=-102.73 elbow_flex.pos=+88.37 wrist_flex.pos=+66.52 wrist_roll.pos=-1.79 gripper.pos=+0.15
DEBUG 2026-09-03 08:17:50 [action #358] t=14.35s step=357 queue=18 dmax=1.082 | shoulder_pan.pos=-2.80 shoulder_lift.pos=-102.80 elbow_flex.pos=+88.15 wrist_flex.pos=+67.60 wrist_roll.pos=-1.71 gripper.pos=+0.20
DEBUG 2026-09-03 08:17:50 [action #359] t=14.39s step=358 queue=17 dmax=0.977 | shoulder_pan.pos=-2.77 shoulder_lift.pos=-102.76 elbow_flex.pos=+88.66 wrist_flex.pos=+68.58 wrist_roll.pos=-1.76 gripper.pos=-0.06
DEBUG 2026-09-03 08:17:50 [action #360] t=14.42s step=359 queue=16 dmax=1.133 | shoulder_pan.pos=-2.60 shoulder_lift.pos=-103.15 elbow_flex.pos=+88.48 wrist_flex.pos=+69.71 wrist_roll.pos=-1.93 gripper.pos=+0.07
DEBUG 2026-09-03 08:17:50 [action #361] t=14.45s step=360 queue=15 dmax=0.885 | shoulder_pan.pos=-2.50 shoulder_lift.pos=-103.03 elbow_flex.pos=+88.36 wrist_flex.pos=+70.60 wrist_roll.pos=-1.99 gripper.pos=+0.05
DEBUG 2026-09-03 08:17:50 [action #362] t=14.49s step=361 queue=14 dmax=0.962 | shoulder_pan.pos=-2.58 shoulder_lift.pos=-102.47 elbow_flex.pos=+88.37 wrist_flex.pos=+71.56 wrist_roll.pos=-2.07 gripper.pos=+0.01
DEBUG 2026-09-03 08:17:50 [action #363] t=14.52s step=362 queue=13 dmax=0.824 | shoulder_pan.pos=-2.33 shoulder_lift.pos=-102.64 elbow_flex.pos=+88.34 wrist_flex.pos=+72.38 wrist_roll.pos=-1.88 gripper.pos=-0.11
DEBUG 2026-09-03 08:17:50 [action #364] t=14.55s step=363 queue=12 dmax=1.059 | shoulder_pan.pos=-2.27 shoulder_lift.pos=-102.74 elbow_flex.pos=+87.85 wrist_flex.pos=+73.44 wrist_roll.pos=-2.05 gripper.pos=+0.01
DEBUG 2026-09-03 08:17:51 [action #365] t=14.59s step=364 queue=11 dmax=1.000 | shoulder_pan.pos=-2.66 shoulder_lift.pos=-102.33 elbow_flex.pos=+87.71 wrist_flex.pos=+74.44 wrist_roll.pos=-2.01 gripper.pos=+0.09
DEBUG 2026-09-03 08:17:51 [action #366] t=14.62s step=365 queue=10 dmax=1.083 | shoulder_pan.pos=-2.63 shoulder_lift.pos=-101.93 elbow_flex.pos=+87.80 wrist_flex.pos=+75.53 wrist_roll.pos=-2.03 gripper.pos=+0.13
DEBUG 2026-09-03 08:17:51 [action #367] t=14.66s step=366 queue=9 dmax=0.953 | shoulder_pan.pos=-3.03 shoulder_lift.pos=-101.62 elbow_flex.pos=+87.10 wrist_flex.pos=+76.48 wrist_roll.pos=-1.95 gripper.pos=+0.05
DEBUG 2026-09-03 08:17:51 [action #368] t=14.69s step=367 queue=8 dmax=0.518 | shoulder_pan.pos=-3.03 shoulder_lift.pos=-101.31 elbow_flex.pos=+87.62 wrist_flex.pos=+76.93 wrist_roll.pos=-1.96 gripper.pos=-0.05
DEBUG 2026-09-03 08:17:51 [action #369] t=14.72s step=368 queue=7 dmax=0.426 | shoulder_pan.pos=-2.97 shoulder_lift.pos=-101.68 elbow_flex.pos=+87.48 wrist_flex.pos=+77.36 wrist_roll.pos=-1.81 gripper.pos=+0.02
DEBUG 2026-09-03 08:17:51 [action #370] t=14.76s step=369 queue=6 dmax=0.243 | shoulder_pan.pos=-2.82 shoulder_lift.pos=-101.63 elbow_flex.pos=+87.73 wrist_flex.pos=+77.38 wrist_roll.pos=-1.82 gripper.pos=+0.03
DEBUG 2026-09-03 08:17:51 [action #371] t=14.79s step=370 queue=5 dmax=0.634 | shoulder_pan.pos=-2.86 shoulder_lift.pos=-100.99 elbow_flex.pos=+87.34 wrist_flex.pos=+77.27 wrist_roll.pos=-1.87 gripper.pos=-0.05
DEBUG 2026-09-03 08:17:51 [action #372] t=14.82s step=371 queue=4 dmax=0.707 | shoulder_pan.pos=-2.94 shoulder_lift.pos=-101.41 elbow_flex.pos=+88.05 wrist_flex.pos=+77.39 wrist_roll.pos=-1.91 gripper.pos=-0.15
DEBUG 2026-09-03 08:17:51 [action #373] t=14.86s step=372 queue=3 dmax=0.285 | shoulder_pan.pos=-2.90 shoulder_lift.pos=-101.70 elbow_flex.pos=+87.83 wrist_flex.pos=+77.19 wrist_roll.pos=-1.86 gripper.pos=-0.11
DEBUG 2026-09-03 08:17:51 [action #374] t=14.89s step=373 queue=2 dmax=0.351 | shoulder_pan.pos=-3.00 shoulder_lift.pos=-101.35 elbow_flex.pos=+87.93 wrist_flex.pos=+77.44 wrist_roll.pos=-1.68 gripper.pos=+0.02
DEBUG 2026-09-03 08:17:51 [action #375] t=14.92s step=374 queue=1 dmax=0.372 | shoulder_pan.pos=-2.96 shoulder_lift.pos=-101.72 elbow_flex.pos=+87.77 wrist_flex.pos=+77.42 wrist_roll.pos=-1.73 gripper.pos=-0.12
DEBUG 2026-09-03 08:17:51 [chunk] received 50 actions, timesteps 348..397 | first: shoulder_pan.pos=-4.74 shoulder_lift.pos=-102.36 elbow_flex.pos=+89.22 wrist_flex.pos=+77.08 wrist_roll.pos=-0.35 gripper.pos=+0.09 | last: shoulder_pan.pos=-5.29 shoulder_lift.pos=-101.69 elbow_flex.pos=+89.46 wrist_flex.pos=+77.37 wrist_roll.pos=-0.52 gripper.pos=+0.04
DEBUG 2026-09-03 08:17:51 [action #376] t=15.02s step=375 queue=23 dmax=2.351 | shoulder_pan.pos=-5.31 shoulder_lift.pos=-102.48 elbow_flex.pos=+89.28 wrist_flex.pos=+77.45 wrist_roll.pos=-0.37 gripper.pos=-0.25
DEBUG 2026-09-03 08:17:51 [action #377] t=15.06s step=376 queue=22 dmax=0.370 | shoulder_pan.pos=-5.59 shoulder_lift.pos=-102.59 elbow_flex.pos=+89.65 wrist_flex.pos=+77.51 wrist_roll.pos=-0.42 gripper.pos=-0.12
DEBUG 2026-09-03 08:17:51 [action #378] t=15.09s step=377 queue=21 dmax=0.540 | shoulder_pan.pos=-5.70 shoulder_lift.pos=-102.05 elbow_flex.pos=+89.58 wrist_flex.pos=+77.46 wrist_roll.pos=-0.45 gripper.pos=-0.13
DEBUG 2026-09-03 08:17:51 [action #379] t=15.12s step=378 queue=20 dmax=0.937 | shoulder_pan.pos=-5.50 shoulder_lift.pos=-102.99 elbow_flex.pos=+89.98 wrist_flex.pos=+77.51 wrist_roll.pos=-0.47 gripper.pos=-0.09
DEBUG 2026-09-03 08:17:51 [action #380] t=15.16s step=379 queue=19 dmax=0.268 | shoulder_pan.pos=-5.24 shoulder_lift.pos=-102.72 elbow_flex.pos=+89.80 wrist_flex.pos=+77.42 wrist_roll.pos=-0.41 gripper.pos=-0.03
DEBUG 2026-09-03 08:17:51 [action #381] t=15.19s step=380 queue=18 dmax=0.321 | shoulder_pan.pos=-5.56 shoulder_lift.pos=-102.44 elbow_flex.pos=+89.85 wrist_flex.pos=+77.64 wrist_roll.pos=-0.44 gripper.pos=-0.20
DEBUG 2026-09-03 08:17:51 [action #382] t=15.22s step=381 queue=17 dmax=0.110 | shoulder_pan.pos=-5.65 shoulder_lift.pos=-102.35 elbow_flex.pos=+89.74 wrist_flex.pos=+77.65 wrist_roll.pos=-0.45 gripper.pos=-0.12
DEBUG 2026-09-03 08:17:51 [action #383] t=15.26s step=382 queue=16 dmax=0.350 | shoulder_pan.pos=-5.30 shoulder_lift.pos=-102.42 elbow_flex.pos=+89.69 wrist_flex.pos=+77.52 wrist_roll.pos=-0.43 gripper.pos=-0.14
DEBUG 2026-09-03 08:17:51 [action #384] t=15.29s step=383 queue=15 dmax=0.213 | shoulder_pan.pos=-5.51 shoulder_lift.pos=-102.51 elbow_flex.pos=+89.81 wrist_flex.pos=+77.60 wrist_roll.pos=-0.44 gripper.pos=-0.06
DEBUG 2026-09-03 08:17:51 [action #385] t=15.32s step=384 queue=14 dmax=0.429 | shoulder_pan.pos=-5.34 shoulder_lift.pos=-102.41 elbow_flex.pos=+89.38 wrist_flex.pos=+77.43 wrist_roll.pos=-0.47 gripper.pos=-0.10
DEBUG 2026-09-03 08:17:51 [action #386] t=15.36s step=385 queue=13 dmax=0.520 | shoulder_pan.pos=-5.45 shoulder_lift.pos=-102.73 elbow_flex.pos=+89.90 wrist_flex.pos=+77.54 wrist_roll.pos=-0.46 gripper.pos=-0.06
DEBUG 2026-09-03 08:17:51 [action #387] t=15.39s step=386 queue=12 dmax=0.620 | shoulder_pan.pos=-5.19 shoulder_lift.pos=-102.45 elbow_flex.pos=+89.28 wrist_flex.pos=+77.61 wrist_roll.pos=-0.38 gripper.pos=-0.15
DEBUG 2026-09-03 08:17:51 [action #388] t=15.42s step=387 queue=11 dmax=0.675 | shoulder_pan.pos=-5.44 shoulder_lift.pos=-102.13 elbow_flex.pos=+89.96 wrist_flex.pos=+77.39 wrist_roll.pos=-0.41 gripper.pos=-0.11
DEBUG 2026-09-03 08:17:51 [action #389] t=15.46s step=388 queue=10 dmax=0.461 | shoulder_pan.pos=-5.41 shoulder_lift.pos=-101.80 elbow_flex.pos=+89.50 wrist_flex.pos=+77.47 wrist_roll.pos=-0.50 gripper.pos=-0.15
DEBUG 2026-09-03 08:17:51 [action #390] t=15.49s step=389 queue=9 dmax=0.666 | shoulder_pan.pos=-5.50 shoulder_lift.pos=-102.46 elbow_flex.pos=+89.44 wrist_flex.pos=+77.38 wrist_roll.pos=-0.47 gripper.pos=+0.02
DEBUG 2026-09-03 08:17:51 [action #391] t=15.53s step=390 queue=8 dmax=0.581 | shoulder_pan.pos=-5.40 shoulder_lift.pos=-102.17 elbow_flex.pos=+90.02 wrist_flex.pos=+77.32 wrist_roll.pos=-0.48 gripper.pos=-0.15
DEBUG 2026-09-03 08:17:51 [action #392] t=15.56s step=391 queue=7 dmax=0.461 | shoulder_pan.pos=-5.19 shoulder_lift.pos=-102.41 elbow_flex.pos=+89.56 wrist_flex.pos=+77.40 wrist_roll.pos=-0.44 gripper.pos=-0.13
DEBUG 2026-09-03 08:17:52 [action #393] t=15.59s step=392 queue=6 dmax=0.799 | shoulder_pan.pos=-5.19 shoulder_lift.pos=-101.61 elbow_flex.pos=+89.44 wrist_flex.pos=+77.45 wrist_roll.pos=-0.48 gripper.pos=-0.02
DEBUG 2026-09-03 08:17:52 [action #394] t=15.63s step=393 queue=5 dmax=0.587 | shoulder_pan.pos=-5.35 shoulder_lift.pos=-102.20 elbow_flex.pos=+89.50 wrist_flex.pos=+77.40 wrist_roll.pos=-0.50 gripper.pos=-0.15
DEBUG 2026-09-03 08:17:52 [action #395] t=15.66s step=394 queue=4 dmax=0.177 | shoulder_pan.pos=-5.32 shoulder_lift.pos=-102.02 elbow_flex.pos=+89.55 wrist_flex.pos=+77.38 wrist_roll.pos=-0.53 gripper.pos=-0.12
DEBUG 2026-09-03 08:17:52 [action #396] t=15.69s step=395 queue=3 dmax=0.197 | shoulder_pan.pos=-5.17 shoulder_lift.pos=-101.92 elbow_flex.pos=+89.35 wrist_flex.pos=+77.28 wrist_roll.pos=-0.46 gripper.pos=+0.06
DEBUG 2026-09-03 08:17:52 [action #397] t=15.73s step=396 queue=2 dmax=0.360 | shoulder_pan.pos=-5.17 shoulder_lift.pos=-102.28 elbow_flex.pos=+89.67 wrist_flex.pos=+77.32 wrist_roll.pos=-0.56 gripper.pos=-0.00
DEBUG 2026-09-03 08:17:52 [action #398] t=15.76s step=397 queue=1 dmax=0.588 | shoulder_pan.pos=-5.29 shoulder_lift.pos=-101.69 elbow_flex.pos=+89.46 wrist_flex.pos=+77.37 wrist_roll.pos=-0.52 gripper.pos=+0.04
DEBUG 2026-09-03 08:17:52 [chunk] received 50 actions, timesteps 374..423 | first: shoulder_pan.pos=-2.77 shoulder_lift.pos=-101.85 elbow_flex.pos=+88.83 wrist_flex.pos=+76.88 wrist_roll.pos=-2.13 gripper.pos=+0.20 | last: shoulder_pan.pos=-3.14 shoulder_lift.pos=-101.43 elbow_flex.pos=+88.69 wrist_flex.pos=+77.34 wrist_roll.pos=-2.26 gripper.pos=+0.10
DEBUG 2026-09-03 08:17:52 [action #399] t=15.99s step=398 queue=26 dmax=2.167 | shoulder_pan.pos=-3.12 shoulder_lift.pos=-102.09 elbow_flex.pos=+89.02 wrist_flex.pos=+77.33 wrist_roll.pos=-2.13 gripper.pos=-0.06
DEBUG 2026-09-03 08:17:52 [action #400] t=16.03s step=399 queue=25 dmax=0.094 | shoulder_pan.pos=-3.16 shoulder_lift.pos=-102.13 elbow_flex.pos=+89.12 wrist_flex.pos=+77.32 wrist_roll.pos=-2.18 gripper.pos=+0.03
DEBUG 2026-09-03 08:17:52 [action #401] t=16.06s step=400 queue=24 dmax=0.074 | shoulder_pan.pos=-3.10 shoulder_lift.pos=-102.05 elbow_flex.pos=+89.13 wrist_flex.pos=+77.28 wrist_roll.pos=-2.15 gripper.pos=+0.02
DEBUG 2026-09-03 08:17:52 [action #402] t=16.09s step=401 queue=23 dmax=0.391 | shoulder_pan.pos=-2.99 shoulder_lift.pos=-102.29 elbow_flex.pos=+89.52 wrist_flex.pos=+77.30 wrist_roll.pos=-2.11 gripper.pos=-0.05
DEBUG 2026-09-03 08:17:52 [action #403] t=16.13s step=402 queue=22 dmax=0.413 | shoulder_pan.pos=-3.15 shoulder_lift.pos=-102.40 elbow_flex.pos=+89.10 wrist_flex.pos=+77.56 wrist_roll.pos=-2.14 gripper.pos=+0.03
DEBUG 2026-09-03 08:17:52 [action #404] t=16.16s step=403 queue=21 dmax=0.267 | shoulder_pan.pos=-3.00 shoulder_lift.pos=-102.29 elbow_flex.pos=+88.90 wrist_flex.pos=+77.29 wrist_roll.pos=-2.17 gripper.pos=-0.02
DEBUG 2026-09-03 08:17:52 [action #405] t=16.19s step=404 queue=20 dmax=0.116 | shoulder_pan.pos=-3.06 shoulder_lift.pos=-102.22 elbow_flex.pos=+88.85 wrist_flex.pos=+77.39 wrist_roll.pos=-2.20 gripper.pos=+0.10
DEBUG 2026-09-03 08:17:52 [action #406] t=16.23s step=405 queue=19 dmax=0.161 | shoulder_pan.pos=-2.90 shoulder_lift.pos=-102.36 elbow_flex.pos=+88.92 wrist_flex.pos=+77.28 wrist_roll.pos=-2.19 gripper.pos=+0.07
DEBUG 2026-09-03 08:17:52 [action #407] t=16.26s step=406 queue=18 dmax=0.723 | shoulder_pan.pos=-2.87 shoulder_lift.pos=-101.63 elbow_flex.pos=+88.75 wrist_flex.pos=+77.30 wrist_roll.pos=-2.14 gripper.pos=+0.18
DEBUG 2026-09-03 08:17:52 [action #408] t=16.29s step=407 queue=17 dmax=0.473 | shoulder_pan.pos=-2.88 shoulder_lift.pos=-102.11 elbow_flex.pos=+89.01 wrist_flex.pos=+77.34 wrist_roll.pos=-2.18 gripper.pos=+0.03
DEBUG 2026-09-03 08:17:52 [action #409] t=16.33s step=408 queue=16 dmax=0.246 | shoulder_pan.pos=-2.82 shoulder_lift.pos=-101.96 elbow_flex.pos=+88.76 wrist_flex.pos=+77.28 wrist_roll.pos=-2.19 gripper.pos=+0.06
DEBUG 2026-09-03 08:17:52 [action #410] t=16.36s step=409 queue=15 dmax=0.219 | shoulder_pan.pos=-3.04 shoulder_lift.pos=-101.84 elbow_flex.pos=+88.79 wrist_flex.pos=+77.35 wrist_roll.pos=-2.26 gripper.pos=+0.24
DEBUG 2026-09-03 08:17:52 [action #411] t=16.40s step=410 queue=14 dmax=0.274 | shoulder_pan.pos=-2.87 shoulder_lift.pos=-102.12 elbow_flex.pos=+88.78 wrist_flex.pos=+77.34 wrist_roll.pos=-2.20 gripper.pos=+0.16
DEBUG 2026-09-03 08:17:52 [action #412] t=16.43s step=411 queue=13 dmax=0.114 | shoulder_pan.pos=-2.98 shoulder_lift.pos=-102.01 elbow_flex.pos=+88.83 wrist_flex.pos=+77.37 wrist_roll.pos=-2.21 gripper.pos=+0.07
DEBUG 2026-09-03 08:17:52 [action #413] t=16.46s step=412 queue=12 dmax=0.295 | shoulder_pan.pos=-3.00 shoulder_lift.pos=-101.71 elbow_flex.pos=+88.82 wrist_flex.pos=+77.27 wrist_roll.pos=-2.22 gripper.pos=+0.08
DEBUG 2026-09-03 08:17:52 [action #414] t=16.50s step=413 queue=11 dmax=0.209 | shoulder_pan.pos=-2.79 shoulder_lift.pos=-101.65 elbow_flex.pos=+88.87 wrist_flex.pos=+77.37 wrist_roll.pos=-2.17 gripper.pos=+0.01
DEBUG 2026-09-03 08:17:52 [action #415] t=16.53s step=414 queue=10 dmax=0.406 | shoulder_pan.pos=-2.89 shoulder_lift.pos=-102.05 elbow_flex.pos=+89.17 wrist_flex.pos=+77.32 wrist_roll.pos=-2.31 gripper.pos=+0.05
DEBUG 2026-09-03 08:17:53 [action #416] t=16.56s step=415 queue=9 dmax=0.561 | shoulder_pan.pos=-3.04 shoulder_lift.pos=-101.49 elbow_flex.pos=+88.97 wrist_flex.pos=+77.28 wrist_roll.pos=-2.19 gripper.pos=+0.19
DEBUG 2026-09-03 08:17:53 [action #417] t=16.60s step=416 queue=8 dmax=0.304 | shoulder_pan.pos=-3.11 shoulder_lift.pos=-101.78 elbow_flex.pos=+88.67 wrist_flex.pos=+77.42 wrist_roll.pos=-2.24 gripper.pos=+0.10
DEBUG 2026-09-03 08:17:53 [action #418] t=16.63s step=417 queue=7 dmax=0.188 | shoulder_pan.pos=-3.07 shoulder_lift.pos=-101.97 elbow_flex.pos=+88.78 wrist_flex.pos=+77.34 wrist_roll.pos=-2.23 gripper.pos=+0.12
DEBUG 2026-09-03 08:17:53 [action #419] t=16.66s step=418 queue=6 dmax=0.403 | shoulder_pan.pos=-3.12 shoulder_lift.pos=-101.57 elbow_flex.pos=+88.52 wrist_flex.pos=+77.40 wrist_roll.pos=-2.19 gripper.pos=+0.03
DEBUG 2026-09-03 08:17:53 [action #420] t=16.70s step=419 queue=5 dmax=0.446 | shoulder_pan.pos=-3.07 shoulder_lift.pos=-101.78 elbow_flex.pos=+88.97 wrist_flex.pos=+77.32 wrist_roll.pos=-2.18 gripper.pos=+0.04
DEBUG 2026-09-03 08:17:53 [action #421] t=16.73s step=420 queue=4 dmax=0.210 | shoulder_pan.pos=-3.02 shoulder_lift.pos=-101.99 elbow_flex.pos=+89.15 wrist_flex.pos=+77.29 wrist_roll.pos=-2.27 gripper.pos=+0.04
DEBUG 2026-09-03 08:17:53 [action #422] t=16.76s step=421 queue=3 dmax=0.119 | shoulder_pan.pos=-3.04 shoulder_lift.pos=-102.11 elbow_flex.pos=+89.12 wrist_flex.pos=+77.34 wrist_roll.pos=-2.20 gripper.pos=+0.12
DEBUG 2026-09-03 08:17:53 [action #423] t=16.80s step=422 queue=2 dmax=0.863 | shoulder_pan.pos=-3.06 shoulder_lift.pos=-101.25 elbow_flex.pos=+88.65 wrist_flex.pos=+77.24 wrist_roll.pos=-2.19 gripper.pos=+0.12
DEBUG 2026-09-03 08:17:53 [chunk] received 50 actions, timesteps 397..446 | first: shoulder_pan.pos=-5.65 shoulder_lift.pos=-102.08 elbow_flex.pos=+89.99 wrist_flex.pos=+77.17 wrist_roll.pos=-0.65 gripper.pos=+0.13 | last: shoulder_pan.pos=-5.79 shoulder_lift.pos=-102.90 elbow_flex.pos=+89.29 wrist_flex.pos=+77.59 wrist_roll.pos=-0.96 gripper.pos=+0.15
INFO 2026-09-03 08:17:58 Final action sent: shoulder_pan.pos=-3.06 shoulder_lift.pos=-101.25 elbow_flex.pos=+88.65 wrist_flex.pos=+77.24 wrist_roll.pos=-2.19 gripper.pos=+0.12
DEBUG 2026-09-03 08:17:58 === episode end | 21.7s | converged=True | actions=423 ===
