DEBUG 2026-09-03 09:01:45 === episode start | task: 'put the bag on the tray' | duration: 50.0s ===
DEBUG 2026-09-03 09:01:46 [chunk] dropped stale chunk (ts0=1318 > max_sent=0)
DEBUG 2026-09-03 09:01:47 [chunk] received 50 actions, timesteps 0..49 | first: shoulder_pan.pos=-5.19 shoulder_lift.pos=-99.54 elbow_flex.pos=+88.07 wrist_flex.pos=+74.19 wrist_roll.pos=+0.05 gripper.pos=+1.68 | last: shoulder_pan.pos=-27.09 shoulder_lift.pos=-101.74 elbow_flex.pos=+84.99 wrist_flex.pos=+72.32 wrist_roll.pos=-0.79 gripper.pos=+1.17
DEBUG 2026-09-03 09:01:47 [action #1] t=1.87s step=0 queue=50 dmax=n/a | shoulder_pan.pos=-5.19 shoulder_lift.pos=-99.54 elbow_flex.pos=+88.07 wrist_flex.pos=+74.19 wrist_roll.pos=+0.05 gripper.pos=+1.68
DEBUG 2026-09-03 09:01:47 [action #2] t=1.91s step=1 queue=49 dmax=1.291 | shoulder_pan.pos=-4.93 shoulder_lift.pos=-99.69 elbow_flex.pos=+86.78 wrist_flex.pos=+74.12 wrist_roll.pos=+0.05 gripper.pos=+1.48
DEBUG 2026-09-03 09:01:47 [action #3] t=1.94s step=2 queue=48 dmax=0.860 | shoulder_pan.pos=-5.70 shoulder_lift.pos=-100.11 elbow_flex.pos=+87.64 wrist_flex.pos=+73.96 wrist_roll.pos=+0.01 gripper.pos=+1.30
DEBUG 2026-09-03 09:01:47 [action #4] t=1.97s step=3 queue=47 dmax=0.625 | shoulder_pan.pos=-6.32 shoulder_lift.pos=-100.45 elbow_flex.pos=+87.36 wrist_flex.pos=+73.80 wrist_roll.pos=+0.04 gripper.pos=+1.58
DEBUG 2026-09-03 09:01:47 [action #5] t=2.01s step=4 queue=46 dmax=0.702 | shoulder_pan.pos=-6.52 shoulder_lift.pos=-100.21 elbow_flex.pos=+88.06 wrist_flex.pos=+73.77 wrist_roll.pos=-0.04 gripper.pos=+1.34
DEBUG 2026-09-03 09:01:47 [action #6] t=2.04s step=5 queue=45 dmax=0.691 | shoulder_pan.pos=-7.22 shoulder_lift.pos=-100.12 elbow_flex.pos=+88.05 wrist_flex.pos=+73.73 wrist_roll.pos=+0.09 gripper.pos=+1.35
DEBUG 2026-09-03 09:01:47 [action #7] t=2.07s step=6 queue=44 dmax=0.268 | shoulder_pan.pos=-7.08 shoulder_lift.pos=-99.85 elbow_flex.pos=+87.84 wrist_flex.pos=+73.78 wrist_roll.pos=-0.00 gripper.pos=+1.32
DEBUG 2026-09-03 09:01:47 [action #8] t=2.11s step=7 queue=43 dmax=0.623 | shoulder_pan.pos=-7.34 shoulder_lift.pos=-100.47 elbow_flex.pos=+87.33 wrist_flex.pos=+73.39 wrist_roll.pos=+0.09 gripper.pos=+1.42
DEBUG 2026-09-03 09:01:47 [action #9] t=2.14s step=8 queue=42 dmax=0.223 | shoulder_pan.pos=-7.56 shoulder_lift.pos=-100.69 elbow_flex.pos=+87.33 wrist_flex.pos=+73.33 wrist_roll.pos=+0.04 gripper.pos=+1.39
DEBUG 2026-09-03 09:01:47 [action #10] t=2.17s step=9 queue=41 dmax=0.663 | shoulder_pan.pos=-7.61 shoulder_lift.pos=-101.36 elbow_flex.pos=+87.59 wrist_flex.pos=+73.41 wrist_roll.pos=-0.02 gripper.pos=+1.15
DEBUG 2026-09-03 09:01:47 [action #11] t=2.21s step=10 queue=40 dmax=0.619 | shoulder_pan.pos=-8.15 shoulder_lift.pos=-100.74 elbow_flex.pos=+87.02 wrist_flex.pos=+73.49 wrist_roll.pos=+0.12 gripper.pos=+1.32
DEBUG 2026-09-03 09:01:47 [action #12] t=2.24s step=11 queue=39 dmax=0.468 | shoulder_pan.pos=-8.43 shoulder_lift.pos=-100.65 elbow_flex.pos=+87.49 wrist_flex.pos=+73.10 wrist_roll.pos=-0.07 gripper.pos=+1.13
DEBUG 2026-09-03 09:01:47 [action #13] t=2.27s step=12 queue=38 dmax=0.467 | shoulder_pan.pos=-8.73 shoulder_lift.pos=-100.30 elbow_flex.pos=+87.95 wrist_flex.pos=+73.44 wrist_roll.pos=+0.06 gripper.pos=+1.08
DEBUG 2026-09-03 09:01:47 [action #14] t=2.31s step=13 queue=37 dmax=0.658 | shoulder_pan.pos=-9.39 shoulder_lift.pos=-100.76 elbow_flex.pos=+87.61 wrist_flex.pos=+73.39 wrist_roll.pos=+0.03 gripper.pos=+1.23
DEBUG 2026-09-03 09:01:47 [action #15] t=2.34s step=14 queue=36 dmax=0.584 | shoulder_pan.pos=-9.97 shoulder_lift.pos=-100.98 elbow_flex.pos=+87.44 wrist_flex.pos=+73.37 wrist_roll.pos=+0.07 gripper.pos=+1.40
DEBUG 2026-09-03 09:01:47 [action #16] t=2.37s step=15 queue=35 dmax=0.624 | shoulder_pan.pos=-10.60 shoulder_lift.pos=-100.71 elbow_flex.pos=+86.92 wrist_flex.pos=+73.42 wrist_roll.pos=+0.02 gripper.pos=+1.16
DEBUG 2026-09-03 09:01:47 [action #17] t=2.41s step=16 queue=34 dmax=1.002 | shoulder_pan.pos=-11.60 shoulder_lift.pos=-100.93 elbow_flex.pos=+87.59 wrist_flex.pos=+73.41 wrist_roll.pos=+0.06 gripper.pos=+1.17
DEBUG 2026-09-03 09:01:47 [action #18] t=2.44s step=17 queue=33 dmax=0.619 | shoulder_pan.pos=-12.22 shoulder_lift.pos=-101.09 elbow_flex.pos=+87.21 wrist_flex.pos=+73.14 wrist_roll.pos=+0.03 gripper.pos=+1.16
DEBUG 2026-09-03 09:01:47 [action #19] t=2.47s step=18 queue=32 dmax=1.211 | shoulder_pan.pos=-13.06 shoulder_lift.pos=-102.30 elbow_flex.pos=+87.11 wrist_flex.pos=+73.24 wrist_roll.pos=+0.02 gripper.pos=+1.27
DEBUG 2026-09-03 09:01:47 [action #20] t=2.51s step=19 queue=31 dmax=0.881 | shoulder_pan.pos=-13.94 shoulder_lift.pos=-102.38 elbow_flex.pos=+87.23 wrist_flex.pos=+73.38 wrist_roll.pos=-0.04 gripper.pos=+1.24
DEBUG 2026-09-03 09:01:48 [action #21] t=2.54s step=20 queue=30 dmax=0.792 | shoulder_pan.pos=-14.69 shoulder_lift.pos=-101.59 elbow_flex.pos=+86.70 wrist_flex.pos=+73.24 wrist_roll.pos=-0.07 gripper.pos=+1.13
DEBUG 2026-09-03 09:01:48 [action #22] t=2.58s step=21 queue=29 dmax=0.720 | shoulder_pan.pos=-15.41 shoulder_lift.pos=-101.74 elbow_flex.pos=+86.67 wrist_flex.pos=+73.58 wrist_roll.pos=-0.02 gripper.pos=+1.25
DEBUG 2026-09-03 09:01:48 [action #23] t=2.61s step=22 queue=28 dmax=0.848 | shoulder_pan.pos=-16.26 shoulder_lift.pos=-102.03 elbow_flex.pos=+86.94 wrist_flex.pos=+73.64 wrist_roll.pos=+0.08 gripper.pos=+1.13
DEBUG 2026-09-03 09:01:48 [action #24] t=2.64s step=23 queue=27 dmax=0.459 | shoulder_pan.pos=-16.72 shoulder_lift.pos=-102.10 elbow_flex.pos=+86.53 wrist_flex.pos=+73.59 wrist_roll.pos=-0.06 gripper.pos=+1.08
DEBUG 2026-09-03 09:01:48 [action #25] t=2.68s step=24 queue=26 dmax=0.639 | shoulder_pan.pos=-17.36 shoulder_lift.pos=-102.10 elbow_flex.pos=+86.93 wrist_flex.pos=+73.62 wrist_roll.pos=+0.03 gripper.pos=+1.16
DEBUG 2026-09-03 09:01:48 [action #26] t=2.71s step=25 queue=25 dmax=0.838 | shoulder_pan.pos=-18.20 shoulder_lift.pos=-101.48 elbow_flex.pos=+86.92 wrist_flex.pos=+73.43 wrist_roll.pos=-0.11 gripper.pos=+1.26
DEBUG 2026-09-03 09:01:48 [action #27] t=2.74s step=26 queue=24 dmax=0.902 | shoulder_pan.pos=-18.67 shoulder_lift.pos=-102.38 elbow_flex.pos=+86.33 wrist_flex.pos=+73.41 wrist_roll.pos=-0.04 gripper.pos=+1.37
DEBUG 2026-09-03 09:01:48 [action #28] t=2.78s step=27 queue=23 dmax=1.117 | shoulder_pan.pos=-19.78 shoulder_lift.pos=-101.83 elbow_flex.pos=+87.14 wrist_flex.pos=+73.39 wrist_roll.pos=-0.04 gripper.pos=+1.30
DEBUG 2026-09-03 09:01:48 [action #29] t=2.81s step=28 queue=22 dmax=1.063 | shoulder_pan.pos=-20.85 shoulder_lift.pos=-102.68 elbow_flex.pos=+86.34 wrist_flex.pos=+73.56 wrist_roll.pos=-0.03 gripper.pos=+1.11
DEBUG 2026-09-03 09:01:48 [action #30] t=2.84s step=29 queue=21 dmax=0.675 | shoulder_pan.pos=-21.52 shoulder_lift.pos=-102.49 elbow_flex.pos=+86.53 wrist_flex.pos=+73.50 wrist_roll.pos=-0.04 gripper.pos=+1.10
DEBUG 2026-09-03 09:01:48 [action #31] t=2.88s step=30 queue=20 dmax=0.921 | shoulder_pan.pos=-22.44 shoulder_lift.pos=-102.17 elbow_flex.pos=+86.02 wrist_flex.pos=+73.39 wrist_roll.pos=-0.10 gripper.pos=+1.06
DEBUG 2026-09-03 09:01:48 [chunk] received 50 actions, timesteps 3..52 | first: shoulder_pan.pos=-5.00 shoulder_lift.pos=-97.97 elbow_flex.pos=+86.11 wrist_flex.pos=+73.67 wrist_roll.pos=-0.05 gripper.pos=+1.53 | last: shoulder_pan.pos=-25.43 shoulder_lift.pos=-99.45 elbow_flex.pos=+75.88 wrist_flex.pos=+74.45 wrist_roll.pos=-2.16 gripper.pos=+1.34
DEBUG 2026-09-03 09:01:48 [action #32] t=2.91s step=31 queue=22 dmax=3.097 | shoulder_pan.pos=-19.35 shoulder_lift.pos=-101.13 elbow_flex.pos=+83.66 wrist_flex.pos=+73.65 wrist_roll.pos=-0.27 gripper.pos=+1.29
DEBUG 2026-09-03 09:01:48 [action #33] t=2.94s step=32 queue=21 dmax=0.682 | shoulder_pan.pos=-19.59 shoulder_lift.pos=-100.45 elbow_flex.pos=+83.05 wrist_flex.pos=+73.68 wrist_roll.pos=-0.28 gripper.pos=+1.38
DEBUG 2026-09-03 09:01:48 [action #34] t=2.98s step=33 queue=20 dmax=0.695 | shoulder_pan.pos=-20.25 shoulder_lift.pos=-101.14 elbow_flex.pos=+82.93 wrist_flex.pos=+73.73 wrist_roll.pos=-0.29 gripper.pos=+1.43
DEBUG 2026-09-03 09:01:48 [action #35] t=3.01s step=34 queue=19 dmax=0.623 | shoulder_pan.pos=-20.80 shoulder_lift.pos=-101.10 elbow_flex.pos=+82.31 wrist_flex.pos=+73.84 wrist_roll.pos=-0.27 gripper.pos=+1.38
DEBUG 2026-09-03 09:01:48 [action #36] t=3.04s step=35 queue=18 dmax=0.554 | shoulder_pan.pos=-21.35 shoulder_lift.pos=-101.12 elbow_flex.pos=+82.76 wrist_flex.pos=+73.65 wrist_roll.pos=-0.40 gripper.pos=+1.38
DEBUG 2026-09-03 09:01:48 [action #37] t=3.08s step=36 queue=17 dmax=0.603 | shoulder_pan.pos=-21.95 shoulder_lift.pos=-100.97 elbow_flex.pos=+82.89 wrist_flex.pos=+73.68 wrist_roll.pos=-0.44 gripper.pos=+1.35
DEBUG 2026-09-03 09:01:48 [action #38] t=3.11s step=37 queue=16 dmax=1.081 | shoulder_pan.pos=-22.49 shoulder_lift.pos=-100.63 elbow_flex.pos=+81.81 wrist_flex.pos=+73.55 wrist_roll.pos=-0.46 gripper.pos=+1.43
DEBUG 2026-09-03 09:01:48 [action #39] t=3.14s step=38 queue=15 dmax=0.524 | shoulder_pan.pos=-23.02 shoulder_lift.pos=-100.52 elbow_flex.pos=+81.81 wrist_flex.pos=+73.66 wrist_roll.pos=-0.61 gripper.pos=+1.33
DEBUG 2026-09-03 09:01:48 [action #40] t=3.18s step=39 queue=14 dmax=0.545 | shoulder_pan.pos=-23.50 shoulder_lift.pos=-100.68 elbow_flex.pos=+81.26 wrist_flex.pos=+73.70 wrist_roll.pos=-0.61 gripper.pos=+1.26
DEBUG 2026-09-03 09:01:48 [action #41] t=3.21s step=40 queue=13 dmax=0.513 | shoulder_pan.pos=-24.02 shoulder_lift.pos=-100.81 elbow_flex.pos=+81.14 wrist_flex.pos=+73.62 wrist_roll.pos=-0.72 gripper.pos=+1.23
DEBUG 2026-09-03 09:01:48 [action #42] t=3.24s step=41 queue=12 dmax=0.578 | shoulder_pan.pos=-24.39 shoulder_lift.pos=-100.66 elbow_flex.pos=+80.56 wrist_flex.pos=+73.80 wrist_roll.pos=-0.81 gripper.pos=+1.34
DEBUG 2026-09-03 09:01:48 [action #43] t=3.28s step=42 queue=11 dmax=0.336 | shoulder_pan.pos=-24.69 shoulder_lift.pos=-100.34 elbow_flex.pos=+80.89 wrist_flex.pos=+73.82 wrist_roll.pos=-1.00 gripper.pos=+1.20
DEBUG 2026-09-03 09:01:48 [action #44] t=3.31s step=43 queue=10 dmax=0.674 | shoulder_pan.pos=-24.74 shoulder_lift.pos=-100.74 elbow_flex.pos=+80.22 wrist_flex.pos=+73.79 wrist_roll.pos=-1.00 gripper.pos=+1.37
DEBUG 2026-09-03 09:01:48 [action #45] t=3.34s step=44 queue=9 dmax=0.510 | shoulder_pan.pos=-25.20 shoulder_lift.pos=-101.10 elbow_flex.pos=+79.71 wrist_flex.pos=+73.88 wrist_roll.pos=-1.20 gripper.pos=+1.20
DEBUG 2026-09-03 09:01:48 [action #46] t=3.38s step=45 queue=8 dmax=0.458 | shoulder_pan.pos=-25.55 shoulder_lift.pos=-100.64 elbow_flex.pos=+79.48 wrist_flex.pos=+73.64 wrist_roll.pos=-1.29 gripper.pos=+1.16
DEBUG 2026-09-03 09:01:48 [action #47] t=3.41s step=46 queue=7 dmax=0.576 | shoulder_pan.pos=-25.73 shoulder_lift.pos=-100.07 elbow_flex.pos=+79.53 wrist_flex.pos=+73.85 wrist_roll.pos=-1.47 gripper.pos=+1.24
DEBUG 2026-09-03 09:01:48 [action #48] t=3.44s step=47 queue=6 dmax=0.572 | shoulder_pan.pos=-25.53 shoulder_lift.pos=-100.64 elbow_flex.pos=+79.33 wrist_flex.pos=+74.07 wrist_roll.pos=-1.48 gripper.pos=+1.19
DEBUG 2026-09-03 09:01:48 [action #49] t=3.48s step=48 queue=5 dmax=0.334 | shoulder_pan.pos=-25.54 shoulder_lift.pos=-100.31 elbow_flex.pos=+79.39 wrist_flex.pos=+73.96 wrist_roll.pos=-1.71 gripper.pos=+1.20
DEBUG 2026-09-03 09:01:48 [action #50] t=3.51s step=49 queue=4 dmax=0.591 | shoulder_pan.pos=-25.68 shoulder_lift.pos=-100.04 elbow_flex.pos=+78.80 wrist_flex.pos=+73.96 wrist_roll.pos=-1.64 gripper.pos=+1.21
DEBUG 2026-09-03 09:01:49 [action #51] t=3.54s step=50 queue=3 dmax=1.927 | shoulder_pan.pos=-25.30 shoulder_lift.pos=-99.34 elbow_flex.pos=+76.88 wrist_flex.pos=+74.63 wrist_roll.pos=-2.15 gripper.pos=+1.13
DEBUG 2026-09-03 09:01:49 [action #52] t=3.58s step=51 queue=2 dmax=0.619 | shoulder_pan.pos=-25.51 shoulder_lift.pos=-99.30 elbow_flex.pos=+76.26 wrist_flex.pos=+74.56 wrist_roll.pos=-2.01 gripper.pos=+1.20
DEBUG 2026-09-03 09:01:49 [action #53] t=3.61s step=52 queue=1 dmax=0.379 | shoulder_pan.pos=-25.43 shoulder_lift.pos=-99.45 elbow_flex.pos=+75.88 wrist_flex.pos=+74.45 wrist_roll.pos=-2.16 gripper.pos=+1.34
DEBUG 2026-09-03 09:01:49 [chunk] received 50 actions, timesteps 30..79 | first: shoulder_pan.pos=-21.19 shoulder_lift.pos=-100.97 elbow_flex.pos=+87.29 wrist_flex.pos=+74.10 wrist_roll.pos=+0.13 gripper.pos=+1.42 | last: shoulder_pan.pos=-38.39 shoulder_lift.pos=-100.12 elbow_flex.pos=+85.89 wrist_flex.pos=+65.64 wrist_roll.pos=-0.67 gripper.pos=+1.16
DEBUG 2026-09-03 09:01:49 [action #54] t=3.85s step=53 queue=27 dmax=10.163 | shoulder_pan.pos=-31.54 shoulder_lift.pos=-101.44 elbow_flex.pos=+86.04 wrist_flex.pos=+73.78 wrist_roll.pos=-0.10 gripper.pos=+1.21
DEBUG 2026-09-03 09:01:49 [action #55] t=3.88s step=54 queue=26 dmax=0.353 | shoulder_pan.pos=-31.49 shoulder_lift.pos=-101.80 elbow_flex.pos=+85.71 wrist_flex.pos=+73.43 wrist_roll.pos=+0.01 gripper.pos=+1.21
DEBUG 2026-09-03 09:01:49 [action #56] t=3.91s step=55 queue=25 dmax=0.164 | shoulder_pan.pos=-31.66 shoulder_lift.pos=-101.66 elbow_flex.pos=+85.84 wrist_flex.pos=+73.31 wrist_roll.pos=-0.12 gripper.pos=+1.05
DEBUG 2026-09-03 09:01:49 [action #57] t=3.95s step=56 queue=24 dmax=0.418 | shoulder_pan.pos=-31.90 shoulder_lift.pos=-101.24 elbow_flex.pos=+85.64 wrist_flex.pos=+73.26 wrist_roll.pos=-0.02 gripper.pos=+1.11
DEBUG 2026-09-03 09:01:49 [action #58] t=3.98s step=57 queue=23 dmax=0.331 | shoulder_pan.pos=-32.23 shoulder_lift.pos=-101.36 elbow_flex.pos=+85.77 wrist_flex.pos=+73.00 wrist_roll.pos=-0.05 gripper.pos=+1.09
DEBUG 2026-09-03 09:01:49 [action #59] t=4.01s step=58 queue=22 dmax=0.434 | shoulder_pan.pos=-32.25 shoulder_lift.pos=-101.25 elbow_flex.pos=+85.97 wrist_flex.pos=+72.56 wrist_roll.pos=-0.07 gripper.pos=+1.07
DEBUG 2026-09-03 09:01:49 [action #60] t=4.05s step=59 queue=21 dmax=0.556 | shoulder_pan.pos=-32.44 shoulder_lift.pos=-101.47 elbow_flex.pos=+86.43 wrist_flex.pos=+72.01 wrist_roll.pos=-0.12 gripper.pos=+1.17
DEBUG 2026-09-03 09:01:49 [action #61] t=4.08s step=60 queue=20 dmax=0.480 | shoulder_pan.pos=-32.34 shoulder_lift.pos=-101.23 elbow_flex.pos=+86.23 wrist_flex.pos=+71.53 wrist_roll.pos=-0.17 gripper.pos=+1.10
DEBUG 2026-09-03 09:01:49 [action #62] t=4.11s step=61 queue=19 dmax=0.645 | shoulder_pan.pos=-32.77 shoulder_lift.pos=-101.33 elbow_flex.pos=+86.56 wrist_flex.pos=+70.88 wrist_roll.pos=-0.16 gripper.pos=+1.12
DEBUG 2026-09-03 09:01:49 [action #63] t=4.15s step=62 queue=18 dmax=0.883 | shoulder_pan.pos=-33.03 shoulder_lift.pos=-100.45 elbow_flex.pos=+86.59 wrist_flex.pos=+70.41 wrist_roll.pos=-0.12 gripper.pos=+1.17
DEBUG 2026-09-03 09:01:49 [action #64] t=4.18s step=63 queue=17 dmax=0.999 | shoulder_pan.pos=-33.67 shoulder_lift.pos=-101.45 elbow_flex.pos=+85.72 wrist_flex.pos=+70.22 wrist_roll.pos=-0.15 gripper.pos=+1.11
DEBUG 2026-09-03 09:01:49 [action #65] t=4.21s step=64 queue=16 dmax=0.509 | shoulder_pan.pos=-34.16 shoulder_lift.pos=-101.92 elbow_flex.pos=+86.23 wrist_flex.pos=+69.75 wrist_roll.pos=-0.15 gripper.pos=+1.22
DEBUG 2026-09-03 09:01:49 [action #66] t=4.25s step=65 queue=15 dmax=0.642 | shoulder_pan.pos=-34.81 shoulder_lift.pos=-101.60 elbow_flex.pos=+86.25 wrist_flex.pos=+69.39 wrist_roll.pos=-0.11 gripper.pos=+1.10
DEBUG 2026-09-03 09:01:49 [action #67] t=4.28s step=66 queue=14 dmax=0.693 | shoulder_pan.pos=-35.15 shoulder_lift.pos=-100.91 elbow_flex.pos=+85.86 wrist_flex.pos=+68.92 wrist_roll.pos=-0.14 gripper.pos=+1.26
DEBUG 2026-09-03 09:01:49 [action #68] t=4.31s step=67 queue=13 dmax=0.583 | shoulder_pan.pos=-35.73 shoulder_lift.pos=-100.98 elbow_flex.pos=+85.59 wrist_flex.pos=+68.40 wrist_roll.pos=-0.14 gripper.pos=+1.14
DEBUG 2026-09-03 09:01:49 [action #69] t=4.35s step=68 queue=12 dmax=0.804 | shoulder_pan.pos=-36.18 shoulder_lift.pos=-101.10 elbow_flex.pos=+86.40 wrist_flex.pos=+68.07 wrist_roll.pos=-0.27 gripper.pos=+1.15
DEBUG 2026-09-03 09:01:49 [action #70] t=4.38s step=69 queue=11 dmax=0.482 | shoulder_pan.pos=-36.15 shoulder_lift.pos=-100.65 elbow_flex.pos=+85.91 wrist_flex.pos=+67.69 wrist_roll.pos=-0.21 gripper.pos=+1.27
DEBUG 2026-09-03 09:01:49 [action #71] t=4.41s step=70 queue=10 dmax=0.725 | shoulder_pan.pos=-36.88 shoulder_lift.pos=-100.68 elbow_flex.pos=+86.36 wrist_flex.pos=+67.41 wrist_roll.pos=-0.26 gripper.pos=+1.14
DEBUG 2026-09-03 09:01:49 [action #72] t=4.45s step=71 queue=9 dmax=0.430 | shoulder_pan.pos=-37.01 shoulder_lift.pos=-100.69 elbow_flex.pos=+85.95 wrist_flex.pos=+66.98 wrist_roll.pos=-0.25 gripper.pos=+1.16
DEBUG 2026-09-03 09:01:49 [action #73] t=4.48s step=72 queue=8 dmax=0.368 | shoulder_pan.pos=-37.36 shoulder_lift.pos=-101.05 elbow_flex.pos=+85.67 wrist_flex.pos=+66.78 wrist_roll.pos=-0.20 gripper.pos=+1.19
DEBUG 2026-09-03 09:01:49 [action #74] t=4.51s step=73 queue=7 dmax=0.527 | shoulder_pan.pos=-37.44 shoulder_lift.pos=-100.53 elbow_flex.pos=+86.10 wrist_flex.pos=+66.47 wrist_roll.pos=-0.29 gripper.pos=+1.10
DEBUG 2026-09-03 09:01:50 [action #75] t=4.55s step=74 queue=6 dmax=0.507 | shoulder_pan.pos=-37.42 shoulder_lift.pos=-100.69 elbow_flex.pos=+85.59 wrist_flex.pos=+66.20 wrist_roll.pos=-0.32 gripper.pos=+0.97
DEBUG 2026-09-03 09:01:50 [action #76] t=4.58s step=75 queue=5 dmax=0.578 | shoulder_pan.pos=-37.70 shoulder_lift.pos=-100.11 elbow_flex.pos=+85.63 wrist_flex.pos=+66.22 wrist_roll.pos=-0.41 gripper.pos=+1.27
DEBUG 2026-09-03 09:01:50 [action #77] t=4.61s step=76 queue=4 dmax=0.916 | shoulder_pan.pos=-37.87 shoulder_lift.pos=-101.02 elbow_flex.pos=+85.60 wrist_flex.pos=+65.81 wrist_roll.pos=-0.34 gripper.pos=+1.09
DEBUG 2026-09-03 09:01:50 [action #78] t=4.65s step=77 queue=3 dmax=0.211 | shoulder_pan.pos=-38.07 shoulder_lift.pos=-101.14 elbow_flex.pos=+85.69 wrist_flex.pos=+65.83 wrist_roll.pos=-0.55 gripper.pos=+1.07
DEBUG 2026-09-03 09:01:50 [action #79] t=4.68s step=78 queue=2 dmax=0.678 | shoulder_pan.pos=-38.27 shoulder_lift.pos=-100.46 elbow_flex.pos=+85.92 wrist_flex.pos=+65.68 wrist_roll.pos=-0.66 gripper.pos=+0.84
DEBUG 2026-09-03 09:01:50 [action #80] t=4.72s step=79 queue=1 dmax=0.345 | shoulder_pan.pos=-38.39 shoulder_lift.pos=-100.12 elbow_flex.pos=+85.89 wrist_flex.pos=+65.64 wrist_roll.pos=-0.67 gripper.pos=+1.16
DEBUG 2026-09-03 09:01:50 [chunk] received 50 actions, timesteps 52..101 | first: shoulder_pan.pos=-27.71 shoulder_lift.pos=-96.56 elbow_flex.pos=+72.65 wrist_flex.pos=+74.09 wrist_roll.pos=-1.10 gripper.pos=+1.45 | last: shoulder_pan.pos=-25.16 shoulder_lift.pos=-53.24 elbow_flex.pos=+53.09 wrist_flex.pos=+68.47 wrist_roll.pos=-3.55 gripper.pos=+28.66
DEBUG 2026-09-03 09:01:50 [action #81] t=4.75s step=80 queue=22 dmax=31.940 | shoulder_pan.pos=-31.08 shoulder_lift.pos=-68.18 elbow_flex.pos=+58.78 wrist_flex.pos=+66.18 wrist_roll.pos=-3.09 gripper.pos=+1.05
DEBUG 2026-09-03 09:01:50 [action #82] t=4.78s step=81 queue=21 dmax=2.615 | shoulder_pan.pos=-30.38 shoulder_lift.pos=-65.56 elbow_flex.pos=+58.00 wrist_flex.pos=+66.25 wrist_roll.pos=-3.00 gripper.pos=+1.08
DEBUG 2026-09-03 09:01:50 [action #83] t=4.82s step=82 queue=20 dmax=1.442 | shoulder_pan.pos=-30.29 shoulder_lift.pos=-64.12 elbow_flex.pos=+56.89 wrist_flex.pos=+66.34 wrist_roll.pos=-3.04 gripper.pos=+1.22
DEBUG 2026-09-03 09:01:50 [action #84] t=4.85s step=83 queue=19 dmax=1.384 | shoulder_pan.pos=-29.22 shoulder_lift.pos=-62.73 elbow_flex.pos=+55.88 wrist_flex.pos=+66.66 wrist_roll.pos=-2.93 gripper.pos=+1.48
DEBUG 2026-09-03 09:01:50 [action #85] t=4.88s step=84 queue=18 dmax=1.298 | shoulder_pan.pos=-28.81 shoulder_lift.pos=-61.51 elbow_flex.pos=+54.58 wrist_flex.pos=+67.10 wrist_roll.pos=-2.89 gripper.pos=+2.04
DEBUG 2026-09-03 09:01:50 [action #86] t=4.92s step=85 queue=17 dmax=1.855 | shoulder_pan.pos=-28.39 shoulder_lift.pos=-60.39 elbow_flex.pos=+54.29 wrist_flex.pos=+67.50 wrist_roll.pos=-3.11 gripper.pos=+3.90
DEBUG 2026-09-03 09:01:50 [action #87] t=4.95s step=86 queue=16 dmax=1.793 | shoulder_pan.pos=-28.36 shoulder_lift.pos=-59.13 elbow_flex.pos=+53.52 wrist_flex.pos=+68.03 wrist_roll.pos=-3.18 gripper.pos=+5.69
DEBUG 2026-09-03 09:01:50 [action #88] t=4.98s step=87 queue=15 dmax=2.032 | shoulder_pan.pos=-28.13 shoulder_lift.pos=-58.46 elbow_flex.pos=+53.14 wrist_flex.pos=+68.03 wrist_roll.pos=-3.36 gripper.pos=+7.72
DEBUG 2026-09-03 09:01:50 [action #89] t=5.02s step=88 queue=14 dmax=1.641 | shoulder_pan.pos=-28.03 shoulder_lift.pos=-57.26 elbow_flex.pos=+52.29 wrist_flex.pos=+68.23 wrist_roll.pos=-3.35 gripper.pos=+9.36
DEBUG 2026-09-03 09:01:50 [action #90] t=5.05s step=89 queue=13 dmax=1.142 | shoulder_pan.pos=-27.62 shoulder_lift.pos=-56.78 elbow_flex.pos=+51.88 wrist_flex.pos=+68.43 wrist_roll.pos=-3.58 gripper.pos=+10.50
DEBUG 2026-09-03 09:01:50 [action #91] t=5.08s step=90 queue=12 dmax=1.620 | shoulder_pan.pos=-27.40 shoulder_lift.pos=-56.88 elbow_flex.pos=+51.92 wrist_flex.pos=+68.25 wrist_roll.pos=-3.86 gripper.pos=+12.12
DEBUG 2026-09-03 09:01:50 [action #92] t=5.12s step=91 queue=11 dmax=1.234 | shoulder_pan.pos=-26.92 shoulder_lift.pos=-55.88 elbow_flex.pos=+52.23 wrist_flex.pos=+68.30 wrist_roll.pos=-3.88 gripper.pos=+13.36
DEBUG 2026-09-03 09:01:50 [action #93] t=5.15s step=92 queue=10 dmax=1.856 | shoulder_pan.pos=-27.01 shoulder_lift.pos=-55.92 elbow_flex.pos=+51.10 wrist_flex.pos=+68.36 wrist_roll.pos=-3.91 gripper.pos=+15.21
DEBUG 2026-09-03 09:01:50 [action #94] t=5.18s step=93 queue=9 dmax=2.160 | shoulder_pan.pos=-26.58 shoulder_lift.pos=-56.07 elbow_flex.pos=+52.01 wrist_flex.pos=+68.35 wrist_roll.pos=-3.75 gripper.pos=+17.37
DEBUG 2026-09-03 09:01:50 [action #95] t=5.22s step=94 queue=8 dmax=2.300 | shoulder_pan.pos=-26.51 shoulder_lift.pos=-55.88 elbow_flex.pos=+51.06 wrist_flex.pos=+68.59 wrist_roll.pos=-3.40 gripper.pos=+19.67
DEBUG 2026-09-03 09:01:50 [action #96] t=5.25s step=95 queue=7 dmax=1.700 | shoulder_pan.pos=-26.34 shoulder_lift.pos=-56.05 elbow_flex.pos=+51.96 wrist_flex.pos=+68.52 wrist_roll.pos=-3.55 gripper.pos=+21.37
DEBUG 2026-09-03 09:01:50 [action #97] t=5.28s step=96 queue=6 dmax=1.302 | shoulder_pan.pos=-26.17 shoulder_lift.pos=-56.03 elbow_flex.pos=+52.56 wrist_flex.pos=+68.77 wrist_roll.pos=-3.38 gripper.pos=+22.68
DEBUG 2026-09-03 09:01:50 [action #98] t=5.32s step=97 queue=5 dmax=1.198 | shoulder_pan.pos=-26.25 shoulder_lift.pos=-54.85 elbow_flex.pos=+52.11 wrist_flex.pos=+68.54 wrist_roll.pos=-3.34 gripper.pos=+23.87
DEBUG 2026-09-03 09:01:50 [action #99] t=5.35s step=98 queue=4 dmax=1.079 | shoulder_pan.pos=-25.73 shoulder_lift.pos=-55.37 elbow_flex.pos=+52.54 wrist_flex.pos=+68.84 wrist_roll.pos=-3.33 gripper.pos=+24.95
DEBUG 2026-09-03 09:01:50 [action #100] t=5.38s step=99 queue=3 dmax=1.378 | shoulder_pan.pos=-25.65 shoulder_lift.pos=-55.09 elbow_flex.pos=+52.67 wrist_flex.pos=+68.51 wrist_roll.pos=-3.42 gripper.pos=+26.33
DEBUG 2026-09-03 09:01:50 [action #101] t=5.42s step=100 queue=2 dmax=1.415 | shoulder_pan.pos=-25.25 shoulder_lift.pos=-54.24 elbow_flex.pos=+53.12 wrist_flex.pos=+68.50 wrist_roll.pos=-3.41 gripper.pos=+27.75
DEBUG 2026-09-03 09:01:50 [action #102] t=5.45s step=101 queue=1 dmax=1.002 | shoulder_pan.pos=-25.16 shoulder_lift.pos=-53.24 elbow_flex.pos=+53.09 wrist_flex.pos=+68.47 wrist_roll.pos=-3.55 gripper.pos=+28.66
DEBUG 2026-09-03 09:01:51 [chunk] received 50 actions, timesteps 79..128 | first: shoulder_pan.pos=-42.39 shoulder_lift.pos=-97.94 elbow_flex.pos=+81.68 wrist_flex.pos=+64.34 wrist_roll.pos=-0.72 gripper.pos=+1.36 | last: shoulder_pan.pos=-44.73 shoulder_lift.pos=-48.97 elbow_flex.pos=+50.34 wrist_flex.pos=+53.34 wrist_roll.pos=-5.24 gripper.pos=+1.79
DEBUG 2026-09-03 09:01:51 [action #103] t=5.65s step=102 queue=27 dmax=38.722 | shoulder_pan.pos=-42.90 shoulder_lift.pos=-91.96 elbow_flex.pos=+74.68 wrist_flex.pos=+60.03 wrist_roll.pos=-3.05 gripper.pos=+1.43
DEBUG 2026-09-03 09:01:51 [action #104] t=5.69s step=103 queue=26 dmax=2.665 | shoulder_pan.pos=-42.76 shoulder_lift.pos=-89.30 elbow_flex.pos=+74.20 wrist_flex.pos=+59.66 wrist_roll.pos=-3.05 gripper.pos=+1.53
DEBUG 2026-09-03 09:01:51 [action #105] t=5.72s step=104 queue=25 dmax=1.796 | shoulder_pan.pos=-42.78 shoulder_lift.pos=-87.82 elbow_flex.pos=+72.41 wrist_flex.pos=+59.01 wrist_roll.pos=-2.95 gripper.pos=+1.35
DEBUG 2026-09-03 09:01:51 [action #106] t=5.75s step=105 queue=24 dmax=2.551 | shoulder_pan.pos=-42.80 shoulder_lift.pos=-85.27 elbow_flex.pos=+71.77 wrist_flex.pos=+58.67 wrist_roll.pos=-2.88 gripper.pos=+1.38
DEBUG 2026-09-03 09:01:51 [action #107] t=5.79s step=106 queue=23 dmax=1.542 | shoulder_pan.pos=-42.87 shoulder_lift.pos=-83.73 elbow_flex.pos=+70.36 wrist_flex.pos=+58.43 wrist_roll.pos=-2.80 gripper.pos=+1.37
DEBUG 2026-09-03 09:01:51 [action #108] t=5.82s step=107 queue=22 dmax=1.503 | shoulder_pan.pos=-42.78 shoulder_lift.pos=-82.23 elbow_flex.pos=+69.64 wrist_flex.pos=+58.42 wrist_roll.pos=-2.86 gripper.pos=+1.56
DEBUG 2026-09-03 09:01:51 [action #109] t=5.85s step=108 queue=21 dmax=1.625 | shoulder_pan.pos=-42.93 shoulder_lift.pos=-80.60 elbow_flex.pos=+69.43 wrist_flex.pos=+58.03 wrist_roll.pos=-2.88 gripper.pos=+1.38
DEBUG 2026-09-03 09:01:51 [action #110] t=5.89s step=109 queue=20 dmax=1.343 | shoulder_pan.pos=-42.87 shoulder_lift.pos=-79.26 elbow_flex.pos=+68.37 wrist_flex.pos=+58.02 wrist_roll.pos=-3.01 gripper.pos=+1.42
DEBUG 2026-09-03 09:01:51 [action #111] t=5.92s step=110 queue=19 dmax=1.581 | shoulder_pan.pos=-43.09 shoulder_lift.pos=-77.98 elbow_flex.pos=+66.79 wrist_flex.pos=+57.62 wrist_roll.pos=-3.08 gripper.pos=+1.51
DEBUG 2026-09-03 09:01:51 [action #112] t=5.95s step=111 queue=18 dmax=2.381 | shoulder_pan.pos=-43.00 shoulder_lift.pos=-75.60 elbow_flex.pos=+66.24 wrist_flex.pos=+57.28 wrist_roll.pos=-3.22 gripper.pos=+1.41
DEBUG 2026-09-03 09:01:51 [action #113] t=5.99s step=112 queue=17 dmax=1.861 | shoulder_pan.pos=-43.14 shoulder_lift.pos=-73.74 elbow_flex.pos=+65.04 wrist_flex.pos=+56.98 wrist_roll.pos=-3.44 gripper.pos=+1.60
DEBUG 2026-09-03 09:01:51 [action #114] t=6.02s step=113 queue=16 dmax=1.630 | shoulder_pan.pos=-43.27 shoulder_lift.pos=-72.11 elbow_flex.pos=+64.12 wrist_flex.pos=+56.39 wrist_roll.pos=-3.76 gripper.pos=+1.40
DEBUG 2026-09-03 09:01:51 [action #115] t=6.05s step=114 queue=15 dmax=1.880 | shoulder_pan.pos=-43.50 shoulder_lift.pos=-70.23 elbow_flex.pos=+63.43 wrist_flex.pos=+55.80 wrist_roll.pos=-3.99 gripper.pos=+1.34
DEBUG 2026-09-03 09:01:51 [action #116] t=6.09s step=115 queue=14 dmax=1.995 | shoulder_pan.pos=-43.70 shoulder_lift.pos=-68.24 elbow_flex.pos=+62.19 wrist_flex.pos=+55.58 wrist_roll.pos=-4.10 gripper.pos=+1.49
DEBUG 2026-09-03 09:01:51 [action #117] t=6.12s step=116 queue=13 dmax=1.418 | shoulder_pan.pos=-43.84 shoulder_lift.pos=-66.82 elbow_flex.pos=+60.85 wrist_flex.pos=+55.01 wrist_roll.pos=-4.40 gripper.pos=+1.43
DEBUG 2026-09-03 09:01:51 [action #118] t=6.15s step=117 queue=12 dmax=2.043 | shoulder_pan.pos=-44.05 shoulder_lift.pos=-64.77 elbow_flex.pos=+60.70 wrist_flex.pos=+54.76 wrist_roll.pos=-4.65 gripper.pos=+1.52
DEBUG 2026-09-03 09:01:51 [action #119] t=6.19s step=118 queue=11 dmax=1.883 | shoulder_pan.pos=-43.91 shoulder_lift.pos=-62.89 elbow_flex.pos=+59.12 wrist_flex.pos=+54.41 wrist_roll.pos=-4.80 gripper.pos=+1.50
DEBUG 2026-09-03 09:01:51 [action #120] t=6.22s step=119 queue=10 dmax=1.623 | shoulder_pan.pos=-44.09 shoulder_lift.pos=-61.27 elbow_flex.pos=+58.04 wrist_flex.pos=+54.22 wrist_roll.pos=-4.76 gripper.pos=+1.40
DEBUG 2026-09-03 09:01:51 [action #121] t=6.25s step=120 queue=9 dmax=1.667 | shoulder_pan.pos=-44.20 shoulder_lift.pos=-59.60 elbow_flex.pos=+57.73 wrist_flex.pos=+54.30 wrist_roll.pos=-4.82 gripper.pos=+1.42
DEBUG 2026-09-03 09:01:51 [action #122] t=6.29s step=121 queue=8 dmax=2.023 | shoulder_pan.pos=-44.39 shoulder_lift.pos=-57.86 elbow_flex.pos=+55.70 wrist_flex.pos=+54.20 wrist_roll.pos=-4.82 gripper.pos=+1.59
DEBUG 2026-09-03 09:01:51 [action #123] t=6.32s step=122 queue=7 dmax=1.511 | shoulder_pan.pos=-44.48 shoulder_lift.pos=-56.35 elbow_flex.pos=+55.47 wrist_flex.pos=+54.19 wrist_roll.pos=-4.82 gripper.pos=+1.53
DEBUG 2026-09-03 09:01:51 [action #124] t=6.35s step=123 queue=6 dmax=1.569 | shoulder_pan.pos=-44.63 shoulder_lift.pos=-55.24 elbow_flex.pos=+53.90 wrist_flex.pos=+53.96 wrist_roll.pos=-4.88 gripper.pos=+1.65
DEBUG 2026-09-03 09:01:51 [action #125] t=6.39s step=124 queue=5 dmax=1.524 | shoulder_pan.pos=-44.84 shoulder_lift.pos=-53.72 elbow_flex.pos=+53.16 wrist_flex.pos=+53.84 wrist_roll.pos=-4.87 gripper.pos=+1.64
DEBUG 2026-09-03 09:01:51 [action #126] t=6.42s step=125 queue=4 dmax=1.199 | shoulder_pan.pos=-44.86 shoulder_lift.pos=-52.52 elbow_flex.pos=+52.23 wrist_flex.pos=+53.83 wrist_roll.pos=-4.92 gripper.pos=+1.57
DEBUG 2026-09-03 09:01:51 [action #127] t=6.45s step=126 queue=3 dmax=0.810 | shoulder_pan.pos=-44.69 shoulder_lift.pos=-51.71 elbow_flex.pos=+51.61 wrist_flex.pos=+53.68 wrist_roll.pos=-5.04 gripper.pos=+1.54
DEBUG 2026-09-03 09:01:51 [action #128] t=6.49s step=127 queue=2 dmax=1.436 | shoulder_pan.pos=-44.84 shoulder_lift.pos=-50.27 elbow_flex.pos=+50.85 wrist_flex.pos=+53.29 wrist_roll.pos=-5.06 gripper.pos=+1.64
DEBUG 2026-09-03 09:01:51 [chunk] received 50 actions, timesteps 101..150 | first: shoulder_pan.pos=-26.54 shoulder_lift.pos=-51.18 elbow_flex.pos=+49.30 wrist_flex.pos=+68.14 wrist_roll.pos=-4.07 gripper.pos=+26.51 | last: shoulder_pan.pos=-29.57 shoulder_lift.pos=-4.34 elbow_flex.pos=+29.12 wrist_flex.pos=+64.69 wrist_roll.pos=-5.27 gripper.pos=+33.43
DEBUG 2026-09-03 09:01:51 [action #129] t=6.52s step=128 queue=23 dmax=21.866 | shoulder_pan.pos=-33.95 shoulder_lift.pos=-33.65 elbow_flex.pos=+43.34 wrist_flex.pos=+62.91 wrist_roll.pos=-4.80 gripper.pos=+23.51
DEBUG 2026-09-03 09:01:52 [action #130] t=6.55s step=129 queue=22 dmax=9.242 | shoulder_pan.pos=-29.48 shoulder_lift.pos=-26.07 elbow_flex.pos=+39.77 wrist_flex.pos=+66.81 wrist_roll.pos=-4.70 gripper.pos=+32.75
DEBUG 2026-09-03 09:01:52 [action #131] t=6.59s step=130 queue=21 dmax=1.907 | shoulder_pan.pos=-29.66 shoulder_lift.pos=-24.17 elbow_flex.pos=+39.41 wrist_flex.pos=+66.79 wrist_roll.pos=-4.76 gripper.pos=+32.75
DEBUG 2026-09-03 09:01:52 [action #132] t=6.62s step=131 queue=20 dmax=1.565 | shoulder_pan.pos=-29.56 shoulder_lift.pos=-23.16 elbow_flex.pos=+37.85 wrist_flex.pos=+66.65 wrist_roll.pos=-4.87 gripper.pos=+32.72
DEBUG 2026-09-03 09:01:52 [action #133] t=6.66s step=132 queue=19 dmax=1.255 | shoulder_pan.pos=-29.75 shoulder_lift.pos=-21.90 elbow_flex.pos=+37.87 wrist_flex.pos=+66.80 wrist_roll.pos=-4.79 gripper.pos=+32.75
DEBUG 2026-09-03 09:01:52 [action #134] t=6.69s step=133 queue=18 dmax=1.724 | shoulder_pan.pos=-29.93 shoulder_lift.pos=-20.18 elbow_flex.pos=+36.89 wrist_flex.pos=+66.60 wrist_roll.pos=-4.76 gripper.pos=+32.89
DEBUG 2026-09-03 09:01:52 [action #135] t=6.72s step=134 queue=17 dmax=0.959 | shoulder_pan.pos=-29.76 shoulder_lift.pos=-19.22 elbow_flex.pos=+36.54 wrist_flex.pos=+66.58 wrist_roll.pos=-4.90 gripper.pos=+32.77
DEBUG 2026-09-03 09:01:52 [action #136] t=6.76s step=135 queue=16 dmax=1.714 | shoulder_pan.pos=-29.34 shoulder_lift.pos=-17.50 elbow_flex.pos=+35.54 wrist_flex.pos=+66.45 wrist_roll.pos=-4.88 gripper.pos=+32.78
DEBUG 2026-09-03 09:01:52 [action #137] t=6.79s step=136 queue=15 dmax=0.803 | shoulder_pan.pos=-29.52 shoulder_lift.pos=-16.70 elbow_flex.pos=+34.90 wrist_flex.pos=+66.32 wrist_roll.pos=-4.92 gripper.pos=+32.94
DEBUG 2026-09-03 09:01:52 [action #138] t=6.82s step=137 queue=14 dmax=1.609 | shoulder_pan.pos=-29.49 shoulder_lift.pos=-15.09 elbow_flex.pos=+33.86 wrist_flex.pos=+66.33 wrist_roll.pos=-4.99 gripper.pos=+32.91
DEBUG 2026-09-03 09:01:52 [action #139] t=6.86s step=138 queue=13 dmax=1.397 | shoulder_pan.pos=-29.86 shoulder_lift.pos=-13.69 elbow_flex.pos=+34.00 wrist_flex.pos=+66.22 wrist_roll.pos=-4.98 gripper.pos=+32.84
DEBUG 2026-09-03 09:01:52 [action #140] t=6.89s step=139 queue=12 dmax=0.951 | shoulder_pan.pos=-29.41 shoulder_lift.pos=-12.74 elbow_flex.pos=+33.20 wrist_flex.pos=+66.21 wrist_roll.pos=-4.98 gripper.pos=+32.98
DEBUG 2026-09-03 09:01:52 [action #141] t=6.92s step=140 queue=11 dmax=0.730 | shoulder_pan.pos=-29.28 shoulder_lift.pos=-12.01 elbow_flex.pos=+32.49 wrist_flex.pos=+65.73 wrist_roll.pos=-5.09 gripper.pos=+33.06
DEBUG 2026-09-03 09:01:52 [action #142] t=6.96s step=141 queue=10 dmax=1.244 | shoulder_pan.pos=-29.26 shoulder_lift.pos=-10.77 elbow_flex.pos=+31.56 wrist_flex.pos=+65.88 wrist_roll.pos=-4.95 gripper.pos=+32.86
DEBUG 2026-09-03 09:01:52 [action #143] t=6.99s step=142 queue=9 dmax=0.451 | shoulder_pan.pos=-29.46 shoulder_lift.pos=-10.34 elbow_flex.pos=+32.01 wrist_flex.pos=+65.69 wrist_roll.pos=-4.96 gripper.pos=+32.99
DEBUG 2026-09-03 09:01:52 [action #144] t=7.02s step=143 queue=8 dmax=0.911 | shoulder_pan.pos=-29.36 shoulder_lift.pos=-9.43 elbow_flex.pos=+31.66 wrist_flex.pos=+65.33 wrist_roll.pos=-5.12 gripper.pos=+32.96
DEBUG 2026-09-03 09:01:52 [action #145] t=7.06s step=144 queue=7 dmax=0.264 | shoulder_pan.pos=-29.14 shoulder_lift.pos=-9.31 elbow_flex.pos=+31.54 wrist_flex.pos=+65.50 wrist_roll.pos=-5.09 gripper.pos=+33.22
DEBUG 2026-09-03 09:01:52 [action #146] t=7.09s step=145 queue=6 dmax=0.674 | shoulder_pan.pos=-29.31 shoulder_lift.pos=-8.72 elbow_flex.pos=+30.86 wrist_flex.pos=+65.16 wrist_roll.pos=-5.20 gripper.pos=+33.62
DEBUG 2026-09-03 09:01:52 [action #147] t=7.12s step=146 queue=5 dmax=1.035 | shoulder_pan.pos=-29.63 shoulder_lift.pos=-7.68 elbow_flex.pos=+31.77 wrist_flex.pos=+65.13 wrist_roll.pos=-5.09 gripper.pos=+33.47
DEBUG 2026-09-03 09:01:52 [action #148] t=7.16s step=147 queue=4 dmax=1.465 | shoulder_pan.pos=-29.38 shoulder_lift.pos=-7.03 elbow_flex.pos=+30.31 wrist_flex.pos=+64.91 wrist_roll.pos=-5.18 gripper.pos=+33.48
DEBUG 2026-09-03 09:01:52 [action #149] t=7.19s step=148 queue=3 dmax=0.474 | shoulder_pan.pos=-29.32 shoulder_lift.pos=-6.55 elbow_flex.pos=+29.86 wrist_flex.pos=+65.12 wrist_roll.pos=-5.21 gripper.pos=+33.55
DEBUG 2026-09-03 09:01:52 [action #150] t=7.22s step=149 queue=2 dmax=0.737 | shoulder_pan.pos=-29.24 shoulder_lift.pos=-5.82 elbow_flex.pos=+29.28 wrist_flex.pos=+64.94 wrist_roll.pos=-5.13 gripper.pos=+33.79
DEBUG 2026-09-03 09:01:52 [action #151] t=7.26s step=150 queue=1 dmax=1.475 | shoulder_pan.pos=-29.57 shoulder_lift.pos=-4.34 elbow_flex.pos=+29.12 wrist_flex.pos=+64.69 wrist_roll.pos=-5.27 gripper.pos=+33.43
DEBUG 2026-09-03 09:01:52 [chunk] received 50 actions, timesteps 126..175 | first: shoulder_pan.pos=-43.96 shoulder_lift.pos=-51.80 elbow_flex.pos=+51.11 wrist_flex.pos=+54.81 wrist_roll.pos=-4.42 gripper.pos=+2.05 | last: shoulder_pan.pos=-45.10 shoulder_lift.pos=-8.88 elbow_flex.pos=+19.71 wrist_flex.pos=+62.99 wrist_roll.pos=-10.01 gripper.pos=+26.63
DEBUG 2026-09-03 09:01:52 [action #152] t=7.32s step=151 queue=25 dmax=31.514 | shoulder_pan.pos=-43.99 shoulder_lift.pos=-26.02 elbow_flex.pos=+31.86 wrist_flex.pos=+56.23 wrist_roll.pos=-7.60 gripper.pos=+1.91
DEBUG 2026-09-03 09:01:52 [action #153] t=7.36s step=152 queue=24 dmax=1.675 | shoulder_pan.pos=-44.46 shoulder_lift.pos=-24.35 elbow_flex.pos=+30.19 wrist_flex.pos=+56.38 wrist_roll.pos=-7.62 gripper.pos=+1.93
DEBUG 2026-09-03 09:01:52 [action #154] t=7.39s step=153 queue=23 dmax=0.779 | shoulder_pan.pos=-44.18 shoulder_lift.pos=-23.57 elbow_flex.pos=+29.57 wrist_flex.pos=+56.50 wrist_roll.pos=-7.73 gripper.pos=+1.87
DEBUG 2026-09-03 09:01:52 [action #155] t=7.42s step=154 queue=22 dmax=1.642 | shoulder_pan.pos=-44.24 shoulder_lift.pos=-21.93 elbow_flex.pos=+29.42 wrist_flex.pos=+56.10 wrist_roll.pos=-7.81 gripper.pos=+1.85
DEBUG 2026-09-03 09:01:52 [action #156] t=7.46s step=155 queue=21 dmax=1.295 | shoulder_pan.pos=-44.10 shoulder_lift.pos=-20.63 elbow_flex.pos=+28.80 wrist_flex.pos=+56.17 wrist_roll.pos=-7.81 gripper.pos=+1.92
DEBUG 2026-09-03 09:01:52 [action #157] t=7.49s step=156 queue=20 dmax=1.586 | shoulder_pan.pos=-44.08 shoulder_lift.pos=-19.05 elbow_flex.pos=+27.70 wrist_flex.pos=+56.42 wrist_roll.pos=-7.82 gripper.pos=+2.04
DEBUG 2026-09-03 09:01:52 [action #158] t=7.52s step=157 queue=19 dmax=1.029 | shoulder_pan.pos=-44.08 shoulder_lift.pos=-18.35 elbow_flex.pos=+26.68 wrist_flex.pos=+56.83 wrist_roll.pos=-7.84 gripper.pos=+2.23
DEBUG 2026-09-03 09:01:53 [action #159] t=7.56s step=158 queue=18 dmax=0.989 | shoulder_pan.pos=-44.20 shoulder_lift.pos=-17.36 elbow_flex.pos=+26.21 wrist_flex.pos=+56.73 wrist_roll.pos=-7.91 gripper.pos=+3.05
DEBUG 2026-09-03 09:01:53 [action #160] t=7.59s step=159 queue=17 dmax=1.398 | shoulder_pan.pos=-43.97 shoulder_lift.pos=-15.96 elbow_flex.pos=+25.48 wrist_flex.pos=+57.22 wrist_roll.pos=-8.01 gripper.pos=+4.01
DEBUG 2026-09-03 09:01:53 [action #161] t=7.63s step=160 queue=16 dmax=1.564 | shoulder_pan.pos=-43.81 shoulder_lift.pos=-14.83 elbow_flex.pos=+24.74 wrist_flex.pos=+57.73 wrist_roll.pos=-8.03 gripper.pos=+5.58
DEBUG 2026-09-03 09:01:53 [action #162] t=7.66s step=161 queue=15 dmax=1.340 | shoulder_pan.pos=-44.09 shoulder_lift.pos=-14.36 elbow_flex.pos=+24.15 wrist_flex.pos=+58.12 wrist_roll.pos=-8.26 gripper.pos=+6.92
DEBUG 2026-09-03 09:01:53 [action #163] t=7.69s step=162 queue=14 dmax=1.044 | shoulder_pan.pos=-44.03 shoulder_lift.pos=-13.78 elbow_flex.pos=+23.24 wrist_flex.pos=+58.87 wrist_roll.pos=-8.27 gripper.pos=+7.96
DEBUG 2026-09-03 09:01:53 [action #164] t=7.73s step=163 queue=13 dmax=1.378 | shoulder_pan.pos=-43.94 shoulder_lift.pos=-12.40 elbow_flex.pos=+22.31 wrist_flex.pos=+59.65 wrist_roll.pos=-8.34 gripper.pos=+8.99
DEBUG 2026-09-03 09:01:53 [action #165] t=7.76s step=164 queue=12 dmax=1.231 | shoulder_pan.pos=-44.46 shoulder_lift.pos=-12.80 elbow_flex.pos=+22.08 wrist_flex.pos=+60.03 wrist_roll.pos=-8.56 gripper.pos=+10.22
DEBUG 2026-09-03 09:01:53 [action #166] t=7.79s step=165 queue=11 dmax=1.908 | shoulder_pan.pos=-44.09 shoulder_lift.pos=-12.68 elbow_flex.pos=+21.19 wrist_flex.pos=+60.26 wrist_roll.pos=-8.62 gripper.pos=+12.13
DEBUG 2026-09-03 09:01:53 [action #167] t=7.83s step=166 queue=10 dmax=1.990 | shoulder_pan.pos=-44.31 shoulder_lift.pos=-12.18 elbow_flex.pos=+21.41 wrist_flex.pos=+60.60 wrist_roll.pos=-8.65 gripper.pos=+14.12
DEBUG 2026-09-03 09:01:53 [action #168] t=7.86s step=167 queue=9 dmax=2.169 | shoulder_pan.pos=-44.57 shoulder_lift.pos=-12.07 elbow_flex.pos=+21.25 wrist_flex.pos=+61.25 wrist_roll.pos=-8.75 gripper.pos=+16.28
DEBUG 2026-09-03 09:01:53 [action #169] t=7.89s step=168 queue=8 dmax=2.163 | shoulder_pan.pos=-44.57 shoulder_lift.pos=-11.68 elbow_flex.pos=+20.52 wrist_flex.pos=+61.67 wrist_roll.pos=-8.81 gripper.pos=+18.45
DEBUG 2026-09-03 09:01:53 [action #170] t=7.93s step=169 queue=7 dmax=1.900 | shoulder_pan.pos=-44.40 shoulder_lift.pos=-11.66 elbow_flex.pos=+20.05 wrist_flex.pos=+62.16 wrist_roll.pos=-8.87 gripper.pos=+20.35
DEBUG 2026-09-03 09:01:53 [action #171] t=7.96s step=170 queue=6 dmax=1.652 | shoulder_pan.pos=-44.61 shoulder_lift.pos=-10.99 elbow_flex.pos=+20.64 wrist_flex.pos=+62.55 wrist_roll.pos=-8.92 gripper.pos=+22.00
DEBUG 2026-09-03 09:01:53 [action #172] t=7.99s step=171 queue=5 dmax=1.359 | shoulder_pan.pos=-44.69 shoulder_lift.pos=-10.93 elbow_flex.pos=+21.18 wrist_flex.pos=+62.53 wrist_roll.pos=-9.14 gripper.pos=+23.36
DEBUG 2026-09-03 09:01:53 [action #173] t=8.03s step=172 queue=4 dmax=1.197 | shoulder_pan.pos=-44.84 shoulder_lift.pos=-10.99 elbow_flex.pos=+20.02 wrist_flex.pos=+62.70 wrist_roll.pos=-9.26 gripper.pos=+24.56
DEBUG 2026-09-03 09:01:53 [action #174] t=8.06s step=173 queue=3 dmax=0.887 | shoulder_pan.pos=-45.04 shoulder_lift.pos=-10.14 elbow_flex.pos=+19.59 wrist_flex.pos=+62.76 wrist_roll.pos=-9.60 gripper.pos=+25.44
DEBUG 2026-09-03 09:01:53 [action #175] t=8.09s step=174 queue=2 dmax=0.739 | shoulder_pan.pos=-44.96 shoulder_lift.pos=-10.15 elbow_flex.pos=+20.04 wrist_flex.pos=+62.84 wrist_roll.pos=-9.93 gripper.pos=+26.18
DEBUG 2026-09-03 09:01:53 [action #176] t=8.13s step=175 queue=1 dmax=1.274 | shoulder_pan.pos=-45.10 shoulder_lift.pos=-8.88 elbow_flex.pos=+19.71 wrist_flex.pos=+62.99 wrist_roll.pos=-10.01 gripper.pos=+26.63
DEBUG 2026-09-03 09:01:53 [chunk] received 50 actions, timesteps 150..199 | first: shoulder_pan.pos=-34.57 shoulder_lift.pos=-4.95 elbow_flex.pos=+26.72 wrist_flex.pos=+65.99 wrist_roll.pos=-4.80 gripper.pos=+31.69 | last: shoulder_pan.pos=-39.27 shoulder_lift.pos=+15.44 elbow_flex.pos=+5.78 wrist_flex.pos=+72.61 wrist_roll.pos=-9.03 gripper.pos=+6.42
DEBUG 2026-09-03 09:01:53 [action #177] t=8.26s step=176 queue=24 dmax=21.210 | shoulder_pan.pos=-39.30 shoulder_lift.pos=+12.33 elbow_flex.pos=+6.20 wrist_flex.pos=+68.98 wrist_roll.pos=-7.24 gripper.pos=+31.78
DEBUG 2026-09-03 09:01:53 [action #178] t=8.29s step=177 queue=23 dmax=1.079 | shoulder_pan.pos=-38.82 shoulder_lift.pos=+13.41 elbow_flex.pos=+5.79 wrist_flex.pos=+69.37 wrist_roll.pos=-7.36 gripper.pos=+31.74
DEBUG 2026-09-03 09:01:53 [action #179] t=8.33s step=178 queue=22 dmax=1.029 | shoulder_pan.pos=-39.17 shoulder_lift.pos=+14.44 elbow_flex.pos=+5.64 wrist_flex.pos=+69.68 wrist_roll.pos=-7.68 gripper.pos=+31.83
DEBUG 2026-09-03 09:01:53 [action #180] t=8.36s step=179 queue=21 dmax=0.421 | shoulder_pan.pos=-39.10 shoulder_lift.pos=+14.81 elbow_flex.pos=+5.69 wrist_flex.pos=+70.10 wrist_roll.pos=-7.77 gripper.pos=+31.53
DEBUG 2026-09-03 09:01:53 [action #181] t=8.39s step=180 queue=20 dmax=1.070 | shoulder_pan.pos=-38.74 shoulder_lift.pos=+15.16 elbow_flex.pos=+5.76 wrist_flex.pos=+70.66 wrist_roll.pos=-7.81 gripper.pos=+30.46
DEBUG 2026-09-03 09:01:53 [action #182] t=8.43s step=181 queue=19 dmax=1.839 | shoulder_pan.pos=-38.90 shoulder_lift.pos=+14.86 elbow_flex.pos=+4.79 wrist_flex.pos=+71.05 wrist_roll.pos=-7.77 gripper.pos=+28.62
DEBUG 2026-09-03 09:01:53 [action #183] t=8.46s step=182 queue=18 dmax=1.764 | shoulder_pan.pos=-38.95 shoulder_lift.pos=+15.56 elbow_flex.pos=+5.96 wrist_flex.pos=+71.10 wrist_roll.pos=-7.84 gripper.pos=+26.86
DEBUG 2026-09-03 09:01:53 [action #184] t=8.49s step=183 queue=17 dmax=1.843 | shoulder_pan.pos=-38.94 shoulder_lift.pos=+14.94 elbow_flex.pos=+5.57 wrist_flex.pos=+70.99 wrist_roll.pos=-7.85 gripper.pos=+25.01
DEBUG 2026-09-03 09:01:53 [action #185] t=8.53s step=184 queue=16 dmax=1.396 | shoulder_pan.pos=-38.56 shoulder_lift.pos=+15.50 elbow_flex.pos=+5.05 wrist_flex.pos=+71.15 wrist_roll.pos=-7.85 gripper.pos=+23.62
DEBUG 2026-09-03 09:01:54 [action #186] t=8.56s step=185 queue=15 dmax=1.362 | shoulder_pan.pos=-38.74 shoulder_lift.pos=+15.53 elbow_flex.pos=+5.03 wrist_flex.pos=+71.18 wrist_roll.pos=-7.89 gripper.pos=+22.26
DEBUG 2026-09-03 09:01:54 [action #187] t=8.60s step=186 queue=14 dmax=1.445 | shoulder_pan.pos=-38.52 shoulder_lift.pos=+15.85 elbow_flex.pos=+6.10 wrist_flex.pos=+71.14 wrist_roll.pos=-7.91 gripper.pos=+20.81
DEBUG 2026-09-03 09:01:54 [action #188] t=8.63s step=187 queue=13 dmax=1.397 | shoulder_pan.pos=-38.57 shoulder_lift.pos=+15.16 elbow_flex.pos=+5.23 wrist_flex.pos=+71.15 wrist_roll.pos=-7.88 gripper.pos=+19.42
DEBUG 2026-09-03 09:01:54 [action #189] t=8.66s step=188 queue=12 dmax=1.547 | shoulder_pan.pos=-38.44 shoulder_lift.pos=+15.93 elbow_flex.pos=+5.60 wrist_flex.pos=+71.22 wrist_roll.pos=-7.84 gripper.pos=+17.87
DEBUG 2026-09-03 09:01:54 [action #190] t=8.70s step=189 queue=11 dmax=1.699 | shoulder_pan.pos=-39.19 shoulder_lift.pos=+16.04 elbow_flex.pos=+5.92 wrist_flex.pos=+71.13 wrist_roll.pos=-7.88 gripper.pos=+16.17
DEBUG 2026-09-03 09:01:54 [action #191] t=8.73s step=190 queue=10 dmax=1.742 | shoulder_pan.pos=-38.71 shoulder_lift.pos=+15.94 elbow_flex.pos=+6.40 wrist_flex.pos=+71.25 wrist_roll.pos=-7.73 gripper.pos=+14.43
DEBUG 2026-09-03 09:01:54 [action #192] t=8.76s step=191 queue=9 dmax=1.655 | shoulder_pan.pos=-38.53 shoulder_lift.pos=+16.02 elbow_flex.pos=+6.75 wrist_flex.pos=+71.31 wrist_roll.pos=-7.69 gripper.pos=+12.77
DEBUG 2026-09-03 09:01:54 [action #193] t=8.80s step=192 queue=8 dmax=1.446 | shoulder_pan.pos=-39.23 shoulder_lift.pos=+16.55 elbow_flex.pos=+6.70 wrist_flex.pos=+71.29 wrist_roll.pos=-7.66 gripper.pos=+11.33
DEBUG 2026-09-03 09:01:54 [action #194] t=8.83s step=193 queue=7 dmax=1.386 | shoulder_pan.pos=-38.77 shoulder_lift.pos=+16.03 elbow_flex.pos=+6.57 wrist_flex.pos=+71.21 wrist_roll.pos=-7.82 gripper.pos=+9.94
DEBUG 2026-09-03 09:01:54 [action #195] t=8.86s step=194 queue=6 dmax=1.080 | shoulder_pan.pos=-39.14 shoulder_lift.pos=+15.78 elbow_flex.pos=+7.08 wrist_flex.pos=+71.06 wrist_roll.pos=-7.94 gripper.pos=+8.86
DEBUG 2026-09-03 09:01:54 [action #196] t=8.90s step=195 queue=5 dmax=1.387 | shoulder_pan.pos=-38.99 shoulder_lift.pos=+15.98 elbow_flex.pos=+6.35 wrist_flex.pos=+71.14 wrist_roll.pos=-7.87 gripper.pos=+7.47
DEBUG 2026-09-03 09:01:54 [action #197] t=8.93s step=196 queue=4 dmax=0.665 | shoulder_pan.pos=-39.28 shoulder_lift.pos=+15.42 elbow_flex.pos=+6.27 wrist_flex.pos=+71.30 wrist_roll.pos=-8.24 gripper.pos=+6.81
DEBUG 2026-09-03 09:01:54 [action #198] t=8.96s step=197 queue=3 dmax=0.795 | shoulder_pan.pos=-39.37 shoulder_lift.pos=+15.90 elbow_flex.pos=+5.47 wrist_flex.pos=+71.87 wrist_roll.pos=-8.47 gripper.pos=+6.65
DEBUG 2026-09-03 09:01:54 [action #199] t=9.00s step=198 queue=2 dmax=0.771 | shoulder_pan.pos=-38.91 shoulder_lift.pos=+15.48 elbow_flex.pos=+6.24 wrist_flex.pos=+72.04 wrist_roll.pos=-8.69 gripper.pos=+6.54
DEBUG 2026-09-03 09:01:54 [action #200] t=9.03s step=199 queue=1 dmax=0.569 | shoulder_pan.pos=-39.27 shoulder_lift.pos=+15.44 elbow_flex.pos=+5.78 wrist_flex.pos=+72.61 wrist_roll.pos=-9.03 gripper.pos=+6.42
DEBUG 2026-09-03 09:01:54 [chunk] received 50 actions, timesteps 175..224 | first: shoulder_pan.pos=-45.08 shoulder_lift.pos=-6.09 elbow_flex.pos=+18.34 wrist_flex.pos=+63.50 wrist_roll.pos=-10.16 gripper.pos=+26.60 | last: shoulder_pan.pos=-43.98 shoulder_lift.pos=+35.81 elbow_flex.pos=-19.14 wrist_flex.pos=+76.01 wrist_roll.pos=-8.94 gripper.pos=+27.18
DEBUG 2026-09-03 09:01:54 [action #201] t=9.06s step=200 queue=25 dmax=22.997 | shoulder_pan.pos=-44.96 shoulder_lift.pos=+19.86 elbow_flex.pos=-3.73 wrist_flex.pos=+72.24 wrist_roll.pos=-9.76 gripper.pos=+29.42
DEBUG 2026-09-03 09:01:54 [action #202] t=9.10s step=201 queue=24 dmax=1.356 | shoulder_pan.pos=-44.87 shoulder_lift.pos=+20.26 elbow_flex.pos=-5.09 wrist_flex.pos=+72.80 wrist_roll.pos=-9.57 gripper.pos=+29.62
DEBUG 2026-09-03 09:01:54 [action #203] t=9.13s step=202 queue=23 dmax=1.424 | shoulder_pan.pos=-44.83 shoulder_lift.pos=+21.68 elbow_flex.pos=-5.52 wrist_flex.pos=+73.05 wrist_roll.pos=-9.85 gripper.pos=+29.50
DEBUG 2026-09-03 09:01:54 [action #204] t=9.16s step=203 queue=22 dmax=1.979 | shoulder_pan.pos=-44.87 shoulder_lift.pos=+21.23 elbow_flex.pos=-7.50 wrist_flex.pos=+73.35 wrist_roll.pos=-9.77 gripper.pos=+29.62
DEBUG 2026-09-03 09:01:54 [action #205] t=9.20s step=204 queue=21 dmax=1.730 | shoulder_pan.pos=-44.87 shoulder_lift.pos=+22.96 elbow_flex.pos=-7.80 wrist_flex.pos=+73.41 wrist_roll.pos=-9.82 gripper.pos=+29.59
DEBUG 2026-09-03 09:01:54 [action #206] t=9.23s step=205 queue=20 dmax=1.524 | shoulder_pan.pos=-44.62 shoulder_lift.pos=+23.11 elbow_flex.pos=-9.32 wrist_flex.pos=+74.07 wrist_roll.pos=-9.80 gripper.pos=+29.64
DEBUG 2026-09-03 09:01:54 [action #207] t=9.26s step=206 queue=19 dmax=1.471 | shoulder_pan.pos=-44.69 shoulder_lift.pos=+23.31 elbow_flex.pos=-10.79 wrist_flex.pos=+74.59 wrist_roll.pos=-9.93 gripper.pos=+29.65
DEBUG 2026-09-03 09:01:54 [action #208] t=9.30s step=207 queue=18 dmax=0.938 | shoulder_pan.pos=-44.74 shoulder_lift.pos=+24.25 elbow_flex.pos=-11.23 wrist_flex.pos=+74.98 wrist_roll.pos=-9.85 gripper.pos=+29.65
DEBUG 2026-09-03 09:01:54 [action #209] t=9.33s step=208 queue=17 dmax=1.287 | shoulder_pan.pos=-45.13 shoulder_lift.pos=+25.53 elbow_flex.pos=-11.98 wrist_flex.pos=+74.91 wrist_roll.pos=-10.08 gripper.pos=+29.69
DEBUG 2026-09-03 09:01:54 [action #210] t=9.36s step=209 queue=16 dmax=0.652 | shoulder_pan.pos=-44.48 shoulder_lift.pos=+26.05 elbow_flex.pos=-11.92 wrist_flex.pos=+75.11 wrist_roll.pos=-9.98 gripper.pos=+29.62
DEBUG 2026-09-03 09:01:54 [action #211] t=9.40s step=210 queue=15 dmax=1.391 | shoulder_pan.pos=-44.24 shoulder_lift.pos=+26.67 elbow_flex.pos=-13.31 wrist_flex.pos=+75.22 wrist_roll.pos=-9.89 gripper.pos=+29.61
DEBUG 2026-09-03 09:01:54 [action #212] t=9.43s step=211 queue=14 dmax=0.553 | shoulder_pan.pos=-44.12 shoulder_lift.pos=+27.22 elbow_flex.pos=-13.47 wrist_flex.pos=+74.97 wrist_roll.pos=-9.87 gripper.pos=+29.58
DEBUG 2026-09-03 09:01:54 [action #213] t=9.46s step=212 queue=13 dmax=1.253 | shoulder_pan.pos=-44.36 shoulder_lift.pos=+28.47 elbow_flex.pos=-14.04 wrist_flex.pos=+75.17 wrist_roll.pos=-9.80 gripper.pos=+29.67
DEBUG 2026-09-03 09:01:54 [action #214] t=9.50s step=213 queue=12 dmax=0.414 | shoulder_pan.pos=-44.37 shoulder_lift.pos=+28.59 elbow_flex.pos=-13.63 wrist_flex.pos=+74.90 wrist_roll.pos=-9.85 gripper.pos=+29.55
DEBUG 2026-09-03 09:01:54 [action #215] t=9.53s step=214 queue=11 dmax=1.550 | shoulder_pan.pos=-44.04 shoulder_lift.pos=+30.14 elbow_flex.pos=-14.88 wrist_flex.pos=+74.76 wrist_roll.pos=-9.88 gripper.pos=+29.62
DEBUG 2026-09-03 09:01:55 [action #216] t=9.57s step=215 queue=10 dmax=0.296 | shoulder_pan.pos=-43.74 shoulder_lift.pos=+30.34 elbow_flex.pos=-15.05 wrist_flex.pos=+75.04 wrist_roll.pos=-9.80 gripper.pos=+29.35
DEBUG 2026-09-03 09:01:55 [action #217] t=9.60s step=216 queue=9 dmax=0.730 | shoulder_pan.pos=-44.47 shoulder_lift.pos=+30.84 elbow_flex.pos=-15.43 wrist_flex.pos=+74.84 wrist_roll.pos=-9.63 gripper.pos=+29.54
DEBUG 2026-09-03 09:01:55 [action #218] t=9.63s step=217 queue=8 dmax=1.493 | shoulder_pan.pos=-44.28 shoulder_lift.pos=+31.83 elbow_flex.pos=-16.92 wrist_flex.pos=+74.56 wrist_roll.pos=-9.67 gripper.pos=+29.68
DEBUG 2026-09-03 09:01:55 [action #219] t=9.67s step=218 queue=7 dmax=0.657 | shoulder_pan.pos=-43.86 shoulder_lift.pos=+32.49 elbow_flex.pos=-16.63 wrist_flex.pos=+74.92 wrist_roll.pos=-9.79 gripper.pos=+29.51
DEBUG 2026-09-03 09:01:55 [action #220] t=9.70s step=219 queue=6 dmax=1.418 | shoulder_pan.pos=-44.05 shoulder_lift.pos=+32.94 elbow_flex.pos=-18.05 wrist_flex.pos=+75.13 wrist_roll.pos=-9.73 gripper.pos=+29.50
DEBUG 2026-09-03 09:01:55 [action #221] t=9.73s step=220 queue=5 dmax=1.036 | shoulder_pan.pos=-43.90 shoulder_lift.pos=+33.97 elbow_flex.pos=-17.52 wrist_flex.pos=+75.40 wrist_roll.pos=-9.64 gripper.pos=+29.57
DEBUG 2026-09-03 09:01:55 [action #222] t=9.77s step=221 queue=4 dmax=0.962 | shoulder_pan.pos=-44.10 shoulder_lift.pos=+33.75 elbow_flex.pos=-18.48 wrist_flex.pos=+75.35 wrist_roll.pos=-9.49 gripper.pos=+29.58
DEBUG 2026-09-03 09:01:55 [action #223] t=9.80s step=222 queue=3 dmax=1.575 | shoulder_pan.pos=-43.94 shoulder_lift.pos=+35.33 elbow_flex.pos=-18.76 wrist_flex.pos=+75.67 wrist_roll.pos=-9.33 gripper.pos=+29.17
DEBUG 2026-09-03 09:01:55 [action #224] t=9.83s step=223 queue=2 dmax=1.097 | shoulder_pan.pos=-43.86 shoulder_lift.pos=+34.63 elbow_flex.pos=-19.29 wrist_flex.pos=+75.68 wrist_roll.pos=-9.11 gripper.pos=+28.08
DEBUG 2026-09-03 09:01:55 [action #225] t=9.87s step=224 queue=1 dmax=1.181 | shoulder_pan.pos=-43.98 shoulder_lift.pos=+35.81 elbow_flex.pos=-19.14 wrist_flex.pos=+76.01 wrist_roll.pos=-8.94 gripper.pos=+27.18
DEBUG 2026-09-03 09:01:55 [chunk] received 50 actions, timesteps 199..248 | first: shoulder_pan.pos=-40.55 shoulder_lift.pos=+17.43 elbow_flex.pos=-0.17 wrist_flex.pos=+70.49 wrist_roll.pos=-8.41 gripper.pos=+9.54 | last: shoulder_pan.pos=-41.73 shoulder_lift.pos=+20.61 elbow_flex.pos=-7.47 wrist_flex.pos=+84.20 wrist_roll.pos=-11.23 gripper.pos=+31.02
DEBUG 2026-09-03 09:01:55 [action #226] t=9.97s step=225 queue=24 dmax=23.482 | shoulder_pan.pos=-41.64 shoulder_lift.pos=+24.07 elbow_flex.pos=-14.39 wrist_flex.pos=+82.05 wrist_roll.pos=-11.22 gripper.pos=+3.70
DEBUG 2026-09-03 09:01:55 [action #227] t=10.00s step=226 queue=23 dmax=0.784 | shoulder_pan.pos=-41.49 shoulder_lift.pos=+23.71 elbow_flex.pos=-14.71 wrist_flex.pos=+82.84 wrist_roll.pos=-11.43 gripper.pos=+3.69
DEBUG 2026-09-03 09:01:55 [action #228] t=10.03s step=227 queue=22 dmax=1.310 | shoulder_pan.pos=-41.78 shoulder_lift.pos=+22.96 elbow_flex.pos=-16.02 wrist_flex.pos=+83.51 wrist_roll.pos=-11.54 gripper.pos=+3.49
DEBUG 2026-09-03 09:01:55 [action #229] t=10.07s step=228 queue=21 dmax=0.487 | shoulder_pan.pos=-41.65 shoulder_lift.pos=+23.03 elbow_flex.pos=-15.85 wrist_flex.pos=+84.00 wrist_roll.pos=-11.55 gripper.pos=+3.54
DEBUG 2026-09-03 09:01:55 [action #230] t=10.10s step=229 queue=20 dmax=0.742 | shoulder_pan.pos=-41.83 shoulder_lift.pos=+22.36 elbow_flex.pos=-16.29 wrist_flex.pos=+84.74 wrist_roll.pos=-11.65 gripper.pos=+3.43
DEBUG 2026-09-03 09:01:55 [action #231] t=10.13s step=230 queue=19 dmax=0.687 | shoulder_pan.pos=-41.69 shoulder_lift.pos=+22.69 elbow_flex.pos=-16.98 wrist_flex.pos=+85.09 wrist_roll.pos=-11.54 gripper.pos=+3.47
DEBUG 2026-09-03 09:01:55 [action #232] t=10.17s step=231 queue=18 dmax=1.342 | shoulder_pan.pos=-41.99 shoulder_lift.pos=+21.35 elbow_flex.pos=-16.46 wrist_flex.pos=+85.53 wrist_roll.pos=-11.53 gripper.pos=+3.68
DEBUG 2026-09-03 09:01:55 [action #233] t=10.20s step=232 queue=17 dmax=0.689 | shoulder_pan.pos=-41.87 shoulder_lift.pos=+21.59 elbow_flex.pos=-17.15 wrist_flex.pos=+85.74 wrist_roll.pos=-11.52 gripper.pos=+4.17
DEBUG 2026-09-03 09:01:55 [action #234] t=10.23s step=233 queue=16 dmax=1.257 | shoulder_pan.pos=-42.14 shoulder_lift.pos=+21.08 elbow_flex.pos=-15.89 wrist_flex.pos=+85.76 wrist_roll.pos=-11.44 gripper.pos=+5.30
DEBUG 2026-09-03 09:01:55 [action #235] t=10.27s step=234 queue=15 dmax=2.539 | shoulder_pan.pos=-41.79 shoulder_lift.pos=+20.55 elbow_flex.pos=-15.85 wrist_flex.pos=+85.67 wrist_roll.pos=-11.40 gripper.pos=+7.84
DEBUG 2026-09-03 09:01:55 [action #236] t=10.30s step=235 queue=14 dmax=3.341 | shoulder_pan.pos=-41.97 shoulder_lift.pos=+20.88 elbow_flex.pos=-14.92 wrist_flex.pos=+85.58 wrist_roll.pos=-11.56 gripper.pos=+11.18
DEBUG 2026-09-03 09:01:55 [action #237] t=10.33s step=236 queue=13 dmax=3.754 | shoulder_pan.pos=-41.97 shoulder_lift.pos=+20.55 elbow_flex.pos=-14.04 wrist_flex.pos=+85.43 wrist_roll.pos=-11.55 gripper.pos=+14.93
DEBUG 2026-09-03 09:01:55 [action #238] t=10.37s step=237 queue=12 dmax=3.483 | shoulder_pan.pos=-41.82 shoulder_lift.pos=+20.27 elbow_flex.pos=-13.04 wrist_flex.pos=+85.35 wrist_roll.pos=-11.57 gripper.pos=+18.42
DEBUG 2026-09-03 09:01:55 [action #239] t=10.40s step=238 queue=11 dmax=2.773 | shoulder_pan.pos=-41.79 shoulder_lift.pos=+20.09 elbow_flex.pos=-12.01 wrist_flex.pos=+85.19 wrist_roll.pos=-11.53 gripper.pos=+21.19
DEBUG 2026-09-03 09:01:55 [action #240] t=10.43s step=239 queue=10 dmax=2.095 | shoulder_pan.pos=-41.71 shoulder_lift.pos=+19.81 elbow_flex.pos=-11.68 wrist_flex.pos=+85.04 wrist_roll.pos=-11.56 gripper.pos=+23.28
DEBUG 2026-09-03 09:01:55 [action #241] t=10.47s step=240 queue=9 dmax=1.897 | shoulder_pan.pos=-41.98 shoulder_lift.pos=+19.49 elbow_flex.pos=-11.30 wrist_flex.pos=+84.93 wrist_roll.pos=-11.75 gripper.pos=+25.18
DEBUG 2026-09-03 09:01:55 [action #242] t=10.50s step=241 queue=8 dmax=1.247 | shoulder_pan.pos=-41.71 shoulder_lift.pos=+19.58 elbow_flex.pos=-10.76 wrist_flex.pos=+84.66 wrist_roll.pos=-11.75 gripper.pos=+26.43
DEBUG 2026-09-03 09:01:55 [action #243] t=10.54s step=242 queue=7 dmax=1.268 | shoulder_pan.pos=-41.77 shoulder_lift.pos=+19.64 elbow_flex.pos=-10.38 wrist_flex.pos=+84.56 wrist_roll.pos=-11.78 gripper.pos=+27.70
DEBUG 2026-09-03 09:01:56 [action #244] t=10.57s step=243 queue=6 dmax=1.168 | shoulder_pan.pos=-41.73 shoulder_lift.pos=+20.08 elbow_flex.pos=-9.49 wrist_flex.pos=+84.56 wrist_roll.pos=-11.82 gripper.pos=+28.86
DEBUG 2026-09-03 09:01:56 [action #245] t=10.60s step=244 queue=5 dmax=0.977 | shoulder_pan.pos=-41.47 shoulder_lift.pos=+20.01 elbow_flex.pos=-9.60 wrist_flex.pos=+84.26 wrist_roll.pos=-11.70 gripper.pos=+29.84
DEBUG 2026-09-03 09:01:56 [action #246] t=10.64s step=245 queue=4 dmax=0.607 | shoulder_pan.pos=-41.66 shoulder_lift.pos=+19.81 elbow_flex.pos=-8.99 wrist_flex.pos=+84.44 wrist_roll.pos=-11.67 gripper.pos=+30.39
DEBUG 2026-09-03 09:01:56 [action #247] t=10.67s step=246 queue=3 dmax=0.819 | shoulder_pan.pos=-41.66 shoulder_lift.pos=+20.62 elbow_flex.pos=-8.17 wrist_flex.pos=+84.16 wrist_roll.pos=-11.58 gripper.pos=+30.59
DEBUG 2026-09-03 09:01:56 [action #248] t=10.70s step=247 queue=2 dmax=0.201 | shoulder_pan.pos=-41.70 shoulder_lift.pos=+20.55 elbow_flex.pos=-8.35 wrist_flex.pos=+84.03 wrist_roll.pos=-11.38 gripper.pos=+30.79
DEBUG 2026-09-03 09:01:56 [action #249] t=10.74s step=248 queue=1 dmax=0.880 | shoulder_pan.pos=-41.73 shoulder_lift.pos=+20.61 elbow_flex.pos=-7.47 wrist_flex.pos=+84.20 wrist_roll.pos=-11.23 gripper.pos=+31.02
DEBUG 2026-09-03 09:01:56 [chunk] received 50 actions, timesteps 224..273 | first: shoulder_pan.pos=-43.02 shoulder_lift.pos=+31.51 elbow_flex.pos=-20.96 wrist_flex.pos=+77.22 wrist_roll.pos=-9.48 gripper.pos=+29.87 | last: shoulder_pan.pos=-41.41 shoulder_lift.pos=+35.73 elbow_flex.pos=-54.95 wrist_flex.pos=+99.53 wrist_roll.pos=-12.94 gripper.pos=+4.88
DEBUG 2026-09-03 09:01:56 [action #250] t=10.87s step=249 queue=25 dmax=25.788 | shoulder_pan.pos=-41.10 shoulder_lift.pos=+39.67 elbow_flex.pos=-28.02 wrist_flex.pos=+77.34 wrist_roll.pos=-9.98 gripper.pos=+5.24
DEBUG 2026-09-03 09:01:56 [action #251] t=10.90s step=250 queue=24 dmax=0.885 | shoulder_pan.pos=-40.98 shoulder_lift.pos=+38.92 elbow_flex.pos=-28.91 wrist_flex.pos=+77.64 wrist_roll.pos=-10.00 gripper.pos=+4.94
DEBUG 2026-09-03 09:01:56 [action #252] t=10.94s step=251 queue=23 dmax=0.333 | shoulder_pan.pos=-40.95 shoulder_lift.pos=+38.59 elbow_flex.pos=-29.11 wrist_flex.pos=+77.92 wrist_roll.pos=-10.10 gripper.pos=+4.60
DEBUG 2026-09-03 09:01:56 [action #253] t=10.97s step=252 queue=22 dmax=1.037 | shoulder_pan.pos=-41.06 shoulder_lift.pos=+38.84 elbow_flex.pos=-30.15 wrist_flex.pos=+78.37 wrist_roll.pos=-10.23 gripper.pos=+4.48
DEBUG 2026-09-03 09:01:56 [action #254] t=11.00s step=253 queue=21 dmax=0.710 | shoulder_pan.pos=-40.98 shoulder_lift.pos=+38.74 elbow_flex.pos=-30.60 wrist_flex.pos=+79.08 wrist_roll.pos=-10.39 gripper.pos=+4.07
DEBUG 2026-09-03 09:01:56 [action #255] t=11.04s step=254 queue=20 dmax=0.990 | shoulder_pan.pos=-41.07 shoulder_lift.pos=+39.42 elbow_flex.pos=-31.19 wrist_flex.pos=+80.07 wrist_roll.pos=-10.48 gripper.pos=+4.04
DEBUG 2026-09-03 09:01:56 [action #256] t=11.07s step=255 queue=19 dmax=0.705 | shoulder_pan.pos=-41.21 shoulder_lift.pos=+38.90 elbow_flex.pos=-31.90 wrist_flex.pos=+80.77 wrist_roll.pos=-10.71 gripper.pos=+4.16
DEBUG 2026-09-03 09:01:56 [action #257] t=11.10s step=256 queue=18 dmax=1.317 | shoulder_pan.pos=-41.00 shoulder_lift.pos=+38.39 elbow_flex.pos=-32.86 wrist_flex.pos=+82.09 wrist_roll.pos=-10.92 gripper.pos=+4.12
DEBUG 2026-09-03 09:01:56 [action #258] t=11.14s step=257 queue=17 dmax=1.768 | shoulder_pan.pos=-41.03 shoulder_lift.pos=+39.31 elbow_flex.pos=-34.63 wrist_flex.pos=+83.09 wrist_roll.pos=-11.09 gripper.pos=+4.60
DEBUG 2026-09-03 09:01:56 [action #259] t=11.17s step=258 queue=16 dmax=1.722 | shoulder_pan.pos=-40.80 shoulder_lift.pos=+37.68 elbow_flex.pos=-35.89 wrist_flex.pos=+84.81 wrist_roll.pos=-11.22 gripper.pos=+4.58
DEBUG 2026-09-03 09:01:56 [action #260] t=11.20s step=259 queue=15 dmax=2.213 | shoulder_pan.pos=-40.85 shoulder_lift.pos=+38.59 elbow_flex.pos=-38.11 wrist_flex.pos=+86.22 wrist_roll.pos=-11.55 gripper.pos=+4.62
DEBUG 2026-09-03 09:01:56 [action #261] t=11.24s step=260 queue=14 dmax=1.576 | shoulder_pan.pos=-40.63 shoulder_lift.pos=+38.31 elbow_flex.pos=-39.39 wrist_flex.pos=+87.80 wrist_roll.pos=-11.88 gripper.pos=+4.55
DEBUG 2026-09-03 09:01:56 [action #262] t=11.27s step=261 queue=13 dmax=1.579 | shoulder_pan.pos=-41.36 shoulder_lift.pos=+38.44 elbow_flex.pos=-40.96 wrist_flex.pos=+89.31 wrist_roll.pos=-12.06 gripper.pos=+4.65
DEBUG 2026-09-03 09:01:56 [action #263] t=11.30s step=262 queue=12 dmax=2.037 | shoulder_pan.pos=-40.88 shoulder_lift.pos=+38.26 elbow_flex.pos=-43.00 wrist_flex.pos=+90.98 wrist_roll.pos=-12.32 gripper.pos=+4.55
DEBUG 2026-09-03 09:01:56 [action #264] t=11.34s step=263 queue=11 dmax=1.264 | shoulder_pan.pos=-41.09 shoulder_lift.pos=+38.71 elbow_flex.pos=-44.27 wrist_flex.pos=+92.02 wrist_roll.pos=-12.31 gripper.pos=+4.82
DEBUG 2026-09-03 09:01:56 [action #265] t=11.37s step=264 queue=10 dmax=2.133 | shoulder_pan.pos=-40.89 shoulder_lift.pos=+38.40 elbow_flex.pos=-46.40 wrist_flex.pos=+93.24 wrist_roll.pos=-12.52 gripper.pos=+4.64
DEBUG 2026-09-03 09:01:56 [action #266] t=11.40s step=265 queue=9 dmax=1.022 | shoulder_pan.pos=-41.66 shoulder_lift.pos=+38.12 elbow_flex.pos=-47.42 wrist_flex.pos=+94.25 wrist_roll.pos=-12.67 gripper.pos=+4.71
DEBUG 2026-09-03 09:01:56 [action #267] t=11.44s step=266 queue=8 dmax=0.758 | shoulder_pan.pos=-41.61 shoulder_lift.pos=+37.50 elbow_flex.pos=-47.79 wrist_flex.pos=+95.01 wrist_roll.pos=-12.57 gripper.pos=+4.60
DEBUG 2026-09-03 09:01:56 [action #268] t=11.47s step=267 queue=7 dmax=1.986 | shoulder_pan.pos=-41.63 shoulder_lift.pos=+38.16 elbow_flex.pos=-49.78 wrist_flex.pos=+95.76 wrist_roll.pos=-12.72 gripper.pos=+4.69
DEBUG 2026-09-03 09:01:56 [action #269] t=11.50s step=268 queue=6 dmax=1.228 | shoulder_pan.pos=-41.52 shoulder_lift.pos=+38.57 elbow_flex.pos=-51.00 wrist_flex.pos=+96.70 wrist_roll.pos=-12.63 gripper.pos=+4.75
DEBUG 2026-09-03 09:01:57 [action #270] t=11.54s step=269 queue=5 dmax=1.381 | shoulder_pan.pos=-41.57 shoulder_lift.pos=+38.49 elbow_flex.pos=-52.39 wrist_flex.pos=+97.49 wrist_roll.pos=-12.63 gripper.pos=+4.90
DEBUG 2026-09-03 09:01:57 [action #271] t=11.57s step=270 queue=4 dmax=1.706 | shoulder_pan.pos=-41.63 shoulder_lift.pos=+36.78 elbow_flex.pos=-52.34 wrist_flex.pos=+98.00 wrist_roll.pos=-12.62 gripper.pos=+4.91
DEBUG 2026-09-03 09:01:57 [action #272] t=11.60s step=271 queue=3 dmax=0.906 | shoulder_pan.pos=-41.63 shoulder_lift.pos=+37.46 elbow_flex.pos=-53.25 wrist_flex.pos=+98.45 wrist_roll.pos=-12.93 gripper.pos=+4.65
DEBUG 2026-09-03 09:01:57 [action #273] t=11.64s step=272 queue=2 dmax=0.995 | shoulder_pan.pos=-41.59 shoulder_lift.pos=+36.87 elbow_flex.pos=-54.24 wrist_flex.pos=+99.12 wrist_roll.pos=-12.93 gripper.pos=+4.73
DEBUG 2026-09-03 09:01:57 [action #274] t=11.67s step=273 queue=1 dmax=1.142 | shoulder_pan.pos=-41.41 shoulder_lift.pos=+35.73 elbow_flex.pos=-54.95 wrist_flex.pos=+99.53 wrist_roll.pos=-12.94 gripper.pos=+4.88
DEBUG 2026-09-03 09:01:57 [chunk] received 50 actions, timesteps 248..297 | first: shoulder_pan.pos=-42.30 shoulder_lift.pos=+18.32 elbow_flex.pos=-12.22 wrist_flex.pos=+84.83 wrist_roll.pos=-11.68 gripper.pos=+30.13 | last: shoulder_pan.pos=-43.28 shoulder_lift.pos=+44.22 elbow_flex.pos=-34.13 wrist_flex.pos=+83.86 wrist_roll.pos=-11.86 gripper.pos=+5.27
DEBUG 2026-09-03 09:01:57 [action #275] t=11.77s step=274 queue=24 dmax=29.307 | shoulder_pan.pos=-44.09 shoulder_lift.pos=+34.21 elbow_flex.pos=-25.64 wrist_flex.pos=+82.92 wrist_roll.pos=-12.23 gripper.pos=+31.57
DEBUG 2026-09-03 09:01:57 [action #276] t=11.81s step=275 queue=23 dmax=0.544 | shoulder_pan.pos=-43.88 shoulder_lift.pos=+33.74 elbow_flex.pos=-25.10 wrist_flex.pos=+82.63 wrist_roll.pos=-12.18 gripper.pos=+31.55
DEBUG 2026-09-03 09:01:57 [action #277] t=11.84s step=276 queue=22 dmax=0.745 | shoulder_pan.pos=-44.14 shoulder_lift.pos=+34.49 elbow_flex.pos=-24.63 wrist_flex.pos=+82.63 wrist_roll.pos=-12.25 gripper.pos=+31.57
DEBUG 2026-09-03 09:01:57 [action #278] t=11.87s step=277 queue=21 dmax=1.059 | shoulder_pan.pos=-43.96 shoulder_lift.pos=+35.55 elbow_flex.pos=-25.55 wrist_flex.pos=+82.60 wrist_roll.pos=-12.16 gripper.pos=+31.84
DEBUG 2026-09-03 09:01:57 [action #279] t=11.91s step=278 queue=20 dmax=0.543 | shoulder_pan.pos=-43.83 shoulder_lift.pos=+35.17 elbow_flex.pos=-26.09 wrist_flex.pos=+82.51 wrist_roll.pos=-12.09 gripper.pos=+31.81
DEBUG 2026-09-03 09:01:57 [action #280] t=11.94s step=279 queue=19 dmax=1.260 | shoulder_pan.pos=-43.96 shoulder_lift.pos=+36.43 elbow_flex.pos=-26.38 wrist_flex.pos=+82.32 wrist_roll.pos=-12.00 gripper.pos=+31.89
DEBUG 2026-09-03 09:01:57 [action #281] t=11.97s step=280 queue=18 dmax=0.982 | shoulder_pan.pos=-44.08 shoulder_lift.pos=+36.52 elbow_flex.pos=-25.40 wrist_flex.pos=+82.35 wrist_roll.pos=-12.03 gripper.pos=+32.16
DEBUG 2026-09-03 09:01:57 [action #282] t=12.01s step=281 queue=17 dmax=1.515 | shoulder_pan.pos=-44.04 shoulder_lift.pos=+38.04 elbow_flex.pos=-26.42 wrist_flex.pos=+82.42 wrist_roll.pos=-12.15 gripper.pos=+32.33
DEBUG 2026-09-03 09:01:57 [action #283] t=12.04s step=282 queue=16 dmax=0.355 | shoulder_pan.pos=-44.36 shoulder_lift.pos=+38.37 elbow_flex.pos=-26.43 wrist_flex.pos=+82.51 wrist_roll.pos=-12.17 gripper.pos=+32.69
DEBUG 2026-09-03 09:01:57 [action #284] t=12.07s step=283 queue=15 dmax=0.342 | shoulder_pan.pos=-44.02 shoulder_lift.pos=+38.61 elbow_flex.pos=-26.54 wrist_flex.pos=+82.30 wrist_roll.pos=-12.05 gripper.pos=+32.44
DEBUG 2026-09-03 09:01:57 [action #285] t=12.11s step=284 queue=14 dmax=0.405 | shoulder_pan.pos=-44.08 shoulder_lift.pos=+39.01 elbow_flex.pos=-26.87 wrist_flex.pos=+82.20 wrist_roll.pos=-12.07 gripper.pos=+32.48
DEBUG 2026-09-03 09:01:57 [action #286] t=12.14s step=285 queue=13 dmax=0.444 | shoulder_pan.pos=-43.75 shoulder_lift.pos=+39.15 elbow_flex.pos=-27.32 wrist_flex.pos=+82.39 wrist_roll.pos=-11.95 gripper.pos=+32.55
DEBUG 2026-09-03 09:01:57 [action #287] t=12.17s step=286 queue=12 dmax=1.011 | shoulder_pan.pos=-43.44 shoulder_lift.pos=+39.38 elbow_flex.pos=-27.84 wrist_flex.pos=+82.72 wrist_roll.pos=-12.13 gripper.pos=+31.54
DEBUG 2026-09-03 09:01:57 [action #288] t=12.21s step=287 queue=11 dmax=1.250 | shoulder_pan.pos=-43.86 shoulder_lift.pos=+40.20 elbow_flex.pos=-28.19 wrist_flex.pos=+82.54 wrist_roll.pos=-11.96 gripper.pos=+30.29
DEBUG 2026-09-03 09:01:57 [action #289] t=12.24s step=288 queue=10 dmax=2.596 | shoulder_pan.pos=-43.69 shoulder_lift.pos=+40.81 elbow_flex.pos=-29.15 wrist_flex.pos=+82.62 wrist_roll.pos=-11.95 gripper.pos=+27.69
DEBUG 2026-09-03 09:01:57 [action #290] t=12.27s step=289 queue=9 dmax=2.681 | shoulder_pan.pos=-43.95 shoulder_lift.pos=+40.60 elbow_flex.pos=-30.03 wrist_flex.pos=+82.59 wrist_roll.pos=-11.76 gripper.pos=+25.01
DEBUG 2026-09-03 09:01:57 [action #291] t=12.31s step=290 queue=8 dmax=2.443 | shoulder_pan.pos=-43.49 shoulder_lift.pos=+42.06 elbow_flex.pos=-30.32 wrist_flex.pos=+82.60 wrist_roll.pos=-11.72 gripper.pos=+22.57
DEBUG 2026-09-03 09:01:57 [action #292] t=12.34s step=291 queue=7 dmax=3.259 | shoulder_pan.pos=-43.62 shoulder_lift.pos=+42.91 elbow_flex.pos=-31.95 wrist_flex.pos=+82.85 wrist_roll.pos=-11.72 gripper.pos=+19.31
DEBUG 2026-09-03 09:01:57 [action #293] t=12.37s step=292 queue=6 dmax=3.168 | shoulder_pan.pos=-43.76 shoulder_lift.pos=+43.17 elbow_flex.pos=-31.99 wrist_flex.pos=+82.98 wrist_roll.pos=-11.72 gripper.pos=+16.14
DEBUG 2026-09-03 09:01:57 [action #294] t=12.41s step=293 queue=5 dmax=2.966 | shoulder_pan.pos=-43.44 shoulder_lift.pos=+44.00 elbow_flex.pos=-32.23 wrist_flex.pos=+83.12 wrist_roll.pos=-11.53 gripper.pos=+13.17
DEBUG 2026-09-03 09:01:57 [action #295] t=12.44s step=294 queue=4 dmax=2.660 | shoulder_pan.pos=-43.43 shoulder_lift.pos=+43.83 elbow_flex.pos=-32.88 wrist_flex.pos=+83.39 wrist_roll.pos=-11.56 gripper.pos=+10.52
DEBUG 2026-09-03 09:01:57 [action #296] t=12.47s step=295 queue=3 dmax=2.497 | shoulder_pan.pos=-43.45 shoulder_lift.pos=+44.32 elbow_flex.pos=-32.96 wrist_flex.pos=+83.42 wrist_roll.pos=-11.69 gripper.pos=+8.02
DEBUG 2026-09-03 09:01:57 [action #297] t=12.51s step=296 queue=2 dmax=1.694 | shoulder_pan.pos=-43.24 shoulder_lift.pos=+44.66 elbow_flex.pos=-33.57 wrist_flex.pos=+83.49 wrist_roll.pos=-11.75 gripper.pos=+6.32
DEBUG 2026-09-03 09:01:58 [action #298] t=12.54s step=297 queue=1 dmax=1.054 | shoulder_pan.pos=-43.28 shoulder_lift.pos=+44.22 elbow_flex.pos=-34.13 wrist_flex.pos=+83.86 wrist_roll.pos=-11.86 gripper.pos=+5.27
DEBUG 2026-09-03 09:01:58 [chunk] received 50 actions, timesteps 273..322 | first: shoulder_pan.pos=-41.89 shoulder_lift.pos=+40.62 elbow_flex.pos=-51.12 wrist_flex.pos=+99.08 wrist_roll.pos=-15.77 gripper.pos=+10.55 | last: shoulder_pan.pos=-42.40 shoulder_lift.pos=+51.13 elbow_flex.pos=-42.91 wrist_flex.pos=+88.18 wrist_roll.pos=-12.59 gripper.pos=+28.49
DEBUG 2026-09-03 09:01:58 [action #299] t=12.64s step=298 queue=25 dmax=22.757 | shoulder_pan.pos=-42.41 shoulder_lift.pos=+40.87 elbow_flex.pos=-38.91 wrist_flex.pos=+90.86 wrist_roll.pos=-12.98 gripper.pos=+28.03
DEBUG 2026-09-03 09:01:58 [action #300] t=12.67s step=299 queue=24 dmax=0.467 | shoulder_pan.pos=-42.38 shoulder_lift.pos=+41.23 elbow_flex.pos=-38.83 wrist_flex.pos=+90.40 wrist_roll.pos=-12.98 gripper.pos=+28.27
DEBUG 2026-09-03 09:01:58 [action #301] t=12.71s step=300 queue=23 dmax=0.675 | shoulder_pan.pos=-42.35 shoulder_lift.pos=+41.24 elbow_flex.pos=-38.16 wrist_flex.pos=+90.22 wrist_roll.pos=-12.96 gripper.pos=+28.43
DEBUG 2026-09-03 09:01:58 [action #302] t=12.74s step=301 queue=22 dmax=0.417 | shoulder_pan.pos=-42.48 shoulder_lift.pos=+41.32 elbow_flex.pos=-38.57 wrist_flex.pos=+90.06 wrist_roll.pos=-12.90 gripper.pos=+28.44
DEBUG 2026-09-03 09:01:58 [action #303] t=12.78s step=302 queue=21 dmax=0.685 | shoulder_pan.pos=-42.14 shoulder_lift.pos=+42.00 elbow_flex.pos=-38.19 wrist_flex.pos=+89.90 wrist_roll.pos=-12.87 gripper.pos=+28.56
DEBUG 2026-09-03 09:01:58 [action #304] t=12.81s step=303 queue=20 dmax=0.347 | shoulder_pan.pos=-42.48 shoulder_lift.pos=+42.17 elbow_flex.pos=-38.11 wrist_flex.pos=+89.92 wrist_roll.pos=-12.98 gripper.pos=+28.53
DEBUG 2026-09-03 09:01:58 [action #305] t=12.84s step=304 queue=19 dmax=0.745 | shoulder_pan.pos=-42.21 shoulder_lift.pos=+42.63 elbow_flex.pos=-38.85 wrist_flex.pos=+89.76 wrist_roll.pos=-13.04 gripper.pos=+28.60
DEBUG 2026-09-03 09:01:58 [action #306] t=12.88s step=305 queue=18 dmax=0.768 | shoulder_pan.pos=-42.04 shoulder_lift.pos=+43.39 elbow_flex.pos=-38.40 wrist_flex.pos=+89.50 wrist_roll.pos=-13.03 gripper.pos=+28.51
DEBUG 2026-09-03 09:01:58 [action #307] t=12.91s step=306 queue=17 dmax=1.056 | shoulder_pan.pos=-41.97 shoulder_lift.pos=+44.45 elbow_flex.pos=-38.58 wrist_flex.pos=+89.28 wrist_roll.pos=-12.98 gripper.pos=+28.36
DEBUG 2026-09-03 09:01:58 [action #308] t=12.94s step=307 queue=16 dmax=0.840 | shoulder_pan.pos=-41.96 shoulder_lift.pos=+44.55 elbow_flex.pos=-39.42 wrist_flex.pos=+89.05 wrist_roll.pos=-13.06 gripper.pos=+28.50
DEBUG 2026-09-03 09:01:58 [action #309] t=12.98s step=308 queue=15 dmax=0.497 | shoulder_pan.pos=-41.81 shoulder_lift.pos=+45.05 elbow_flex.pos=-39.36 wrist_flex.pos=+88.58 wrist_roll.pos=-13.16 gripper.pos=+28.39
DEBUG 2026-09-03 09:01:58 [action #310] t=13.01s step=309 queue=14 dmax=0.738 | shoulder_pan.pos=-41.84 shoulder_lift.pos=+45.49 elbow_flex.pos=-40.10 wrist_flex.pos=+88.32 wrist_roll.pos=-13.15 gripper.pos=+28.36
DEBUG 2026-09-03 09:01:58 [action #311] t=13.04s step=310 queue=13 dmax=0.491 | shoulder_pan.pos=-41.65 shoulder_lift.pos=+45.73 elbow_flex.pos=-39.61 wrist_flex.pos=+88.16 wrist_roll.pos=-13.05 gripper.pos=+28.28
DEBUG 2026-09-03 09:01:58 [action #312] t=13.08s step=311 queue=12 dmax=0.362 | shoulder_pan.pos=-41.61 shoulder_lift.pos=+46.09 elbow_flex.pos=-39.79 wrist_flex.pos=+87.93 wrist_roll.pos=-13.06 gripper.pos=+28.09
DEBUG 2026-09-03 09:01:58 [action #313] t=13.11s step=312 queue=11 dmax=0.614 | shoulder_pan.pos=-41.45 shoulder_lift.pos=+46.71 elbow_flex.pos=-39.74 wrist_flex.pos=+87.55 wrist_roll.pos=-13.09 gripper.pos=+28.15
DEBUG 2026-09-03 09:01:58 [action #314] t=13.14s step=313 queue=10 dmax=0.824 | shoulder_pan.pos=-41.22 shoulder_lift.pos=+47.53 elbow_flex.pos=-39.86 wrist_flex.pos=+87.38 wrist_roll.pos=-13.05 gripper.pos=+28.18
DEBUG 2026-09-03 09:01:58 [action #315] t=13.18s step=314 queue=9 dmax=0.370 | shoulder_pan.pos=-41.08 shoulder_lift.pos=+47.60 elbow_flex.pos=-40.23 wrist_flex.pos=+87.51 wrist_roll.pos=-13.06 gripper.pos=+28.37
DEBUG 2026-09-03 09:01:58 [action #316] t=13.21s step=315 queue=8 dmax=1.346 | shoulder_pan.pos=-41.50 shoulder_lift.pos=+48.95 elbow_flex.pos=-40.15 wrist_flex.pos=+87.43 wrist_roll.pos=-13.16 gripper.pos=+28.37
DEBUG 2026-09-03 09:01:58 [action #317] t=13.24s step=316 queue=7 dmax=0.636 | shoulder_pan.pos=-41.41 shoulder_lift.pos=+49.38 elbow_flex.pos=-40.79 wrist_flex.pos=+87.48 wrist_roll.pos=-13.01 gripper.pos=+28.60
DEBUG 2026-09-03 09:01:58 [action #318] t=13.28s step=317 queue=6 dmax=0.462 | shoulder_pan.pos=-41.53 shoulder_lift.pos=+48.91 elbow_flex.pos=-40.38 wrist_flex.pos=+87.65 wrist_roll.pos=-13.01 gripper.pos=+28.48
DEBUG 2026-09-03 09:01:58 [action #319] t=13.31s step=318 queue=5 dmax=1.197 | shoulder_pan.pos=-41.79 shoulder_lift.pos=+50.11 elbow_flex.pos=-40.55 wrist_flex.pos=+87.68 wrist_roll.pos=-12.91 gripper.pos=+28.63
DEBUG 2026-09-03 09:01:58 [action #320] t=13.34s step=319 queue=4 dmax=0.790 | shoulder_pan.pos=-41.88 shoulder_lift.pos=+49.80 elbow_flex.pos=-41.34 wrist_flex.pos=+87.78 wrist_roll.pos=-12.92 gripper.pos=+28.69
DEBUG 2026-09-03 09:01:58 [action #321] t=13.38s step=320 queue=3 dmax=1.146 | shoulder_pan.pos=-41.95 shoulder_lift.pos=+50.94 elbow_flex.pos=-41.55 wrist_flex.pos=+87.94 wrist_roll.pos=-12.81 gripper.pos=+28.63
DEBUG 2026-09-03 09:01:58 [action #322] t=13.41s step=321 queue=2 dmax=0.331 | shoulder_pan.pos=-42.27 shoulder_lift.pos=+51.27 elbow_flex.pos=-41.57 wrist_flex.pos=+88.09 wrist_roll.pos=-12.71 gripper.pos=+28.54
DEBUG 2026-09-03 09:01:58 [action #323] t=13.44s step=322 queue=1 dmax=1.336 | shoulder_pan.pos=-42.40 shoulder_lift.pos=+51.13 elbow_flex.pos=-42.91 wrist_flex.pos=+88.18 wrist_roll.pos=-12.59 gripper.pos=+28.49
DEBUG 2026-09-03 09:01:58 [chunk] received 50 actions, timesteps 297..346 | first: shoulder_pan.pos=-40.64 shoulder_lift.pos=+40.22 elbow_flex.pos=-36.23 wrist_flex.pos=+86.53 wrist_roll.pos=-13.01 gripper.pos=+6.38 | last: shoulder_pan.pos=-23.43 shoulder_lift.pos=+11.69 elbow_flex.pos=-40.33 wrist_flex.pos=+102.24 wrist_roll.pos=-14.91 gripper.pos=+5.93
DEBUG 2026-09-03 09:01:58 [action #324] t=13.51s step=323 queue=24 dmax=22.733 | shoulder_pan.pos=-40.97 shoulder_lift.pos=+33.58 elbow_flex.pos=-49.90 wrist_flex.pos=+100.81 wrist_roll.pos=-14.59 gripper.pos=+5.76
DEBUG 2026-09-03 09:01:59 [action #325] t=13.54s step=324 queue=23 dmax=1.324 | shoulder_pan.pos=-40.41 shoulder_lift.pos=+32.26 elbow_flex.pos=-50.30 wrist_flex.pos=+100.86 wrist_roll.pos=-14.60 gripper.pos=+6.07
DEBUG 2026-09-03 09:01:59 [action #326] t=13.58s step=325 queue=22 dmax=1.447 | shoulder_pan.pos=-40.16 shoulder_lift.pos=+31.70 elbow_flex.pos=-48.86 wrist_flex.pos=+100.79 wrist_roll.pos=-14.60 gripper.pos=+5.83
DEBUG 2026-09-03 09:01:59 [action #327] t=13.61s step=326 queue=21 dmax=1.445 | shoulder_pan.pos=-40.01 shoulder_lift.pos=+30.26 elbow_flex.pos=-48.21 wrist_flex.pos=+101.04 wrist_roll.pos=-14.54 gripper.pos=+5.97
DEBUG 2026-09-03 09:01:59 [action #328] t=13.64s step=327 queue=20 dmax=1.073 | shoulder_pan.pos=-38.94 shoulder_lift.pos=+29.45 elbow_flex.pos=-48.14 wrist_flex.pos=+101.21 wrist_roll.pos=-14.28 gripper.pos=+5.95
DEBUG 2026-09-03 09:01:59 [action #329] t=13.68s step=328 queue=19 dmax=1.640 | shoulder_pan.pos=-38.80 shoulder_lift.pos=+27.81 elbow_flex.pos=-47.74 wrist_flex.pos=+101.46 wrist_roll.pos=-14.31 gripper.pos=+5.85
DEBUG 2026-09-03 09:01:59 [action #330] t=13.71s step=329 queue=18 dmax=1.428 | shoulder_pan.pos=-38.23 shoulder_lift.pos=+26.38 elbow_flex.pos=-47.24 wrist_flex.pos=+101.41 wrist_roll.pos=-14.29 gripper.pos=+6.14
DEBUG 2026-09-03 09:01:59 [action #331] t=13.75s step=330 queue=17 dmax=1.295 | shoulder_pan.pos=-37.92 shoulder_lift.pos=+25.64 elbow_flex.pos=-45.94 wrist_flex.pos=+101.63 wrist_roll.pos=-14.41 gripper.pos=+6.03
DEBUG 2026-09-03 09:01:59 [action #332] t=13.78s step=331 queue=16 dmax=1.916 | shoulder_pan.pos=-36.92 shoulder_lift.pos=+23.73 elbow_flex.pos=-44.50 wrist_flex.pos=+101.49 wrist_roll.pos=-14.46 gripper.pos=+6.05
DEBUG 2026-09-03 09:01:59 [action #333] t=13.81s step=332 queue=15 dmax=0.903 | shoulder_pan.pos=-36.29 shoulder_lift.pos=+22.82 elbow_flex.pos=-44.86 wrist_flex.pos=+101.58 wrist_roll.pos=-14.40 gripper.pos=+5.97
DEBUG 2026-09-03 09:01:59 [action #334] t=13.85s step=333 queue=14 dmax=1.351 | shoulder_pan.pos=-35.60 shoulder_lift.pos=+22.16 elbow_flex.pos=-43.51 wrist_flex.pos=+101.56 wrist_roll.pos=-14.17 gripper.pos=+6.14
DEBUG 2026-09-03 09:01:59 [action #335] t=13.88s step=334 queue=13 dmax=1.762 | shoulder_pan.pos=-35.04 shoulder_lift.pos=+20.39 elbow_flex.pos=-43.47 wrist_flex.pos=+101.28 wrist_roll.pos=-14.47 gripper.pos=+6.29
DEBUG 2026-09-03 09:01:59 [action #336] t=13.91s step=335 queue=12 dmax=0.684 | shoulder_pan.pos=-34.36 shoulder_lift.pos=+20.35 elbow_flex.pos=-43.29 wrist_flex.pos=+101.28 wrist_roll.pos=-14.49 gripper.pos=+6.20
DEBUG 2026-09-03 09:01:59 [action #337] t=13.95s step=336 queue=11 dmax=2.129 | shoulder_pan.pos=-33.86 shoulder_lift.pos=+18.22 elbow_flex.pos=-42.64 wrist_flex.pos=+101.51 wrist_roll.pos=-14.55 gripper.pos=+6.04
DEBUG 2026-09-03 09:01:59 [action #338] t=13.98s step=337 queue=10 dmax=0.895 | shoulder_pan.pos=-32.96 shoulder_lift.pos=+17.67 elbow_flex.pos=-42.55 wrist_flex.pos=+101.65 wrist_roll.pos=-14.56 gripper.pos=+6.12
DEBUG 2026-09-03 09:01:59 [action #339] t=14.01s step=338 queue=9 dmax=1.288 | shoulder_pan.pos=-32.12 shoulder_lift.pos=+16.98 elbow_flex.pos=-43.84 wrist_flex.pos=+101.45 wrist_roll.pos=-14.86 gripper.pos=+6.12
DEBUG 2026-09-03 09:01:59 [action #340] t=14.05s step=339 queue=8 dmax=1.999 | shoulder_pan.pos=-31.52 shoulder_lift.pos=+15.86 elbow_flex.pos=-41.84 wrist_flex.pos=+101.54 wrist_roll.pos=-14.70 gripper.pos=+6.20
DEBUG 2026-09-03 09:01:59 [action #341] t=14.08s step=340 queue=7 dmax=0.851 | shoulder_pan.pos=-30.67 shoulder_lift.pos=+15.21 elbow_flex.pos=-41.51 wrist_flex.pos=+101.41 wrist_roll.pos=-14.78 gripper.pos=+5.96
DEBUG 2026-09-03 09:01:59 [action #342] t=14.11s step=341 queue=6 dmax=0.934 | shoulder_pan.pos=-29.74 shoulder_lift.pos=+15.24 elbow_flex.pos=-41.00 wrist_flex.pos=+101.49 wrist_roll.pos=-14.89 gripper.pos=+6.00
DEBUG 2026-09-03 09:01:59 [action #343] t=14.15s step=342 queue=5 dmax=1.401 | shoulder_pan.pos=-28.34 shoulder_lift.pos=+14.43 elbow_flex.pos=-40.34 wrist_flex.pos=+101.80 wrist_roll.pos=-14.85 gripper.pos=+6.05
DEBUG 2026-09-03 09:01:59 [action #344] t=14.18s step=343 queue=4 dmax=1.245 | shoulder_pan.pos=-27.12 shoulder_lift.pos=+13.18 elbow_flex.pos=-40.74 wrist_flex.pos=+101.97 wrist_roll.pos=-14.84 gripper.pos=+5.94
DEBUG 2026-09-03 09:01:59 [action #345] t=14.21s step=344 queue=3 dmax=0.736 | shoulder_pan.pos=-26.38 shoulder_lift.pos=+13.14 elbow_flex.pos=-40.14 wrist_flex.pos=+101.91 wrist_roll.pos=-14.92 gripper.pos=+5.85
DEBUG 2026-09-03 09:01:59 [action #346] t=14.25s step=345 queue=2 dmax=1.516 | shoulder_pan.pos=-24.87 shoulder_lift.pos=+12.20 elbow_flex.pos=-40.50 wrist_flex.pos=+101.97 wrist_roll.pos=-15.08 gripper.pos=+6.02
DEBUG 2026-09-03 09:01:59 [action #347] t=14.28s step=346 queue=1 dmax=1.435 | shoulder_pan.pos=-23.43 shoulder_lift.pos=+11.69 elbow_flex.pos=-40.33 wrist_flex.pos=+102.24 wrist_roll.pos=-14.91 gripper.pos=+5.93
DEBUG 2026-09-03 09:01:59 [chunk] received 50 actions, timesteps 322..371 | first: shoulder_pan.pos=-43.11 shoulder_lift.pos=+45.57 elbow_flex.pos=-40.18 wrist_flex.pos=+88.40 wrist_roll.pos=-13.76 gripper.pos=+29.46 | last: shoulder_pan.pos=-44.70 shoulder_lift.pos=+40.31 elbow_flex.pos=-56.97 wrist_flex.pos=+101.61 wrist_roll.pos=-15.06 gripper.pos=+5.93
DEBUG 2026-09-03 09:01:59 [action #348] t=14.45s step=347 queue=25 dmax=37.720 | shoulder_pan.pos=-43.39 shoulder_lift.pos=+49.41 elbow_flex.pos=-39.42 wrist_flex.pos=+84.40 wrist_roll.pos=-13.16 gripper.pos=+6.05
DEBUG 2026-09-03 09:01:59 [action #349] t=14.48s step=348 queue=24 dmax=0.596 | shoulder_pan.pos=-43.40 shoulder_lift.pos=+49.40 elbow_flex.pos=-40.02 wrist_flex.pos=+84.87 wrist_roll.pos=-13.36 gripper.pos=+5.72
DEBUG 2026-09-03 09:01:59 [action #350] t=14.51s step=349 queue=23 dmax=1.121 | shoulder_pan.pos=-43.61 shoulder_lift.pos=+49.16 elbow_flex.pos=-41.14 wrist_flex.pos=+85.49 wrist_roll.pos=-13.47 gripper.pos=+5.65
DEBUG 2026-09-03 09:02:00 [action #351] t=14.55s step=350 queue=22 dmax=0.962 | shoulder_pan.pos=-43.94 shoulder_lift.pos=+48.77 elbow_flex.pos=-41.89 wrist_flex.pos=+86.45 wrist_roll.pos=-13.53 gripper.pos=+5.59
DEBUG 2026-09-03 09:02:00 [action #352] t=14.58s step=351 queue=21 dmax=1.449 | shoulder_pan.pos=-43.92 shoulder_lift.pos=+49.49 elbow_flex.pos=-43.34 wrist_flex.pos=+87.63 wrist_roll.pos=-13.61 gripper.pos=+5.82
DEBUG 2026-09-03 09:02:00 [action #353] t=14.61s step=352 queue=20 dmax=1.627 | shoulder_pan.pos=-44.28 shoulder_lift.pos=+48.62 elbow_flex.pos=-44.94 wrist_flex.pos=+89.26 wrist_roll.pos=-13.75 gripper.pos=+6.17
DEBUG 2026-09-03 09:02:00 [action #354] t=14.65s step=353 queue=19 dmax=2.416 | shoulder_pan.pos=-44.34 shoulder_lift.pos=+48.72 elbow_flex.pos=-47.35 wrist_flex.pos=+90.81 wrist_roll.pos=-13.77 gripper.pos=+6.45
DEBUG 2026-09-03 09:02:00 [action #355] t=14.68s step=354 queue=18 dmax=1.403 | shoulder_pan.pos=-44.61 shoulder_lift.pos=+48.30 elbow_flex.pos=-48.39 wrist_flex.pos=+92.22 wrist_roll.pos=-13.79 gripper.pos=+6.76
DEBUG 2026-09-03 09:02:00 [action #356] t=14.71s step=355 queue=17 dmax=2.209 | shoulder_pan.pos=-44.91 shoulder_lift.pos=+48.18 elbow_flex.pos=-50.60 wrist_flex.pos=+93.27 wrist_roll.pos=-13.92 gripper.pos=+6.43
DEBUG 2026-09-03 09:02:00 [action #357] t=14.75s step=356 queue=16 dmax=1.026 | shoulder_pan.pos=-45.40 shoulder_lift.pos=+47.92 elbow_flex.pos=-51.44 wrist_flex.pos=+94.30 wrist_roll.pos=-14.07 gripper.pos=+6.22
DEBUG 2026-09-03 09:02:00 [action #358] t=14.78s step=357 queue=15 dmax=1.525 | shoulder_pan.pos=-45.24 shoulder_lift.pos=+48.45 elbow_flex.pos=-52.96 wrist_flex.pos=+95.25 wrist_roll.pos=-14.13 gripper.pos=+5.86
DEBUG 2026-09-03 09:02:00 [action #359] t=14.82s step=358 queue=14 dmax=0.771 | shoulder_pan.pos=-45.40 shoulder_lift.pos=+47.68 elbow_flex.pos=-53.04 wrist_flex.pos=+95.86 wrist_roll.pos=-14.06 gripper.pos=+5.67
DEBUG 2026-09-03 09:02:00 [action #360] t=14.85s step=359 queue=13 dmax=0.987 | shoulder_pan.pos=-45.61 shoulder_lift.pos=+47.63 elbow_flex.pos=-53.93 wrist_flex.pos=+96.85 wrist_roll.pos=-14.16 gripper.pos=+5.65
DEBUG 2026-09-03 09:02:00 [action #361] t=14.88s step=360 queue=12 dmax=1.053 | shoulder_pan.pos=-45.27 shoulder_lift.pos=+46.95 elbow_flex.pos=-54.98 wrist_flex.pos=+97.41 wrist_roll.pos=-14.26 gripper.pos=+5.73
DEBUG 2026-09-03 09:02:00 [action #362] t=14.92s step=361 queue=11 dmax=0.683 | shoulder_pan.pos=-45.29 shoulder_lift.pos=+46.87 elbow_flex.pos=-55.52 wrist_flex.pos=+98.09 wrist_roll.pos=-14.40 gripper.pos=+5.80
DEBUG 2026-09-03 09:02:00 [action #363] t=14.95s step=362 queue=10 dmax=0.580 | shoulder_pan.pos=-45.43 shoulder_lift.pos=+46.48 elbow_flex.pos=-55.73 wrist_flex.pos=+98.67 wrist_roll.pos=-14.41 gripper.pos=+5.89
DEBUG 2026-09-03 09:02:00 [action #364] t=14.98s step=363 queue=9 dmax=1.134 | shoulder_pan.pos=-45.53 shoulder_lift.pos=+46.14 elbow_flex.pos=-56.87 wrist_flex.pos=+99.42 wrist_roll.pos=-14.54 gripper.pos=+6.04
DEBUG 2026-09-03 09:02:00 [action #365] t=15.02s step=364 queue=8 dmax=1.116 | shoulder_pan.pos=-45.54 shoulder_lift.pos=+45.02 elbow_flex.pos=-56.73 wrist_flex.pos=+99.87 wrist_roll.pos=-14.60 gripper.pos=+6.02
DEBUG 2026-09-03 09:02:00 [action #366] t=15.05s step=365 queue=7 dmax=0.914 | shoulder_pan.pos=-45.61 shoulder_lift.pos=+45.55 elbow_flex.pos=-57.64 wrist_flex.pos=+100.22 wrist_roll.pos=-14.81 gripper.pos=+5.78
DEBUG 2026-09-03 09:02:00 [action #367] t=15.08s step=366 queue=6 dmax=1.423 | shoulder_pan.pos=-45.46 shoulder_lift.pos=+44.12 elbow_flex.pos=-57.66 wrist_flex.pos=+100.85 wrist_roll.pos=-14.75 gripper.pos=+5.80
DEBUG 2026-09-03 09:02:00 [action #368] t=15.12s step=367 queue=5 dmax=0.183 | shoulder_pan.pos=-45.62 shoulder_lift.pos=+44.09 elbow_flex.pos=-57.48 wrist_flex.pos=+100.80 wrist_roll.pos=-14.90 gripper.pos=+5.74
DEBUG 2026-09-03 09:02:00 [action #369] t=15.15s step=368 queue=4 dmax=0.977 | shoulder_pan.pos=-45.09 shoulder_lift.pos=+43.11 elbow_flex.pos=-57.11 wrist_flex.pos=+101.15 wrist_roll.pos=-14.93 gripper.pos=+5.70
DEBUG 2026-09-03 09:02:00 [action #370] t=15.18s step=369 queue=3 dmax=0.856 | shoulder_pan.pos=-45.12 shoulder_lift.pos=+42.26 elbow_flex.pos=-57.03 wrist_flex.pos=+101.18 wrist_roll.pos=-14.95 gripper.pos=+5.80
DEBUG 2026-09-03 09:02:00 [action #371] t=15.22s step=370 queue=2 dmax=1.320 | shoulder_pan.pos=-45.01 shoulder_lift.pos=+40.94 elbow_flex.pos=-57.06 wrist_flex.pos=+101.36 wrist_roll.pos=-15.02 gripper.pos=+5.96
DEBUG 2026-09-03 09:02:00 [action #372] t=15.25s step=371 queue=1 dmax=0.629 | shoulder_pan.pos=-44.70 shoulder_lift.pos=+40.31 elbow_flex.pos=-56.97 wrist_flex.pos=+101.61 wrist_roll.pos=-15.06 gripper.pos=+5.93
DEBUG 2026-09-03 09:02:00 [chunk] received 50 actions, timesteps 346..395 | first: shoulder_pan.pos=-25.90 shoulder_lift.pos=+13.55 elbow_flex.pos=-38.93 wrist_flex.pos=+98.93 wrist_roll.pos=-13.30 gripper.pos=+3.47 | last: shoulder_pan.pos=-33.78 shoulder_lift.pos=+22.86 elbow_flex.pos=-19.17 wrist_flex.pos=+86.32 wrist_roll.pos=-7.07 gripper.pos=+27.12
DEBUG 2026-09-03 09:02:00 [action #373] t=15.35s step=372 queue=24 dmax=28.375 | shoulder_pan.pos=-28.10 shoulder_lift.pos=+18.73 elbow_flex.pos=-28.59 wrist_flex.pos=+89.51 wrist_roll.pos=-7.11 gripper.pos=+3.52
DEBUG 2026-09-03 09:02:00 [action #374] t=15.38s step=373 queue=23 dmax=1.151 | shoulder_pan.pos=-27.95 shoulder_lift.pos=+19.32 elbow_flex.pos=-28.51 wrist_flex.pos=+89.88 wrist_roll.pos=-7.13 gripper.pos=+4.67
DEBUG 2026-09-03 09:02:00 [action #375] t=15.42s step=374 queue=22 dmax=2.045 | shoulder_pan.pos=-28.26 shoulder_lift.pos=+19.71 elbow_flex.pos=-28.39 wrist_flex.pos=+89.73 wrist_roll.pos=-7.61 gripper.pos=+6.71
DEBUG 2026-09-03 09:02:00 [action #376] t=15.45s step=375 queue=21 dmax=2.891 | shoulder_pan.pos=-28.24 shoulder_lift.pos=+19.46 elbow_flex.pos=-28.19 wrist_flex.pos=+89.62 wrist_roll.pos=-7.98 gripper.pos=+9.60
DEBUG 2026-09-03 09:02:00 [action #377] t=15.48s step=376 queue=20 dmax=3.040 | shoulder_pan.pos=-28.62 shoulder_lift.pos=+19.28 elbow_flex.pos=-27.72 wrist_flex.pos=+89.60 wrist_roll.pos=-8.37 gripper.pos=+12.64
DEBUG 2026-09-03 09:02:00 [action #378] t=15.52s step=377 queue=19 dmax=2.690 | shoulder_pan.pos=-29.20 shoulder_lift.pos=+20.15 elbow_flex.pos=-27.22 wrist_flex.pos=+89.62 wrist_roll.pos=-8.44 gripper.pos=+15.33
DEBUG 2026-09-03 09:02:01 [action #379] t=15.55s step=378 queue=18 dmax=2.112 | shoulder_pan.pos=-29.66 shoulder_lift.pos=+20.41 elbow_flex.pos=-26.65 wrist_flex.pos=+89.75 wrist_roll.pos=-8.43 gripper.pos=+17.44
DEBUG 2026-09-03 09:02:01 [action #380] t=15.58s step=379 queue=17 dmax=1.344 | shoulder_pan.pos=-30.10 shoulder_lift.pos=+20.80 elbow_flex.pos=-26.28 wrist_flex.pos=+89.85 wrist_roll.pos=-8.46 gripper.pos=+18.79
DEBUG 2026-09-03 09:02:01 [action #381] t=15.62s step=380 queue=16 dmax=0.758 | shoulder_pan.pos=-30.60 shoulder_lift.pos=+20.45 elbow_flex.pos=-25.68 wrist_flex.pos=+89.80 wrist_roll.pos=-8.48 gripper.pos=+19.55
DEBUG 2026-09-03 09:02:01 [action #382] t=15.65s step=381 queue=15 dmax=0.487 | shoulder_pan.pos=-30.91 shoulder_lift.pos=+20.93 elbow_flex.pos=-25.34 wrist_flex.pos=+89.59 wrist_roll.pos=-8.35 gripper.pos=+19.99
DEBUG 2026-09-03 09:02:01 [action #383] t=15.68s step=382 queue=14 dmax=0.674 | shoulder_pan.pos=-31.39 shoulder_lift.pos=+20.94 elbow_flex.pos=-24.66 wrist_flex.pos=+89.45 wrist_roll.pos=-8.35 gripper.pos=+20.35
DEBUG 2026-09-03 09:02:01 [action #384] t=15.72s step=383 queue=13 dmax=0.730 | shoulder_pan.pos=-31.79 shoulder_lift.pos=+21.25 elbow_flex.pos=-23.93 wrist_flex.pos=+89.14 wrist_roll.pos=-8.15 gripper.pos=+20.87
DEBUG 2026-09-03 09:02:01 [action #385] t=15.75s step=384 queue=12 dmax=1.101 | shoulder_pan.pos=-32.02 shoulder_lift.pos=+20.76 elbow_flex.pos=-22.83 wrist_flex.pos=+88.79 wrist_roll.pos=-8.02 gripper.pos=+21.83
DEBUG 2026-09-03 09:02:01 [action #386] t=15.78s step=385 queue=11 dmax=1.000 | shoulder_pan.pos=-32.49 shoulder_lift.pos=+20.72 elbow_flex.pos=-22.74 wrist_flex.pos=+88.64 wrist_roll.pos=-7.90 gripper.pos=+22.83
DEBUG 2026-09-03 09:02:01 [action #387] t=15.82s step=386 queue=10 dmax=1.064 | shoulder_pan.pos=-32.68 shoulder_lift.pos=+20.96 elbow_flex.pos=-21.79 wrist_flex.pos=+88.32 wrist_roll.pos=-7.69 gripper.pos=+23.89
DEBUG 2026-09-03 09:02:01 [action #388] t=15.85s step=387 queue=9 dmax=0.827 | shoulder_pan.pos=-33.03 shoulder_lift.pos=+20.95 elbow_flex.pos=-21.48 wrist_flex.pos=+88.01 wrist_roll.pos=-7.55 gripper.pos=+24.72
DEBUG 2026-09-03 09:02:01 [action #389] t=15.89s step=388 queue=8 dmax=0.730 | shoulder_pan.pos=-33.20 shoulder_lift.pos=+20.95 elbow_flex.pos=-20.75 wrist_flex.pos=+87.76 wrist_roll.pos=-7.36 gripper.pos=+25.44
DEBUG 2026-09-03 09:02:01 [action #390] t=15.92s step=389 queue=7 dmax=0.517 | shoulder_pan.pos=-33.43 shoulder_lift.pos=+20.66 elbow_flex.pos=-20.86 wrist_flex.pos=+87.62 wrist_roll.pos=-7.25 gripper.pos=+25.95
DEBUG 2026-09-03 09:02:01 [action #391] t=15.95s step=390 queue=6 dmax=0.880 | shoulder_pan.pos=-33.72 shoulder_lift.pos=+20.72 elbow_flex.pos=-19.98 wrist_flex.pos=+87.18 wrist_roll.pos=-7.07 gripper.pos=+26.39
DEBUG 2026-09-03 09:02:01 [action #392] t=15.99s step=391 queue=5 dmax=0.506 | shoulder_pan.pos=-33.38 shoulder_lift.pos=+21.05 elbow_flex.pos=-19.47 wrist_flex.pos=+86.95 wrist_roll.pos=-7.10 gripper.pos=+26.80
DEBUG 2026-09-03 09:02:01 [action #393] t=16.02s step=392 queue=4 dmax=0.622 | shoulder_pan.pos=-33.64 shoulder_lift.pos=+21.67 elbow_flex.pos=-19.83 wrist_flex.pos=+86.80 wrist_roll.pos=-7.12 gripper.pos=+26.90
DEBUG 2026-09-03 09:02:01 [action #394] t=16.05s step=393 queue=3 dmax=0.539 | shoulder_pan.pos=-33.47 shoulder_lift.pos=+21.73 elbow_flex.pos=-19.29 wrist_flex.pos=+86.69 wrist_roll.pos=-7.09 gripper.pos=+26.97
DEBUG 2026-09-03 09:02:01 [action #395] t=16.09s step=394 queue=2 dmax=0.430 | shoulder_pan.pos=-33.51 shoulder_lift.pos=+22.15 elbow_flex.pos=-19.72 wrist_flex.pos=+86.58 wrist_roll.pos=-7.09 gripper.pos=+27.00
DEBUG 2026-09-03 09:02:01 [action #396] t=16.12s step=395 queue=1 dmax=0.710 | shoulder_pan.pos=-33.78 shoulder_lift.pos=+22.86 elbow_flex.pos=-19.17 wrist_flex.pos=+86.32 wrist_roll.pos=-7.07 gripper.pos=+27.12
DEBUG 2026-09-03 09:02:01 [chunk] received 50 actions, timesteps 371..420 | first: shoulder_pan.pos=-45.23 shoulder_lift.pos=+54.23 elbow_flex.pos=-64.38 wrist_flex.pos=+93.92 wrist_roll.pos=-15.02 gripper.pos=+3.23 | last: shoulder_pan.pos=-46.01 shoulder_lift.pos=+59.80 elbow_flex.pos=-55.06 wrist_flex.pos=+91.53 wrist_roll.pos=-14.87 gripper.pos=+22.92
DEBUG 2026-09-03 09:02:01 [action #397] t=16.25s step=396 queue=25 dmax=33.409 | shoulder_pan.pos=-44.88 shoulder_lift.pos=+53.28 elbow_flex.pos=-52.58 wrist_flex.pos=+92.48 wrist_roll.pos=-14.46 gripper.pos=+26.49
DEBUG 2026-09-03 09:02:01 [action #398] t=16.29s step=397 queue=24 dmax=0.518 | shoulder_pan.pos=-44.93 shoulder_lift.pos=+53.79 elbow_flex.pos=-52.53 wrist_flex.pos=+92.13 wrist_roll.pos=-14.50 gripper.pos=+26.45
DEBUG 2026-09-03 09:02:01 [action #399] t=16.32s step=398 queue=23 dmax=0.370 | shoulder_pan.pos=-44.73 shoulder_lift.pos=+53.55 elbow_flex.pos=-52.16 wrist_flex.pos=+92.04 wrist_roll.pos=-14.52 gripper.pos=+26.34
DEBUG 2026-09-03 09:02:01 [action #400] t=16.35s step=399 queue=22 dmax=0.329 | shoulder_pan.pos=-44.57 shoulder_lift.pos=+53.88 elbow_flex.pos=-52.24 wrist_flex.pos=+91.76 wrist_roll.pos=-14.58 gripper.pos=+26.46
DEBUG 2026-09-03 09:02:01 [action #401] t=16.39s step=400 queue=21 dmax=0.387 | shoulder_pan.pos=-44.79 shoulder_lift.pos=+53.75 elbow_flex.pos=-51.85 wrist_flex.pos=+91.70 wrist_roll.pos=-14.76 gripper.pos=+26.42
DEBUG 2026-09-03 09:02:01 [action #402] t=16.42s step=401 queue=20 dmax=0.548 | shoulder_pan.pos=-44.66 shoulder_lift.pos=+53.95 elbow_flex.pos=-51.31 wrist_flex.pos=+91.49 wrist_roll.pos=-14.77 gripper.pos=+26.37
DEBUG 2026-09-03 09:02:01 [action #403] t=16.45s step=402 queue=19 dmax=0.241 | shoulder_pan.pos=-44.57 shoulder_lift.pos=+54.05 elbow_flex.pos=-51.55 wrist_flex.pos=+91.54 wrist_roll.pos=-14.66 gripper.pos=+26.30
DEBUG 2026-09-03 09:02:01 [action #404] t=16.49s step=403 queue=18 dmax=0.886 | shoulder_pan.pos=-44.70 shoulder_lift.pos=+54.93 elbow_flex.pos=-51.58 wrist_flex.pos=+91.35 wrist_roll.pos=-14.78 gripper.pos=+26.56
DEBUG 2026-09-03 09:02:01 [action #405] t=16.52s step=404 queue=17 dmax=0.531 | shoulder_pan.pos=-44.17 shoulder_lift.pos=+54.46 elbow_flex.pos=-51.36 wrist_flex.pos=+91.56 wrist_roll.pos=-14.67 gripper.pos=+26.45
DEBUG 2026-09-03 09:02:02 [action #406] t=16.55s step=405 queue=16 dmax=0.253 | shoulder_pan.pos=-44.21 shoulder_lift.pos=+54.36 elbow_flex.pos=-51.11 wrist_flex.pos=+91.38 wrist_roll.pos=-14.64 gripper.pos=+26.34
DEBUG 2026-09-03 09:02:02 [action #407] t=16.59s step=406 queue=15 dmax=0.201 | shoulder_pan.pos=-44.41 shoulder_lift.pos=+54.25 elbow_flex.pos=-51.00 wrist_flex.pos=+91.35 wrist_roll.pos=-14.65 gripper.pos=+26.38
DEBUG 2026-09-03 09:02:02 [action #408] t=16.62s step=407 queue=14 dmax=0.582 | shoulder_pan.pos=-44.57 shoulder_lift.pos=+54.82 elbow_flex.pos=-51.58 wrist_flex.pos=+91.66 wrist_roll.pos=-14.73 gripper.pos=+26.46
DEBUG 2026-09-03 09:02:02 [action #409] t=16.65s step=408 queue=13 dmax=0.653 | shoulder_pan.pos=-44.33 shoulder_lift.pos=+55.11 elbow_flex.pos=-50.93 wrist_flex.pos=+91.41 wrist_roll.pos=-14.65 gripper.pos=+26.39
DEBUG 2026-09-03 09:02:02 [action #410] t=16.69s step=409 queue=12 dmax=0.702 | shoulder_pan.pos=-44.69 shoulder_lift.pos=+55.62 elbow_flex.pos=-51.63 wrist_flex.pos=+91.60 wrist_roll.pos=-14.75 gripper.pos=+26.40
DEBUG 2026-09-03 09:02:02 [action #411] t=16.72s step=410 queue=11 dmax=0.285 | shoulder_pan.pos=-44.68 shoulder_lift.pos=+55.59 elbow_flex.pos=-51.50 wrist_flex.pos=+91.31 wrist_roll.pos=-14.82 gripper.pos=+26.21
DEBUG 2026-09-03 09:02:02 [action #412] t=16.75s step=411 queue=10 dmax=0.730 | shoulder_pan.pos=-44.92 shoulder_lift.pos=+56.32 elbow_flex.pos=-51.88 wrist_flex.pos=+91.33 wrist_roll.pos=-14.75 gripper.pos=+26.09
DEBUG 2026-09-03 09:02:02 [action #413] t=16.79s step=412 queue=9 dmax=0.718 | shoulder_pan.pos=-45.10 shoulder_lift.pos=+57.03 elbow_flex.pos=-52.21 wrist_flex.pos=+91.25 wrist_roll.pos=-14.66 gripper.pos=+25.76
DEBUG 2026-09-03 09:02:02 [action #414] t=16.82s step=413 queue=8 dmax=0.259 | shoulder_pan.pos=-45.18 shoulder_lift.pos=+56.87 elbow_flex.pos=-51.96 wrist_flex.pos=+91.30 wrist_roll.pos=-14.62 gripper.pos=+25.63
DEBUG 2026-09-03 09:02:02 [action #415] t=16.86s step=414 queue=7 dmax=0.964 | shoulder_pan.pos=-45.04 shoulder_lift.pos=+57.59 elbow_flex.pos=-52.92 wrist_flex.pos=+91.20 wrist_roll.pos=-14.63 gripper.pos=+25.36
DEBUG 2026-09-03 09:02:02 [action #416] t=16.89s step=415 queue=6 dmax=0.506 | shoulder_pan.pos=-45.54 shoulder_lift.pos=+58.05 elbow_flex.pos=-52.97 wrist_flex.pos=+91.06 wrist_roll.pos=-14.71 gripper.pos=+25.03
DEBUG 2026-09-03 09:02:02 [action #417] t=16.92s step=416 queue=5 dmax=0.708 | shoulder_pan.pos=-45.88 shoulder_lift.pos=+58.76 elbow_flex.pos=-53.60 wrist_flex.pos=+91.29 wrist_roll.pos=-14.63 gripper.pos=+24.73
DEBUG 2026-09-03 09:02:02 [action #418] t=16.96s step=417 queue=4 dmax=0.395 | shoulder_pan.pos=-45.59 shoulder_lift.pos=+59.05 elbow_flex.pos=-53.43 wrist_flex.pos=+91.36 wrist_roll.pos=-14.65 gripper.pos=+24.34
DEBUG 2026-09-03 09:02:02 [action #419] t=16.99s step=418 queue=3 dmax=0.724 | shoulder_pan.pos=-45.92 shoulder_lift.pos=+59.38 elbow_flex.pos=-54.15 wrist_flex.pos=+91.57 wrist_roll.pos=-14.73 gripper.pos=+23.92
DEBUG 2026-09-03 09:02:02 [action #420] t=17.02s step=419 queue=2 dmax=0.528 | shoulder_pan.pos=-45.86 shoulder_lift.pos=+59.20 elbow_flex.pos=-54.38 wrist_flex.pos=+91.47 wrist_roll.pos=-14.71 gripper.pos=+23.39
DEBUG 2026-09-03 09:02:02 [action #421] t=17.06s step=420 queue=1 dmax=0.685 | shoulder_pan.pos=-46.01 shoulder_lift.pos=+59.80 elbow_flex.pos=-55.06 wrist_flex.pos=+91.53 wrist_roll.pos=-14.87 gripper.pos=+22.92
DEBUG 2026-09-03 09:02:02 [chunk] received 50 actions, timesteps 395..444 | first: shoulder_pan.pos=-38.06 shoulder_lift.pos=+21.67 elbow_flex.pos=-20.39 wrist_flex.pos=+86.48 wrist_roll.pos=-7.35 gripper.pos=+29.10 | last: shoulder_pan.pos=-41.32 shoulder_lift.pos=+45.42 elbow_flex.pos=-35.90 wrist_flex.pos=+88.27 wrist_roll.pos=-6.86 gripper.pos=+4.36
INFO 2026-09-03 09:02:08 Final action sent: shoulder_pan.pos=-46.01 shoulder_lift.pos=+59.80 elbow_flex.pos=-55.06 wrist_flex.pos=+91.53 wrist_roll.pos=-14.87 gripper.pos=+22.92
DEBUG 2026-09-03 09:02:08 === episode end | 22.8s | converged=True | actions=421 ===
