INFO 2026-08-19 04:40:02 estrator.py:858 Decomposing high-level prompt (round 1): 'put everything on the tray except for the toy'
INFO 2026-08-19 04:40:02 estrator.py:694 Saved VLM frame: runs/run_2026-08-19_04-21-15/07/decompose_20260819_044002.png
  Generated 20 tokens in 1.6s (12.4 tok/s)

Identification output:
{"visible_objects": ["banana", "stuffed animal", "tray", "table"]}
INFO 2026-08-19 04:40:04 estrator.py:507 Identified objects (4): ['banana', 'stuffed animal', 'tray', 'table']
  Generated 55 tokens in 4.0s (13.6 tok/s)
INFO 2026-08-19 04:40:08 estrator.py:528 Raw VLM decomposition output (191 chars): '{\n  "visible_objects": ["banana", "stuffed animal", "tray", "table"],\n  "excluded_objects": ["stuffed animal"],\n  "allowed_objects": ["banana"],\n  "subtasks": ["put the banana on the tray"]\n}'

Visible: ['banana', 'stuffed animal', 'tray', 'table']
Excluded: ['stuffed animal']
Allowed: ['banana']

Parsed 1 sub-tasks:
  1. put the banana on the tray
INFO 2026-08-19 04:40:08 estrator.py:876 Sub-task queue (1):
INFO 2026-08-19 04:40:08 estrator.py:878   1. put the banana on the tray
INFO 2026-08-19 04:40:08 estrator.py:926 [1] Executing sub-task: 'put the banana on the tray' (1 retries left)
INFO 2026-08-19 04:40:08 ent_loop.py:565 Control loop started | task: 'put the banana on the tray' | duration: 30.0s
INFO 2026-08-19 04:40:08 ent_loop.py:512 Action receiver thread started
INFO 2026-08-19 04:40:31 ent_loop.py:753 Episode finished: 22.3s, converged=True, max_displacement=216.2630, actions=589
INFO 2026-08-19 04:40:31 ent_loop.py:344 Returning to home position...
INFO 2026-08-19 04:40:33 ent_loop.py:357 Home position reached.
INFO 2026-08-19 04:40:35 estrator.py:725 Saved VLM eval clip (32 frames) to runs/run_2026-08-19_04-21-15/07
INFO 2026-08-19 04:40:35 strator.py:1039 Evaluation observation: video clip (32 frames over 21.7s of a 22.3s episode, 1.43 fps)
  Generated 21 tokens in 1.9s (11.1 tok/s)
INFO 2026-08-19 04:40:38 estrator.py:561 Raw eval output: {"success": true, "reason": "The banana is now on the tray as instructed."}
INFO 2026-08-19 04:40:38 strator.py:1088 VLM judgement: success=True | The banana is now on the tray as instructed.
INFO 2026-08-19 04:40:38 strator.py:1158 Running final evaluation against the original prompt...
INFO 2026-08-19 04:40:38 estrator.py:694 Saved VLM frame: runs/run_2026-08-19_04-21-15/07/final_eval_20260819_044038.png
  Generated 58 tokens in 4.3s (13.5 tok/s)
INFO 2026-08-19 04:40:42 estrator.py:585 Raw final-eval output: {
  "success": false,
  "reason": "The toy (brown stuffed animal) is still on the table and was not moved to the tray, as required. The banana is on the tray, which is correct, but the toy was not left alone as instructed."
}
INFO 2026-08-19 04:40:42 strator.py:1166 FINAL VLM judgement for 'put everything on the tray except for the toy' (round 1): success=False | The toy (brown stuffed animal) is still on the table and was not moved to the tray, as required. The banana is on the tray, which is correct, but the toy was not left alone as instructed.
INFO 2026-08-19 04:40:42 strator.py:1179 Round 1 complete for: 'put everything on the tray except for the toy'
INFO 2026-08-19 04:40:42 strator.py:1180   Completed 1/1 sub-tasks planned this round: ['put the banana on the tray']
WARNING 2026-08-19 04:40:42 estrator.py:829 Final evaluation judged 'put everything on the tray except for the toy' INCOMPLETE: The toy (brown stuffed animal) is still on the table and was not moved to the tray, as required. The banana is on the tray, which is correct, but the toy was not left alone as instructed. — running the whole loop again.
INFO 2026-08-19 04:40:42 estrator.py:786 ============================================================
INFO 2026-08-19 04:40:42 estrator.py:787 ROUND 2 for 'put everything on the tray except for the toy' — re-decomposing against the current scene (0 retry round(s) left after this one).
INFO 2026-08-19 04:40:42 estrator.py:790 ============================================================
INFO 2026-08-19 04:40:42 estrator.py:858 Decomposing high-level prompt (round 2): 'put everything on the tray except for the toy'
INFO 2026-08-19 04:40:42 estrator.py:694 Saved VLM frame: runs/run_2026-08-19_04-21-15/07/decompose_round2_20260819_044042.png
  Generated 18 tokens in 1.4s (13.3 tok/s)

Identification output:
{"visible_objects": ["toy", "banana", "tray", "table"]}
INFO 2026-08-19 04:40:44 estrator.py:507 Identified objects (4): ['toy', 'banana', 'tray', 'table']
  Generated 51 tokens in 3.7s (13.6 tok/s)
INFO 2026-08-19 04:40:47 estrator.py:528 Raw VLM decomposition output (169 chars): '{\n  "visible_objects": ["toy", "banana", "tray", "table"],\n  "excluded_objects": ["toy"],\n  "allowed_objects": ["banana"],\n  "subtasks": ["put the banana on the tray"]\n}'

Visible: ['toy', 'banana', 'tray', 'table']
Excluded: ['toy']
Allowed: ['banana']

Parsed 1 sub-tasks:
  1. put the banana on the tray
INFO 2026-08-19 04:40:47 estrator.py:876 Sub-task queue (1):
INFO 2026-08-19 04:40:47 estrator.py:878   1. put the banana on the tray
INFO 2026-08-19 04:40:47 estrator.py:926 [1] Executing sub-task: 'put the banana on the tray' (1 retries left)
INFO 2026-08-19 04:40:47 ent_loop.py:565 Control loop started | task: 'put the banana on the tray' | duration: 30.0s
INFO 2026-08-19 04:40:47 ent_loop.py:512 Action receiver thread started
INFO 2026-08-19 04:40:54 ent_loop.py:753 Episode finished: 6.8s, converged=True, max_displacement=3.8542, actions=150
INFO 2026-08-19 04:40:54 ent_loop.py:344 Returning to home position...
INFO 2026-08-19 04:40:56 ent_loop.py:357 Home position reached.
INFO 2026-08-19 04:40:59 estrator.py:725 Saved VLM eval clip (31 frames) to runs/run_2026-08-19_04-21-15/07
INFO 2026-08-19 04:40:59 strator.py:1039 Evaluation observation: video clip (31 frames over 6.1s of a 6.8s episode, 4.89 fps)
  Generated 31 tokens in 2.5s (12.2 tok/s)
INFO 2026-08-19 04:41:02 estrator.py:561 Raw eval output: {"success": true, "reason": "The banana is already on the tray in the final frame, indicating the sub-task was completed successfully."}
INFO 2026-08-19 04:41:02 strator.py:1088 VLM judgement: success=True | The banana is already on the tray in the final frame, indicating the sub-task was completed successfully.
INFO 2026-08-19 04:41:02 strator.py:1158 Running final evaluation against the original prompt...
INFO 2026-08-19 04:41:02 estrator.py:694 Saved VLM frame: runs/run_2026-08-19_04-21-15/07/final_eval_round2_20260819_044102.png
  Generated 55 tokens in 4.0s (13.7 tok/s)
INFO 2026-08-19 04:41:06 estrator.py:585 Raw final-eval output: {
  "success": false,
  "reason": "The toy (brown plush animal) is still on the table and was not moved to the tray, as required. The banana is correctly on the tray, but the toy was not left alone as instructed."
}
INFO 2026-08-19 04:41:06 strator.py:1166 FINAL VLM judgement for 'put everything on the tray except for the toy' (round 2): success=False | The toy (brown plush animal) is still on the table and was not moved to the tray, as required. The banana is correctly on the tray, but the toy was not left alone as instructed.
INFO 2026-08-19 04:41:06 strator.py:1179 Round 2 complete for: 'put everything on the tray except for the toy'
INFO 2026-08-19 04:41:06 strator.py:1180   Completed 1/1 sub-tasks planned this round: ['put the banana on the tray']
WARNING 2026-08-19 04:41:06 estrator.py:808 High-level task 'put everything on the tray except for the toy' judged INCOMPLETE after 2 round(s) and no retry rounds remain: The toy (brown plush animal) is still on the table and was not moved to the tray, as required. The banana is correctly on the tray, but the toy was not left alone as instructed.
