INFO 2026-09-16 08:43:21 strator.py:1626 Decomposing high-level prompt (round 1): 'put everything on the tray'
INFO 2026-09-16 08:43:21 strator.py:1345 Saved VLM frame: runs/run_2026-09-16_08-31-16/02/decompose_20260916_084321.png
  Generated 103 tokens in 6.7s (15.4 tok/s)
INFO 2026-09-16 08:43:28 pace/vlm.py:405 Identification tokens: 51
INFO 2026-09-16 08:43:28 estrator.py:951 Identified objects (5): ['banana', 'tray', 'toy', 'pouch', 'table']
  Generated 82 tokens in 6.5s (12.7 tok/s)

Visible: ['banana', 'tray', 'toy', 'pouch', 'table']
Excluded: []
Completed: []
Allowed: ['banana', 'toy', 'pouch']

Parsed 3 sub-tasks:
  1. put the banana on the tray
  2. put the toy on the tray
  3. put the pouch on the tray
INFO 2026-09-16 08:43:34 strator.py:1644 Sub-task queue (3):
INFO 2026-09-16 08:43:34 strator.py:1646   1. put the banana on the tray
INFO 2026-09-16 08:43:34 strator.py:1646   2. put the toy on the tray
INFO 2026-09-16 08:43:34 strator.py:1646   3. put the pouch on the tray
INFO 2026-09-16 08:43:34 strator.py:1699 [1] Executing sub-task: 'put the banana on the tray' (1 retries left)
INFO 2026-09-16 08:43:34 nt_loop.py:1085 VLA inputs for this episode -> vla_failure_test/banana/217_banana/
INFO 2026-09-16 08:43:34 ent_loop.py:698 Control loop started | task: 'put the banana on the tray' | duration: 50.0s
INFO 2026-09-16 08:43:34 ent_loop.py:612 Action receiver thread started
  Generated 105 tokens in 11.8s (8.9 tok/s)
INFO 2026-09-16 08:43:58 estrator.py:697 [VLM MONITOR] saved debug grid (4 frames): monitor_20260916_084357_chk001_CONTINUE.png
INFO 2026-09-16 08:43:58 estrator.py:767 [VLM MONITOR] CONTINUE (check 1) [phase=approach]: The banana is already on the tray and the gripper is open, indicating the arm is not yet committed to grasping. This is consistent with the initial approach phase before any action is taken.
  Generated 99 tokens in 11.0s (9.0 tok/s)
INFO 2026-09-16 08:44:14 estrator.py:697 [VLM MONITOR] saved debug grid (4 frames): monitor_20260916_084414_chk002_CONTINUE.png
INFO 2026-09-16 08:44:14 estrator.py:767 [VLM MONITOR] CONTINUE (check 2) [phase=approach]: Frames 1-4 show the gripper remaining open and the banana still on the tray; no motion toward grasping or moving away from the target.
INFO 2026-09-16 08:44:24 ent_loop.py:715 Episode timeout (50.0s)
  Generated 97 tokens in 8.2s (11.8 tok/s)
INFO 2026-09-16 08:44:28 estrator.py:697 [VLM MONITOR] saved debug grid (4 frames): monitor_20260916_084428_chk003_CONTINUE.png
INFO 2026-09-16 08:44:28 estrator.py:767 [VLM MONITOR] CONTINUE (check 3) [phase=approach]: Frames 1-4 show the gripper remaining open and the banana still on the tray; no motion toward grasping or transit has begun.
INFO 2026-09-16 08:44:31 ent_loop.py:939 Episode finished: 56.7s, converged=False, max_displacement=53.3735, actions=554
INFO 2026-09-16 08:44:31 estrator.py:647 Monitor completed 3 check(s) for 'put the banana on the tray'
INFO 2026-09-16 08:44:31 ent_loop.py:416 Returning to home position...
INFO 2026-09-16 08:44:33 ent_loop.py:429 Home position reached.
INFO 2026-09-16 08:44:36 strator.py:1375 Saved VLM eval recap (32 frames): runs/run_2026-09-16_08-31-16/02/eval_task1_20260916_084433_recap.png
INFO 2026-09-16 08:44:36 strator.py:1806 Evaluation observation: video clip (32 frames over 49.9s of a 56.7s episode, 0.62 fps)
  Generated 21 tokens in 1.9s (11.3 tok/s)
INFO 2026-09-16 08:44:38 strator.py:1849 VLM judgement: success=True | failure_type=RETRY | The banana is already on the tray as instructed.
INFO 2026-09-16 08:44:38 strator.py:1699 [2] Executing sub-task: 'put the toy on the tray' (1 retries left)
INFO 2026-09-16 08:44:38 nt_loop.py:1085 VLA inputs for this episode -> vla_failure_test/toy/218_toy/
INFO 2026-09-16 08:44:38 ent_loop.py:698 Control loop started | task: 'put the toy on the tray' | duration: 50.0s
INFO 2026-09-16 08:44:38 ent_loop.py:612 Action receiver thread started
  Generated 103 tokens in 11.3s (9.1 tok/s)
INFO 2026-09-16 08:45:01 estrator.py:697 [VLM MONITOR] saved debug grid (4 frames): monitor_20260916_084500_chk001_CONTINUE.png
INFO 2026-09-16 08:45:01 estrator.py:767 [VLM MONITOR] CONTINUE (check 1) [phase=approach]: The arm is moving toward the toy, which is on the table, and the gripper is open. No object is held, and the motion is consistent with the initial approach phase.
  Generated 102 tokens in 10.0s (10.2 tok/s)
INFO 2026-09-16 08:45:16 estrator.py:697 [VLM MONITOR] saved debug grid (4 frames): monitor_20260916_084516_chk002_CONTINUE.png
INFO 2026-09-16 08:45:16 estrator.py:767 [VLM MONITOR] CONTINUE (check 2) [phase=approach]: Frames 1-4 show the gripper remaining open and the toy still on the table, consistent with the prior assessment of being in approach phase without holding the object.
INFO 2026-09-16 08:45:22 ent_loop.py:939 Episode finished: 44.5s, converged=True, max_displacement=157.2556, actions=405
INFO 2026-09-16 08:45:22 estrator.py:647 Monitor completed 2 check(s) for 'put the toy on the tray'
INFO 2026-09-16 08:45:22 ent_loop.py:416 Returning to home position...
INFO 2026-09-16 08:45:24 ent_loop.py:429 Home position reached.
INFO 2026-09-16 08:45:27 strator.py:1375 Saved VLM eval recap (32 frames): runs/run_2026-09-16_08-31-16/02/eval_task2_20260916_084524_recap.png
INFO 2026-09-16 08:45:27 strator.py:1806 Evaluation observation: video clip (32 frames over 38.7s of a 44.5s episode, 0.80 fps)
  Generated 21 tokens in 1.8s (11.4 tok/s)
INFO 2026-09-16 08:45:29 strator.py:1849 VLM judgement: success=True | failure_type=RETRY | The toy is already on the tray as instructed.
INFO 2026-09-16 08:45:29 strator.py:1699 [3] Executing sub-task: 'put the pouch on the tray' (1 retries left)
INFO 2026-09-16 08:45:29 nt_loop.py:1085 VLA inputs for this episode -> vla_failure_test/pouch/219_pouch/
INFO 2026-09-16 08:45:29 ent_loop.py:698 Control loop started | task: 'put the pouch on the tray' | duration: 50.0s
INFO 2026-09-16 08:45:29 ent_loop.py:612 Action receiver thread started
  Generated 106 tokens in 11.2s (9.5 tok/s)
INFO 2026-09-16 08:45:52 estrator.py:697 [VLM MONITOR] saved debug grid (4 frames): monitor_20260916_084551_chk001_CONTINUE.png
INFO 2026-09-16 08:45:52 estrator.py:767 [VLM MONITOR] CONTINUE (check 1) [phase=approach]: The gripper is open and moving toward the pouch, which is on the table. No object is held, and the arm is in the approach phase as expected for the start of the task.
  Generated 119 tokens in 12.7s (9.4 tok/s)
INFO 2026-09-16 08:46:10 estrator.py:697 [VLM MONITOR] saved debug grid (4 frames): monitor_20260916_084610_chk002_CONTINUE.png
INFO 2026-09-16 08:46:10 estrator.py:767 [VLM MONITOR] CONTINUE (check 2) [phase=approach]: Frames 1-4 show the gripper remaining open and hovering above the table, with the pouch still on the table — no motion toward the pouch or any transition to grasp. This is consistent with the prior assessment and legal for the approach phase.
WARNING 2026-09-16 08:46:16 estrator.py:801 [VLM MONITOR] no fresh frame within 1.0s of gating; sampling anyway (frame may lag the arm)
INFO 2026-09-16 08:46:17 ent_loop.py:939 Episode finished: 48.0s, converged=True, max_displacement=200.3696, actions=439
INFO 2026-09-16 08:46:22 estrator.py:647 Monitor completed 2 check(s) for 'put the pouch on the tray'
INFO 2026-09-16 08:46:22 ent_loop.py:416 Returning to home position...
  Generated 117 tokens in 7.5s (15.6 tok/s)
INFO 2026-09-16 08:46:24 estrator.py:697 [VLM MONITOR] saved debug grid (4 frames): monitor_20260916_084624_chk003_CONTINUE.png
INFO 2026-09-16 08:46:24 estrator.py:767 [VLM MONITOR] CONTINUE (check 3) [phase=approach]: Frames 1-4 show the gripper remaining open and the pouch still on the table; no motion toward the pouch or any transition has occurred yet, which is consistent with the prior assessment and legal for the beginning of the approach phase.
INFO 2026-09-16 08:46:24 ent_loop.py:429 Home position reached.
INFO 2026-09-16 08:46:27 strator.py:1375 Saved VLM eval recap (32 frames): runs/run_2026-09-16_08-31-16/02/eval_task3_20260916_084624_recap.png
INFO 2026-09-16 08:46:27 strator.py:1806 Evaluation observation: video clip (32 frames over 41.3s of a 48.0s episode, 0.75 fps)
  Generated 21 tokens in 1.9s (10.9 tok/s)
INFO 2026-09-16 08:46:29 strator.py:1849 VLM judgement: success=True | failure_type=RETRY | The pouch is now on the tray as instructed.
INFO 2026-09-16 08:46:29 strator.py:1943 Running final evaluation against the original prompt...
INFO 2026-09-16 08:46:29 strator.py:1345 Saved VLM frame: runs/run_2026-09-16_08-31-16/02/final_eval_20260916_084629.png
  Generated 142 tokens in 8.9s (15.9 tok/s)
INFO 2026-09-16 08:46:38 pace/vlm.py:464 Scene survey tokens: 74
INFO 2026-09-16 08:46:38 strator.py:1169 Final-eval surveyed 3 object(s):
INFO 2026-09-16 08:46:38 strator.py:1171   plush toy -> tray (partially visible on the right side of the image, its brown furry body and horn sticking out from behind a pink tray)
INFO 2026-09-16 08:46:38 strator.py:1171   brown cylindrical object -> tray (lying horizontally inside the pink tray, partially obscured by the plush toy)
INFO 2026-09-16 08:46:38 strator.py:1171   orange robot arm -> table (centered in the image, with wires extending from it)
  Generated 38 tokens in 2.4s (15.7 tok/s)
INFO 2026-09-16 08:46:40 strator.py:1951 FINAL VLM judgement for 'put everything on the tray' (round 1): success=True | The plush toy and brown cylindrical object are on the tray as required, and the orange robot arm is not considered an object to be manipulated.
INFO 2026-09-16 08:46:40 strator.py:1964 Round 1 complete for: 'put everything on the tray'
INFO 2026-09-16 08:46:40 strator.py:1965   Completed 3/3 sub-tasks planned this round: ['put the banana on the tray', 'put the toy on the tray', 'put the pouch on the tray']
INFO 2026-09-16 08:46:40 strator.py:1520 High-level task 'put everything on the tray' judged COMPLETE after 1 round(s).
