DEBUG 2026-09-03 10:02:55 === episode start | task: 'put the cylinder on the tray' | duration: 50.0s ===
DEBUG 2026-09-03 10:02:55 [chunk] received 50 actions, timesteps 0..49 | first: shoulder_pan.pos=-4.46 shoulder_lift.pos=-102.52 elbow_flex.pos=+89.57 wrist_flex.pos=+76.93 wrist_roll.pos=-0.27 gripper.pos=+1.08 | last: shoulder_pan.pos=-4.71 shoulder_lift.pos=-102.94 elbow_flex.pos=+89.11 wrist_flex.pos=+77.31 wrist_roll.pos=-0.44 gripper.pos=+1.23
DEBUG 2026-09-03 10:02:55 [action #1] t=0.87s step=0 queue=50 dmax=n/a | shoulder_pan.pos=-4.46 shoulder_lift.pos=-102.52 elbow_flex.pos=+89.57 wrist_flex.pos=+76.93 wrist_roll.pos=-0.27 gripper.pos=+1.08
DEBUG 2026-09-03 10:02:56 [action #2] t=0.90s step=1 queue=49 dmax=0.314 | shoulder_pan.pos=-4.54 shoulder_lift.pos=-102.84 elbow_flex.pos=+89.61 wrist_flex.pos=+76.96 wrist_roll.pos=-0.26 gripper.pos=+1.11
DEBUG 2026-09-03 10:02:56 [action #3] t=0.94s step=2 queue=48 dmax=0.298 | shoulder_pan.pos=-4.57 shoulder_lift.pos=-102.54 elbow_flex.pos=+89.56 wrist_flex.pos=+77.26 wrist_roll.pos=-0.32 gripper.pos=+1.14
DEBUG 2026-09-03 10:02:56 [action #4] t=0.97s step=3 queue=47 dmax=0.409 | shoulder_pan.pos=-4.72 shoulder_lift.pos=-102.60 elbow_flex.pos=+89.97 wrist_flex.pos=+77.36 wrist_roll.pos=-0.32 gripper.pos=+1.14
DEBUG 2026-09-03 10:02:56 [action #5] t=1.00s step=4 queue=46 dmax=0.752 | shoulder_pan.pos=-4.44 shoulder_lift.pos=-102.36 elbow_flex.pos=+89.22 wrist_flex.pos=+77.23 wrist_roll.pos=-0.32 gripper.pos=+1.17
DEBUG 2026-09-03 10:02:56 [action #6] t=1.04s step=5 queue=45 dmax=0.327 | shoulder_pan.pos=-4.67 shoulder_lift.pos=-102.52 elbow_flex.pos=+89.54 wrist_flex.pos=+77.30 wrist_roll.pos=-0.32 gripper.pos=+1.14
DEBUG 2026-09-03 10:02:56 [action #7] t=1.07s step=6 queue=44 dmax=0.331 | shoulder_pan.pos=-4.72 shoulder_lift.pos=-102.19 elbow_flex.pos=+89.68 wrist_flex.pos=+77.38 wrist_roll.pos=-0.35 gripper.pos=+1.07
DEBUG 2026-09-03 10:02:56 [action #8] t=1.10s step=7 queue=43 dmax=0.627 | shoulder_pan.pos=-4.68 shoulder_lift.pos=-102.48 elbow_flex.pos=+89.06 wrist_flex.pos=+77.46 wrist_roll.pos=-0.26 gripper.pos=+1.12
DEBUG 2026-09-03 10:02:56 [action #9] t=1.14s step=8 queue=42 dmax=0.500 | shoulder_pan.pos=-4.60 shoulder_lift.pos=-102.98 elbow_flex.pos=+89.30 wrist_flex.pos=+77.23 wrist_roll.pos=-0.23 gripper.pos=+1.20
DEBUG 2026-09-03 10:02:56 [action #10] t=1.17s step=9 queue=41 dmax=1.288 | shoulder_pan.pos=-4.39 shoulder_lift.pos=-102.55 elbow_flex.pos=+90.59 wrist_flex.pos=+77.41 wrist_roll.pos=-0.21 gripper.pos=+1.15
DEBUG 2026-09-03 10:02:56 [action #11] t=1.20s step=10 queue=40 dmax=1.248 | shoulder_pan.pos=-4.43 shoulder_lift.pos=-102.74 elbow_flex.pos=+89.34 wrist_flex.pos=+77.27 wrist_roll.pos=-0.22 gripper.pos=+1.13
DEBUG 2026-09-03 10:02:56 [action #12] t=1.24s step=11 queue=39 dmax=0.753 | shoulder_pan.pos=-4.62 shoulder_lift.pos=-102.74 elbow_flex.pos=+90.09 wrist_flex.pos=+77.28 wrist_roll.pos=-0.33 gripper.pos=+1.22
DEBUG 2026-09-03 10:02:56 [action #13] t=1.27s step=12 queue=38 dmax=0.553 | shoulder_pan.pos=-4.61 shoulder_lift.pos=-102.67 elbow_flex.pos=+89.54 wrist_flex.pos=+77.28 wrist_roll.pos=-0.32 gripper.pos=+1.19
DEBUG 2026-09-03 10:02:56 [action #14] t=1.30s step=13 queue=37 dmax=0.496 | shoulder_pan.pos=-4.60 shoulder_lift.pos=-102.56 elbow_flex.pos=+90.04 wrist_flex.pos=+77.41 wrist_roll.pos=-0.18 gripper.pos=+1.12
DEBUG 2026-09-03 10:02:56 [action #15] t=1.34s step=14 queue=36 dmax=0.590 | shoulder_pan.pos=-4.50 shoulder_lift.pos=-102.85 elbow_flex.pos=+89.45 wrist_flex.pos=+77.46 wrist_roll.pos=-0.22 gripper.pos=+1.28
DEBUG 2026-09-03 10:02:56 [action #16] t=1.37s step=15 queue=35 dmax=0.188 | shoulder_pan.pos=-4.52 shoulder_lift.pos=-102.96 elbow_flex.pos=+89.29 wrist_flex.pos=+77.27 wrist_roll.pos=-0.30 gripper.pos=+1.24
DEBUG 2026-09-03 10:02:56 [action #17] t=1.40s step=16 queue=34 dmax=0.582 | shoulder_pan.pos=-4.42 shoulder_lift.pos=-102.80 elbow_flex.pos=+89.87 wrist_flex.pos=+77.32 wrist_roll.pos=-0.21 gripper.pos=+1.17
DEBUG 2026-09-03 10:02:56 [action #18] t=1.44s step=17 queue=33 dmax=0.384 | shoulder_pan.pos=-4.43 shoulder_lift.pos=-102.80 elbow_flex.pos=+89.49 wrist_flex.pos=+77.32 wrist_roll.pos=-0.20 gripper.pos=+1.27
DEBUG 2026-09-03 10:02:56 [action #19] t=1.47s step=18 queue=32 dmax=0.427 | shoulder_pan.pos=-4.47 shoulder_lift.pos=-102.37 elbow_flex.pos=+89.37 wrist_flex.pos=+77.38 wrist_roll.pos=-0.18 gripper.pos=+1.17
DEBUG 2026-09-03 10:02:56 [action #20] t=1.50s step=19 queue=31 dmax=0.738 | shoulder_pan.pos=-4.62 shoulder_lift.pos=-102.81 elbow_flex.pos=+90.11 wrist_flex.pos=+77.27 wrist_roll.pos=-0.28 gripper.pos=+1.17
DEBUG 2026-09-03 10:02:56 [action #21] t=1.54s step=20 queue=30 dmax=0.719 | shoulder_pan.pos=-4.38 shoulder_lift.pos=-102.42 elbow_flex.pos=+89.39 wrist_flex.pos=+77.41 wrist_roll.pos=-0.24 gripper.pos=+1.17
DEBUG 2026-09-03 10:02:56 [action #22] t=1.57s step=21 queue=29 dmax=0.293 | shoulder_pan.pos=-4.43 shoulder_lift.pos=-102.71 elbow_flex.pos=+89.65 wrist_flex.pos=+77.36 wrist_roll.pos=-0.42 gripper.pos=+1.05
DEBUG 2026-09-03 10:02:56 [action #23] t=1.61s step=22 queue=28 dmax=0.619 | shoulder_pan.pos=-4.74 shoulder_lift.pos=-102.09 elbow_flex.pos=+89.65 wrist_flex.pos=+77.38 wrist_roll.pos=-0.42 gripper.pos=+1.18
DEBUG 2026-09-03 10:02:56 [action #24] t=1.64s step=23 queue=27 dmax=0.532 | shoulder_pan.pos=-4.62 shoulder_lift.pos=-101.78 elbow_flex.pos=+90.18 wrist_flex.pos=+77.41 wrist_roll.pos=-0.43 gripper.pos=+1.24
DEBUG 2026-09-03 10:02:56 [action #25] t=1.67s step=24 queue=26 dmax=0.982 | shoulder_pan.pos=-4.56 shoulder_lift.pos=-102.77 elbow_flex.pos=+89.39 wrist_flex.pos=+77.25 wrist_roll.pos=-0.42 gripper.pos=+1.11
DEBUG 2026-09-03 10:02:56 [action #26] t=1.71s step=25 queue=25 dmax=0.198 | shoulder_pan.pos=-4.63 shoulder_lift.pos=-102.57 elbow_flex.pos=+89.25 wrist_flex.pos=+77.25 wrist_roll.pos=-0.30 gripper.pos=+1.25
DEBUG 2026-09-03 10:02:56 [action #27] t=1.74s step=26 queue=24 dmax=0.418 | shoulder_pan.pos=-4.75 shoulder_lift.pos=-102.99 elbow_flex.pos=+89.19 wrist_flex.pos=+77.31 wrist_roll.pos=-0.38 gripper.pos=+1.09
DEBUG 2026-09-03 10:02:56 [action #28] t=1.77s step=27 queue=23 dmax=0.493 | shoulder_pan.pos=-4.60 shoulder_lift.pos=-102.75 elbow_flex.pos=+89.69 wrist_flex.pos=+77.26 wrist_roll.pos=-0.25 gripper.pos=+1.14
DEBUG 2026-09-03 10:02:56 [action #29] t=1.81s step=28 queue=22 dmax=0.447 | shoulder_pan.pos=-4.49 shoulder_lift.pos=-103.08 elbow_flex.pos=+89.24 wrist_flex.pos=+77.27 wrist_roll.pos=-0.38 gripper.pos=+1.23
DEBUG 2026-09-03 10:02:56 [action #30] t=1.84s step=29 queue=21 dmax=0.321 | shoulder_pan.pos=-4.51 shoulder_lift.pos=-102.82 elbow_flex.pos=+89.56 wrist_flex.pos=+77.39 wrist_roll.pos=-0.30 gripper.pos=+1.17
DEBUG 2026-09-03 10:02:56 [action #31] t=1.87s step=30 queue=20 dmax=0.636 | shoulder_pan.pos=-4.29 shoulder_lift.pos=-102.32 elbow_flex.pos=+88.92 wrist_flex.pos=+77.31 wrist_roll.pos=-0.33 gripper.pos=+1.20
DEBUG 2026-09-03 10:02:57 [action #32] t=1.91s step=31 queue=19 dmax=0.866 | shoulder_pan.pos=-4.59 shoulder_lift.pos=-102.53 elbow_flex.pos=+89.79 wrist_flex.pos=+77.33 wrist_roll.pos=-0.29 gripper.pos=+1.15
DEBUG 2026-09-03 10:02:57 [action #33] t=1.94s step=32 queue=18 dmax=0.394 | shoulder_pan.pos=-4.59 shoulder_lift.pos=-102.92 elbow_flex.pos=+89.74 wrist_flex.pos=+77.50 wrist_roll.pos=-0.31 gripper.pos=+1.07
DEBUG 2026-09-03 10:02:57 [action #34] t=1.97s step=33 queue=17 dmax=0.584 | shoulder_pan.pos=-4.40 shoulder_lift.pos=-102.62 elbow_flex.pos=+89.15 wrist_flex.pos=+77.27 wrist_roll.pos=-0.34 gripper.pos=+1.21
DEBUG 2026-09-03 10:02:57 [action #35] t=2.01s step=34 queue=16 dmax=0.746 | shoulder_pan.pos=-4.62 shoulder_lift.pos=-102.71 elbow_flex.pos=+89.90 wrist_flex.pos=+77.41 wrist_roll.pos=-0.33 gripper.pos=+1.09
DEBUG 2026-09-03 10:02:57 [action #36] t=2.04s step=35 queue=15 dmax=0.167 | shoulder_pan.pos=-4.63 shoulder_lift.pos=-102.54 elbow_flex.pos=+89.90 wrist_flex.pos=+77.37 wrist_roll.pos=-0.25 gripper.pos=+1.07
DEBUG 2026-09-03 10:02:57 [chunk] received 50 actions, timesteps 9..58 | first: shoulder_pan.pos=-4.44 shoulder_lift.pos=-102.27 elbow_flex.pos=+89.51 wrist_flex.pos=+76.95 wrist_roll.pos=-0.21 gripper.pos=+1.26 | last: shoulder_pan.pos=-4.42 shoulder_lift.pos=-102.93 elbow_flex.pos=+89.29 wrist_flex.pos=+77.27 wrist_roll.pos=-0.20 gripper.pos=+1.19
DEBUG 2026-09-03 10:02:57 [action #37] t=2.07s step=36 queue=23 dmax=0.643 | shoulder_pan.pos=-4.47 shoulder_lift.pos=-102.43 elbow_flex.pos=+89.26 wrist_flex.pos=+77.27 wrist_roll.pos=-0.12 gripper.pos=+1.20
DEBUG 2026-09-03 10:02:57 [action #38] t=2.11s step=37 queue=22 dmax=0.243 | shoulder_pan.pos=-4.48 shoulder_lift.pos=-102.30 elbow_flex.pos=+89.50 wrist_flex.pos=+77.27 wrist_roll.pos=-0.11 gripper.pos=+1.12
DEBUG 2026-09-03 10:02:57 [action #39] t=2.14s step=38 queue=21 dmax=0.321 | shoulder_pan.pos=-4.47 shoulder_lift.pos=-102.62 elbow_flex.pos=+89.18 wrist_flex.pos=+77.32 wrist_roll.pos=-0.15 gripper.pos=+1.17
DEBUG 2026-09-03 10:02:57 [action #40] t=2.17s step=39 queue=20 dmax=0.166 | shoulder_pan.pos=-4.35 shoulder_lift.pos=-102.45 elbow_flex.pos=+89.19 wrist_flex.pos=+77.26 wrist_roll.pos=-0.18 gripper.pos=+1.07
DEBUG 2026-09-03 10:02:57 [action #41] t=2.21s step=40 queue=19 dmax=0.156 | shoulder_pan.pos=-4.41 shoulder_lift.pos=-102.30 elbow_flex.pos=+89.29 wrist_flex.pos=+77.33 wrist_roll.pos=-0.16 gripper.pos=+1.16
DEBUG 2026-09-03 10:02:57 [action #42] t=2.24s step=41 queue=18 dmax=0.109 | shoulder_pan.pos=-4.42 shoulder_lift.pos=-102.34 elbow_flex.pos=+89.18 wrist_flex.pos=+77.33 wrist_roll.pos=-0.16 gripper.pos=+1.20
DEBUG 2026-09-03 10:02:57 [action #43] t=2.27s step=42 queue=17 dmax=0.255 | shoulder_pan.pos=-4.57 shoulder_lift.pos=-102.37 elbow_flex.pos=+89.44 wrist_flex.pos=+77.27 wrist_roll.pos=-0.18 gripper.pos=+1.26
DEBUG 2026-09-03 10:02:57 [action #44] t=2.31s step=43 queue=16 dmax=0.247 | shoulder_pan.pos=-4.49 shoulder_lift.pos=-102.62 elbow_flex.pos=+89.41 wrist_flex.pos=+77.39 wrist_roll.pos=-0.18 gripper.pos=+1.13
DEBUG 2026-09-03 10:02:57 [action #45] t=2.34s step=44 queue=15 dmax=0.146 | shoulder_pan.pos=-4.45 shoulder_lift.pos=-102.48 elbow_flex.pos=+89.34 wrist_flex.pos=+77.24 wrist_roll.pos=-0.15 gripper.pos=+1.19
DEBUG 2026-09-03 10:02:57 [action #46] t=2.37s step=45 queue=14 dmax=0.119 | shoulder_pan.pos=-4.57 shoulder_lift.pos=-102.52 elbow_flex.pos=+89.45 wrist_flex.pos=+77.31 wrist_roll.pos=-0.22 gripper.pos=+1.15
DEBUG 2026-09-03 10:02:57 [action #47] t=2.41s step=46 queue=13 dmax=0.426 | shoulder_pan.pos=-4.38 shoulder_lift.pos=-102.10 elbow_flex.pos=+89.28 wrist_flex.pos=+77.31 wrist_roll.pos=-0.26 gripper.pos=+1.14
DEBUG 2026-09-03 10:02:57 [action #48] t=2.44s step=47 queue=12 dmax=0.725 | shoulder_pan.pos=-4.37 shoulder_lift.pos=-102.82 elbow_flex.pos=+89.62 wrist_flex.pos=+77.35 wrist_roll.pos=-0.22 gripper.pos=+1.17
DEBUG 2026-09-03 10:02:57 [action #49] t=2.47s step=48 queue=11 dmax=0.632 | shoulder_pan.pos=-4.53 shoulder_lift.pos=-102.19 elbow_flex.pos=+89.39 wrist_flex.pos=+77.30 wrist_roll.pos=-0.20 gripper.pos=+1.13
DEBUG 2026-09-03 10:02:57 [action #50] t=2.51s step=49 queue=10 dmax=0.251 | shoulder_pan.pos=-4.45 shoulder_lift.pos=-102.44 elbow_flex.pos=+89.48 wrist_flex.pos=+77.27 wrist_roll.pos=-0.21 gripper.pos=+1.16
DEBUG 2026-09-03 10:02:57 [action #51] t=2.54s step=50 queue=9 dmax=0.161 | shoulder_pan.pos=-4.39 shoulder_lift.pos=-102.33 elbow_flex.pos=+89.64 wrist_flex.pos=+77.29 wrist_roll.pos=-0.21 gripper.pos=+1.17
DEBUG 2026-09-03 10:02:57 [action #52] t=2.57s step=51 queue=8 dmax=0.466 | shoulder_pan.pos=-4.38 shoulder_lift.pos=-102.27 elbow_flex.pos=+89.17 wrist_flex.pos=+77.29 wrist_roll.pos=-0.15 gripper.pos=+1.10
DEBUG 2026-09-03 10:02:57 [action #53] t=2.61s step=52 queue=7 dmax=0.287 | shoulder_pan.pos=-4.36 shoulder_lift.pos=-102.54 elbow_flex.pos=+88.89 wrist_flex.pos=+77.25 wrist_roll.pos=-0.16 gripper.pos=+1.14
DEBUG 2026-09-03 10:02:57 [action #54] t=2.64s step=53 queue=6 dmax=0.567 | shoulder_pan.pos=-4.44 shoulder_lift.pos=-102.40 elbow_flex.pos=+89.45 wrist_flex.pos=+77.17 wrist_roll.pos=-0.27 gripper.pos=+1.17
DEBUG 2026-09-03 10:02:57 [action #55] t=2.68s step=54 queue=5 dmax=0.492 | shoulder_pan.pos=-4.39 shoulder_lift.pos=-101.91 elbow_flex.pos=+89.11 wrist_flex.pos=+77.20 wrist_roll.pos=-0.21 gripper.pos=+1.22
DEBUG 2026-09-03 10:02:57 [action #56] t=2.71s step=55 queue=4 dmax=0.765 | shoulder_pan.pos=-4.46 shoulder_lift.pos=-102.67 elbow_flex.pos=+89.80 wrist_flex.pos=+77.35 wrist_roll.pos=-0.23 gripper.pos=+1.34
DEBUG 2026-09-03 10:02:57 [action #57] t=2.74s step=56 queue=3 dmax=0.357 | shoulder_pan.pos=-4.37 shoulder_lift.pos=-102.45 elbow_flex.pos=+89.44 wrist_flex.pos=+77.23 wrist_roll.pos=-0.18 gripper.pos=+1.25
DEBUG 2026-09-03 10:02:57 [action #58] t=2.78s step=57 queue=2 dmax=0.566 | shoulder_pan.pos=-4.21 shoulder_lift.pos=-101.88 elbow_flex.pos=+89.06 wrist_flex.pos=+77.21 wrist_roll.pos=-0.23 gripper.pos=+1.13
DEBUG 2026-09-03 10:02:57 [action #59] t=2.81s step=58 queue=1 dmax=1.046 | shoulder_pan.pos=-4.42 shoulder_lift.pos=-102.93 elbow_flex.pos=+89.29 wrist_flex.pos=+77.27 wrist_roll.pos=-0.20 gripper.pos=+1.19
DEBUG 2026-09-03 10:02:58 [chunk] received 50 actions, timesteps 58..107 | first: shoulder_pan.pos=-4.52 shoulder_lift.pos=-102.89 elbow_flex.pos=+88.77 wrist_flex.pos=+77.27 wrist_roll.pos=-0.25 gripper.pos=+1.18 | last: shoulder_pan.pos=-4.26 shoulder_lift.pos=-102.69 elbow_flex.pos=+89.32 wrist_flex.pos=+77.40 wrist_roll.pos=-0.26 gripper.pos=+1.21
DEBUG 2026-09-03 10:02:58 [action #60] t=3.71s step=59 queue=49 dmax=0.223 | shoulder_pan.pos=-4.24 shoulder_lift.pos=-103.01 elbow_flex.pos=+89.52 wrist_flex.pos=+77.34 wrist_roll.pos=-0.26 gripper.pos=+1.32
DEBUG 2026-09-03 10:02:58 [action #61] t=3.75s step=60 queue=48 dmax=1.011 | shoulder_pan.pos=-4.43 shoulder_lift.pos=-102.52 elbow_flex.pos=+88.50 wrist_flex.pos=+77.22 wrist_roll.pos=-0.19 gripper.pos=+1.30
DEBUG 2026-09-03 10:02:58 [action #62] t=3.78s step=61 queue=47 dmax=0.408 | shoulder_pan.pos=-4.36 shoulder_lift.pos=-102.93 elbow_flex.pos=+88.73 wrist_flex.pos=+77.37 wrist_roll.pos=-0.17 gripper.pos=+1.23
DEBUG 2026-09-03 10:02:58 [action #63] t=3.81s step=62 queue=46 dmax=1.184 | shoulder_pan.pos=-4.29 shoulder_lift.pos=-102.37 elbow_flex.pos=+89.92 wrist_flex.pos=+77.47 wrist_roll.pos=-0.22 gripper.pos=+1.23
DEBUG 2026-09-03 10:02:58 [action #64] t=3.85s step=63 queue=45 dmax=0.751 | shoulder_pan.pos=-4.38 shoulder_lift.pos=-102.63 elbow_flex.pos=+89.17 wrist_flex.pos=+77.43 wrist_roll.pos=-0.28 gripper.pos=+1.21
DEBUG 2026-09-03 10:02:58 [action #65] t=3.88s step=64 queue=44 dmax=0.330 | shoulder_pan.pos=-4.36 shoulder_lift.pos=-102.67 elbow_flex.pos=+89.50 wrist_flex.pos=+77.44 wrist_roll.pos=-0.24 gripper.pos=+1.23
DEBUG 2026-09-03 10:02:59 [action #66] t=3.91s step=65 queue=43 dmax=0.252 | shoulder_pan.pos=-4.17 shoulder_lift.pos=-102.78 elbow_flex.pos=+89.24 wrist_flex.pos=+77.42 wrist_roll.pos=-0.24 gripper.pos=+1.18
DEBUG 2026-09-03 10:02:59 [action #67] t=3.95s step=66 queue=42 dmax=0.645 | shoulder_pan.pos=-4.31 shoulder_lift.pos=-103.30 elbow_flex.pos=+89.89 wrist_flex.pos=+77.47 wrist_roll.pos=-0.20 gripper.pos=+1.35
DEBUG 2026-09-03 10:02:59 [action #68] t=3.98s step=67 queue=41 dmax=0.852 | shoulder_pan.pos=-4.43 shoulder_lift.pos=-102.52 elbow_flex.pos=+89.04 wrist_flex.pos=+77.46 wrist_roll.pos=-0.24 gripper.pos=+1.20
DEBUG 2026-09-03 10:02:59 [action #69] t=4.01s step=68 queue=40 dmax=0.746 | shoulder_pan.pos=-4.37 shoulder_lift.pos=-102.79 elbow_flex.pos=+89.78 wrist_flex.pos=+77.40 wrist_roll.pos=-0.28 gripper.pos=+1.13
DEBUG 2026-09-03 10:02:59 [action #70] t=4.05s step=69 queue=39 dmax=0.454 | shoulder_pan.pos=-4.29 shoulder_lift.pos=-102.52 elbow_flex.pos=+89.33 wrist_flex.pos=+77.35 wrist_roll.pos=-0.21 gripper.pos=+1.17
DEBUG 2026-09-03 10:02:59 [action #71] t=4.08s step=70 queue=38 dmax=0.535 | shoulder_pan.pos=-4.37 shoulder_lift.pos=-101.99 elbow_flex.pos=+88.98 wrist_flex.pos=+77.31 wrist_roll.pos=-0.21 gripper.pos=+1.22
DEBUG 2026-09-03 10:02:59 [action #72] t=4.11s step=71 queue=37 dmax=0.750 | shoulder_pan.pos=-4.18 shoulder_lift.pos=-102.44 elbow_flex.pos=+89.73 wrist_flex.pos=+77.33 wrist_roll.pos=-0.25 gripper.pos=+1.26
DEBUG 2026-09-03 10:02:59 [action #73] t=4.15s step=72 queue=36 dmax=0.985 | shoulder_pan.pos=-4.24 shoulder_lift.pos=-102.07 elbow_flex.pos=+88.74 wrist_flex.pos=+77.43 wrist_roll.pos=-0.29 gripper.pos=+1.25
DEBUG 2026-09-03 10:02:59 [action #74] t=4.18s step=73 queue=35 dmax=0.403 | shoulder_pan.pos=-4.27 shoulder_lift.pos=-102.48 elbow_flex.pos=+89.03 wrist_flex.pos=+77.35 wrist_roll.pos=-0.16 gripper.pos=+1.28
DEBUG 2026-09-03 10:02:59 [action #75] t=4.21s step=74 queue=34 dmax=0.239 | shoulder_pan.pos=-4.14 shoulder_lift.pos=-102.24 elbow_flex.pos=+88.84 wrist_flex.pos=+77.31 wrist_roll.pos=-0.17 gripper.pos=+1.10
DEBUG 2026-09-03 10:02:59 [action #76] t=4.25s step=75 queue=33 dmax=0.622 | shoulder_pan.pos=-4.26 shoulder_lift.pos=-102.54 elbow_flex.pos=+89.46 wrist_flex.pos=+77.39 wrist_roll.pos=-0.18 gripper.pos=+1.04
DEBUG 2026-09-03 10:02:59 [action #77] t=4.28s step=76 queue=32 dmax=0.760 | shoulder_pan.pos=-4.31 shoulder_lift.pos=-102.69 elbow_flex.pos=+88.70 wrist_flex.pos=+77.42 wrist_roll.pos=-0.05 gripper.pos=+1.18
DEBUG 2026-09-03 10:02:59 [action #78] t=4.31s step=77 queue=31 dmax=0.497 | shoulder_pan.pos=-4.28 shoulder_lift.pos=-102.35 elbow_flex.pos=+89.20 wrist_flex.pos=+77.35 wrist_roll.pos=-0.17 gripper.pos=+1.14
DEBUG 2026-09-03 10:02:59 [action #79] t=4.35s step=78 queue=30 dmax=0.507 | shoulder_pan.pos=-4.21 shoulder_lift.pos=-102.68 elbow_flex.pos=+88.69 wrist_flex.pos=+77.36 wrist_roll.pos=-0.20 gripper.pos=+1.27
DEBUG 2026-09-03 10:02:59 [action #80] t=4.38s step=79 queue=29 dmax=0.678 | shoulder_pan.pos=-4.16 shoulder_lift.pos=-102.77 elbow_flex.pos=+89.37 wrist_flex.pos=+77.44 wrist_roll.pos=-0.22 gripper.pos=+1.25
DEBUG 2026-09-03 10:02:59 [action #81] t=4.41s step=80 queue=28 dmax=0.416 | shoulder_pan.pos=-4.30 shoulder_lift.pos=-102.60 elbow_flex.pos=+89.79 wrist_flex.pos=+77.44 wrist_roll.pos=-0.18 gripper.pos=+1.17
DEBUG 2026-09-03 10:02:59 [action #82] t=4.45s step=81 queue=27 dmax=0.740 | shoulder_pan.pos=-4.30 shoulder_lift.pos=-102.66 elbow_flex.pos=+89.05 wrist_flex.pos=+77.54 wrist_roll.pos=-0.31 gripper.pos=+1.26
DEBUG 2026-09-03 10:02:59 [action #83] t=4.48s step=82 queue=26 dmax=0.432 | shoulder_pan.pos=-4.50 shoulder_lift.pos=-102.23 elbow_flex.pos=+89.48 wrist_flex.pos=+77.50 wrist_roll.pos=-0.30 gripper.pos=+1.19
DEBUG 2026-09-03 10:02:59 [action #84] t=4.51s step=83 queue=25 dmax=0.453 | shoulder_pan.pos=-4.34 shoulder_lift.pos=-102.38 elbow_flex.pos=+89.02 wrist_flex.pos=+77.36 wrist_roll.pos=-0.28 gripper.pos=+1.26
DEBUG 2026-09-03 10:02:59 [action #85] t=4.55s step=84 queue=24 dmax=0.212 | shoulder_pan.pos=-4.28 shoulder_lift.pos=-102.54 elbow_flex.pos=+89.24 wrist_flex.pos=+77.33 wrist_roll.pos=-0.22 gripper.pos=+1.40
DEBUG 2026-09-03 10:02:59 [action #86] t=4.58s step=85 queue=23 dmax=0.567 | shoulder_pan.pos=-4.38 shoulder_lift.pos=-101.97 elbow_flex.pos=+89.63 wrist_flex.pos=+77.08 wrist_roll.pos=-0.23 gripper.pos=+1.24
DEBUG 2026-09-03 10:02:59 [action #87] t=4.62s step=86 queue=22 dmax=0.625 | shoulder_pan.pos=-4.27 shoulder_lift.pos=-102.60 elbow_flex.pos=+89.71 wrist_flex.pos=+77.42 wrist_roll.pos=-0.23 gripper.pos=+1.19
DEBUG 2026-09-03 10:02:59 [action #88] t=4.65s step=87 queue=21 dmax=0.647 | shoulder_pan.pos=-4.45 shoulder_lift.pos=-102.27 elbow_flex.pos=+89.07 wrist_flex.pos=+77.23 wrist_roll.pos=-0.23 gripper.pos=+1.10
DEBUG 2026-09-03 10:02:59 [action #89] t=4.68s step=88 queue=20 dmax=0.284 | shoulder_pan.pos=-4.26 shoulder_lift.pos=-102.14 elbow_flex.pos=+89.35 wrist_flex.pos=+77.20 wrist_roll.pos=-0.18 gripper.pos=+1.08
DEBUG 2026-09-03 10:02:59 [action #90] t=4.72s step=89 queue=19 dmax=1.059 | shoulder_pan.pos=-4.33 shoulder_lift.pos=-103.20 elbow_flex.pos=+89.96 wrist_flex.pos=+77.36 wrist_roll.pos=-0.30 gripper.pos=+1.11
DEBUG 2026-09-03 10:02:59 [action #91] t=4.75s step=90 queue=18 dmax=0.450 | shoulder_pan.pos=-4.42 shoulder_lift.pos=-102.75 elbow_flex.pos=+89.51 wrist_flex.pos=+77.36 wrist_roll.pos=-0.26 gripper.pos=+1.09
DEBUG 2026-09-03 10:02:59 [action #92] t=4.78s step=91 queue=17 dmax=0.399 | shoulder_pan.pos=-4.53 shoulder_lift.pos=-102.35 elbow_flex.pos=+89.89 wrist_flex.pos=+77.34 wrist_roll.pos=-0.28 gripper.pos=+1.18
DEBUG 2026-09-03 10:02:59 [action #93] t=4.82s step=92 queue=16 dmax=0.223 | shoulder_pan.pos=-4.31 shoulder_lift.pos=-102.13 elbow_flex.pos=+89.69 wrist_flex.pos=+77.33 wrist_roll.pos=-0.26 gripper.pos=+1.39
DEBUG 2026-09-03 10:02:59 [action #94] t=4.85s step=93 queue=15 dmax=0.718 | shoulder_pan.pos=-4.38 shoulder_lift.pos=-102.84 elbow_flex.pos=+89.19 wrist_flex.pos=+77.30 wrist_roll.pos=-0.29 gripper.pos=+1.24
DEBUG 2026-09-03 10:02:59 [action #95] t=4.88s step=94 queue=14 dmax=0.785 | shoulder_pan.pos=-4.30 shoulder_lift.pos=-102.06 elbow_flex.pos=+89.78 wrist_flex.pos=+77.34 wrist_roll.pos=-0.20 gripper.pos=+1.25
DEBUG 2026-09-03 10:03:00 [action #96] t=4.92s step=95 queue=13 dmax=0.395 | shoulder_pan.pos=-4.15 shoulder_lift.pos=-102.24 elbow_flex.pos=+89.38 wrist_flex.pos=+77.39 wrist_roll.pos=-0.22 gripper.pos=+1.19
DEBUG 2026-09-03 10:03:00 [action #97] t=4.95s step=96 queue=12 dmax=0.371 | shoulder_pan.pos=-4.27 shoulder_lift.pos=-102.19 elbow_flex.pos=+89.75 wrist_flex.pos=+77.20 wrist_roll.pos=-0.26 gripper.pos=+1.16
DEBUG 2026-09-03 10:03:00 [action #98] t=4.98s step=97 queue=11 dmax=0.298 | shoulder_pan.pos=-4.35 shoulder_lift.pos=-102.28 elbow_flex.pos=+89.46 wrist_flex.pos=+77.40 wrist_roll.pos=-0.21 gripper.pos=+1.25
DEBUG 2026-09-03 10:03:00 [action #99] t=5.02s step=98 queue=10 dmax=0.373 | shoulder_pan.pos=-4.22 shoulder_lift.pos=-101.91 elbow_flex.pos=+89.50 wrist_flex.pos=+77.35 wrist_roll.pos=-0.26 gripper.pos=+1.17
DEBUG 2026-09-03 10:03:00 [action #100] t=5.05s step=99 queue=9 dmax=0.738 | shoulder_pan.pos=-4.30 shoulder_lift.pos=-102.65 elbow_flex.pos=+89.36 wrist_flex.pos=+77.32 wrist_roll.pos=-0.21 gripper.pos=+1.22
DEBUG 2026-09-03 10:03:00 [action #101] t=5.08s step=100 queue=8 dmax=0.190 | shoulder_pan.pos=-4.18 shoulder_lift.pos=-102.46 elbow_flex.pos=+89.17 wrist_flex.pos=+77.28 wrist_roll.pos=-0.32 gripper.pos=+1.20
DEBUG 2026-09-03 10:03:00 [action #102] t=5.12s step=101 queue=7 dmax=0.365 | shoulder_pan.pos=-4.25 shoulder_lift.pos=-102.15 elbow_flex.pos=+89.54 wrist_flex.pos=+77.33 wrist_roll.pos=-0.27 gripper.pos=+1.25
DEBUG 2026-09-03 10:03:00 [action #103] t=5.15s step=102 queue=6 dmax=0.479 | shoulder_pan.pos=-4.05 shoulder_lift.pos=-102.63 elbow_flex.pos=+89.65 wrist_flex.pos=+77.40 wrist_roll.pos=-0.25 gripper.pos=+1.18
DEBUG 2026-09-03 10:03:00 [action #104] t=5.18s step=103 queue=5 dmax=0.545 | shoulder_pan.pos=-4.16 shoulder_lift.pos=-102.09 elbow_flex.pos=+89.38 wrist_flex.pos=+77.24 wrist_roll.pos=-0.22 gripper.pos=+1.18
DEBUG 2026-09-03 10:03:00 [action #105] t=5.22s step=104 queue=4 dmax=0.636 | shoulder_pan.pos=-4.25 shoulder_lift.pos=-102.72 elbow_flex.pos=+89.54 wrist_flex.pos=+77.42 wrist_roll.pos=-0.25 gripper.pos=+1.19
DEBUG 2026-09-03 10:03:00 [action #106] t=5.25s step=105 queue=3 dmax=0.448 | shoulder_pan.pos=-4.25 shoulder_lift.pos=-102.52 elbow_flex.pos=+89.09 wrist_flex.pos=+77.29 wrist_roll.pos=-0.30 gripper.pos=+1.19
DEBUG 2026-09-03 10:03:00 [action #107] t=5.28s step=106 queue=2 dmax=0.712 | shoulder_pan.pos=-4.18 shoulder_lift.pos=-102.06 elbow_flex.pos=+89.80 wrist_flex.pos=+77.45 wrist_roll.pos=-0.27 gripper.pos=+1.26
DEBUG 2026-09-03 10:03:00 [action #108] t=5.32s step=107 queue=1 dmax=0.622 | shoulder_pan.pos=-4.26 shoulder_lift.pos=-102.69 elbow_flex.pos=+89.32 wrist_flex.pos=+77.40 wrist_roll.pos=-0.26 gripper.pos=+1.21
DEBUG 2026-09-03 10:03:01 [chunk] received 50 actions, timesteps 107..156 | first: shoulder_pan.pos=-4.38 shoulder_lift.pos=-101.98 elbow_flex.pos=+89.33 wrist_flex.pos=+77.17 wrist_roll.pos=-0.18 gripper.pos=+1.27 | last: shoulder_pan.pos=-4.41 shoulder_lift.pos=-102.48 elbow_flex.pos=+89.34 wrist_flex.pos=+77.40 wrist_roll.pos=-0.28 gripper.pos=+1.23
DEBUG 2026-09-03 10:03:01 [action #109] t=6.29s step=108 queue=49 dmax=0.962 | shoulder_pan.pos=-4.36 shoulder_lift.pos=-101.72 elbow_flex.pos=+89.13 wrist_flex.pos=+77.16 wrist_roll.pos=-0.29 gripper.pos=+1.30
DEBUG 2026-09-03 10:03:01 [action #110] t=6.32s step=109 queue=48 dmax=0.320 | shoulder_pan.pos=-4.53 shoulder_lift.pos=-101.78 elbow_flex.pos=+88.81 wrist_flex.pos=+77.08 wrist_roll.pos=-0.24 gripper.pos=+1.25
DEBUG 2026-09-03 10:03:01 [action #111] t=6.35s step=110 queue=47 dmax=0.423 | shoulder_pan.pos=-4.43 shoulder_lift.pos=-101.92 elbow_flex.pos=+89.23 wrist_flex.pos=+77.21 wrist_roll.pos=-0.20 gripper.pos=+1.36
DEBUG 2026-09-03 10:03:01 [action #112] t=6.39s step=111 queue=46 dmax=0.405 | shoulder_pan.pos=-4.38 shoulder_lift.pos=-102.11 elbow_flex.pos=+88.83 wrist_flex.pos=+77.33 wrist_roll.pos=-0.25 gripper.pos=+1.27
DEBUG 2026-09-03 10:03:01 [action #113] t=6.42s step=112 queue=45 dmax=1.232 | shoulder_pan.pos=-4.37 shoulder_lift.pos=-102.02 elbow_flex.pos=+90.06 wrist_flex.pos=+77.45 wrist_roll.pos=-0.26 gripper.pos=+1.29
DEBUG 2026-09-03 10:03:01 [action #114] t=6.45s step=113 queue=44 dmax=1.315 | shoulder_pan.pos=-4.37 shoulder_lift.pos=-102.32 elbow_flex.pos=+88.75 wrist_flex.pos=+77.28 wrist_roll.pos=-0.22 gripper.pos=+1.29
DEBUG 2026-09-03 10:03:01 [action #115] t=6.49s step=114 queue=43 dmax=0.568 | shoulder_pan.pos=-4.42 shoulder_lift.pos=-102.20 elbow_flex.pos=+89.31 wrist_flex.pos=+77.44 wrist_roll.pos=-0.26 gripper.pos=+1.41
DEBUG 2026-09-03 10:03:01 [action #116] t=6.52s step=115 queue=42 dmax=0.505 | shoulder_pan.pos=-4.20 shoulder_lift.pos=-102.34 elbow_flex.pos=+89.82 wrist_flex.pos=+77.37 wrist_roll.pos=-0.30 gripper.pos=+1.33
DEBUG 2026-09-03 10:03:01 [action #117] t=6.56s step=116 queue=41 dmax=0.579 | shoulder_pan.pos=-4.40 shoulder_lift.pos=-102.34 elbow_flex.pos=+89.24 wrist_flex.pos=+77.51 wrist_roll.pos=-0.34 gripper.pos=+1.27
DEBUG 2026-09-03 10:03:01 [action #118] t=6.59s step=117 queue=40 dmax=0.212 | shoulder_pan.pos=-4.36 shoulder_lift.pos=-102.27 elbow_flex.pos=+89.03 wrist_flex.pos=+77.44 wrist_roll.pos=-0.15 gripper.pos=+1.18
DEBUG 2026-09-03 10:03:01 [action #119] t=6.62s step=118 queue=39 dmax=0.476 | shoulder_pan.pos=-4.14 shoulder_lift.pos=-101.79 elbow_flex.pos=+89.49 wrist_flex.pos=+77.45 wrist_roll.pos=-0.19 gripper.pos=+1.24
DEBUG 2026-09-03 10:03:01 [action #120] t=6.66s step=119 queue=38 dmax=0.887 | shoulder_pan.pos=-4.28 shoulder_lift.pos=-102.68 elbow_flex.pos=+89.70 wrist_flex.pos=+77.25 wrist_roll.pos=-0.20 gripper.pos=+1.26
DEBUG 2026-09-03 10:03:01 [action #121] t=6.69s step=120 queue=37 dmax=0.586 | shoulder_pan.pos=-4.41 shoulder_lift.pos=-102.09 elbow_flex.pos=+89.77 wrist_flex.pos=+77.49 wrist_roll.pos=-0.12 gripper.pos=+1.36
DEBUG 2026-09-03 10:03:01 [action #122] t=6.72s step=121 queue=36 dmax=0.802 | shoulder_pan.pos=-4.44 shoulder_lift.pos=-101.67 elbow_flex.pos=+88.97 wrist_flex.pos=+77.35 wrist_roll.pos=-0.35 gripper.pos=+1.30
DEBUG 2026-09-03 10:03:01 [action #123] t=6.76s step=122 queue=35 dmax=0.789 | shoulder_pan.pos=-4.31 shoulder_lift.pos=-102.46 elbow_flex.pos=+88.54 wrist_flex.pos=+77.44 wrist_roll.pos=-0.21 gripper.pos=+1.24
DEBUG 2026-09-03 10:03:01 [action #124] t=6.79s step=123 queue=34 dmax=0.708 | shoulder_pan.pos=-4.50 shoulder_lift.pos=-102.74 elbow_flex.pos=+89.25 wrist_flex.pos=+77.27 wrist_roll.pos=-0.32 gripper.pos=+1.45
DEBUG 2026-09-03 10:03:01 [action #125] t=6.82s step=124 queue=33 dmax=0.965 | shoulder_pan.pos=-4.50 shoulder_lift.pos=-101.78 elbow_flex.pos=+89.65 wrist_flex.pos=+77.29 wrist_roll.pos=-0.31 gripper.pos=+1.20
DEBUG 2026-09-03 10:03:01 [action #126] t=6.86s step=125 queue=32 dmax=0.911 | shoulder_pan.pos=-4.71 shoulder_lift.pos=-102.69 elbow_flex.pos=+90.19 wrist_flex.pos=+77.40 wrist_roll.pos=-0.30 gripper.pos=+1.30
DEBUG 2026-09-03 10:03:01 [action #127] t=6.89s step=126 queue=31 dmax=1.048 | shoulder_pan.pos=-4.33 shoulder_lift.pos=-102.75 elbow_flex.pos=+89.14 wrist_flex.pos=+77.33 wrist_roll.pos=-0.17 gripper.pos=+1.38
DEBUG 2026-09-03 10:03:02 [action #128] t=6.92s step=127 queue=30 dmax=0.684 | shoulder_pan.pos=-4.73 shoulder_lift.pos=-102.26 elbow_flex.pos=+89.83 wrist_flex.pos=+77.52 wrist_roll.pos=-0.35 gripper.pos=+1.19
DEBUG 2026-09-03 10:03:02 [action #129] t=6.96s step=128 queue=29 dmax=0.622 | shoulder_pan.pos=-4.61 shoulder_lift.pos=-102.88 elbow_flex.pos=+89.57 wrist_flex.pos=+77.51 wrist_roll.pos=-0.31 gripper.pos=+1.17
DEBUG 2026-09-03 10:03:02 [action #130] t=6.99s step=129 queue=28 dmax=0.282 | shoulder_pan.pos=-4.47 shoulder_lift.pos=-102.74 elbow_flex.pos=+89.29 wrist_flex.pos=+77.35 wrist_roll.pos=-0.27 gripper.pos=+1.25
DEBUG 2026-09-03 10:03:02 [action #131] t=7.02s step=130 queue=27 dmax=0.302 | shoulder_pan.pos=-4.67 shoulder_lift.pos=-102.60 elbow_flex.pos=+89.59 wrist_flex.pos=+77.32 wrist_roll.pos=-0.27 gripper.pos=+1.31
DEBUG 2026-09-03 10:03:02 [action #132] t=7.06s step=131 queue=26 dmax=0.507 | shoulder_pan.pos=-4.52 shoulder_lift.pos=-102.09 elbow_flex.pos=+89.09 wrist_flex.pos=+77.34 wrist_roll.pos=-0.28 gripper.pos=+1.24
DEBUG 2026-09-03 10:03:02 [action #133] t=7.09s step=132 queue=25 dmax=0.390 | shoulder_pan.pos=-4.44 shoulder_lift.pos=-102.48 elbow_flex.pos=+89.15 wrist_flex.pos=+77.21 wrist_roll.pos=-0.24 gripper.pos=+1.26
DEBUG 2026-09-03 10:03:02 [action #134] t=7.12s step=133 queue=24 dmax=0.360 | shoulder_pan.pos=-4.70 shoulder_lift.pos=-102.51 elbow_flex.pos=+89.51 wrist_flex.pos=+77.36 wrist_roll.pos=-0.33 gripper.pos=+1.16
DEBUG 2026-09-03 10:03:02 [action #135] t=7.16s step=134 queue=23 dmax=0.653 | shoulder_pan.pos=-4.57 shoulder_lift.pos=-103.16 elbow_flex.pos=+89.54 wrist_flex.pos=+77.26 wrist_roll.pos=-0.27 gripper.pos=+1.28
DEBUG 2026-09-03 10:03:02 [action #136] t=7.19s step=135 queue=22 dmax=1.043 | shoulder_pan.pos=-4.44 shoulder_lift.pos=-102.12 elbow_flex.pos=+89.34 wrist_flex.pos=+77.57 wrist_roll.pos=-0.26 gripper.pos=+1.22
DEBUG 2026-09-03 10:03:02 [action #137] t=7.22s step=136 queue=21 dmax=0.414 | shoulder_pan.pos=-4.56 shoulder_lift.pos=-102.53 elbow_flex.pos=+89.56 wrist_flex.pos=+77.69 wrist_roll.pos=-0.29 gripper.pos=+1.07
DEBUG 2026-09-03 10:03:02 [action #138] t=7.26s step=137 queue=20 dmax=0.479 | shoulder_pan.pos=-4.40 shoulder_lift.pos=-102.05 elbow_flex.pos=+89.17 wrist_flex.pos=+77.36 wrist_roll.pos=-0.23 gripper.pos=+1.29
DEBUG 2026-09-03 10:03:02 [action #139] t=7.29s step=138 queue=19 dmax=0.595 | shoulder_pan.pos=-4.65 shoulder_lift.pos=-102.65 elbow_flex.pos=+89.45 wrist_flex.pos=+77.49 wrist_roll.pos=-0.22 gripper.pos=+1.16
DEBUG 2026-09-03 10:03:02 [action #140] t=7.32s step=139 queue=18 dmax=0.644 | shoulder_pan.pos=-4.52 shoulder_lift.pos=-102.01 elbow_flex.pos=+89.38 wrist_flex.pos=+77.35 wrist_roll.pos=-0.24 gripper.pos=+1.13
DEBUG 2026-09-03 10:03:02 [action #141] t=7.36s step=140 queue=17 dmax=0.433 | shoulder_pan.pos=-4.49 shoulder_lift.pos=-102.44 elbow_flex.pos=+89.58 wrist_flex.pos=+77.21 wrist_roll.pos=-0.18 gripper.pos=+1.14
DEBUG 2026-09-03 10:03:02 [action #142] t=7.39s step=141 queue=16 dmax=0.684 | shoulder_pan.pos=-4.41 shoulder_lift.pos=-102.31 elbow_flex.pos=+88.89 wrist_flex.pos=+77.42 wrist_roll.pos=-0.22 gripper.pos=+1.28
DEBUG 2026-09-03 10:03:02 [action #143] t=7.42s step=142 queue=15 dmax=0.611 | shoulder_pan.pos=-4.47 shoulder_lift.pos=-102.45 elbow_flex.pos=+89.51 wrist_flex.pos=+77.49 wrist_roll.pos=-0.21 gripper.pos=+1.20
DEBUG 2026-09-03 10:03:02 [action #144] t=7.46s step=143 queue=14 dmax=0.408 | shoulder_pan.pos=-4.42 shoulder_lift.pos=-102.04 elbow_flex.pos=+89.35 wrist_flex.pos=+77.31 wrist_roll.pos=-0.18 gripper.pos=+1.27
DEBUG 2026-09-03 10:03:02 [action #145] t=7.49s step=144 queue=13 dmax=0.396 | shoulder_pan.pos=-4.62 shoulder_lift.pos=-102.44 elbow_flex.pos=+89.24 wrist_flex.pos=+77.33 wrist_roll.pos=-0.19 gripper.pos=+1.21
DEBUG 2026-09-03 10:03:02 [action #146] t=7.53s step=145 queue=12 dmax=0.314 | shoulder_pan.pos=-4.58 shoulder_lift.pos=-102.75 elbow_flex.pos=+89.29 wrist_flex.pos=+77.34 wrist_roll.pos=-0.24 gripper.pos=+1.36
DEBUG 2026-09-03 10:03:02 [action #147] t=7.56s step=146 queue=11 dmax=0.333 | shoulder_pan.pos=-4.55 shoulder_lift.pos=-102.63 elbow_flex.pos=+89.62 wrist_flex.pos=+77.25 wrist_roll.pos=-0.26 gripper.pos=+1.12
DEBUG 2026-09-03 10:03:02 [action #148] t=7.59s step=147 queue=10 dmax=0.202 | shoulder_pan.pos=-4.62 shoulder_lift.pos=-102.45 elbow_flex.pos=+89.54 wrist_flex.pos=+77.45 wrist_roll.pos=-0.20 gripper.pos=+1.10
DEBUG 2026-09-03 10:03:02 [action #149] t=7.63s step=148 queue=9 dmax=0.247 | shoulder_pan.pos=-4.43 shoulder_lift.pos=-102.69 elbow_flex.pos=+89.40 wrist_flex.pos=+77.36 wrist_roll.pos=-0.31 gripper.pos=+1.17
DEBUG 2026-09-03 10:03:02 [action #150] t=7.66s step=149 queue=8 dmax=0.284 | shoulder_pan.pos=-4.46 shoulder_lift.pos=-102.87 elbow_flex.pos=+89.69 wrist_flex.pos=+77.54 wrist_roll.pos=-0.21 gripper.pos=+1.34
DEBUG 2026-09-03 10:03:02 [action #151] t=7.69s step=150 queue=7 dmax=0.815 | shoulder_pan.pos=-4.68 shoulder_lift.pos=-102.06 elbow_flex.pos=+89.28 wrist_flex.pos=+77.40 wrist_roll.pos=-0.23 gripper.pos=+1.35
DEBUG 2026-09-03 10:03:02 [action #152] t=7.73s step=151 queue=6 dmax=0.524 | shoulder_pan.pos=-4.63 shoulder_lift.pos=-102.58 elbow_flex.pos=+89.62 wrist_flex.pos=+77.48 wrist_roll.pos=-0.28 gripper.pos=+1.22
DEBUG 2026-09-03 10:03:02 [action #153] t=7.76s step=152 queue=5 dmax=0.262 | shoulder_pan.pos=-4.55 shoulder_lift.pos=-102.32 elbow_flex.pos=+89.73 wrist_flex.pos=+77.43 wrist_roll.pos=-0.31 gripper.pos=+1.36
DEBUG 2026-09-03 10:03:02 [action #154] t=7.79s step=153 queue=4 dmax=0.983 | shoulder_pan.pos=-4.47 shoulder_lift.pos=-101.83 elbow_flex.pos=+88.74 wrist_flex.pos=+77.54 wrist_roll.pos=-0.29 gripper.pos=+1.30
DEBUG 2026-09-03 10:03:02 [action #155] t=7.83s step=154 queue=3 dmax=0.337 | shoulder_pan.pos=-4.81 shoulder_lift.pos=-102.11 elbow_flex.pos=+88.70 wrist_flex.pos=+77.54 wrist_roll.pos=-0.32 gripper.pos=+1.25
DEBUG 2026-09-03 10:03:02 [action #156] t=7.86s step=155 queue=2 dmax=0.377 | shoulder_pan.pos=-4.43 shoulder_lift.pos=-102.18 elbow_flex.pos=+88.98 wrist_flex.pos=+77.42 wrist_roll.pos=-0.35 gripper.pos=+1.21
DEBUG 2026-09-03 10:03:02 [action #157] t=7.89s step=156 queue=1 dmax=0.361 | shoulder_pan.pos=-4.41 shoulder_lift.pos=-102.48 elbow_flex.pos=+89.34 wrist_flex.pos=+77.40 wrist_roll.pos=-0.28 gripper.pos=+1.23
DEBUG 2026-09-03 10:03:03 [chunk] received 50 actions, timesteps 156..205 | first: shoulder_pan.pos=-4.27 shoulder_lift.pos=-102.49 elbow_flex.pos=+89.53 wrist_flex.pos=+77.13 wrist_roll.pos=-0.22 gripper.pos=+1.19 | last: shoulder_pan.pos=-4.09 shoulder_lift.pos=-102.61 elbow_flex.pos=+89.36 wrist_flex.pos=+77.42 wrist_roll.pos=-0.25 gripper.pos=+1.15
DEBUG 2026-09-03 10:03:03 [action #158] t=8.76s step=157 queue=49 dmax=0.198 | shoulder_pan.pos=-4.28 shoulder_lift.pos=-102.61 elbow_flex.pos=+89.18 wrist_flex.pos=+77.20 wrist_roll.pos=-0.17 gripper.pos=+1.28
DEBUG 2026-09-03 10:03:03 [action #159] t=8.80s step=158 queue=48 dmax=0.380 | shoulder_pan.pos=-4.17 shoulder_lift.pos=-102.23 elbow_flex.pos=+89.13 wrist_flex.pos=+77.12 wrist_roll.pos=-0.22 gripper.pos=+1.18
DEBUG 2026-09-03 10:03:03 [action #160] t=8.83s step=159 queue=47 dmax=0.313 | shoulder_pan.pos=-4.34 shoulder_lift.pos=-102.54 elbow_flex.pos=+89.31 wrist_flex.pos=+77.18 wrist_roll.pos=-0.22 gripper.pos=+1.28
INFO 2026-09-03 10:03:08 Final action sent: shoulder_pan.pos=-4.34 shoulder_lift.pos=-102.54 elbow_flex.pos=+89.31 wrist_flex.pos=+77.18 wrist_roll.pos=-0.22 gripper.pos=+1.28
DEBUG 2026-09-03 10:03:08 === episode end | 13.9s | converged=True | actions=160 ===
