DEBUG 2026-09-03 08:12:59 === episode start | task: 'put the purse on the tray' | duration: 50.0s ===
DEBUG 2026-09-03 08:13:00 [chunk] dropped stale chunk (ts0=370 > max_sent=0)
DEBUG 2026-09-03 08:13:01 [chunk] received 50 actions, timesteps 0..49 | first: shoulder_pan.pos=-4.34 shoulder_lift.pos=-101.70 elbow_flex.pos=+87.74 wrist_flex.pos=+73.78 wrist_roll.pos=-1.22 gripper.pos=+1.01 | last: shoulder_pan.pos=-6.57 shoulder_lift.pos=-98.76 elbow_flex.pos=+77.96 wrist_flex.pos=+67.07 wrist_roll.pos=-1.06 gripper.pos=+0.91
DEBUG 2026-09-03 08:13:01 [action #1] t=1.84s step=0 queue=50 dmax=n/a | shoulder_pan.pos=-4.34 shoulder_lift.pos=-101.70 elbow_flex.pos=+87.74 wrist_flex.pos=+73.78 wrist_roll.pos=-1.22 gripper.pos=+1.01
DEBUG 2026-09-03 08:13:01 [action #2] t=1.87s step=1 queue=49 dmax=0.434 | shoulder_pan.pos=-4.36 shoulder_lift.pos=-101.49 elbow_flex.pos=+87.88 wrist_flex.pos=+73.34 wrist_roll.pos=-1.08 gripper.pos=+0.91
DEBUG 2026-09-03 08:13:01 [action #3] t=1.91s step=2 queue=48 dmax=0.600 | shoulder_pan.pos=-4.27 shoulder_lift.pos=-101.41 elbow_flex.pos=+87.28 wrist_flex.pos=+73.11 wrist_roll.pos=-1.13 gripper.pos=+0.82
DEBUG 2026-09-03 08:13:01 [action #4] t=1.94s step=3 queue=47 dmax=0.733 | shoulder_pan.pos=-4.38 shoulder_lift.pos=-101.56 elbow_flex.pos=+88.01 wrist_flex.pos=+72.73 wrist_roll.pos=-1.07 gripper.pos=+0.83
DEBUG 2026-09-03 08:13:01 [action #5] t=1.97s step=4 queue=46 dmax=0.311 | shoulder_pan.pos=-4.48 shoulder_lift.pos=-101.50 elbow_flex.pos=+87.70 wrist_flex.pos=+72.43 wrist_roll.pos=-1.13 gripper.pos=+0.85
DEBUG 2026-09-03 08:13:01 [action #6] t=2.01s step=5 queue=45 dmax=0.343 | shoulder_pan.pos=-4.47 shoulder_lift.pos=-101.43 elbow_flex.pos=+87.39 wrist_flex.pos=+72.09 wrist_roll.pos=-1.14 gripper.pos=+0.89
DEBUG 2026-09-03 08:13:01 [action #7] t=2.04s step=6 queue=44 dmax=0.138 | shoulder_pan.pos=-4.61 shoulder_lift.pos=-101.34 elbow_flex.pos=+87.41 wrist_flex.pos=+72.05 wrist_roll.pos=-1.23 gripper.pos=+0.98
DEBUG 2026-09-03 08:13:01 [action #8] t=2.07s step=7 queue=43 dmax=0.590 | shoulder_pan.pos=-4.49 shoulder_lift.pos=-101.93 elbow_flex.pos=+87.54 wrist_flex.pos=+71.74 wrist_roll.pos=-1.16 gripper.pos=+0.83
DEBUG 2026-09-03 08:13:01 [action #9] t=2.11s step=8 queue=42 dmax=0.295 | shoulder_pan.pos=-4.56 shoulder_lift.pos=-101.77 elbow_flex.pos=+87.25 wrist_flex.pos=+71.45 wrist_roll.pos=-1.14 gripper.pos=+0.85
DEBUG 2026-09-03 08:13:01 [action #10] t=2.14s step=9 queue=41 dmax=0.396 | shoulder_pan.pos=-4.64 shoulder_lift.pos=-101.63 elbow_flex.pos=+87.09 wrist_flex.pos=+71.05 wrist_roll.pos=-1.13 gripper.pos=+0.81
DEBUG 2026-09-03 08:13:01 [action #11] t=2.17s step=10 queue=40 dmax=0.639 | shoulder_pan.pos=-4.62 shoulder_lift.pos=-100.99 elbow_flex.pos=+86.87 wrist_flex.pos=+70.60 wrist_roll.pos=-1.13 gripper.pos=+0.74
DEBUG 2026-09-03 08:13:01 [action #12] t=2.21s step=11 queue=39 dmax=0.792 | shoulder_pan.pos=-4.83 shoulder_lift.pos=-101.78 elbow_flex.pos=+87.51 wrist_flex.pos=+70.16 wrist_roll.pos=-1.20 gripper.pos=+0.84
DEBUG 2026-09-03 08:13:01 [action #13] t=2.24s step=12 queue=38 dmax=0.295 | shoulder_pan.pos=-4.78 shoulder_lift.pos=-101.83 elbow_flex.pos=+87.41 wrist_flex.pos=+69.86 wrist_roll.pos=-1.09 gripper.pos=+0.85
DEBUG 2026-09-03 08:13:01 [action #14] t=2.27s step=13 queue=37 dmax=0.807 | shoulder_pan.pos=-4.93 shoulder_lift.pos=-101.55 elbow_flex.pos=+86.60 wrist_flex.pos=+69.62 wrist_roll.pos=-1.17 gripper.pos=+0.94
DEBUG 2026-09-03 08:13:01 [action #15] t=2.31s step=14 queue=36 dmax=0.481 | shoulder_pan.pos=-4.76 shoulder_lift.pos=-101.43 elbow_flex.pos=+86.81 wrist_flex.pos=+69.14 wrist_roll.pos=-1.16 gripper.pos=+0.82
DEBUG 2026-09-03 08:13:02 [action #16] t=2.34s step=15 queue=35 dmax=0.487 | shoulder_pan.pos=-4.87 shoulder_lift.pos=-101.64 elbow_flex.pos=+86.32 wrist_flex.pos=+69.01 wrist_roll.pos=-1.10 gripper.pos=+0.86
DEBUG 2026-09-03 08:13:02 [action #17] t=2.38s step=16 queue=34 dmax=0.345 | shoulder_pan.pos=-4.83 shoulder_lift.pos=-101.38 elbow_flex.pos=+86.46 wrist_flex.pos=+68.66 wrist_roll.pos=-1.13 gripper.pos=+0.89
DEBUG 2026-09-03 08:13:02 [action #18] t=2.41s step=17 queue=33 dmax=0.564 | shoulder_pan.pos=-4.90 shoulder_lift.pos=-101.94 elbow_flex.pos=+87.01 wrist_flex.pos=+68.10 wrist_roll.pos=-1.12 gripper.pos=+0.93
DEBUG 2026-09-03 08:13:02 [action #19] t=2.44s step=18 queue=32 dmax=1.049 | shoulder_pan.pos=-4.88 shoulder_lift.pos=-100.89 elbow_flex.pos=+86.97 wrist_flex.pos=+67.64 wrist_roll.pos=-1.11 gripper.pos=+0.92
DEBUG 2026-09-03 08:13:02 [action #20] t=2.48s step=19 queue=31 dmax=0.555 | shoulder_pan.pos=-4.86 shoulder_lift.pos=-101.44 elbow_flex.pos=+86.43 wrist_flex.pos=+67.47 wrist_roll.pos=-1.20 gripper.pos=+0.98
DEBUG 2026-09-03 08:13:02 [action #21] t=2.51s step=20 queue=30 dmax=0.680 | shoulder_pan.pos=-4.98 shoulder_lift.pos=-102.12 elbow_flex.pos=+86.33 wrist_flex.pos=+67.07 wrist_roll.pos=-1.03 gripper.pos=+0.91
DEBUG 2026-09-03 08:13:02 [action #22] t=2.54s step=21 queue=29 dmax=0.315 | shoulder_pan.pos=-5.05 shoulder_lift.pos=-101.81 elbow_flex.pos=+86.45 wrist_flex.pos=+67.03 wrist_roll.pos=-1.08 gripper.pos=+0.88
DEBUG 2026-09-03 08:13:02 [action #23] t=2.58s step=22 queue=28 dmax=0.439 | shoulder_pan.pos=-5.14 shoulder_lift.pos=-101.37 elbow_flex.pos=+86.02 wrist_flex.pos=+66.91 wrist_roll.pos=-1.13 gripper.pos=+0.90
DEBUG 2026-09-03 08:13:02 [action #24] t=2.61s step=23 queue=27 dmax=0.493 | shoulder_pan.pos=-5.52 shoulder_lift.pos=-101.86 elbow_flex.pos=+85.76 wrist_flex.pos=+67.10 wrist_roll.pos=-1.13 gripper.pos=+0.99
DEBUG 2026-09-03 08:13:02 [action #25] t=2.64s step=24 queue=26 dmax=0.332 | shoulder_pan.pos=-5.58 shoulder_lift.pos=-101.53 elbow_flex.pos=+85.53 wrist_flex.pos=+66.87 wrist_roll.pos=-1.10 gripper.pos=+0.99
DEBUG 2026-09-03 08:13:02 [action #26] t=2.68s step=25 queue=25 dmax=0.559 | shoulder_pan.pos=-6.14 shoulder_lift.pos=-101.82 elbow_flex.pos=+85.49 wrist_flex.pos=+66.88 wrist_roll.pos=-1.07 gripper.pos=+0.94
DEBUG 2026-09-03 08:13:02 [action #27] t=2.71s step=26 queue=24 dmax=0.346 | shoulder_pan.pos=-6.49 shoulder_lift.pos=-101.74 elbow_flex.pos=+85.55 wrist_flex.pos=+66.74 wrist_roll.pos=-1.15 gripper.pos=+1.00
DEBUG 2026-09-03 08:13:02 [action #28] t=2.74s step=27 queue=23 dmax=0.526 | shoulder_pan.pos=-7.01 shoulder_lift.pos=-101.62 elbow_flex.pos=+85.44 wrist_flex.pos=+66.74 wrist_roll.pos=-1.16 gripper.pos=+1.02
DEBUG 2026-09-03 08:13:02 [action #29] t=2.78s step=28 queue=22 dmax=0.546 | shoulder_pan.pos=-7.17 shoulder_lift.pos=-101.56 elbow_flex.pos=+84.90 wrist_flex.pos=+66.80 wrist_roll.pos=-1.12 gripper.pos=+1.05
DEBUG 2026-09-03 08:13:02 [action #30] t=2.81s step=29 queue=21 dmax=0.498 | shoulder_pan.pos=-7.67 shoulder_lift.pos=-101.58 elbow_flex.pos=+84.46 wrist_flex.pos=+66.83 wrist_roll.pos=-1.17 gripper.pos=+0.93
DEBUG 2026-09-03 08:13:02 [action #31] t=2.84s step=30 queue=20 dmax=0.335 | shoulder_pan.pos=-8.00 shoulder_lift.pos=-101.26 elbow_flex.pos=+84.22 wrist_flex.pos=+67.06 wrist_roll.pos=-1.19 gripper.pos=+1.01
DEBUG 2026-09-03 08:13:02 [action #32] t=2.88s step=31 queue=19 dmax=0.608 | shoulder_pan.pos=-8.18 shoulder_lift.pos=-101.48 elbow_flex.pos=+84.82 wrist_flex.pos=+66.98 wrist_roll.pos=-1.22 gripper.pos=+1.01
DEBUG 2026-09-03 08:13:02 [chunk] received 50 actions, timesteps 3..52 | first: shoulder_pan.pos=-4.50 shoulder_lift.pos=-101.73 elbow_flex.pos=+88.24 wrist_flex.pos=+71.25 wrist_roll.pos=-0.98 gripper.pos=+1.09 | last: shoulder_pan.pos=-6.07 shoulder_lift.pos=-96.12 elbow_flex.pos=+71.79 wrist_flex.pos=+69.65 wrist_roll.pos=-1.65 gripper.pos=+0.94
DEBUG 2026-09-03 08:13:02 [action #33] t=2.91s step=32 queue=21 dmax=3.898 | shoulder_pan.pos=-6.21 shoulder_lift.pos=-101.24 elbow_flex.pos=+80.93 wrist_flex.pos=+68.37 wrist_roll.pos=-0.82 gripper.pos=+1.03
DEBUG 2026-09-03 08:13:02 [action #34] t=2.94s step=33 queue=20 dmax=0.123 | shoulder_pan.pos=-6.29 shoulder_lift.pos=-101.29 elbow_flex.pos=+80.80 wrist_flex.pos=+68.45 wrist_roll.pos=-0.81 gripper.pos=+1.02
DEBUG 2026-09-03 08:13:02 [action #35] t=2.98s step=34 queue=19 dmax=0.758 | shoulder_pan.pos=-6.17 shoulder_lift.pos=-101.22 elbow_flex.pos=+80.05 wrist_flex.pos=+68.57 wrist_roll.pos=-0.86 gripper.pos=+0.87
DEBUG 2026-09-03 08:13:02 [action #36] t=3.01s step=35 queue=18 dmax=0.176 | shoulder_pan.pos=-6.08 shoulder_lift.pos=-101.40 elbow_flex.pos=+79.91 wrist_flex.pos=+68.56 wrist_roll.pos=-0.86 gripper.pos=+0.97
DEBUG 2026-09-03 08:13:02 [action #37] t=3.04s step=36 queue=17 dmax=0.520 | shoulder_pan.pos=-5.96 shoulder_lift.pos=-100.88 elbow_flex.pos=+79.46 wrist_flex.pos=+68.56 wrist_roll.pos=-0.87 gripper.pos=+0.96
DEBUG 2026-09-03 08:13:02 [action #38] t=3.08s step=37 queue=16 dmax=0.579 | shoulder_pan.pos=-6.04 shoulder_lift.pos=-100.96 elbow_flex.pos=+78.89 wrist_flex.pos=+68.68 wrist_roll.pos=-0.89 gripper.pos=+0.95
DEBUG 2026-09-03 08:13:02 [action #39] t=3.11s step=38 queue=15 dmax=0.259 | shoulder_pan.pos=-6.11 shoulder_lift.pos=-101.22 elbow_flex.pos=+79.00 wrist_flex.pos=+68.64 wrist_roll.pos=-0.89 gripper.pos=+0.99
DEBUG 2026-09-03 08:13:02 [action #40] t=3.15s step=39 queue=14 dmax=0.554 | shoulder_pan.pos=-5.90 shoulder_lift.pos=-100.86 elbow_flex.pos=+78.45 wrist_flex.pos=+68.60 wrist_roll.pos=-0.89 gripper.pos=+1.02
DEBUG 2026-09-03 08:13:02 [action #41] t=3.18s step=40 queue=13 dmax=0.331 | shoulder_pan.pos=-5.78 shoulder_lift.pos=-100.52 elbow_flex.pos=+78.40 wrist_flex.pos=+68.69 wrist_roll.pos=-0.90 gripper.pos=+1.02
DEBUG 2026-09-03 08:13:02 [action #42] t=3.21s step=41 queue=12 dmax=0.569 | shoulder_pan.pos=-6.03 shoulder_lift.pos=-101.02 elbow_flex.pos=+77.83 wrist_flex.pos=+68.78 wrist_roll.pos=-0.96 gripper.pos=+0.98
DEBUG 2026-09-03 08:13:02 [action #43] t=3.25s step=42 queue=11 dmax=0.088 | shoulder_pan.pos=-5.94 shoulder_lift.pos=-101.05 elbow_flex.pos=+77.85 wrist_flex.pos=+68.74 wrist_roll.pos=-0.89 gripper.pos=+0.93
DEBUG 2026-09-03 08:13:02 [action #44] t=3.28s step=43 queue=10 dmax=0.472 | shoulder_pan.pos=-6.32 shoulder_lift.pos=-100.58 elbow_flex.pos=+77.49 wrist_flex.pos=+68.72 wrist_roll.pos=-1.01 gripper.pos=+1.01
DEBUG 2026-09-03 08:13:02 [action #45] t=3.31s step=44 queue=9 dmax=0.680 | shoulder_pan.pos=-5.94 shoulder_lift.pos=-100.41 elbow_flex.pos=+76.81 wrist_flex.pos=+68.80 wrist_roll.pos=-1.05 gripper.pos=+1.03
DEBUG 2026-09-03 08:13:03 [action #46] t=3.35s step=45 queue=8 dmax=0.165 | shoulder_pan.pos=-5.98 shoulder_lift.pos=-100.24 elbow_flex.pos=+76.71 wrist_flex.pos=+68.72 wrist_roll.pos=-1.03 gripper.pos=+0.99
DEBUG 2026-09-03 08:13:03 [action #47] t=3.38s step=46 queue=7 dmax=0.457 | shoulder_pan.pos=-6.03 shoulder_lift.pos=-100.19 elbow_flex.pos=+76.25 wrist_flex.pos=+68.78 wrist_roll.pos=-1.09 gripper.pos=+1.09
DEBUG 2026-09-03 08:13:03 [action #48] t=3.41s step=47 queue=6 dmax=0.441 | shoulder_pan.pos=-5.97 shoulder_lift.pos=-99.75 elbow_flex.pos=+75.94 wrist_flex.pos=+68.89 wrist_roll.pos=-1.09 gripper.pos=+0.97
DEBUG 2026-09-03 08:13:03 [action #49] t=3.45s step=48 queue=5 dmax=0.429 | shoulder_pan.pos=-5.73 shoulder_lift.pos=-99.32 elbow_flex.pos=+75.55 wrist_flex.pos=+68.91 wrist_roll.pos=-1.14 gripper.pos=+1.00
DEBUG 2026-09-03 08:13:03 [action #50] t=3.48s step=49 queue=4 dmax=0.825 | shoulder_pan.pos=-5.77 shoulder_lift.pos=-98.58 elbow_flex.pos=+74.73 wrist_flex.pos=+68.77 wrist_roll.pos=-1.13 gripper.pos=+0.89
DEBUG 2026-09-03 08:13:03 [action #51] t=3.51s step=50 queue=3 dmax=1.163 | shoulder_pan.pos=-5.59 shoulder_lift.pos=-98.31 elbow_flex.pos=+73.56 wrist_flex.pos=+69.78 wrist_roll.pos=-1.20 gripper.pos=+0.97
DEBUG 2026-09-03 08:13:03 [action #52] t=3.55s step=51 queue=2 dmax=1.508 | shoulder_pan.pos=-5.61 shoulder_lift.pos=-96.81 elbow_flex.pos=+72.96 wrist_flex.pos=+69.74 wrist_roll.pos=-1.38 gripper.pos=+1.03
DEBUG 2026-09-03 08:13:03 [action #53] t=3.58s step=52 queue=1 dmax=1.177 | shoulder_pan.pos=-6.07 shoulder_lift.pos=-96.12 elbow_flex.pos=+71.79 wrist_flex.pos=+69.65 wrist_roll.pos=-1.65 gripper.pos=+0.94
DEBUG 2026-09-03 08:13:03 [chunk] received 50 actions, timesteps 30..79 | first: shoulder_pan.pos=-6.82 shoulder_lift.pos=-101.07 elbow_flex.pos=+84.60 wrist_flex.pos=+67.51 wrist_roll.pos=-1.01 gripper.pos=+1.09 | last: shoulder_pan.pos=-6.44 shoulder_lift.pos=-63.37 elbow_flex.pos=+58.38 wrist_flex.pos=+64.41 wrist_roll.pos=-2.00 gripper.pos=+0.59
DEBUG 2026-09-03 08:13:03 [action #54] t=3.85s step=53 queue=27 dmax=7.990 | shoulder_pan.pos=-7.01 shoulder_lift.pos=-101.17 elbow_flex.pos=+79.78 wrist_flex.pos=+68.89 wrist_roll.pos=-0.54 gripper.pos=+0.73
DEBUG 2026-09-03 08:13:03 [action #55] t=3.88s step=54 queue=26 dmax=0.196 | shoulder_pan.pos=-6.97 shoulder_lift.pos=-101.09 elbow_flex.pos=+79.58 wrist_flex.pos=+69.07 wrist_roll.pos=-0.46 gripper.pos=+0.77
DEBUG 2026-09-03 08:13:03 [action #56] t=3.91s step=55 queue=25 dmax=0.246 | shoulder_pan.pos=-7.22 shoulder_lift.pos=-101.29 elbow_flex.pos=+79.43 wrist_flex.pos=+69.30 wrist_roll.pos=-0.39 gripper.pos=+0.74
DEBUG 2026-09-03 08:13:03 [action #57] t=3.95s step=56 queue=24 dmax=0.253 | shoulder_pan.pos=-6.97 shoulder_lift.pos=-101.04 elbow_flex.pos=+79.36 wrist_flex.pos=+69.46 wrist_roll.pos=-0.40 gripper.pos=+0.65
DEBUG 2026-09-03 08:13:03 [action #58] t=3.98s step=57 queue=23 dmax=0.287 | shoulder_pan.pos=-7.14 shoulder_lift.pos=-100.92 elbow_flex.pos=+79.07 wrist_flex.pos=+69.49 wrist_roll.pos=-0.34 gripper.pos=+0.60
DEBUG 2026-09-03 08:13:03 [action #59] t=4.02s step=58 queue=22 dmax=0.580 | shoulder_pan.pos=-7.05 shoulder_lift.pos=-100.42 elbow_flex.pos=+78.49 wrist_flex.pos=+69.54 wrist_roll.pos=-0.37 gripper.pos=+0.65
DEBUG 2026-09-03 08:13:03 [action #60] t=4.05s step=59 queue=21 dmax=0.491 | shoulder_pan.pos=-6.82 shoulder_lift.pos=-99.93 elbow_flex.pos=+78.32 wrist_flex.pos=+69.29 wrist_roll.pos=-0.43 gripper.pos=+0.66
DEBUG 2026-09-03 08:13:03 [action #61] t=4.08s step=60 queue=20 dmax=0.717 | shoulder_pan.pos=-6.99 shoulder_lift.pos=-99.21 elbow_flex.pos=+78.19 wrist_flex.pos=+69.08 wrist_roll.pos=-0.47 gripper.pos=+0.53
DEBUG 2026-09-03 08:13:03 [action #62] t=4.12s step=61 queue=19 dmax=1.512 | shoulder_pan.pos=-7.15 shoulder_lift.pos=-97.70 elbow_flex.pos=+77.93 wrist_flex.pos=+68.65 wrist_roll.pos=-0.40 gripper.pos=+0.55
DEBUG 2026-09-03 08:13:03 [action #63] t=4.15s step=62 queue=18 dmax=1.338 | shoulder_pan.pos=-6.81 shoulder_lift.pos=-96.36 elbow_flex.pos=+76.99 wrist_flex.pos=+68.08 wrist_roll.pos=-0.57 gripper.pos=+0.74
DEBUG 2026-09-03 08:13:03 [action #64] t=4.18s step=63 queue=17 dmax=2.559 | shoulder_pan.pos=-7.34 shoulder_lift.pos=-93.80 elbow_flex.pos=+76.62 wrist_flex.pos=+67.56 wrist_roll.pos=-0.61 gripper.pos=+0.64
DEBUG 2026-09-03 08:13:03 [action #65] t=4.22s step=64 queue=16 dmax=1.862 | shoulder_pan.pos=-7.11 shoulder_lift.pos=-91.94 elbow_flex.pos=+75.12 wrist_flex.pos=+66.68 wrist_roll.pos=-0.78 gripper.pos=+0.69
DEBUG 2026-09-03 08:13:03 [action #66] t=4.25s step=65 queue=15 dmax=2.646 | shoulder_pan.pos=-7.07 shoulder_lift.pos=-89.30 elbow_flex.pos=+73.63 wrist_flex.pos=+66.32 wrist_roll.pos=-0.99 gripper.pos=+0.72
DEBUG 2026-09-03 08:13:03 [action #67] t=4.28s step=66 queue=14 dmax=2.443 | shoulder_pan.pos=-6.97 shoulder_lift.pos=-86.85 elbow_flex.pos=+72.30 wrist_flex.pos=+65.84 wrist_roll.pos=-1.05 gripper.pos=+0.67
DEBUG 2026-09-03 08:13:03 [action #68] t=4.32s step=67 queue=13 dmax=3.022 | shoulder_pan.pos=-6.78 shoulder_lift.pos=-83.83 elbow_flex.pos=+70.36 wrist_flex.pos=+65.35 wrist_roll.pos=-1.19 gripper.pos=+0.61
DEBUG 2026-09-03 08:13:04 [action #69] t=4.35s step=68 queue=12 dmax=2.235 | shoulder_pan.pos=-6.84 shoulder_lift.pos=-81.60 elbow_flex.pos=+69.28 wrist_flex.pos=+65.10 wrist_roll.pos=-1.36 gripper.pos=+0.50
DEBUG 2026-09-03 08:13:04 [action #70] t=4.38s step=69 queue=11 dmax=2.522 | shoulder_pan.pos=-7.02 shoulder_lift.pos=-79.07 elbow_flex.pos=+68.37 wrist_flex.pos=+65.08 wrist_roll.pos=-1.39 gripper.pos=+0.48
DEBUG 2026-09-03 08:13:04 [action #71] t=4.42s step=70 queue=10 dmax=2.089 | shoulder_pan.pos=-6.97 shoulder_lift.pos=-76.98 elbow_flex.pos=+66.78 wrist_flex.pos=+64.52 wrist_roll.pos=-1.31 gripper.pos=+0.43
DEBUG 2026-09-03 08:13:04 [action #72] t=4.45s step=71 queue=9 dmax=2.181 | shoulder_pan.pos=-6.95 shoulder_lift.pos=-74.80 elbow_flex.pos=+65.23 wrist_flex.pos=+64.61 wrist_roll.pos=-1.52 gripper.pos=+0.52
DEBUG 2026-09-03 08:13:04 [action #73] t=4.48s step=72 queue=8 dmax=1.945 | shoulder_pan.pos=-6.81 shoulder_lift.pos=-72.86 elbow_flex.pos=+64.17 wrist_flex.pos=+64.52 wrist_roll.pos=-1.57 gripper.pos=+0.58
DEBUG 2026-09-03 08:13:04 [action #74] t=4.52s step=73 queue=7 dmax=1.429 | shoulder_pan.pos=-6.88 shoulder_lift.pos=-71.43 elbow_flex.pos=+63.20 wrist_flex.pos=+64.52 wrist_roll.pos=-1.78 gripper.pos=+0.56
DEBUG 2026-09-03 08:13:04 [action #75] t=4.55s step=74 queue=6 dmax=1.593 | shoulder_pan.pos=-6.79 shoulder_lift.pos=-69.84 elbow_flex.pos=+62.37 wrist_flex.pos=+64.43 wrist_roll.pos=-1.75 gripper.pos=+0.51
DEBUG 2026-09-03 08:13:04 [action #76] t=4.58s step=75 queue=5 dmax=1.668 | shoulder_pan.pos=-6.73 shoulder_lift.pos=-68.17 elbow_flex.pos=+60.93 wrist_flex.pos=+64.30 wrist_roll.pos=-1.94 gripper.pos=+0.41
DEBUG 2026-09-03 08:13:04 [action #77] t=4.62s step=76 queue=4 dmax=1.359 | shoulder_pan.pos=-6.57 shoulder_lift.pos=-66.81 elbow_flex.pos=+60.63 wrist_flex.pos=+64.45 wrist_roll.pos=-2.02 gripper.pos=+0.63
DEBUG 2026-09-03 08:13:04 [chunk] received 50 actions, timesteps 52..101 | first: shoulder_pan.pos=-5.64 shoulder_lift.pos=-88.57 elbow_flex.pos=+67.92 wrist_flex.pos=+67.32 wrist_roll.pos=-1.37 gripper.pos=+0.98 | last: shoulder_pan.pos=-10.01 shoulder_lift.pos=-31.98 elbow_flex.pos=+42.34 wrist_flex.pos=+72.35 wrist_roll.pos=-0.78 gripper.pos=+33.07
DEBUG 2026-09-03 08:13:04 [action #78] t=4.65s step=77 queue=25 dmax=15.967 | shoulder_pan.pos=-8.17 shoulder_lift.pos=-50.84 elbow_flex.pos=+50.26 wrist_flex.pos=+68.87 wrist_roll.pos=-2.79 gripper.pos=+15.71
DEBUG 2026-09-03 08:13:04 [action #79] t=4.68s step=78 queue=24 dmax=0.560 | shoulder_pan.pos=-8.33 shoulder_lift.pos=-50.28 elbow_flex.pos=+50.03 wrist_flex.pos=+69.17 wrist_roll.pos=-2.85 gripper.pos=+16.13
DEBUG 2026-09-03 08:13:04 [action #80] t=4.72s step=79 queue=23 dmax=1.130 | shoulder_pan.pos=-8.26 shoulder_lift.pos=-49.62 elbow_flex.pos=+48.90 wrist_flex.pos=+69.39 wrist_roll.pos=-2.70 gripper.pos=+16.50
DEBUG 2026-09-03 08:13:04 [action #81] t=4.75s step=80 queue=22 dmax=7.374 | shoulder_pan.pos=-9.09 shoulder_lift.pos=-43.32 elbow_flex.pos=+44.30 wrist_flex.pos=+71.85 wrist_roll.pos=-3.04 gripper.pos=+23.87
DEBUG 2026-09-03 08:13:04 [action #82] t=4.78s step=81 queue=21 dmax=1.381 | shoulder_pan.pos=-9.38 shoulder_lift.pos=-41.94 elbow_flex.pos=+44.46 wrist_flex.pos=+71.94 wrist_roll.pos=-3.00 gripper.pos=+24.10
DEBUG 2026-09-03 08:13:04 [action #83] t=4.82s step=82 queue=20 dmax=0.435 | shoulder_pan.pos=-9.34 shoulder_lift.pos=-41.98 elbow_flex.pos=+44.02 wrist_flex.pos=+71.87 wrist_roll.pos=-3.01 gripper.pos=+24.17
DEBUG 2026-09-03 08:13:04 [action #84] t=4.85s step=83 queue=19 dmax=1.291 | shoulder_pan.pos=-9.02 shoulder_lift.pos=-40.69 elbow_flex.pos=+44.23 wrist_flex.pos=+71.76 wrist_roll.pos=-2.97 gripper.pos=+24.28
DEBUG 2026-09-03 08:13:04 [action #85] t=4.89s step=84 queue=18 dmax=0.842 | shoulder_pan.pos=-9.35 shoulder_lift.pos=-39.85 elbow_flex.pos=+44.08 wrist_flex.pos=+71.70 wrist_roll.pos=-2.93 gripper.pos=+24.47
DEBUG 2026-09-03 08:13:04 [action #86] t=4.92s step=85 queue=17 dmax=1.252 | shoulder_pan.pos=-9.29 shoulder_lift.pos=-38.59 elbow_flex.pos=+43.40 wrist_flex.pos=+71.57 wrist_roll.pos=-2.90 gripper.pos=+24.79
DEBUG 2026-09-03 08:13:04 [action #87] t=4.95s step=86 queue=16 dmax=0.895 | shoulder_pan.pos=-9.44 shoulder_lift.pos=-38.07 elbow_flex.pos=+42.51 wrist_flex.pos=+71.60 wrist_roll.pos=-2.85 gripper.pos=+25.58
DEBUG 2026-09-03 08:13:04 [action #88] t=4.99s step=87 queue=15 dmax=1.156 | shoulder_pan.pos=-9.36 shoulder_lift.pos=-38.06 elbow_flex.pos=+43.28 wrist_flex.pos=+71.71 wrist_roll.pos=-2.74 gripper.pos=+26.74
DEBUG 2026-09-03 08:13:04 [action #89] t=5.02s step=88 queue=14 dmax=1.709 | shoulder_pan.pos=-9.43 shoulder_lift.pos=-37.20 elbow_flex.pos=+43.00 wrist_flex.pos=+71.77 wrist_roll.pos=-2.57 gripper.pos=+28.45
DEBUG 2026-09-03 08:13:04 [action #90] t=5.05s step=89 queue=13 dmax=1.099 | shoulder_pan.pos=-9.48 shoulder_lift.pos=-36.33 elbow_flex.pos=+42.74 wrist_flex.pos=+71.68 wrist_roll.pos=-2.32 gripper.pos=+29.55
DEBUG 2026-09-03 08:13:04 [action #91] t=5.09s step=90 queue=12 dmax=0.923 | shoulder_pan.pos=-9.63 shoulder_lift.pos=-36.18 elbow_flex.pos=+42.64 wrist_flex.pos=+71.75 wrist_roll.pos=-2.16 gripper.pos=+30.47
DEBUG 2026-09-03 08:13:04 [action #92] t=5.12s step=91 queue=11 dmax=0.548 | shoulder_pan.pos=-9.57 shoulder_lift.pos=-35.63 elbow_flex.pos=+42.81 wrist_flex.pos=+71.76 wrist_roll.pos=-2.07 gripper.pos=+30.75
DEBUG 2026-09-03 08:13:04 [action #93] t=5.15s step=92 queue=10 dmax=0.404 | shoulder_pan.pos=-9.65 shoulder_lift.pos=-35.40 elbow_flex.pos=+42.50 wrist_flex.pos=+71.65 wrist_roll.pos=-1.82 gripper.pos=+31.15
DEBUG 2026-09-03 08:13:04 [action #94] t=5.19s step=93 queue=9 dmax=0.525 | shoulder_pan.pos=-9.53 shoulder_lift.pos=-35.37 elbow_flex.pos=+43.03 wrist_flex.pos=+71.68 wrist_roll.pos=-1.67 gripper.pos=+31.33
DEBUG 2026-09-03 08:13:04 [action #95] t=5.22s step=94 queue=8 dmax=0.294 | shoulder_pan.pos=-9.56 shoulder_lift.pos=-35.40 elbow_flex.pos=+42.73 wrist_flex.pos=+71.77 wrist_roll.pos=-1.55 gripper.pos=+31.33
DEBUG 2026-09-03 08:13:04 [action #96] t=5.25s step=95 queue=7 dmax=0.838 | shoulder_pan.pos=-9.58 shoulder_lift.pos=-34.56 elbow_flex.pos=+42.98 wrist_flex.pos=+71.64 wrist_roll.pos=-1.31 gripper.pos=+31.33
DEBUG 2026-09-03 08:13:04 [action #97] t=5.29s step=96 queue=6 dmax=0.510 | shoulder_pan.pos=-9.71 shoulder_lift.pos=-34.08 elbow_flex.pos=+42.47 wrist_flex.pos=+71.63 wrist_roll.pos=-1.17 gripper.pos=+31.50
DEBUG 2026-09-03 08:13:04 [action #98] t=5.32s step=97 queue=5 dmax=0.237 | shoulder_pan.pos=-9.83 shoulder_lift.pos=-33.85 elbow_flex.pos=+42.71 wrist_flex.pos=+71.76 wrist_roll.pos=-1.11 gripper.pos=+31.67
DEBUG 2026-09-03 08:13:05 [action #99] t=5.35s step=98 queue=4 dmax=0.344 | shoulder_pan.pos=-9.90 shoulder_lift.pos=-33.51 elbow_flex.pos=+42.66 wrist_flex.pos=+71.86 wrist_roll.pos=-1.04 gripper.pos=+31.97
DEBUG 2026-09-03 08:13:05 [action #100] t=5.39s step=99 queue=3 dmax=0.453 | shoulder_pan.pos=-10.01 shoulder_lift.pos=-33.54 elbow_flex.pos=+42.92 wrist_flex.pos=+72.10 wrist_roll.pos=-0.89 gripper.pos=+32.43
DEBUG 2026-09-03 08:13:05 [action #101] t=5.42s step=100 queue=2 dmax=0.955 | shoulder_pan.pos=-9.97 shoulder_lift.pos=-32.59 elbow_flex.pos=+42.72 wrist_flex.pos=+72.19 wrist_roll.pos=-0.82 gripper.pos=+32.74
DEBUG 2026-09-03 08:13:05 [action #102] t=5.45s step=101 queue=1 dmax=0.613 | shoulder_pan.pos=-10.01 shoulder_lift.pos=-31.98 elbow_flex.pos=+42.34 wrist_flex.pos=+72.35 wrist_roll.pos=-0.78 gripper.pos=+33.07
DEBUG 2026-09-03 08:13:05 [chunk] received 50 actions, timesteps 76..125 | first: shoulder_pan.pos=-5.84 shoulder_lift.pos=-62.54 elbow_flex.pos=+58.67 wrist_flex.pos=+66.33 wrist_roll.pos=-1.86 gripper.pos=+1.10 | last: shoulder_pan.pos=-8.33 shoulder_lift.pos=-19.47 elbow_flex.pos=+39.51 wrist_flex.pos=+67.36 wrist_roll.pos=-2.13 gripper.pos=+34.93
DEBUG 2026-09-03 08:13:05 [action #103] t=5.55s step=102 queue=24 dmax=4.030 | shoulder_pan.pos=-7.11 shoulder_lift.pos=-34.05 elbow_flex.pos=+43.63 wrist_flex.pos=+69.62 wrist_roll.pos=-2.79 gripper.pos=+29.04
DEBUG 2026-09-03 08:13:05 [action #104] t=5.59s step=103 queue=23 dmax=0.752 | shoulder_pan.pos=-7.18 shoulder_lift.pos=-33.30 elbow_flex.pos=+43.45 wrist_flex.pos=+69.79 wrist_roll.pos=-2.66 gripper.pos=+29.09
DEBUG 2026-09-03 08:13:05 [action #105] t=5.62s step=104 queue=22 dmax=0.607 | shoulder_pan.pos=-7.18 shoulder_lift.pos=-32.96 elbow_flex.pos=+42.84 wrist_flex.pos=+69.70 wrist_roll.pos=-2.72 gripper.pos=+29.23
DEBUG 2026-09-03 08:13:05 [action #106] t=5.65s step=105 queue=21 dmax=1.199 | shoulder_pan.pos=-7.19 shoulder_lift.pos=-31.76 elbow_flex.pos=+42.65 wrist_flex.pos=+69.83 wrist_roll.pos=-2.63 gripper.pos=+29.20
DEBUG 2026-09-03 08:13:05 [action #107] t=5.69s step=106 queue=20 dmax=1.384 | shoulder_pan.pos=-7.19 shoulder_lift.pos=-30.37 elbow_flex.pos=+41.86 wrist_flex.pos=+69.65 wrist_roll.pos=-2.73 gripper.pos=+29.10
DEBUG 2026-09-03 08:13:05 [action #108] t=5.72s step=107 queue=19 dmax=0.437 | shoulder_pan.pos=-7.63 shoulder_lift.pos=-30.24 elbow_flex.pos=+41.93 wrist_flex.pos=+69.86 wrist_roll.pos=-2.55 gripper.pos=+29.52
DEBUG 2026-09-03 08:13:05 [action #109] t=5.75s step=108 queue=18 dmax=1.171 | shoulder_pan.pos=-7.74 shoulder_lift.pos=-29.07 elbow_flex.pos=+41.93 wrist_flex.pos=+70.03 wrist_roll.pos=-2.58 gripper.pos=+30.02
DEBUG 2026-09-03 08:13:05 [action #110] t=5.79s step=109 queue=17 dmax=0.796 | shoulder_pan.pos=-7.85 shoulder_lift.pos=-29.35 elbow_flex.pos=+41.64 wrist_flex.pos=+69.75 wrist_roll.pos=-2.65 gripper.pos=+30.82
DEBUG 2026-09-03 08:13:05 [action #111] t=5.82s step=110 queue=16 dmax=1.141 | shoulder_pan.pos=-7.82 shoulder_lift.pos=-28.82 elbow_flex.pos=+41.52 wrist_flex.pos=+69.76 wrist_roll.pos=-2.56 gripper.pos=+31.96
DEBUG 2026-09-03 08:13:05 [action #112] t=5.86s step=111 queue=15 dmax=0.842 | shoulder_pan.pos=-8.09 shoulder_lift.pos=-27.98 elbow_flex.pos=+41.65 wrist_flex.pos=+69.50 wrist_roll.pos=-2.61 gripper.pos=+32.77
DEBUG 2026-09-03 08:13:05 [action #113] t=5.89s step=112 queue=14 dmax=0.629 | shoulder_pan.pos=-7.85 shoulder_lift.pos=-27.35 elbow_flex.pos=+41.06 wrist_flex.pos=+69.64 wrist_roll.pos=-2.46 gripper.pos=+33.37
DEBUG 2026-09-03 08:13:05 [action #114] t=5.92s step=113 queue=13 dmax=0.527 | shoulder_pan.pos=-8.05 shoulder_lift.pos=-27.03 elbow_flex.pos=+40.76 wrist_flex.pos=+69.57 wrist_roll.pos=-2.45 gripper.pos=+33.90
DEBUG 2026-09-03 08:13:05 [action #115] t=5.96s step=114 queue=12 dmax=0.560 | shoulder_pan.pos=-8.27 shoulder_lift.pos=-26.47 elbow_flex.pos=+40.93 wrist_flex.pos=+69.48 wrist_roll.pos=-2.47 gripper.pos=+34.18
DEBUG 2026-09-03 08:13:05 [action #116] t=5.99s step=115 queue=11 dmax=0.450 | shoulder_pan.pos=-8.52 shoulder_lift.pos=-26.10 elbow_flex.pos=+40.48 wrist_flex.pos=+69.42 wrist_roll.pos=-2.52 gripper.pos=+34.33
DEBUG 2026-09-03 08:13:05 [action #117] t=6.02s step=116 queue=10 dmax=0.470 | shoulder_pan.pos=-8.39 shoulder_lift.pos=-25.69 elbow_flex.pos=+40.70 wrist_flex.pos=+68.95 wrist_roll.pos=-2.48 gripper.pos=+34.47
DEBUG 2026-09-03 08:13:05 [action #118] t=6.06s step=117 queue=9 dmax=0.803 | shoulder_pan.pos=-8.51 shoulder_lift.pos=-24.89 elbow_flex.pos=+40.55 wrist_flex.pos=+68.87 wrist_roll.pos=-2.40 gripper.pos=+34.37
DEBUG 2026-09-03 08:13:05 [action #119] t=6.09s step=118 queue=8 dmax=0.448 | shoulder_pan.pos=-8.66 shoulder_lift.pos=-24.44 elbow_flex.pos=+40.23 wrist_flex.pos=+68.71 wrist_roll.pos=-2.28 gripper.pos=+34.40
DEBUG 2026-09-03 08:13:05 [action #120] t=6.12s step=119 queue=7 dmax=0.520 | shoulder_pan.pos=-8.63 shoulder_lift.pos=-24.63 elbow_flex.pos=+40.75 wrist_flex.pos=+68.53 wrist_roll.pos=-2.26 gripper.pos=+34.52
DEBUG 2026-09-03 08:13:05 [action #121] t=6.16s step=120 queue=6 dmax=0.841 | shoulder_pan.pos=-8.78 shoulder_lift.pos=-23.78 elbow_flex.pos=+40.33 wrist_flex.pos=+68.13 wrist_roll.pos=-2.38 gripper.pos=+34.70
DEBUG 2026-09-03 08:13:05 [action #122] t=6.19s step=121 queue=5 dmax=0.926 | shoulder_pan.pos=-8.67 shoulder_lift.pos=-22.86 elbow_flex.pos=+40.27 wrist_flex.pos=+68.04 wrist_roll.pos=-2.27 gripper.pos=+34.80
DEBUG 2026-09-03 08:13:05 [action #123] t=6.22s step=122 queue=4 dmax=0.795 | shoulder_pan.pos=-8.63 shoulder_lift.pos=-22.06 elbow_flex.pos=+39.85 wrist_flex.pos=+67.65 wrist_roll.pos=-2.26 gripper.pos=+34.90
DEBUG 2026-09-03 08:13:05 [action #124] t=6.26s step=123 queue=3 dmax=0.433 | shoulder_pan.pos=-8.72 shoulder_lift.pos=-21.63 elbow_flex.pos=+39.63 wrist_flex.pos=+67.67 wrist_roll.pos=-2.13 gripper.pos=+34.81
DEBUG 2026-09-03 08:13:05 [action #125] t=6.29s step=124 queue=2 dmax=1.138 | shoulder_pan.pos=-8.59 shoulder_lift.pos=-20.49 elbow_flex.pos=+39.72 wrist_flex.pos=+67.48 wrist_roll.pos=-2.13 gripper.pos=+35.00
DEBUG 2026-09-03 08:13:05 [action #126] t=6.32s step=125 queue=1 dmax=1.019 | shoulder_pan.pos=-8.33 shoulder_lift.pos=-19.47 elbow_flex.pos=+39.51 wrist_flex.pos=+67.36 wrist_roll.pos=-2.13 gripper.pos=+34.93
DEBUG 2026-09-03 08:13:06 [chunk] received 50 actions, timesteps 101..150 | first: shoulder_pan.pos=-9.24 shoulder_lift.pos=-31.53 elbow_flex.pos=+42.84 wrist_flex.pos=+71.65 wrist_roll.pos=-0.96 gripper.pos=+35.02 | last: shoulder_pan.pos=-8.29 shoulder_lift.pos=-1.59 elbow_flex.pos=+29.49 wrist_flex.pos=+68.21 wrist_roll.pos=-0.54 gripper.pos=+8.13
DEBUG 2026-09-03 08:13:06 [action #127] t=6.46s step=126 queue=25 dmax=14.511 | shoulder_pan.pos=-9.55 shoulder_lift.pos=-4.96 elbow_flex.pos=+30.78 wrist_flex.pos=+70.55 wrist_roll.pos=-0.82 gripper.pos=+35.40
DEBUG 2026-09-03 08:13:06 [action #128] t=6.49s step=127 queue=24 dmax=0.493 | shoulder_pan.pos=-9.52 shoulder_lift.pos=-4.47 elbow_flex.pos=+30.47 wrist_flex.pos=+70.27 wrist_roll.pos=-0.95 gripper.pos=+35.19
DEBUG 2026-09-03 08:13:06 [action #129] t=6.52s step=128 queue=23 dmax=1.265 | shoulder_pan.pos=-9.53 shoulder_lift.pos=-3.20 elbow_flex.pos=+30.05 wrist_flex.pos=+70.53 wrist_roll.pos=-0.81 gripper.pos=+35.15
DEBUG 2026-09-03 08:13:06 [action #130] t=6.56s step=129 queue=22 dmax=0.540 | shoulder_pan.pos=-9.44 shoulder_lift.pos=-2.66 elbow_flex.pos=+29.68 wrist_flex.pos=+70.24 wrist_roll.pos=-0.75 gripper.pos=+35.35
DEBUG 2026-09-03 08:13:06 [action #131] t=6.59s step=130 queue=21 dmax=0.708 | shoulder_pan.pos=-9.55 shoulder_lift.pos=-1.96 elbow_flex.pos=+29.17 wrist_flex.pos=+70.37 wrist_roll.pos=-0.67 gripper.pos=+35.23
DEBUG 2026-09-03 08:13:06 [action #132] t=6.62s step=131 queue=20 dmax=1.008 | shoulder_pan.pos=-9.35 shoulder_lift.pos=-0.95 elbow_flex.pos=+28.34 wrist_flex.pos=+70.19 wrist_roll.pos=-0.68 gripper.pos=+35.30
DEBUG 2026-09-03 08:13:06 [action #133] t=6.66s step=132 queue=19 dmax=0.198 | shoulder_pan.pos=-9.30 shoulder_lift.pos=-0.89 elbow_flex.pos=+28.47 wrist_flex.pos=+69.99 wrist_roll.pos=-0.63 gripper.pos=+35.45
DEBUG 2026-09-03 08:13:06 [action #134] t=6.69s step=133 queue=18 dmax=0.310 | shoulder_pan.pos=-9.27 shoulder_lift.pos=-0.58 elbow_flex.pos=+28.59 wrist_flex.pos=+69.77 wrist_roll.pos=-0.63 gripper.pos=+35.30
DEBUG 2026-09-03 08:13:06 [action #135] t=6.72s step=134 queue=17 dmax=0.218 | shoulder_pan.pos=-9.37 shoulder_lift.pos=-0.37 elbow_flex.pos=+28.43 wrist_flex.pos=+69.79 wrist_roll.pos=-0.58 gripper.pos=+35.08
DEBUG 2026-09-03 08:13:06 [action #136] t=6.76s step=135 queue=16 dmax=0.838 | shoulder_pan.pos=-9.20 shoulder_lift.pos=+0.21 elbow_flex.pos=+28.60 wrist_flex.pos=+69.72 wrist_roll.pos=-0.57 gripper.pos=+34.24
DEBUG 2026-09-03 08:13:06 [action #137] t=6.79s step=136 queue=15 dmax=2.312 | shoulder_pan.pos=-9.17 shoulder_lift.pos=+0.14 elbow_flex.pos=+28.60 wrist_flex.pos=+69.68 wrist_roll.pos=-0.56 gripper.pos=+31.93
DEBUG 2026-09-03 08:13:06 [action #138] t=6.83s step=137 queue=14 dmax=2.844 | shoulder_pan.pos=-8.96 shoulder_lift.pos=+0.19 elbow_flex.pos=+28.27 wrist_flex.pos=+69.32 wrist_roll.pos=-0.53 gripper.pos=+29.09
DEBUG 2026-09-03 08:13:06 [action #139] t=6.86s step=138 queue=13 dmax=2.475 | shoulder_pan.pos=-8.91 shoulder_lift.pos=+0.26 elbow_flex.pos=+28.53 wrist_flex.pos=+69.32 wrist_roll.pos=-0.54 gripper.pos=+26.61
DEBUG 2026-09-03 08:13:06 [action #140] t=6.89s step=139 queue=12 dmax=2.555 | shoulder_pan.pos=-8.63 shoulder_lift.pos=+0.11 elbow_flex.pos=+28.43 wrist_flex.pos=+68.92 wrist_roll.pos=-0.46 gripper.pos=+24.06
DEBUG 2026-09-03 08:13:06 [action #141] t=6.93s step=140 queue=11 dmax=2.353 | shoulder_pan.pos=-8.70 shoulder_lift.pos=-0.54 elbow_flex.pos=+28.86 wrist_flex.pos=+68.69 wrist_roll.pos=-0.52 gripper.pos=+21.70
DEBUG 2026-09-03 08:13:06 [action #142] t=6.96s step=141 queue=10 dmax=2.380 | shoulder_pan.pos=-8.46 shoulder_lift.pos=-0.70 elbow_flex.pos=+29.21 wrist_flex.pos=+68.63 wrist_roll.pos=-0.42 gripper.pos=+19.32
DEBUG 2026-09-03 08:13:06 [action #143] t=6.99s step=142 queue=9 dmax=2.730 | shoulder_pan.pos=-8.60 shoulder_lift.pos=-0.79 elbow_flex.pos=+28.93 wrist_flex.pos=+68.64 wrist_roll.pos=-0.52 gripper.pos=+16.59
DEBUG 2026-09-03 08:13:06 [action #144] t=7.03s step=143 queue=8 dmax=2.593 | shoulder_pan.pos=-8.49 shoulder_lift.pos=-0.55 elbow_flex.pos=+29.24 wrist_flex.pos=+68.68 wrist_roll.pos=-0.45 gripper.pos=+14.00
DEBUG 2026-09-03 08:13:06 [action #145] t=7.06s step=144 queue=7 dmax=2.377 | shoulder_pan.pos=-8.20 shoulder_lift.pos=-1.19 elbow_flex.pos=+29.57 wrist_flex.pos=+68.41 wrist_roll.pos=-0.51 gripper.pos=+11.63
DEBUG 2026-09-03 08:13:06 [action #146] t=7.09s step=145 queue=6 dmax=1.528 | shoulder_pan.pos=-8.03 shoulder_lift.pos=-1.17 elbow_flex.pos=+29.87 wrist_flex.pos=+68.21 wrist_roll.pos=-0.45 gripper.pos=+10.10
DEBUG 2026-09-03 08:13:06 [action #147] t=7.13s step=146 queue=5 dmax=0.957 | shoulder_pan.pos=-8.23 shoulder_lift.pos=-1.81 elbow_flex.pos=+29.84 wrist_flex.pos=+68.06 wrist_roll.pos=-0.53 gripper.pos=+9.14
DEBUG 2026-09-03 08:13:06 [action #148] t=7.16s step=147 queue=4 dmax=0.547 | shoulder_pan.pos=-8.30 shoulder_lift.pos=-1.33 elbow_flex.pos=+29.95 wrist_flex.pos=+68.37 wrist_roll.pos=-0.50 gripper.pos=+8.59
DEBUG 2026-09-03 08:13:06 [action #149] t=7.19s step=148 queue=3 dmax=0.376 | shoulder_pan.pos=-8.52 shoulder_lift.pos=-1.71 elbow_flex.pos=+29.92 wrist_flex.pos=+68.24 wrist_roll.pos=-0.43 gripper.pos=+8.41
DEBUG 2026-09-03 08:13:06 [action #150] t=7.23s step=149 queue=2 dmax=0.526 | shoulder_pan.pos=-8.24 shoulder_lift.pos=-1.84 elbow_flex.pos=+29.64 wrist_flex.pos=+68.16 wrist_roll.pos=-0.54 gripper.pos=+7.88
DEBUG 2026-09-03 08:13:06 [action #151] t=7.26s step=150 queue=1 dmax=0.250 | shoulder_pan.pos=-8.29 shoulder_lift.pos=-1.59 elbow_flex.pos=+29.49 wrist_flex.pos=+68.21 wrist_roll.pos=-0.54 gripper.pos=+8.13
DEBUG 2026-09-03 08:13:07 [chunk] received 50 actions, timesteps 125..174 | first: shoulder_pan.pos=-8.60 shoulder_lift.pos=-18.36 elbow_flex.pos=+41.36 wrist_flex.pos=+68.23 wrist_roll.pos=-2.23 gripper.pos=+37.38 | last: shoulder_pan.pos=-8.69 shoulder_lift.pos=-7.85 elbow_flex.pos=+24.58 wrist_flex.pos=+75.22 wrist_roll.pos=-4.06 gripper.pos=+6.10
DEBUG 2026-09-03 08:13:07 [action #152] t=7.39s step=151 queue=24 dmax=12.559 | shoulder_pan.pos=-8.84 shoulder_lift.pos=-1.67 elbow_flex.pos=+32.51 wrist_flex.pos=+66.93 wrist_roll.pos=-2.40 gripper.pos=+20.69
DEBUG 2026-09-03 08:13:07 [action #153] t=7.43s step=152 queue=23 dmax=1.830 | shoulder_pan.pos=-8.80 shoulder_lift.pos=-0.77 elbow_flex.pos=+32.08 wrist_flex.pos=+67.02 wrist_roll.pos=-2.32 gripper.pos=+18.86
DEBUG 2026-09-03 08:13:07 [action #154] t=7.46s step=153 queue=22 dmax=1.645 | shoulder_pan.pos=-8.68 shoulder_lift.pos=-1.08 elbow_flex.pos=+32.13 wrist_flex.pos=+66.87 wrist_roll.pos=-2.29 gripper.pos=+17.21
DEBUG 2026-09-03 08:13:07 [action #155] t=7.49s step=154 queue=21 dmax=1.305 | shoulder_pan.pos=-8.61 shoulder_lift.pos=-0.94 elbow_flex.pos=+32.17 wrist_flex.pos=+67.04 wrist_roll.pos=-2.18 gripper.pos=+15.91
DEBUG 2026-09-03 08:13:07 [action #156] t=7.53s step=155 queue=20 dmax=1.161 | shoulder_pan.pos=-8.65 shoulder_lift.pos=-0.96 elbow_flex.pos=+31.95 wrist_flex.pos=+67.02 wrist_roll.pos=-2.09 gripper.pos=+14.75
DEBUG 2026-09-03 08:13:07 [action #157] t=7.56s step=156 queue=19 dmax=1.496 | shoulder_pan.pos=-8.55 shoulder_lift.pos=-0.64 elbow_flex.pos=+31.87 wrist_flex.pos=+67.34 wrist_roll.pos=-2.06 gripper.pos=+13.25
DEBUG 2026-09-03 08:13:07 [action #158] t=7.59s step=157 queue=18 dmax=1.516 | shoulder_pan.pos=-8.61 shoulder_lift.pos=-0.26 elbow_flex.pos=+31.89 wrist_flex.pos=+67.16 wrist_roll.pos=-2.08 gripper.pos=+11.74
DEBUG 2026-09-03 08:13:07 [action #159] t=7.63s step=158 queue=17 dmax=1.329 | shoulder_pan.pos=-8.60 shoulder_lift.pos=+0.01 elbow_flex.pos=+31.38 wrist_flex.pos=+67.12 wrist_roll.pos=-2.09 gripper.pos=+10.41
DEBUG 2026-09-03 08:13:07 [action #160] t=7.66s step=159 queue=16 dmax=1.246 | shoulder_pan.pos=-8.56 shoulder_lift.pos=-0.39 elbow_flex.pos=+31.49 wrist_flex.pos=+67.28 wrist_roll.pos=-2.16 gripper.pos=+9.16
DEBUG 2026-09-03 08:13:07 [action #161] t=7.69s step=160 queue=15 dmax=0.828 | shoulder_pan.pos=-8.37 shoulder_lift.pos=+0.11 elbow_flex.pos=+31.77 wrist_flex.pos=+67.31 wrist_roll.pos=-2.26 gripper.pos=+8.33
DEBUG 2026-09-03 08:13:07 [action #162] t=7.73s step=161 queue=14 dmax=1.046 | shoulder_pan.pos=-8.46 shoulder_lift.pos=+0.13 elbow_flex.pos=+30.72 wrist_flex.pos=+67.50 wrist_roll.pos=-2.22 gripper.pos=+7.40
DEBUG 2026-09-03 08:13:07 [action #163] t=7.76s step=162 queue=13 dmax=0.900 | shoulder_pan.pos=-8.55 shoulder_lift.pos=-0.77 elbow_flex.pos=+30.56 wrist_flex.pos=+67.49 wrist_roll.pos=-2.30 gripper.pos=+6.91
DEBUG 2026-09-03 08:13:07 [action #164] t=7.80s step=163 queue=12 dmax=0.553 | shoulder_pan.pos=-8.58 shoulder_lift.pos=-1.32 elbow_flex.pos=+30.50 wrist_flex.pos=+67.61 wrist_roll.pos=-2.39 gripper.pos=+6.58
DEBUG 2026-09-03 08:13:07 [action #165] t=7.83s step=164 queue=11 dmax=1.420 | shoulder_pan.pos=-8.42 shoulder_lift.pos=+0.10 elbow_flex.pos=+30.23 wrist_flex.pos=+68.10 wrist_roll.pos=-2.46 gripper.pos=+6.35
DEBUG 2026-09-03 08:13:07 [action #166] t=7.86s step=165 queue=10 dmax=0.847 | shoulder_pan.pos=-8.39 shoulder_lift.pos=-0.58 elbow_flex.pos=+29.38 wrist_flex.pos=+68.36 wrist_roll.pos=-2.61 gripper.pos=+6.30
DEBUG 2026-09-03 08:13:07 [action #167] t=7.90s step=166 queue=9 dmax=0.660 | shoulder_pan.pos=-8.51 shoulder_lift.pos=-1.24 elbow_flex.pos=+28.80 wrist_flex.pos=+68.99 wrist_roll.pos=-2.85 gripper.pos=+6.18
DEBUG 2026-09-03 08:13:07 [action #168] t=7.93s step=167 queue=8 dmax=0.751 | shoulder_pan.pos=-8.53 shoulder_lift.pos=-1.76 elbow_flex.pos=+28.05 wrist_flex.pos=+69.47 wrist_roll.pos=-3.04 gripper.pos=+6.21
DEBUG 2026-09-03 08:13:07 [action #169] t=7.96s step=168 queue=7 dmax=0.704 | shoulder_pan.pos=-8.30 shoulder_lift.pos=-2.47 elbow_flex.pos=+27.61 wrist_flex.pos=+70.15 wrist_roll.pos=-3.18 gripper.pos=+6.14
DEBUG 2026-09-03 08:13:07 [action #170] t=8.00s step=169 queue=6 dmax=0.707 | shoulder_pan.pos=-8.43 shoulder_lift.pos=-3.18 elbow_flex.pos=+27.06 wrist_flex.pos=+70.79 wrist_roll.pos=-3.40 gripper.pos=+6.13
DEBUG 2026-09-03 08:13:07 [action #171] t=8.03s step=170 queue=5 dmax=1.032 | shoulder_pan.pos=-8.41 shoulder_lift.pos=-4.21 elbow_flex.pos=+27.07 wrist_flex.pos=+71.72 wrist_roll.pos=-3.56 gripper.pos=+6.11
DEBUG 2026-09-03 08:13:07 [action #172] t=8.06s step=171 queue=4 dmax=1.122 | shoulder_pan.pos=-8.82 shoulder_lift.pos=-5.33 elbow_flex.pos=+26.31 wrist_flex.pos=+72.56 wrist_roll.pos=-3.69 gripper.pos=+5.96
DEBUG 2026-09-03 08:13:07 [action #173] t=8.10s step=172 queue=3 dmax=0.875 | shoulder_pan.pos=-8.46 shoulder_lift.pos=-6.17 elbow_flex.pos=+25.52 wrist_flex.pos=+73.44 wrist_roll.pos=-3.74 gripper.pos=+6.11
DEBUG 2026-09-03 08:13:07 [action #174] t=8.13s step=173 queue=2 dmax=0.836 | shoulder_pan.pos=-8.58 shoulder_lift.pos=-6.89 elbow_flex.pos=+25.28 wrist_flex.pos=+74.27 wrist_roll.pos=-3.93 gripper.pos=+6.04
DEBUG 2026-09-03 08:13:07 [action #175] t=8.16s step=174 queue=1 dmax=0.959 | shoulder_pan.pos=-8.69 shoulder_lift.pos=-7.85 elbow_flex.pos=+24.58 wrist_flex.pos=+75.22 wrist_roll.pos=-4.06 gripper.pos=+6.10
DEBUG 2026-09-03 08:13:08 [chunk] received 50 actions, timesteps 150..199 | first: shoulder_pan.pos=-8.31 shoulder_lift.pos=-3.94 elbow_flex.pos=+27.60 wrist_flex.pos=+69.72 wrist_roll.pos=-1.08 gripper.pos=+7.44 | last: shoulder_pan.pos=+20.66 shoulder_lift.pos=-11.39 elbow_flex.pos=-6.78 wrist_flex.pos=+81.22 wrist_roll.pos=-0.03 gripper.pos=+5.50
DEBUG 2026-09-03 08:13:08 [action #176] t=8.36s step=175 queue=25 dmax=12.542 | shoulder_pan.pos=-1.67 shoulder_lift.pos=-20.39 elbow_flex.pos=+14.77 wrist_flex.pos=+84.25 wrist_roll.pos=-1.88 gripper.pos=+5.81
DEBUG 2026-09-03 08:13:08 [action #177] t=8.40s step=176 queue=24 dmax=2.226 | shoulder_pan.pos=-1.13 shoulder_lift.pos=-20.26 elbow_flex.pos=+12.55 wrist_flex.pos=+84.14 wrist_roll.pos=-1.72 gripper.pos=+5.81
DEBUG 2026-09-03 08:13:08 [action #178] t=8.43s step=177 queue=23 dmax=1.184 | shoulder_pan.pos=+0.05 shoulder_lift.pos=-21.11 elbow_flex.pos=+11.83 wrist_flex.pos=+84.10 wrist_roll.pos=-1.56 gripper.pos=+5.80
DEBUG 2026-09-03 08:13:08 [action #179] t=8.46s step=178 queue=22 dmax=0.956 | shoulder_pan.pos=+1.01 shoulder_lift.pos=-20.63 elbow_flex.pos=+10.89 wrist_flex.pos=+84.38 wrist_roll.pos=-1.54 gripper.pos=+5.85
DEBUG 2026-09-03 08:13:08 [action #180] t=8.50s step=179 queue=21 dmax=0.984 | shoulder_pan.pos=+1.99 shoulder_lift.pos=-21.57 elbow_flex.pos=+10.68 wrist_flex.pos=+84.54 wrist_roll.pos=-1.23 gripper.pos=+5.81
DEBUG 2026-09-03 08:13:08 [action #181] t=8.53s step=180 queue=20 dmax=1.082 | shoulder_pan.pos=+3.07 shoulder_lift.pos=-21.50 elbow_flex.pos=+9.94 wrist_flex.pos=+84.44 wrist_roll.pos=-1.36 gripper.pos=+5.97
DEBUG 2026-09-03 08:13:08 [action #182] t=8.56s step=181 queue=19 dmax=1.199 | shoulder_pan.pos=+4.27 shoulder_lift.pos=-21.69 elbow_flex.pos=+9.77 wrist_flex.pos=+84.24 wrist_roll.pos=-1.36 gripper.pos=+5.82
DEBUG 2026-09-03 08:13:08 [action #183] t=8.60s step=182 queue=18 dmax=1.198 | shoulder_pan.pos=+5.47 shoulder_lift.pos=-21.94 elbow_flex.pos=+8.72 wrist_flex.pos=+84.12 wrist_roll.pos=-1.05 gripper.pos=+5.72
DEBUG 2026-09-03 08:13:08 [action #184] t=8.63s step=183 queue=17 dmax=1.345 | shoulder_pan.pos=+6.59 shoulder_lift.pos=-21.58 elbow_flex.pos=+7.37 wrist_flex.pos=+84.11 wrist_roll.pos=-1.05 gripper.pos=+5.71
DEBUG 2026-09-03 08:13:08 [action #185] t=8.66s step=184 queue=16 dmax=1.208 | shoulder_pan.pos=+7.80 shoulder_lift.pos=-21.30 elbow_flex.pos=+7.16 wrist_flex.pos=+83.70 wrist_roll.pos=-0.99 gripper.pos=+5.84
DEBUG 2026-09-03 08:13:08 [action #186] t=8.70s step=185 queue=15 dmax=0.899 | shoulder_pan.pos=+8.44 shoulder_lift.pos=-21.25 elbow_flex.pos=+6.26 wrist_flex.pos=+83.62 wrist_roll.pos=-1.00 gripper.pos=+5.74
DEBUG 2026-09-03 08:13:08 [action #187] t=8.73s step=186 queue=14 dmax=1.490 | shoulder_pan.pos=+9.93 shoulder_lift.pos=-20.67 elbow_flex.pos=+5.53 wrist_flex.pos=+83.38 wrist_roll.pos=-0.96 gripper.pos=+5.69
DEBUG 2026-09-03 08:13:08 [action #188] t=8.77s step=187 queue=13 dmax=1.294 | shoulder_pan.pos=+10.80 shoulder_lift.pos=-21.35 elbow_flex.pos=+4.23 wrist_flex.pos=+83.40 wrist_roll.pos=-0.69 gripper.pos=+5.86
DEBUG 2026-09-03 08:13:08 [action #189] t=8.80s step=188 queue=12 dmax=1.752 | shoulder_pan.pos=+12.20 shoulder_lift.pos=-19.60 elbow_flex.pos=+3.95 wrist_flex.pos=+83.16 wrist_roll.pos=-0.73 gripper.pos=+5.64
DEBUG 2026-09-03 08:13:08 [action #190] t=8.83s step=189 queue=11 dmax=0.832 | shoulder_pan.pos=+13.03 shoulder_lift.pos=-20.11 elbow_flex.pos=+3.27 wrist_flex.pos=+82.81 wrist_roll.pos=-0.70 gripper.pos=+5.73
DEBUG 2026-09-03 08:13:08 [action #191] t=8.87s step=190 queue=10 dmax=1.259 | shoulder_pan.pos=+14.29 shoulder_lift.pos=-19.53 elbow_flex.pos=+2.09 wrist_flex.pos=+82.45 wrist_roll.pos=-0.71 gripper.pos=+5.53
DEBUG 2026-09-03 08:13:08 [action #192] t=8.90s step=191 queue=9 dmax=0.500 | shoulder_pan.pos=+14.72 shoulder_lift.pos=-19.03 elbow_flex.pos=+1.82 wrist_flex.pos=+82.67 wrist_roll.pos=-0.53 gripper.pos=+5.66
DEBUG 2026-09-03 08:13:08 [action #193] t=8.93s step=192 queue=8 dmax=1.862 | shoulder_pan.pos=+15.99 shoulder_lift.pos=-18.35 elbow_flex.pos=-0.04 wrist_flex.pos=+82.34 wrist_roll.pos=-0.39 gripper.pos=+5.50
DEBUG 2026-09-03 08:13:08 [action #194] t=8.97s step=193 queue=7 dmax=0.728 | shoulder_pan.pos=+16.72 shoulder_lift.pos=-18.41 elbow_flex.pos=-0.75 wrist_flex.pos=+82.28 wrist_roll.pos=-0.40 gripper.pos=+5.48
DEBUG 2026-09-03 08:13:08 [action #195] t=9.00s step=194 queue=6 dmax=1.544 | shoulder_pan.pos=+17.78 shoulder_lift.pos=-16.87 elbow_flex.pos=-0.78 wrist_flex.pos=+81.91 wrist_roll.pos=-0.37 gripper.pos=+5.46
DEBUG 2026-09-03 08:13:08 [action #196] t=9.03s step=195 queue=5 dmax=1.299 | shoulder_pan.pos=+17.86 shoulder_lift.pos=-15.57 elbow_flex.pos=-1.91 wrist_flex.pos=+81.68 wrist_roll.pos=-0.42 gripper.pos=+5.58
DEBUG 2026-09-03 08:13:08 [action #197] t=9.07s step=196 queue=4 dmax=1.236 | shoulder_pan.pos=+19.02 shoulder_lift.pos=-15.36 elbow_flex.pos=-3.15 wrist_flex.pos=+81.72 wrist_roll.pos=-0.37 gripper.pos=+5.63
DEBUG 2026-09-03 08:13:08 [action #198] t=9.10s step=197 queue=3 dmax=1.309 | shoulder_pan.pos=+19.69 shoulder_lift.pos=-14.05 elbow_flex.pos=-4.35 wrist_flex.pos=+81.47 wrist_roll.pos=-0.27 gripper.pos=+5.35
DEBUG 2026-09-03 08:13:08 [action #199] t=9.13s step=198 queue=2 dmax=1.345 | shoulder_pan.pos=+20.23 shoulder_lift.pos=-12.71 elbow_flex.pos=-5.70 wrist_flex.pos=+81.52 wrist_roll.pos=-0.23 gripper.pos=+5.48
DEBUG 2026-09-03 08:13:08 [chunk] received 50 actions, timesteps 174..223 | first: shoulder_pan.pos=-8.69 shoulder_lift.pos=-9.35 elbow_flex.pos=+22.95 wrist_flex.pos=+78.61 wrist_roll.pos=-4.02 gripper.pos=+6.13 | last: shoulder_pan.pos=+27.25 shoulder_lift.pos=-3.06 elbow_flex.pos=-9.33 wrist_flex.pos=+79.60 wrist_roll.pos=-0.93 gripper.pos=+5.52
DEBUG 2026-09-03 08:13:08 [action #200] t=9.17s step=199 queue=1 dmax=1.321 | shoulder_pan.pos=+20.66 shoulder_lift.pos=-11.39 elbow_flex.pos=-6.78 wrist_flex.pos=+81.22 wrist_roll.pos=-0.03 gripper.pos=+5.50
DEBUG 2026-09-03 08:13:08 [action #201] t=9.20s step=199 queue=25 dmax=15.498 | shoulder_pan.pos=+10.49 shoulder_lift.pos=-22.76 elbow_flex.pos=+8.71 wrist_flex.pos=+83.05 wrist_roll.pos=-1.36 gripper.pos=+5.80
DEBUG 2026-09-03 08:13:08 [action #202] t=9.23s step=200 queue=24 dmax=5.421 | shoulder_pan.pos=+6.79 shoulder_lift.pos=-26.88 elbow_flex.pos=+14.13 wrist_flex.pos=+83.53 wrist_roll.pos=-1.91 gripper.pos=+5.85
DEBUG 2026-09-03 08:13:08 [action #203] t=9.27s step=201 queue=23 dmax=0.633 | shoulder_pan.pos=+7.42 shoulder_lift.pos=-26.26 elbow_flex.pos=+14.70 wrist_flex.pos=+83.30 wrist_roll.pos=-1.74 gripper.pos=+5.91
DEBUG 2026-09-03 08:13:08 [action #204] t=9.30s step=202 queue=22 dmax=2.712 | shoulder_pan.pos=+8.51 shoulder_lift.pos=-25.50 elbow_flex.pos=+11.99 wrist_flex.pos=+82.91 wrist_roll.pos=-1.78 gripper.pos=+5.79
DEBUG 2026-09-03 08:13:09 [action #205] t=9.33s step=203 queue=21 dmax=0.789 | shoulder_pan.pos=+9.30 shoulder_lift.pos=-25.03 elbow_flex.pos=+12.31 wrist_flex.pos=+82.75 wrist_roll.pos=-1.85 gripper.pos=+5.52
DEBUG 2026-09-03 08:13:09 [action #206] t=9.37s step=204 queue=20 dmax=1.210 | shoulder_pan.pos=+9.97 shoulder_lift.pos=-24.06 elbow_flex.pos=+11.10 wrist_flex.pos=+82.90 wrist_roll.pos=-1.94 gripper.pos=+5.64
DEBUG 2026-09-03 08:13:09 [action #207] t=9.40s step=205 queue=19 dmax=0.994 | shoulder_pan.pos=+10.96 shoulder_lift.pos=-23.84 elbow_flex.pos=+10.21 wrist_flex.pos=+82.62 wrist_roll.pos=-1.91 gripper.pos=+5.47
DEBUG 2026-09-03 08:13:09 [action #208] t=9.44s step=206 queue=18 dmax=1.351 | shoulder_pan.pos=+11.83 shoulder_lift.pos=-22.91 elbow_flex.pos=+8.86 wrist_flex.pos=+82.69 wrist_roll.pos=-1.73 gripper.pos=+5.55
DEBUG 2026-09-03 08:13:09 [action #209] t=9.47s step=207 queue=17 dmax=1.756 | shoulder_pan.pos=+12.63 shoulder_lift.pos=-21.30 elbow_flex.pos=+7.10 wrist_flex.pos=+82.32 wrist_roll.pos=-1.72 gripper.pos=+5.59
DEBUG 2026-09-03 08:13:09 [action #210] t=9.50s step=208 queue=16 dmax=0.998 | shoulder_pan.pos=+13.51 shoulder_lift.pos=-20.30 elbow_flex.pos=+6.40 wrist_flex.pos=+82.14 wrist_roll.pos=-1.90 gripper.pos=+5.54
DEBUG 2026-09-03 08:13:09 [action #211] t=9.54s step=209 queue=15 dmax=1.196 | shoulder_pan.pos=+14.71 shoulder_lift.pos=-19.46 elbow_flex.pos=+5.90 wrist_flex.pos=+81.97 wrist_roll.pos=-1.66 gripper.pos=+5.63
DEBUG 2026-09-03 08:13:09 [action #212] t=9.57s step=210 queue=14 dmax=1.946 | shoulder_pan.pos=+15.59 shoulder_lift.pos=-18.28 elbow_flex.pos=+3.96 wrist_flex.pos=+81.74 wrist_roll.pos=-1.70 gripper.pos=+5.63
DEBUG 2026-09-03 08:13:09 [action #213] t=9.60s step=211 queue=13 dmax=1.502 | shoulder_pan.pos=+16.76 shoulder_lift.pos=-16.78 elbow_flex.pos=+2.64 wrist_flex.pos=+81.89 wrist_roll.pos=-1.39 gripper.pos=+5.43
DEBUG 2026-09-03 08:13:09 [action #214] t=9.64s step=212 queue=12 dmax=1.053 | shoulder_pan.pos=+17.81 shoulder_lift.pos=-16.10 elbow_flex.pos=+1.98 wrist_flex.pos=+81.64 wrist_roll.pos=-1.33 gripper.pos=+5.54
DEBUG 2026-09-03 08:13:09 [action #215] t=9.67s step=213 queue=11 dmax=1.744 | shoulder_pan.pos=+18.55 shoulder_lift.pos=-14.73 elbow_flex.pos=+0.23 wrist_flex.pos=+81.33 wrist_roll.pos=-1.15 gripper.pos=+5.56
DEBUG 2026-09-03 08:13:09 [action #216] t=9.70s step=214 queue=10 dmax=1.106 | shoulder_pan.pos=+19.40 shoulder_lift.pos=-13.63 elbow_flex.pos=-0.10 wrist_flex.pos=+81.23 wrist_roll.pos=-1.29 gripper.pos=+5.72
DEBUG 2026-09-03 08:13:09 [action #217] t=9.74s step=215 queue=9 dmax=1.425 | shoulder_pan.pos=+20.83 shoulder_lift.pos=-12.91 elbow_flex.pos=-1.29 wrist_flex.pos=+81.13 wrist_roll.pos=-1.18 gripper.pos=+5.44
DEBUG 2026-09-03 08:13:09 [action #218] t=9.77s step=216 queue=8 dmax=1.590 | shoulder_pan.pos=+21.71 shoulder_lift.pos=-11.78 elbow_flex.pos=-2.88 wrist_flex.pos=+81.01 wrist_roll.pos=-1.06 gripper.pos=+5.48
DEBUG 2026-09-03 08:13:09 [action #219] t=9.80s step=217 queue=7 dmax=1.484 | shoulder_pan.pos=+22.66 shoulder_lift.pos=-10.29 elbow_flex.pos=-3.75 wrist_flex.pos=+80.83 wrist_roll.pos=-1.15 gripper.pos=+5.70
DEBUG 2026-09-03 08:13:09 [action #220] t=9.84s step=218 queue=6 dmax=0.776 | shoulder_pan.pos=+23.17 shoulder_lift.pos=-9.52 elbow_flex.pos=-3.64 wrist_flex.pos=+80.69 wrist_roll.pos=-1.28 gripper.pos=+5.45
DEBUG 2026-09-03 08:13:09 [action #221] t=9.87s step=219 queue=5 dmax=1.630 | shoulder_pan.pos=+24.45 shoulder_lift.pos=-7.89 elbow_flex.pos=-4.72 wrist_flex.pos=+80.37 wrist_roll.pos=-1.08 gripper.pos=+5.66
DEBUG 2026-09-03 08:13:09 [action #222] t=9.90s step=220 queue=4 dmax=1.009 | shoulder_pan.pos=+25.09 shoulder_lift.pos=-6.96 elbow_flex.pos=-5.73 wrist_flex.pos=+80.01 wrist_roll.pos=-1.05 gripper.pos=+5.65
DEBUG 2026-09-03 08:13:09 [action #223] t=9.94s step=221 queue=3 dmax=2.068 | shoulder_pan.pos=+25.85 shoulder_lift.pos=-4.89 elbow_flex.pos=-6.82 wrist_flex.pos=+79.87 wrist_roll.pos=-1.00 gripper.pos=+5.66
DEBUG 2026-09-03 08:13:09 [action #224] t=9.97s step=222 queue=2 dmax=1.048 | shoulder_pan.pos=+26.62 shoulder_lift.pos=-4.49 elbow_flex.pos=-7.87 wrist_flex.pos=+79.94 wrist_roll.pos=-0.95 gripper.pos=+5.64
DEBUG 2026-09-03 08:13:09 [action #225] t=10.00s step=223 queue=1 dmax=1.463 | shoulder_pan.pos=+27.25 shoulder_lift.pos=-3.06 elbow_flex.pos=-9.33 wrist_flex.pos=+79.60 wrist_roll.pos=-0.93 gripper.pos=+5.52
DEBUG 2026-09-03 08:13:09 [chunk] received 50 actions, timesteps 198..247 | first: shoulder_pan.pos=+19.83 shoulder_lift.pos=-17.02 elbow_flex.pos=+0.01 wrist_flex.pos=+80.67 wrist_roll.pos=-0.30 gripper.pos=+3.15 | last: shoulder_pan.pos=+33.23 shoulder_lift.pos=+22.25 elbow_flex.pos=-18.76 wrist_flex.pos=+67.76 wrist_roll.pos=+0.18 gripper.pos=+6.96
DEBUG 2026-09-03 08:13:09 [action #226] t=10.04s step=224 queue=24 dmax=8.592 | shoulder_pan.pos=+32.34 shoulder_lift.pos=+5.53 elbow_flex.pos=-15.26 wrist_flex.pos=+72.31 wrist_roll.pos=+0.17 gripper.pos=+3.96
DEBUG 2026-09-03 08:13:09 [action #227] t=10.07s step=225 queue=23 dmax=1.053 | shoulder_pan.pos=+32.71 shoulder_lift.pos=+6.58 elbow_flex.pos=-15.73 wrist_flex.pos=+72.08 wrist_roll.pos=+0.21 gripper.pos=+3.96
DEBUG 2026-09-03 08:13:09 [action #228] t=10.10s step=226 queue=22 dmax=1.961 | shoulder_pan.pos=+33.36 shoulder_lift.pos=+8.55 elbow_flex.pos=-16.10 wrist_flex.pos=+71.86 wrist_roll.pos=+0.21 gripper.pos=+3.90
DEBUG 2026-09-03 08:13:09 [action #229] t=10.14s step=227 queue=21 dmax=0.861 | shoulder_pan.pos=+33.60 shoulder_lift.pos=+9.13 elbow_flex.pos=-16.96 wrist_flex.pos=+71.85 wrist_roll.pos=+0.26 gripper.pos=+4.00
DEBUG 2026-09-03 08:13:09 [action #230] t=10.17s step=228 queue=20 dmax=1.211 | shoulder_pan.pos=+34.35 shoulder_lift.pos=+10.07 elbow_flex.pos=-18.17 wrist_flex.pos=+71.57 wrist_roll.pos=+0.31 gripper.pos=+3.99
DEBUG 2026-09-03 08:13:09 [action #231] t=10.21s step=229 queue=19 dmax=1.537 | shoulder_pan.pos=+34.66 shoulder_lift.pos=+11.61 elbow_flex.pos=-18.41 wrist_flex.pos=+71.14 wrist_roll.pos=+0.40 gripper.pos=+4.07
DEBUG 2026-09-03 08:13:09 [action #232] t=10.24s step=230 queue=18 dmax=0.454 | shoulder_pan.pos=+34.77 shoulder_lift.pos=+11.39 elbow_flex.pos=-17.95 wrist_flex.pos=+71.49 wrist_roll.pos=+0.32 gripper.pos=+4.15
DEBUG 2026-09-03 08:13:09 [action #233] t=10.27s step=231 queue=17 dmax=1.855 | shoulder_pan.pos=+34.64 shoulder_lift.pos=+13.24 elbow_flex.pos=-18.11 wrist_flex.pos=+71.01 wrist_roll.pos=+0.26 gripper.pos=+4.04
DEBUG 2026-09-03 08:13:09 [action #234] t=10.31s step=232 queue=16 dmax=0.983 | shoulder_pan.pos=+34.64 shoulder_lift.pos=+13.87 elbow_flex.pos=-19.09 wrist_flex.pos=+70.76 wrist_roll.pos=+0.22 gripper.pos=+3.97
DEBUG 2026-09-03 08:13:10 [action #235] t=10.34s step=233 queue=15 dmax=0.961 | shoulder_pan.pos=+34.93 shoulder_lift.pos=+14.83 elbow_flex.pos=-19.04 wrist_flex.pos=+70.41 wrist_roll.pos=+0.41 gripper.pos=+4.05
DEBUG 2026-09-03 08:13:10 [action #236] t=10.37s step=234 queue=14 dmax=0.571 | shoulder_pan.pos=+35.09 shoulder_lift.pos=+15.40 elbow_flex.pos=-18.78 wrist_flex.pos=+70.12 wrist_roll.pos=+0.48 gripper.pos=+4.11
DEBUG 2026-09-03 08:13:10 [action #237] t=10.41s step=235 queue=13 dmax=0.621 | shoulder_pan.pos=+34.74 shoulder_lift.pos=+14.78 elbow_flex.pos=-19.15 wrist_flex.pos=+69.88 wrist_roll.pos=+0.27 gripper.pos=+4.01
DEBUG 2026-09-03 08:13:10 [action #238] t=10.44s step=236 queue=12 dmax=1.372 | shoulder_pan.pos=+34.85 shoulder_lift.pos=+15.29 elbow_flex.pos=-17.77 wrist_flex.pos=+69.81 wrist_roll.pos=+0.21 gripper.pos=+4.15
DEBUG 2026-09-03 08:13:10 [action #239] t=10.47s step=237 queue=11 dmax=1.573 | shoulder_pan.pos=+34.78 shoulder_lift.pos=+16.86 elbow_flex.pos=-19.23 wrist_flex.pos=+69.57 wrist_roll.pos=+0.39 gripper.pos=+4.09
DEBUG 2026-09-03 08:13:10 [action #240] t=10.51s step=238 queue=10 dmax=0.368 | shoulder_pan.pos=+34.85 shoulder_lift.pos=+17.23 elbow_flex.pos=-19.02 wrist_flex.pos=+69.40 wrist_roll.pos=+0.38 gripper.pos=+3.94
DEBUG 2026-09-03 08:13:10 [action #241] t=10.54s step=239 queue=9 dmax=0.806 | shoulder_pan.pos=+34.83 shoulder_lift.pos=+18.03 elbow_flex.pos=-19.18 wrist_flex.pos=+69.08 wrist_roll.pos=+0.36 gripper.pos=+4.04
DEBUG 2026-09-03 08:13:10 [action #242] t=10.57s step=240 queue=8 dmax=1.225 | shoulder_pan.pos=+34.57 shoulder_lift.pos=+19.26 elbow_flex.pos=-18.59 wrist_flex.pos=+69.12 wrist_roll.pos=+0.31 gripper.pos=+4.02
DEBUG 2026-09-03 08:13:10 [action #243] t=10.61s step=241 queue=7 dmax=0.550 | shoulder_pan.pos=+34.34 shoulder_lift.pos=+19.81 elbow_flex.pos=-18.83 wrist_flex.pos=+68.57 wrist_roll.pos=+0.42 gripper.pos=+4.01
DEBUG 2026-09-03 08:13:10 [action #244] t=10.64s step=242 queue=6 dmax=1.088 | shoulder_pan.pos=+33.96 shoulder_lift.pos=+20.90 elbow_flex.pos=-19.07 wrist_flex.pos=+68.58 wrist_roll.pos=+0.45 gripper.pos=+3.94
DEBUG 2026-09-03 08:13:10 [action #245] t=10.67s step=243 queue=5 dmax=0.311 | shoulder_pan.pos=+33.96 shoulder_lift.pos=+21.01 elbow_flex.pos=-19.38 wrist_flex.pos=+68.31 wrist_roll.pos=+0.26 gripper.pos=+3.99
DEBUG 2026-09-03 08:13:10 [action #246] t=10.71s step=244 queue=4 dmax=1.273 | shoulder_pan.pos=+34.10 shoulder_lift.pos=+22.28 elbow_flex.pos=-18.86 wrist_flex.pos=+68.38 wrist_roll.pos=+0.29 gripper.pos=+4.09
DEBUG 2026-09-03 08:13:10 [action #247] t=10.74s step=245 queue=3 dmax=1.119 | shoulder_pan.pos=+33.34 shoulder_lift.pos=+21.17 elbow_flex.pos=-18.74 wrist_flex.pos=+68.09 wrist_roll.pos=+0.40 gripper.pos=+4.37
DEBUG 2026-09-03 08:13:10 [action #248] t=10.77s step=246 queue=2 dmax=0.947 | shoulder_pan.pos=+33.29 shoulder_lift.pos=+22.11 elbow_flex.pos=-18.46 wrist_flex.pos=+67.83 wrist_roll.pos=+0.35 gripper.pos=+5.04
DEBUG 2026-09-03 08:13:10 [action #249] t=10.81s step=247 queue=1 dmax=1.926 | shoulder_pan.pos=+33.23 shoulder_lift.pos=+22.25 elbow_flex.pos=-18.76 wrist_flex.pos=+67.76 wrist_roll.pos=+0.18 gripper.pos=+6.96
DEBUG 2026-09-03 08:13:10 [chunk] received 50 actions, timesteps 223..272 | first: shoulder_pan.pos=+26.74 shoulder_lift.pos=-7.03 elbow_flex.pos=-2.33 wrist_flex.pos=+76.19 wrist_roll.pos=-1.53 gripper.pos=+4.29 | last: shoulder_pan.pos=+33.69 shoulder_lift.pos=+19.67 elbow_flex.pos=-15.58 wrist_flex.pos=+70.63 wrist_roll.pos=-2.21 gripper.pos=+27.30
DEBUG 2026-09-03 08:13:10 [action #250] t=10.91s step=248 queue=25 dmax=11.500 | shoulder_pan.pos=+34.81 shoulder_lift.pos=+10.75 elbow_flex.pos=-15.77 wrist_flex.pos=+71.12 wrist_roll.pos=-0.92 gripper.pos=+4.74
DEBUG 2026-09-03 08:13:10 [action #251] t=10.94s step=249 queue=24 dmax=0.432 | shoulder_pan.pos=+34.76 shoulder_lift.pos=+10.94 elbow_flex.pos=-16.21 wrist_flex.pos=+71.15 wrist_roll.pos=-1.19 gripper.pos=+4.55
DEBUG 2026-09-03 08:13:10 [action #252] t=10.97s step=250 queue=23 dmax=1.657 | shoulder_pan.pos=+34.73 shoulder_lift.pos=+12.59 elbow_flex.pos=-15.95 wrist_flex.pos=+71.05 wrist_roll.pos=-1.09 gripper.pos=+4.62
DEBUG 2026-09-03 08:13:10 [action #253] t=11.01s step=251 queue=22 dmax=1.028 | shoulder_pan.pos=+34.70 shoulder_lift.pos=+12.42 elbow_flex.pos=-16.98 wrist_flex.pos=+71.19 wrist_roll.pos=-1.13 gripper.pos=+4.46
DEBUG 2026-09-03 08:13:10 [action #254] t=11.04s step=252 queue=21 dmax=1.829 | shoulder_pan.pos=+35.17 shoulder_lift.pos=+14.25 elbow_flex.pos=-18.12 wrist_flex.pos=+70.90 wrist_roll.pos=-1.35 gripper.pos=+4.43
DEBUG 2026-09-03 08:13:10 [action #255] t=11.08s step=253 queue=20 dmax=0.584 | shoulder_pan.pos=+35.15 shoulder_lift.pos=+13.88 elbow_flex.pos=-18.71 wrist_flex.pos=+70.76 wrist_roll.pos=-1.35 gripper.pos=+4.50
DEBUG 2026-09-03 08:13:10 [action #256] t=11.11s step=254 queue=19 dmax=1.683 | shoulder_pan.pos=+35.74 shoulder_lift.pos=+15.56 elbow_flex.pos=-17.27 wrist_flex.pos=+70.37 wrist_roll.pos=-1.48 gripper.pos=+4.60
DEBUG 2026-09-03 08:13:10 [action #257] t=11.14s step=255 queue=18 dmax=1.445 | shoulder_pan.pos=+35.66 shoulder_lift.pos=+15.48 elbow_flex.pos=-18.71 wrist_flex.pos=+70.38 wrist_roll.pos=-1.47 gripper.pos=+4.61
DEBUG 2026-09-03 08:13:10 [action #258] t=11.18s step=256 queue=17 dmax=0.435 | shoulder_pan.pos=+35.79 shoulder_lift.pos=+15.33 elbow_flex.pos=-18.28 wrist_flex.pos=+70.40 wrist_roll.pos=-1.64 gripper.pos=+4.41
DEBUG 2026-09-03 08:13:10 [action #259] t=11.21s step=257 queue=16 dmax=1.213 | shoulder_pan.pos=+35.85 shoulder_lift.pos=+16.54 elbow_flex.pos=-18.59 wrist_flex.pos=+69.85 wrist_roll.pos=-1.56 gripper.pos=+4.22
DEBUG 2026-09-03 08:13:10 [action #260] t=11.24s step=258 queue=15 dmax=0.297 | shoulder_pan.pos=+35.93 shoulder_lift.pos=+16.80 elbow_flex.pos=-18.89 wrist_flex.pos=+69.95 wrist_roll.pos=-1.46 gripper.pos=+4.45
DEBUG 2026-09-03 08:13:10 [action #261] t=11.28s step=259 queue=14 dmax=0.431 | shoulder_pan.pos=+36.06 shoulder_lift.pos=+17.23 elbow_flex.pos=-18.76 wrist_flex.pos=+70.15 wrist_roll.pos=-1.59 gripper.pos=+4.15
DEBUG 2026-09-03 08:13:10 [action #262] t=11.31s step=260 queue=13 dmax=1.012 | shoulder_pan.pos=+36.09 shoulder_lift.pos=+18.25 elbow_flex.pos=-18.55 wrist_flex.pos=+69.88 wrist_roll.pos=-1.66 gripper.pos=+4.40
DEBUG 2026-09-03 08:13:11 [action #263] t=11.34s step=261 queue=12 dmax=0.571 | shoulder_pan.pos=+35.52 shoulder_lift.pos=+18.03 elbow_flex.pos=-19.05 wrist_flex.pos=+69.88 wrist_roll.pos=-1.69 gripper.pos=+4.57
DEBUG 2026-09-03 08:13:11 [action #264] t=11.38s step=262 queue=11 dmax=0.873 | shoulder_pan.pos=+35.99 shoulder_lift.pos=+18.48 elbow_flex.pos=-19.00 wrist_flex.pos=+70.10 wrist_roll.pos=-1.63 gripper.pos=+5.44
DEBUG 2026-09-03 08:13:11 [action #265] t=11.42s step=263 queue=10 dmax=2.449 | shoulder_pan.pos=+35.51 shoulder_lift.pos=+18.83 elbow_flex.pos=-18.26 wrist_flex.pos=+70.15 wrist_roll.pos=-1.73 gripper.pos=+7.89
DEBUG 2026-09-03 08:13:11 [action #266] t=11.45s step=264 queue=9 dmax=3.868 | shoulder_pan.pos=+35.42 shoulder_lift.pos=+19.64 elbow_flex.pos=-18.66 wrist_flex.pos=+70.29 wrist_roll.pos=-1.75 gripper.pos=+11.76
DEBUG 2026-09-03 08:13:11 [action #267] t=11.48s step=265 queue=8 dmax=4.533 | shoulder_pan.pos=+34.25 shoulder_lift.pos=+19.55 elbow_flex.pos=-17.43 wrist_flex.pos=+70.15 wrist_roll.pos=-1.99 gripper.pos=+16.29
DEBUG 2026-09-03 08:13:11 [action #268] t=11.52s step=266 queue=7 dmax=4.470 | shoulder_pan.pos=+34.31 shoulder_lift.pos=+19.52 elbow_flex.pos=-17.81 wrist_flex.pos=+70.43 wrist_roll.pos=-1.87 gripper.pos=+20.76
DEBUG 2026-09-03 08:13:11 [action #269] t=11.55s step=267 queue=6 dmax=3.247 | shoulder_pan.pos=+33.76 shoulder_lift.pos=+19.52 elbow_flex.pos=-16.45 wrist_flex.pos=+70.62 wrist_roll.pos=-1.98 gripper.pos=+24.01
DEBUG 2026-09-03 08:13:11 [action #270] t=11.58s step=268 queue=5 dmax=1.570 | shoulder_pan.pos=+33.94 shoulder_lift.pos=+19.68 elbow_flex.pos=-16.74 wrist_flex.pos=+70.76 wrist_roll.pos=-2.03 gripper.pos=+25.58
DEBUG 2026-09-03 08:13:11 [action #271] t=11.62s step=269 queue=4 dmax=1.219 | shoulder_pan.pos=+33.73 shoulder_lift.pos=+19.38 elbow_flex.pos=-16.66 wrist_flex.pos=+70.66 wrist_roll.pos=-2.13 gripper.pos=+26.79
DEBUG 2026-09-03 08:13:11 [action #272] t=11.65s step=270 queue=3 dmax=1.503 | shoulder_pan.pos=+33.44 shoulder_lift.pos=+20.89 elbow_flex.pos=-16.40 wrist_flex.pos=+70.43 wrist_roll.pos=-2.02 gripper.pos=+27.19
DEBUG 2026-09-03 08:13:11 [action #273] t=11.68s step=271 queue=2 dmax=1.147 | shoulder_pan.pos=+34.01 shoulder_lift.pos=+19.74 elbow_flex.pos=-15.86 wrist_flex.pos=+70.28 wrist_roll.pos=-2.23 gripper.pos=+26.66
DEBUG 2026-09-03 08:13:11 [action #274] t=11.72s step=272 queue=1 dmax=0.638 | shoulder_pan.pos=+33.69 shoulder_lift.pos=+19.67 elbow_flex.pos=-15.58 wrist_flex.pos=+70.63 wrist_roll.pos=-2.21 gripper.pos=+27.30
DEBUG 2026-09-03 08:13:11 [chunk] received 50 actions, timesteps 247..296 | first: shoulder_pan.pos=+31.83 shoulder_lift.pos=+19.06 elbow_flex.pos=-20.92 wrist_flex.pos=+68.60 wrist_roll.pos=-0.16 gripper.pos=+5.34 | last: shoulder_pan.pos=+18.47 shoulder_lift.pos=+1.67 elbow_flex.pos=-20.88 wrist_flex.pos=+94.29 wrist_roll.pos=+3.23 gripper.pos=+14.33
DEBUG 2026-09-03 08:13:11 [action #275] t=11.82s step=273 queue=24 dmax=13.802 | shoulder_pan.pos=+31.75 shoulder_lift.pos=+25.57 elbow_flex.pos=-29.38 wrist_flex.pos=+81.05 wrist_roll.pos=+1.18 gripper.pos=+29.73
DEBUG 2026-09-03 08:13:11 [action #276] t=11.85s step=274 queue=23 dmax=1.009 | shoulder_pan.pos=+31.59 shoulder_lift.pos=+25.34 elbow_flex.pos=-29.57 wrist_flex.pos=+82.06 wrist_roll.pos=+1.29 gripper.pos=+29.61
DEBUG 2026-09-03 08:13:11 [action #277] t=11.89s step=275 queue=22 dmax=1.157 | shoulder_pan.pos=+31.08 shoulder_lift.pos=+24.87 elbow_flex.pos=-30.28 wrist_flex.pos=+83.21 wrist_roll.pos=+1.32 gripper.pos=+29.49
DEBUG 2026-09-03 08:13:11 [action #278] t=11.92s step=276 queue=21 dmax=0.877 | shoulder_pan.pos=+31.19 shoulder_lift.pos=+24.65 elbow_flex.pos=-31.00 wrist_flex.pos=+84.09 wrist_roll.pos=+1.48 gripper.pos=+29.58
DEBUG 2026-09-03 08:13:11 [action #279] t=11.95s step=277 queue=20 dmax=1.034 | shoulder_pan.pos=+30.87 shoulder_lift.pos=+24.23 elbow_flex.pos=-31.95 wrist_flex.pos=+85.12 wrist_roll.pos=+1.35 gripper.pos=+29.69
DEBUG 2026-09-03 08:13:11 [action #280] t=11.99s step=278 queue=19 dmax=1.046 | shoulder_pan.pos=+30.51 shoulder_lift.pos=+23.61 elbow_flex.pos=-31.67 wrist_flex.pos=+86.17 wrist_roll.pos=+1.52 gripper.pos=+29.60
DEBUG 2026-09-03 08:13:11 [action #281] t=12.02s step=279 queue=18 dmax=1.662 | shoulder_pan.pos=+30.13 shoulder_lift.pos=+23.31 elbow_flex.pos=-33.33 wrist_flex.pos=+86.79 wrist_roll.pos=+1.70 gripper.pos=+29.76
DEBUG 2026-09-03 08:13:11 [action #282] t=12.05s step=280 queue=17 dmax=1.170 | shoulder_pan.pos=+29.79 shoulder_lift.pos=+22.70 elbow_flex.pos=-32.84 wrist_flex.pos=+87.96 wrist_roll.pos=+1.81 gripper.pos=+29.54
DEBUG 2026-09-03 08:13:11 [action #283] t=12.09s step=281 queue=16 dmax=1.051 | shoulder_pan.pos=+29.03 shoulder_lift.pos=+21.98 elbow_flex.pos=-33.90 wrist_flex.pos=+88.93 wrist_roll.pos=+2.02 gripper.pos=+29.37
DEBUG 2026-09-03 08:13:11 [action #284] t=12.12s step=282 queue=15 dmax=0.817 | shoulder_pan.pos=+28.72 shoulder_lift.pos=+21.48 elbow_flex.pos=-34.46 wrist_flex.pos=+89.74 wrist_roll.pos=+2.37 gripper.pos=+29.01
DEBUG 2026-09-03 08:13:11 [action #285] t=12.15s step=283 queue=14 dmax=0.788 | shoulder_pan.pos=+28.22 shoulder_lift.pos=+20.78 elbow_flex.pos=-34.49 wrist_flex.pos=+90.53 wrist_roll.pos=+2.67 gripper.pos=+28.86
DEBUG 2026-09-03 08:13:11 [action #286] t=12.19s step=284 queue=13 dmax=1.155 | shoulder_pan.pos=+27.64 shoulder_lift.pos=+19.63 elbow_flex.pos=-34.75 wrist_flex.pos=+91.45 wrist_roll.pos=+2.85 gripper.pos=+28.88
DEBUG 2026-09-03 08:13:11 [action #287] t=12.22s step=285 queue=12 dmax=0.901 | shoulder_pan.pos=+26.73 shoulder_lift.pos=+18.86 elbow_flex.pos=-35.38 wrist_flex.pos=+91.84 wrist_roll.pos=+3.11 gripper.pos=+28.62
DEBUG 2026-09-03 08:13:11 [action #288] t=12.25s step=286 queue=11 dmax=0.702 | shoulder_pan.pos=+26.06 shoulder_lift.pos=+18.28 elbow_flex.pos=-35.15 wrist_flex.pos=+92.55 wrist_roll.pos=+3.43 gripper.pos=+28.62
DEBUG 2026-09-03 08:13:11 [action #289] t=12.29s step=287 queue=10 dmax=0.896 | shoulder_pan.pos=+25.92 shoulder_lift.pos=+17.39 elbow_flex.pos=-34.61 wrist_flex.pos=+93.27 wrist_roll.pos=+3.53 gripper.pos=+28.44
DEBUG 2026-09-03 08:13:11 [action #290] t=12.32s step=288 queue=9 dmax=0.828 | shoulder_pan.pos=+25.55 shoulder_lift.pos=+16.56 elbow_flex.pos=-34.65 wrist_flex.pos=+93.55 wrist_roll.pos=+3.66 gripper.pos=+28.25
DEBUG 2026-09-03 08:13:12 [action #291] t=12.35s step=289 queue=8 dmax=1.983 | shoulder_pan.pos=+24.81 shoulder_lift.pos=+14.85 elbow_flex.pos=-32.66 wrist_flex.pos=+93.82 wrist_roll.pos=+3.79 gripper.pos=+28.10
DEBUG 2026-09-03 08:13:12 [action #292] t=12.39s step=290 queue=7 dmax=1.618 | shoulder_pan.pos=+24.16 shoulder_lift.pos=+13.23 elbow_flex.pos=-31.26 wrist_flex.pos=+94.48 wrist_roll.pos=+4.00 gripper.pos=+27.46
DEBUG 2026-09-03 08:13:12 [action #293] t=12.42s step=291 queue=6 dmax=1.195 | shoulder_pan.pos=+23.56 shoulder_lift.pos=+12.03 elbow_flex.pos=-30.81 wrist_flex.pos=+94.78 wrist_roll.pos=+4.10 gripper.pos=+26.48
DEBUG 2026-09-03 08:13:12 [action #294] t=12.45s step=292 queue=5 dmax=2.504 | shoulder_pan.pos=+22.29 shoulder_lift.pos=+9.53 elbow_flex.pos=-28.84 wrist_flex.pos=+95.06 wrist_roll.pos=+4.01 gripper.pos=+24.76
DEBUG 2026-09-03 08:13:12 [action #295] t=12.49s step=293 queue=4 dmax=2.938 | shoulder_pan.pos=+21.40 shoulder_lift.pos=+7.74 elbow_flex.pos=-27.91 wrist_flex.pos=+94.83 wrist_roll.pos=+3.78 gripper.pos=+21.83
DEBUG 2026-09-03 08:13:12 [action #296] t=12.52s step=294 queue=3 dmax=3.005 | shoulder_pan.pos=+20.40 shoulder_lift.pos=+6.83 elbow_flex.pos=-25.28 wrist_flex.pos=+94.81 wrist_roll.pos=+3.68 gripper.pos=+18.82
DEBUG 2026-09-03 08:13:12 [action #297] t=12.55s step=295 queue=2 dmax=3.281 | shoulder_pan.pos=+19.30 shoulder_lift.pos=+3.55 elbow_flex.pos=-22.64 wrist_flex.pos=+94.65 wrist_roll.pos=+3.32 gripper.pos=+16.21
DEBUG 2026-09-03 08:13:12 [action #298] t=12.59s step=296 queue=1 dmax=1.881 | shoulder_pan.pos=+18.47 shoulder_lift.pos=+1.67 elbow_flex.pos=-20.88 wrist_flex.pos=+94.29 wrist_roll.pos=+3.23 gripper.pos=+14.33
DEBUG 2026-09-03 08:13:12 [chunk] received 50 actions, timesteps 272..321 | first: shoulder_pan.pos=+27.97 shoulder_lift.pos=+17.82 elbow_flex.pos=-20.47 wrist_flex.pos=+73.28 wrist_roll.pos=-0.94 gripper.pos=+26.61 | last: shoulder_pan.pos=+1.58 shoulder_lift.pos=-52.64 elbow_flex.pos=+39.80 wrist_flex.pos=+78.42 wrist_roll.pos=+1.21 gripper.pos=+0.36
DEBUG 2026-09-03 08:13:12 [action #299] t=12.65s step=297 queue=25 dmax=6.111 | shoulder_pan.pos=+19.31 shoulder_lift.pos=+4.18 elbow_flex.pos=-22.95 wrist_flex.pos=+95.44 wrist_roll.pos=+1.63 gripper.pos=+20.44
DEBUG 2026-09-03 08:13:12 [action #300] t=12.69s step=298 queue=24 dmax=2.259 | shoulder_pan.pos=+18.79 shoulder_lift.pos=+1.92 elbow_flex.pos=-22.40 wrist_flex.pos=+95.77 wrist_roll.pos=+1.55 gripper.pos=+18.64
DEBUG 2026-09-03 08:13:12 [action #301] t=12.72s step=299 queue=23 dmax=2.650 | shoulder_pan.pos=+17.99 shoulder_lift.pos=-0.73 elbow_flex.pos=-19.80 wrist_flex.pos=+95.45 wrist_roll.pos=+1.58 gripper.pos=+16.90
DEBUG 2026-09-03 08:13:12 [action #302] t=12.75s step=300 queue=22 dmax=2.541 | shoulder_pan.pos=+17.18 shoulder_lift.pos=-2.14 elbow_flex.pos=-17.26 wrist_flex.pos=+95.64 wrist_roll.pos=+1.62 gripper.pos=+15.32
DEBUG 2026-09-03 08:13:12 [action #303] t=12.79s step=301 queue=21 dmax=2.694 | shoulder_pan.pos=+16.40 shoulder_lift.pos=-4.25 elbow_flex.pos=-14.56 wrist_flex.pos=+95.27 wrist_roll.pos=+1.62 gripper.pos=+13.34
DEBUG 2026-09-03 08:13:12 [action #304] t=12.82s step=302 queue=20 dmax=2.828 | shoulder_pan.pos=+15.58 shoulder_lift.pos=-7.08 elbow_flex.pos=-11.81 wrist_flex.pos=+94.95 wrist_roll.pos=+1.79 gripper.pos=+11.74
DEBUG 2026-09-03 08:13:12 [action #305] t=12.86s step=303 queue=19 dmax=2.373 | shoulder_pan.pos=+14.68 shoulder_lift.pos=-9.46 elbow_flex.pos=-9.91 wrist_flex.pos=+94.28 wrist_roll.pos=+1.59 gripper.pos=+9.81
DEBUG 2026-09-03 08:13:12 [action #306] t=12.89s step=304 queue=18 dmax=2.582 | shoulder_pan.pos=+13.84 shoulder_lift.pos=-12.00 elbow_flex.pos=-7.33 wrist_flex.pos=+93.75 wrist_roll.pos=+1.58 gripper.pos=+7.98
DEBUG 2026-09-03 08:13:12 [action #307] t=12.92s step=305 queue=17 dmax=3.123 | shoulder_pan.pos=+12.86 shoulder_lift.pos=-14.54 elbow_flex.pos=-4.21 wrist_flex.pos=+93.07 wrist_roll.pos=+1.51 gripper.pos=+6.53
DEBUG 2026-09-03 08:13:12 [action #308] t=12.96s step=306 queue=16 dmax=2.390 | shoulder_pan.pos=+12.10 shoulder_lift.pos=-16.93 elbow_flex.pos=-2.18 wrist_flex.pos=+92.14 wrist_roll.pos=+1.53 gripper.pos=+5.04
DEBUG 2026-09-03 08:13:12 [action #309] t=12.99s step=307 queue=15 dmax=3.121 | shoulder_pan.pos=+10.96 shoulder_lift.pos=-19.77 elbow_flex.pos=+0.94 wrist_flex.pos=+91.53 wrist_roll.pos=+1.40 gripper.pos=+3.46
DEBUG 2026-09-03 08:13:12 [action #310] t=13.02s step=308 queue=14 dmax=3.519 | shoulder_pan.pos=+10.16 shoulder_lift.pos=-22.66 elbow_flex.pos=+4.46 wrist_flex.pos=+90.44 wrist_roll.pos=+1.30 gripper.pos=+2.87
DEBUG 2026-09-03 08:13:12 [action #311] t=13.06s step=309 queue=13 dmax=2.765 | shoulder_pan.pos=+9.38 shoulder_lift.pos=-24.57 elbow_flex.pos=+7.23 wrist_flex.pos=+89.24 wrist_roll.pos=+1.32 gripper.pos=+1.78
DEBUG 2026-09-03 08:13:12 [action #312] t=13.09s step=310 queue=12 dmax=2.905 | shoulder_pan.pos=+8.23 shoulder_lift.pos=-27.48 elbow_flex.pos=+9.58 wrist_flex.pos=+88.14 wrist_roll.pos=+1.42 gripper.pos=+1.20
DEBUG 2026-09-03 08:13:12 [action #313] t=13.12s step=311 queue=11 dmax=4.088 | shoulder_pan.pos=+7.40 shoulder_lift.pos=-30.32 elbow_flex.pos=+13.67 wrist_flex.pos=+87.17 wrist_roll.pos=+1.34 gripper.pos=+0.91
DEBUG 2026-09-03 08:13:12 [action #314] t=13.16s step=312 queue=10 dmax=2.408 | shoulder_pan.pos=+6.71 shoulder_lift.pos=-32.65 elbow_flex.pos=+16.08 wrist_flex.pos=+86.06 wrist_roll.pos=+1.29 gripper.pos=+0.66
DEBUG 2026-09-03 08:13:12 [action #315] t=13.19s step=313 queue=9 dmax=3.176 | shoulder_pan.pos=+5.92 shoulder_lift.pos=-35.39 elbow_flex.pos=+19.26 wrist_flex.pos=+84.96 wrist_roll.pos=+1.35 gripper.pos=+0.33
DEBUG 2026-09-03 08:13:12 [action #316] t=13.22s step=314 queue=8 dmax=2.855 | shoulder_pan.pos=+5.33 shoulder_lift.pos=-37.46 elbow_flex.pos=+22.11 wrist_flex.pos=+83.95 wrist_roll.pos=+1.25 gripper.pos=+0.22
DEBUG 2026-09-03 08:13:12 [action #317] t=13.26s step=315 queue=7 dmax=2.810 | shoulder_pan.pos=+4.33 shoulder_lift.pos=-39.81 elbow_flex.pos=+24.92 wrist_flex.pos=+83.06 wrist_roll.pos=+1.15 gripper.pos=-0.02
DEBUG 2026-09-03 08:13:12 [action #318] t=13.29s step=316 queue=6 dmax=2.425 | shoulder_pan.pos=+3.76 shoulder_lift.pos=-42.07 elbow_flex.pos=+27.35 wrist_flex.pos=+81.95 wrist_roll.pos=+1.26 gripper.pos=-0.11
DEBUG 2026-09-03 08:13:12 [action #319] t=13.32s step=317 queue=5 dmax=2.521 | shoulder_pan.pos=+3.25 shoulder_lift.pos=-44.18 elbow_flex.pos=+29.87 wrist_flex.pos=+81.09 wrist_roll.pos=+1.37 gripper.pos=-0.29
DEBUG 2026-09-03 08:13:13 [action #320] t=13.36s step=318 queue=4 dmax=2.432 | shoulder_pan.pos=+2.52 shoulder_lift.pos=-46.61 elbow_flex.pos=+32.06 wrist_flex.pos=+80.33 wrist_roll.pos=+1.34 gripper.pos=-0.12
DEBUG 2026-09-03 08:13:13 [action #321] t=13.39s step=319 queue=3 dmax=2.577 | shoulder_pan.pos=+2.21 shoulder_lift.pos=-48.47 elbow_flex.pos=+34.63 wrist_flex.pos=+79.83 wrist_roll.pos=+1.25 gripper.pos=+0.07
DEBUG 2026-09-03 08:13:13 [action #322] t=13.42s step=320 queue=2 dmax=2.611 | shoulder_pan.pos=+1.47 shoulder_lift.pos=-50.38 elbow_flex.pos=+37.24 wrist_flex.pos=+79.14 wrist_roll.pos=+1.17 gripper.pos=+0.22
DEBUG 2026-09-03 08:13:13 [action #323] t=13.46s step=321 queue=1 dmax=2.559 | shoulder_pan.pos=+1.58 shoulder_lift.pos=-52.64 elbow_flex.pos=+39.80 wrist_flex.pos=+78.42 wrist_roll.pos=+1.21 gripper.pos=+0.36
DEBUG 2026-09-03 08:13:13 [chunk] received 50 actions, timesteps 296..345 | first: shoulder_pan.pos=+18.71 shoulder_lift.pos=+0.52 elbow_flex.pos=-24.08 wrist_flex.pos=+101.94 wrist_roll.pos=+3.20 gripper.pos=+9.91 | last: shoulder_pan.pos=-3.61 shoulder_lift.pos=-91.86 elbow_flex.pos=+74.19 wrist_flex.pos=+73.46 wrist_roll.pos=-0.68 gripper.pos=+0.27
DEBUG 2026-09-03 08:13:13 [action #324] t=13.56s step=322 queue=24 dmax=4.190 | shoulder_pan.pos=-1.79 shoulder_lift.pos=-56.83 elbow_flex.pos=+40.97 wrist_flex.pos=+80.82 wrist_roll.pos=+1.53 gripper.pos=+0.22
DEBUG 2026-09-03 08:13:13 [action #325] t=13.59s step=323 queue=23 dmax=1.212 | shoulder_pan.pos=-2.34 shoulder_lift.pos=-58.04 elbow_flex.pos=+41.98 wrist_flex.pos=+80.43 wrist_roll.pos=+1.60 gripper.pos=+0.27
DEBUG 2026-09-03 08:13:13 [action #326] t=13.63s step=324 queue=22 dmax=2.762 | shoulder_pan.pos=-2.62 shoulder_lift.pos=-59.44 elbow_flex.pos=+44.74 wrist_flex.pos=+79.80 wrist_roll.pos=+1.50 gripper.pos=+0.30
DEBUG 2026-09-03 08:13:13 [action #327] t=13.66s step=325 queue=21 dmax=1.666 | shoulder_pan.pos=-2.69 shoulder_lift.pos=-61.11 elbow_flex.pos=+46.23 wrist_flex.pos=+79.07 wrist_roll.pos=+1.63 gripper.pos=+0.30
DEBUG 2026-09-03 08:13:13 [action #328] t=13.69s step=326 queue=20 dmax=1.414 | shoulder_pan.pos=-2.89 shoulder_lift.pos=-61.70 elbow_flex.pos=+47.65 wrist_flex.pos=+78.62 wrist_roll.pos=+1.57 gripper.pos=+0.33
DEBUG 2026-09-03 08:13:13 [action #329] t=13.73s step=327 queue=19 dmax=2.085 | shoulder_pan.pos=-2.96 shoulder_lift.pos=-63.35 elbow_flex.pos=+49.73 wrist_flex.pos=+77.71 wrist_roll.pos=+1.63 gripper.pos=+0.33
DEBUG 2026-09-03 08:13:13 [action #330] t=13.76s step=328 queue=18 dmax=1.628 | shoulder_pan.pos=-2.74 shoulder_lift.pos=-64.97 elbow_flex.pos=+50.81 wrist_flex.pos=+77.03 wrist_roll.pos=+1.55 gripper.pos=+0.21
DEBUG 2026-09-03 08:13:13 [action #331] t=13.79s step=329 queue=17 dmax=1.050 | shoulder_pan.pos=-2.37 shoulder_lift.pos=-65.97 elbow_flex.pos=+51.86 wrist_flex.pos=+76.51 wrist_roll.pos=+1.69 gripper.pos=-0.04
DEBUG 2026-09-03 08:13:13 [action #332] t=13.83s step=330 queue=16 dmax=1.671 | shoulder_pan.pos=-2.08 shoulder_lift.pos=-67.28 elbow_flex.pos=+53.53 wrist_flex.pos=+76.00 wrist_roll.pos=+1.56 gripper.pos=-0.18
DEBUG 2026-09-03 08:13:13 [action #333] t=13.86s step=331 queue=15 dmax=2.056 | shoulder_pan.pos=-2.12 shoulder_lift.pos=-68.87 elbow_flex.pos=+55.59 wrist_flex.pos=+75.59 wrist_roll.pos=+1.52 gripper.pos=-0.26
DEBUG 2026-09-03 08:13:13 [action #334] t=13.89s step=332 queue=14 dmax=1.722 | shoulder_pan.pos=-2.04 shoulder_lift.pos=-70.57 elbow_flex.pos=+57.31 wrist_flex.pos=+75.13 wrist_roll.pos=+1.37 gripper.pos=-0.21
DEBUG 2026-09-03 08:13:13 [action #335] t=13.93s step=333 queue=13 dmax=1.742 | shoulder_pan.pos=-1.66 shoulder_lift.pos=-72.32 elbow_flex.pos=+58.24 wrist_flex.pos=+74.65 wrist_roll.pos=+0.95 gripper.pos=-0.00
DEBUG 2026-09-03 08:13:13 [action #336] t=13.96s step=334 queue=12 dmax=2.138 | shoulder_pan.pos=-1.84 shoulder_lift.pos=-73.80 elbow_flex.pos=+60.38 wrist_flex.pos=+74.55 wrist_roll.pos=+0.44 gripper.pos=-0.05
DEBUG 2026-09-03 08:13:13 [action #337] t=13.99s step=335 queue=11 dmax=2.344 | shoulder_pan.pos=-1.77 shoulder_lift.pos=-76.15 elbow_flex.pos=+61.28 wrist_flex.pos=+74.06 wrist_roll.pos=-0.21 gripper.pos=-0.12
DEBUG 2026-09-03 08:13:13 [action #338] t=14.03s step=336 queue=10 dmax=2.108 | shoulder_pan.pos=-2.02 shoulder_lift.pos=-78.26 elbow_flex.pos=+62.78 wrist_flex.pos=+73.57 wrist_roll.pos=-0.62 gripper.pos=+0.04
DEBUG 2026-09-03 08:13:13 [action #339] t=14.06s step=337 queue=9 dmax=2.412 | shoulder_pan.pos=-2.22 shoulder_lift.pos=-80.67 elbow_flex.pos=+64.22 wrist_flex.pos=+73.10 wrist_roll.pos=-0.88 gripper.pos=+0.07
DEBUG 2026-09-03 08:13:13 [action #340] t=14.09s step=338 queue=8 dmax=1.452 | shoulder_pan.pos=-2.68 shoulder_lift.pos=-81.72 elbow_flex.pos=+65.67 wrist_flex.pos=+73.12 wrist_roll.pos=-0.79 gripper.pos=+0.01
DEBUG 2026-09-03 08:13:13 [action #341] t=14.13s step=339 queue=7 dmax=1.861 | shoulder_pan.pos=-2.57 shoulder_lift.pos=-83.58 elbow_flex.pos=+66.96 wrist_flex.pos=+72.92 wrist_roll.pos=-0.69 gripper.pos=-0.08
DEBUG 2026-09-03 08:13:13 [action #342] t=14.16s step=340 queue=6 dmax=1.427 | shoulder_pan.pos=-2.63 shoulder_lift.pos=-85.01 elbow_flex.pos=+68.21 wrist_flex.pos=+72.84 wrist_roll.pos=-0.63 gripper.pos=+0.06
DEBUG 2026-09-03 08:13:13 [action #343] t=14.19s step=341 queue=5 dmax=1.541 | shoulder_pan.pos=-3.27 shoulder_lift.pos=-86.55 elbow_flex.pos=+68.64 wrist_flex.pos=+73.12 wrist_roll.pos=-0.62 gripper.pos=+0.10
DEBUG 2026-09-03 08:13:13 [action #344] t=14.23s step=342 queue=4 dmax=1.823 | shoulder_pan.pos=-3.43 shoulder_lift.pos=-87.57 elbow_flex.pos=+70.47 wrist_flex.pos=+73.24 wrist_roll.pos=-0.70 gripper.pos=+0.04
DEBUG 2026-09-03 08:13:13 [action #345] t=14.26s step=343 queue=3 dmax=0.947 | shoulder_pan.pos=-3.24 shoulder_lift.pos=-88.40 elbow_flex.pos=+71.41 wrist_flex.pos=+72.98 wrist_roll.pos=-0.66 gripper.pos=+0.06
DEBUG 2026-09-03 08:13:13 [action #346] t=14.30s step=344 queue=2 dmax=1.255 | shoulder_pan.pos=-3.06 shoulder_lift.pos=-89.41 elbow_flex.pos=+72.67 wrist_flex.pos=+73.28 wrist_roll.pos=-0.79 gripper.pos=+0.22
DEBUG 2026-09-03 08:13:13 [action #347] t=14.33s step=345 queue=1 dmax=2.449 | shoulder_pan.pos=-3.61 shoulder_lift.pos=-91.86 elbow_flex.pos=+74.19 wrist_flex.pos=+73.46 wrist_roll.pos=-0.68 gripper.pos=+0.27
DEBUG 2026-09-03 08:13:14 [chunk] received 50 actions, timesteps 321..370 | first: shoulder_pan.pos=+1.26 shoulder_lift.pos=-52.53 elbow_flex.pos=+42.86 wrist_flex.pos=+76.25 wrist_roll.pos=+1.97 gripper.pos=-0.24 | last: shoulder_pan.pos=+0.44 shoulder_lift.pos=-103.10 elbow_flex.pos=+86.04 wrist_flex.pos=+79.38 wrist_roll.pos=-2.03 gripper.pos=+0.29
DEBUG 2026-09-03 08:13:14 [action #348] t=14.46s step=346 queue=25 dmax=2.072 | shoulder_pan.pos=-4.36 shoulder_lift.pos=-93.93 elbow_flex.pos=+75.27 wrist_flex.pos=+73.77 wrist_roll.pos=-0.32 gripper.pos=-0.03
DEBUG 2026-09-03 08:13:14 [action #349] t=14.50s step=347 queue=24 dmax=0.833 | shoulder_pan.pos=-4.15 shoulder_lift.pos=-94.76 elbow_flex.pos=+75.92 wrist_flex.pos=+73.99 wrist_roll.pos=-0.71 gripper.pos=+0.01
DEBUG 2026-09-03 08:13:14 [action #350] t=14.53s step=348 queue=23 dmax=1.511 | shoulder_pan.pos=-4.14 shoulder_lift.pos=-96.27 elbow_flex.pos=+76.35 wrist_flex.pos=+73.92 wrist_roll.pos=-0.55 gripper.pos=+0.11
DEBUG 2026-09-03 08:13:14 [action #351] t=14.56s step=349 queue=22 dmax=1.420 | shoulder_pan.pos=-3.83 shoulder_lift.pos=-97.69 elbow_flex.pos=+77.45 wrist_flex.pos=+73.80 wrist_roll.pos=-0.44 gripper.pos=-0.07
DEBUG 2026-09-03 08:13:14 [action #352] t=14.60s step=350 queue=21 dmax=1.663 | shoulder_pan.pos=-3.90 shoulder_lift.pos=-99.29 elbow_flex.pos=+79.12 wrist_flex.pos=+74.05 wrist_roll.pos=-0.34 gripper.pos=-0.06
DEBUG 2026-09-03 08:13:14 [action #353] t=14.63s step=351 queue=20 dmax=1.004 | shoulder_pan.pos=-3.52 shoulder_lift.pos=-100.29 elbow_flex.pos=+79.65 wrist_flex.pos=+73.96 wrist_roll.pos=-0.68 gripper.pos=-0.11
DEBUG 2026-09-03 08:13:14 [action #354] t=14.66s step=352 queue=19 dmax=1.831 | shoulder_pan.pos=-3.23 shoulder_lift.pos=-101.66 elbow_flex.pos=+81.48 wrist_flex.pos=+74.20 wrist_roll.pos=-0.52 gripper.pos=-0.07
DEBUG 2026-09-03 08:13:14 [action #355] t=14.70s step=353 queue=18 dmax=0.890 | shoulder_pan.pos=-2.78 shoulder_lift.pos=-101.91 elbow_flex.pos=+82.37 wrist_flex.pos=+74.67 wrist_roll.pos=-0.66 gripper.pos=-0.14
DEBUG 2026-09-03 08:13:14 [action #356] t=14.73s step=354 queue=17 dmax=1.000 | shoulder_pan.pos=-2.54 shoulder_lift.pos=-102.91 elbow_flex.pos=+82.47 wrist_flex.pos=+74.58 wrist_roll.pos=-0.84 gripper.pos=+0.06
DEBUG 2026-09-03 08:13:14 [action #357] t=14.76s step=355 queue=16 dmax=0.838 | shoulder_pan.pos=-2.12 shoulder_lift.pos=-103.75 elbow_flex.pos=+82.91 wrist_flex.pos=+75.19 wrist_roll.pos=-1.17 gripper.pos=+0.09
DEBUG 2026-09-03 08:13:14 [action #358] t=14.80s step=356 queue=15 dmax=0.804 | shoulder_pan.pos=-2.23 shoulder_lift.pos=-104.55 elbow_flex.pos=+83.67 wrist_flex.pos=+75.65 wrist_roll.pos=-1.48 gripper.pos=-0.01
DEBUG 2026-09-03 08:13:14 [action #359] t=14.83s step=357 queue=14 dmax=0.786 | shoulder_pan.pos=-2.03 shoulder_lift.pos=-104.67 elbow_flex.pos=+83.81 wrist_flex.pos=+76.44 wrist_roll.pos=-1.78 gripper.pos=+0.02
DEBUG 2026-09-03 08:13:14 [action #360] t=14.86s step=358 queue=13 dmax=0.771 | shoulder_pan.pos=-2.06 shoulder_lift.pos=-104.42 elbow_flex.pos=+84.58 wrist_flex.pos=+76.53 wrist_roll.pos=-2.06 gripper.pos=-0.04
DEBUG 2026-09-03 08:13:14 [action #361] t=14.90s step=359 queue=12 dmax=0.411 | shoulder_pan.pos=-1.77 shoulder_lift.pos=-104.05 elbow_flex.pos=+84.43 wrist_flex.pos=+76.94 wrist_roll.pos=-2.22 gripper.pos=-0.04
DEBUG 2026-09-03 08:13:14 [action #362] t=14.93s step=360 queue=11 dmax=0.560 | shoulder_pan.pos=-1.63 shoulder_lift.pos=-104.17 elbow_flex.pos=+84.99 wrist_flex.pos=+77.43 wrist_roll.pos=-1.90 gripper.pos=+0.13
DEBUG 2026-09-03 08:13:14 [action #363] t=14.96s step=361 queue=10 dmax=0.808 | shoulder_pan.pos=-1.58 shoulder_lift.pos=-103.36 elbow_flex.pos=+84.23 wrist_flex.pos=+77.80 wrist_roll.pos=-1.92 gripper.pos=+0.08
DEBUG 2026-09-03 08:13:14 [action #364] t=15.00s step=362 queue=9 dmax=0.474 | shoulder_pan.pos=-1.36 shoulder_lift.pos=-103.24 elbow_flex.pos=+84.70 wrist_flex.pos=+78.17 wrist_roll.pos=-1.93 gripper.pos=+0.07
DEBUG 2026-09-03 08:13:14 [action #365] t=15.03s step=363 queue=8 dmax=0.661 | shoulder_pan.pos=-1.08 shoulder_lift.pos=-103.40 elbow_flex.pos=+84.29 wrist_flex.pos=+78.83 wrist_roll.pos=-2.08 gripper.pos=+0.09
DEBUG 2026-09-03 08:13:14 [action #366] t=15.06s step=364 queue=7 dmax=0.925 | shoulder_pan.pos=-0.76 shoulder_lift.pos=-102.69 elbow_flex.pos=+85.22 wrist_flex.pos=+79.12 wrist_roll.pos=-1.93 gripper.pos=+0.10
DEBUG 2026-09-03 08:13:14 [action #367] t=15.10s step=365 queue=6 dmax=0.540 | shoulder_pan.pos=-0.49 shoulder_lift.pos=-102.15 elbow_flex.pos=+85.25 wrist_flex.pos=+79.58 wrist_roll.pos=-2.00 gripper.pos=+0.14
DEBUG 2026-09-03 08:13:14 [action #368] t=15.13s step=366 queue=5 dmax=0.607 | shoulder_pan.pos=-0.42 shoulder_lift.pos=-102.75 elbow_flex.pos=+85.44 wrist_flex.pos=+79.54 wrist_roll.pos=-1.82 gripper.pos=+0.19
DEBUG 2026-09-03 08:13:14 [action #369] t=15.17s step=367 queue=4 dmax=0.523 | shoulder_pan.pos=+0.10 shoulder_lift.pos=-103.00 elbow_flex.pos=+85.90 wrist_flex.pos=+79.49 wrist_roll.pos=-1.81 gripper.pos=+0.11
DEBUG 2026-09-03 08:13:14 [action #370] t=15.20s step=368 queue=3 dmax=0.246 | shoulder_pan.pos=+0.05 shoulder_lift.pos=-102.75 elbow_flex.pos=+85.90 wrist_flex.pos=+79.48 wrist_roll.pos=-2.01 gripper.pos=+0.04
DEBUG 2026-09-03 08:13:14 [action #371] t=15.23s step=369 queue=2 dmax=0.634 | shoulder_pan.pos=+0.23 shoulder_lift.pos=-103.05 elbow_flex.pos=+86.53 wrist_flex.pos=+79.45 wrist_roll.pos=-1.83 gripper.pos=+0.15
DEBUG 2026-09-03 08:13:14 [action #372] t=15.27s step=370 queue=1 dmax=0.492 | shoulder_pan.pos=+0.44 shoulder_lift.pos=-103.10 elbow_flex.pos=+86.04 wrist_flex.pos=+79.38 wrist_roll.pos=-2.03 gripper.pos=+0.29
DEBUG 2026-09-03 08:13:15 [chunk] received 50 actions, timesteps 345..394 | first: shoulder_pan.pos=-4.15 shoulder_lift.pos=-92.15 elbow_flex.pos=+72.78 wrist_flex.pos=+73.92 wrist_roll.pos=+0.27 gripper.pos=+0.24 | last: shoulder_pan.pos=-6.99 shoulder_lift.pos=-42.88 elbow_flex.pos=+42.23 wrist_flex.pos=+61.37 wrist_roll.pos=-2.17 gripper.pos=+0.25
DEBUG 2026-09-03 08:13:15 [action #373] t=15.37s step=371 queue=24 dmax=29.436 | shoulder_pan.pos=-5.93 shoulder_lift.pos=-73.66 elbow_flex.pos=+67.35 wrist_flex.pos=+67.35 wrist_roll.pos=-1.06 gripper.pos=-0.14
DEBUG 2026-09-03 08:13:15 [action #374] t=15.40s step=372 queue=23 dmax=1.863 | shoulder_pan.pos=-6.01 shoulder_lift.pos=-71.80 elbow_flex.pos=+65.75 wrist_flex.pos=+66.75 wrist_roll.pos=-1.02 gripper.pos=-0.29
DEBUG 2026-09-03 08:13:15 [action #375] t=15.43s step=373 queue=22 dmax=0.980 | shoulder_pan.pos=-5.81 shoulder_lift.pos=-70.82 elbow_flex.pos=+65.48 wrist_flex.pos=+66.23 wrist_roll.pos=-1.07 gripper.pos=-0.22
DEBUG 2026-09-03 08:13:15 [action #376] t=15.47s step=374 queue=21 dmax=2.604 | shoulder_pan.pos=-5.66 shoulder_lift.pos=-68.22 elbow_flex.pos=+63.39 wrist_flex.pos=+65.63 wrist_roll.pos=-1.16 gripper.pos=-0.10
DEBUG 2026-09-03 08:13:15 [action #377] t=15.50s step=375 queue=20 dmax=1.449 | shoulder_pan.pos=-5.68 shoulder_lift.pos=-66.77 elbow_flex.pos=+62.25 wrist_flex.pos=+65.04 wrist_roll.pos=-1.12 gripper.pos=-0.15
DEBUG 2026-09-03 08:13:15 [action #378] t=15.53s step=376 queue=19 dmax=2.656 | shoulder_pan.pos=-5.72 shoulder_lift.pos=-64.11 elbow_flex.pos=+60.70 wrist_flex.pos=+64.41 wrist_roll.pos=-1.34 gripper.pos=-0.07
DEBUG 2026-09-03 08:13:15 [action #379] t=15.57s step=377 queue=18 dmax=2.662 | shoulder_pan.pos=-5.83 shoulder_lift.pos=-61.45 elbow_flex.pos=+59.64 wrist_flex.pos=+63.94 wrist_roll.pos=-1.45 gripper.pos=-0.01
DEBUG 2026-09-03 08:13:15 [action #380] t=15.60s step=378 queue=17 dmax=2.164 | shoulder_pan.pos=-5.72 shoulder_lift.pos=-59.58 elbow_flex.pos=+57.47 wrist_flex.pos=+63.46 wrist_roll.pos=-1.56 gripper.pos=-0.14
DEBUG 2026-09-03 08:13:15 [action #381] t=15.63s step=379 queue=16 dmax=2.400 | shoulder_pan.pos=-5.93 shoulder_lift.pos=-57.18 elbow_flex.pos=+55.83 wrist_flex.pos=+63.22 wrist_roll.pos=-1.66 gripper.pos=-0.09
DEBUG 2026-09-03 08:13:15 [action #382] t=15.67s step=380 queue=15 dmax=1.944 | shoulder_pan.pos=-5.99 shoulder_lift.pos=-55.61 elbow_flex.pos=+53.89 wrist_flex.pos=+62.90 wrist_roll.pos=-1.69 gripper.pos=-0.18
DEBUG 2026-09-03 08:13:15 [action #383] t=15.70s step=381 queue=14 dmax=1.655 | shoulder_pan.pos=-6.04 shoulder_lift.pos=-53.96 elbow_flex.pos=+52.37 wrist_flex.pos=+62.65 wrist_roll.pos=-1.86 gripper.pos=-0.03
DEBUG 2026-09-03 08:13:15 [action #384] t=15.73s step=382 queue=13 dmax=1.228 | shoulder_pan.pos=-6.16 shoulder_lift.pos=-52.73 elbow_flex.pos=+51.45 wrist_flex.pos=+62.34 wrist_roll.pos=-2.10 gripper.pos=+0.00
DEBUG 2026-09-03 08:13:15 [action #385] t=15.77s step=383 queue=12 dmax=1.248 | shoulder_pan.pos=-6.26 shoulder_lift.pos=-51.48 elbow_flex.pos=+50.55 wrist_flex.pos=+61.94 wrist_roll.pos=-1.96 gripper.pos=+0.05
DEBUG 2026-09-03 08:13:15 [action #386] t=15.80s step=384 queue=11 dmax=0.742 | shoulder_pan.pos=-6.42 shoulder_lift.pos=-50.74 elbow_flex.pos=+49.88 wrist_flex.pos=+61.68 wrist_roll.pos=-1.99 gripper.pos=-0.02
DEBUG 2026-09-03 08:13:15 [action #387] t=15.84s step=385 queue=10 dmax=1.411 | shoulder_pan.pos=-6.49 shoulder_lift.pos=-49.83 elbow_flex.pos=+48.46 wrist_flex.pos=+61.44 wrist_roll.pos=-1.97 gripper.pos=+0.05
DEBUG 2026-09-03 08:13:15 [action #388] t=15.87s step=386 queue=9 dmax=0.798 | shoulder_pan.pos=-6.64 shoulder_lift.pos=-49.03 elbow_flex.pos=+48.11 wrist_flex.pos=+61.43 wrist_roll.pos=-1.90 gripper.pos=+0.14
DEBUG 2026-09-03 08:13:15 [action #389] t=15.90s step=387 queue=8 dmax=1.110 | shoulder_pan.pos=-6.82 shoulder_lift.pos=-48.24 elbow_flex.pos=+47.00 wrist_flex.pos=+61.26 wrist_roll.pos=-1.95 gripper.pos=+0.15
DEBUG 2026-09-03 08:13:15 [action #390] t=15.94s step=388 queue=7 dmax=1.156 | shoulder_pan.pos=-6.79 shoulder_lift.pos=-47.32 elbow_flex.pos=+45.85 wrist_flex.pos=+61.34 wrist_roll.pos=-1.96 gripper.pos=+0.12
DEBUG 2026-09-03 08:13:15 [action #391] t=15.97s step=389 queue=6 dmax=0.772 | shoulder_pan.pos=-6.90 shoulder_lift.pos=-46.55 elbow_flex.pos=+45.20 wrist_flex.pos=+61.34 wrist_roll.pos=-1.92 gripper.pos=+0.13
DEBUG 2026-09-03 08:13:15 [action #392] t=16.00s step=390 queue=5 dmax=0.366 | shoulder_pan.pos=-6.82 shoulder_lift.pos=-46.19 elbow_flex.pos=+45.34 wrist_flex.pos=+61.58 wrist_roll.pos=-2.02 gripper.pos=+0.11
DEBUG 2026-09-03 08:13:15 [action #393] t=16.04s step=391 queue=4 dmax=0.793 | shoulder_pan.pos=-6.76 shoulder_lift.pos=-45.39 elbow_flex.pos=+44.81 wrist_flex.pos=+61.54 wrist_roll.pos=-2.18 gripper.pos=+0.20
DEBUG 2026-09-03 08:13:15 [action #394] t=16.07s step=392 queue=3 dmax=0.993 | shoulder_pan.pos=-7.12 shoulder_lift.pos=-44.65 elbow_flex.pos=+43.82 wrist_flex.pos=+61.44 wrist_roll.pos=-2.11 gripper.pos=+0.19
DEBUG 2026-09-03 08:13:15 [action #395] t=16.10s step=393 queue=2 dmax=1.028 | shoulder_pan.pos=-7.10 shoulder_lift.pos=-43.90 elbow_flex.pos=+42.79 wrist_flex.pos=+61.41 wrist_roll.pos=-2.04 gripper.pos=+0.15
DEBUG 2026-09-03 08:13:15 [action #396] t=16.14s step=394 queue=1 dmax=1.019 | shoulder_pan.pos=-6.99 shoulder_lift.pos=-42.88 elbow_flex.pos=+42.23 wrist_flex.pos=+61.37 wrist_roll.pos=-2.17 gripper.pos=+0.25
DEBUG 2026-09-03 08:13:15 [chunk] received 50 actions, timesteps 370..419 | first: shoulder_pan.pos=-0.70 shoulder_lift.pos=-101.61 elbow_flex.pos=+85.41 wrist_flex.pos=+77.76 wrist_roll.pos=-1.72 gripper.pos=+0.27 | last: shoulder_pan.pos=-6.36 shoulder_lift.pos=-102.28 elbow_flex.pos=+87.33 wrist_flex.pos=+68.98 wrist_roll.pos=-2.32 gripper.pos=+0.25
DEBUG 2026-09-03 08:13:15 [action #397] t=16.20s step=395 queue=25 dmax=59.073 | shoulder_pan.pos=-7.43 shoulder_lift.pos=-101.95 elbow_flex.pos=+86.53 wrist_flex.pos=+76.58 wrist_roll.pos=-1.66 gripper.pos=+0.16
DEBUG 2026-09-03 08:13:15 [action #398] t=16.24s step=396 queue=24 dmax=0.371 | shoulder_pan.pos=-7.40 shoulder_lift.pos=-101.58 elbow_flex.pos=+86.41 wrist_flex.pos=+76.44 wrist_roll.pos=-1.68 gripper.pos=+0.17
DEBUG 2026-09-03 08:13:15 [action #399] t=16.27s step=397 queue=23 dmax=0.184 | shoulder_pan.pos=-7.41 shoulder_lift.pos=-101.77 elbow_flex.pos=+86.41 wrist_flex.pos=+76.45 wrist_roll.pos=-1.61 gripper.pos=+0.21
DEBUG 2026-09-03 08:13:15 [action #400] t=16.30s step=398 queue=22 dmax=0.272 | shoulder_pan.pos=-7.58 shoulder_lift.pos=-102.04 elbow_flex.pos=+86.51 wrist_flex.pos=+76.27 wrist_roll.pos=-1.65 gripper.pos=+0.20
DEBUG 2026-09-03 08:13:16 [action #401] t=16.34s step=399 queue=21 dmax=0.186 | shoulder_pan.pos=-7.53 shoulder_lift.pos=-101.90 elbow_flex.pos=+86.33 wrist_flex.pos=+76.18 wrist_roll.pos=-1.59 gripper.pos=+0.21
DEBUG 2026-09-03 08:13:16 [action #402] t=16.37s step=400 queue=20 dmax=0.616 | shoulder_pan.pos=-7.44 shoulder_lift.pos=-101.73 elbow_flex.pos=+86.94 wrist_flex.pos=+76.22 wrist_roll.pos=-1.63 gripper.pos=+0.10
DEBUG 2026-09-03 08:13:16 [action #403] t=16.40s step=401 queue=19 dmax=0.827 | shoulder_pan.pos=-7.37 shoulder_lift.pos=-101.43 elbow_flex.pos=+86.12 wrist_flex.pos=+76.09 wrist_roll.pos=-1.62 gripper.pos=+0.07
DEBUG 2026-09-03 08:13:16 [action #404] t=16.44s step=402 queue=18 dmax=0.159 | shoulder_pan.pos=-7.32 shoulder_lift.pos=-101.44 elbow_flex.pos=+86.28 wrist_flex.pos=+76.02 wrist_roll.pos=-1.60 gripper.pos=+0.13
DEBUG 2026-09-03 08:13:16 [action #405] t=16.47s step=403 queue=17 dmax=0.585 | shoulder_pan.pos=-7.37 shoulder_lift.pos=-101.95 elbow_flex.pos=+86.86 wrist_flex.pos=+75.74 wrist_roll.pos=-1.61 gripper.pos=+0.23
DEBUG 2026-09-03 08:13:16 [action #406] t=16.50s step=404 queue=16 dmax=0.404 | shoulder_pan.pos=-7.17 shoulder_lift.pos=-101.55 elbow_flex.pos=+86.75 wrist_flex.pos=+75.68 wrist_roll.pos=-1.60 gripper.pos=+0.12
DEBUG 2026-09-03 08:13:16 [action #407] t=16.54s step=405 queue=15 dmax=0.687 | shoulder_pan.pos=-7.03 shoulder_lift.pos=-102.24 elbow_flex.pos=+86.64 wrist_flex.pos=+75.33 wrist_roll.pos=-1.61 gripper.pos=+0.21
DEBUG 2026-09-03 08:13:16 [action #408] t=16.57s step=406 queue=14 dmax=0.501 | shoulder_pan.pos=-7.01 shoulder_lift.pos=-102.25 elbow_flex.pos=+86.60 wrist_flex.pos=+74.83 wrist_roll.pos=-1.60 gripper.pos=+0.12
DEBUG 2026-09-03 08:13:16 [action #409] t=16.61s step=407 queue=13 dmax=0.680 | shoulder_pan.pos=-6.63 shoulder_lift.pos=-101.57 elbow_flex.pos=+86.67 wrist_flex.pos=+74.43 wrist_roll.pos=-1.63 gripper.pos=+0.15
DEBUG 2026-09-03 08:13:16 [action #410] t=16.64s step=408 queue=12 dmax=0.681 | shoulder_pan.pos=-6.63 shoulder_lift.pos=-102.25 elbow_flex.pos=+86.99 wrist_flex.pos=+73.99 wrist_roll.pos=-1.67 gripper.pos=+0.18
DEBUG 2026-09-03 08:13:16 [action #411] t=16.67s step=409 queue=11 dmax=0.524 | shoulder_pan.pos=-6.80 shoulder_lift.pos=-102.55 elbow_flex.pos=+86.78 wrist_flex.pos=+73.47 wrist_roll.pos=-1.72 gripper.pos=+0.17
DEBUG 2026-09-03 08:13:16 [action #412] t=16.71s step=410 queue=10 dmax=0.582 | shoulder_pan.pos=-6.58 shoulder_lift.pos=-102.06 elbow_flex.pos=+86.71 wrist_flex.pos=+72.88 wrist_roll.pos=-1.72 gripper.pos=+0.14
DEBUG 2026-09-03 08:13:16 [action #413] t=16.74s step=411 queue=9 dmax=0.636 | shoulder_pan.pos=-6.51 shoulder_lift.pos=-101.85 elbow_flex.pos=+87.04 wrist_flex.pos=+72.25 wrist_roll.pos=-1.76 gripper.pos=+0.18
DEBUG 2026-09-03 08:13:16 [action #414] t=16.77s step=412 queue=8 dmax=0.446 | shoulder_pan.pos=-6.52 shoulder_lift.pos=-101.78 elbow_flex.pos=+86.59 wrist_flex.pos=+72.01 wrist_roll.pos=-1.82 gripper.pos=+0.22
DEBUG 2026-09-03 08:13:16 [action #415] t=16.81s step=413 queue=7 dmax=0.562 | shoulder_pan.pos=-6.62 shoulder_lift.pos=-102.30 elbow_flex.pos=+86.95 wrist_flex.pos=+71.45 wrist_roll.pos=-1.91 gripper.pos=+0.23
DEBUG 2026-09-03 08:13:16 [action #416] t=16.84s step=414 queue=6 dmax=0.221 | shoulder_pan.pos=-6.59 shoulder_lift.pos=-102.19 elbow_flex.pos=+86.73 wrist_flex.pos=+71.23 wrist_roll.pos=-2.02 gripper.pos=+0.23
DEBUG 2026-09-03 08:13:16 [action #417] t=16.87s step=415 queue=5 dmax=0.604 | shoulder_pan.pos=-6.58 shoulder_lift.pos=-101.58 elbow_flex.pos=+86.80 wrist_flex.pos=+70.73 wrist_roll.pos=-2.15 gripper.pos=+0.28
DEBUG 2026-09-03 08:13:16 [action #418] t=16.91s step=416 queue=4 dmax=0.423 | shoulder_pan.pos=-6.56 shoulder_lift.pos=-102.01 elbow_flex.pos=+87.20 wrist_flex.pos=+70.35 wrist_roll.pos=-2.17 gripper.pos=+0.18
DEBUG 2026-09-03 08:13:16 [action #419] t=16.94s step=417 queue=3 dmax=0.589 | shoulder_pan.pos=-6.71 shoulder_lift.pos=-102.12 elbow_flex.pos=+87.12 wrist_flex.pos=+69.76 wrist_roll.pos=-2.26 gripper.pos=+0.31
DEBUG 2026-09-03 08:13:16 [action #420] t=16.97s step=418 queue=2 dmax=0.426 | shoulder_pan.pos=-6.30 shoulder_lift.pos=-102.54 elbow_flex.pos=+87.32 wrist_flex.pos=+69.53 wrist_roll.pos=-2.20 gripper.pos=+0.40
DEBUG 2026-09-03 08:13:16 [action #421] t=17.01s step=419 queue=1 dmax=0.556 | shoulder_pan.pos=-6.36 shoulder_lift.pos=-102.28 elbow_flex.pos=+87.33 wrist_flex.pos=+68.98 wrist_roll.pos=-2.32 gripper.pos=+0.25
DEBUG 2026-09-03 08:13:16 [chunk] received 50 actions, timesteps 394..443 | first: shoulder_pan.pos=-6.38 shoulder_lift.pos=-48.14 elbow_flex.pos=+49.41 wrist_flex.pos=+61.81 wrist_roll.pos=-1.78 gripper.pos=+0.57 | last: shoulder_pan.pos=-4.94 shoulder_lift.pos=-104.69 elbow_flex.pos=+86.32 wrist_flex.pos=+74.96 wrist_roll.pos=-2.66 gripper.pos=+0.18
INFO 2026-09-03 08:13:21 Final action sent: shoulder_pan.pos=-6.36 shoulder_lift.pos=-102.28 elbow_flex.pos=+87.33 wrist_flex.pos=+68.98 wrist_roll.pos=-2.32 gripper.pos=+0.25
DEBUG 2026-09-03 08:13:21 === episode end | 22.2s | converged=True | actions=421 ===
