DEBUG 2026-09-03 08:12:20 === episode start | task: 'put the roll on the tray' | duration: 50.0s ===
DEBUG 2026-09-03 08:12:21 [chunk] dropped stale chunk (ts0=464 > max_sent=0)
DEBUG 2026-09-03 08:12:22 [chunk] received 50 actions, timesteps 0..49 | first: shoulder_pan.pos=-3.95 shoulder_lift.pos=-102.23 elbow_flex.pos=+88.46 wrist_flex.pos=+74.72 wrist_roll.pos=-0.92 gripper.pos=+1.06 | last: shoulder_pan.pos=-3.15 shoulder_lift.pos=-101.61 elbow_flex.pos=+83.77 wrist_flex.pos=+70.35 wrist_roll.pos=-1.11 gripper.pos=+0.93
DEBUG 2026-09-03 08:12:22 [action #1] t=1.81s step=0 queue=50 dmax=n/a | shoulder_pan.pos=-3.95 shoulder_lift.pos=-102.23 elbow_flex.pos=+88.46 wrist_flex.pos=+74.72 wrist_roll.pos=-0.92 gripper.pos=+1.06
DEBUG 2026-09-03 08:12:22 [action #2] t=1.84s step=1 queue=49 dmax=0.625 | shoulder_pan.pos=-4.27 shoulder_lift.pos=-101.61 elbow_flex.pos=+88.25 wrist_flex.pos=+74.53 wrist_roll.pos=-0.98 gripper.pos=+0.97
DEBUG 2026-09-03 08:12:22 [action #3] t=1.87s step=2 queue=48 dmax=0.510 | shoulder_pan.pos=-4.05 shoulder_lift.pos=-102.03 elbow_flex.pos=+88.76 wrist_flex.pos=+74.30 wrist_roll.pos=-0.97 gripper.pos=+1.05
DEBUG 2026-09-03 08:12:22 [action #4] t=1.91s step=3 queue=47 dmax=0.301 | shoulder_pan.pos=-4.12 shoulder_lift.pos=-102.33 elbow_flex.pos=+88.48 wrist_flex.pos=+74.04 wrist_roll.pos=-1.04 gripper.pos=+1.15
DEBUG 2026-09-03 08:12:22 [action #5] t=1.94s step=4 queue=46 dmax=0.505 | shoulder_pan.pos=-4.21 shoulder_lift.pos=-102.40 elbow_flex.pos=+88.52 wrist_flex.pos=+73.54 wrist_roll.pos=-1.00 gripper.pos=+0.93
DEBUG 2026-09-03 08:12:22 [action #6] t=1.97s step=5 queue=45 dmax=0.397 | shoulder_pan.pos=-4.09 shoulder_lift.pos=-102.00 elbow_flex.pos=+88.32 wrist_flex.pos=+73.24 wrist_roll.pos=-0.96 gripper.pos=+0.97
DEBUG 2026-09-03 08:12:22 [action #7] t=2.01s step=6 queue=44 dmax=0.627 | shoulder_pan.pos=-4.08 shoulder_lift.pos=-101.93 elbow_flex.pos=+88.95 wrist_flex.pos=+72.67 wrist_roll.pos=-0.98 gripper.pos=+0.99
DEBUG 2026-09-03 08:12:22 [action #8] t=2.04s step=7 queue=43 dmax=0.485 | shoulder_pan.pos=-3.96 shoulder_lift.pos=-102.08 elbow_flex.pos=+88.55 wrist_flex.pos=+72.18 wrist_roll.pos=-1.06 gripper.pos=+0.97
DEBUG 2026-09-03 08:12:22 [action #9] t=2.07s step=8 queue=42 dmax=0.491 | shoulder_pan.pos=-4.05 shoulder_lift.pos=-102.40 elbow_flex.pos=+88.61 wrist_flex.pos=+71.69 wrist_roll.pos=-1.07 gripper.pos=+0.99
DEBUG 2026-09-03 08:12:22 [action #10] t=2.11s step=9 queue=41 dmax=0.733 | shoulder_pan.pos=-4.06 shoulder_lift.pos=-101.67 elbow_flex.pos=+88.63 wrist_flex.pos=+71.68 wrist_roll.pos=-1.03 gripper.pos=+1.00
DEBUG 2026-09-03 08:12:22 [action #11] t=2.14s step=10 queue=40 dmax=0.500 | shoulder_pan.pos=-3.94 shoulder_lift.pos=-101.98 elbow_flex.pos=+88.56 wrist_flex.pos=+71.18 wrist_roll.pos=-1.08 gripper.pos=+0.95
DEBUG 2026-09-03 08:12:22 [action #12] t=2.17s step=11 queue=39 dmax=0.301 | shoulder_pan.pos=-3.88 shoulder_lift.pos=-101.68 elbow_flex.pos=+88.56 wrist_flex.pos=+71.01 wrist_roll.pos=-1.08 gripper.pos=+1.01
DEBUG 2026-09-03 08:12:23 [action #13] t=2.21s step=12 queue=38 dmax=0.300 | shoulder_pan.pos=-3.69 shoulder_lift.pos=-101.98 elbow_flex.pos=+88.73 wrist_flex.pos=+70.95 wrist_roll.pos=-1.03 gripper.pos=+1.09
DEBUG 2026-09-03 08:12:23 [action #14] t=2.24s step=13 queue=37 dmax=0.551 | shoulder_pan.pos=-3.78 shoulder_lift.pos=-101.73 elbow_flex.pos=+88.18 wrist_flex.pos=+70.61 wrist_roll.pos=-1.07 gripper.pos=+0.87
DEBUG 2026-09-03 08:12:23 [action #15] t=2.28s step=14 queue=36 dmax=0.311 | shoulder_pan.pos=-3.89 shoulder_lift.pos=-102.04 elbow_flex.pos=+87.90 wrist_flex.pos=+70.73 wrist_roll.pos=-1.11 gripper.pos=+1.04
DEBUG 2026-09-03 08:12:23 [action #16] t=2.31s step=15 queue=35 dmax=0.302 | shoulder_pan.pos=-4.14 shoulder_lift.pos=-101.73 elbow_flex.pos=+87.97 wrist_flex.pos=+70.60 wrist_roll.pos=-1.12 gripper.pos=+0.98
DEBUG 2026-09-03 08:12:23 [action #17] t=2.34s step=16 queue=34 dmax=0.344 | shoulder_pan.pos=-4.05 shoulder_lift.pos=-101.68 elbow_flex.pos=+87.62 wrist_flex.pos=+70.56 wrist_roll.pos=-1.05 gripper.pos=+1.01
DEBUG 2026-09-03 08:12:23 [action #18] t=2.38s step=17 queue=33 dmax=0.438 | shoulder_pan.pos=-4.13 shoulder_lift.pos=-102.12 elbow_flex.pos=+88.04 wrist_flex.pos=+70.33 wrist_roll.pos=-1.12 gripper.pos=+1.00
DEBUG 2026-09-03 08:12:23 [action #19] t=2.41s step=18 queue=32 dmax=0.361 | shoulder_pan.pos=-4.21 shoulder_lift.pos=-102.48 elbow_flex.pos=+87.85 wrist_flex.pos=+70.29 wrist_roll.pos=-1.07 gripper.pos=+0.98
DEBUG 2026-09-03 08:12:23 [action #20] t=2.44s step=19 queue=31 dmax=0.417 | shoulder_pan.pos=-4.24 shoulder_lift.pos=-102.06 elbow_flex.pos=+87.83 wrist_flex.pos=+70.07 wrist_roll.pos=-1.03 gripper.pos=+1.02
DEBUG 2026-09-03 08:12:23 [action #21] t=2.48s step=20 queue=30 dmax=0.244 | shoulder_pan.pos=-3.99 shoulder_lift.pos=-101.98 elbow_flex.pos=+87.61 wrist_flex.pos=+69.83 wrist_roll.pos=-1.06 gripper.pos=+1.02
DEBUG 2026-09-03 08:12:23 [action #22] t=2.51s step=21 queue=29 dmax=0.199 | shoulder_pan.pos=-4.15 shoulder_lift.pos=-101.90 elbow_flex.pos=+87.62 wrist_flex.pos=+69.63 wrist_roll.pos=-1.01 gripper.pos=+0.95
DEBUG 2026-09-03 08:12:23 [action #23] t=2.54s step=22 queue=28 dmax=0.138 | shoulder_pan.pos=-4.19 shoulder_lift.pos=-101.92 elbow_flex.pos=+87.76 wrist_flex.pos=+69.50 wrist_roll.pos=-1.02 gripper.pos=+1.05
DEBUG 2026-09-03 08:12:23 [action #24] t=2.58s step=23 queue=27 dmax=0.511 | shoulder_pan.pos=-4.20 shoulder_lift.pos=-102.43 elbow_flex.pos=+87.68 wrist_flex.pos=+69.24 wrist_roll.pos=-1.10 gripper.pos=+1.05
DEBUG 2026-09-03 08:12:23 [action #25] t=2.61s step=24 queue=26 dmax=0.306 | shoulder_pan.pos=-4.07 shoulder_lift.pos=-102.24 elbow_flex.pos=+87.98 wrist_flex.pos=+69.21 wrist_roll.pos=-1.09 gripper.pos=+1.06
DEBUG 2026-09-03 08:12:23 [action #26] t=2.64s step=25 queue=25 dmax=0.912 | shoulder_pan.pos=-4.01 shoulder_lift.pos=-103.15 elbow_flex.pos=+87.99 wrist_flex.pos=+68.91 wrist_roll.pos=-1.07 gripper.pos=+1.05
DEBUG 2026-09-03 08:12:23 [action #27] t=2.68s step=26 queue=24 dmax=0.644 | shoulder_pan.pos=-4.03 shoulder_lift.pos=-102.50 elbow_flex.pos=+87.88 wrist_flex.pos=+68.80 wrist_roll.pos=-1.08 gripper.pos=+1.03
DEBUG 2026-09-03 08:12:23 [action #28] t=2.71s step=27 queue=23 dmax=0.386 | shoulder_pan.pos=-4.01 shoulder_lift.pos=-102.89 elbow_flex.pos=+88.20 wrist_flex.pos=+68.63 wrist_roll.pos=-1.02 gripper.pos=+0.89
DEBUG 2026-09-03 08:12:23 [action #29] t=2.74s step=28 queue=22 dmax=0.753 | shoulder_pan.pos=-4.07 shoulder_lift.pos=-102.38 elbow_flex.pos=+87.45 wrist_flex.pos=+68.72 wrist_roll.pos=-1.04 gripper.pos=+0.92
DEBUG 2026-09-03 08:12:23 [action #30] t=2.78s step=29 queue=21 dmax=0.418 | shoulder_pan.pos=-3.92 shoulder_lift.pos=-102.76 elbow_flex.pos=+87.87 wrist_flex.pos=+68.78 wrist_roll.pos=-1.08 gripper.pos=+0.98
DEBUG 2026-09-03 08:12:23 [action #31] t=2.81s step=30 queue=20 dmax=0.246 | shoulder_pan.pos=-3.89 shoulder_lift.pos=-103.00 elbow_flex.pos=+87.67 wrist_flex.pos=+68.53 wrist_roll.pos=-1.07 gripper.pos=+0.96
DEBUG 2026-09-03 08:12:23 [action #32] t=2.84s step=31 queue=19 dmax=0.778 | shoulder_pan.pos=-3.96 shoulder_lift.pos=-102.22 elbow_flex.pos=+87.05 wrist_flex.pos=+68.64 wrist_roll.pos=-1.06 gripper.pos=+0.89
DEBUG 2026-09-03 08:12:23 [chunk] received 50 actions, timesteps 3..52 | first: shoulder_pan.pos=-4.00 shoulder_lift.pos=-100.13 elbow_flex.pos=+88.07 wrist_flex.pos=+73.02 wrist_roll.pos=-0.92 gripper.pos=+1.17 | last: shoulder_pan.pos=-3.59 shoulder_lift.pos=-73.47 elbow_flex.pos=+55.83 wrist_flex.pos=+75.69 wrist_roll.pos=-1.45 gripper.pos=+0.90
DEBUG 2026-09-03 08:12:23 [action #33] t=2.88s step=32 queue=21 dmax=1.794 | shoulder_pan.pos=-4.01 shoulder_lift.pos=-102.54 elbow_flex.pos=+85.26 wrist_flex.pos=+68.59 wrist_roll.pos=-1.01 gripper.pos=+0.88
DEBUG 2026-09-03 08:12:23 [action #34] t=2.91s step=33 queue=20 dmax=1.009 | shoulder_pan.pos=-3.83 shoulder_lift.pos=-102.14 elbow_flex.pos=+84.25 wrist_flex.pos=+68.85 wrist_roll.pos=-1.01 gripper.pos=+0.81
DEBUG 2026-09-03 08:12:23 [action #35] t=2.94s step=34 queue=19 dmax=0.981 | shoulder_pan.pos=-3.78 shoulder_lift.pos=-101.99 elbow_flex.pos=+83.27 wrist_flex.pos=+69.48 wrist_roll.pos=-0.96 gripper.pos=+0.83
DEBUG 2026-09-03 08:12:23 [action #36] t=2.98s step=35 queue=18 dmax=0.508 | shoulder_pan.pos=-3.98 shoulder_lift.pos=-102.26 elbow_flex.pos=+83.08 wrist_flex.pos=+69.98 wrist_roll.pos=-0.93 gripper.pos=+0.81
DEBUG 2026-09-03 08:12:23 [action #37] t=3.01s step=36 queue=17 dmax=1.054 | shoulder_pan.pos=-3.81 shoulder_lift.pos=-101.71 elbow_flex.pos=+82.03 wrist_flex.pos=+70.15 wrist_roll.pos=-0.94 gripper.pos=+0.91
DEBUG 2026-09-03 08:12:23 [action #38] t=3.04s step=37 queue=16 dmax=0.700 | shoulder_pan.pos=-3.91 shoulder_lift.pos=-101.52 elbow_flex.pos=+81.33 wrist_flex.pos=+70.54 wrist_roll.pos=-0.99 gripper.pos=+0.82
DEBUG 2026-09-03 08:12:23 [action #39] t=3.08s step=38 queue=15 dmax=0.545 | shoulder_pan.pos=-3.75 shoulder_lift.pos=-101.38 elbow_flex.pos=+80.78 wrist_flex.pos=+70.76 wrist_roll.pos=-0.97 gripper.pos=+0.85
DEBUG 2026-09-03 08:12:23 [action #40] t=3.11s step=39 queue=14 dmax=1.039 | shoulder_pan.pos=-3.77 shoulder_lift.pos=-100.57 elbow_flex.pos=+79.74 wrist_flex.pos=+71.12 wrist_roll.pos=-0.93 gripper.pos=+0.80
DEBUG 2026-09-03 08:12:23 [action #41] t=3.15s step=40 queue=13 dmax=1.290 | shoulder_pan.pos=-3.72 shoulder_lift.pos=-99.95 elbow_flex.pos=+78.45 wrist_flex.pos=+71.23 wrist_roll.pos=-1.01 gripper.pos=+0.91
DEBUG 2026-09-03 08:12:23 [action #42] t=3.18s step=41 queue=12 dmax=1.393 | shoulder_pan.pos=-3.60 shoulder_lift.pos=-98.93 elbow_flex.pos=+77.06 wrist_flex.pos=+71.73 wrist_roll.pos=-1.02 gripper.pos=+0.86
DEBUG 2026-09-03 08:12:24 [action #43] t=3.21s step=42 queue=11 dmax=1.119 | shoulder_pan.pos=-3.77 shoulder_lift.pos=-97.81 elbow_flex.pos=+76.27 wrist_flex.pos=+72.04 wrist_roll.pos=-1.01 gripper.pos=+0.78
DEBUG 2026-09-03 08:12:24 [action #44] t=3.25s step=43 queue=10 dmax=1.077 | shoulder_pan.pos=-3.68 shoulder_lift.pos=-96.77 elbow_flex.pos=+75.20 wrist_flex.pos=+72.40 wrist_roll.pos=-1.04 gripper.pos=+0.69
DEBUG 2026-09-03 08:12:24 [action #45] t=3.28s step=44 queue=9 dmax=1.933 | shoulder_pan.pos=-3.89 shoulder_lift.pos=-94.83 elbow_flex.pos=+74.07 wrist_flex.pos=+72.59 wrist_roll.pos=-1.11 gripper.pos=+0.67
DEBUG 2026-09-03 08:12:24 [action #46] t=3.31s step=45 queue=8 dmax=1.943 | shoulder_pan.pos=-3.93 shoulder_lift.pos=-93.83 elbow_flex.pos=+72.13 wrist_flex.pos=+72.79 wrist_roll.pos=-1.07 gripper.pos=+0.84
DEBUG 2026-09-03 08:12:24 [action #47] t=3.35s step=46 queue=7 dmax=1.192 | shoulder_pan.pos=-3.84 shoulder_lift.pos=-92.63 elbow_flex.pos=+71.00 wrist_flex.pos=+73.22 wrist_roll.pos=-1.13 gripper.pos=+0.82
DEBUG 2026-09-03 08:12:24 [action #48] t=3.38s step=47 queue=6 dmax=2.133 | shoulder_pan.pos=-3.52 shoulder_lift.pos=-90.50 elbow_flex.pos=+69.84 wrist_flex.pos=+73.43 wrist_roll.pos=-1.09 gripper.pos=+0.76
DEBUG 2026-09-03 08:12:24 [action #49] t=3.41s step=48 queue=5 dmax=1.686 | shoulder_pan.pos=-3.52 shoulder_lift.pos=-88.81 elbow_flex.pos=+68.60 wrist_flex.pos=+73.75 wrist_roll.pos=-1.06 gripper.pos=+0.72
DEBUG 2026-09-03 08:12:24 [action #50] t=3.45s step=49 queue=4 dmax=1.502 | shoulder_pan.pos=-3.48 shoulder_lift.pos=-87.31 elbow_flex.pos=+67.45 wrist_flex.pos=+73.92 wrist_roll.pos=-1.15 gripper.pos=+0.91
DEBUG 2026-09-03 08:12:24 [action #51] t=3.48s step=50 queue=3 dmax=9.052 | shoulder_pan.pos=-3.51 shoulder_lift.pos=-78.26 elbow_flex.pos=+58.85 wrist_flex.pos=+75.49 wrist_roll.pos=-1.16 gripper.pos=+0.73
DEBUG 2026-09-03 08:12:24 [action #52] t=3.51s step=51 queue=2 dmax=2.887 | shoulder_pan.pos=-3.80 shoulder_lift.pos=-75.37 elbow_flex.pos=+56.66 wrist_flex.pos=+75.51 wrist_roll.pos=-1.34 gripper.pos=+0.82
DEBUG 2026-09-03 08:12:24 [action #53] t=3.55s step=52 queue=1 dmax=1.905 | shoulder_pan.pos=-3.59 shoulder_lift.pos=-73.47 elbow_flex.pos=+55.83 wrist_flex.pos=+75.69 wrist_roll.pos=-1.45 gripper.pos=+0.90
DEBUG 2026-09-03 08:12:24 [chunk] received 50 actions, timesteps 31..80 | first: shoulder_pan.pos=-3.51 shoulder_lift.pos=-101.58 elbow_flex.pos=+87.95 wrist_flex.pos=+67.95 wrist_roll.pos=-0.96 gripper.pos=+1.07 | last: shoulder_pan.pos=-3.14 shoulder_lift.pos=-63.69 elbow_flex.pos=+53.15 wrist_flex.pos=+68.53 wrist_roll.pos=-1.46 gripper.pos=+0.51
DEBUG 2026-09-03 08:12:24 [action #54] t=3.68s step=53 queue=28 dmax=29.101 | shoulder_pan.pos=-2.79 shoulder_lift.pos=-102.57 elbow_flex.pos=+82.82 wrist_flex.pos=+66.17 wrist_roll.pos=-0.98 gripper.pos=+0.69
DEBUG 2026-09-03 08:12:24 [action #55] t=3.71s step=54 queue=27 dmax=0.542 | shoulder_pan.pos=-2.87 shoulder_lift.pos=-102.91 elbow_flex.pos=+82.28 wrist_flex.pos=+66.42 wrist_roll.pos=-0.96 gripper.pos=+0.74
DEBUG 2026-09-03 08:12:24 [action #56] t=3.75s step=55 queue=26 dmax=0.488 | shoulder_pan.pos=-2.85 shoulder_lift.pos=-102.42 elbow_flex.pos=+81.88 wrist_flex.pos=+66.42 wrist_roll.pos=-0.86 gripper.pos=+0.75
DEBUG 2026-09-03 08:12:24 [action #57] t=3.78s step=56 queue=25 dmax=0.324 | shoulder_pan.pos=-2.72 shoulder_lift.pos=-102.51 elbow_flex.pos=+81.56 wrist_flex.pos=+66.59 wrist_roll.pos=-0.93 gripper.pos=+0.60
DEBUG 2026-09-03 08:12:24 [action #58] t=3.81s step=57 queue=24 dmax=0.799 | shoulder_pan.pos=-2.70 shoulder_lift.pos=-102.14 elbow_flex.pos=+80.76 wrist_flex.pos=+66.71 wrist_roll.pos=-0.88 gripper.pos=+0.66
DEBUG 2026-09-03 08:12:24 [action #59] t=3.85s step=58 queue=23 dmax=0.771 | shoulder_pan.pos=-2.78 shoulder_lift.pos=-102.40 elbow_flex.pos=+79.99 wrist_flex.pos=+66.78 wrist_roll.pos=-0.82 gripper.pos=+0.62
DEBUG 2026-09-03 08:12:24 [action #60] t=3.88s step=59 queue=22 dmax=0.783 | shoulder_pan.pos=-2.68 shoulder_lift.pos=-101.61 elbow_flex.pos=+79.83 wrist_flex.pos=+66.98 wrist_roll.pos=-0.87 gripper.pos=+0.69
DEBUG 2026-09-03 08:12:24 [action #61] t=3.92s step=60 queue=21 dmax=0.915 | shoulder_pan.pos=-2.66 shoulder_lift.pos=-100.70 elbow_flex.pos=+78.98 wrist_flex.pos=+67.01 wrist_roll.pos=-0.83 gripper.pos=+0.68
DEBUG 2026-09-03 08:12:24 [action #62] t=3.95s step=61 queue=20 dmax=0.753 | shoulder_pan.pos=-2.97 shoulder_lift.pos=-100.07 elbow_flex.pos=+78.22 wrist_flex.pos=+66.91 wrist_roll.pos=-0.89 gripper.pos=+0.53
DEBUG 2026-09-03 08:12:24 [action #63] t=3.98s step=62 queue=19 dmax=1.891 | shoulder_pan.pos=-2.65 shoulder_lift.pos=-98.18 elbow_flex.pos=+77.72 wrist_flex.pos=+66.94 wrist_roll.pos=-0.73 gripper.pos=+0.66
DEBUG 2026-09-03 08:12:24 [action #64] t=4.02s step=63 queue=18 dmax=2.806 | shoulder_pan.pos=-2.60 shoulder_lift.pos=-96.05 elbow_flex.pos=+74.91 wrist_flex.pos=+66.66 wrist_roll.pos=-0.86 gripper.pos=+0.44
DEBUG 2026-09-03 08:12:24 [action #65] t=4.05s step=64 queue=17 dmax=2.557 | shoulder_pan.pos=-2.58 shoulder_lift.pos=-93.50 elbow_flex.pos=+73.08 wrist_flex.pos=+66.35 wrist_roll.pos=-0.85 gripper.pos=+0.41
DEBUG 2026-09-03 08:12:24 [action #66] t=4.08s step=65 queue=16 dmax=2.766 | shoulder_pan.pos=-2.70 shoulder_lift.pos=-90.73 elbow_flex.pos=+71.70 wrist_flex.pos=+66.05 wrist_roll.pos=-0.85 gripper.pos=+0.50
DEBUG 2026-09-03 08:12:24 [action #67] t=4.12s step=66 queue=15 dmax=2.722 | shoulder_pan.pos=-2.88 shoulder_lift.pos=-88.01 elbow_flex.pos=+69.44 wrist_flex.pos=+65.81 wrist_roll.pos=-0.89 gripper.pos=+0.37
DEBUG 2026-09-03 08:12:24 [action #68] t=4.15s step=67 queue=14 dmax=2.827 | shoulder_pan.pos=-2.78 shoulder_lift.pos=-85.18 elbow_flex.pos=+66.86 wrist_flex.pos=+65.58 wrist_roll.pos=-0.98 gripper.pos=+0.31
DEBUG 2026-09-03 08:12:24 [action #69] t=4.18s step=68 queue=13 dmax=2.313 | shoulder_pan.pos=-2.74 shoulder_lift.pos=-82.87 elbow_flex.pos=+65.71 wrist_flex.pos=+65.31 wrist_roll.pos=-0.99 gripper.pos=+0.27
DEBUG 2026-09-03 08:12:25 [action #70] t=4.22s step=69 queue=12 dmax=2.333 | shoulder_pan.pos=-2.82 shoulder_lift.pos=-80.54 elbow_flex.pos=+64.12 wrist_flex.pos=+65.48 wrist_roll.pos=-1.08 gripper.pos=+0.16
DEBUG 2026-09-03 08:12:25 [action #71] t=4.25s step=70 queue=11 dmax=1.956 | shoulder_pan.pos=-2.61 shoulder_lift.pos=-78.58 elbow_flex.pos=+62.81 wrist_flex.pos=+65.58 wrist_roll.pos=-0.95 gripper.pos=+0.25
DEBUG 2026-09-03 08:12:25 [action #72] t=4.28s step=71 queue=10 dmax=2.131 | shoulder_pan.pos=-2.70 shoulder_lift.pos=-76.45 elbow_flex.pos=+61.66 wrist_flex.pos=+65.32 wrist_roll.pos=-1.00 gripper.pos=+0.28
DEBUG 2026-09-03 08:12:25 [action #73] t=4.32s step=72 queue=9 dmax=1.960 | shoulder_pan.pos=-2.46 shoulder_lift.pos=-74.49 elbow_flex.pos=+60.42 wrist_flex.pos=+65.83 wrist_roll.pos=-1.10 gripper.pos=+0.51
DEBUG 2026-09-03 08:12:25 [action #74] t=4.35s step=73 queue=8 dmax=1.756 | shoulder_pan.pos=-2.72 shoulder_lift.pos=-72.73 elbow_flex.pos=+59.04 wrist_flex.pos=+65.96 wrist_roll.pos=-1.02 gripper.pos=+0.27
DEBUG 2026-09-03 08:12:25 [action #75] t=4.38s step=74 queue=7 dmax=1.567 | shoulder_pan.pos=-2.65 shoulder_lift.pos=-71.21 elbow_flex.pos=+57.48 wrist_flex.pos=+66.48 wrist_roll.pos=-1.19 gripper.pos=+0.42
DEBUG 2026-09-03 08:12:25 [action #76] t=4.42s step=75 queue=6 dmax=1.915 | shoulder_pan.pos=-2.92 shoulder_lift.pos=-69.29 elbow_flex.pos=+57.23 wrist_flex.pos=+66.74 wrist_roll.pos=-1.29 gripper.pos=+0.41
DEBUG 2026-09-03 08:12:25 [action #77] t=4.45s step=76 queue=5 dmax=1.047 | shoulder_pan.pos=-2.83 shoulder_lift.pos=-68.25 elbow_flex.pos=+56.31 wrist_flex.pos=+66.95 wrist_roll.pos=-1.29 gripper.pos=+0.42
DEBUG 2026-09-03 08:12:25 [action #78] t=4.48s step=77 queue=4 dmax=1.154 | shoulder_pan.pos=-2.95 shoulder_lift.pos=-67.09 elbow_flex.pos=+55.22 wrist_flex.pos=+67.29 wrist_roll.pos=-1.22 gripper.pos=+0.45
DEBUG 2026-09-03 08:12:25 [action #79] t=4.52s step=78 queue=3 dmax=1.243 | shoulder_pan.pos=-3.11 shoulder_lift.pos=-65.85 elbow_flex.pos=+54.54 wrist_flex.pos=+67.79 wrist_roll.pos=-1.21 gripper.pos=+0.38
DEBUG 2026-09-03 08:12:25 [action #80] t=4.55s step=79 queue=2 dmax=0.947 | shoulder_pan.pos=-3.13 shoulder_lift.pos=-64.90 elbow_flex.pos=+54.32 wrist_flex.pos=+68.07 wrist_roll.pos=-1.32 gripper.pos=+0.53
DEBUG 2026-09-03 08:12:25 [action #81] t=4.58s step=80 queue=1 dmax=1.209 | shoulder_pan.pos=-3.14 shoulder_lift.pos=-63.69 elbow_flex.pos=+53.15 wrist_flex.pos=+68.53 wrist_roll.pos=-1.46 gripper.pos=+0.51
DEBUG 2026-09-03 08:12:25 [chunk] received 50 actions, timesteps 52..101 | first: shoulder_pan.pos=-3.63 shoulder_lift.pos=-70.34 elbow_flex.pos=+56.74 wrist_flex.pos=+74.66 wrist_roll.pos=-1.79 gripper.pos=+1.03 | last: shoulder_pan.pos=-3.92 shoulder_lift.pos=-29.24 elbow_flex.pos=+39.77 wrist_flex.pos=+75.95 wrist_roll.pos=-1.40 gripper.pos=+34.08
DEBUG 2026-09-03 08:12:25 [action #82] t=4.65s step=81 queue=21 dmax=24.663 | shoulder_pan.pos=-3.94 shoulder_lift.pos=-43.17 elbow_flex.pos=+44.37 wrist_flex.pos=+76.92 wrist_roll.pos=-2.88 gripper.pos=+25.17
DEBUG 2026-09-03 08:12:25 [action #83] t=4.68s step=82 queue=20 dmax=0.394 | shoulder_pan.pos=-3.77 shoulder_lift.pos=-42.78 elbow_flex.pos=+44.43 wrist_flex.pos=+77.01 wrist_roll.pos=-2.94 gripper.pos=+25.30
DEBUG 2026-09-03 08:12:25 [action #84] t=4.72s step=83 queue=19 dmax=0.995 | shoulder_pan.pos=-4.05 shoulder_lift.pos=-42.12 elbow_flex.pos=+43.43 wrist_flex.pos=+77.05 wrist_roll.pos=-2.85 gripper.pos=+25.45
DEBUG 2026-09-03 08:12:25 [action #85] t=4.75s step=84 queue=18 dmax=0.360 | shoulder_pan.pos=-4.16 shoulder_lift.pos=-42.14 elbow_flex.pos=+43.31 wrist_flex.pos=+77.22 wrist_roll.pos=-2.83 gripper.pos=+25.81
DEBUG 2026-09-03 08:12:25 [action #86] t=4.78s step=85 queue=17 dmax=1.234 | shoulder_pan.pos=-3.97 shoulder_lift.pos=-40.91 elbow_flex.pos=+43.05 wrist_flex.pos=+77.21 wrist_roll.pos=-2.79 gripper.pos=+26.21
DEBUG 2026-09-03 08:12:25 [action #87] t=4.82s step=86 queue=16 dmax=0.829 | shoulder_pan.pos=-4.09 shoulder_lift.pos=-40.08 elbow_flex.pos=+42.47 wrist_flex.pos=+77.13 wrist_roll.pos=-2.75 gripper.pos=+26.72
DEBUG 2026-09-03 08:12:25 [action #88] t=4.85s step=87 queue=15 dmax=0.850 | shoulder_pan.pos=-3.95 shoulder_lift.pos=-39.50 elbow_flex.pos=+42.51 wrist_flex.pos=+77.07 wrist_roll.pos=-2.73 gripper.pos=+27.57
DEBUG 2026-09-03 08:12:25 [action #89] t=4.89s step=88 queue=14 dmax=0.935 | shoulder_pan.pos=-3.85 shoulder_lift.pos=-38.57 elbow_flex.pos=+42.40 wrist_flex.pos=+77.00 wrist_roll.pos=-2.71 gripper.pos=+28.29
DEBUG 2026-09-03 08:12:25 [action #90] t=4.92s step=89 queue=13 dmax=1.037 | shoulder_pan.pos=-4.10 shoulder_lift.pos=-37.67 elbow_flex.pos=+41.87 wrist_flex.pos=+76.86 wrist_roll.pos=-2.83 gripper.pos=+29.32
DEBUG 2026-09-03 08:12:25 [action #91] t=4.95s step=90 queue=12 dmax=0.886 | shoulder_pan.pos=-3.84 shoulder_lift.pos=-36.79 elbow_flex.pos=+41.87 wrist_flex.pos=+76.91 wrist_roll.pos=-2.74 gripper.pos=+29.56
DEBUG 2026-09-03 08:12:25 [action #92] t=4.99s step=91 queue=11 dmax=1.048 | shoulder_pan.pos=-3.95 shoulder_lift.pos=-35.74 elbow_flex.pos=+41.32 wrist_flex.pos=+76.88 wrist_roll.pos=-2.67 gripper.pos=+29.98
DEBUG 2026-09-03 08:12:25 [action #93] t=5.02s step=92 queue=10 dmax=0.957 | shoulder_pan.pos=-4.01 shoulder_lift.pos=-34.78 elbow_flex.pos=+40.50 wrist_flex.pos=+76.84 wrist_roll.pos=-2.66 gripper.pos=+30.45
DEBUG 2026-09-03 08:12:25 [action #94] t=5.05s step=93 queue=9 dmax=0.913 | shoulder_pan.pos=-3.98 shoulder_lift.pos=-33.87 elbow_flex.pos=+40.35 wrist_flex.pos=+76.80 wrist_roll.pos=-2.60 gripper.pos=+31.06
DEBUG 2026-09-03 08:12:25 [action #95] t=5.09s step=94 queue=8 dmax=0.944 | shoulder_pan.pos=-3.91 shoulder_lift.pos=-32.92 elbow_flex.pos=+40.08 wrist_flex.pos=+76.53 wrist_roll.pos=-2.64 gripper.pos=+31.39
DEBUG 2026-09-03 08:12:25 [action #96] t=5.12s step=95 queue=7 dmax=0.948 | shoulder_pan.pos=-3.95 shoulder_lift.pos=-31.97 elbow_flex.pos=+39.67 wrist_flex.pos=+76.48 wrist_roll.pos=-2.55 gripper.pos=+32.08
DEBUG 2026-09-03 08:12:25 [action #97] t=5.15s step=96 queue=6 dmax=0.419 | shoulder_pan.pos=-3.86 shoulder_lift.pos=-31.73 elbow_flex.pos=+39.94 wrist_flex.pos=+76.53 wrist_roll.pos=-2.56 gripper.pos=+32.50
DEBUG 2026-09-03 08:12:25 [action #98] t=5.19s step=97 queue=5 dmax=0.492 | shoulder_pan.pos=-3.98 shoulder_lift.pos=-31.35 elbow_flex.pos=+39.88 wrist_flex.pos=+76.44 wrist_roll.pos=-2.25 gripper.pos=+32.99
DEBUG 2026-09-03 08:12:26 [action #99] t=5.22s step=98 queue=4 dmax=0.853 | shoulder_pan.pos=-3.89 shoulder_lift.pos=-30.50 elbow_flex.pos=+39.51 wrist_flex.pos=+76.26 wrist_roll.pos=-2.09 gripper.pos=+33.36
DEBUG 2026-09-03 08:12:26 [action #100] t=5.25s step=99 queue=3 dmax=0.353 | shoulder_pan.pos=-4.10 shoulder_lift.pos=-30.53 elbow_flex.pos=+39.63 wrist_flex.pos=+76.13 wrist_roll.pos=-1.85 gripper.pos=+33.71
DEBUG 2026-09-03 08:12:26 [action #101] t=5.29s step=100 queue=2 dmax=0.816 | shoulder_pan.pos=-3.96 shoulder_lift.pos=-29.71 elbow_flex.pos=+39.47 wrist_flex.pos=+76.09 wrist_roll.pos=-1.59 gripper.pos=+34.08
DEBUG 2026-09-03 08:12:26 [action #102] t=5.32s step=101 queue=1 dmax=0.470 | shoulder_pan.pos=-3.92 shoulder_lift.pos=-29.24 elbow_flex.pos=+39.77 wrist_flex.pos=+75.95 wrist_roll.pos=-1.40 gripper.pos=+34.08
DEBUG 2026-09-03 08:12:26 [chunk] received 50 actions, timesteps 80..129 | first: shoulder_pan.pos=-2.61 shoulder_lift.pos=-58.11 elbow_flex.pos=+52.58 wrist_flex.pos=+67.81 wrist_roll.pos=-1.95 gripper.pos=+1.60 | last: shoulder_pan.pos=-5.58 shoulder_lift.pos=-22.32 elbow_flex.pos=+34.81 wrist_flex.pos=+73.57 wrist_roll.pos=-0.76 gripper.pos=+34.15
DEBUG 2026-09-03 08:12:26 [action #103] t=5.52s step=102 queue=28 dmax=12.089 | shoulder_pan.pos=-4.51 shoulder_lift.pos=-39.60 elbow_flex.pos=+40.11 wrist_flex.pos=+72.29 wrist_roll.pos=-2.47 gripper.pos=+21.99
DEBUG 2026-09-03 08:12:26 [action #104] t=5.55s step=103 queue=27 dmax=0.735 | shoulder_pan.pos=-4.50 shoulder_lift.pos=-39.07 elbow_flex.pos=+39.97 wrist_flex.pos=+72.32 wrist_roll.pos=-2.47 gripper.pos=+22.73
DEBUG 2026-09-03 08:12:26 [action #105] t=5.59s step=104 queue=26 dmax=0.639 | shoulder_pan.pos=-4.68 shoulder_lift.pos=-38.54 elbow_flex.pos=+39.50 wrist_flex.pos=+72.51 wrist_roll.pos=-2.32 gripper.pos=+23.37
DEBUG 2026-09-03 08:12:26 [action #106] t=5.62s step=105 queue=25 dmax=0.758 | shoulder_pan.pos=-4.42 shoulder_lift.pos=-37.80 elbow_flex.pos=+38.97 wrist_flex.pos=+72.57 wrist_roll.pos=-2.34 gripper.pos=+24.13
DEBUG 2026-09-03 08:12:26 [action #107] t=5.65s step=106 queue=24 dmax=0.639 | shoulder_pan.pos=-4.37 shoulder_lift.pos=-37.16 elbow_flex.pos=+38.79 wrist_flex.pos=+72.99 wrist_roll.pos=-2.34 gripper.pos=+24.63
DEBUG 2026-09-03 08:12:26 [action #108] t=5.69s step=107 queue=23 dmax=0.966 | shoulder_pan.pos=-4.25 shoulder_lift.pos=-36.52 elbow_flex.pos=+37.83 wrist_flex.pos=+72.97 wrist_roll.pos=-2.26 gripper.pos=+25.08
DEBUG 2026-09-03 08:12:26 [action #109] t=5.72s step=108 queue=22 dmax=0.799 | shoulder_pan.pos=-4.11 shoulder_lift.pos=-35.72 elbow_flex.pos=+38.02 wrist_flex.pos=+73.09 wrist_roll.pos=-2.22 gripper.pos=+25.41
DEBUG 2026-09-03 08:12:26 [action #110] t=5.75s step=109 queue=21 dmax=0.722 | shoulder_pan.pos=-4.11 shoulder_lift.pos=-35.52 elbow_flex.pos=+37.30 wrist_flex.pos=+73.06 wrist_roll.pos=-2.17 gripper.pos=+25.45
DEBUG 2026-09-03 08:12:26 [action #111] t=5.79s step=110 queue=20 dmax=0.659 | shoulder_pan.pos=-4.17 shoulder_lift.pos=-35.02 elbow_flex.pos=+37.81 wrist_flex.pos=+73.07 wrist_roll.pos=-2.09 gripper.pos=+26.11
DEBUG 2026-09-03 08:12:26 [action #112] t=5.82s step=111 queue=19 dmax=0.680 | shoulder_pan.pos=-4.23 shoulder_lift.pos=-35.11 elbow_flex.pos=+37.73 wrist_flex.pos=+73.10 wrist_roll.pos=-2.09 gripper.pos=+26.79
DEBUG 2026-09-03 08:12:26 [action #113] t=5.86s step=112 queue=18 dmax=0.780 | shoulder_pan.pos=-4.31 shoulder_lift.pos=-34.33 elbow_flex.pos=+37.38 wrist_flex.pos=+73.26 wrist_roll.pos=-1.99 gripper.pos=+27.52
DEBUG 2026-09-03 08:12:26 [action #114] t=5.89s step=113 queue=17 dmax=1.078 | shoulder_pan.pos=-4.28 shoulder_lift.pos=-33.77 elbow_flex.pos=+37.60 wrist_flex.pos=+73.43 wrist_roll.pos=-2.07 gripper.pos=+28.60
DEBUG 2026-09-03 08:12:26 [action #115] t=5.92s step=114 queue=16 dmax=0.704 | shoulder_pan.pos=-4.22 shoulder_lift.pos=-33.63 elbow_flex.pos=+37.24 wrist_flex.pos=+73.51 wrist_roll.pos=-1.90 gripper.pos=+29.30
DEBUG 2026-09-03 08:12:26 [action #116] t=5.96s step=115 queue=15 dmax=0.482 | shoulder_pan.pos=-4.57 shoulder_lift.pos=-33.45 elbow_flex.pos=+37.58 wrist_flex.pos=+73.48 wrist_roll.pos=-1.78 gripper.pos=+29.78
DEBUG 2026-09-03 08:12:26 [action #117] t=5.99s step=116 queue=14 dmax=0.799 | shoulder_pan.pos=-4.36 shoulder_lift.pos=-32.65 elbow_flex.pos=+37.69 wrist_flex.pos=+73.53 wrist_roll.pos=-1.71 gripper.pos=+30.26
DEBUG 2026-09-03 08:12:26 [action #118] t=6.02s step=117 queue=13 dmax=0.856 | shoulder_pan.pos=-4.46 shoulder_lift.pos=-32.11 elbow_flex.pos=+36.83 wrist_flex.pos=+73.60 wrist_roll.pos=-1.63 gripper.pos=+30.74
DEBUG 2026-09-03 08:12:26 [action #119] t=6.06s step=118 queue=12 dmax=1.031 | shoulder_pan.pos=-4.43 shoulder_lift.pos=-31.08 elbow_flex.pos=+36.83 wrist_flex.pos=+73.65 wrist_roll.pos=-1.57 gripper.pos=+31.22
DEBUG 2026-09-03 08:12:26 [action #120] t=6.09s step=119 queue=11 dmax=0.281 | shoulder_pan.pos=-4.59 shoulder_lift.pos=-30.98 elbow_flex.pos=+36.93 wrist_flex.pos=+73.51 wrist_roll.pos=-1.59 gripper.pos=+31.51
DEBUG 2026-09-03 08:12:26 [action #121] t=6.12s step=120 queue=10 dmax=0.850 | shoulder_pan.pos=-4.67 shoulder_lift.pos=-30.13 elbow_flex.pos=+37.25 wrist_flex.pos=+73.53 wrist_roll.pos=-1.49 gripper.pos=+31.78
DEBUG 2026-09-03 08:12:26 [action #122] t=6.16s step=121 queue=9 dmax=0.680 | shoulder_pan.pos=-4.73 shoulder_lift.pos=-29.60 elbow_flex.pos=+36.57 wrist_flex.pos=+73.49 wrist_roll.pos=-1.43 gripper.pos=+32.21
DEBUG 2026-09-03 08:12:26 [action #123] t=6.19s step=122 queue=8 dmax=0.925 | shoulder_pan.pos=-4.75 shoulder_lift.pos=-28.68 elbow_flex.pos=+36.46 wrist_flex.pos=+73.40 wrist_roll.pos=-1.44 gripper.pos=+32.56
DEBUG 2026-09-03 08:12:27 [action #124] t=6.22s step=123 queue=7 dmax=1.205 | shoulder_pan.pos=-4.93 shoulder_lift.pos=-27.47 elbow_flex.pos=+36.05 wrist_flex.pos=+73.65 wrist_roll.pos=-1.29 gripper.pos=+32.88
DEBUG 2026-09-03 08:12:27 [action #125] t=6.26s step=124 queue=6 dmax=0.502 | shoulder_pan.pos=-5.01 shoulder_lift.pos=-26.97 elbow_flex.pos=+35.95 wrist_flex.pos=+73.47 wrist_roll.pos=-1.25 gripper.pos=+33.14
DEBUG 2026-09-03 08:12:27 [action #126] t=6.29s step=125 queue=5 dmax=1.323 | shoulder_pan.pos=-5.28 shoulder_lift.pos=-25.65 elbow_flex.pos=+35.57 wrist_flex.pos=+73.62 wrist_roll.pos=-1.19 gripper.pos=+33.30
DEBUG 2026-09-03 08:12:27 [action #127] t=6.32s step=126 queue=4 dmax=0.551 | shoulder_pan.pos=-5.21 shoulder_lift.pos=-25.15 elbow_flex.pos=+35.02 wrist_flex.pos=+73.63 wrist_roll.pos=-1.06 gripper.pos=+33.64
DEBUG 2026-09-03 08:12:27 [action #128] t=6.36s step=127 queue=3 dmax=2.463 | shoulder_pan.pos=-5.42 shoulder_lift.pos=-22.68 elbow_flex.pos=+35.51 wrist_flex.pos=+73.77 wrist_roll.pos=-0.93 gripper.pos=+33.98
DEBUG 2026-09-03 08:12:27 [chunk] received 50 actions, timesteps 101..150 | first: shoulder_pan.pos=-3.43 shoulder_lift.pos=-27.04 elbow_flex.pos=+39.65 wrist_flex.pos=+74.57 wrist_roll.pos=-1.51 gripper.pos=+33.00 | last: shoulder_pan.pos=-3.47 shoulder_lift.pos=+8.55 elbow_flex.pos=+21.23 wrist_flex.pos=+71.55 wrist_roll.pos=-0.59 gripper.pos=+10.36
DEBUG 2026-09-03 08:12:27 [action #129] t=6.39s step=128 queue=23 dmax=15.473 | shoulder_pan.pos=-4.97 shoulder_lift.pos=-7.21 elbow_flex.pos=+28.91 wrist_flex.pos=+72.15 wrist_roll.pos=-1.20 gripper.pos=+34.18
DEBUG 2026-09-03 08:12:27 [action #130] t=6.42s step=129 queue=22 dmax=0.739 | shoulder_pan.pos=-4.91 shoulder_lift.pos=-6.47 elbow_flex.pos=+29.16 wrist_flex.pos=+72.09 wrist_roll.pos=-1.25 gripper.pos=+34.04
DEBUG 2026-09-03 08:12:27 [action #131] t=6.46s step=130 queue=21 dmax=7.216 | shoulder_pan.pos=-4.84 shoulder_lift.pos=+0.74 elbow_flex.pos=+26.11 wrist_flex.pos=+71.32 wrist_roll.pos=-1.31 gripper.pos=+34.02
DEBUG 2026-09-03 08:12:27 [action #132] t=6.49s step=131 queue=20 dmax=1.083 | shoulder_pan.pos=-4.57 shoulder_lift.pos=+1.75 elbow_flex.pos=+25.03 wrist_flex.pos=+71.26 wrist_roll.pos=-1.19 gripper.pos=+34.06
DEBUG 2026-09-03 08:12:27 [action #133] t=6.52s step=132 queue=19 dmax=0.576 | shoulder_pan.pos=-4.36 shoulder_lift.pos=+1.91 elbow_flex.pos=+25.60 wrist_flex.pos=+71.44 wrist_roll.pos=-1.29 gripper.pos=+33.88
DEBUG 2026-09-03 08:12:27 [action #134] t=6.56s step=133 queue=18 dmax=0.973 | shoulder_pan.pos=-4.51 shoulder_lift.pos=+2.82 elbow_flex.pos=+24.63 wrist_flex.pos=+71.46 wrist_roll.pos=-1.22 gripper.pos=+33.92
DEBUG 2026-09-03 08:12:27 [action #135] t=6.59s step=134 queue=17 dmax=0.399 | shoulder_pan.pos=-4.60 shoulder_lift.pos=+3.03 elbow_flex.pos=+24.42 wrist_flex.pos=+71.06 wrist_roll.pos=-1.24 gripper.pos=+33.93
DEBUG 2026-09-03 08:12:27 [action #136] t=6.62s step=135 queue=16 dmax=0.637 | shoulder_pan.pos=-4.25 shoulder_lift.pos=+3.67 elbow_flex.pos=+23.88 wrist_flex.pos=+71.34 wrist_roll.pos=-1.07 gripper.pos=+33.98
DEBUG 2026-09-03 08:12:27 [action #137] t=6.66s step=136 queue=15 dmax=0.904 | shoulder_pan.pos=-4.59 shoulder_lift.pos=+4.57 elbow_flex.pos=+23.30 wrist_flex.pos=+71.32 wrist_roll.pos=-1.23 gripper.pos=+33.95
DEBUG 2026-09-03 08:12:27 [action #138] t=6.69s step=137 queue=14 dmax=1.104 | shoulder_pan.pos=-4.45 shoulder_lift.pos=+5.68 elbow_flex.pos=+23.64 wrist_flex.pos=+71.62 wrist_roll.pos=-1.20 gripper.pos=+33.99
DEBUG 2026-09-03 08:12:27 [action #139] t=6.72s step=138 queue=13 dmax=0.790 | shoulder_pan.pos=-4.28 shoulder_lift.pos=+5.76 elbow_flex.pos=+22.85 wrist_flex.pos=+71.35 wrist_roll.pos=-1.04 gripper.pos=+33.76
DEBUG 2026-09-03 08:12:27 [action #140] t=6.76s step=139 queue=12 dmax=0.312 | shoulder_pan.pos=-4.17 shoulder_lift.pos=+5.84 elbow_flex.pos=+22.90 wrist_flex.pos=+71.31 wrist_roll.pos=-1.05 gripper.pos=+33.45
DEBUG 2026-09-03 08:12:27 [action #141] t=6.79s step=140 queue=11 dmax=1.093 | shoulder_pan.pos=-4.06 shoulder_lift.pos=+6.22 elbow_flex.pos=+21.81 wrist_flex.pos=+71.34 wrist_roll.pos=-1.08 gripper.pos=+32.84
DEBUG 2026-09-03 08:12:27 [action #142] t=6.83s step=141 queue=10 dmax=1.238 | shoulder_pan.pos=-4.25 shoulder_lift.pos=+6.62 elbow_flex.pos=+22.05 wrist_flex.pos=+71.33 wrist_roll.pos=-1.10 gripper.pos=+31.60
DEBUG 2026-09-03 08:12:27 [action #143] t=6.86s step=142 queue=9 dmax=2.125 | shoulder_pan.pos=-3.99 shoulder_lift.pos=+7.70 elbow_flex.pos=+21.92 wrist_flex.pos=+71.67 wrist_roll.pos=-1.06 gripper.pos=+29.47
DEBUG 2026-09-03 08:12:27 [action #144] t=6.89s step=143 queue=8 dmax=2.228 | shoulder_pan.pos=-3.91 shoulder_lift.pos=+7.50 elbow_flex.pos=+21.79 wrist_flex.pos=+71.78 wrist_roll.pos=-0.97 gripper.pos=+27.24
DEBUG 2026-09-03 08:12:27 [action #145] t=6.93s step=144 queue=7 dmax=2.565 | shoulder_pan.pos=-3.90 shoulder_lift.pos=+7.57 elbow_flex.pos=+21.07 wrist_flex.pos=+71.70 wrist_roll.pos=-0.93 gripper.pos=+24.68
DEBUG 2026-09-03 08:12:27 [action #146] t=6.96s step=145 queue=6 dmax=2.891 | shoulder_pan.pos=-3.73 shoulder_lift.pos=+8.16 elbow_flex.pos=+21.57 wrist_flex.pos=+71.62 wrist_roll.pos=-0.74 gripper.pos=+21.79
DEBUG 2026-09-03 08:12:27 [action #147] t=6.99s step=146 queue=5 dmax=2.853 | shoulder_pan.pos=-3.58 shoulder_lift.pos=+7.88 elbow_flex.pos=+21.20 wrist_flex.pos=+71.73 wrist_roll.pos=-0.80 gripper.pos=+18.94
DEBUG 2026-09-03 08:12:27 [action #148] t=7.03s step=147 queue=4 dmax=2.701 | shoulder_pan.pos=-3.38 shoulder_lift.pos=+8.51 elbow_flex.pos=+21.09 wrist_flex.pos=+71.62 wrist_roll.pos=-0.55 gripper.pos=+16.24
DEBUG 2026-09-03 08:12:27 [action #149] t=7.06s step=148 queue=3 dmax=2.846 | shoulder_pan.pos=-3.63 shoulder_lift.pos=+9.06 elbow_flex.pos=+20.70 wrist_flex.pos=+71.48 wrist_roll.pos=-0.46 gripper.pos=+13.39
DEBUG 2026-09-03 08:12:27 [action #150] t=7.09s step=149 queue=2 dmax=1.771 | shoulder_pan.pos=-3.29 shoulder_lift.pos=+8.38 elbow_flex.pos=+21.68 wrist_flex.pos=+71.58 wrist_roll.pos=-0.58 gripper.pos=+11.62
DEBUG 2026-09-03 08:12:27 [action #151] t=7.13s step=150 queue=1 dmax=1.255 | shoulder_pan.pos=-3.47 shoulder_lift.pos=+8.55 elbow_flex.pos=+21.23 wrist_flex.pos=+71.55 wrist_roll.pos=-0.59 gripper.pos=+10.36
DEBUG 2026-09-03 08:12:28 [chunk] received 50 actions, timesteps 127..176 | first: shoulder_pan.pos=-3.69 shoulder_lift.pos=-25.65 elbow_flex.pos=+37.96 wrist_flex.pos=+73.91 wrist_roll.pos=-1.44 gripper.pos=+34.31 | last: shoulder_pan.pos=-2.87 shoulder_lift.pos=+3.09 elbow_flex.pos=+25.98 wrist_flex.pos=+71.00 wrist_roll.pos=-0.63 gripper.pos=+13.41
DEBUG 2026-09-03 08:12:28 [action #152] t=7.33s step=151 queue=26 dmax=24.195 | shoulder_pan.pos=-3.87 shoulder_lift.pos=-6.60 elbow_flex.pos=+31.37 wrist_flex.pos=+70.90 wrist_roll.pos=-0.94 gripper.pos=+34.56
DEBUG 2026-09-03 08:12:28 [action #153] t=7.36s step=152 queue=25 dmax=1.128 | shoulder_pan.pos=-3.63 shoulder_lift.pos=-6.12 elbow_flex.pos=+30.25 wrist_flex.pos=+70.79 wrist_roll.pos=-1.00 gripper.pos=+34.34
DEBUG 2026-09-03 08:12:28 [action #154] t=7.40s step=153 queue=24 dmax=1.133 | shoulder_pan.pos=-3.55 shoulder_lift.pos=-4.99 elbow_flex.pos=+30.03 wrist_flex.pos=+70.77 wrist_roll.pos=-0.94 gripper.pos=+34.42
DEBUG 2026-09-03 08:12:28 [action #155] t=7.43s step=154 queue=23 dmax=1.015 | shoulder_pan.pos=-3.87 shoulder_lift.pos=-3.97 elbow_flex.pos=+29.89 wrist_flex.pos=+70.89 wrist_roll.pos=-0.83 gripper.pos=+34.39
DEBUG 2026-09-03 08:12:28 [action #156] t=7.46s step=155 queue=22 dmax=0.462 | shoulder_pan.pos=-3.87 shoulder_lift.pos=-4.44 elbow_flex.pos=+29.63 wrist_flex.pos=+70.70 wrist_roll.pos=-0.90 gripper.pos=+34.20
DEBUG 2026-09-03 08:12:28 [action #157] t=7.50s step=156 queue=21 dmax=1.480 | shoulder_pan.pos=-3.82 shoulder_lift.pos=-2.96 elbow_flex.pos=+29.25 wrist_flex.pos=+70.93 wrist_roll.pos=-0.85 gripper.pos=+34.38
DEBUG 2026-09-03 08:12:28 [action #158] t=7.53s step=157 queue=20 dmax=1.143 | shoulder_pan.pos=-3.48 shoulder_lift.pos=-1.81 elbow_flex.pos=+29.20 wrist_flex.pos=+70.67 wrist_roll.pos=-0.93 gripper.pos=+34.35
DEBUG 2026-09-03 08:12:28 [action #159] t=7.56s step=158 queue=19 dmax=0.907 | shoulder_pan.pos=-3.95 shoulder_lift.pos=-1.57 elbow_flex.pos=+28.30 wrist_flex.pos=+70.54 wrist_roll.pos=-0.75 gripper.pos=+34.33
DEBUG 2026-09-03 08:12:28 [action #160] t=7.60s step=159 queue=18 dmax=1.045 | shoulder_pan.pos=-3.87 shoulder_lift.pos=-0.53 elbow_flex.pos=+28.47 wrist_flex.pos=+70.85 wrist_roll.pos=-0.87 gripper.pos=+34.19
DEBUG 2026-09-03 08:12:28 [action #161] t=7.63s step=160 queue=17 dmax=0.598 | shoulder_pan.pos=-3.69 shoulder_lift.pos=-0.67 elbow_flex.pos=+27.87 wrist_flex.pos=+70.74 wrist_roll.pos=-0.82 gripper.pos=+34.26
DEBUG 2026-09-03 08:12:28 [action #162] t=7.66s step=161 queue=16 dmax=1.229 | shoulder_pan.pos=-3.49 shoulder_lift.pos=+0.55 elbow_flex.pos=+27.57 wrist_flex.pos=+70.57 wrist_roll.pos=-0.86 gripper.pos=+34.08
DEBUG 2026-09-03 08:12:28 [action #163] t=7.70s step=162 queue=15 dmax=0.586 | shoulder_pan.pos=-3.92 shoulder_lift.pos=+1.14 elbow_flex.pos=+27.31 wrist_flex.pos=+70.81 wrist_roll.pos=-0.81 gripper.pos=+33.62
DEBUG 2026-09-03 08:12:28 [action #164] t=7.73s step=163 queue=14 dmax=0.800 | shoulder_pan.pos=-3.42 shoulder_lift.pos=+1.29 elbow_flex.pos=+27.14 wrist_flex.pos=+70.62 wrist_roll.pos=-0.66 gripper.pos=+32.82
DEBUG 2026-09-03 08:12:28 [action #165] t=7.76s step=164 queue=13 dmax=1.334 | shoulder_pan.pos=-3.63 shoulder_lift.pos=+1.69 elbow_flex.pos=+26.98 wrist_flex.pos=+70.66 wrist_roll.pos=-0.77 gripper.pos=+31.49
DEBUG 2026-09-03 08:12:28 [action #166] t=7.80s step=165 queue=12 dmax=1.643 | shoulder_pan.pos=-3.24 shoulder_lift.pos=+1.74 elbow_flex.pos=+26.51 wrist_flex.pos=+70.79 wrist_roll.pos=-0.70 gripper.pos=+29.85
DEBUG 2026-09-03 08:12:28 [action #167] t=7.83s step=166 queue=11 dmax=1.527 | shoulder_pan.pos=-3.35 shoulder_lift.pos=+1.86 elbow_flex.pos=+26.33 wrist_flex.pos=+70.86 wrist_roll.pos=-0.76 gripper.pos=+28.32
DEBUG 2026-09-03 08:12:28 [action #168] t=7.86s step=167 queue=10 dmax=1.769 | shoulder_pan.pos=-3.25 shoulder_lift.pos=+1.95 elbow_flex.pos=+26.92 wrist_flex.pos=+70.83 wrist_roll.pos=-0.55 gripper.pos=+26.55
DEBUG 2026-09-03 08:12:28 [action #169] t=7.90s step=168 queue=9 dmax=2.155 | shoulder_pan.pos=-3.00 shoulder_lift.pos=+1.95 elbow_flex.pos=+26.43 wrist_flex.pos=+71.02 wrist_roll.pos=-0.64 gripper.pos=+24.40
DEBUG 2026-09-03 08:12:28 [action #170] t=7.93s step=169 queue=8 dmax=1.962 | shoulder_pan.pos=-3.07 shoulder_lift.pos=+2.91 elbow_flex.pos=+26.10 wrist_flex.pos=+71.12 wrist_roll.pos=-0.57 gripper.pos=+22.43
DEBUG 2026-09-03 08:12:28 [action #171] t=7.97s step=170 queue=7 dmax=1.999 | shoulder_pan.pos=-3.25 shoulder_lift.pos=+2.92 elbow_flex.pos=+26.01 wrist_flex.pos=+71.09 wrist_roll.pos=-0.45 gripper.pos=+20.43
DEBUG 2026-09-03 08:12:28 [action #172] t=8.00s step=171 queue=6 dmax=1.692 | shoulder_pan.pos=-2.91 shoulder_lift.pos=+2.71 elbow_flex.pos=+26.39 wrist_flex.pos=+71.02 wrist_roll.pos=-0.54 gripper.pos=+18.74
DEBUG 2026-09-03 08:12:28 [action #173] t=8.03s step=172 queue=5 dmax=1.660 | shoulder_pan.pos=-2.67 shoulder_lift.pos=+2.96 elbow_flex.pos=+26.36 wrist_flex.pos=+70.93 wrist_roll.pos=-0.65 gripper.pos=+17.08
DEBUG 2026-09-03 08:12:28 [action #174] t=8.07s step=173 queue=4 dmax=1.117 | shoulder_pan.pos=-2.71 shoulder_lift.pos=+2.36 elbow_flex.pos=+25.98 wrist_flex.pos=+70.95 wrist_roll.pos=-0.49 gripper.pos=+15.97
DEBUG 2026-09-03 08:12:28 [action #175] t=8.10s step=174 queue=3 dmax=1.017 | shoulder_pan.pos=-2.96 shoulder_lift.pos=+2.87 elbow_flex.pos=+25.79 wrist_flex.pos=+70.94 wrist_roll.pos=-0.57 gripper.pos=+14.95
DEBUG 2026-09-03 08:12:28 [action #176] t=8.13s step=175 queue=2 dmax=0.830 | shoulder_pan.pos=-2.90 shoulder_lift.pos=+2.91 elbow_flex.pos=+26.08 wrist_flex.pos=+71.01 wrist_roll.pos=-0.62 gripper.pos=+14.12
DEBUG 2026-09-03 08:12:28 [action #177] t=8.17s step=176 queue=1 dmax=0.714 | shoulder_pan.pos=-2.87 shoulder_lift.pos=+3.09 elbow_flex.pos=+25.98 wrist_flex.pos=+71.00 wrist_roll.pos=-0.63 gripper.pos=+13.41
DEBUG 2026-09-03 08:12:29 [chunk] received 50 actions, timesteps 150..199 | first: shoulder_pan.pos=-3.70 shoulder_lift.pos=+6.42 elbow_flex.pos=+18.83 wrist_flex.pos=+71.15 wrist_roll.pos=-0.83 gripper.pos=+9.51 | last: shoulder_pan.pos=+19.45 shoulder_lift.pos=-8.98 elbow_flex.pos=-6.42 wrist_flex.pos=+84.35 wrist_roll.pos=-1.96 gripper.pos=+6.81
DEBUG 2026-09-03 08:12:29 [action #178] t=8.27s step=177 queue=23 dmax=24.835 | shoulder_pan.pos=+0.84 shoulder_lift.pos=-1.58 elbow_flex.pos=+1.14 wrist_flex.pos=+84.40 wrist_roll.pos=-4.21 gripper.pos=+6.77
DEBUG 2026-09-03 08:12:29 [action #179] t=8.30s step=178 queue=22 dmax=0.842 | shoulder_pan.pos=+1.14 shoulder_lift.pos=-2.16 elbow_flex.pos=+0.75 wrist_flex.pos=+85.24 wrist_roll.pos=-4.28 gripper.pos=+6.81
DEBUG 2026-09-03 08:12:29 [action #180] t=8.33s step=179 queue=21 dmax=1.225 | shoulder_pan.pos=+1.42 shoulder_lift.pos=-2.90 elbow_flex.pos=-0.48 wrist_flex.pos=+85.70 wrist_roll.pos=-4.23 gripper.pos=+6.73
DEBUG 2026-09-03 08:12:29 [action #181] t=8.37s step=180 queue=20 dmax=0.753 | shoulder_pan.pos=+1.94 shoulder_lift.pos=-3.63 elbow_flex.pos=-1.23 wrist_flex.pos=+86.43 wrist_roll.pos=-4.22 gripper.pos=+6.95
DEBUG 2026-09-03 08:12:29 [action #182] t=8.40s step=181 queue=19 dmax=0.995 | shoulder_pan.pos=+2.54 shoulder_lift.pos=-4.28 elbow_flex.pos=-2.22 wrist_flex.pos=+86.79 wrist_roll.pos=-4.22 gripper.pos=+6.92
DEBUG 2026-09-03 08:12:29 [action #183] t=8.43s step=182 queue=18 dmax=0.914 | shoulder_pan.pos=+3.33 shoulder_lift.pos=-4.43 elbow_flex.pos=-3.14 wrist_flex.pos=+87.08 wrist_roll.pos=-4.11 gripper.pos=+6.93
DEBUG 2026-09-03 08:12:29 [action #184] t=8.47s step=183 queue=17 dmax=0.819 | shoulder_pan.pos=+4.01 shoulder_lift.pos=-5.25 elbow_flex.pos=-3.63 wrist_flex.pos=+87.34 wrist_roll.pos=-4.06 gripper.pos=+6.73
DEBUG 2026-09-03 08:12:29 [action #185] t=8.50s step=184 queue=16 dmax=0.956 | shoulder_pan.pos=+4.97 shoulder_lift.pos=-6.11 elbow_flex.pos=-4.14 wrist_flex.pos=+87.47 wrist_roll.pos=-3.91 gripper.pos=+6.91
DEBUG 2026-09-03 08:12:29 [action #186] t=8.53s step=185 queue=15 dmax=0.779 | shoulder_pan.pos=+5.75 shoulder_lift.pos=-5.73 elbow_flex.pos=-4.73 wrist_flex.pos=+87.81 wrist_roll.pos=-3.79 gripper.pos=+6.95
DEBUG 2026-09-03 08:12:29 [action #187] t=8.57s step=186 queue=14 dmax=1.756 | shoulder_pan.pos=+6.46 shoulder_lift.pos=-7.49 elbow_flex.pos=-4.22 wrist_flex.pos=+88.03 wrist_roll.pos=-3.69 gripper.pos=+7.03
DEBUG 2026-09-03 08:12:29 [action #188] t=8.60s step=187 queue=13 dmax=0.890 | shoulder_pan.pos=+7.35 shoulder_lift.pos=-7.57 elbow_flex.pos=-5.03 wrist_flex.pos=+87.82 wrist_roll.pos=-3.73 gripper.pos=+7.07
DEBUG 2026-09-03 08:12:29 [action #189] t=8.63s step=188 queue=12 dmax=1.183 | shoulder_pan.pos=+8.54 shoulder_lift.pos=-7.90 elbow_flex.pos=-5.81 wrist_flex.pos=+87.63 wrist_roll.pos=-3.42 gripper.pos=+6.90
DEBUG 2026-09-03 08:12:29 [action #190] t=8.67s step=189 queue=11 dmax=1.165 | shoulder_pan.pos=+9.27 shoulder_lift.pos=-9.06 elbow_flex.pos=-5.23 wrist_flex.pos=+87.78 wrist_roll.pos=-3.35 gripper.pos=+7.00
DEBUG 2026-09-03 08:12:29 [action #191] t=8.70s step=190 queue=10 dmax=0.754 | shoulder_pan.pos=+10.02 shoulder_lift.pos=-8.61 elbow_flex.pos=-5.26 wrist_flex.pos=+87.40 wrist_roll.pos=-3.18 gripper.pos=+7.08
DEBUG 2026-09-03 08:12:29 [action #192] t=8.74s step=191 queue=9 dmax=1.049 | shoulder_pan.pos=+11.07 shoulder_lift.pos=-8.79 elbow_flex.pos=-5.37 wrist_flex.pos=+87.46 wrist_roll.pos=-3.17 gripper.pos=+7.16
DEBUG 2026-09-03 08:12:29 [action #193] t=8.77s step=192 queue=8 dmax=1.067 | shoulder_pan.pos=+12.14 shoulder_lift.pos=-8.87 elbow_flex.pos=-5.24 wrist_flex.pos=+87.22 wrist_roll.pos=-2.87 gripper.pos=+7.09
DEBUG 2026-09-03 08:12:29 [action #194] t=8.80s step=193 queue=7 dmax=1.487 | shoulder_pan.pos=+13.63 shoulder_lift.pos=-9.25 elbow_flex.pos=-5.14 wrist_flex.pos=+86.85 wrist_roll.pos=-2.81 gripper.pos=+7.10
DEBUG 2026-09-03 08:12:29 [action #195] t=8.84s step=194 queue=6 dmax=0.699 | shoulder_pan.pos=+14.33 shoulder_lift.pos=-9.09 elbow_flex.pos=-5.43 wrist_flex.pos=+86.55 wrist_roll.pos=-2.65 gripper.pos=+7.19
DEBUG 2026-09-03 08:12:29 [action #196] t=8.87s step=195 queue=5 dmax=1.476 | shoulder_pan.pos=+15.80 shoulder_lift.pos=-9.09 elbow_flex.pos=-5.04 wrist_flex.pos=+86.12 wrist_roll.pos=-2.59 gripper.pos=+7.00
DEBUG 2026-09-03 08:12:29 [action #197] t=8.90s step=196 queue=4 dmax=0.899 | shoulder_pan.pos=+16.70 shoulder_lift.pos=-8.90 elbow_flex.pos=-5.15 wrist_flex.pos=+85.86 wrist_roll.pos=-2.47 gripper.pos=+7.17
DEBUG 2026-09-03 08:12:29 [action #198] t=8.94s step=197 queue=3 dmax=1.135 | shoulder_pan.pos=+17.84 shoulder_lift.pos=-9.59 elbow_flex.pos=-5.40 wrist_flex.pos=+85.13 wrist_roll.pos=-2.36 gripper.pos=+7.27
DEBUG 2026-09-03 08:12:29 [action #199] t=8.97s step=198 queue=2 dmax=0.715 | shoulder_pan.pos=+18.55 shoulder_lift.pos=-9.00 elbow_flex.pos=-5.66 wrist_flex.pos=+84.84 wrist_roll.pos=-2.10 gripper.pos=+7.09
DEBUG 2026-09-03 08:12:29 [action #200] t=9.00s step=199 queue=1 dmax=0.895 | shoulder_pan.pos=+19.45 shoulder_lift.pos=-8.98 elbow_flex.pos=-6.42 wrist_flex.pos=+84.35 wrist_roll.pos=-1.96 gripper.pos=+6.81
DEBUG 2026-09-03 08:12:29 [chunk] received 50 actions, timesteps 176..225 | first: shoulder_pan.pos=-4.33 shoulder_lift.pos=+0.19 elbow_flex.pos=+26.00 wrist_flex.pos=+70.86 wrist_roll.pos=-1.64 gripper.pos=+8.01 | last: shoulder_pan.pos=+20.93 shoulder_lift.pos=-8.04 elbow_flex.pos=+1.08 wrist_flex.pos=+79.51 wrist_roll.pos=-1.61 gripper.pos=+7.66
DEBUG 2026-09-03 08:12:29 [action #201] t=9.14s step=200 queue=26 dmax=20.739 | shoulder_pan.pos=-1.29 shoulder_lift.pos=-8.32 elbow_flex.pos=+7.31 wrist_flex.pos=+86.85 wrist_roll.pos=-3.35 gripper.pos=+7.54
DEBUG 2026-09-03 08:12:29 [action #202] t=9.17s step=201 queue=25 dmax=2.043 | shoulder_pan.pos=-0.29 shoulder_lift.pos=-10.36 elbow_flex.pos=+7.43 wrist_flex.pos=+87.17 wrist_roll.pos=-3.58 gripper.pos=+7.42
DEBUG 2026-09-03 08:12:30 [action #203] t=9.20s step=202 queue=24 dmax=0.742 | shoulder_pan.pos=+0.04 shoulder_lift.pos=-10.31 elbow_flex.pos=+6.69 wrist_flex.pos=+87.38 wrist_roll.pos=-3.54 gripper.pos=+7.43
DEBUG 2026-09-03 08:12:30 [action #204] t=9.24s step=203 queue=23 dmax=0.842 | shoulder_pan.pos=+0.89 shoulder_lift.pos=-10.64 elbow_flex.pos=+6.36 wrist_flex.pos=+87.62 wrist_roll.pos=-3.42 gripper.pos=+7.44
DEBUG 2026-09-03 08:12:30 [action #205] t=9.27s step=204 queue=22 dmax=0.833 | shoulder_pan.pos=+1.67 shoulder_lift.pos=-11.48 elbow_flex.pos=+6.02 wrist_flex.pos=+87.67 wrist_roll.pos=-3.48 gripper.pos=+7.54
DEBUG 2026-09-03 08:12:30 [action #206] t=9.30s step=205 queue=21 dmax=1.215 | shoulder_pan.pos=+2.72 shoulder_lift.pos=-12.57 elbow_flex.pos=+4.81 wrist_flex.pos=+87.93 wrist_roll.pos=-3.31 gripper.pos=+7.47
DEBUG 2026-09-03 08:12:30 [action #207] t=9.34s step=206 queue=20 dmax=0.879 | shoulder_pan.pos=+3.47 shoulder_lift.pos=-13.44 elbow_flex.pos=+5.69 wrist_flex.pos=+88.06 wrist_roll.pos=-3.24 gripper.pos=+7.50
DEBUG 2026-09-03 08:12:30 [action #208] t=9.37s step=207 queue=19 dmax=1.049 | shoulder_pan.pos=+4.52 shoulder_lift.pos=-13.66 elbow_flex.pos=+4.98 wrist_flex.pos=+87.88 wrist_roll.pos=-2.97 gripper.pos=+7.47
DEBUG 2026-09-03 08:12:30 [action #209] t=9.40s step=208 queue=18 dmax=1.052 | shoulder_pan.pos=+5.57 shoulder_lift.pos=-14.30 elbow_flex.pos=+4.64 wrist_flex.pos=+87.98 wrist_roll.pos=-3.05 gripper.pos=+7.71
DEBUG 2026-09-03 08:12:30 [action #210] t=9.44s step=209 queue=17 dmax=0.712 | shoulder_pan.pos=+6.28 shoulder_lift.pos=-14.79 elbow_flex.pos=+4.52 wrist_flex.pos=+87.81 wrist_roll.pos=-3.06 gripper.pos=+7.69
DEBUG 2026-09-03 08:12:30 [action #211] t=9.47s step=210 queue=16 dmax=1.450 | shoulder_pan.pos=+7.73 shoulder_lift.pos=-14.89 elbow_flex.pos=+5.43 wrist_flex.pos=+87.36 wrist_roll.pos=-2.88 gripper.pos=+7.61
DEBUG 2026-09-03 08:12:30 [action #212] t=9.51s step=211 queue=15 dmax=1.609 | shoulder_pan.pos=+8.87 shoulder_lift.pos=-14.60 elbow_flex.pos=+3.82 wrist_flex.pos=+87.43 wrist_roll.pos=-2.79 gripper.pos=+7.67
DEBUG 2026-09-03 08:12:30 [action #213] t=9.54s step=212 queue=14 dmax=0.925 | shoulder_pan.pos=+9.44 shoulder_lift.pos=-15.53 elbow_flex.pos=+3.46 wrist_flex.pos=+86.87 wrist_roll.pos=-2.50 gripper.pos=+7.62
DEBUG 2026-09-03 08:12:30 [action #214] t=9.57s step=213 queue=13 dmax=1.289 | shoulder_pan.pos=+10.73 shoulder_lift.pos=-15.86 elbow_flex.pos=+3.55 wrist_flex.pos=+86.69 wrist_roll.pos=-2.44 gripper.pos=+7.69
DEBUG 2026-09-03 08:12:30 [action #215] t=9.61s step=214 queue=12 dmax=1.092 | shoulder_pan.pos=+11.55 shoulder_lift.pos=-14.77 elbow_flex.pos=+3.66 wrist_flex.pos=+86.30 wrist_roll.pos=-2.33 gripper.pos=+7.63
DEBUG 2026-09-03 08:12:30 [action #216] t=9.64s step=215 queue=11 dmax=1.465 | shoulder_pan.pos=+13.01 shoulder_lift.pos=-14.84 elbow_flex.pos=+4.12 wrist_flex.pos=+85.73 wrist_roll.pos=-2.28 gripper.pos=+7.53
DEBUG 2026-09-03 08:12:30 [action #217] t=9.67s step=216 queue=10 dmax=0.764 | shoulder_pan.pos=+13.78 shoulder_lift.pos=-15.25 elbow_flex.pos=+3.62 wrist_flex.pos=+85.43 wrist_roll.pos=-2.26 gripper.pos=+7.50
DEBUG 2026-09-03 08:12:30 [action #218] t=9.71s step=217 queue=9 dmax=1.171 | shoulder_pan.pos=+14.95 shoulder_lift.pos=-14.99 elbow_flex.pos=+4.29 wrist_flex.pos=+84.95 wrist_roll.pos=-1.99 gripper.pos=+7.61
DEBUG 2026-09-03 08:12:30 [action #219] t=9.74s step=218 queue=8 dmax=0.903 | shoulder_pan.pos=+15.68 shoulder_lift.pos=-14.09 elbow_flex.pos=+4.19 wrist_flex.pos=+84.33 wrist_roll.pos=-2.06 gripper.pos=+7.67
DEBUG 2026-09-03 08:12:30 [action #220] t=9.77s step=219 queue=7 dmax=0.949 | shoulder_pan.pos=+16.63 shoulder_lift.pos=-14.35 elbow_flex.pos=+3.74 wrist_flex.pos=+83.40 wrist_roll.pos=-1.89 gripper.pos=+7.49
DEBUG 2026-09-03 08:12:30 [action #221] t=9.81s step=220 queue=6 dmax=1.019 | shoulder_pan.pos=+17.65 shoulder_lift.pos=-13.43 elbow_flex.pos=+4.71 wrist_flex.pos=+83.19 wrist_roll.pos=-2.16 gripper.pos=+7.79
DEBUG 2026-09-03 08:12:30 [action #222] t=9.84s step=221 queue=5 dmax=1.514 | shoulder_pan.pos=+17.96 shoulder_lift.pos=-12.63 elbow_flex.pos=+3.19 wrist_flex.pos=+82.70 wrist_roll.pos=-1.85 gripper.pos=+7.51
DEBUG 2026-09-03 08:12:30 [action #223] t=9.87s step=222 queue=4 dmax=0.923 | shoulder_pan.pos=+18.79 shoulder_lift.pos=-11.87 elbow_flex.pos=+2.33 wrist_flex.pos=+81.78 wrist_roll.pos=-1.81 gripper.pos=+7.39
DEBUG 2026-09-03 08:12:30 [action #224] t=9.91s step=223 queue=3 dmax=1.378 | shoulder_pan.pos=+19.65 shoulder_lift.pos=-10.49 elbow_flex.pos=+2.27 wrist_flex.pos=+81.21 wrist_roll.pos=-1.87 gripper.pos=+7.46
DEBUG 2026-09-03 08:12:30 [action #225] t=9.94s step=224 queue=2 dmax=0.974 | shoulder_pan.pos=+20.17 shoulder_lift.pos=-10.01 elbow_flex.pos=+2.43 wrist_flex.pos=+80.24 wrist_roll.pos=-1.76 gripper.pos=+7.69
DEBUG 2026-09-03 08:12:30 [action #226] t=9.97s step=225 queue=1 dmax=1.971 | shoulder_pan.pos=+20.93 shoulder_lift.pos=-8.04 elbow_flex.pos=+1.08 wrist_flex.pos=+79.51 wrist_roll.pos=-1.61 gripper.pos=+7.66
DEBUG 2026-09-03 08:12:30 [chunk] received 50 actions, timesteps 199..248 | first: shoulder_pan.pos=+22.34 shoulder_lift.pos=-10.71 elbow_flex.pos=-2.26 wrist_flex.pos=+83.81 wrist_roll.pos=-1.28 gripper.pos=+6.97 | last: shoulder_pan.pos=+32.33 shoulder_lift.pos=+13.78 elbow_flex.pos=-11.93 wrist_flex.pos=+67.87 wrist_roll.pos=-2.73 gripper.pos=+25.83
DEBUG 2026-09-03 08:12:30 [action #227] t=10.01s step=226 queue=23 dmax=12.602 | shoulder_pan.pos=+33.53 shoulder_lift.pos=+3.36 elbow_flex.pos=-3.82 wrist_flex.pos=+71.04 wrist_roll.pos=-1.57 gripper.pos=+7.63
DEBUG 2026-09-03 08:12:30 [action #228] t=10.04s step=227 queue=22 dmax=1.950 | shoulder_pan.pos=+33.95 shoulder_lift.pos=+4.88 elbow_flex.pos=-5.77 wrist_flex.pos=+70.62 wrist_roll.pos=-1.65 gripper.pos=+7.50
DEBUG 2026-09-03 08:12:30 [action #229] t=10.07s step=228 queue=21 dmax=0.395 | shoulder_pan.pos=+34.19 shoulder_lift.pos=+4.97 elbow_flex.pos=-5.37 wrist_flex.pos=+70.56 wrist_roll.pos=-1.59 gripper.pos=+7.58
DEBUG 2026-09-03 08:12:30 [action #230] t=10.11s step=229 queue=20 dmax=1.066 | shoulder_pan.pos=+34.36 shoulder_lift.pos=+6.04 elbow_flex.pos=-6.25 wrist_flex.pos=+69.85 wrist_roll.pos=-1.79 gripper.pos=+7.45
DEBUG 2026-09-03 08:12:30 [action #231] t=10.14s step=230 queue=19 dmax=1.011 | shoulder_pan.pos=+34.39 shoulder_lift.pos=+6.94 elbow_flex.pos=-7.26 wrist_flex.pos=+70.12 wrist_roll.pos=-1.68 gripper.pos=+7.55
DEBUG 2026-09-03 08:12:30 [action #232] t=10.17s step=231 queue=18 dmax=0.989 | shoulder_pan.pos=+34.64 shoulder_lift.pos=+7.93 elbow_flex.pos=-6.81 wrist_flex.pos=+69.80 wrist_roll.pos=-1.93 gripper.pos=+7.39
DEBUG 2026-09-03 08:12:31 [action #233] t=10.21s step=232 queue=17 dmax=1.447 | shoulder_pan.pos=+34.69 shoulder_lift.pos=+8.21 elbow_flex.pos=-8.25 wrist_flex.pos=+69.37 wrist_roll.pos=-1.95 gripper.pos=+7.55
DEBUG 2026-09-03 08:12:31 [action #234] t=10.24s step=233 queue=16 dmax=0.928 | shoulder_pan.pos=+34.41 shoulder_lift.pos=+9.14 elbow_flex.pos=-9.09 wrist_flex.pos=+69.45 wrist_roll.pos=-2.07 gripper.pos=+7.48
DEBUG 2026-09-03 08:12:31 [action #235] t=10.27s step=234 queue=15 dmax=0.807 | shoulder_pan.pos=+34.50 shoulder_lift.pos=+9.39 elbow_flex.pos=-9.90 wrist_flex.pos=+69.23 wrist_roll.pos=-2.12 gripper.pos=+7.41
DEBUG 2026-09-03 08:12:31 [action #236] t=10.31s step=235 queue=14 dmax=1.060 | shoulder_pan.pos=+34.45 shoulder_lift.pos=+10.45 elbow_flex.pos=-10.84 wrist_flex.pos=+69.01 wrist_roll.pos=-2.13 gripper.pos=+7.43
DEBUG 2026-09-03 08:12:31 [action #237] t=10.34s step=236 queue=13 dmax=0.938 | shoulder_pan.pos=+34.55 shoulder_lift.pos=+10.64 elbow_flex.pos=-9.90 wrist_flex.pos=+68.63 wrist_roll.pos=-2.09 gripper.pos=+7.40
DEBUG 2026-09-03 08:12:31 [action #238] t=10.38s step=237 queue=12 dmax=1.523 | shoulder_pan.pos=+34.10 shoulder_lift.pos=+12.17 elbow_flex.pos=-11.40 wrist_flex.pos=+68.38 wrist_roll.pos=-2.08 gripper.pos=+7.39
DEBUG 2026-09-03 08:12:31 [action #239] t=10.41s step=238 queue=11 dmax=0.325 | shoulder_pan.pos=+34.01 shoulder_lift.pos=+12.07 elbow_flex.pos=-11.63 wrist_flex.pos=+68.05 wrist_roll.pos=-2.32 gripper.pos=+7.24
DEBUG 2026-09-03 08:12:31 [action #240] t=10.44s step=239 queue=10 dmax=0.508 | shoulder_pan.pos=+33.91 shoulder_lift.pos=+12.38 elbow_flex.pos=-12.13 wrist_flex.pos=+67.63 wrist_roll.pos=-2.11 gripper.pos=+7.23
DEBUG 2026-09-03 08:12:31 [action #241] t=10.48s step=240 queue=9 dmax=0.636 | shoulder_pan.pos=+33.85 shoulder_lift.pos=+13.02 elbow_flex.pos=-11.80 wrist_flex.pos=+67.46 wrist_roll.pos=-2.13 gripper.pos=+7.32
DEBUG 2026-09-03 08:12:31 [action #242] t=10.51s step=241 queue=8 dmax=0.391 | shoulder_pan.pos=+33.62 shoulder_lift.pos=+12.75 elbow_flex.pos=-11.80 wrist_flex.pos=+67.07 wrist_roll.pos=-2.29 gripper.pos=+7.49
DEBUG 2026-09-03 08:12:31 [action #243] t=10.54s step=242 queue=7 dmax=0.452 | shoulder_pan.pos=+33.59 shoulder_lift.pos=+12.98 elbow_flex.pos=-11.92 wrist_flex.pos=+66.93 wrist_roll.pos=-2.29 gripper.pos=+7.94
DEBUG 2026-09-03 08:12:31 [action #244] t=10.58s step=243 queue=6 dmax=1.051 | shoulder_pan.pos=+33.18 shoulder_lift.pos=+13.90 elbow_flex.pos=-11.83 wrist_flex.pos=+66.91 wrist_roll.pos=-2.37 gripper.pos=+8.99
DEBUG 2026-09-03 08:12:31 [action #245] t=10.61s step=244 queue=5 dmax=3.191 | shoulder_pan.pos=+33.00 shoulder_lift.pos=+13.86 elbow_flex.pos=-11.61 wrist_flex.pos=+67.10 wrist_roll.pos=-2.46 gripper.pos=+12.19
DEBUG 2026-09-03 08:12:31 [action #246] t=10.64s step=245 queue=4 dmax=4.230 | shoulder_pan.pos=+33.00 shoulder_lift.pos=+13.62 elbow_flex.pos=-12.60 wrist_flex.pos=+67.25 wrist_roll.pos=-2.58 gripper.pos=+16.42
DEBUG 2026-09-03 08:12:31 [action #247] t=10.68s step=246 queue=3 dmax=4.127 | shoulder_pan.pos=+32.62 shoulder_lift.pos=+13.93 elbow_flex.pos=-11.52 wrist_flex.pos=+67.53 wrist_roll.pos=-2.74 gripper.pos=+20.54
DEBUG 2026-09-03 08:12:31 [action #248] t=10.71s step=247 queue=2 dmax=3.315 | shoulder_pan.pos=+32.69 shoulder_lift.pos=+13.78 elbow_flex.pos=-12.56 wrist_flex.pos=+67.66 wrist_roll.pos=-2.65 gripper.pos=+23.86
DEBUG 2026-09-03 08:12:31 [action #249] t=10.74s step=248 queue=1 dmax=1.975 | shoulder_pan.pos=+32.33 shoulder_lift.pos=+13.78 elbow_flex.pos=-11.93 wrist_flex.pos=+67.87 wrist_roll.pos=-2.73 gripper.pos=+25.83
DEBUG 2026-09-03 08:12:31 [chunk] received 50 actions, timesteps 225..274 | first: shoulder_pan.pos=+20.63 shoulder_lift.pos=-14.64 elbow_flex.pos=+1.12 wrist_flex.pos=+80.41 wrist_roll.pos=-2.35 gripper.pos=+7.44 | last: shoulder_pan.pos=+37.71 shoulder_lift.pos=+20.16 elbow_flex.pos=-18.58 wrist_flex.pos=+65.57 wrist_roll.pos=-3.18 gripper.pos=+16.35
DEBUG 2026-09-03 08:12:31 [action #250] t=10.88s step=249 queue=26 dmax=19.131 | shoulder_pan.pos=+34.43 shoulder_lift.pos=-1.03 elbow_flex.pos=-5.81 wrist_flex.pos=+69.69 wrist_roll.pos=-1.68 gripper.pos=+6.70
DEBUG 2026-09-03 08:12:31 [action #251] t=10.91s step=250 queue=25 dmax=1.114 | shoulder_pan.pos=+34.91 shoulder_lift.pos=+0.09 elbow_flex.pos=-6.10 wrist_flex.pos=+69.54 wrist_roll.pos=-1.77 gripper.pos=+6.95
DEBUG 2026-09-03 08:12:31 [action #252] t=10.94s step=251 queue=24 dmax=1.005 | shoulder_pan.pos=+35.65 shoulder_lift.pos=+1.09 elbow_flex.pos=-6.32 wrist_flex.pos=+69.37 wrist_roll.pos=-2.13 gripper.pos=+6.82
DEBUG 2026-09-03 08:12:31 [action #253] t=10.98s step=252 queue=23 dmax=1.066 | shoulder_pan.pos=+35.41 shoulder_lift.pos=+2.01 elbow_flex.pos=-7.38 wrist_flex.pos=+68.94 wrist_roll.pos=-1.97 gripper.pos=+6.77
DEBUG 2026-09-03 08:12:31 [action #254] t=11.01s step=253 queue=22 dmax=1.487 | shoulder_pan.pos=+36.18 shoulder_lift.pos=+3.50 elbow_flex.pos=-7.76 wrist_flex.pos=+69.14 wrist_roll.pos=-2.26 gripper.pos=+6.95
DEBUG 2026-09-03 08:12:31 [action #255] t=11.04s step=254 queue=21 dmax=1.394 | shoulder_pan.pos=+36.23 shoulder_lift.pos=+4.90 elbow_flex.pos=-8.48 wrist_flex.pos=+68.49 wrist_roll.pos=-2.23 gripper.pos=+6.76
DEBUG 2026-09-03 08:12:31 [action #256] t=11.08s step=255 queue=20 dmax=0.296 | shoulder_pan.pos=+36.02 shoulder_lift.pos=+4.79 elbow_flex.pos=-8.19 wrist_flex.pos=+68.55 wrist_roll.pos=-2.10 gripper.pos=+6.85
DEBUG 2026-09-03 08:12:31 [action #257] t=11.11s step=256 queue=19 dmax=1.223 | shoulder_pan.pos=+36.46 shoulder_lift.pos=+6.02 elbow_flex.pos=-9.30 wrist_flex.pos=+68.34 wrist_roll.pos=-2.36 gripper.pos=+6.75
DEBUG 2026-09-03 08:12:31 [action #258] t=11.14s step=257 queue=18 dmax=1.547 | shoulder_pan.pos=+36.27 shoulder_lift.pos=+7.30 elbow_flex.pos=-10.85 wrist_flex.pos=+68.49 wrist_roll.pos=-2.56 gripper.pos=+6.76
DEBUG 2026-09-03 08:12:31 [action #259] t=11.18s step=258 queue=17 dmax=0.988 | shoulder_pan.pos=+36.24 shoulder_lift.pos=+8.29 elbow_flex.pos=-10.61 wrist_flex.pos=+68.09 wrist_roll.pos=-2.63 gripper.pos=+6.84
DEBUG 2026-09-03 08:12:32 [action #260] t=11.21s step=259 queue=16 dmax=1.341 | shoulder_pan.pos=+36.65 shoulder_lift.pos=+8.27 elbow_flex.pos=-11.95 wrist_flex.pos=+68.00 wrist_roll.pos=-2.65 gripper.pos=+6.66
DEBUG 2026-09-03 08:12:32 [action #261] t=11.24s step=260 queue=15 dmax=1.937 | shoulder_pan.pos=+36.61 shoulder_lift.pos=+10.21 elbow_flex.pos=-12.96 wrist_flex.pos=+68.06 wrist_roll.pos=-2.45 gripper.pos=+6.71
DEBUG 2026-09-03 08:12:32 [action #262] t=11.28s step=261 queue=14 dmax=0.664 | shoulder_pan.pos=+35.95 shoulder_lift.pos=+10.73 elbow_flex.pos=-13.51 wrist_flex.pos=+67.55 wrist_roll.pos=-2.86 gripper.pos=+6.56
DEBUG 2026-09-03 08:12:32 [action #263] t=11.31s step=262 queue=13 dmax=1.168 | shoulder_pan.pos=+36.59 shoulder_lift.pos=+11.89 elbow_flex.pos=-13.01 wrist_flex.pos=+67.42 wrist_roll.pos=-2.71 gripper.pos=+6.73
DEBUG 2026-09-03 08:12:32 [action #264] t=11.35s step=263 queue=12 dmax=0.371 | shoulder_pan.pos=+36.85 shoulder_lift.pos=+12.27 elbow_flex.pos=-12.89 wrist_flex.pos=+67.37 wrist_roll.pos=-2.74 gripper.pos=+6.74
DEBUG 2026-09-03 08:12:32 [action #265] t=11.38s step=264 queue=11 dmax=1.594 | shoulder_pan.pos=+36.94 shoulder_lift.pos=+13.26 elbow_flex.pos=-14.49 wrist_flex.pos=+66.90 wrist_roll.pos=-2.72 gripper.pos=+6.48
DEBUG 2026-09-03 08:12:32 [action #266] t=11.41s step=265 queue=10 dmax=0.371 | shoulder_pan.pos=+37.04 shoulder_lift.pos=+13.63 elbow_flex.pos=-14.71 wrist_flex.pos=+66.65 wrist_roll.pos=-2.68 gripper.pos=+6.73
DEBUG 2026-09-03 08:12:32 [action #267] t=11.45s step=266 queue=9 dmax=0.835 | shoulder_pan.pos=+37.20 shoulder_lift.pos=+14.46 elbow_flex.pos=-15.17 wrist_flex.pos=+66.29 wrist_roll.pos=-2.77 gripper.pos=+6.88
DEBUG 2026-09-03 08:12:32 [action #268] t=11.48s step=267 queue=8 dmax=1.129 | shoulder_pan.pos=+36.90 shoulder_lift.pos=+15.59 elbow_flex.pos=-15.90 wrist_flex.pos=+65.90 wrist_roll.pos=-2.90 gripper.pos=+6.70
DEBUG 2026-09-03 08:12:32 [action #269] t=11.51s step=268 queue=7 dmax=1.293 | shoulder_pan.pos=+36.72 shoulder_lift.pos=+16.89 elbow_flex.pos=-15.35 wrist_flex.pos=+65.85 wrist_roll.pos=-2.86 gripper.pos=+7.07
DEBUG 2026-09-03 08:12:32 [action #270] t=11.55s step=269 queue=6 dmax=0.864 | shoulder_pan.pos=+37.23 shoulder_lift.pos=+16.10 elbow_flex.pos=-16.21 wrist_flex.pos=+65.69 wrist_roll.pos=-2.87 gripper.pos=+7.57
DEBUG 2026-09-03 08:12:32 [action #271] t=11.58s step=270 queue=5 dmax=1.650 | shoulder_pan.pos=+37.18 shoulder_lift.pos=+17.32 elbow_flex.pos=-16.09 wrist_flex.pos=+65.63 wrist_roll.pos=-2.85 gripper.pos=+9.22
DEBUG 2026-09-03 08:12:32 [action #272] t=11.61s step=271 queue=4 dmax=2.074 | shoulder_pan.pos=+37.41 shoulder_lift.pos=+19.17 elbow_flex.pos=-17.75 wrist_flex.pos=+65.73 wrist_roll.pos=-3.10 gripper.pos=+11.29
DEBUG 2026-09-03 08:12:32 [action #273] t=11.65s step=272 queue=3 dmax=1.984 | shoulder_pan.pos=+37.54 shoulder_lift.pos=+18.92 elbow_flex.pos=-17.34 wrist_flex.pos=+65.96 wrist_roll.pos=-3.08 gripper.pos=+13.27
DEBUG 2026-09-03 08:12:32 [action #274] t=11.68s step=273 queue=2 dmax=1.602 | shoulder_pan.pos=+37.57 shoulder_lift.pos=+19.44 elbow_flex.pos=-17.81 wrist_flex.pos=+65.92 wrist_roll.pos=-3.24 gripper.pos=+14.88
DEBUG 2026-09-03 08:12:32 [action #275] t=11.71s step=274 queue=1 dmax=1.476 | shoulder_pan.pos=+37.71 shoulder_lift.pos=+20.16 elbow_flex.pos=-18.58 wrist_flex.pos=+65.57 wrist_roll.pos=-3.18 gripper.pos=+16.35
DEBUG 2026-09-03 08:12:32 [chunk] received 50 actions, timesteps 248..297 | first: shoulder_pan.pos=+32.80 shoulder_lift.pos=+14.18 elbow_flex.pos=-11.24 wrist_flex.pos=+69.26 wrist_roll.pos=-1.90 gripper.pos=+16.49 | last: shoulder_pan.pos=+14.39 shoulder_lift.pos=-18.99 elbow_flex.pos=-1.21 wrist_flex.pos=+90.94 wrist_roll.pos=+4.40 gripper.pos=+4.55
DEBUG 2026-09-03 08:12:32 [action #276] t=11.81s step=275 queue=23 dmax=18.399 | shoulder_pan.pos=+30.93 shoulder_lift.pos=+16.20 elbow_flex.pos=-22.67 wrist_flex.pos=+83.97 wrist_roll.pos=+1.26 gripper.pos=+33.31
DEBUG 2026-09-03 08:12:32 [action #277] t=11.85s step=276 queue=22 dmax=1.458 | shoulder_pan.pos=+30.40 shoulder_lift.pos=+15.51 elbow_flex.pos=-23.72 wrist_flex.pos=+85.43 wrist_roll.pos=+1.70 gripper.pos=+33.31
DEBUG 2026-09-03 08:12:32 [action #278] t=11.88s step=277 queue=21 dmax=1.479 | shoulder_pan.pos=+30.26 shoulder_lift.pos=+14.79 elbow_flex.pos=-24.20 wrist_flex.pos=+86.91 wrist_roll.pos=+2.23 gripper.pos=+33.37
DEBUG 2026-09-03 08:12:32 [action #279] t=11.91s step=278 queue=20 dmax=1.403 | shoulder_pan.pos=+29.84 shoulder_lift.pos=+14.24 elbow_flex.pos=-24.90 wrist_flex.pos=+88.31 wrist_roll.pos=+2.61 gripper.pos=+33.37
DEBUG 2026-09-03 08:12:32 [action #280] t=11.95s step=279 queue=19 dmax=1.291 | shoulder_pan.pos=+29.73 shoulder_lift.pos=+13.48 elbow_flex.pos=-25.86 wrist_flex.pos=+89.60 wrist_roll.pos=+2.87 gripper.pos=+33.44
DEBUG 2026-09-03 08:12:32 [action #281] t=11.98s step=280 queue=18 dmax=1.064 | shoulder_pan.pos=+29.21 shoulder_lift.pos=+12.42 elbow_flex.pos=-26.26 wrist_flex.pos=+90.62 wrist_roll.pos=+3.20 gripper.pos=+33.43
DEBUG 2026-09-03 08:12:32 [action #282] t=12.01s step=281 queue=17 dmax=1.012 | shoulder_pan.pos=+29.15 shoulder_lift.pos=+11.62 elbow_flex.pos=-26.15 wrist_flex.pos=+91.63 wrist_roll.pos=+3.37 gripper.pos=+33.58
DEBUG 2026-09-03 08:12:32 [action #283] t=12.05s step=282 queue=16 dmax=1.669 | shoulder_pan.pos=+28.52 shoulder_lift.pos=+9.95 elbow_flex.pos=-26.33 wrist_flex.pos=+92.37 wrist_roll.pos=+3.62 gripper.pos=+33.48
DEBUG 2026-09-03 08:12:32 [action #284] t=12.08s step=283 queue=15 dmax=0.990 | shoulder_pan.pos=+27.95 shoulder_lift.pos=+8.96 elbow_flex.pos=-25.62 wrist_flex.pos=+93.29 wrist_roll.pos=+3.83 gripper.pos=+33.82
DEBUG 2026-09-03 08:12:32 [action #285] t=12.11s step=284 queue=14 dmax=1.820 | shoulder_pan.pos=+27.55 shoulder_lift.pos=+7.14 elbow_flex.pos=-24.22 wrist_flex.pos=+93.66 wrist_roll.pos=+4.11 gripper.pos=+33.73
DEBUG 2026-09-03 08:12:32 [action #286] t=12.15s step=285 queue=13 dmax=2.225 | shoulder_pan.pos=+27.04 shoulder_lift.pos=+4.92 elbow_flex.pos=-23.78 wrist_flex.pos=+94.02 wrist_roll.pos=+4.34 gripper.pos=+33.53
DEBUG 2026-09-03 08:12:32 [action #287] t=12.18s step=286 queue=12 dmax=1.207 | shoulder_pan.pos=+26.20 shoulder_lift.pos=+3.71 elbow_flex.pos=-22.64 wrist_flex.pos=+94.07 wrist_roll.pos=+4.54 gripper.pos=+32.78
DEBUG 2026-09-03 08:12:33 [action #288] t=12.21s step=287 queue=11 dmax=2.390 | shoulder_pan.pos=+25.55 shoulder_lift.pos=+1.32 elbow_flex.pos=-20.79 wrist_flex.pos=+94.08 wrist_roll.pos=+4.60 gripper.pos=+31.04
DEBUG 2026-09-03 08:12:33 [action #289] t=12.25s step=288 queue=10 dmax=2.855 | shoulder_pan.pos=+24.97 shoulder_lift.pos=-0.42 elbow_flex.pos=-18.99 wrist_flex.pos=+93.76 wrist_roll.pos=+4.62 gripper.pos=+28.19
DEBUG 2026-09-03 08:12:33 [action #290] t=12.28s step=289 queue=9 dmax=3.608 | shoulder_pan.pos=+23.94 shoulder_lift.pos=-2.02 elbow_flex.pos=-18.36 wrist_flex.pos=+93.37 wrist_roll.pos=+4.65 gripper.pos=+24.58
DEBUG 2026-09-03 08:12:33 [action #291] t=12.32s step=290 queue=8 dmax=4.097 | shoulder_pan.pos=+22.39 shoulder_lift.pos=-4.05 elbow_flex.pos=-15.84 wrist_flex.pos=+93.24 wrist_roll.pos=+4.81 gripper.pos=+20.48
DEBUG 2026-09-03 08:12:33 [action #292] t=12.35s step=291 queue=7 dmax=3.655 | shoulder_pan.pos=+20.92 shoulder_lift.pos=-6.20 elbow_flex.pos=-14.31 wrist_flex.pos=+92.98 wrist_roll.pos=+4.76 gripper.pos=+16.83
DEBUG 2026-09-03 08:12:33 [action #293] t=12.38s step=292 queue=6 dmax=3.520 | shoulder_pan.pos=+19.62 shoulder_lift.pos=-8.02 elbow_flex.pos=-12.02 wrist_flex.pos=+92.60 wrist_roll.pos=+4.79 gripper.pos=+13.31
DEBUG 2026-09-03 08:12:33 [action #294] t=12.42s step=293 queue=5 dmax=2.703 | shoulder_pan.pos=+18.68 shoulder_lift.pos=-10.20 elbow_flex.pos=-10.58 wrist_flex.pos=+92.27 wrist_roll.pos=+5.00 gripper.pos=+10.61
DEBUG 2026-09-03 08:12:33 [action #295] t=12.45s step=294 queue=4 dmax=2.904 | shoulder_pan.pos=+17.60 shoulder_lift.pos=-11.61 elbow_flex.pos=-7.67 wrist_flex.pos=+92.03 wrist_roll.pos=+4.83 gripper.pos=+8.38
DEBUG 2026-09-03 08:12:33 [action #296] t=12.48s step=295 queue=3 dmax=3.249 | shoulder_pan.pos=+16.44 shoulder_lift.pos=-14.86 elbow_flex.pos=-6.01 wrist_flex.pos=+91.82 wrist_roll.pos=+4.82 gripper.pos=+6.34
DEBUG 2026-09-03 08:12:33 [action #297] t=12.52s step=296 queue=2 dmax=2.423 | shoulder_pan.pos=+15.38 shoulder_lift.pos=-16.92 elbow_flex.pos=-3.59 wrist_flex.pos=+91.40 wrist_roll.pos=+4.68 gripper.pos=+5.11
DEBUG 2026-09-03 08:12:33 [action #298] t=12.55s step=297 queue=1 dmax=2.379 | shoulder_pan.pos=+14.39 shoulder_lift.pos=-18.99 elbow_flex.pos=-1.21 wrist_flex.pos=+90.94 wrist_roll.pos=+4.40 gripper.pos=+4.55
DEBUG 2026-09-03 08:12:33 [chunk] received 50 actions, timesteps 274..323 | first: shoulder_pan.pos=+27.74 shoulder_lift.pos=+18.87 elbow_flex.pos=-19.39 wrist_flex.pos=+70.02 wrist_roll.pos=-1.93 gripper.pos=+19.83 | last: shoulder_pan.pos=+1.07 shoulder_lift.pos=-72.26 elbow_flex.pos=+59.80 wrist_flex.pos=+70.69 wrist_roll.pos=+0.22 gripper.pos=+1.19
DEBUG 2026-09-03 08:12:33 [action #299] t=12.78s step=298 queue=26 dmax=6.446 | shoulder_pan.pos=+10.90 shoulder_lift.pos=-17.70 elbow_flex.pos=+4.12 wrist_flex.pos=+84.50 wrist_roll.pos=-1.00 gripper.pos=+1.48
DEBUG 2026-09-03 08:12:33 [action #300] t=12.82s step=299 queue=25 dmax=3.544 | shoulder_pan.pos=+9.90 shoulder_lift.pos=-20.53 elbow_flex.pos=+7.66 wrist_flex.pos=+83.77 wrist_roll.pos=-1.04 gripper.pos=+1.56
DEBUG 2026-09-03 08:12:33 [action #301] t=12.85s step=300 queue=24 dmax=2.944 | shoulder_pan.pos=+8.80 shoulder_lift.pos=-23.05 elbow_flex.pos=+10.61 wrist_flex.pos=+82.99 wrist_roll.pos=-1.09 gripper.pos=+1.39
DEBUG 2026-09-03 08:12:33 [action #302] t=12.88s step=301 queue=23 dmax=3.141 | shoulder_pan.pos=+8.00 shoulder_lift.pos=-25.84 elbow_flex.pos=+13.75 wrist_flex.pos=+82.08 wrist_roll.pos=-1.02 gripper.pos=+1.15
DEBUG 2026-09-03 08:12:33 [action #303] t=12.92s step=302 queue=22 dmax=3.139 | shoulder_pan.pos=+6.98 shoulder_lift.pos=-28.14 elbow_flex.pos=+16.88 wrist_flex.pos=+81.25 wrist_roll.pos=-0.90 gripper.pos=+1.04
DEBUG 2026-09-03 08:12:33 [action #304] t=12.95s step=303 queue=21 dmax=2.848 | shoulder_pan.pos=+6.24 shoulder_lift.pos=-30.26 elbow_flex.pos=+19.73 wrist_flex.pos=+80.57 wrist_roll.pos=-0.66 gripper.pos=+0.75
DEBUG 2026-09-03 08:12:33 [action #305] t=12.98s step=304 queue=20 dmax=2.811 | shoulder_pan.pos=+5.59 shoulder_lift.pos=-32.82 elbow_flex.pos=+22.54 wrist_flex.pos=+79.94 wrist_roll.pos=-0.60 gripper.pos=+0.80
DEBUG 2026-09-03 08:12:33 [action #306] t=13.02s step=305 queue=19 dmax=3.074 | shoulder_pan.pos=+4.94 shoulder_lift.pos=-34.95 elbow_flex.pos=+25.62 wrist_flex.pos=+79.48 wrist_roll.pos=-0.32 gripper.pos=+1.03
DEBUG 2026-09-03 08:12:33 [action #307] t=13.05s step=306 queue=18 dmax=2.267 | shoulder_pan.pos=+4.54 shoulder_lift.pos=-37.22 elbow_flex.pos=+27.68 wrist_flex.pos=+79.00 wrist_roll.pos=-0.22 gripper.pos=+1.05
DEBUG 2026-09-03 08:12:33 [action #308] t=13.08s step=307 queue=17 dmax=2.736 | shoulder_pan.pos=+3.94 shoulder_lift.pos=-39.77 elbow_flex.pos=+30.41 wrist_flex.pos=+78.63 wrist_roll.pos=+0.02 gripper.pos=+1.18
DEBUG 2026-09-03 08:12:33 [action #309] t=13.12s step=308 queue=16 dmax=2.221 | shoulder_pan.pos=+3.65 shoulder_lift.pos=-41.42 elbow_flex.pos=+32.63 wrist_flex.pos=+78.33 wrist_roll.pos=-0.01 gripper.pos=+1.11
DEBUG 2026-09-03 08:12:33 [action #310] t=13.15s step=309 queue=15 dmax=2.249 | shoulder_pan.pos=+3.34 shoulder_lift.pos=-43.59 elbow_flex.pos=+34.88 wrist_flex.pos=+77.82 wrist_roll.pos=-0.03 gripper.pos=+1.27
DEBUG 2026-09-03 08:12:33 [action #311] t=13.19s step=310 queue=14 dmax=2.491 | shoulder_pan.pos=+3.07 shoulder_lift.pos=-46.08 elbow_flex.pos=+37.21 wrist_flex.pos=+77.27 wrist_roll.pos=+0.09 gripper.pos=+1.28
DEBUG 2026-09-03 08:12:34 [action #312] t=13.22s step=311 queue=13 dmax=2.139 | shoulder_pan.pos=+2.80 shoulder_lift.pos=-48.22 elbow_flex.pos=+39.12 wrist_flex.pos=+76.63 wrist_roll.pos=-0.08 gripper.pos=+1.29
DEBUG 2026-09-03 08:12:34 [action #313] t=13.25s step=312 queue=12 dmax=1.927 | shoulder_pan.pos=+2.60 shoulder_lift.pos=-50.15 elbow_flex.pos=+40.96 wrist_flex.pos=+76.11 wrist_roll.pos=-0.09 gripper.pos=+1.29
DEBUG 2026-09-03 08:12:34 [action #314] t=13.29s step=313 queue=11 dmax=2.227 | shoulder_pan.pos=+2.52 shoulder_lift.pos=-52.38 elbow_flex.pos=+42.71 wrist_flex.pos=+75.50 wrist_roll.pos=+0.02 gripper.pos=+1.35
DEBUG 2026-09-03 08:12:34 [action #315] t=13.32s step=314 queue=10 dmax=2.240 | shoulder_pan.pos=+2.31 shoulder_lift.pos=-54.62 elbow_flex.pos=+44.60 wrist_flex.pos=+75.03 wrist_roll.pos=+0.11 gripper.pos=+1.31
DEBUG 2026-09-03 08:12:34 [action #316] t=13.35s step=315 queue=9 dmax=2.357 | shoulder_pan.pos=+2.28 shoulder_lift.pos=-56.97 elbow_flex.pos=+46.91 wrist_flex.pos=+74.39 wrist_roll.pos=+0.02 gripper.pos=+1.30
DEBUG 2026-09-03 08:12:34 [action #317] t=13.39s step=316 queue=8 dmax=2.033 | shoulder_pan.pos=+2.29 shoulder_lift.pos=-59.01 elbow_flex.pos=+48.53 wrist_flex.pos=+74.00 wrist_roll.pos=-0.04 gripper.pos=+1.31
DEBUG 2026-09-03 08:12:34 [action #318] t=13.42s step=317 queue=7 dmax=2.093 | shoulder_pan.pos=+2.03 shoulder_lift.pos=-61.10 elbow_flex.pos=+50.28 wrist_flex.pos=+73.29 wrist_roll.pos=+0.06 gripper.pos=+1.25
DEBUG 2026-09-03 08:12:34 [action #319] t=13.45s step=318 queue=6 dmax=2.137 | shoulder_pan.pos=+1.89 shoulder_lift.pos=-63.24 elbow_flex.pos=+51.87 wrist_flex.pos=+72.88 wrist_roll.pos=+0.06 gripper.pos=+1.38
DEBUG 2026-09-03 08:12:34 [action #320] t=13.49s step=319 queue=5 dmax=2.027 | shoulder_pan.pos=+1.76 shoulder_lift.pos=-65.27 elbow_flex.pos=+53.67 wrist_flex.pos=+72.24 wrist_roll.pos=+0.08 gripper.pos=+1.31
DEBUG 2026-09-03 08:12:34 [action #321] t=13.52s step=320 queue=4 dmax=1.713 | shoulder_pan.pos=+1.57 shoulder_lift.pos=-66.98 elbow_flex.pos=+55.13 wrist_flex.pos=+71.72 wrist_roll.pos=+0.14 gripper.pos=+1.27
DEBUG 2026-09-03 08:12:34 [action #322] t=13.55s step=321 queue=3 dmax=1.727 | shoulder_pan.pos=+1.42 shoulder_lift.pos=-68.71 elbow_flex.pos=+56.75 wrist_flex.pos=+71.34 wrist_roll.pos=+0.11 gripper.pos=+1.22
DEBUG 2026-09-03 08:12:34 [action #323] t=13.59s step=322 queue=2 dmax=1.763 | shoulder_pan.pos=+1.07 shoulder_lift.pos=-70.47 elbow_flex.pos=+58.50 wrist_flex.pos=+71.11 wrist_roll.pos=+0.20 gripper.pos=+1.24
DEBUG 2026-09-03 08:12:34 [action #324] t=13.62s step=323 queue=1 dmax=1.788 | shoulder_pan.pos=+1.07 shoulder_lift.pos=-72.26 elbow_flex.pos=+59.80 wrist_flex.pos=+70.69 wrist_roll.pos=+0.22 gripper.pos=+1.19
DEBUG 2026-09-03 08:12:34 [chunk] received 50 actions, timesteps 297..346 | first: shoulder_pan.pos=+11.54 shoulder_lift.pos=-24.27 elbow_flex.pos=+9.02 wrist_flex.pos=+89.29 wrist_roll.pos=+3.72 gripper.pos=+1.96 | last: shoulder_pan.pos=-3.38 shoulder_lift.pos=-111.66 elbow_flex.pos=+86.51 wrist_flex.pos=+76.50 wrist_roll.pos=+0.89 gripper.pos=+0.74
DEBUG 2026-09-03 08:12:34 [action #325] t=13.69s step=324 queue=23 dmax=2.958 | shoulder_pan.pos=-1.60 shoulder_lift.pos=-75.21 elbow_flex.pos=+61.18 wrist_flex.pos=+72.56 wrist_roll.pos=+2.63 gripper.pos=+0.90
DEBUG 2026-09-03 08:12:34 [action #326] t=13.72s step=325 queue=22 dmax=2.550 | shoulder_pan.pos=-1.77 shoulder_lift.pos=-77.76 elbow_flex.pos=+63.14 wrist_flex.pos=+72.01 wrist_roll.pos=+2.59 gripper.pos=+0.80
DEBUG 2026-09-03 08:12:34 [action #327] t=13.75s step=326 queue=21 dmax=1.951 | shoulder_pan.pos=-1.96 shoulder_lift.pos=-79.72 elbow_flex.pos=+64.63 wrist_flex.pos=+71.64 wrist_roll.pos=+2.39 gripper.pos=+0.75
DEBUG 2026-09-03 08:12:34 [action #328] t=13.79s step=327 queue=20 dmax=2.558 | shoulder_pan.pos=-1.96 shoulder_lift.pos=-82.27 elbow_flex.pos=+66.91 wrist_flex.pos=+71.23 wrist_roll.pos=+2.03 gripper.pos=+0.74
DEBUG 2026-09-03 08:12:34 [action #329] t=13.82s step=328 queue=19 dmax=2.322 | shoulder_pan.pos=-1.94 shoulder_lift.pos=-84.60 elbow_flex.pos=+68.17 wrist_flex.pos=+70.78 wrist_roll.pos=+1.57 gripper.pos=+0.60
DEBUG 2026-09-03 08:12:34 [action #330] t=13.85s step=329 queue=18 dmax=2.603 | shoulder_pan.pos=-1.92 shoulder_lift.pos=-87.20 elbow_flex.pos=+69.75 wrist_flex.pos=+70.57 wrist_roll.pos=+1.07 gripper.pos=+0.58
DEBUG 2026-09-03 08:12:34 [action #331] t=13.89s step=330 queue=17 dmax=2.674 | shoulder_pan.pos=-1.86 shoulder_lift.pos=-89.87 elbow_flex.pos=+71.61 wrist_flex.pos=+70.32 wrist_roll.pos=+0.65 gripper.pos=+0.60
DEBUG 2026-09-03 08:12:34 [action #332] t=13.92s step=331 queue=16 dmax=2.459 | shoulder_pan.pos=-1.99 shoulder_lift.pos=-92.33 elbow_flex.pos=+72.91 wrist_flex.pos=+70.18 wrist_roll.pos=+0.06 gripper.pos=+0.52
DEBUG 2026-09-03 08:12:34 [action #333] t=13.95s step=332 queue=15 dmax=2.420 | shoulder_pan.pos=-2.02 shoulder_lift.pos=-94.75 elbow_flex.pos=+74.52 wrist_flex.pos=+70.23 wrist_roll.pos=-0.11 gripper.pos=+0.53
DEBUG 2026-09-03 08:12:34 [action #334] t=13.99s step=333 queue=14 dmax=1.778 | shoulder_pan.pos=-2.10 shoulder_lift.pos=-96.53 elbow_flex.pos=+75.83 wrist_flex.pos=+70.34 wrist_roll.pos=-0.08 gripper.pos=+0.47
DEBUG 2026-09-03 08:12:34 [action #335] t=14.02s step=334 queue=13 dmax=2.050 | shoulder_pan.pos=-2.19 shoulder_lift.pos=-98.58 elbow_flex.pos=+76.90 wrist_flex.pos=+70.50 wrist_roll.pos=+0.08 gripper.pos=+0.47
DEBUG 2026-09-03 08:12:34 [action #336] t=14.05s step=335 queue=12 dmax=1.568 | shoulder_pan.pos=-2.28 shoulder_lift.pos=-100.15 elbow_flex.pos=+78.08 wrist_flex.pos=+70.69 wrist_roll.pos=+0.29 gripper.pos=+0.52
DEBUG 2026-09-03 08:12:34 [action #337] t=14.09s step=336 queue=11 dmax=1.616 | shoulder_pan.pos=-2.41 shoulder_lift.pos=-101.76 elbow_flex.pos=+79.48 wrist_flex.pos=+71.14 wrist_roll.pos=+0.54 gripper.pos=+0.49
DEBUG 2026-09-03 08:12:34 [action #338] t=14.12s step=337 queue=10 dmax=1.331 | shoulder_pan.pos=-2.54 shoulder_lift.pos=-103.09 elbow_flex.pos=+80.59 wrist_flex.pos=+71.42 wrist_roll.pos=+0.65 gripper.pos=+0.44
DEBUG 2026-09-03 08:12:34 [action #339] t=14.16s step=338 queue=9 dmax=1.904 | shoulder_pan.pos=-2.76 shoulder_lift.pos=-105.00 elbow_flex.pos=+81.18 wrist_flex.pos=+72.31 wrist_roll.pos=+0.64 gripper.pos=+0.46
DEBUG 2026-09-03 08:12:34 [action #340] t=14.19s step=339 queue=8 dmax=1.433 | shoulder_pan.pos=-2.86 shoulder_lift.pos=-106.43 elbow_flex.pos=+81.69 wrist_flex.pos=+73.48 wrist_roll.pos=+0.49 gripper.pos=+0.41
DEBUG 2026-09-03 08:12:35 [action #341] t=14.22s step=340 queue=7 dmax=1.645 | shoulder_pan.pos=-3.03 shoulder_lift.pos=-108.07 elbow_flex.pos=+82.89 wrist_flex.pos=+74.45 wrist_roll.pos=+0.67 gripper.pos=+0.48
DEBUG 2026-09-03 08:12:35 [action #342] t=14.26s step=341 queue=6 dmax=0.901 | shoulder_pan.pos=-3.13 shoulder_lift.pos=-108.39 elbow_flex.pos=+82.99 wrist_flex.pos=+75.35 wrist_roll.pos=+0.63 gripper.pos=+0.57
DEBUG 2026-09-03 08:12:35 [action #343] t=14.29s step=342 queue=5 dmax=0.926 | shoulder_pan.pos=-2.93 shoulder_lift.pos=-109.12 elbow_flex.pos=+83.91 wrist_flex.pos=+75.77 wrist_roll.pos=+0.64 gripper.pos=+0.66
DEBUG 2026-09-03 08:12:35 [action #344] t=14.32s step=343 queue=4 dmax=0.536 | shoulder_pan.pos=-3.00 shoulder_lift.pos=-109.23 elbow_flex.pos=+84.45 wrist_flex.pos=+76.08 wrist_roll.pos=+0.60 gripper.pos=+0.61
DEBUG 2026-09-03 08:12:35 [action #345] t=14.36s step=344 queue=3 dmax=1.645 | shoulder_pan.pos=-3.14 shoulder_lift.pos=-110.35 elbow_flex.pos=+86.10 wrist_flex.pos=+76.48 wrist_roll.pos=+0.75 gripper.pos=+0.66
DEBUG 2026-09-03 08:12:35 [action #346] t=14.39s step=345 queue=2 dmax=0.815 | shoulder_pan.pos=-3.14 shoulder_lift.pos=-111.17 elbow_flex.pos=+86.30 wrist_flex.pos=+76.15 wrist_roll.pos=+0.88 gripper.pos=+0.78
DEBUG 2026-09-03 08:12:35 [action #347] t=14.42s step=346 queue=1 dmax=0.489 | shoulder_pan.pos=-3.38 shoulder_lift.pos=-111.66 elbow_flex.pos=+86.51 wrist_flex.pos=+76.50 wrist_roll.pos=+0.89 gripper.pos=+0.74
DEBUG 2026-09-03 08:12:35 [chunk] received 50 actions, timesteps 323..372 | first: shoulder_pan.pos=+0.78 shoulder_lift.pos=-73.90 elbow_flex.pos=+61.77 wrist_flex.pos=+71.98 wrist_roll.pos=-0.29 gripper.pos=+1.06 | last: shoulder_pan.pos=+0.93 shoulder_lift.pos=-103.74 elbow_flex.pos=+89.18 wrist_flex.pos=+77.57 wrist_roll.pos=-2.44 gripper.pos=+0.31
DEBUG 2026-09-03 08:12:35 [action #348] t=14.52s step=347 queue=26 dmax=6.745 | shoulder_pan.pos=-3.77 shoulder_lift.pos=-104.91 elbow_flex.pos=+88.91 wrist_flex.pos=+73.17 wrist_roll.pos=-0.95 gripper.pos=+0.86
DEBUG 2026-09-03 08:12:35 [action #349] t=14.56s step=348 queue=25 dmax=0.395 | shoulder_pan.pos=-3.73 shoulder_lift.pos=-104.63 elbow_flex.pos=+89.28 wrist_flex.pos=+73.21 wrist_roll.pos=-1.34 gripper.pos=+0.77
DEBUG 2026-09-03 08:12:35 [action #350] t=14.59s step=349 queue=24 dmax=0.701 | shoulder_pan.pos=-3.64 shoulder_lift.pos=-104.78 elbow_flex.pos=+89.27 wrist_flex.pos=+73.52 wrist_roll.pos=-2.05 gripper.pos=+0.81
DEBUG 2026-09-03 08:12:35 [action #351] t=14.62s step=350 queue=23 dmax=0.601 | shoulder_pan.pos=-3.34 shoulder_lift.pos=-104.76 elbow_flex.pos=+89.85 wrist_flex.pos=+73.84 wrist_roll.pos=-2.65 gripper.pos=+0.84
DEBUG 2026-09-03 08:12:35 [action #352] t=14.66s step=351 queue=22 dmax=0.667 | shoulder_pan.pos=-3.06 shoulder_lift.pos=-104.20 elbow_flex.pos=+90.20 wrist_flex.pos=+74.14 wrist_roll.pos=-3.31 gripper.pos=+0.70
DEBUG 2026-09-03 08:12:35 [action #353] t=14.69s step=352 queue=21 dmax=0.548 | shoulder_pan.pos=-2.90 shoulder_lift.pos=-104.52 elbow_flex.pos=+90.75 wrist_flex.pos=+74.47 wrist_roll.pos=-3.64 gripper.pos=+0.63
DEBUG 2026-09-03 08:12:35 [action #354] t=14.72s step=353 queue=20 dmax=0.404 | shoulder_pan.pos=-2.51 shoulder_lift.pos=-104.36 elbow_flex.pos=+90.42 wrist_flex.pos=+74.88 wrist_roll.pos=-3.95 gripper.pos=+0.73
DEBUG 2026-09-03 08:12:35 [action #355] t=14.76s step=354 queue=19 dmax=0.536 | shoulder_pan.pos=-2.33 shoulder_lift.pos=-104.09 elbow_flex.pos=+90.40 wrist_flex.pos=+75.41 wrist_roll.pos=-4.03 gripper.pos=+0.73
DEBUG 2026-09-03 08:12:35 [action #356] t=14.79s step=355 queue=18 dmax=0.222 | shoulder_pan.pos=-2.21 shoulder_lift.pos=-104.31 elbow_flex.pos=+90.54 wrist_flex.pos=+75.63 wrist_roll.pos=-3.96 gripper.pos=+0.68
DEBUG 2026-09-03 08:12:35 [action #357] t=14.82s step=356 queue=17 dmax=0.291 | shoulder_pan.pos=-1.92 shoulder_lift.pos=-104.19 elbow_flex.pos=+90.54 wrist_flex.pos=+75.81 wrist_roll.pos=-3.93 gripper.pos=+0.66
DEBUG 2026-09-03 08:12:35 [action #358] t=14.86s step=357 queue=16 dmax=0.469 | shoulder_pan.pos=-1.45 shoulder_lift.pos=-104.18 elbow_flex.pos=+90.59 wrist_flex.pos=+76.02 wrist_roll.pos=-3.76 gripper.pos=+0.62
DEBUG 2026-09-03 08:12:35 [action #359] t=14.89s step=358 queue=15 dmax=0.557 | shoulder_pan.pos=-1.27 shoulder_lift.pos=-104.27 elbow_flex.pos=+91.15 wrist_flex.pos=+76.23 wrist_roll.pos=-3.73 gripper.pos=+0.55
DEBUG 2026-09-03 08:12:35 [action #360] t=14.92s step=359 queue=14 dmax=0.262 | shoulder_pan.pos=-1.27 shoulder_lift.pos=-104.34 elbow_flex.pos=+91.11 wrist_flex.pos=+76.49 wrist_roll.pos=-3.69 gripper.pos=+0.58
DEBUG 2026-09-03 08:12:35 [action #361] t=14.96s step=360 queue=13 dmax=0.295 | shoulder_pan.pos=-0.98 shoulder_lift.pos=-104.15 elbow_flex.pos=+90.84 wrist_flex.pos=+76.67 wrist_roll.pos=-3.62 gripper.pos=+0.66
DEBUG 2026-09-03 08:12:35 [action #362] t=14.99s step=361 queue=12 dmax=0.370 | shoulder_pan.pos=-0.90 shoulder_lift.pos=-103.99 elbow_flex.pos=+90.92 wrist_flex.pos=+77.04 wrist_roll.pos=-3.55 gripper.pos=+0.59
DEBUG 2026-09-03 08:12:35 [action #363] t=15.02s step=362 queue=11 dmax=0.589 | shoulder_pan.pos=-0.71 shoulder_lift.pos=-103.99 elbow_flex.pos=+90.33 wrist_flex.pos=+77.24 wrist_roll.pos=-3.50 gripper.pos=+0.54
DEBUG 2026-09-03 08:12:35 [action #364] t=15.06s step=363 queue=10 dmax=0.228 | shoulder_pan.pos=-0.48 shoulder_lift.pos=-104.20 elbow_flex.pos=+90.24 wrist_flex.pos=+77.30 wrist_roll.pos=-3.43 gripper.pos=+0.47
DEBUG 2026-09-03 08:12:35 [action #365] t=15.09s step=364 queue=9 dmax=0.435 | shoulder_pan.pos=-0.05 shoulder_lift.pos=-104.29 elbow_flex.pos=+90.18 wrist_flex.pos=+77.35 wrist_roll.pos=-3.39 gripper.pos=+0.51
DEBUG 2026-09-03 08:12:35 [action #366] t=15.13s step=365 queue=8 dmax=0.346 | shoulder_pan.pos=+0.30 shoulder_lift.pos=-104.14 elbow_flex.pos=+90.20 wrist_flex.pos=+77.55 wrist_roll.pos=-3.36 gripper.pos=+0.44
DEBUG 2026-09-03 08:12:35 [action #367] t=15.16s step=366 queue=7 dmax=0.601 | shoulder_pan.pos=+0.72 shoulder_lift.pos=-104.34 elbow_flex.pos=+89.60 wrist_flex.pos=+77.48 wrist_roll.pos=-3.22 gripper.pos=+0.38
DEBUG 2026-09-03 08:12:35 [action #368] t=15.19s step=367 queue=6 dmax=0.759 | shoulder_pan.pos=+0.77 shoulder_lift.pos=-103.58 elbow_flex.pos=+89.44 wrist_flex.pos=+77.53 wrist_roll.pos=-2.99 gripper.pos=+0.34
DEBUG 2026-09-03 08:12:36 [action #369] t=15.23s step=368 queue=5 dmax=0.350 | shoulder_pan.pos=+1.02 shoulder_lift.pos=-103.93 elbow_flex.pos=+89.32 wrist_flex.pos=+77.53 wrist_roll.pos=-2.86 gripper.pos=+0.30
DEBUG 2026-09-03 08:12:36 [action #370] t=15.26s step=369 queue=4 dmax=0.562 | shoulder_pan.pos=+0.99 shoulder_lift.pos=-103.37 elbow_flex.pos=+89.26 wrist_flex.pos=+77.62 wrist_roll.pos=-2.72 gripper.pos=+0.44
DEBUG 2026-09-03 08:12:36 [action #371] t=15.29s step=370 queue=3 dmax=0.551 | shoulder_pan.pos=+1.24 shoulder_lift.pos=-103.92 elbow_flex.pos=+89.07 wrist_flex.pos=+77.59 wrist_roll.pos=-2.57 gripper.pos=+0.29
DEBUG 2026-09-03 08:12:36 [action #372] t=15.33s step=371 queue=2 dmax=0.457 | shoulder_pan.pos=+0.97 shoulder_lift.pos=-103.47 elbow_flex.pos=+88.85 wrist_flex.pos=+77.58 wrist_roll.pos=-2.55 gripper.pos=+0.26
DEBUG 2026-09-03 08:12:36 [chunk] received 50 actions, timesteps 346..395 | first: shoulder_pan.pos=-2.56 shoulder_lift.pos=-102.09 elbow_flex.pos=+87.45 wrist_flex.pos=+76.69 wrist_roll.pos=+0.39 gripper.pos=+0.67 | last: shoulder_pan.pos=-2.73 shoulder_lift.pos=-102.43 elbow_flex.pos=+88.70 wrist_flex.pos=+78.12 wrist_roll.pos=-0.09 gripper.pos=+0.51
INFO 2026-09-03 08:12:40 Final action sent: shoulder_pan.pos=+0.97 shoulder_lift.pos=-103.47 elbow_flex.pos=+88.85 wrist_flex.pos=+77.58 wrist_roll.pos=-2.55 gripper.pos=+0.26
DEBUG 2026-09-03 08:12:40 === episode end | 20.1s | converged=True | actions=372 ===
