DEBUG 2026-09-03 10:08:27 === episode start | task: 'put the brown cylinder on the tray' | duration: 50.0s ===
DEBUG 2026-09-03 10:08:28 [chunk] received 50 actions, timesteps 0..49 | first: shoulder_pan.pos=-5.23 shoulder_lift.pos=-102.35 elbow_flex.pos=+89.55 wrist_flex.pos=+76.87 wrist_roll.pos=-0.20 gripper.pos=+1.13 | last: shoulder_pan.pos=-5.31 shoulder_lift.pos=-102.34 elbow_flex.pos=+89.53 wrist_flex.pos=+77.11 wrist_roll.pos=-0.21 gripper.pos=+1.03
DEBUG 2026-09-03 10:08:28 [action #1] t=1.00s step=0 queue=50 dmax=n/a | shoulder_pan.pos=-5.23 shoulder_lift.pos=-102.35 elbow_flex.pos=+89.55 wrist_flex.pos=+76.87 wrist_roll.pos=-0.20 gripper.pos=+1.13
DEBUG 2026-09-03 10:08:28 [action #2] t=1.04s step=1 queue=49 dmax=0.182 | shoulder_pan.pos=-5.16 shoulder_lift.pos=-102.29 elbow_flex.pos=+89.74 wrist_flex.pos=+76.88 wrist_roll.pos=-0.31 gripper.pos=+1.08
DEBUG 2026-09-03 10:08:28 [action #3] t=1.07s step=2 queue=48 dmax=0.337 | shoulder_pan.pos=-5.39 shoulder_lift.pos=-102.63 elbow_flex.pos=+89.72 wrist_flex.pos=+76.93 wrist_roll.pos=-0.28 gripper.pos=+1.11
DEBUG 2026-09-03 10:08:28 [action #4] t=1.10s step=3 queue=47 dmax=0.123 | shoulder_pan.pos=-5.37 shoulder_lift.pos=-102.52 elbow_flex.pos=+89.84 wrist_flex.pos=+76.90 wrist_roll.pos=-0.28 gripper.pos=+1.07
DEBUG 2026-09-03 10:08:28 [action #5] t=1.14s step=4 queue=46 dmax=0.277 | shoulder_pan.pos=-5.32 shoulder_lift.pos=-102.32 elbow_flex.pos=+89.88 wrist_flex.pos=+77.17 wrist_roll.pos=-0.32 gripper.pos=+1.16
DEBUG 2026-09-03 10:08:28 [action #6] t=1.17s step=5 queue=45 dmax=0.198 | shoulder_pan.pos=-5.18 shoulder_lift.pos=-102.45 elbow_flex.pos=+89.68 wrist_flex.pos=+76.98 wrist_roll.pos=-0.30 gripper.pos=+1.27
DEBUG 2026-09-03 10:08:28 [action #7] t=1.20s step=6 queue=44 dmax=0.372 | shoulder_pan.pos=-5.33 shoulder_lift.pos=-102.83 elbow_flex.pos=+90.00 wrist_flex.pos=+77.01 wrist_roll.pos=-0.15 gripper.pos=+1.19
DEBUG 2026-09-03 10:08:28 [action #8] t=1.24s step=7 queue=43 dmax=0.993 | shoulder_pan.pos=-5.56 shoulder_lift.pos=-101.83 elbow_flex.pos=+90.00 wrist_flex.pos=+77.04 wrist_roll.pos=-0.24 gripper.pos=+1.09
DEBUG 2026-09-03 10:08:28 [action #9] t=1.27s step=8 queue=42 dmax=0.584 | shoulder_pan.pos=-5.45 shoulder_lift.pos=-102.42 elbow_flex.pos=+89.71 wrist_flex.pos=+77.21 wrist_roll.pos=-0.24 gripper.pos=+0.96
DEBUG 2026-09-03 10:08:28 [action #10] t=1.31s step=9 queue=41 dmax=0.334 | shoulder_pan.pos=-5.21 shoulder_lift.pos=-102.71 elbow_flex.pos=+90.04 wrist_flex.pos=+77.12 wrist_roll.pos=-0.29 gripper.pos=+0.98
DEBUG 2026-09-03 10:08:28 [action #11] t=1.34s step=10 queue=40 dmax=0.686 | shoulder_pan.pos=-5.38 shoulder_lift.pos=-102.59 elbow_flex.pos=+89.36 wrist_flex.pos=+77.01 wrist_roll.pos=-0.27 gripper.pos=+0.97
DEBUG 2026-09-03 10:08:29 [action #12] t=1.37s step=11 queue=39 dmax=0.581 | shoulder_pan.pos=-5.15 shoulder_lift.pos=-102.00 elbow_flex.pos=+89.65 wrist_flex.pos=+77.04 wrist_roll.pos=-0.31 gripper.pos=+0.93
DEBUG 2026-09-03 10:08:29 [action #13] t=1.41s step=12 queue=38 dmax=0.659 | shoulder_pan.pos=-5.30 shoulder_lift.pos=-102.66 elbow_flex.pos=+89.62 wrist_flex.pos=+77.05 wrist_roll.pos=-0.23 gripper.pos=+1.09
DEBUG 2026-09-03 10:08:29 [action #14] t=1.44s step=13 queue=37 dmax=0.413 | shoulder_pan.pos=-5.06 shoulder_lift.pos=-102.25 elbow_flex.pos=+89.52 wrist_flex.pos=+77.15 wrist_roll.pos=-0.27 gripper.pos=+0.88
DEBUG 2026-09-03 10:08:29 [action #15] t=1.47s step=14 queue=36 dmax=0.575 | shoulder_pan.pos=-5.01 shoulder_lift.pos=-102.43 elbow_flex.pos=+88.95 wrist_flex.pos=+77.20 wrist_roll.pos=-0.22 gripper.pos=+0.92
DEBUG 2026-09-03 10:08:29 [action #16] t=1.51s step=15 queue=35 dmax=1.439 | shoulder_pan.pos=-5.29 shoulder_lift.pos=-102.87 elbow_flex.pos=+90.39 wrist_flex.pos=+77.16 wrist_roll.pos=-0.16 gripper.pos=+0.85
DEBUG 2026-09-03 10:08:29 [action #17] t=1.54s step=16 queue=34 dmax=1.245 | shoulder_pan.pos=-5.15 shoulder_lift.pos=-102.82 elbow_flex.pos=+89.14 wrist_flex.pos=+77.01 wrist_roll.pos=-0.14 gripper.pos=+0.98
DEBUG 2026-09-03 10:08:29 [action #18] t=1.57s step=17 queue=33 dmax=0.508 | shoulder_pan.pos=-5.06 shoulder_lift.pos=-102.31 elbow_flex.pos=+89.51 wrist_flex.pos=+77.06 wrist_roll.pos=-0.10 gripper.pos=+0.95
DEBUG 2026-09-03 10:08:29 [action #19] t=1.61s step=18 queue=32 dmax=0.405 | shoulder_pan.pos=-5.16 shoulder_lift.pos=-102.12 elbow_flex.pos=+89.11 wrist_flex.pos=+77.19 wrist_roll.pos=-0.16 gripper.pos=+1.06
DEBUG 2026-09-03 10:08:29 [action #20] t=1.64s step=19 queue=31 dmax=0.435 | shoulder_pan.pos=-5.14 shoulder_lift.pos=-102.13 elbow_flex.pos=+88.67 wrist_flex.pos=+77.27 wrist_roll.pos=-0.19 gripper.pos=+0.83
DEBUG 2026-09-03 10:08:29 [action #21] t=1.67s step=20 queue=30 dmax=0.775 | shoulder_pan.pos=-5.28 shoulder_lift.pos=-102.91 elbow_flex.pos=+89.04 wrist_flex.pos=+77.22 wrist_roll.pos=-0.23 gripper.pos=+1.01
DEBUG 2026-09-03 10:08:29 [action #22] t=1.71s step=21 queue=29 dmax=0.585 | shoulder_pan.pos=-5.06 shoulder_lift.pos=-102.76 elbow_flex.pos=+89.63 wrist_flex.pos=+77.14 wrist_roll.pos=-0.21 gripper.pos=+1.06
DEBUG 2026-09-03 10:08:29 [action #23] t=1.74s step=22 queue=28 dmax=0.689 | shoulder_pan.pos=-5.15 shoulder_lift.pos=-102.07 elbow_flex.pos=+89.41 wrist_flex.pos=+77.07 wrist_roll.pos=-0.24 gripper.pos=+1.12
DEBUG 2026-09-03 10:08:29 [action #24] t=1.77s step=23 queue=27 dmax=0.513 | shoulder_pan.pos=-5.23 shoulder_lift.pos=-102.52 elbow_flex.pos=+88.90 wrist_flex.pos=+77.22 wrist_roll.pos=-0.27 gripper.pos=+1.06
DEBUG 2026-09-03 10:08:29 [action #25] t=1.81s step=24 queue=26 dmax=0.262 | shoulder_pan.pos=-4.96 shoulder_lift.pos=-102.26 elbow_flex.pos=+88.97 wrist_flex.pos=+77.03 wrist_roll.pos=-0.17 gripper.pos=+0.91
DEBUG 2026-09-03 10:08:29 [action #26] t=1.84s step=25 queue=25 dmax=0.669 | shoulder_pan.pos=-5.22 shoulder_lift.pos=-102.37 elbow_flex.pos=+89.64 wrist_flex.pos=+77.03 wrist_roll.pos=-0.19 gripper.pos=+0.98
DEBUG 2026-09-03 10:08:29 [action #27] t=1.87s step=26 queue=24 dmax=0.302 | shoulder_pan.pos=-5.29 shoulder_lift.pos=-102.57 elbow_flex.pos=+89.94 wrist_flex.pos=+77.06 wrist_roll.pos=-0.24 gripper.pos=+0.97
DEBUG 2026-09-03 10:08:29 [action #28] t=1.91s step=27 queue=23 dmax=0.593 | shoulder_pan.pos=-5.24 shoulder_lift.pos=-103.02 elbow_flex.pos=+89.35 wrist_flex.pos=+77.15 wrist_roll.pos=-0.19 gripper.pos=+0.93
DEBUG 2026-09-03 10:08:29 [action #29] t=1.94s step=28 queue=22 dmax=0.571 | shoulder_pan.pos=-5.21 shoulder_lift.pos=-102.45 elbow_flex.pos=+89.56 wrist_flex.pos=+77.14 wrist_roll.pos=-0.24 gripper.pos=+0.96
DEBUG 2026-09-03 10:08:29 [action #30] t=1.97s step=29 queue=21 dmax=0.409 | shoulder_pan.pos=-5.24 shoulder_lift.pos=-102.04 elbow_flex.pos=+89.51 wrist_flex.pos=+77.14 wrist_roll.pos=-0.28 gripper.pos=+1.02
DEBUG 2026-09-03 10:08:29 [action #31] t=2.01s step=30 queue=20 dmax=0.550 | shoulder_pan.pos=-5.24 shoulder_lift.pos=-102.59 elbow_flex.pos=+89.77 wrist_flex.pos=+76.97 wrist_roll.pos=-0.24 gripper.pos=+1.04
DEBUG 2026-09-03 10:08:29 [action #32] t=2.04s step=31 queue=19 dmax=0.361 | shoulder_pan.pos=-5.44 shoulder_lift.pos=-102.95 elbow_flex.pos=+89.77 wrist_flex.pos=+77.12 wrist_roll.pos=-0.25 gripper.pos=+0.95
DEBUG 2026-09-03 10:08:29 [action #33] t=2.07s step=32 queue=18 dmax=0.366 | shoulder_pan.pos=-5.35 shoulder_lift.pos=-102.58 elbow_flex.pos=+89.80 wrist_flex.pos=+77.05 wrist_roll.pos=-0.32 gripper.pos=+1.08
DEBUG 2026-09-03 10:08:29 [action #34] t=2.11s step=33 queue=17 dmax=0.125 | shoulder_pan.pos=-5.30 shoulder_lift.pos=-102.48 elbow_flex.pos=+89.79 wrist_flex.pos=+77.18 wrist_roll.pos=-0.29 gripper.pos=+1.05
DEBUG 2026-09-03 10:08:29 [action #35] t=2.14s step=34 queue=16 dmax=0.591 | shoulder_pan.pos=-5.34 shoulder_lift.pos=-102.50 elbow_flex.pos=+90.38 wrist_flex.pos=+77.05 wrist_roll.pos=-0.33 gripper.pos=+1.02
DEBUG 2026-09-03 10:08:29 [action #36] t=2.17s step=35 queue=15 dmax=1.161 | shoulder_pan.pos=-5.27 shoulder_lift.pos=-102.35 elbow_flex.pos=+89.22 wrist_flex.pos=+76.98 wrist_roll.pos=-0.24 gripper.pos=+1.06
DEBUG 2026-09-03 10:08:29 [action #37] t=2.21s step=36 queue=14 dmax=1.243 | shoulder_pan.pos=-5.36 shoulder_lift.pos=-102.52 elbow_flex.pos=+90.46 wrist_flex.pos=+77.14 wrist_roll.pos=-0.35 gripper.pos=+1.14
DEBUG 2026-09-03 10:08:29 [action #38] t=2.24s step=37 queue=13 dmax=1.103 | shoulder_pan.pos=-5.58 shoulder_lift.pos=-102.74 elbow_flex.pos=+89.36 wrist_flex.pos=+77.27 wrist_roll.pos=-0.31 gripper.pos=+0.93
DEBUG 2026-09-03 10:08:29 [action #39] t=2.28s step=38 queue=12 dmax=0.302 | shoulder_pan.pos=-5.27 shoulder_lift.pos=-102.54 elbow_flex.pos=+89.15 wrist_flex.pos=+77.01 wrist_roll.pos=-0.17 gripper.pos=+0.89
DEBUG 2026-09-03 10:08:29 [chunk] received 50 actions, timesteps 8..57 | first: shoulder_pan.pos=-5.18 shoulder_lift.pos=-102.60 elbow_flex.pos=+89.51 wrist_flex.pos=+77.98 wrist_roll.pos=-0.43 gripper.pos=+1.00 | last: shoulder_pan.pos=-5.25 shoulder_lift.pos=-102.14 elbow_flex.pos=+89.98 wrist_flex.pos=+77.80 wrist_roll.pos=-0.39 gripper.pos=+0.90
DEBUG 2026-09-03 10:08:29 [action #40] t=2.31s step=39 queue=19 dmax=0.720 | shoulder_pan.pos=-5.21 shoulder_lift.pos=-102.56 elbow_flex.pos=+89.87 wrist_flex.pos=+77.62 wrist_roll.pos=-0.33 gripper.pos=+1.00
DEBUG 2026-09-03 10:08:29 [action #41] t=2.34s step=40 queue=18 dmax=0.406 | shoulder_pan.pos=-5.28 shoulder_lift.pos=-102.16 elbow_flex.pos=+89.97 wrist_flex.pos=+77.72 wrist_roll.pos=-0.37 gripper.pos=+0.91
DEBUG 2026-09-03 10:08:30 [action #42] t=2.38s step=41 queue=17 dmax=0.204 | shoulder_pan.pos=-5.35 shoulder_lift.pos=-102.29 elbow_flex.pos=+89.79 wrist_flex.pos=+77.51 wrist_roll.pos=-0.35 gripper.pos=+0.95
DEBUG 2026-09-03 10:08:30 [action #43] t=2.41s step=42 queue=16 dmax=0.559 | shoulder_pan.pos=-5.37 shoulder_lift.pos=-102.55 elbow_flex.pos=+90.34 wrist_flex.pos=+77.64 wrist_roll.pos=-0.36 gripper.pos=+0.93
DEBUG 2026-09-03 10:08:30 [action #44] t=2.44s step=43 queue=15 dmax=0.354 | shoulder_pan.pos=-5.39 shoulder_lift.pos=-102.19 elbow_flex.pos=+90.02 wrist_flex.pos=+77.65 wrist_roll.pos=-0.37 gripper.pos=+1.02
DEBUG 2026-09-03 10:08:30 [action #45] t=2.48s step=44 queue=14 dmax=0.354 | shoulder_pan.pos=-5.34 shoulder_lift.pos=-102.38 elbow_flex.pos=+89.66 wrist_flex.pos=+77.68 wrist_roll.pos=-0.40 gripper.pos=+0.95
DEBUG 2026-09-03 10:08:30 [action #46] t=2.51s step=45 queue=13 dmax=0.359 | shoulder_pan.pos=-5.20 shoulder_lift.pos=-102.31 elbow_flex.pos=+90.02 wrist_flex.pos=+77.60 wrist_roll.pos=-0.40 gripper.pos=+1.05
DEBUG 2026-09-03 10:08:30 [action #47] t=2.54s step=46 queue=12 dmax=0.330 | shoulder_pan.pos=-5.37 shoulder_lift.pos=-102.15 elbow_flex.pos=+89.69 wrist_flex.pos=+77.69 wrist_roll.pos=-0.38 gripper.pos=+0.97
DEBUG 2026-09-03 10:08:30 [action #48] t=2.58s step=47 queue=11 dmax=0.319 | shoulder_pan.pos=-5.36 shoulder_lift.pos=-102.41 elbow_flex.pos=+90.01 wrist_flex.pos=+77.57 wrist_roll.pos=-0.39 gripper.pos=+0.87
DEBUG 2026-09-03 10:08:30 [action #49] t=2.61s step=48 queue=10 dmax=0.200 | shoulder_pan.pos=-5.28 shoulder_lift.pos=-102.35 elbow_flex.pos=+89.81 wrist_flex.pos=+77.61 wrist_roll.pos=-0.44 gripper.pos=+0.99
DEBUG 2026-09-03 10:08:30 [action #50] t=2.64s step=49 queue=9 dmax=0.249 | shoulder_pan.pos=-5.32 shoulder_lift.pos=-102.11 elbow_flex.pos=+89.80 wrist_flex.pos=+77.59 wrist_roll.pos=-0.35 gripper.pos=+0.94
DEBUG 2026-09-03 10:08:30 [action #51] t=2.68s step=50 queue=8 dmax=0.502 | shoulder_pan.pos=-5.28 shoulder_lift.pos=-102.61 elbow_flex.pos=+89.79 wrist_flex.pos=+77.88 wrist_roll.pos=-0.51 gripper.pos=+1.00
DEBUG 2026-09-03 10:08:30 [action #52] t=2.71s step=51 queue=7 dmax=0.192 | shoulder_pan.pos=-5.37 shoulder_lift.pos=-102.42 elbow_flex.pos=+89.89 wrist_flex.pos=+77.85 wrist_roll.pos=-0.49 gripper.pos=+0.92
DEBUG 2026-09-03 10:08:30 [action #53] t=2.74s step=52 queue=6 dmax=0.167 | shoulder_pan.pos=-5.35 shoulder_lift.pos=-102.25 elbow_flex.pos=+90.02 wrist_flex.pos=+77.89 wrist_roll.pos=-0.50 gripper.pos=+0.92
DEBUG 2026-09-03 10:08:30 [action #54] t=2.78s step=53 queue=5 dmax=0.215 | shoulder_pan.pos=-5.13 shoulder_lift.pos=-102.06 elbow_flex.pos=+89.98 wrist_flex.pos=+77.82 wrist_roll.pos=-0.41 gripper.pos=+0.98
DEBUG 2026-09-03 10:08:30 [action #55] t=2.81s step=54 queue=4 dmax=0.330 | shoulder_pan.pos=-5.31 shoulder_lift.pos=-102.39 elbow_flex.pos=+89.99 wrist_flex.pos=+77.84 wrist_roll.pos=-0.48 gripper.pos=+0.97
DEBUG 2026-09-03 10:08:30 [action #56] t=2.84s step=55 queue=3 dmax=0.378 | shoulder_pan.pos=-5.43 shoulder_lift.pos=-102.01 elbow_flex.pos=+89.83 wrist_flex.pos=+77.80 wrist_roll.pos=-0.48 gripper.pos=+0.95
DEBUG 2026-09-03 10:08:30 [action #57] t=2.88s step=56 queue=2 dmax=0.258 | shoulder_pan.pos=-5.29 shoulder_lift.pos=-102.16 elbow_flex.pos=+90.09 wrist_flex.pos=+77.92 wrist_roll.pos=-0.44 gripper.pos=+1.11
DEBUG 2026-09-03 10:08:30 [action #58] t=2.91s step=57 queue=1 dmax=0.210 | shoulder_pan.pos=-5.25 shoulder_lift.pos=-102.14 elbow_flex.pos=+89.98 wrist_flex.pos=+77.80 wrist_roll.pos=-0.39 gripper.pos=+0.90
DEBUG 2026-09-03 10:08:31 [chunk] received 50 actions, timesteps 57..106 | first: shoulder_pan.pos=-5.27 shoulder_lift.pos=-101.92 elbow_flex.pos=+89.62 wrist_flex.pos=+77.26 wrist_roll.pos=-0.37 gripper.pos=+0.92 | last: shoulder_pan.pos=-5.24 shoulder_lift.pos=-102.82 elbow_flex.pos=+89.75 wrist_flex.pos=+77.68 wrist_roll.pos=-0.33 gripper.pos=+0.92
DEBUG 2026-09-03 10:08:31 [action #59] t=3.91s step=58 queue=49 dmax=0.608 | shoulder_pan.pos=-5.16 shoulder_lift.pos=-102.75 elbow_flex.pos=+89.39 wrist_flex.pos=+77.34 wrist_roll.pos=-0.35 gripper.pos=+0.96
DEBUG 2026-09-03 10:08:31 [action #60] t=3.95s step=59 queue=48 dmax=0.276 | shoulder_pan.pos=-5.11 shoulder_lift.pos=-102.65 elbow_flex.pos=+89.66 wrist_flex.pos=+77.46 wrist_roll.pos=-0.36 gripper.pos=+0.97
DEBUG 2026-09-03 10:08:31 [action #61] t=3.98s step=60 queue=47 dmax=0.342 | shoulder_pan.pos=-5.10 shoulder_lift.pos=-102.73 elbow_flex.pos=+89.32 wrist_flex.pos=+77.59 wrist_roll.pos=-0.31 gripper.pos=+0.94
DEBUG 2026-09-03 10:08:31 [action #62] t=4.02s step=61 queue=46 dmax=0.376 | shoulder_pan.pos=-4.98 shoulder_lift.pos=-102.36 elbow_flex.pos=+89.61 wrist_flex.pos=+77.34 wrist_roll.pos=-0.35 gripper.pos=+0.93
DEBUG 2026-09-03 10:08:31 [action #63] t=4.05s step=62 queue=45 dmax=0.288 | shoulder_pan.pos=-5.00 shoulder_lift.pos=-102.56 elbow_flex.pos=+89.60 wrist_flex.pos=+77.62 wrist_roll.pos=-0.33 gripper.pos=+1.06
DEBUG 2026-09-03 10:08:31 [action #64] t=4.08s step=63 queue=44 dmax=0.445 | shoulder_pan.pos=-4.99 shoulder_lift.pos=-102.12 elbow_flex.pos=+89.26 wrist_flex.pos=+77.54 wrist_roll.pos=-0.34 gripper.pos=+0.86
DEBUG 2026-09-03 10:08:31 [action #65] t=4.12s step=64 queue=43 dmax=0.642 | shoulder_pan.pos=-5.09 shoulder_lift.pos=-102.76 elbow_flex.pos=+89.86 wrist_flex.pos=+77.56 wrist_roll.pos=-0.34 gripper.pos=+0.98
DEBUG 2026-09-03 10:08:31 [action #66] t=4.15s step=65 queue=42 dmax=0.270 | shoulder_pan.pos=-5.07 shoulder_lift.pos=-102.61 elbow_flex.pos=+89.59 wrist_flex.pos=+77.61 wrist_roll.pos=-0.33 gripper.pos=+0.90
DEBUG 2026-09-03 10:08:31 [action #67] t=4.18s step=66 queue=41 dmax=0.193 | shoulder_pan.pos=-5.12 shoulder_lift.pos=-102.46 elbow_flex.pos=+89.40 wrist_flex.pos=+77.62 wrist_roll.pos=-0.28 gripper.pos=+1.01
DEBUG 2026-09-03 10:08:31 [action #68] t=4.22s step=67 queue=40 dmax=0.293 | shoulder_pan.pos=-5.08 shoulder_lift.pos=-102.53 elbow_flex.pos=+89.69 wrist_flex.pos=+77.49 wrist_roll.pos=-0.32 gripper.pos=+0.90
DEBUG 2026-09-03 10:08:31 [action #69] t=4.25s step=68 queue=39 dmax=0.238 | shoulder_pan.pos=-5.07 shoulder_lift.pos=-102.77 elbow_flex.pos=+89.73 wrist_flex.pos=+77.55 wrist_roll.pos=-0.35 gripper.pos=+0.94
DEBUG 2026-09-03 10:08:31 [action #70] t=4.28s step=69 queue=38 dmax=0.447 | shoulder_pan.pos=-5.25 shoulder_lift.pos=-102.32 elbow_flex.pos=+89.53 wrist_flex.pos=+77.60 wrist_roll.pos=-0.33 gripper.pos=+0.94
DEBUG 2026-09-03 10:08:31 [action #71] t=4.32s step=70 queue=37 dmax=0.234 | shoulder_pan.pos=-5.05 shoulder_lift.pos=-102.44 elbow_flex.pos=+89.77 wrist_flex.pos=+77.70 wrist_roll.pos=-0.31 gripper.pos=+0.95
DEBUG 2026-09-03 10:08:32 [action #72] t=4.35s step=71 queue=36 dmax=0.394 | shoulder_pan.pos=-5.10 shoulder_lift.pos=-102.30 elbow_flex.pos=+90.16 wrist_flex.pos=+77.59 wrist_roll.pos=-0.31 gripper.pos=+0.98
DEBUG 2026-09-03 10:08:32 [action #73] t=4.38s step=72 queue=35 dmax=0.486 | shoulder_pan.pos=-5.01 shoulder_lift.pos=-102.35 elbow_flex.pos=+89.67 wrist_flex.pos=+77.58 wrist_roll.pos=-0.33 gripper.pos=+0.92
DEBUG 2026-09-03 10:08:32 [action #74] t=4.42s step=73 queue=34 dmax=0.140 | shoulder_pan.pos=-5.15 shoulder_lift.pos=-102.24 elbow_flex.pos=+89.53 wrist_flex.pos=+77.60 wrist_roll.pos=-0.34 gripper.pos=+0.91
DEBUG 2026-09-03 10:08:32 [action #75] t=4.45s step=74 queue=33 dmax=0.138 | shoulder_pan.pos=-5.06 shoulder_lift.pos=-102.38 elbow_flex.pos=+89.54 wrist_flex.pos=+77.58 wrist_roll.pos=-0.32 gripper.pos=+0.93
DEBUG 2026-09-03 10:08:32 [action #76] t=4.48s step=75 queue=32 dmax=0.389 | shoulder_pan.pos=-4.94 shoulder_lift.pos=-102.55 elbow_flex.pos=+89.93 wrist_flex.pos=+77.63 wrist_roll.pos=-0.36 gripper.pos=+0.92
DEBUG 2026-09-03 10:08:32 [action #77] t=4.52s step=76 queue=31 dmax=0.287 | shoulder_pan.pos=-5.06 shoulder_lift.pos=-102.59 elbow_flex.pos=+90.22 wrist_flex.pos=+77.56 wrist_roll.pos=-0.37 gripper.pos=+0.83
DEBUG 2026-09-03 10:08:32 [action #78] t=4.55s step=77 queue=30 dmax=0.471 | shoulder_pan.pos=-5.25 shoulder_lift.pos=-102.25 elbow_flex.pos=+89.75 wrist_flex.pos=+77.69 wrist_roll.pos=-0.33 gripper.pos=+0.86
DEBUG 2026-09-03 10:08:32 [action #79] t=4.58s step=78 queue=29 dmax=0.529 | shoulder_pan.pos=-5.05 shoulder_lift.pos=-102.78 elbow_flex.pos=+89.85 wrist_flex.pos=+77.69 wrist_roll.pos=-0.30 gripper.pos=+0.95
DEBUG 2026-09-03 10:08:32 [action #80] t=4.62s step=79 queue=28 dmax=0.499 | shoulder_pan.pos=-5.07 shoulder_lift.pos=-102.57 elbow_flex.pos=+89.35 wrist_flex.pos=+77.59 wrist_roll.pos=-0.29 gripper.pos=+0.87
DEBUG 2026-09-03 10:08:32 [action #81] t=4.65s step=80 queue=27 dmax=0.149 | shoulder_pan.pos=-5.18 shoulder_lift.pos=-102.43 elbow_flex.pos=+89.50 wrist_flex.pos=+77.66 wrist_roll.pos=-0.31 gripper.pos=+0.81
DEBUG 2026-09-03 10:08:32 [action #82] t=4.68s step=81 queue=26 dmax=0.297 | shoulder_pan.pos=-5.25 shoulder_lift.pos=-102.60 elbow_flex.pos=+89.80 wrist_flex.pos=+77.59 wrist_roll.pos=-0.32 gripper.pos=+0.96
DEBUG 2026-09-03 10:08:32 [action #83] t=4.72s step=82 queue=25 dmax=0.208 | shoulder_pan.pos=-5.13 shoulder_lift.pos=-102.41 elbow_flex.pos=+90.01 wrist_flex.pos=+77.66 wrist_roll.pos=-0.23 gripper.pos=+0.97
DEBUG 2026-09-03 10:08:32 [action #84] t=4.75s step=83 queue=24 dmax=0.605 | shoulder_pan.pos=-5.24 shoulder_lift.pos=-103.01 elbow_flex.pos=+90.04 wrist_flex.pos=+77.73 wrist_roll.pos=-0.33 gripper.pos=+0.93
DEBUG 2026-09-03 10:08:32 [action #85] t=4.78s step=84 queue=23 dmax=0.546 | shoulder_pan.pos=-5.24 shoulder_lift.pos=-102.47 elbow_flex.pos=+89.62 wrist_flex.pos=+77.66 wrist_roll.pos=-0.28 gripper.pos=+0.90
DEBUG 2026-09-03 10:08:32 [action #86] t=4.82s step=85 queue=22 dmax=0.857 | shoulder_pan.pos=-5.23 shoulder_lift.pos=-103.33 elbow_flex.pos=+89.94 wrist_flex.pos=+77.79 wrist_roll.pos=-0.33 gripper.pos=+1.00
DEBUG 2026-09-03 10:08:32 [action #87] t=4.85s step=86 queue=21 dmax=1.153 | shoulder_pan.pos=-5.42 shoulder_lift.pos=-102.17 elbow_flex.pos=+89.59 wrist_flex.pos=+77.61 wrist_roll.pos=-0.34 gripper.pos=+0.97
DEBUG 2026-09-03 10:08:32 [action #88] t=4.89s step=87 queue=20 dmax=0.359 | shoulder_pan.pos=-5.18 shoulder_lift.pos=-102.45 elbow_flex.pos=+89.95 wrist_flex.pos=+77.75 wrist_roll.pos=-0.35 gripper.pos=+1.03
DEBUG 2026-09-03 10:08:32 [action #89] t=4.92s step=88 queue=19 dmax=0.191 | shoulder_pan.pos=-5.37 shoulder_lift.pos=-102.42 elbow_flex.pos=+90.13 wrist_flex.pos=+77.73 wrist_roll.pos=-0.33 gripper.pos=+1.15
DEBUG 2026-09-03 10:08:32 [action #90] t=4.95s step=89 queue=18 dmax=0.776 | shoulder_pan.pos=-5.27 shoulder_lift.pos=-102.46 elbow_flex.pos=+89.35 wrist_flex.pos=+77.76 wrist_roll.pos=-0.36 gripper.pos=+0.97
DEBUG 2026-09-03 10:08:32 [action #91] t=4.99s step=90 queue=17 dmax=0.343 | shoulder_pan.pos=-5.28 shoulder_lift.pos=-102.16 elbow_flex.pos=+89.70 wrist_flex.pos=+77.66 wrist_roll.pos=-0.37 gripper.pos=+1.00
DEBUG 2026-09-03 10:08:32 [action #92] t=5.02s step=91 queue=16 dmax=0.139 | shoulder_pan.pos=-5.32 shoulder_lift.pos=-102.21 elbow_flex.pos=+89.83 wrist_flex.pos=+77.75 wrist_roll.pos=-0.40 gripper.pos=+0.88
DEBUG 2026-09-03 10:08:32 [action #93] t=5.05s step=92 queue=15 dmax=0.226 | shoulder_pan.pos=-5.12 shoulder_lift.pos=-102.37 elbow_flex.pos=+89.61 wrist_flex.pos=+77.61 wrist_roll.pos=-0.39 gripper.pos=+1.01
DEBUG 2026-09-03 10:08:32 [action #94] t=5.09s step=93 queue=14 dmax=0.315 | shoulder_pan.pos=-5.15 shoulder_lift.pos=-102.31 elbow_flex.pos=+89.29 wrist_flex.pos=+77.66 wrist_roll.pos=-0.37 gripper.pos=+0.97
DEBUG 2026-09-03 10:08:32 [action #95] t=5.12s step=94 queue=13 dmax=0.088 | shoulder_pan.pos=-5.06 shoulder_lift.pos=-102.38 elbow_flex.pos=+89.23 wrist_flex.pos=+77.58 wrist_roll.pos=-0.33 gripper.pos=+0.98
DEBUG 2026-09-03 10:08:32 [action #96] t=5.15s step=95 queue=12 dmax=0.570 | shoulder_pan.pos=-5.11 shoulder_lift.pos=-102.53 elbow_flex.pos=+89.80 wrist_flex.pos=+77.62 wrist_roll.pos=-0.29 gripper.pos=+0.94
DEBUG 2026-09-03 10:08:32 [action #97] t=5.19s step=96 queue=11 dmax=0.200 | shoulder_pan.pos=-5.31 shoulder_lift.pos=-102.42 elbow_flex.pos=+89.82 wrist_flex.pos=+77.60 wrist_roll.pos=-0.41 gripper.pos=+1.10
DEBUG 2026-09-03 10:08:32 [action #98] t=5.22s step=97 queue=10 dmax=0.136 | shoulder_pan.pos=-5.22 shoulder_lift.pos=-102.50 elbow_flex.pos=+89.90 wrist_flex.pos=+77.73 wrist_roll.pos=-0.40 gripper.pos=+0.97
DEBUG 2026-09-03 10:08:32 [action #99] t=5.25s step=98 queue=9 dmax=0.399 | shoulder_pan.pos=-5.20 shoulder_lift.pos=-102.10 elbow_flex.pos=+90.00 wrist_flex.pos=+77.63 wrist_roll.pos=-0.45 gripper.pos=+1.07
DEBUG 2026-09-03 10:08:32 [action #100] t=5.29s step=99 queue=8 dmax=0.220 | shoulder_pan.pos=-5.18 shoulder_lift.pos=-102.23 elbow_flex.pos=+89.78 wrist_flex.pos=+77.65 wrist_roll.pos=-0.37 gripper.pos=+0.94
DEBUG 2026-09-03 10:08:32 [action #101] t=5.32s step=100 queue=7 dmax=0.151 | shoulder_pan.pos=-5.17 shoulder_lift.pos=-102.35 elbow_flex.pos=+89.92 wrist_flex.pos=+77.50 wrist_roll.pos=-0.41 gripper.pos=+0.94
DEBUG 2026-09-03 10:08:33 [action #102] t=5.35s step=101 queue=6 dmax=0.322 | shoulder_pan.pos=-5.27 shoulder_lift.pos=-102.67 elbow_flex.pos=+89.98 wrist_flex.pos=+77.54 wrist_roll.pos=-0.47 gripper.pos=+0.98
DEBUG 2026-09-03 10:08:33 [action #103] t=5.39s step=102 queue=5 dmax=0.427 | shoulder_pan.pos=-5.22 shoulder_lift.pos=-102.24 elbow_flex.pos=+89.56 wrist_flex.pos=+77.58 wrist_roll.pos=-0.38 gripper.pos=+0.96
DEBUG 2026-09-03 10:08:33 [action #104] t=5.42s step=103 queue=4 dmax=0.516 | shoulder_pan.pos=-5.16 shoulder_lift.pos=-102.76 elbow_flex.pos=+89.62 wrist_flex.pos=+77.64 wrist_roll.pos=-0.41 gripper.pos=+0.85
DEBUG 2026-09-03 10:08:33 [action #105] t=5.45s step=104 queue=3 dmax=0.401 | shoulder_pan.pos=-5.18 shoulder_lift.pos=-102.36 elbow_flex.pos=+89.63 wrist_flex.pos=+77.69 wrist_roll.pos=-0.35 gripper.pos=+1.00
DEBUG 2026-09-03 10:08:33 [action #106] t=5.49s step=105 queue=2 dmax=0.203 | shoulder_pan.pos=-5.14 shoulder_lift.pos=-102.35 elbow_flex.pos=+89.84 wrist_flex.pos=+77.76 wrist_roll.pos=-0.34 gripper.pos=+1.00
DEBUG 2026-09-03 10:08:33 [action #107] t=5.52s step=106 queue=1 dmax=0.469 | shoulder_pan.pos=-5.24 shoulder_lift.pos=-102.82 elbow_flex.pos=+89.75 wrist_flex.pos=+77.68 wrist_roll.pos=-0.33 gripper.pos=+0.92
DEBUG 2026-09-03 10:08:34 [chunk] received 50 actions, timesteps 106..155 | first: shoulder_pan.pos=-4.73 shoulder_lift.pos=-101.98 elbow_flex.pos=+89.14 wrist_flex.pos=+76.95 wrist_roll.pos=-0.30 gripper.pos=+0.90 | last: shoulder_pan.pos=-5.15 shoulder_lift.pos=-102.21 elbow_flex.pos=+89.48 wrist_flex.pos=+77.56 wrist_roll.pos=-0.23 gripper.pos=+1.16
DEBUG 2026-09-03 10:08:34 [action #108] t=6.42s step=107 queue=49 dmax=1.169 | shoulder_pan.pos=-4.85 shoulder_lift.pos=-101.65 elbow_flex.pos=+89.17 wrist_flex.pos=+77.22 wrist_roll.pos=-0.39 gripper.pos=+0.89
DEBUG 2026-09-03 10:08:34 [action #109] t=6.46s step=108 queue=48 dmax=0.775 | shoulder_pan.pos=-4.96 shoulder_lift.pos=-101.94 elbow_flex.pos=+89.94 wrist_flex.pos=+76.95 wrist_roll.pos=-0.24 gripper.pos=+1.07
DEBUG 2026-09-03 10:08:34 [action #110] t=6.49s step=109 queue=47 dmax=0.517 | shoulder_pan.pos=-4.82 shoulder_lift.pos=-102.37 elbow_flex.pos=+89.60 wrist_flex.pos=+77.47 wrist_roll.pos=-0.23 gripper.pos=+0.90
DEBUG 2026-09-03 10:08:34 [action #111] t=6.52s step=110 queue=46 dmax=0.211 | shoulder_pan.pos=-4.71 shoulder_lift.pos=-102.32 elbow_flex.pos=+89.47 wrist_flex.pos=+77.27 wrist_roll.pos=-0.27 gripper.pos=+1.12
DEBUG 2026-09-03 10:08:34 [action #112] t=6.56s step=111 queue=45 dmax=0.513 | shoulder_pan.pos=-5.06 shoulder_lift.pos=-101.81 elbow_flex.pos=+89.58 wrist_flex.pos=+77.38 wrist_roll.pos=-0.26 gripper.pos=+0.90
DEBUG 2026-09-03 10:08:34 [action #113] t=6.59s step=112 queue=44 dmax=0.510 | shoulder_pan.pos=-5.14 shoulder_lift.pos=-102.32 elbow_flex.pos=+89.93 wrist_flex.pos=+77.44 wrist_roll.pos=-0.17 gripper.pos=+1.07
DEBUG 2026-09-03 10:08:34 [action #114] t=6.62s step=113 queue=43 dmax=0.198 | shoulder_pan.pos=-4.96 shoulder_lift.pos=-102.12 elbow_flex.pos=+89.88 wrist_flex.pos=+77.38 wrist_roll.pos=-0.22 gripper.pos=+1.07
DEBUG 2026-09-03 10:08:34 [action #115] t=6.66s step=114 queue=42 dmax=0.245 | shoulder_pan.pos=-4.74 shoulder_lift.pos=-102.26 elbow_flex.pos=+89.64 wrist_flex.pos=+77.15 wrist_roll.pos=-0.29 gripper.pos=+1.08
DEBUG 2026-09-03 10:08:34 [action #116] t=6.69s step=115 queue=41 dmax=0.650 | shoulder_pan.pos=-4.65 shoulder_lift.pos=-101.61 elbow_flex.pos=+89.19 wrist_flex.pos=+77.20 wrist_roll.pos=-0.17 gripper.pos=+0.96
DEBUG 2026-09-03 10:08:34 [action #117] t=6.73s step=116 queue=40 dmax=0.888 | shoulder_pan.pos=-4.69 shoulder_lift.pos=-102.12 elbow_flex.pos=+90.07 wrist_flex.pos=+77.14 wrist_roll.pos=-0.28 gripper.pos=+1.06
DEBUG 2026-09-03 10:08:34 [action #118] t=6.76s step=117 queue=39 dmax=0.343 | shoulder_pan.pos=-4.58 shoulder_lift.pos=-102.39 elbow_flex.pos=+89.73 wrist_flex.pos=+77.20 wrist_roll.pos=-0.22 gripper.pos=+1.11
DEBUG 2026-09-03 10:08:34 [action #119] t=6.79s step=118 queue=38 dmax=0.278 | shoulder_pan.pos=-4.86 shoulder_lift.pos=-102.49 elbow_flex.pos=+89.57 wrist_flex.pos=+77.37 wrist_roll.pos=-0.30 gripper.pos=+1.03
DEBUG 2026-09-03 10:08:34 [action #120] t=6.83s step=119 queue=37 dmax=0.646 | shoulder_pan.pos=-4.75 shoulder_lift.pos=-101.84 elbow_flex.pos=+89.80 wrist_flex.pos=+77.41 wrist_roll.pos=-0.26 gripper.pos=+0.90
DEBUG 2026-09-03 10:08:34 [action #121] t=6.86s step=120 queue=36 dmax=0.870 | shoulder_pan.pos=-4.88 shoulder_lift.pos=-102.71 elbow_flex.pos=+89.88 wrist_flex.pos=+77.40 wrist_roll.pos=-0.31 gripper.pos=+0.90
DEBUG 2026-09-03 10:08:34 [action #122] t=6.89s step=121 queue=35 dmax=0.905 | shoulder_pan.pos=-5.20 shoulder_lift.pos=-101.81 elbow_flex.pos=+90.23 wrist_flex.pos=+77.37 wrist_roll.pos=-0.38 gripper.pos=+0.91
DEBUG 2026-09-03 10:08:34 [action #123] t=6.93s step=122 queue=34 dmax=0.431 | shoulder_pan.pos=-5.19 shoulder_lift.pos=-101.64 elbow_flex.pos=+89.80 wrist_flex.pos=+77.49 wrist_roll.pos=-0.38 gripper.pos=+1.00
DEBUG 2026-09-03 10:08:34 [action #124] t=6.96s step=123 queue=33 dmax=0.356 | shoulder_pan.pos=-5.05 shoulder_lift.pos=-101.99 elbow_flex.pos=+89.74 wrist_flex.pos=+77.44 wrist_roll.pos=-0.34 gripper.pos=+1.15
DEBUG 2026-09-03 10:08:34 [action #125] t=6.99s step=124 queue=32 dmax=0.230 | shoulder_pan.pos=-5.19 shoulder_lift.pos=-101.76 elbow_flex.pos=+89.87 wrist_flex.pos=+77.46 wrist_roll.pos=-0.28 gripper.pos=+0.94
DEBUG 2026-09-03 10:08:34 [action #126] t=7.03s step=125 queue=31 dmax=0.681 | shoulder_pan.pos=-5.30 shoulder_lift.pos=-101.54 elbow_flex.pos=+89.19 wrist_flex.pos=+77.16 wrist_roll.pos=-0.41 gripper.pos=+0.98
DEBUG 2026-09-03 10:08:34 [action #127] t=7.06s step=126 queue=30 dmax=1.467 | shoulder_pan.pos=-4.90 shoulder_lift.pos=-103.01 elbow_flex.pos=+90.62 wrist_flex.pos=+77.32 wrist_roll.pos=-0.34 gripper.pos=+1.04
DEBUG 2026-09-03 10:08:34 [action #128] t=7.09s step=127 queue=29 dmax=0.361 | shoulder_pan.pos=-5.02 shoulder_lift.pos=-102.65 elbow_flex.pos=+90.49 wrist_flex.pos=+77.41 wrist_roll.pos=-0.42 gripper.pos=+0.99
DEBUG 2026-09-03 10:08:34 [action #129] t=7.13s step=128 queue=28 dmax=0.513 | shoulder_pan.pos=-5.07 shoulder_lift.pos=-102.52 elbow_flex.pos=+89.98 wrist_flex.pos=+77.18 wrist_roll.pos=-0.39 gripper.pos=+1.03
DEBUG 2026-09-03 10:08:34 [action #130] t=7.16s step=129 queue=27 dmax=0.504 | shoulder_pan.pos=-5.00 shoulder_lift.pos=-102.02 elbow_flex.pos=+89.75 wrist_flex.pos=+77.28 wrist_roll.pos=-0.37 gripper.pos=+1.07
DEBUG 2026-09-03 10:08:34 [action #131] t=7.19s step=130 queue=26 dmax=0.376 | shoulder_pan.pos=-5.11 shoulder_lift.pos=-101.93 elbow_flex.pos=+89.38 wrist_flex.pos=+77.25 wrist_roll.pos=-0.37 gripper.pos=+1.05
DEBUG 2026-09-03 10:08:34 [action #132] t=7.23s step=131 queue=25 dmax=0.701 | shoulder_pan.pos=-4.93 shoulder_lift.pos=-102.64 elbow_flex.pos=+89.70 wrist_flex.pos=+77.40 wrist_roll.pos=-0.38 gripper.pos=+0.98
DEBUG 2026-09-03 10:08:34 [action #133] t=7.26s step=132 queue=24 dmax=0.258 | shoulder_pan.pos=-5.15 shoulder_lift.pos=-102.38 elbow_flex.pos=+89.58 wrist_flex.pos=+77.39 wrist_roll.pos=-0.36 gripper.pos=+1.06
DEBUG 2026-09-03 10:08:34 [action #134] t=7.29s step=133 queue=23 dmax=0.406 | shoulder_pan.pos=-4.90 shoulder_lift.pos=-101.97 elbow_flex.pos=+89.28 wrist_flex.pos=+77.38 wrist_roll.pos=-0.29 gripper.pos=+0.90
DEBUG 2026-09-03 10:08:34 [action #135] t=7.33s step=134 queue=22 dmax=0.180 | shoulder_pan.pos=-5.04 shoulder_lift.pos=-101.94 elbow_flex.pos=+89.46 wrist_flex.pos=+77.45 wrist_roll.pos=-0.33 gripper.pos=+0.94
DEBUG 2026-09-03 10:08:35 [action #136] t=7.36s step=135 queue=21 dmax=0.419 | shoulder_pan.pos=-4.96 shoulder_lift.pos=-102.21 elbow_flex.pos=+89.87 wrist_flex.pos=+77.34 wrist_roll.pos=-0.36 gripper.pos=+0.91
DEBUG 2026-09-03 10:08:35 [action #137] t=7.39s step=136 queue=20 dmax=0.237 | shoulder_pan.pos=-5.03 shoulder_lift.pos=-102.45 elbow_flex.pos=+89.94 wrist_flex.pos=+77.39 wrist_roll.pos=-0.35 gripper.pos=+0.89
DEBUG 2026-09-03 10:08:35 [action #138] t=7.43s step=137 queue=19 dmax=0.226 | shoulder_pan.pos=-5.06 shoulder_lift.pos=-102.49 elbow_flex.pos=+90.17 wrist_flex.pos=+77.26 wrist_roll.pos=-0.31 gripper.pos=+0.99
DEBUG 2026-09-03 10:08:35 [action #139] t=7.46s step=138 queue=18 dmax=0.513 | shoulder_pan.pos=-4.80 shoulder_lift.pos=-102.50 elbow_flex.pos=+89.65 wrist_flex.pos=+77.23 wrist_roll.pos=-0.31 gripper.pos=+1.04
DEBUG 2026-09-03 10:08:35 [action #140] t=7.49s step=139 queue=17 dmax=0.512 | shoulder_pan.pos=-5.15 shoulder_lift.pos=-101.99 elbow_flex.pos=+89.77 wrist_flex.pos=+77.22 wrist_roll.pos=-0.38 gripper.pos=+1.13
DEBUG 2026-09-03 10:08:35 [action #141] t=7.53s step=140 queue=16 dmax=0.464 | shoulder_pan.pos=-5.03 shoulder_lift.pos=-102.45 elbow_flex.pos=+90.19 wrist_flex.pos=+77.46 wrist_roll.pos=-0.33 gripper.pos=+1.05
DEBUG 2026-09-03 10:08:35 [action #142] t=7.56s step=141 queue=15 dmax=0.557 | shoulder_pan.pos=-5.14 shoulder_lift.pos=-101.90 elbow_flex.pos=+90.15 wrist_flex.pos=+77.31 wrist_roll.pos=-0.33 gripper.pos=+1.13
DEBUG 2026-09-03 10:08:35 [action #143] t=7.60s step=142 queue=14 dmax=0.887 | shoulder_pan.pos=-5.08 shoulder_lift.pos=-102.78 elbow_flex.pos=+89.87 wrist_flex.pos=+77.38 wrist_roll.pos=-0.34 gripper.pos=+0.95
DEBUG 2026-09-03 10:08:35 [action #144] t=7.63s step=143 queue=13 dmax=0.667 | shoulder_pan.pos=-5.03 shoulder_lift.pos=-102.12 elbow_flex.pos=+89.59 wrist_flex.pos=+77.24 wrist_roll.pos=-0.25 gripper.pos=+1.10
DEBUG 2026-09-03 10:08:35 [action #145] t=7.66s step=144 queue=12 dmax=0.303 | shoulder_pan.pos=-4.99 shoulder_lift.pos=-102.28 elbow_flex.pos=+89.89 wrist_flex.pos=+77.45 wrist_roll.pos=-0.17 gripper.pos=+1.13
DEBUG 2026-09-03 10:08:35 [action #146] t=7.70s step=145 queue=11 dmax=0.432 | shoulder_pan.pos=-4.99 shoulder_lift.pos=-102.71 elbow_flex.pos=+90.00 wrist_flex.pos=+77.61 wrist_roll.pos=-0.30 gripper.pos=+1.20
DEBUG 2026-09-03 10:08:35 [action #147] t=7.73s step=146 queue=10 dmax=0.644 | shoulder_pan.pos=-4.96 shoulder_lift.pos=-102.72 elbow_flex.pos=+90.64 wrist_flex.pos=+77.36 wrist_roll.pos=-0.28 gripper.pos=+1.11
DEBUG 2026-09-03 10:08:35 [action #148] t=7.76s step=147 queue=9 dmax=0.518 | shoulder_pan.pos=-5.32 shoulder_lift.pos=-102.20 elbow_flex.pos=+90.48 wrist_flex.pos=+77.60 wrist_roll.pos=-0.33 gripper.pos=+1.23
DEBUG 2026-09-03 10:08:35 [action #149] t=7.80s step=148 queue=8 dmax=0.307 | shoulder_pan.pos=-5.01 shoulder_lift.pos=-102.14 elbow_flex.pos=+90.28 wrist_flex.pos=+77.40 wrist_roll.pos=-0.24 gripper.pos=+1.01
DEBUG 2026-09-03 10:08:35 [action #150] t=7.83s step=149 queue=7 dmax=0.375 | shoulder_pan.pos=-5.08 shoulder_lift.pos=-102.14 elbow_flex.pos=+89.91 wrist_flex.pos=+77.23 wrist_roll.pos=-0.39 gripper.pos=+0.89
DEBUG 2026-09-03 10:08:35 [action #151] t=7.86s step=150 queue=6 dmax=0.357 | shoulder_pan.pos=-5.02 shoulder_lift.pos=-101.78 elbow_flex.pos=+89.76 wrist_flex.pos=+77.46 wrist_roll.pos=-0.35 gripper.pos=+1.02
INFO 2026-09-03 10:08:39 Final action sent: shoulder_pan.pos=-5.02 shoulder_lift.pos=-101.78 elbow_flex.pos=+89.76 wrist_flex.pos=+77.46 wrist_roll.pos=-0.35 gripper.pos=+1.02
DEBUG 2026-09-03 10:08:39 === episode end | 11.6s | converged=True | actions=151 ===
