DEBUG 2026-09-03 08:20:34 === episode start | task: 'put the cylinder on the tray' | duration: 50.0s ===
DEBUG 2026-09-03 08:20:35 [chunk] dropped stale chunk (ts0=465 > max_sent=0)
DEBUG 2026-09-03 08:20:36 [chunk] received 50 actions, timesteps 0..49 | first: shoulder_pan.pos=-5.31 shoulder_lift.pos=-101.60 elbow_flex.pos=+88.64 wrist_flex.pos=+74.25 wrist_roll.pos=-1.02 gripper.pos=+0.80 | last: shoulder_pan.pos=-8.90 shoulder_lift.pos=-101.37 elbow_flex.pos=+83.24 wrist_flex.pos=+72.95 wrist_roll.pos=-1.02 gripper.pos=+0.63
DEBUG 2026-09-03 08:20:36 [action #1] t=1.91s step=0 queue=50 dmax=n/a | shoulder_pan.pos=-5.31 shoulder_lift.pos=-101.60 elbow_flex.pos=+88.64 wrist_flex.pos=+74.25 wrist_roll.pos=-1.02 gripper.pos=+0.80
DEBUG 2026-09-03 08:20:36 [action #2] t=1.94s step=1 queue=49 dmax=0.343 | shoulder_pan.pos=-5.24 shoulder_lift.pos=-101.94 elbow_flex.pos=+88.52 wrist_flex.pos=+74.00 wrist_roll.pos=-0.99 gripper.pos=+0.74
DEBUG 2026-09-03 08:20:36 [action #3] t=1.97s step=2 queue=48 dmax=0.282 | shoulder_pan.pos=-5.43 shoulder_lift.pos=-102.03 elbow_flex.pos=+88.35 wrist_flex.pos=+73.72 wrist_roll.pos=-0.98 gripper.pos=+0.84
DEBUG 2026-09-03 08:20:36 [action #4] t=2.01s step=3 queue=47 dmax=0.456 | shoulder_pan.pos=-5.43 shoulder_lift.pos=-102.20 elbow_flex.pos=+88.17 wrist_flex.pos=+73.26 wrist_roll.pos=-1.02 gripper.pos=+0.81
DEBUG 2026-09-03 08:20:36 [action #5] t=2.04s step=4 queue=46 dmax=0.408 | shoulder_pan.pos=-5.63 shoulder_lift.pos=-101.80 elbow_flex.pos=+88.13 wrist_flex.pos=+72.89 wrist_roll.pos=-1.04 gripper.pos=+0.81
DEBUG 2026-09-03 08:20:36 [action #6] t=2.07s step=5 queue=45 dmax=0.491 | shoulder_pan.pos=-5.46 shoulder_lift.pos=-101.72 elbow_flex.pos=+88.16 wrist_flex.pos=+72.40 wrist_roll.pos=-1.06 gripper.pos=+0.82
DEBUG 2026-09-03 08:20:36 [action #7] t=2.11s step=6 queue=44 dmax=0.470 | shoulder_pan.pos=-5.45 shoulder_lift.pos=-101.53 elbow_flex.pos=+88.00 wrist_flex.pos=+71.93 wrist_roll.pos=-1.05 gripper.pos=+0.87
DEBUG 2026-09-03 08:20:36 [action #8] t=2.14s step=7 queue=43 dmax=0.406 | shoulder_pan.pos=-5.49 shoulder_lift.pos=-101.89 elbow_flex.pos=+88.40 wrist_flex.pos=+71.58 wrist_roll.pos=-0.98 gripper.pos=+0.82
DEBUG 2026-09-03 08:20:36 [action #9] t=2.17s step=8 queue=42 dmax=0.587 | shoulder_pan.pos=-5.37 shoulder_lift.pos=-102.24 elbow_flex.pos=+88.52 wrist_flex.pos=+70.99 wrist_roll.pos=-0.95 gripper.pos=+0.82
DEBUG 2026-09-03 08:20:36 [action #10] t=2.21s step=9 queue=41 dmax=0.688 | shoulder_pan.pos=-5.46 shoulder_lift.pos=-101.55 elbow_flex.pos=+88.68 wrist_flex.pos=+70.74 wrist_roll.pos=-0.96 gripper.pos=+0.83
DEBUG 2026-09-03 08:20:36 [action #11] t=2.24s step=10 queue=40 dmax=0.398 | shoulder_pan.pos=-5.56 shoulder_lift.pos=-101.66 elbow_flex.pos=+88.36 wrist_flex.pos=+70.34 wrist_roll.pos=-0.98 gripper.pos=+0.82
DEBUG 2026-09-03 08:20:36 [action #12] t=2.27s step=11 queue=39 dmax=0.265 | shoulder_pan.pos=-5.29 shoulder_lift.pos=-101.70 elbow_flex.pos=+88.45 wrist_flex.pos=+70.08 wrist_roll.pos=-0.99 gripper.pos=+0.85
DEBUG 2026-09-03 08:20:36 [action #13] t=2.31s step=12 queue=38 dmax=0.207 | shoulder_pan.pos=-5.26 shoulder_lift.pos=-101.70 elbow_flex.pos=+88.48 wrist_flex.pos=+69.87 wrist_roll.pos=-0.98 gripper.pos=+0.94
DEBUG 2026-09-03 08:20:36 [action #14] t=2.34s step=13 queue=37 dmax=0.590 | shoulder_pan.pos=-5.39 shoulder_lift.pos=-101.35 elbow_flex.pos=+87.89 wrist_flex.pos=+69.58 wrist_roll.pos=-0.93 gripper.pos=+0.84
DEBUG 2026-09-03 08:20:36 [action #15] t=2.37s step=14 queue=36 dmax=0.576 | shoulder_pan.pos=-5.69 shoulder_lift.pos=-101.65 elbow_flex.pos=+88.47 wrist_flex.pos=+69.47 wrist_roll.pos=-1.04 gripper.pos=+0.86
DEBUG 2026-09-03 08:20:36 [action #16] t=2.41s step=15 queue=35 dmax=0.356 | shoulder_pan.pos=-5.39 shoulder_lift.pos=-101.47 elbow_flex.pos=+88.11 wrist_flex.pos=+69.41 wrist_roll.pos=-1.04 gripper.pos=+0.97
DEBUG 2026-09-03 08:20:36 [action #17] t=2.44s step=16 queue=34 dmax=0.271 | shoulder_pan.pos=-5.48 shoulder_lift.pos=-101.75 elbow_flex.pos=+88.09 wrist_flex.pos=+69.16 wrist_roll.pos=-1.00 gripper.pos=+0.87
DEBUG 2026-09-03 08:20:36 [action #18] t=2.48s step=17 queue=33 dmax=0.329 | shoulder_pan.pos=-5.57 shoulder_lift.pos=-102.05 elbow_flex.pos=+88.35 wrist_flex.pos=+68.83 wrist_roll.pos=-0.95 gripper.pos=+0.85
DEBUG 2026-09-03 08:20:36 [action #19] t=2.51s step=18 queue=32 dmax=0.496 | shoulder_pan.pos=-5.44 shoulder_lift.pos=-101.64 elbow_flex.pos=+87.85 wrist_flex.pos=+68.77 wrist_roll.pos=-0.98 gripper.pos=+0.87
DEBUG 2026-09-03 08:20:36 [action #20] t=2.54s step=19 queue=31 dmax=0.357 | shoulder_pan.pos=-5.40 shoulder_lift.pos=-101.29 elbow_flex.pos=+87.99 wrist_flex.pos=+68.72 wrist_roll.pos=-1.01 gripper.pos=+0.98
DEBUG 2026-09-03 08:20:36 [action #21] t=2.58s step=20 queue=30 dmax=0.316 | shoulder_pan.pos=-5.34 shoulder_lift.pos=-101.55 elbow_flex.pos=+87.85 wrist_flex.pos=+68.41 wrist_roll.pos=-1.00 gripper.pos=+0.85
DEBUG 2026-09-03 08:20:36 [action #22] t=2.61s step=21 queue=29 dmax=0.377 | shoulder_pan.pos=-5.19 shoulder_lift.pos=-101.93 elbow_flex.pos=+88.09 wrist_flex.pos=+68.30 wrist_roll.pos=-1.00 gripper.pos=+0.76
DEBUG 2026-09-03 08:20:36 [action #23] t=2.64s step=22 queue=28 dmax=0.619 | shoulder_pan.pos=-5.11 shoulder_lift.pos=-101.31 elbow_flex.pos=+87.99 wrist_flex.pos=+67.96 wrist_roll.pos=-0.96 gripper.pos=+0.77
DEBUG 2026-09-03 08:20:36 [action #24] t=2.68s step=23 queue=27 dmax=0.613 | shoulder_pan.pos=-5.08 shoulder_lift.pos=-101.92 elbow_flex.pos=+87.72 wrist_flex.pos=+67.96 wrist_roll.pos=-1.01 gripper.pos=+0.85
DEBUG 2026-09-03 08:20:36 [action #25] t=2.71s step=24 queue=26 dmax=0.279 | shoulder_pan.pos=-5.26 shoulder_lift.pos=-102.03 elbow_flex.pos=+87.85 wrist_flex.pos=+67.68 wrist_roll.pos=-1.00 gripper.pos=+0.86
DEBUG 2026-09-03 08:20:36 [action #26] t=2.74s step=25 queue=25 dmax=0.452 | shoulder_pan.pos=-5.44 shoulder_lift.pos=-102.22 elbow_flex.pos=+87.40 wrist_flex.pos=+67.70 wrist_roll.pos=-1.02 gripper.pos=+0.75
DEBUG 2026-09-03 08:20:36 [action #27] t=2.78s step=26 queue=24 dmax=0.305 | shoulder_pan.pos=-5.49 shoulder_lift.pos=-102.53 elbow_flex.pos=+87.28 wrist_flex.pos=+67.81 wrist_roll.pos=-1.00 gripper.pos=+0.75
DEBUG 2026-09-03 08:20:37 [action #28] t=2.81s step=27 queue=23 dmax=0.348 | shoulder_pan.pos=-5.74 shoulder_lift.pos=-102.18 elbow_flex.pos=+87.23 wrist_flex.pos=+67.88 wrist_roll.pos=-1.00 gripper.pos=+0.72
DEBUG 2026-09-03 08:20:37 [action #29] t=2.84s step=28 queue=22 dmax=0.581 | shoulder_pan.pos=-5.89 shoulder_lift.pos=-101.83 elbow_flex.pos=+86.65 wrist_flex.pos=+68.23 wrist_roll.pos=-0.98 gripper.pos=+0.70
DEBUG 2026-09-03 08:20:37 [action #30] t=2.88s step=29 queue=21 dmax=0.209 | shoulder_pan.pos=-6.06 shoulder_lift.pos=-101.91 elbow_flex.pos=+86.52 wrist_flex.pos=+68.44 wrist_roll.pos=-0.99 gripper.pos=+0.76
DEBUG 2026-09-03 08:20:37 [action #31] t=2.91s step=30 queue=20 dmax=0.377 | shoulder_pan.pos=-6.39 shoulder_lift.pos=-101.86 elbow_flex.pos=+86.14 wrist_flex.pos=+68.78 wrist_roll.pos=-0.99 gripper.pos=+0.75
DEBUG 2026-09-03 08:20:37 [action #32] t=2.94s step=31 queue=19 dmax=0.374 | shoulder_pan.pos=-6.63 shoulder_lift.pos=-101.93 elbow_flex.pos=+86.51 wrist_flex.pos=+69.15 wrist_roll.pos=-1.03 gripper.pos=+0.71
DEBUG 2026-09-03 08:20:37 [action #33] t=2.98s step=32 queue=18 dmax=0.618 | shoulder_pan.pos=-6.88 shoulder_lift.pos=-102.09 elbow_flex.pos=+85.90 wrist_flex.pos=+69.49 wrist_roll.pos=-1.05 gripper.pos=+0.57
DEBUG 2026-09-03 08:20:37 [chunk] received 50 actions, timesteps 3..52 | first: shoulder_pan.pos=-5.24 shoulder_lift.pos=-100.10 elbow_flex.pos=+86.81 wrist_flex.pos=+70.96 wrist_roll.pos=-1.10 gripper.pos=+0.89 | last: shoulder_pan.pos=-6.93 shoulder_lift.pos=-95.64 elbow_flex.pos=+75.48 wrist_flex.pos=+69.65 wrist_roll.pos=-1.54 gripper.pos=+0.68
DEBUG 2026-09-03 08:20:37 [action #34] t=3.01s step=33 queue=20 dmax=2.874 | shoulder_pan.pos=-7.04 shoulder_lift.pos=-101.43 elbow_flex.pos=+83.02 wrist_flex.pos=+68.48 wrist_roll.pos=-1.27 gripper.pos=+0.72
DEBUG 2026-09-03 08:20:37 [action #35] t=3.04s step=34 queue=19 dmax=0.327 | shoulder_pan.pos=-7.25 shoulder_lift.pos=-101.45 elbow_flex.pos=+82.71 wrist_flex.pos=+68.80 wrist_roll.pos=-1.30 gripper.pos=+0.75
DEBUG 2026-09-03 08:20:37 [action #36] t=3.08s step=35 queue=18 dmax=0.339 | shoulder_pan.pos=-7.59 shoulder_lift.pos=-101.78 elbow_flex.pos=+82.56 wrist_flex.pos=+68.99 wrist_roll.pos=-1.29 gripper.pos=+0.83
DEBUG 2026-09-03 08:20:37 [action #37] t=3.11s step=36 queue=17 dmax=0.338 | shoulder_pan.pos=-7.40 shoulder_lift.pos=-101.48 elbow_flex.pos=+82.22 wrist_flex.pos=+69.20 wrist_roll.pos=-1.31 gripper.pos=+0.81
DEBUG 2026-09-03 08:20:37 [action #38] t=3.14s step=37 queue=16 dmax=0.365 | shoulder_pan.pos=-7.64 shoulder_lift.pos=-101.11 elbow_flex.pos=+82.08 wrist_flex.pos=+69.36 wrist_roll.pos=-1.27 gripper.pos=+0.71
DEBUG 2026-09-03 08:20:37 [action #39] t=3.18s step=38 queue=15 dmax=0.639 | shoulder_pan.pos=-7.67 shoulder_lift.pos=-101.75 elbow_flex.pos=+82.29 wrist_flex.pos=+69.66 wrist_roll.pos=-1.25 gripper.pos=+0.59
DEBUG 2026-09-03 08:20:37 [action #40] t=3.21s step=39 queue=14 dmax=0.636 | shoulder_pan.pos=-7.74 shoulder_lift.pos=-101.11 elbow_flex.pos=+81.93 wrist_flex.pos=+69.78 wrist_roll.pos=-1.26 gripper.pos=+0.63
DEBUG 2026-09-03 08:20:37 [action #41] t=3.24s step=40 queue=13 dmax=0.212 | shoulder_pan.pos=-7.75 shoulder_lift.pos=-101.10 elbow_flex.pos=+81.72 wrist_flex.pos=+69.88 wrist_roll.pos=-1.24 gripper.pos=+0.71
DEBUG 2026-09-03 08:20:37 [action #42] t=3.28s step=41 queue=12 dmax=0.387 | shoulder_pan.pos=-7.52 shoulder_lift.pos=-101.14 elbow_flex.pos=+81.44 wrist_flex.pos=+70.27 wrist_roll.pos=-1.21 gripper.pos=+0.59
DEBUG 2026-09-03 08:20:37 [action #43] t=3.31s step=42 queue=11 dmax=0.969 | shoulder_pan.pos=-7.79 shoulder_lift.pos=-102.10 elbow_flex.pos=+80.86 wrist_flex.pos=+70.51 wrist_roll.pos=-1.17 gripper.pos=+0.39
DEBUG 2026-09-03 08:20:37 [action #44] t=3.34s step=43 queue=10 dmax=0.946 | shoulder_pan.pos=-7.52 shoulder_lift.pos=-101.16 elbow_flex.pos=+81.40 wrist_flex.pos=+70.49 wrist_roll.pos=-1.23 gripper.pos=+0.55
DEBUG 2026-09-03 08:20:37 [action #45] t=3.38s step=44 queue=9 dmax=0.407 | shoulder_pan.pos=-7.88 shoulder_lift.pos=-100.98 elbow_flex.pos=+81.37 wrist_flex.pos=+70.90 wrist_roll.pos=-1.28 gripper.pos=+0.54
DEBUG 2026-09-03 08:20:37 [action #46] t=3.41s step=45 queue=8 dmax=0.914 | shoulder_pan.pos=-7.69 shoulder_lift.pos=-100.69 elbow_flex.pos=+80.46 wrist_flex.pos=+70.90 wrist_roll.pos=-1.23 gripper.pos=+0.62
DEBUG 2026-09-03 08:20:37 [action #47] t=3.45s step=46 queue=7 dmax=0.214 | shoulder_pan.pos=-7.75 shoulder_lift.pos=-100.90 elbow_flex.pos=+80.66 wrist_flex.pos=+71.09 wrist_roll.pos=-1.16 gripper.pos=+0.70
DEBUG 2026-09-03 08:20:37 [action #48] t=3.48s step=47 queue=6 dmax=0.491 | shoulder_pan.pos=-7.83 shoulder_lift.pos=-100.41 elbow_flex.pos=+80.24 wrist_flex.pos=+70.93 wrist_roll.pos=-1.30 gripper.pos=+0.66
DEBUG 2026-09-03 08:20:37 [action #49] t=3.51s step=48 queue=5 dmax=0.341 | shoulder_pan.pos=-7.73 shoulder_lift.pos=-100.07 elbow_flex.pos=+80.27 wrist_flex.pos=+71.20 wrist_roll.pos=-1.26 gripper.pos=+0.71
DEBUG 2026-09-03 08:20:37 [action #50] t=3.55s step=49 queue=4 dmax=0.184 | shoulder_pan.pos=-7.75 shoulder_lift.pos=-99.96 elbow_flex.pos=+80.08 wrist_flex.pos=+71.33 wrist_roll.pos=-1.26 gripper.pos=+0.69
DEBUG 2026-09-03 08:20:37 [action #51] t=3.58s step=50 queue=3 dmax=2.276 | shoulder_pan.pos=-7.32 shoulder_lift.pos=-97.92 elbow_flex.pos=+77.81 wrist_flex.pos=+70.32 wrist_roll.pos=-1.38 gripper.pos=+0.73
DEBUG 2026-09-03 08:20:37 [action #52] t=3.61s step=51 queue=2 dmax=1.415 | shoulder_pan.pos=-7.08 shoulder_lift.pos=-96.51 elbow_flex.pos=+77.25 wrist_flex.pos=+69.77 wrist_roll.pos=-1.43 gripper.pos=+0.76
DEBUG 2026-09-03 08:20:37 [action #53] t=3.65s step=52 queue=1 dmax=1.767 | shoulder_pan.pos=-6.93 shoulder_lift.pos=-95.64 elbow_flex.pos=+75.48 wrist_flex.pos=+69.65 wrist_roll.pos=-1.54 gripper.pos=+0.68
DEBUG 2026-09-03 08:20:38 [chunk] received 50 actions, timesteps 32..81 | first: shoulder_pan.pos=-6.79 shoulder_lift.pos=-100.79 elbow_flex.pos=+85.59 wrist_flex.pos=+67.32 wrist_roll.pos=-1.15 gripper.pos=+0.84 | last: shoulder_pan.pos=-6.69 shoulder_lift.pos=-64.59 elbow_flex.pos=+54.62 wrist_flex.pos=+67.30 wrist_roll.pos=-3.93 gripper.pos=+0.67
DEBUG 2026-09-03 08:20:38 [action #54] t=4.01s step=53 queue=29 dmax=6.339 | shoulder_pan.pos=-6.57 shoulder_lift.pos=-101.98 elbow_flex.pos=+80.27 wrist_flex.pos=+67.38 wrist_roll.pos=-2.08 gripper.pos=+0.74
DEBUG 2026-09-03 08:20:38 [action #55] t=4.05s step=54 queue=28 dmax=0.310 | shoulder_pan.pos=-6.60 shoulder_lift.pos=-102.12 elbow_flex.pos=+80.03 wrist_flex.pos=+67.69 wrist_roll.pos=-2.01 gripper.pos=+0.70
DEBUG 2026-09-03 08:20:38 [action #56] t=4.08s step=55 queue=27 dmax=0.164 | shoulder_pan.pos=-6.65 shoulder_lift.pos=-102.02 elbow_flex.pos=+79.98 wrist_flex.pos=+67.85 wrist_roll.pos=-1.97 gripper.pos=+0.70
DEBUG 2026-09-03 08:20:38 [action #57] t=4.11s step=56 queue=26 dmax=0.769 | shoulder_pan.pos=-6.68 shoulder_lift.pos=-102.10 elbow_flex.pos=+79.21 wrist_flex.pos=+68.42 wrist_roll.pos=-1.96 gripper.pos=+0.63
DEBUG 2026-09-03 08:20:38 [action #58] t=4.15s step=57 queue=25 dmax=0.478 | shoulder_pan.pos=-6.58 shoulder_lift.pos=-101.67 elbow_flex.pos=+78.73 wrist_flex.pos=+68.81 wrist_roll.pos=-1.86 gripper.pos=+0.56
DEBUG 2026-09-03 08:20:38 [action #59] t=4.18s step=58 queue=24 dmax=0.356 | shoulder_pan.pos=-6.78 shoulder_lift.pos=-101.55 elbow_flex.pos=+78.58 wrist_flex.pos=+69.17 wrist_roll.pos=-1.81 gripper.pos=+0.60
DEBUG 2026-09-03 08:20:38 [action #60] t=4.21s step=59 queue=23 dmax=0.979 | shoulder_pan.pos=-6.53 shoulder_lift.pos=-101.38 elbow_flex.pos=+77.60 wrist_flex.pos=+69.52 wrist_roll.pos=-1.72 gripper.pos=+0.46
DEBUG 2026-09-03 08:20:38 [action #61] t=4.25s step=60 queue=22 dmax=0.961 | shoulder_pan.pos=-6.61 shoulder_lift.pos=-100.54 elbow_flex.pos=+76.64 wrist_flex.pos=+69.76 wrist_roll.pos=-1.82 gripper.pos=+0.61
DEBUG 2026-09-03 08:20:38 [action #62] t=4.28s step=61 queue=21 dmax=0.493 | shoulder_pan.pos=-6.43 shoulder_lift.pos=-100.13 elbow_flex.pos=+76.15 wrist_flex.pos=+69.63 wrist_roll.pos=-1.75 gripper.pos=+0.57
DEBUG 2026-09-03 08:20:38 [action #63] t=4.32s step=62 queue=20 dmax=1.582 | shoulder_pan.pos=-6.47 shoulder_lift.pos=-98.55 elbow_flex.pos=+75.19 wrist_flex.pos=+69.65 wrist_roll.pos=-1.90 gripper.pos=+0.62
DEBUG 2026-09-03 08:20:38 [action #64] t=4.35s step=63 queue=19 dmax=2.374 | shoulder_pan.pos=-6.36 shoulder_lift.pos=-96.17 elbow_flex.pos=+73.58 wrist_flex.pos=+69.64 wrist_roll.pos=-1.83 gripper.pos=+0.57
DEBUG 2026-09-03 08:20:38 [action #65] t=4.38s step=64 queue=18 dmax=2.091 | shoulder_pan.pos=-6.53 shoulder_lift.pos=-94.08 elbow_flex.pos=+72.16 wrist_flex.pos=+69.55 wrist_roll.pos=-1.97 gripper.pos=+0.73
DEBUG 2026-09-03 08:20:38 [action #66] t=4.42s step=65 queue=17 dmax=3.042 | shoulder_pan.pos=-6.63 shoulder_lift.pos=-91.04 elbow_flex.pos=+70.49 wrist_flex.pos=+69.28 wrist_roll.pos=-2.06 gripper.pos=+0.66
DEBUG 2026-09-03 08:20:38 [action #67] t=4.45s step=66 queue=16 dmax=1.774 | shoulder_pan.pos=-6.45 shoulder_lift.pos=-89.27 elbow_flex.pos=+69.06 wrist_flex.pos=+68.96 wrist_roll.pos=-2.19 gripper.pos=+0.66
DEBUG 2026-09-03 08:20:38 [action #68] t=4.48s step=67 queue=15 dmax=2.343 | shoulder_pan.pos=-6.46 shoulder_lift.pos=-86.92 elbow_flex.pos=+67.99 wrist_flex.pos=+68.99 wrist_roll.pos=-2.37 gripper.pos=+0.66
DEBUG 2026-09-03 08:20:38 [action #69] t=4.52s step=68 queue=14 dmax=2.289 | shoulder_pan.pos=-6.35 shoulder_lift.pos=-84.63 elbow_flex.pos=+66.46 wrist_flex.pos=+68.87 wrist_roll.pos=-2.54 gripper.pos=+0.49
DEBUG 2026-09-03 08:20:38 [action #70] t=4.55s step=69 queue=13 dmax=1.900 | shoulder_pan.pos=-6.47 shoulder_lift.pos=-82.73 elbow_flex.pos=+65.47 wrist_flex.pos=+68.84 wrist_roll.pos=-2.59 gripper.pos=+0.57
DEBUG 2026-09-03 08:20:38 [action #71] t=4.58s step=70 queue=12 dmax=1.018 | shoulder_pan.pos=-6.40 shoulder_lift.pos=-81.72 elbow_flex.pos=+64.68 wrist_flex.pos=+68.80 wrist_roll.pos=-2.62 gripper.pos=+0.65
DEBUG 2026-09-03 08:20:38 [action #72] t=4.62s step=71 queue=11 dmax=1.461 | shoulder_pan.pos=-6.39 shoulder_lift.pos=-80.26 elbow_flex.pos=+64.06 wrist_flex.pos=+68.97 wrist_roll.pos=-2.57 gripper.pos=+0.52
DEBUG 2026-09-03 08:20:38 [action #73] t=4.65s step=72 queue=10 dmax=1.280 | shoulder_pan.pos=-6.33 shoulder_lift.pos=-78.98 elbow_flex.pos=+62.79 wrist_flex.pos=+68.88 wrist_roll.pos=-2.70 gripper.pos=+0.62
DEBUG 2026-09-03 08:20:38 [action #74] t=4.68s step=73 queue=9 dmax=1.446 | shoulder_pan.pos=-6.21 shoulder_lift.pos=-77.53 elbow_flex.pos=+62.71 wrist_flex.pos=+68.87 wrist_roll.pos=-2.70 gripper.pos=+0.58
DEBUG 2026-09-03 08:20:38 [action #75] t=4.72s step=74 queue=8 dmax=1.485 | shoulder_pan.pos=-6.48 shoulder_lift.pos=-76.04 elbow_flex.pos=+61.44 wrist_flex.pos=+68.69 wrist_roll.pos=-2.80 gripper.pos=+0.67
DEBUG 2026-09-03 08:20:38 [action #76] t=4.75s step=75 queue=7 dmax=1.481 | shoulder_pan.pos=-6.48 shoulder_lift.pos=-74.56 elbow_flex.pos=+60.55 wrist_flex.pos=+68.59 wrist_roll.pos=-2.96 gripper.pos=+0.62
DEBUG 2026-09-03 08:20:38 [action #77] t=4.78s step=76 queue=6 dmax=1.771 | shoulder_pan.pos=-6.48 shoulder_lift.pos=-72.79 elbow_flex.pos=+59.65 wrist_flex.pos=+68.22 wrist_roll.pos=-3.11 gripper.pos=+0.52
DEBUG 2026-09-03 08:20:39 [action #78] t=4.82s step=77 queue=5 dmax=2.133 | shoulder_pan.pos=-6.42 shoulder_lift.pos=-70.66 elbow_flex.pos=+58.59 wrist_flex.pos=+67.88 wrist_roll.pos=-3.23 gripper.pos=+0.63
DEBUG 2026-09-03 08:20:39 [action #79] t=4.85s step=78 queue=4 dmax=1.487 | shoulder_pan.pos=-6.38 shoulder_lift.pos=-69.17 elbow_flex.pos=+57.25 wrist_flex.pos=+67.68 wrist_roll.pos=-3.44 gripper.pos=+0.58
DEBUG 2026-09-03 08:20:39 [action #80] t=4.88s step=79 queue=3 dmax=2.229 | shoulder_pan.pos=-6.44 shoulder_lift.pos=-66.94 elbow_flex.pos=+56.28 wrist_flex.pos=+67.72 wrist_roll.pos=-3.53 gripper.pos=+0.78
DEBUG 2026-09-03 08:20:39 [action #81] t=4.92s step=80 queue=2 dmax=1.107 | shoulder_pan.pos=-6.57 shoulder_lift.pos=-65.99 elbow_flex.pos=+55.18 wrist_flex.pos=+67.34 wrist_roll.pos=-3.73 gripper.pos=+0.65
DEBUG 2026-09-03 08:20:39 [action #82] t=4.95s step=81 queue=1 dmax=1.400 | shoulder_pan.pos=-6.69 shoulder_lift.pos=-64.59 elbow_flex.pos=+54.62 wrist_flex.pos=+67.30 wrist_roll.pos=-3.93 gripper.pos=+0.67
DEBUG 2026-09-03 08:20:39 [chunk] received 50 actions, timesteps 52..101 | first: shoulder_pan.pos=-7.69 shoulder_lift.pos=-91.96 elbow_flex.pos=+71.73 wrist_flex.pos=+69.93 wrist_roll.pos=-1.03 gripper.pos=+1.05 | last: shoulder_pan.pos=-7.70 shoulder_lift.pos=-35.37 elbow_flex.pos=+34.52 wrist_flex.pos=+71.18 wrist_roll.pos=-6.65 gripper.pos=+26.02
DEBUG 2026-09-03 08:20:39 [action #83] t=4.98s step=82 queue=20 dmax=22.801 | shoulder_pan.pos=-9.20 shoulder_lift.pos=-41.79 elbow_flex.pos=+32.68 wrist_flex.pos=+70.77 wrist_roll.pos=-6.23 gripper.pos=+1.34
DEBUG 2026-09-03 08:20:39 [action #84] t=5.02s step=83 queue=19 dmax=1.163 | shoulder_pan.pos=-8.80 shoulder_lift.pos=-40.62 elbow_flex.pos=+32.41 wrist_flex.pos=+70.82 wrist_roll.pos=-6.29 gripper.pos=+2.37
DEBUG 2026-09-03 08:20:39 [action #85] t=5.05s step=84 queue=18 dmax=1.701 | shoulder_pan.pos=-9.02 shoulder_lift.pos=-40.42 elbow_flex.pos=+32.30 wrist_flex.pos=+70.96 wrist_roll.pos=-6.19 gripper.pos=+4.07
DEBUG 2026-09-03 08:20:39 [action #86] t=5.08s step=85 queue=17 dmax=2.298 | shoulder_pan.pos=-8.69 shoulder_lift.pos=-40.15 elbow_flex.pos=+32.51 wrist_flex.pos=+71.18 wrist_roll.pos=-6.24 gripper.pos=+6.37
DEBUG 2026-09-03 08:20:39 [action #87] t=5.12s step=86 queue=16 dmax=2.592 | shoulder_pan.pos=-8.84 shoulder_lift.pos=-40.38 elbow_flex.pos=+33.10 wrist_flex.pos=+71.21 wrist_roll.pos=-6.21 gripper.pos=+8.96
DEBUG 2026-09-03 08:20:39 [action #88] t=5.15s step=87 queue=15 dmax=2.697 | shoulder_pan.pos=-8.75 shoulder_lift.pos=-40.28 elbow_flex.pos=+33.72 wrist_flex.pos=+71.29 wrist_roll.pos=-6.03 gripper.pos=+11.66
DEBUG 2026-09-03 08:20:39 [action #89] t=5.18s step=88 queue=14 dmax=1.910 | shoulder_pan.pos=-8.93 shoulder_lift.pos=-40.31 elbow_flex.pos=+33.80 wrist_flex.pos=+71.26 wrist_roll.pos=-6.01 gripper.pos=+13.57
DEBUG 2026-09-03 08:20:39 [action #90] t=5.22s step=89 queue=13 dmax=1.330 | shoulder_pan.pos=-8.83 shoulder_lift.pos=-40.61 elbow_flex.pos=+33.85 wrist_flex.pos=+71.35 wrist_roll.pos=-6.11 gripper.pos=+14.90
DEBUG 2026-09-03 08:20:39 [action #91] t=5.25s step=90 queue=12 dmax=1.203 | shoulder_pan.pos=-8.88 shoulder_lift.pos=-40.75 elbow_flex.pos=+35.05 wrist_flex.pos=+71.58 wrist_roll.pos=-6.15 gripper.pos=+15.85
DEBUG 2026-09-03 08:20:39 [action #92] t=5.29s step=91 queue=11 dmax=0.570 | shoulder_pan.pos=-8.60 shoulder_lift.pos=-40.70 elbow_flex.pos=+34.75 wrist_flex.pos=+71.44 wrist_roll.pos=-6.16 gripper.pos=+16.42
DEBUG 2026-09-03 08:20:39 [action #93] t=5.32s step=92 queue=10 dmax=0.700 | shoulder_pan.pos=-8.69 shoulder_lift.pos=-40.78 elbow_flex.pos=+35.40 wrist_flex.pos=+71.44 wrist_roll.pos=-6.33 gripper.pos=+17.12
DEBUG 2026-09-03 08:20:39 [action #94] t=5.35s step=93 queue=9 dmax=0.611 | shoulder_pan.pos=-8.49 shoulder_lift.pos=-40.17 elbow_flex.pos=+35.36 wrist_flex.pos=+71.54 wrist_roll.pos=-6.10 gripper.pos=+17.60
DEBUG 2026-09-03 08:20:39 [action #95] t=5.39s step=94 queue=8 dmax=1.122 | shoulder_pan.pos=-8.25 shoulder_lift.pos=-39.86 elbow_flex.pos=+35.45 wrist_flex.pos=+71.38 wrist_roll.pos=-6.15 gripper.pos=+18.72
DEBUG 2026-09-03 08:20:39 [action #96] t=5.42s step=95 queue=7 dmax=0.935 | shoulder_pan.pos=-7.95 shoulder_lift.pos=-39.64 elbow_flex.pos=+35.88 wrist_flex.pos=+71.46 wrist_roll.pos=-6.14 gripper.pos=+19.66
DEBUG 2026-09-03 08:20:39 [action #97] t=5.45s step=96 queue=6 dmax=1.493 | shoulder_pan.pos=-7.75 shoulder_lift.pos=-38.90 elbow_flex.pos=+36.00 wrist_flex.pos=+71.39 wrist_roll.pos=-6.21 gripper.pos=+21.15
DEBUG 2026-09-03 08:20:39 [action #98] t=5.49s step=97 queue=5 dmax=1.029 | shoulder_pan.pos=-7.92 shoulder_lift.pos=-38.26 elbow_flex.pos=+35.53 wrist_flex.pos=+71.70 wrist_roll.pos=-6.17 gripper.pos=+22.18
DEBUG 2026-09-03 08:20:39 [action #99] t=5.52s step=98 queue=4 dmax=1.307 | shoulder_pan.pos=-7.82 shoulder_lift.pos=-37.51 elbow_flex.pos=+36.15 wrist_flex.pos=+71.63 wrist_roll.pos=-6.19 gripper.pos=+23.49
DEBUG 2026-09-03 08:20:39 [action #100] t=5.55s step=99 queue=3 dmax=0.758 | shoulder_pan.pos=-7.43 shoulder_lift.pos=-37.00 elbow_flex.pos=+36.22 wrist_flex.pos=+71.21 wrist_roll.pos=-6.23 gripper.pos=+24.25
DEBUG 2026-09-03 08:20:39 [action #101] t=5.59s step=100 queue=2 dmax=1.012 | shoulder_pan.pos=-7.70 shoulder_lift.pos=-36.25 elbow_flex.pos=+35.21 wrist_flex.pos=+71.19 wrist_roll.pos=-6.46 gripper.pos=+25.13
DEBUG 2026-09-03 08:20:39 [action #102] t=5.62s step=101 queue=1 dmax=0.893 | shoulder_pan.pos=-7.70 shoulder_lift.pos=-35.37 elbow_flex.pos=+34.52 wrist_flex.pos=+71.18 wrist_roll.pos=-6.65 gripper.pos=+26.02
DEBUG 2026-09-03 08:20:40 [chunk] received 50 actions, timesteps 81..130 | first: shoulder_pan.pos=-6.04 shoulder_lift.pos=-66.19 elbow_flex.pos=+55.78 wrist_flex.pos=+69.32 wrist_roll.pos=-3.61 gripper.pos=+0.92 | last: shoulder_pan.pos=-8.33 shoulder_lift.pos=-27.29 elbow_flex.pos=+30.14 wrist_flex.pos=+73.07 wrist_roll.pos=-5.44 gripper.pos=+24.43
DEBUG 2026-09-03 08:20:40 [action #103] t=5.92s step=102 queue=29 dmax=25.254 | shoulder_pan.pos=-8.34 shoulder_lift.pos=-44.40 elbow_flex.pos=+40.75 wrist_flex.pos=+68.08 wrist_roll.pos=-4.77 gripper.pos=+0.76
DEBUG 2026-09-03 08:20:40 [action #104] t=5.95s step=103 queue=28 dmax=1.649 | shoulder_pan.pos=-8.32 shoulder_lift.pos=-42.75 elbow_flex.pos=+39.59 wrist_flex.pos=+68.15 wrist_roll.pos=-4.90 gripper.pos=+0.79
DEBUG 2026-09-03 08:20:40 [action #105] t=5.99s step=104 queue=27 dmax=1.055 | shoulder_pan.pos=-8.37 shoulder_lift.pos=-41.75 elbow_flex.pos=+38.54 wrist_flex.pos=+68.08 wrist_roll.pos=-5.03 gripper.pos=+0.76
DEBUG 2026-09-03 08:20:40 [action #106] t=6.02s step=105 queue=26 dmax=1.279 | shoulder_pan.pos=-8.36 shoulder_lift.pos=-40.48 elbow_flex.pos=+38.13 wrist_flex.pos=+68.18 wrist_roll.pos=-5.08 gripper.pos=+0.71
DEBUG 2026-09-03 08:20:40 [action #107] t=6.05s step=106 queue=25 dmax=0.486 | shoulder_pan.pos=-8.42 shoulder_lift.pos=-40.61 elbow_flex.pos=+37.64 wrist_flex.pos=+68.42 wrist_roll.pos=-5.26 gripper.pos=+0.59
DEBUG 2026-09-03 08:20:40 [action #108] t=6.09s step=107 queue=24 dmax=2.277 | shoulder_pan.pos=-8.48 shoulder_lift.pos=-38.33 elbow_flex.pos=+36.24 wrist_flex.pos=+68.53 wrist_roll.pos=-5.42 gripper.pos=+0.60
DEBUG 2026-09-03 08:20:40 [action #109] t=6.12s step=108 queue=23 dmax=0.913 | shoulder_pan.pos=-8.32 shoulder_lift.pos=-38.10 elbow_flex.pos=+35.33 wrist_flex.pos=+68.75 wrist_roll.pos=-5.80 gripper.pos=+0.65
DEBUG 2026-09-03 08:20:40 [action #110] t=6.16s step=109 queue=22 dmax=0.949 | shoulder_pan.pos=-8.34 shoulder_lift.pos=-37.28 elbow_flex.pos=+34.38 wrist_flex.pos=+69.05 wrist_roll.pos=-5.86 gripper.pos=+0.75
DEBUG 2026-09-03 08:20:40 [action #111] t=6.19s step=110 queue=21 dmax=1.145 | shoulder_pan.pos=-8.38 shoulder_lift.pos=-36.14 elbow_flex.pos=+33.74 wrist_flex.pos=+69.32 wrist_roll.pos=-5.92 gripper.pos=+0.87
DEBUG 2026-09-03 08:20:40 [action #112] t=6.22s step=111 queue=20 dmax=0.345 | shoulder_pan.pos=-8.41 shoulder_lift.pos=-36.31 elbow_flex.pos=+33.53 wrist_flex.pos=+69.64 wrist_roll.pos=-5.91 gripper.pos=+1.22
DEBUG 2026-09-03 08:20:40 [action #113] t=6.26s step=112 queue=19 dmax=0.940 | shoulder_pan.pos=-8.45 shoulder_lift.pos=-35.59 elbow_flex.pos=+32.59 wrist_flex.pos=+69.74 wrist_roll.pos=-5.69 gripper.pos=+1.95
DEBUG 2026-09-03 08:20:40 [action #114] t=6.29s step=113 queue=18 dmax=1.344 | shoulder_pan.pos=-8.24 shoulder_lift.pos=-34.24 elbow_flex.pos=+32.30 wrist_flex.pos=+69.86 wrist_roll.pos=-5.61 gripper.pos=+3.16
DEBUG 2026-09-03 08:20:40 [action #115] t=6.32s step=114 queue=17 dmax=1.992 | shoulder_pan.pos=-8.56 shoulder_lift.pos=-35.64 elbow_flex.pos=+32.20 wrist_flex.pos=+69.95 wrist_roll.pos=-5.69 gripper.pos=+5.16
DEBUG 2026-09-03 08:20:40 [action #116] t=6.36s step=115 queue=16 dmax=1.859 | shoulder_pan.pos=-8.47 shoulder_lift.pos=-35.02 elbow_flex.pos=+31.86 wrist_flex.pos=+70.17 wrist_roll.pos=-5.63 gripper.pos=+7.02
DEBUG 2026-09-03 08:20:40 [action #117] t=6.39s step=116 queue=15 dmax=1.912 | shoulder_pan.pos=-8.19 shoulder_lift.pos=-34.09 elbow_flex.pos=+31.90 wrist_flex.pos=+70.62 wrist_roll.pos=-5.65 gripper.pos=+8.93
DEBUG 2026-09-03 08:20:40 [action #118] t=6.42s step=117 queue=14 dmax=1.510 | shoulder_pan.pos=-8.41 shoulder_lift.pos=-34.10 elbow_flex.pos=+31.67 wrist_flex.pos=+71.14 wrist_roll.pos=-5.74 gripper.pos=+10.44
DEBUG 2026-09-03 08:20:40 [action #119] t=6.46s step=118 queue=13 dmax=1.274 | shoulder_pan.pos=-8.54 shoulder_lift.pos=-34.17 elbow_flex.pos=+31.30 wrist_flex.pos=+71.52 wrist_roll.pos=-5.69 gripper.pos=+11.71
DEBUG 2026-09-03 08:20:40 [action #120] t=6.49s step=119 queue=12 dmax=1.084 | shoulder_pan.pos=-8.33 shoulder_lift.pos=-33.08 elbow_flex.pos=+30.69 wrist_flex.pos=+71.91 wrist_roll.pos=-5.67 gripper.pos=+12.64
DEBUG 2026-09-03 08:20:40 [action #121] t=6.52s step=120 queue=11 dmax=0.937 | shoulder_pan.pos=-8.50 shoulder_lift.pos=-32.72 elbow_flex.pos=+30.50 wrist_flex.pos=+72.09 wrist_roll.pos=-5.61 gripper.pos=+13.58
DEBUG 2026-09-03 08:20:40 [action #122] t=6.56s step=121 queue=10 dmax=0.825 | shoulder_pan.pos=-8.17 shoulder_lift.pos=-32.44 elbow_flex.pos=+30.53 wrist_flex.pos=+72.43 wrist_roll.pos=-5.64 gripper.pos=+14.40
DEBUG 2026-09-03 08:20:40 [action #123] t=6.59s step=122 queue=9 dmax=1.098 | shoulder_pan.pos=-8.55 shoulder_lift.pos=-31.34 elbow_flex.pos=+30.47 wrist_flex.pos=+72.57 wrist_roll.pos=-5.79 gripper.pos=+15.33
DEBUG 2026-09-03 08:20:40 [action #124] t=6.62s step=123 queue=8 dmax=0.832 | shoulder_pan.pos=-8.37 shoulder_lift.pos=-30.98 elbow_flex.pos=+30.49 wrist_flex.pos=+72.67 wrist_roll.pos=-5.67 gripper.pos=+16.16
DEBUG 2026-09-03 08:20:40 [chunk] received 50 actions, timesteps 101..150 | first: shoulder_pan.pos=-8.24 shoulder_lift.pos=-33.12 elbow_flex.pos=+34.12 wrist_flex.pos=+72.78 wrist_roll.pos=-6.29 gripper.pos=+29.39 | last: shoulder_pan.pos=-9.03 shoulder_lift.pos=+3.45 elbow_flex.pos=+24.64 wrist_flex.pos=+68.68 wrist_roll.pos=-7.01 gripper.pos=+30.39
DEBUG 2026-09-03 08:20:40 [action #125] t=6.66s step=124 queue=27 dmax=10.785 | shoulder_pan.pos=-8.33 shoulder_lift.pos=-20.19 elbow_flex.pos=+29.81 wrist_flex.pos=+73.45 wrist_roll.pos=-6.47 gripper.pos=+26.69
DEBUG 2026-09-03 08:20:40 [action #126] t=6.69s step=125 queue=26 dmax=0.897 | shoulder_pan.pos=-8.68 shoulder_lift.pos=-19.36 elbow_flex.pos=+28.91 wrist_flex.pos=+73.44 wrist_roll.pos=-6.61 gripper.pos=+27.02
DEBUG 2026-09-03 08:20:40 [action #127] t=6.72s step=126 queue=25 dmax=1.233 | shoulder_pan.pos=-8.41 shoulder_lift.pos=-18.13 elbow_flex.pos=+29.04 wrist_flex.pos=+73.05 wrist_roll.pos=-6.54 gripper.pos=+27.44
DEBUG 2026-09-03 08:20:40 [action #128] t=6.76s step=127 queue=24 dmax=0.395 | shoulder_pan.pos=-8.43 shoulder_lift.pos=-17.73 elbow_flex.pos=+28.94 wrist_flex.pos=+72.78 wrist_roll.pos=-6.60 gripper.pos=+27.82
DEBUG 2026-09-03 08:20:41 [action #129] t=6.79s step=128 queue=23 dmax=0.631 | shoulder_pan.pos=-8.37 shoulder_lift.pos=-17.10 elbow_flex.pos=+29.07 wrist_flex.pos=+72.52 wrist_roll.pos=-6.50 gripper.pos=+28.18
DEBUG 2026-09-03 08:20:41 [action #130] t=6.82s step=129 queue=22 dmax=0.847 | shoulder_pan.pos=-8.58 shoulder_lift.pos=-16.25 elbow_flex.pos=+28.77 wrist_flex.pos=+72.19 wrist_roll.pos=-6.49 gripper.pos=+28.63
DEBUG 2026-09-03 08:20:41 [action #131] t=6.86s step=130 queue=21 dmax=0.596 | shoulder_pan.pos=-8.59 shoulder_lift.pos=-15.66 elbow_flex.pos=+28.55 wrist_flex.pos=+72.08 wrist_roll.pos=-6.46 gripper.pos=+29.02
DEBUG 2026-09-03 08:20:41 [action #132] t=6.89s step=131 queue=20 dmax=5.499 | shoulder_pan.pos=-8.58 shoulder_lift.pos=-10.16 elbow_flex.pos=+28.09 wrist_flex.pos=+71.54 wrist_roll.pos=-6.94 gripper.pos=+31.11
DEBUG 2026-09-03 08:20:41 [action #133] t=6.92s step=132 queue=19 dmax=0.590 | shoulder_pan.pos=-8.87 shoulder_lift.pos=-9.57 elbow_flex.pos=+28.68 wrist_flex.pos=+71.19 wrist_roll.pos=-6.95 gripper.pos=+30.89
DEBUG 2026-09-03 08:20:41 [action #134] t=6.96s step=133 queue=18 dmax=0.643 | shoulder_pan.pos=-8.64 shoulder_lift.pos=-9.27 elbow_flex.pos=+28.04 wrist_flex.pos=+70.74 wrist_roll.pos=-6.79 gripper.pos=+30.93
DEBUG 2026-09-03 08:20:41 [action #135] t=6.99s step=134 queue=17 dmax=0.900 | shoulder_pan.pos=-8.92 shoulder_lift.pos=-8.37 elbow_flex.pos=+28.23 wrist_flex.pos=+70.15 wrist_roll.pos=-7.02 gripper.pos=+30.78
DEBUG 2026-09-03 08:20:41 [action #136] t=7.03s step=135 queue=16 dmax=1.396 | shoulder_pan.pos=-8.44 shoulder_lift.pos=-6.97 elbow_flex.pos=+27.99 wrist_flex.pos=+70.14 wrist_roll.pos=-7.05 gripper.pos=+30.99
DEBUG 2026-09-03 08:20:41 [action #137] t=7.06s step=136 queue=15 dmax=0.538 | shoulder_pan.pos=-8.97 shoulder_lift.pos=-6.52 elbow_flex.pos=+28.34 wrist_flex.pos=+69.60 wrist_roll.pos=-6.94 gripper.pos=+30.92
DEBUG 2026-09-03 08:20:41 [action #138] t=7.09s step=137 queue=14 dmax=0.657 | shoulder_pan.pos=-8.88 shoulder_lift.pos=-5.93 elbow_flex.pos=+27.68 wrist_flex.pos=+69.93 wrist_roll.pos=-6.81 gripper.pos=+30.86
DEBUG 2026-09-03 08:20:41 [action #139] t=7.13s step=138 queue=13 dmax=0.276 | shoulder_pan.pos=-9.07 shoulder_lift.pos=-5.80 elbow_flex.pos=+27.41 wrist_flex.pos=+69.84 wrist_roll.pos=-7.03 gripper.pos=+30.90
DEBUG 2026-09-03 08:20:41 [action #140] t=7.16s step=139 queue=12 dmax=1.295 | shoulder_pan.pos=-9.01 shoulder_lift.pos=-4.50 elbow_flex.pos=+26.63 wrist_flex.pos=+70.01 wrist_roll.pos=-6.98 gripper.pos=+30.79
DEBUG 2026-09-03 08:20:41 [action #141] t=7.19s step=140 queue=11 dmax=0.539 | shoulder_pan.pos=-8.95 shoulder_lift.pos=-3.96 elbow_flex.pos=+26.75 wrist_flex.pos=+70.14 wrist_roll.pos=-6.97 gripper.pos=+30.87
DEBUG 2026-09-03 08:20:41 [action #142] t=7.23s step=141 queue=10 dmax=1.451 | shoulder_pan.pos=-8.91 shoulder_lift.pos=-2.51 elbow_flex.pos=+26.18 wrist_flex.pos=+69.95 wrist_roll.pos=-7.10 gripper.pos=+30.89
DEBUG 2026-09-03 08:20:41 [action #143] t=7.26s step=142 queue=9 dmax=0.905 | shoulder_pan.pos=-8.89 shoulder_lift.pos=-1.61 elbow_flex.pos=+25.47 wrist_flex.pos=+69.50 wrist_roll.pos=-6.98 gripper.pos=+30.76
DEBUG 2026-09-03 08:20:41 [action #144] t=7.29s step=143 queue=8 dmax=0.474 | shoulder_pan.pos=-8.67 shoulder_lift.pos=-1.13 elbow_flex.pos=+25.58 wrist_flex.pos=+69.49 wrist_roll.pos=-6.96 gripper.pos=+30.77
DEBUG 2026-09-03 08:20:41 [action #145] t=7.33s step=144 queue=7 dmax=1.075 | shoulder_pan.pos=-8.76 shoulder_lift.pos=-0.06 elbow_flex.pos=+25.57 wrist_flex.pos=+69.51 wrist_roll.pos=-6.91 gripper.pos=+30.63
DEBUG 2026-09-03 08:20:41 [action #146] t=7.36s step=145 queue=6 dmax=0.387 | shoulder_pan.pos=-9.00 shoulder_lift.pos=+0.16 elbow_flex.pos=+25.20 wrist_flex.pos=+69.12 wrist_roll.pos=-6.99 gripper.pos=+30.69
DEBUG 2026-09-03 08:20:41 [action #147] t=7.39s step=146 queue=5 dmax=0.337 | shoulder_pan.pos=-8.67 shoulder_lift.pos=+0.50 elbow_flex.pos=+24.95 wrist_flex.pos=+69.03 wrist_roll.pos=-7.00 gripper.pos=+30.76
DEBUG 2026-09-03 08:20:41 [action #148] t=7.43s step=147 queue=4 dmax=1.057 | shoulder_pan.pos=-8.94 shoulder_lift.pos=+1.56 elbow_flex.pos=+25.19 wrist_flex.pos=+68.99 wrist_roll.pos=-7.01 gripper.pos=+30.77
DEBUG 2026-09-03 08:20:41 [action #149] t=7.46s step=148 queue=3 dmax=0.546 | shoulder_pan.pos=-8.80 shoulder_lift.pos=+2.11 elbow_flex.pos=+25.03 wrist_flex.pos=+68.79 wrist_roll.pos=-6.99 gripper.pos=+30.61
DEBUG 2026-09-03 08:20:41 [action #150] t=7.49s step=149 queue=2 dmax=1.046 | shoulder_pan.pos=-9.11 shoulder_lift.pos=+3.15 elbow_flex.pos=+24.84 wrist_flex.pos=+68.67 wrist_roll.pos=-6.95 gripper.pos=+30.58
DEBUG 2026-09-03 08:20:41 [action #151] t=7.53s step=150 queue=1 dmax=0.299 | shoulder_pan.pos=-9.03 shoulder_lift.pos=+3.45 elbow_flex.pos=+24.64 wrist_flex.pos=+68.68 wrist_roll.pos=-7.01 gripper.pos=+30.39
DEBUG 2026-09-03 08:20:41 [chunk] received 50 actions, timesteps 123..172 | first: shoulder_pan.pos=-7.52 shoulder_lift.pos=-30.59 elbow_flex.pos=+31.20 wrist_flex.pos=+72.56 wrist_roll.pos=-5.48 gripper.pos=+14.06 | last: shoulder_pan.pos=-8.26 shoulder_lift.pos=+1.30 elbow_flex.pos=+18.91 wrist_flex.pos=+72.51 wrist_roll.pos=-5.70 gripper.pos=+30.47
DEBUG 2026-09-03 08:20:41 [action #152] t=7.56s step=151 queue=22 dmax=19.355 | shoulder_pan.pos=-8.45 shoulder_lift.pos=-15.90 elbow_flex.pos=+25.14 wrist_flex.pos=+76.40 wrist_roll.pos=-5.87 gripper.pos=+28.77
DEBUG 2026-09-03 08:20:41 [action #153] t=7.59s step=152 queue=21 dmax=0.461 | shoulder_pan.pos=-8.30 shoulder_lift.pos=-15.79 elbow_flex.pos=+25.10 wrist_flex.pos=+75.94 wrist_roll.pos=-5.88 gripper.pos=+28.74
DEBUG 2026-09-03 08:20:41 [action #154] t=7.63s step=153 queue=20 dmax=1.292 | shoulder_pan.pos=-8.31 shoulder_lift.pos=-14.50 elbow_flex.pos=+25.31 wrist_flex.pos=+75.76 wrist_roll.pos=-5.75 gripper.pos=+28.62
DEBUG 2026-09-03 08:20:41 [action #155] t=7.66s step=154 queue=19 dmax=0.219 | shoulder_pan.pos=-8.14 shoulder_lift.pos=-14.48 elbow_flex.pos=+25.18 wrist_flex.pos=+75.60 wrist_roll.pos=-5.97 gripper.pos=+28.54
DEBUG 2026-09-03 08:20:41 [action #156] t=7.69s step=155 queue=18 dmax=1.189 | shoulder_pan.pos=-8.39 shoulder_lift.pos=-13.29 elbow_flex.pos=+24.73 wrist_flex.pos=+75.11 wrist_roll.pos=-5.99 gripper.pos=+28.58
DEBUG 2026-09-03 08:20:41 [action #157] t=7.73s step=156 queue=17 dmax=0.823 | shoulder_pan.pos=-8.31 shoulder_lift.pos=-12.91 elbow_flex.pos=+23.91 wrist_flex.pos=+74.88 wrist_roll.pos=-5.81 gripper.pos=+28.66
DEBUG 2026-09-03 08:20:41 [action #158] t=7.76s step=157 queue=16 dmax=0.466 | shoulder_pan.pos=-8.44 shoulder_lift.pos=-12.55 elbow_flex.pos=+24.38 wrist_flex.pos=+74.69 wrist_roll.pos=-5.75 gripper.pos=+28.60
DEBUG 2026-09-03 08:20:42 [action #159] t=7.79s step=158 queue=15 dmax=1.404 | shoulder_pan.pos=-8.39 shoulder_lift.pos=-11.14 elbow_flex.pos=+23.92 wrist_flex.pos=+74.67 wrist_roll.pos=-5.80 gripper.pos=+28.69
DEBUG 2026-09-03 08:20:42 [action #160] t=7.83s step=159 queue=14 dmax=0.315 | shoulder_pan.pos=-8.42 shoulder_lift.pos=-10.95 elbow_flex.pos=+24.23 wrist_flex.pos=+74.67 wrist_roll.pos=-5.87 gripper.pos=+28.68
DEBUG 2026-09-03 08:20:42 [action #161] t=7.86s step=160 queue=13 dmax=0.857 | shoulder_pan.pos=-8.31 shoulder_lift.pos=-10.30 elbow_flex.pos=+23.37 wrist_flex.pos=+74.42 wrist_roll.pos=-5.72 gripper.pos=+28.71
DEBUG 2026-09-03 08:20:42 [action #162] t=7.90s step=161 queue=12 dmax=1.033 | shoulder_pan.pos=-8.63 shoulder_lift.pos=-9.27 elbow_flex.pos=+22.53 wrist_flex.pos=+74.21 wrist_roll.pos=-5.85 gripper.pos=+28.75
DEBUG 2026-09-03 08:20:42 [action #163] t=7.93s step=162 queue=11 dmax=1.052 | shoulder_pan.pos=-8.48 shoulder_lift.pos=-8.22 elbow_flex.pos=+22.40 wrist_flex.pos=+74.38 wrist_roll.pos=-5.72 gripper.pos=+28.77
DEBUG 2026-09-03 08:20:42 [action #164] t=7.96s step=163 queue=10 dmax=0.979 | shoulder_pan.pos=-8.49 shoulder_lift.pos=-7.26 elbow_flex.pos=+21.42 wrist_flex.pos=+74.48 wrist_roll.pos=-5.70 gripper.pos=+28.89
DEBUG 2026-09-03 08:20:42 [action #165] t=8.00s step=164 queue=9 dmax=0.835 | shoulder_pan.pos=-8.57 shoulder_lift.pos=-6.42 elbow_flex.pos=+20.96 wrist_flex.pos=+74.36 wrist_roll.pos=-5.77 gripper.pos=+28.92
DEBUG 2026-09-03 08:20:42 [action #166] t=8.03s step=165 queue=8 dmax=0.860 | shoulder_pan.pos=-8.72 shoulder_lift.pos=-5.56 elbow_flex.pos=+20.82 wrist_flex.pos=+74.26 wrist_roll.pos=-5.67 gripper.pos=+29.09
DEBUG 2026-09-03 08:20:42 [action #167] t=8.06s step=166 queue=7 dmax=0.922 | shoulder_pan.pos=-8.72 shoulder_lift.pos=-4.64 elbow_flex.pos=+20.60 wrist_flex.pos=+74.22 wrist_roll.pos=-5.68 gripper.pos=+29.20
DEBUG 2026-09-03 08:20:42 [action #168] t=8.10s step=167 queue=6 dmax=1.207 | shoulder_pan.pos=-8.80 shoulder_lift.pos=-3.44 elbow_flex.pos=+20.18 wrist_flex.pos=+73.98 wrist_roll.pos=-5.73 gripper.pos=+29.60
DEBUG 2026-09-03 08:20:42 [action #169] t=8.13s step=168 queue=5 dmax=0.708 | shoulder_pan.pos=-8.59 shoulder_lift.pos=-2.73 elbow_flex.pos=+19.74 wrist_flex.pos=+73.67 wrist_roll.pos=-5.66 gripper.pos=+29.68
DEBUG 2026-09-03 08:20:42 [action #170] t=8.16s step=169 queue=4 dmax=0.903 | shoulder_pan.pos=-8.44 shoulder_lift.pos=-1.82 elbow_flex.pos=+19.23 wrist_flex.pos=+73.41 wrist_roll.pos=-5.64 gripper.pos=+29.89
DEBUG 2026-09-03 08:20:42 [action #171] t=8.20s step=170 queue=3 dmax=1.214 | shoulder_pan.pos=-8.67 shoulder_lift.pos=-0.61 elbow_flex.pos=+19.06 wrist_flex.pos=+73.23 wrist_roll.pos=-5.68 gripper.pos=+30.09
DEBUG 2026-09-03 08:20:42 [action #172] t=8.23s step=171 queue=2 dmax=1.004 | shoulder_pan.pos=-8.35 shoulder_lift.pos=+0.39 elbow_flex.pos=+18.75 wrist_flex.pos=+72.79 wrist_roll.pos=-5.67 gripper.pos=+30.27
DEBUG 2026-09-03 08:20:42 [action #173] t=8.26s step=172 queue=1 dmax=0.907 | shoulder_pan.pos=-8.26 shoulder_lift.pos=+1.30 elbow_flex.pos=+18.91 wrist_flex.pos=+72.51 wrist_roll.pos=-5.70 gripper.pos=+30.47
DEBUG 2026-09-03 08:20:42 [chunk] received 50 actions, timesteps 150..199 | first: shoulder_pan.pos=-8.82 shoulder_lift.pos=+1.78 elbow_flex.pos=+22.97 wrist_flex.pos=+70.54 wrist_roll.pos=-6.66 gripper.pos=+30.72 | last: shoulder_pan.pos=-6.12 shoulder_lift.pos=+2.14 elbow_flex.pos=+2.01 wrist_flex.pos=+85.04 wrist_roll.pos=-9.40 gripper.pos=+5.00
DEBUG 2026-09-03 08:20:42 [action #174] t=8.46s step=173 queue=27 dmax=22.235 | shoulder_pan.pos=-8.40 shoulder_lift.pos=+8.93 elbow_flex.pos=+21.25 wrist_flex.pos=+70.03 wrist_roll.pos=-7.38 gripper.pos=+8.24
DEBUG 2026-09-03 08:20:42 [action #175] t=8.50s step=174 queue=26 dmax=0.643 | shoulder_pan.pos=-8.55 shoulder_lift.pos=+8.58 elbow_flex.pos=+21.55 wrist_flex.pos=+70.07 wrist_roll.pos=-7.34 gripper.pos=+7.59
DEBUG 2026-09-03 08:20:42 [action #176] t=8.53s step=175 queue=25 dmax=0.370 | shoulder_pan.pos=-8.29 shoulder_lift.pos=+8.84 elbow_flex.pos=+21.65 wrist_flex.pos=+70.32 wrist_roll.pos=-7.46 gripper.pos=+7.22
DEBUG 2026-09-03 08:20:42 [action #177] t=8.56s step=176 queue=24 dmax=0.853 | shoulder_pan.pos=-8.29 shoulder_lift.pos=+8.39 elbow_flex.pos=+20.79 wrist_flex.pos=+70.24 wrist_roll.pos=-7.49 gripper.pos=+6.88
DEBUG 2026-09-03 08:20:42 [action #178] t=8.60s step=177 queue=23 dmax=0.344 | shoulder_pan.pos=-8.26 shoulder_lift.pos=+8.73 elbow_flex.pos=+20.49 wrist_flex.pos=+70.28 wrist_roll.pos=-7.58 gripper.pos=+6.66
DEBUG 2026-09-03 08:20:42 [action #179] t=8.63s step=178 queue=22 dmax=0.836 | shoulder_pan.pos=-8.46 shoulder_lift.pos=+8.15 elbow_flex.pos=+19.65 wrist_flex.pos=+70.50 wrist_roll.pos=-7.53 gripper.pos=+6.54
DEBUG 2026-09-03 08:20:42 [action #180] t=8.66s step=179 queue=21 dmax=0.273 | shoulder_pan.pos=-8.71 shoulder_lift.pos=+8.17 elbow_flex.pos=+19.47 wrist_flex.pos=+70.78 wrist_roll.pos=-7.79 gripper.pos=+6.66
DEBUG 2026-09-03 08:20:42 [action #181] t=8.70s step=180 queue=20 dmax=1.086 | shoulder_pan.pos=-8.69 shoulder_lift.pos=+8.76 elbow_flex.pos=+18.38 wrist_flex.pos=+71.44 wrist_roll.pos=-7.82 gripper.pos=+7.10
DEBUG 2026-09-03 08:20:42 [action #182] t=8.73s step=181 queue=19 dmax=0.772 | shoulder_pan.pos=-8.75 shoulder_lift.pos=+8.69 elbow_flex.pos=+17.61 wrist_flex.pos=+72.10 wrist_roll.pos=-7.90 gripper.pos=+7.26
DEBUG 2026-09-03 08:20:42 [action #183] t=8.77s step=182 queue=18 dmax=0.624 | shoulder_pan.pos=-8.64 shoulder_lift.pos=+8.07 elbow_flex.pos=+17.85 wrist_flex.pos=+72.37 wrist_roll.pos=-8.06 gripper.pos=+7.23
DEBUG 2026-09-03 08:20:43 [action #184] t=8.80s step=183 queue=17 dmax=1.540 | shoulder_pan.pos=-8.89 shoulder_lift.pos=+8.81 elbow_flex.pos=+16.31 wrist_flex.pos=+72.92 wrist_roll.pos=-8.24 gripper.pos=+6.81
DEBUG 2026-09-03 08:20:43 [action #185] t=8.83s step=184 queue=16 dmax=1.452 | shoulder_pan.pos=-8.89 shoulder_lift.pos=+7.91 elbow_flex.pos=+14.86 wrist_flex.pos=+73.19 wrist_roll.pos=-8.49 gripper.pos=+6.28
DEBUG 2026-09-03 08:20:43 [action #186] t=8.87s step=185 queue=15 dmax=1.191 | shoulder_pan.pos=-8.81 shoulder_lift.pos=+9.10 elbow_flex.pos=+15.20 wrist_flex.pos=+73.64 wrist_roll.pos=-8.43 gripper.pos=+6.08
DEBUG 2026-09-03 08:20:43 [action #187] t=8.90s step=186 queue=14 dmax=1.429 | shoulder_pan.pos=-8.83 shoulder_lift.pos=+7.89 elbow_flex.pos=+13.77 wrist_flex.pos=+74.20 wrist_roll.pos=-8.41 gripper.pos=+5.70
DEBUG 2026-09-03 08:20:43 [action #188] t=8.93s step=187 queue=13 dmax=0.444 | shoulder_pan.pos=-8.52 shoulder_lift.pos=+7.88 elbow_flex.pos=+13.79 wrist_flex.pos=+74.64 wrist_roll.pos=-8.61 gripper.pos=+5.75
DEBUG 2026-09-03 08:20:43 [action #189] t=8.97s step=188 queue=12 dmax=0.718 | shoulder_pan.pos=-8.60 shoulder_lift.pos=+7.53 elbow_flex.pos=+13.07 wrist_flex.pos=+75.35 wrist_roll.pos=-8.90 gripper.pos=+5.91
DEBUG 2026-09-03 08:20:43 [action #190] t=9.00s step=189 queue=11 dmax=0.706 | shoulder_pan.pos=-8.80 shoulder_lift.pos=+7.60 elbow_flex.pos=+12.72 wrist_flex.pos=+76.06 wrist_roll.pos=-8.72 gripper.pos=+6.01
DEBUG 2026-09-03 08:20:43 [action #191] t=9.03s step=190 queue=10 dmax=1.031 | shoulder_pan.pos=-8.68 shoulder_lift.pos=+7.34 elbow_flex.pos=+11.69 wrist_flex.pos=+76.79 wrist_roll.pos=-8.92 gripper.pos=+5.92
DEBUG 2026-09-03 08:20:43 [action #192] t=9.07s step=191 queue=9 dmax=0.856 | shoulder_pan.pos=-8.35 shoulder_lift.pos=+6.53 elbow_flex.pos=+10.85 wrist_flex.pos=+77.65 wrist_roll.pos=-8.93 gripper.pos=+5.90
DEBUG 2026-09-03 08:20:43 [action #193] t=9.10s step=192 queue=8 dmax=1.157 | shoulder_pan.pos=-8.31 shoulder_lift.pos=+5.68 elbow_flex.pos=+9.69 wrist_flex.pos=+78.46 wrist_roll.pos=-8.94 gripper.pos=+5.68
DEBUG 2026-09-03 08:20:43 [action #194] t=9.13s step=193 queue=7 dmax=1.060 | shoulder_pan.pos=-8.34 shoulder_lift.pos=+5.95 elbow_flex.pos=+8.98 wrist_flex.pos=+79.52 wrist_roll.pos=-9.10 gripper.pos=+5.58
DEBUG 2026-09-03 08:20:43 [action #195] t=9.17s step=194 queue=6 dmax=1.370 | shoulder_pan.pos=-7.98 shoulder_lift.pos=+4.82 elbow_flex.pos=+7.61 wrist_flex.pos=+80.31 wrist_roll.pos=-9.13 gripper.pos=+5.63
DEBUG 2026-09-03 08:20:43 [action #196] t=9.20s step=195 queue=5 dmax=0.940 | shoulder_pan.pos=-7.66 shoulder_lift.pos=+3.98 elbow_flex.pos=+6.84 wrist_flex.pos=+81.25 wrist_roll.pos=-9.19 gripper.pos=+5.45
DEBUG 2026-09-03 08:20:43 [action #197] t=9.23s step=196 queue=4 dmax=1.167 | shoulder_pan.pos=-7.30 shoulder_lift.pos=+4.10 elbow_flex.pos=+5.67 wrist_flex.pos=+82.22 wrist_roll.pos=-9.35 gripper.pos=+5.18
DEBUG 2026-09-03 08:20:43 [chunk] received 50 actions, timesteps 172..221 | first: shoulder_pan.pos=-8.72 shoulder_lift.pos=+3.37 elbow_flex.pos=+19.95 wrist_flex.pos=+73.99 wrist_roll.pos=-6.35 gripper.pos=+31.71 | last: shoulder_pan.pos=-7.19 shoulder_lift.pos=+3.61 elbow_flex.pos=+5.25 wrist_flex.pos=+84.79 wrist_roll.pos=-8.04 gripper.pos=+4.29
DEBUG 2026-09-03 08:20:43 [action #198] t=9.27s step=197 queue=25 dmax=6.957 | shoulder_pan.pos=-8.52 shoulder_lift.pos=+10.99 elbow_flex.pos=+12.63 wrist_flex.pos=+77.03 wrist_roll.pos=-7.32 gripper.pos=+7.59
DEBUG 2026-09-03 08:20:43 [action #199] t=9.30s step=198 queue=24 dmax=0.679 | shoulder_pan.pos=-8.25 shoulder_lift.pos=+10.31 elbow_flex.pos=+12.83 wrist_flex.pos=+77.43 wrist_roll.pos=-7.37 gripper.pos=+7.16
DEBUG 2026-09-03 08:20:43 [action #200] t=9.33s step=199 queue=23 dmax=0.466 | shoulder_pan.pos=-8.04 shoulder_lift.pos=+10.22 elbow_flex.pos=+12.36 wrist_flex.pos=+77.59 wrist_roll.pos=-7.47 gripper.pos=+6.75
DEBUG 2026-09-03 08:20:43 [action #201] t=9.37s step=200 queue=22 dmax=3.865 | shoulder_pan.pos=-9.01 shoulder_lift.pos=+13.06 elbow_flex.pos=+16.23 wrist_flex.pos=+74.54 wrist_roll.pos=-6.56 gripper.pos=+7.50
DEBUG 2026-09-03 08:20:43 [action #202] t=9.40s step=201 queue=21 dmax=0.455 | shoulder_pan.pos=-8.89 shoulder_lift.pos=+12.91 elbow_flex.pos=+16.08 wrist_flex.pos=+74.69 wrist_roll.pos=-6.71 gripper.pos=+7.04
DEBUG 2026-09-03 08:20:43 [action #203] t=9.43s step=202 queue=20 dmax=0.694 | shoulder_pan.pos=-8.87 shoulder_lift.pos=+12.21 elbow_flex.pos=+16.15 wrist_flex.pos=+74.70 wrist_roll.pos=-6.60 gripper.pos=+6.92
DEBUG 2026-09-03 08:20:43 [action #204] t=9.47s step=203 queue=19 dmax=0.277 | shoulder_pan.pos=-8.69 shoulder_lift.pos=+11.94 elbow_flex.pos=+16.40 wrist_flex.pos=+74.78 wrist_roll.pos=-6.82 gripper.pos=+6.77
DEBUG 2026-09-03 08:20:43 [action #205] t=9.50s step=204 queue=18 dmax=0.374 | shoulder_pan.pos=-8.58 shoulder_lift.pos=+12.01 elbow_flex.pos=+16.02 wrist_flex.pos=+74.75 wrist_roll.pos=-6.82 gripper.pos=+6.84
DEBUG 2026-09-03 08:20:43 [action #206] t=9.54s step=205 queue=17 dmax=0.554 | shoulder_pan.pos=-8.73 shoulder_lift.pos=+11.68 elbow_flex.pos=+15.47 wrist_flex.pos=+75.08 wrist_roll.pos=-6.94 gripper.pos=+6.69
DEBUG 2026-09-03 08:20:43 [action #207] t=9.57s step=206 queue=16 dmax=0.656 | shoulder_pan.pos=-8.56 shoulder_lift.pos=+11.02 elbow_flex.pos=+14.98 wrist_flex.pos=+75.13 wrist_roll.pos=-7.04 gripper.pos=+6.54
DEBUG 2026-09-03 08:20:43 [action #208] t=9.60s step=207 queue=15 dmax=1.424 | shoulder_pan.pos=-8.44 shoulder_lift.pos=+9.60 elbow_flex.pos=+15.74 wrist_flex.pos=+75.46 wrist_roll.pos=-6.93 gripper.pos=+6.47
DEBUG 2026-09-03 08:20:43 [action #209] t=9.64s step=208 queue=14 dmax=0.632 | shoulder_pan.pos=-8.43 shoulder_lift.pos=+9.82 elbow_flex.pos=+15.11 wrist_flex.pos=+75.86 wrist_roll.pos=-7.13 gripper.pos=+6.43
DEBUG 2026-09-03 08:20:43 [action #210] t=9.67s step=209 queue=13 dmax=0.641 | shoulder_pan.pos=-8.50 shoulder_lift.pos=+9.54 elbow_flex.pos=+14.59 wrist_flex.pos=+76.50 wrist_roll.pos=-7.43 gripper.pos=+6.26
DEBUG 2026-09-03 08:20:43 [action #211] t=9.70s step=210 queue=12 dmax=1.181 | shoulder_pan.pos=-8.51 shoulder_lift.pos=+8.71 elbow_flex.pos=+13.40 wrist_flex.pos=+77.21 wrist_roll.pos=-7.60 gripper.pos=+6.26
DEBUG 2026-09-03 08:20:43 [action #212] t=9.74s step=211 queue=11 dmax=0.800 | shoulder_pan.pos=-8.30 shoulder_lift.pos=+7.91 elbow_flex.pos=+12.79 wrist_flex.pos=+77.93 wrist_roll.pos=-7.68 gripper.pos=+6.25
DEBUG 2026-09-03 08:20:43 [action #213] t=9.77s step=212 queue=10 dmax=0.963 | shoulder_pan.pos=-8.44 shoulder_lift.pos=+7.70 elbow_flex.pos=+11.82 wrist_flex.pos=+78.59 wrist_roll.pos=-7.78 gripper.pos=+6.01
DEBUG 2026-09-03 08:20:44 [action #214] t=9.80s step=213 queue=9 dmax=0.852 | shoulder_pan.pos=-8.17 shoulder_lift.pos=+7.45 elbow_flex.pos=+11.50 wrist_flex.pos=+79.45 wrist_roll.pos=-7.84 gripper.pos=+5.72
DEBUG 2026-09-03 08:20:44 [action #215] t=9.84s step=214 queue=8 dmax=0.946 | shoulder_pan.pos=-8.11 shoulder_lift.pos=+7.18 elbow_flex.pos=+10.55 wrist_flex.pos=+80.18 wrist_roll.pos=-7.86 gripper.pos=+5.29
DEBUG 2026-09-03 08:20:44 [action #216] t=9.87s step=215 queue=7 dmax=0.851 | shoulder_pan.pos=-7.91 shoulder_lift.pos=+7.59 elbow_flex.pos=+9.70 wrist_flex.pos=+80.76 wrist_roll.pos=-7.87 gripper.pos=+4.92
DEBUG 2026-09-03 08:20:44 [action #217] t=9.90s step=216 queue=6 dmax=1.244 | shoulder_pan.pos=-7.95 shoulder_lift.pos=+6.64 elbow_flex.pos=+8.46 wrist_flex.pos=+81.44 wrist_roll.pos=-7.83 gripper.pos=+4.74
DEBUG 2026-09-03 08:20:44 [action #218] t=9.94s step=217 queue=5 dmax=0.739 | shoulder_pan.pos=-7.78 shoulder_lift.pos=+6.37 elbow_flex.pos=+8.30 wrist_flex.pos=+82.18 wrist_roll.pos=-7.94 gripper.pos=+4.58
DEBUG 2026-09-03 08:20:44 [action #219] t=9.97s step=218 queue=4 dmax=0.784 | shoulder_pan.pos=-7.66 shoulder_lift.pos=+5.59 elbow_flex.pos=+7.75 wrist_flex.pos=+82.71 wrist_roll.pos=-7.94 gripper.pos=+4.54
DEBUG 2026-09-03 08:20:44 [action #220] t=10.00s step=219 queue=3 dmax=0.744 | shoulder_pan.pos=-7.42 shoulder_lift.pos=+5.34 elbow_flex.pos=+7.01 wrist_flex.pos=+83.40 wrist_roll.pos=-8.02 gripper.pos=+4.37
DEBUG 2026-09-03 08:20:44 [action #221] t=10.04s step=220 queue=2 dmax=1.121 | shoulder_pan.pos=-7.31 shoulder_lift.pos=+4.56 elbow_flex.pos=+5.89 wrist_flex.pos=+83.99 wrist_roll.pos=-8.05 gripper.pos=+4.28
DEBUG 2026-09-03 08:20:44 [action #222] t=10.07s step=221 queue=1 dmax=0.949 | shoulder_pan.pos=-7.19 shoulder_lift.pos=+3.61 elbow_flex.pos=+5.25 wrist_flex.pos=+84.79 wrist_roll.pos=-8.04 gripper.pos=+4.29
DEBUG 2026-09-03 08:20:44 [chunk] received 50 actions, timesteps 196..245 | first: shoulder_pan.pos=-8.35 shoulder_lift.pos=+4.58 elbow_flex.pos=+4.58 wrist_flex.pos=+82.07 wrist_roll.pos=-8.56 gripper.pos=+4.75 | last: shoulder_pan.pos=+26.82 shoulder_lift.pos=+1.67 elbow_flex.pos=-19.72 wrist_flex.pos=+78.81 wrist_roll.pos=-6.92 gripper.pos=+3.73
DEBUG 2026-09-03 08:20:44 [action #223] t=10.10s step=222 queue=24 dmax=16.237 | shoulder_pan.pos=+7.94 shoulder_lift.pos=-4.67 elbow_flex.pos=-10.99 wrist_flex.pos=+88.92 wrist_roll.pos=-7.81 gripper.pos=+4.17
DEBUG 2026-09-03 08:20:44 [action #224] t=10.14s step=223 queue=23 dmax=0.941 | shoulder_pan.pos=+8.88 shoulder_lift.pos=-4.97 elbow_flex.pos=-11.40 wrist_flex.pos=+88.88 wrist_roll.pos=-7.70 gripper.pos=+4.08
DEBUG 2026-09-03 08:20:44 [action #225] t=10.17s step=224 queue=22 dmax=1.573 | shoulder_pan.pos=+10.12 shoulder_lift.pos=-5.29 elbow_flex.pos=-12.98 wrist_flex.pos=+88.87 wrist_roll.pos=-7.50 gripper.pos=+4.29
DEBUG 2026-09-03 08:20:44 [action #226] t=10.20s step=225 queue=21 dmax=0.887 | shoulder_pan.pos=+11.01 shoulder_lift.pos=-5.42 elbow_flex.pos=-12.32 wrist_flex.pos=+88.73 wrist_roll.pos=-7.34 gripper.pos=+4.06
DEBUG 2026-09-03 08:20:44 [action #227] t=10.24s step=226 queue=20 dmax=1.328 | shoulder_pan.pos=+12.33 shoulder_lift.pos=-5.62 elbow_flex.pos=-12.95 wrist_flex.pos=+88.60 wrist_roll.pos=-7.09 gripper.pos=+4.05
DEBUG 2026-09-03 08:20:44 [action #228] t=10.27s step=227 queue=19 dmax=1.049 | shoulder_pan.pos=+13.38 shoulder_lift.pos=-4.97 elbow_flex.pos=-13.52 wrist_flex.pos=+88.69 wrist_roll.pos=-6.88 gripper.pos=+4.17
DEBUG 2026-09-03 08:20:44 [action #229] t=10.30s step=228 queue=18 dmax=0.852 | shoulder_pan.pos=+14.24 shoulder_lift.pos=-4.13 elbow_flex.pos=-14.20 wrist_flex.pos=+88.57 wrist_roll.pos=-6.79 gripper.pos=+4.02
DEBUG 2026-09-03 08:20:44 [action #230] t=10.34s step=229 queue=17 dmax=1.199 | shoulder_pan.pos=+15.43 shoulder_lift.pos=-4.40 elbow_flex.pos=-15.21 wrist_flex.pos=+88.03 wrist_roll.pos=-6.83 gripper.pos=+4.01
DEBUG 2026-09-03 08:20:44 [action #231] t=10.37s step=230 queue=16 dmax=0.705 | shoulder_pan.pos=+16.14 shoulder_lift.pos=-4.39 elbow_flex.pos=-14.97 wrist_flex.pos=+88.00 wrist_roll.pos=-6.76 gripper.pos=+4.23
DEBUG 2026-09-03 08:20:44 [action #232] t=10.41s step=231 queue=15 dmax=1.055 | shoulder_pan.pos=+17.19 shoulder_lift.pos=-3.96 elbow_flex.pos=-14.87 wrist_flex.pos=+87.21 wrist_roll.pos=-6.89 gripper.pos=+4.15
DEBUG 2026-09-03 08:20:44 [action #233] t=10.44s step=232 queue=14 dmax=1.045 | shoulder_pan.pos=+18.24 shoulder_lift.pos=-4.20 elbow_flex.pos=-15.62 wrist_flex.pos=+86.67 wrist_roll.pos=-6.82 gripper.pos=+4.00
DEBUG 2026-09-03 08:20:44 [action #234] t=10.47s step=233 queue=13 dmax=0.626 | shoulder_pan.pos=+18.83 shoulder_lift.pos=-3.57 elbow_flex.pos=-15.30 wrist_flex.pos=+86.09 wrist_roll.pos=-6.90 gripper.pos=+4.01
DEBUG 2026-09-03 08:20:44 [action #235] t=10.51s step=234 queue=12 dmax=0.945 | shoulder_pan.pos=+19.65 shoulder_lift.pos=-3.00 elbow_flex.pos=-15.70 wrist_flex.pos=+85.14 wrist_roll.pos=-6.75 gripper.pos=+4.12
DEBUG 2026-09-03 08:20:44 [action #236] t=10.54s step=235 queue=11 dmax=0.910 | shoulder_pan.pos=+20.56 shoulder_lift.pos=-3.21 elbow_flex.pos=-15.65 wrist_flex.pos=+84.28 wrist_roll.pos=-6.77 gripper.pos=+3.81
DEBUG 2026-09-03 08:20:44 [action #237] t=10.57s step=236 queue=10 dmax=0.677 | shoulder_pan.pos=+21.24 shoulder_lift.pos=-3.69 elbow_flex.pos=-16.29 wrist_flex.pos=+83.62 wrist_roll.pos=-6.65 gripper.pos=+3.83
DEBUG 2026-09-03 08:20:44 [action #238] t=10.61s step=237 queue=9 dmax=1.014 | shoulder_pan.pos=+22.04 shoulder_lift.pos=-3.25 elbow_flex.pos=-16.02 wrist_flex.pos=+82.60 wrist_roll.pos=-6.83 gripper.pos=+3.95
DEBUG 2026-09-03 08:20:44 [action #239] t=10.64s step=238 queue=8 dmax=0.584 | shoulder_pan.pos=+22.58 shoulder_lift.pos=-2.96 elbow_flex.pos=-16.44 wrist_flex.pos=+82.02 wrist_roll.pos=-6.71 gripper.pos=+3.90
DEBUG 2026-09-03 08:20:44 [action #240] t=10.67s step=239 queue=7 dmax=0.594 | shoulder_pan.pos=+23.17 shoulder_lift.pos=-3.29 elbow_flex.pos=-16.32 wrist_flex.pos=+81.47 wrist_roll.pos=-6.65 gripper.pos=+3.81
DEBUG 2026-09-03 08:20:44 [action #241] t=10.71s step=240 queue=6 dmax=0.808 | shoulder_pan.pos=+23.53 shoulder_lift.pos=-2.48 elbow_flex.pos=-16.28 wrist_flex.pos=+80.91 wrist_roll.pos=-6.67 gripper.pos=+3.82
DEBUG 2026-09-03 08:20:44 [action #242] t=10.74s step=241 queue=5 dmax=1.407 | shoulder_pan.pos=+24.73 shoulder_lift.pos=-2.27 elbow_flex.pos=-17.68 wrist_flex.pos=+80.22 wrist_roll.pos=-6.64 gripper.pos=+3.86
DEBUG 2026-09-03 08:20:44 [action #243] t=10.77s step=242 queue=4 dmax=1.158 | shoulder_pan.pos=+25.53 shoulder_lift.pos=-1.11 elbow_flex.pos=-18.03 wrist_flex.pos=+79.84 wrist_roll.pos=-6.74 gripper.pos=+3.62
DEBUG 2026-09-03 08:20:45 [action #244] t=10.81s step=243 queue=3 dmax=0.986 | shoulder_pan.pos=+25.90 shoulder_lift.pos=-0.13 elbow_flex.pos=-17.83 wrist_flex.pos=+79.46 wrist_roll.pos=-6.81 gripper.pos=+3.80
DEBUG 2026-09-03 08:20:45 [action #245] t=10.84s step=244 queue=2 dmax=1.143 | shoulder_pan.pos=+26.58 shoulder_lift.pos=+1.02 elbow_flex.pos=-18.84 wrist_flex.pos=+79.07 wrist_roll.pos=-6.72 gripper.pos=+3.88
DEBUG 2026-09-03 08:20:45 [action #246] t=10.87s step=245 queue=1 dmax=0.874 | shoulder_pan.pos=+26.82 shoulder_lift.pos=+1.67 elbow_flex.pos=-19.72 wrist_flex.pos=+78.81 wrist_roll.pos=-6.92 gripper.pos=+3.73
DEBUG 2026-09-03 08:20:45 [chunk] received 50 actions, timesteps 221..270 | first: shoulder_pan.pos=-7.03 shoulder_lift.pos=+3.87 elbow_flex.pos=+2.32 wrist_flex.pos=+84.19 wrist_roll.pos=-7.59 gripper.pos=+3.95 | last: shoulder_pan.pos=+26.00 shoulder_lift.pos=+2.00 elbow_flex.pos=-17.63 wrist_flex.pos=+78.24 wrist_roll.pos=-6.23 gripper.pos=+3.84
DEBUG 2026-09-03 08:20:45 [action #247] t=11.04s step=246 queue=25 dmax=19.572 | shoulder_pan.pos=+7.25 shoulder_lift.pos=-5.74 elbow_flex.pos=-10.04 wrist_flex.pos=+88.98 wrist_roll.pos=-7.58 gripper.pos=+3.93
DEBUG 2026-09-03 08:20:45 [action #248] t=11.08s step=247 queue=24 dmax=0.613 | shoulder_pan.pos=+7.86 shoulder_lift.pos=-6.29 elbow_flex.pos=-10.32 wrist_flex.pos=+88.79 wrist_roll.pos=-7.62 gripper.pos=+3.88
DEBUG 2026-09-03 08:20:45 [action #249] t=11.11s step=248 queue=23 dmax=1.000 | shoulder_pan.pos=+8.86 shoulder_lift.pos=-6.19 elbow_flex.pos=-10.80 wrist_flex.pos=+88.78 wrist_roll.pos=-7.42 gripper.pos=+4.03
DEBUG 2026-09-03 08:20:45 [action #250] t=11.14s step=249 queue=22 dmax=0.635 | shoulder_pan.pos=+9.50 shoulder_lift.pos=-6.72 elbow_flex.pos=-10.34 wrist_flex.pos=+88.39 wrist_roll.pos=-7.46 gripper.pos=+3.97
DEBUG 2026-09-03 08:20:45 [action #251] t=11.18s step=250 queue=21 dmax=0.761 | shoulder_pan.pos=+10.26 shoulder_lift.pos=-6.41 elbow_flex.pos=-10.90 wrist_flex.pos=+88.24 wrist_roll.pos=-7.38 gripper.pos=+3.77
DEBUG 2026-09-03 08:20:45 [action #252] t=11.21s step=251 queue=20 dmax=0.980 | shoulder_pan.pos=+11.24 shoulder_lift.pos=-6.63 elbow_flex.pos=-11.43 wrist_flex.pos=+87.69 wrist_roll.pos=-7.34 gripper.pos=+3.92
DEBUG 2026-09-03 08:20:45 [action #253] t=11.24s step=252 queue=19 dmax=0.844 | shoulder_pan.pos=+12.08 shoulder_lift.pos=-7.14 elbow_flex.pos=-11.27 wrist_flex.pos=+87.40 wrist_roll.pos=-7.10 gripper.pos=+3.73
DEBUG 2026-09-03 08:20:45 [action #254] t=11.28s step=253 queue=18 dmax=1.132 | shoulder_pan.pos=+13.21 shoulder_lift.pos=-6.89 elbow_flex.pos=-11.24 wrist_flex.pos=+86.83 wrist_roll.pos=-6.98 gripper.pos=+3.86
DEBUG 2026-09-03 08:20:45 [action #255] t=11.31s step=254 queue=17 dmax=1.125 | shoulder_pan.pos=+14.34 shoulder_lift.pos=-6.18 elbow_flex.pos=-12.02 wrist_flex.pos=+86.30 wrist_roll.pos=-6.92 gripper.pos=+3.87
DEBUG 2026-09-03 08:20:45 [action #256] t=11.34s step=255 queue=16 dmax=0.816 | shoulder_pan.pos=+15.16 shoulder_lift.pos=-6.47 elbow_flex.pos=-11.92 wrist_flex.pos=+85.81 wrist_roll.pos=-6.65 gripper.pos=+3.83
DEBUG 2026-09-03 08:20:45 [action #257] t=11.38s step=256 queue=15 dmax=1.004 | shoulder_pan.pos=+16.16 shoulder_lift.pos=-6.21 elbow_flex.pos=-12.22 wrist_flex.pos=+85.39 wrist_roll.pos=-6.55 gripper.pos=+3.85
DEBUG 2026-09-03 08:20:45 [action #258] t=11.41s step=257 queue=14 dmax=0.805 | shoulder_pan.pos=+16.97 shoulder_lift.pos=-6.79 elbow_flex.pos=-12.18 wrist_flex.pos=+84.91 wrist_roll.pos=-6.38 gripper.pos=+3.82
DEBUG 2026-09-03 08:20:45 [action #259] t=11.44s step=258 queue=13 dmax=0.748 | shoulder_pan.pos=+17.71 shoulder_lift.pos=-6.16 elbow_flex.pos=-12.63 wrist_flex.pos=+84.34 wrist_roll.pos=-6.43 gripper.pos=+3.93
DEBUG 2026-09-03 08:20:45 [action #260] t=11.48s step=259 queue=12 dmax=0.852 | shoulder_pan.pos=+18.57 shoulder_lift.pos=-5.70 elbow_flex.pos=-12.79 wrist_flex.pos=+83.62 wrist_roll.pos=-6.45 gripper.pos=+3.88
DEBUG 2026-09-03 08:20:45 [action #261] t=11.51s step=260 queue=11 dmax=0.914 | shoulder_pan.pos=+19.48 shoulder_lift.pos=-5.49 elbow_flex.pos=-13.28 wrist_flex.pos=+83.15 wrist_roll.pos=-6.32 gripper.pos=+3.85
DEBUG 2026-09-03 08:20:45 [action #262] t=11.54s step=261 queue=10 dmax=0.820 | shoulder_pan.pos=+20.30 shoulder_lift.pos=-4.97 elbow_flex.pos=-13.87 wrist_flex.pos=+82.57 wrist_roll.pos=-6.26 gripper.pos=+3.74
DEBUG 2026-09-03 08:20:45 [action #263] t=11.58s step=262 queue=9 dmax=0.962 | shoulder_pan.pos=+21.26 shoulder_lift.pos=-4.53 elbow_flex.pos=-14.34 wrist_flex.pos=+82.15 wrist_roll.pos=-6.15 gripper.pos=+3.86
DEBUG 2026-09-03 08:20:45 [action #264] t=11.61s step=263 queue=8 dmax=1.015 | shoulder_pan.pos=+21.99 shoulder_lift.pos=-3.51 elbow_flex.pos=-14.52 wrist_flex.pos=+81.80 wrist_roll.pos=-6.18 gripper.pos=+3.82
DEBUG 2026-09-03 08:20:45 [action #265] t=11.64s step=264 queue=7 dmax=0.710 | shoulder_pan.pos=+22.41 shoulder_lift.pos=-3.28 elbow_flex.pos=-14.60 wrist_flex.pos=+81.09 wrist_roll.pos=-6.13 gripper.pos=+3.79
DEBUG 2026-09-03 08:20:45 [action #266] t=11.68s step=265 queue=6 dmax=1.147 | shoulder_pan.pos=+23.20 shoulder_lift.pos=-2.55 elbow_flex.pos=-15.74 wrist_flex.pos=+80.71 wrist_roll.pos=-6.06 gripper.pos=+3.76
DEBUG 2026-09-03 08:20:45 [action #267] t=11.71s step=266 queue=5 dmax=0.811 | shoulder_pan.pos=+24.01 shoulder_lift.pos=-2.30 elbow_flex.pos=-15.32 wrist_flex.pos=+80.33 wrist_roll.pos=-6.26 gripper.pos=+3.70
DEBUG 2026-09-03 08:20:45 [action #268] t=11.75s step=267 queue=4 dmax=1.534 | shoulder_pan.pos=+24.52 shoulder_lift.pos=-0.77 elbow_flex.pos=-16.68 wrist_flex.pos=+79.88 wrist_roll.pos=-6.17 gripper.pos=+3.81
DEBUG 2026-09-03 08:20:45 [chunk] received 50 actions, timesteps 245..294 | first: shoulder_pan.pos=+27.69 shoulder_lift.pos=-1.23 elbow_flex.pos=-11.09 wrist_flex.pos=+76.98 wrist_roll.pos=-7.12 gripper.pos=+2.39 | last: shoulder_pan.pos=+35.05 shoulder_lift.pos=+22.63 elbow_flex.pos=-18.84 wrist_flex.pos=+70.00 wrist_roll.pos=-7.46 gripper.pos=+25.72
DEBUG 2026-09-03 08:20:45 [action #269] t=11.78s step=268 queue=27 dmax=13.077 | shoulder_pan.pos=+33.02 shoulder_lift.pos=+12.31 elbow_flex.pos=-21.65 wrist_flex.pos=+73.20 wrist_roll.pos=-7.03 gripper.pos=+2.85
DEBUG 2026-09-03 08:20:46 [action #270] t=11.81s step=269 queue=26 dmax=0.471 | shoulder_pan.pos=+33.37 shoulder_lift.pos=+12.78 elbow_flex.pos=-21.63 wrist_flex.pos=+73.07 wrist_roll.pos=-6.94 gripper.pos=+2.95
DEBUG 2026-09-03 08:20:46 [action #271] t=11.85s step=270 queue=25 dmax=0.770 | shoulder_pan.pos=+33.76 shoulder_lift.pos=+13.53 elbow_flex.pos=-22.17 wrist_flex.pos=+72.30 wrist_roll.pos=-6.95 gripper.pos=+2.89
DEBUG 2026-09-03 08:20:46 [action #272] t=11.88s step=271 queue=24 dmax=6.330 | shoulder_pan.pos=+37.83 shoulder_lift.pos=+19.86 elbow_flex.pos=-24.21 wrist_flex.pos=+69.47 wrist_roll.pos=-7.34 gripper.pos=+2.57
DEBUG 2026-09-03 08:20:46 [action #273] t=11.91s step=272 queue=23 dmax=0.456 | shoulder_pan.pos=+37.53 shoulder_lift.pos=+19.60 elbow_flex.pos=-24.67 wrist_flex.pos=+69.04 wrist_roll.pos=-7.36 gripper.pos=+2.35
DEBUG 2026-09-03 08:20:46 [action #274] t=11.95s step=273 queue=22 dmax=0.666 | shoulder_pan.pos=+37.71 shoulder_lift.pos=+20.27 elbow_flex.pos=-24.21 wrist_flex.pos=+68.45 wrist_roll.pos=-7.25 gripper.pos=+2.29
DEBUG 2026-09-03 08:20:46 [action #275] t=11.98s step=274 queue=21 dmax=0.748 | shoulder_pan.pos=+38.45 shoulder_lift.pos=+20.78 elbow_flex.pos=-23.65 wrist_flex.pos=+67.76 wrist_roll.pos=-7.35 gripper.pos=+2.27
DEBUG 2026-09-03 08:20:46 [action #276] t=12.01s step=275 queue=20 dmax=0.581 | shoulder_pan.pos=+37.87 shoulder_lift.pos=+20.49 elbow_flex.pos=-23.28 wrist_flex.pos=+67.53 wrist_roll.pos=-7.42 gripper.pos=+2.21
DEBUG 2026-09-03 08:20:46 [action #277] t=12.05s step=276 queue=19 dmax=1.179 | shoulder_pan.pos=+38.43 shoulder_lift.pos=+21.67 elbow_flex.pos=-23.99 wrist_flex.pos=+67.13 wrist_roll.pos=-7.58 gripper.pos=+2.20
DEBUG 2026-09-03 08:20:46 [action #278] t=12.08s step=277 queue=18 dmax=0.545 | shoulder_pan.pos=+38.35 shoulder_lift.pos=+22.21 elbow_flex.pos=-23.64 wrist_flex.pos=+66.84 wrist_roll.pos=-7.41 gripper.pos=+2.48
DEBUG 2026-09-03 08:20:46 [action #279] t=12.11s step=278 queue=17 dmax=1.220 | shoulder_pan.pos=+38.16 shoulder_lift.pos=+21.94 elbow_flex.pos=-24.35 wrist_flex.pos=+67.33 wrist_roll.pos=-7.44 gripper.pos=+3.70
DEBUG 2026-09-03 08:20:46 [action #280] t=12.15s step=279 queue=16 dmax=1.494 | shoulder_pan.pos=+37.51 shoulder_lift.pos=+22.01 elbow_flex.pos=-23.07 wrist_flex.pos=+67.29 wrist_roll.pos=-7.36 gripper.pos=+5.20
DEBUG 2026-09-03 08:20:46 [action #281] t=12.18s step=280 queue=15 dmax=3.366 | shoulder_pan.pos=+37.46 shoulder_lift.pos=+23.29 elbow_flex.pos=-22.87 wrist_flex.pos=+67.43 wrist_roll.pos=-7.61 gripper.pos=+8.56
DEBUG 2026-09-03 08:20:46 [action #282] t=12.21s step=281 queue=14 dmax=3.669 | shoulder_pan.pos=+37.22 shoulder_lift.pos=+23.35 elbow_flex.pos=-22.75 wrist_flex.pos=+67.68 wrist_roll.pos=-7.55 gripper.pos=+12.23
DEBUG 2026-09-03 08:20:46 [action #283] t=12.25s step=282 queue=13 dmax=3.661 | shoulder_pan.pos=+36.86 shoulder_lift.pos=+23.42 elbow_flex.pos=-22.68 wrist_flex.pos=+67.70 wrist_roll.pos=-7.51 gripper.pos=+15.89
DEBUG 2026-09-03 08:20:46 [action #284] t=12.28s step=283 queue=12 dmax=2.561 | shoulder_pan.pos=+36.91 shoulder_lift.pos=+22.82 elbow_flex.pos=-21.74 wrist_flex.pos=+68.07 wrist_roll.pos=-7.70 gripper.pos=+18.46
DEBUG 2026-09-03 08:20:46 [action #285] t=12.31s step=284 queue=11 dmax=1.811 | shoulder_pan.pos=+36.78 shoulder_lift.pos=+23.42 elbow_flex.pos=-21.33 wrist_flex.pos=+68.25 wrist_roll.pos=-7.63 gripper.pos=+20.27
DEBUG 2026-09-03 08:20:46 [action #286] t=12.35s step=285 queue=10 dmax=1.018 | shoulder_pan.pos=+36.85 shoulder_lift.pos=+23.09 elbow_flex.pos=-20.96 wrist_flex.pos=+68.23 wrist_roll.pos=-7.73 gripper.pos=+21.28
DEBUG 2026-09-03 08:20:46 [action #287] t=12.38s step=286 queue=9 dmax=0.628 | shoulder_pan.pos=+37.01 shoulder_lift.pos=+23.20 elbow_flex.pos=-21.08 wrist_flex.pos=+68.47 wrist_roll.pos=-7.58 gripper.pos=+21.91
DEBUG 2026-09-03 08:20:46 [action #288] t=12.41s step=287 queue=8 dmax=0.887 | shoulder_pan.pos=+36.80 shoulder_lift.pos=+23.18 elbow_flex.pos=-20.20 wrist_flex.pos=+68.48 wrist_roll.pos=-7.67 gripper.pos=+22.49
DEBUG 2026-09-03 08:20:46 [action #289] t=12.45s step=288 queue=7 dmax=0.630 | shoulder_pan.pos=+36.78 shoulder_lift.pos=+23.36 elbow_flex.pos=-20.09 wrist_flex.pos=+68.68 wrist_roll.pos=-7.69 gripper.pos=+23.12
DEBUG 2026-09-03 08:20:46 [action #290] t=12.48s step=289 queue=6 dmax=0.607 | shoulder_pan.pos=+36.17 shoulder_lift.pos=+23.71 elbow_flex.pos=-19.92 wrist_flex.pos=+68.77 wrist_roll.pos=-7.57 gripper.pos=+23.71
DEBUG 2026-09-03 08:20:46 [action #291] t=12.51s step=290 queue=5 dmax=0.672 | shoulder_pan.pos=+36.40 shoulder_lift.pos=+23.73 elbow_flex.pos=-19.32 wrist_flex.pos=+68.77 wrist_roll.pos=-7.50 gripper.pos=+24.39
DEBUG 2026-09-03 08:20:46 [action #292] t=12.55s step=291 queue=4 dmax=0.592 | shoulder_pan.pos=+35.83 shoulder_lift.pos=+23.26 elbow_flex.pos=-18.73 wrist_flex.pos=+68.91 wrist_roll.pos=-7.46 gripper.pos=+24.82
DEBUG 2026-09-03 08:20:46 [chunk] received 50 actions, timesteps 267..316 | first: shoulder_pan.pos=+23.79 shoulder_lift.pos=-4.52 elbow_flex.pos=-10.64 wrist_flex.pos=+81.05 wrist_roll.pos=-5.67 gripper.pos=+2.30 | last: shoulder_pan.pos=+33.27 shoulder_lift.pos=+27.38 elbow_flex.pos=-24.46 wrist_flex.pos=+70.59 wrist_roll.pos=-4.89 gripper.pos=+24.06
DEBUG 2026-09-03 08:20:46 [action #293] t=12.58s step=292 queue=25 dmax=15.810 | shoulder_pan.pos=+33.88 shoulder_lift.pos=+20.48 elbow_flex.pos=-22.06 wrist_flex.pos=+69.90 wrist_roll.pos=-5.72 gripper.pos=+9.01
DEBUG 2026-09-03 08:20:46 [action #294] t=12.61s step=293 queue=24 dmax=0.921 | shoulder_pan.pos=+33.99 shoulder_lift.pos=+21.40 elbow_flex.pos=-22.19 wrist_flex.pos=+69.84 wrist_roll.pos=-5.73 gripper.pos=+9.20
DEBUG 2026-09-03 08:20:46 [action #295] t=12.65s step=294 queue=23 dmax=0.293 | shoulder_pan.pos=+33.70 shoulder_lift.pos=+21.61 elbow_flex.pos=-22.29 wrist_flex.pos=+69.68 wrist_roll.pos=-5.72 gripper.pos=+9.23
DEBUG 2026-09-03 08:20:46 [action #296] t=12.68s step=295 queue=22 dmax=7.155 | shoulder_pan.pos=+33.64 shoulder_lift.pos=+21.26 elbow_flex.pos=-23.42 wrist_flex.pos=+69.26 wrist_roll.pos=-5.15 gripper.pos=+2.07
DEBUG 2026-09-03 08:20:46 [action #297] t=12.72s step=296 queue=21 dmax=1.290 | shoulder_pan.pos=+33.75 shoulder_lift.pos=+22.55 elbow_flex.pos=-23.99 wrist_flex.pos=+68.97 wrist_roll.pos=-5.07 gripper.pos=+2.04
DEBUG 2026-09-03 08:20:46 [action #298] t=12.75s step=297 queue=20 dmax=0.608 | shoulder_pan.pos=+33.97 shoulder_lift.pos=+22.88 elbow_flex.pos=-23.39 wrist_flex.pos=+69.06 wrist_roll.pos=-4.99 gripper.pos=+2.06
DEBUG 2026-09-03 08:20:46 [action #299] t=12.78s step=298 queue=19 dmax=1.213 | shoulder_pan.pos=+34.18 shoulder_lift.pos=+24.09 elbow_flex.pos=-24.08 wrist_flex.pos=+68.41 wrist_roll.pos=-5.12 gripper.pos=+2.09
DEBUG 2026-09-03 08:20:47 [action #300] t=12.82s step=299 queue=18 dmax=0.383 | shoulder_pan.pos=+34.04 shoulder_lift.pos=+23.71 elbow_flex.pos=-24.07 wrist_flex.pos=+68.36 wrist_roll.pos=-4.97 gripper.pos=+1.96
DEBUG 2026-09-03 08:20:47 [action #301] t=12.85s step=300 queue=17 dmax=1.361 | shoulder_pan.pos=+34.37 shoulder_lift.pos=+25.07 elbow_flex.pos=-23.52 wrist_flex.pos=+68.06 wrist_roll.pos=-5.13 gripper.pos=+2.08
DEBUG 2026-09-03 08:20:47 [action #302] t=12.88s step=301 queue=16 dmax=0.859 | shoulder_pan.pos=+34.34 shoulder_lift.pos=+25.32 elbow_flex.pos=-24.38 wrist_flex.pos=+67.88 wrist_roll.pos=-5.12 gripper.pos=+2.17
DEBUG 2026-09-03 08:20:47 [action #303] t=12.92s step=302 queue=15 dmax=0.882 | shoulder_pan.pos=+34.58 shoulder_lift.pos=+26.20 elbow_flex.pos=-24.04 wrist_flex.pos=+67.42 wrist_roll.pos=-4.98 gripper.pos=+2.72
DEBUG 2026-09-03 08:20:47 [action #304] t=12.95s step=303 queue=14 dmax=1.105 | shoulder_pan.pos=+34.75 shoulder_lift.pos=+26.06 elbow_flex.pos=-24.30 wrist_flex.pos=+67.33 wrist_roll.pos=-4.99 gripper.pos=+3.82
DEBUG 2026-09-03 08:20:47 [action #305] t=12.98s step=304 queue=13 dmax=2.582 | shoulder_pan.pos=+34.43 shoulder_lift.pos=+26.86 elbow_flex.pos=-23.95 wrist_flex.pos=+67.41 wrist_roll.pos=-5.13 gripper.pos=+6.40
DEBUG 2026-09-03 08:20:47 [action #306] t=13.02s step=305 queue=12 dmax=3.427 | shoulder_pan.pos=+34.69 shoulder_lift.pos=+27.71 elbow_flex.pos=-23.99 wrist_flex.pos=+67.41 wrist_roll.pos=-5.16 gripper.pos=+9.83
DEBUG 2026-09-03 08:20:47 [action #307] t=13.05s step=306 queue=11 dmax=3.124 | shoulder_pan.pos=+34.52 shoulder_lift.pos=+27.35 elbow_flex.pos=-24.11 wrist_flex.pos=+67.85 wrist_roll.pos=-5.10 gripper.pos=+12.96
DEBUG 2026-09-03 08:20:47 [action #308] t=13.08s step=307 queue=10 dmax=2.700 | shoulder_pan.pos=+34.43 shoulder_lift.pos=+27.27 elbow_flex.pos=-24.50 wrist_flex.pos=+68.29 wrist_roll.pos=-4.99 gripper.pos=+15.66
DEBUG 2026-09-03 08:20:47 [action #309] t=13.12s step=308 queue=9 dmax=1.772 | shoulder_pan.pos=+34.44 shoulder_lift.pos=+28.32 elbow_flex.pos=-23.72 wrist_flex.pos=+68.46 wrist_roll.pos=-5.09 gripper.pos=+17.43
DEBUG 2026-09-03 08:20:47 [action #310] t=13.15s step=309 queue=8 dmax=1.239 | shoulder_pan.pos=+34.41 shoulder_lift.pos=+28.52 elbow_flex.pos=-23.65 wrist_flex.pos=+68.73 wrist_roll.pos=-5.13 gripper.pos=+18.67
DEBUG 2026-09-03 08:20:47 [action #311] t=13.18s step=310 queue=7 dmax=0.722 | shoulder_pan.pos=+34.17 shoulder_lift.pos=+28.31 elbow_flex.pos=-23.31 wrist_flex.pos=+68.87 wrist_roll.pos=-4.99 gripper.pos=+19.39
DEBUG 2026-09-03 08:20:47 [action #312] t=13.22s step=311 queue=6 dmax=0.696 | shoulder_pan.pos=+34.37 shoulder_lift.pos=+28.96 elbow_flex.pos=-23.84 wrist_flex.pos=+69.19 wrist_roll.pos=-5.06 gripper.pos=+20.09
DEBUG 2026-09-03 08:20:47 [action #313] t=13.25s step=312 queue=5 dmax=0.819 | shoulder_pan.pos=+34.11 shoulder_lift.pos=+28.50 elbow_flex.pos=-23.64 wrist_flex.pos=+69.25 wrist_roll.pos=-4.98 gripper.pos=+20.90
DEBUG 2026-09-03 08:20:47 [action #314] t=13.28s step=313 queue=4 dmax=0.753 | shoulder_pan.pos=+34.11 shoulder_lift.pos=+28.69 elbow_flex.pos=-24.16 wrist_flex.pos=+69.51 wrist_roll.pos=-4.98 gripper.pos=+21.66
DEBUG 2026-09-03 08:20:47 [action #315] t=13.32s step=314 queue=3 dmax=1.001 | shoulder_pan.pos=+33.98 shoulder_lift.pos=+28.45 elbow_flex.pos=-24.13 wrist_flex.pos=+69.69 wrist_roll.pos=-4.96 gripper.pos=+22.66
DEBUG 2026-09-03 08:20:47 [action #316] t=13.35s step=315 queue=2 dmax=1.097 | shoulder_pan.pos=+33.27 shoulder_lift.pos=+27.35 elbow_flex.pos=-24.18 wrist_flex.pos=+70.12 wrist_roll.pos=-4.91 gripper.pos=+23.46
DEBUG 2026-09-03 08:20:47 [action #317] t=13.38s step=316 queue=1 dmax=0.601 | shoulder_pan.pos=+33.27 shoulder_lift.pos=+27.38 elbow_flex.pos=-24.46 wrist_flex.pos=+70.59 wrist_roll.pos=-4.89 gripper.pos=+24.06
DEBUG 2026-09-03 08:20:47 [chunk] received 50 actions, timesteps 291..340 | first: shoulder_pan.pos=+30.41 shoulder_lift.pos=+23.47 elbow_flex.pos=-22.94 wrist_flex.pos=+72.27 wrist_roll.pos=-6.46 gripper.pos=+24.50 | last: shoulder_pan.pos=+1.97 shoulder_lift.pos=-48.29 elbow_flex.pos=+42.29 wrist_flex.pos=+72.50 wrist_roll.pos=-0.18 gripper.pos=+0.10
DEBUG 2026-09-03 08:20:47 [action #318] t=13.48s step=317 queue=24 dmax=31.034 | shoulder_pan.pos=+14.34 shoulder_lift.pos=-3.65 elbow_flex.pos=-15.26 wrist_flex.pos=+91.40 wrist_roll.pos=-3.38 gripper.pos=+1.92
DEBUG 2026-09-03 08:20:47 [action #319] t=13.52s step=318 queue=23 dmax=1.666 | shoulder_pan.pos=+13.55 shoulder_lift.pos=-4.46 elbow_flex.pos=-13.59 wrist_flex.pos=+91.23 wrist_roll.pos=-3.47 gripper.pos=+0.53
DEBUG 2026-09-03 08:20:47 [action #320] t=13.55s step=319 queue=22 dmax=2.094 | shoulder_pan.pos=+12.66 shoulder_lift.pos=-6.56 elbow_flex.pos=-12.04 wrist_flex.pos=+91.00 wrist_roll.pos=-3.71 gripper.pos=-0.64
DEBUG 2026-09-03 08:20:47 [action #321] t=13.59s step=320 queue=21 dmax=2.036 | shoulder_pan.pos=+12.07 shoulder_lift.pos=-7.71 elbow_flex.pos=-10.01 wrist_flex.pos=+90.53 wrist_roll.pos=-3.96 gripper.pos=-1.72
DEBUG 2026-09-03 08:20:47 [action #322] t=13.62s step=321 queue=20 dmax=2.181 | shoulder_pan.pos=+11.41 shoulder_lift.pos=-9.51 elbow_flex.pos=-7.82 wrist_flex.pos=+90.15 wrist_roll.pos=-3.66 gripper.pos=-1.71
DEBUG 2026-09-03 08:20:47 [action #323] t=13.65s step=322 queue=19 dmax=2.426 | shoulder_pan.pos=+10.61 shoulder_lift.pos=-11.42 elbow_flex.pos=-5.40 wrist_flex.pos=+89.40 wrist_roll.pos=-3.87 gripper.pos=-1.77
DEBUG 2026-09-03 08:20:47 [action #324] t=13.69s step=323 queue=18 dmax=2.329 | shoulder_pan.pos=+9.80 shoulder_lift.pos=-13.50 elbow_flex.pos=-3.07 wrist_flex.pos=+88.67 wrist_roll.pos=-3.96 gripper.pos=-1.31
DEBUG 2026-09-03 08:20:47 [action #325] t=13.72s step=324 queue=17 dmax=2.989 | shoulder_pan.pos=+9.29 shoulder_lift.pos=-15.55 elbow_flex.pos=-0.08 wrist_flex.pos=+87.70 wrist_roll.pos=-3.95 gripper.pos=-1.02
DEBUG 2026-09-03 08:20:47 [action #326] t=13.75s step=325 queue=16 dmax=3.419 | shoulder_pan.pos=+8.88 shoulder_lift.pos=-17.09 elbow_flex.pos=+3.34 wrist_flex.pos=+86.70 wrist_roll.pos=-4.10 gripper.pos=-0.81
DEBUG 2026-09-03 08:20:47 [action #327] t=13.79s step=326 queue=15 dmax=3.802 | shoulder_pan.pos=+8.07 shoulder_lift.pos=-20.06 elbow_flex.pos=+7.14 wrist_flex.pos=+85.54 wrist_roll.pos=-4.11 gripper.pos=-0.65
DEBUG 2026-09-03 08:20:48 [action #328] t=13.82s step=327 queue=14 dmax=2.203 | shoulder_pan.pos=+7.95 shoulder_lift.pos=-21.90 elbow_flex.pos=+9.34 wrist_flex.pos=+84.50 wrist_roll.pos=-3.99 gripper.pos=-0.51
DEBUG 2026-09-03 08:20:48 [action #329] t=13.85s step=328 queue=13 dmax=2.290 | shoulder_pan.pos=+7.57 shoulder_lift.pos=-24.19 elbow_flex.pos=+11.51 wrist_flex.pos=+83.26 wrist_roll.pos=-3.96 gripper.pos=-0.46
DEBUG 2026-09-03 08:20:48 [action #330] t=13.89s step=329 queue=12 dmax=3.369 | shoulder_pan.pos=+6.49 shoulder_lift.pos=-26.28 elbow_flex.pos=+14.88 wrist_flex.pos=+82.28 wrist_roll.pos=-3.94 gripper.pos=-0.36
DEBUG 2026-09-03 08:20:48 [action #331] t=13.92s step=330 queue=11 dmax=2.533 | shoulder_pan.pos=+6.03 shoulder_lift.pos=-28.78 elbow_flex.pos=+17.41 wrist_flex.pos=+81.33 wrist_roll.pos=-3.91 gripper.pos=-0.32
DEBUG 2026-09-03 08:20:48 [action #332] t=13.95s step=331 queue=10 dmax=3.261 | shoulder_pan.pos=+4.86 shoulder_lift.pos=-30.77 elbow_flex.pos=+20.67 wrist_flex.pos=+80.36 wrist_roll.pos=-3.52 gripper.pos=-0.30
DEBUG 2026-09-03 08:20:48 [action #333] t=13.99s step=332 queue=9 dmax=2.501 | shoulder_pan.pos=+4.82 shoulder_lift.pos=-33.10 elbow_flex.pos=+23.18 wrist_flex.pos=+79.64 wrist_roll.pos=-3.20 gripper.pos=-0.21
DEBUG 2026-09-03 08:20:48 [action #334] t=14.02s step=333 queue=8 dmax=3.072 | shoulder_pan.pos=+3.79 shoulder_lift.pos=-35.17 elbow_flex.pos=+26.25 wrist_flex.pos=+78.75 wrist_roll.pos=-2.68 gripper.pos=-0.11
DEBUG 2026-09-03 08:20:48 [action #335] t=14.05s step=334 queue=7 dmax=2.194 | shoulder_pan.pos=+3.64 shoulder_lift.pos=-37.14 elbow_flex.pos=+28.44 wrist_flex.pos=+77.68 wrist_roll.pos=-2.26 gripper.pos=-0.05
DEBUG 2026-09-03 08:20:48 [action #336] t=14.09s step=335 queue=6 dmax=2.388 | shoulder_pan.pos=+3.19 shoulder_lift.pos=-39.53 elbow_flex.pos=+30.63 wrist_flex.pos=+76.85 wrist_roll.pos=-1.79 gripper.pos=+0.00
DEBUG 2026-09-03 08:20:48 [action #337] t=14.12s step=336 queue=5 dmax=2.742 | shoulder_pan.pos=+2.76 shoulder_lift.pos=-41.37 elbow_flex.pos=+33.37 wrist_flex.pos=+75.84 wrist_roll.pos=-1.50 gripper.pos=-0.04
DEBUG 2026-09-03 08:20:48 [action #338] t=14.15s step=337 queue=4 dmax=2.217 | shoulder_pan.pos=+2.37 shoulder_lift.pos=-43.25 elbow_flex.pos=+35.59 wrist_flex.pos=+74.81 wrist_roll.pos=-1.20 gripper.pos=+0.04
DEBUG 2026-09-03 08:20:48 [action #339] t=14.19s step=338 queue=3 dmax=2.429 | shoulder_pan.pos=+2.41 shoulder_lift.pos=-45.20 elbow_flex.pos=+38.02 wrist_flex.pos=+73.91 wrist_roll.pos=-0.98 gripper.pos=-0.09
DEBUG 2026-09-03 08:20:48 [action #340] t=14.22s step=339 queue=2 dmax=2.558 | shoulder_pan.pos=+2.03 shoulder_lift.pos=-46.79 elbow_flex.pos=+40.58 wrist_flex.pos=+73.24 wrist_roll.pos=-0.59 gripper.pos=-0.08
DEBUG 2026-09-03 08:20:48 [action #341] t=14.25s step=340 queue=1 dmax=1.719 | shoulder_pan.pos=+1.97 shoulder_lift.pos=-48.29 elbow_flex.pos=+42.29 wrist_flex.pos=+72.50 wrist_roll.pos=-0.18 gripper.pos=+0.10
DEBUG 2026-09-03 08:20:48 [chunk] received 50 actions, timesteps 316..365 | first: shoulder_pan.pos=+29.45 shoulder_lift.pos=+29.23 elbow_flex.pos=-30.99 wrist_flex.pos=+73.28 wrist_roll.pos=-5.09 gripper.pos=+26.26 | last: shoulder_pan.pos=+4.76 shoulder_lift.pos=-46.69 elbow_flex.pos=+43.04 wrist_flex.pos=+70.69 wrist_roll.pos=-1.91 gripper.pos=+0.46
DEBUG 2026-09-03 08:20:48 [action #342] t=14.32s step=341 queue=25 dmax=68.936 | shoulder_pan.pos=+18.11 shoulder_lift.pos=+9.64 elbow_flex.pos=-26.64 wrist_flex.pos=+96.14 wrist_roll.pos=-3.52 gripper.pos=+13.82
DEBUG 2026-09-03 08:20:48 [action #343] t=14.36s step=342 queue=24 dmax=3.876 | shoulder_pan.pos=+17.67 shoulder_lift.pos=+7.14 elbow_flex.pos=-25.31 wrist_flex.pos=+95.77 wrist_roll.pos=-3.49 gripper.pos=+9.94
DEBUG 2026-09-03 08:20:48 [action #344] t=14.39s step=343 queue=23 dmax=3.134 | shoulder_pan.pos=+16.81 shoulder_lift.pos=+5.37 elbow_flex.pos=-23.48 wrist_flex.pos=+95.36 wrist_roll.pos=-3.46 gripper.pos=+6.81
DEBUG 2026-09-03 08:20:48 [action #345] t=14.42s step=344 queue=22 dmax=2.500 | shoulder_pan.pos=+16.36 shoulder_lift.pos=+3.34 elbow_flex.pos=-20.98 wrist_flex.pos=+94.78 wrist_roll.pos=-3.51 gripper.pos=+4.47
DEBUG 2026-09-03 08:20:48 [action #346] t=14.46s step=345 queue=21 dmax=2.763 | shoulder_pan.pos=+15.46 shoulder_lift.pos=+1.15 elbow_flex.pos=-18.22 wrist_flex.pos=+94.49 wrist_roll.pos=-3.48 gripper.pos=+2.83
DEBUG 2026-09-03 08:20:48 [action #347] t=14.49s step=346 queue=20 dmax=2.794 | shoulder_pan.pos=+14.72 shoulder_lift.pos=-1.64 elbow_flex.pos=-16.37 wrist_flex.pos=+94.15 wrist_roll.pos=-3.25 gripper.pos=+1.32
DEBUG 2026-09-03 08:20:48 [action #348] t=14.52s step=347 queue=19 dmax=3.313 | shoulder_pan.pos=+14.30 shoulder_lift.pos=-3.56 elbow_flex.pos=-13.06 wrist_flex.pos=+93.25 wrist_roll.pos=-3.14 gripper.pos=+0.52
DEBUG 2026-09-03 08:20:48 [action #349] t=14.56s step=348 queue=18 dmax=3.484 | shoulder_pan.pos=+13.62 shoulder_lift.pos=-6.03 elbow_flex.pos=-9.57 wrist_flex.pos=+92.29 wrist_roll.pos=-3.11 gripper.pos=+0.45
DEBUG 2026-09-03 08:20:48 [action #350] t=14.59s step=349 queue=17 dmax=2.801 | shoulder_pan.pos=+12.73 shoulder_lift.pos=-7.89 elbow_flex.pos=-6.77 wrist_flex.pos=+91.08 wrist_roll.pos=-3.03 gripper.pos=+0.22
DEBUG 2026-09-03 08:20:48 [action #351] t=14.62s step=350 queue=16 dmax=4.024 | shoulder_pan.pos=+12.26 shoulder_lift.pos=-10.17 elbow_flex.pos=-2.75 wrist_flex.pos=+89.85 wrist_roll.pos=-2.97 gripper.pos=+0.46
DEBUG 2026-09-03 08:20:48 [action #352] t=14.66s step=351 queue=15 dmax=3.884 | shoulder_pan.pos=+11.54 shoulder_lift.pos=-13.41 elbow_flex.pos=+1.14 wrist_flex.pos=+88.04 wrist_roll.pos=-2.85 gripper.pos=+0.69
DEBUG 2026-09-03 08:20:48 [action #353] t=14.69s step=352 queue=14 dmax=4.080 | shoulder_pan.pos=+11.12 shoulder_lift.pos=-16.20 elbow_flex.pos=+5.22 wrist_flex.pos=+86.37 wrist_roll.pos=-2.71 gripper.pos=+0.78
DEBUG 2026-09-03 08:20:48 [action #354] t=14.72s step=353 queue=13 dmax=3.321 | shoulder_pan.pos=+10.52 shoulder_lift.pos=-18.46 elbow_flex.pos=+8.54 wrist_flex.pos=+84.60 wrist_roll.pos=-2.49 gripper.pos=+0.94
DEBUG 2026-09-03 08:20:48 [action #355] t=14.76s step=354 queue=12 dmax=3.984 | shoulder_pan.pos=+10.27 shoulder_lift.pos=-20.47 elbow_flex.pos=+12.52 wrist_flex.pos=+82.94 wrist_roll.pos=-2.27 gripper.pos=+0.74
DEBUG 2026-09-03 08:20:49 [action #356] t=14.79s step=355 queue=11 dmax=4.071 | shoulder_pan.pos=+9.42 shoulder_lift.pos=-24.14 elbow_flex.pos=+16.59 wrist_flex.pos=+81.36 wrist_roll.pos=-2.18 gripper.pos=+0.73
DEBUG 2026-09-03 08:20:49 [action #357] t=14.82s step=356 queue=10 dmax=3.151 | shoulder_pan.pos=+8.74 shoulder_lift.pos=-26.30 elbow_flex.pos=+19.74 wrist_flex.pos=+80.02 wrist_roll.pos=-2.08 gripper.pos=+0.78
DEBUG 2026-09-03 08:20:49 [action #358] t=14.86s step=357 queue=9 dmax=3.154 | shoulder_pan.pos=+8.02 shoulder_lift.pos=-28.86 elbow_flex.pos=+22.90 wrist_flex.pos=+78.53 wrist_roll.pos=-2.16 gripper.pos=+0.71
DEBUG 2026-09-03 08:20:49 [action #359] t=14.89s step=358 queue=8 dmax=2.757 | shoulder_pan.pos=+7.63 shoulder_lift.pos=-31.06 elbow_flex.pos=+25.66 wrist_flex.pos=+77.28 wrist_roll.pos=-2.02 gripper.pos=+0.75
DEBUG 2026-09-03 08:20:49 [action #360] t=14.92s step=359 queue=7 dmax=3.255 | shoulder_pan.pos=+7.18 shoulder_lift.pos=-33.42 elbow_flex.pos=+28.91 wrist_flex.pos=+76.17 wrist_roll.pos=-2.13 gripper.pos=+0.56
DEBUG 2026-09-03 08:20:49 [action #361] t=14.96s step=360 queue=6 dmax=2.355 | shoulder_pan.pos=+6.78 shoulder_lift.pos=-35.78 elbow_flex.pos=+31.00 wrist_flex.pos=+75.12 wrist_roll.pos=-2.13 gripper.pos=+0.53
DEBUG 2026-09-03 08:20:49 [action #362] t=14.99s step=361 queue=5 dmax=2.327 | shoulder_pan.pos=+6.49 shoulder_lift.pos=-37.83 elbow_flex.pos=+33.32 wrist_flex.pos=+74.12 wrist_roll.pos=-2.18 gripper.pos=+0.37
DEBUG 2026-09-03 08:20:49 [action #363] t=15.02s step=362 queue=4 dmax=2.778 | shoulder_pan.pos=+5.97 shoulder_lift.pos=-40.36 elbow_flex.pos=+36.10 wrist_flex.pos=+73.29 wrist_roll.pos=-2.04 gripper.pos=+0.38
DEBUG 2026-09-03 08:20:49 [action #364] t=15.06s step=363 queue=3 dmax=2.412 | shoulder_pan.pos=+5.69 shoulder_lift.pos=-42.67 elbow_flex.pos=+38.51 wrist_flex.pos=+72.37 wrist_roll.pos=-1.96 gripper.pos=+0.27
DEBUG 2026-09-03 08:20:49 [action #365] t=15.09s step=364 queue=2 dmax=1.705 | shoulder_pan.pos=+5.22 shoulder_lift.pos=-44.38 elbow_flex.pos=+40.20 wrist_flex.pos=+71.68 wrist_roll.pos=-1.95 gripper.pos=+0.34
DEBUG 2026-09-03 08:20:49 [action #366] t=15.13s step=365 queue=1 dmax=2.840 | shoulder_pan.pos=+4.76 shoulder_lift.pos=-46.69 elbow_flex.pos=+43.04 wrist_flex.pos=+70.69 wrist_roll.pos=-1.91 gripper.pos=+0.46
DEBUG 2026-09-03 08:20:49 [chunk] received 50 actions, timesteps 340..389 | first: shoulder_pan.pos=+0.93 shoulder_lift.pos=-49.21 elbow_flex.pos=+43.45 wrist_flex.pos=+72.65 wrist_roll.pos=-1.30 gripper.pos=+0.24 | last: shoulder_pan.pos=-4.92 shoulder_lift.pos=-101.33 elbow_flex.pos=+86.66 wrist_flex.pos=+77.53 wrist_roll.pos=-1.81 gripper.pos=+0.31
DEBUG 2026-09-03 08:20:49 [action #367] t=15.19s step=366 queue=24 dmax=48.734 | shoulder_pan.pos=-4.71 shoulder_lift.pos=-95.42 elbow_flex.pos=+77.87 wrist_flex.pos=+65.71 wrist_roll.pos=-1.40 gripper.pos=+0.61
DEBUG 2026-09-03 08:20:49 [action #368] t=15.23s step=367 queue=23 dmax=2.163 | shoulder_pan.pos=-4.81 shoulder_lift.pos=-97.59 elbow_flex.pos=+79.42 wrist_flex.pos=+65.85 wrist_roll.pos=-1.33 gripper.pos=+0.51
DEBUG 2026-09-03 08:20:49 [action #369] t=15.26s step=368 queue=22 dmax=1.403 | shoulder_pan.pos=-4.80 shoulder_lift.pos=-98.99 elbow_flex.pos=+80.56 wrist_flex.pos=+66.06 wrist_roll.pos=-1.31 gripper.pos=+0.54
DEBUG 2026-09-03 08:20:49 [action #370] t=15.29s step=369 queue=21 dmax=1.143 | shoulder_pan.pos=-4.92 shoulder_lift.pos=-99.52 elbow_flex.pos=+81.70 wrist_flex.pos=+66.00 wrist_roll.pos=-1.37 gripper.pos=+0.60
DEBUG 2026-09-03 08:20:49 [action #371] t=15.33s step=370 queue=20 dmax=1.127 | shoulder_pan.pos=-4.90 shoulder_lift.pos=-99.74 elbow_flex.pos=+82.83 wrist_flex.pos=+66.16 wrist_roll.pos=-1.41 gripper.pos=+0.70
DEBUG 2026-09-03 08:20:49 [action #372] t=15.36s step=371 queue=19 dmax=1.251 | shoulder_pan.pos=-4.65 shoulder_lift.pos=-100.69 elbow_flex.pos=+84.08 wrist_flex.pos=+66.52 wrist_roll.pos=-1.51 gripper.pos=+0.53
DEBUG 2026-09-03 08:20:49 [action #373] t=15.39s step=372 queue=18 dmax=0.849 | shoulder_pan.pos=-4.37 shoulder_lift.pos=-100.84 elbow_flex.pos=+84.93 wrist_flex.pos=+67.03 wrist_roll.pos=-1.65 gripper.pos=+0.58
DEBUG 2026-09-03 08:20:49 [action #374] t=15.43s step=373 queue=17 dmax=0.774 | shoulder_pan.pos=-4.26 shoulder_lift.pos=-100.90 elbow_flex.pos=+85.05 wrist_flex.pos=+67.80 wrist_roll.pos=-1.77 gripper.pos=+0.53
DEBUG 2026-09-03 08:20:49 [action #375] t=15.46s step=374 queue=16 dmax=1.318 | shoulder_pan.pos=-4.53 shoulder_lift.pos=-101.24 elbow_flex.pos=+86.37 wrist_flex.pos=+68.73 wrist_roll.pos=-1.82 gripper.pos=+0.53
DEBUG 2026-09-03 08:20:49 [action #376] t=15.49s step=375 queue=15 dmax=0.895 | shoulder_pan.pos=-4.43 shoulder_lift.pos=-101.18 elbow_flex.pos=+86.54 wrist_flex.pos=+69.63 wrist_roll.pos=-1.93 gripper.pos=+0.37
DEBUG 2026-09-03 08:20:49 [action #377] t=15.53s step=376 queue=14 dmax=0.815 | shoulder_pan.pos=-4.40 shoulder_lift.pos=-101.06 elbow_flex.pos=+86.23 wrist_flex.pos=+70.44 wrist_roll.pos=-1.80 gripper.pos=+0.46
DEBUG 2026-09-03 08:20:49 [action #378] t=15.56s step=377 queue=13 dmax=1.251 | shoulder_pan.pos=-4.13 shoulder_lift.pos=-101.34 elbow_flex.pos=+86.54 wrist_flex.pos=+71.69 wrist_roll.pos=-1.72 gripper.pos=+0.43
DEBUG 2026-09-03 08:20:49 [action #379] t=15.59s step=378 queue=12 dmax=1.038 | shoulder_pan.pos=-4.10 shoulder_lift.pos=-101.28 elbow_flex.pos=+86.45 wrist_flex.pos=+72.73 wrist_roll.pos=-1.71 gripper.pos=+0.28
DEBUG 2026-09-03 08:20:49 [action #380] t=15.63s step=379 queue=11 dmax=1.303 | shoulder_pan.pos=-4.10 shoulder_lift.pos=-101.16 elbow_flex.pos=+86.27 wrist_flex.pos=+74.04 wrist_roll.pos=-1.70 gripper.pos=+0.36
DEBUG 2026-09-03 08:20:49 [action #381] t=15.66s step=380 queue=10 dmax=1.001 | shoulder_pan.pos=-4.07 shoulder_lift.pos=-101.02 elbow_flex.pos=+86.12 wrist_flex.pos=+75.04 wrist_roll.pos=-1.72 gripper.pos=+0.30
DEBUG 2026-09-03 08:20:49 [action #382] t=15.69s step=381 queue=9 dmax=0.738 | shoulder_pan.pos=-4.23 shoulder_lift.pos=-101.02 elbow_flex.pos=+86.62 wrist_flex.pos=+75.77 wrist_roll.pos=-1.68 gripper.pos=+0.39
DEBUG 2026-09-03 08:20:49 [action #383] t=15.73s step=382 queue=8 dmax=0.534 | shoulder_pan.pos=-4.42 shoulder_lift.pos=-101.43 elbow_flex.pos=+86.42 wrist_flex.pos=+76.31 wrist_roll.pos=-1.68 gripper.pos=+0.39
DEBUG 2026-09-03 08:20:49 [action #384] t=15.76s step=383 queue=7 dmax=0.868 | shoulder_pan.pos=-4.66 shoulder_lift.pos=-100.57 elbow_flex.pos=+86.04 wrist_flex.pos=+76.46 wrist_roll.pos=-1.72 gripper.pos=+0.29
DEBUG 2026-09-03 08:20:50 [action #385] t=15.79s step=384 queue=6 dmax=0.638 | shoulder_pan.pos=-4.45 shoulder_lift.pos=-100.80 elbow_flex.pos=+86.68 wrist_flex.pos=+76.80 wrist_roll.pos=-1.74 gripper.pos=+0.32
DEBUG 2026-09-03 08:20:50 [action #386] t=15.83s step=385 queue=5 dmax=0.109 | shoulder_pan.pos=-4.40 shoulder_lift.pos=-100.69 elbow_flex.pos=+86.63 wrist_flex.pos=+76.87 wrist_roll.pos=-1.72 gripper.pos=+0.34
DEBUG 2026-09-03 08:20:50 [action #387] t=15.86s step=386 queue=4 dmax=0.498 | shoulder_pan.pos=-4.49 shoulder_lift.pos=-100.88 elbow_flex.pos=+87.13 wrist_flex.pos=+77.16 wrist_roll.pos=-1.74 gripper.pos=+0.22
DEBUG 2026-09-03 08:20:50 [action #388] t=15.89s step=387 queue=3 dmax=0.710 | shoulder_pan.pos=-4.64 shoulder_lift.pos=-100.85 elbow_flex.pos=+86.41 wrist_flex.pos=+77.37 wrist_roll.pos=-1.67 gripper.pos=+0.31
DEBUG 2026-09-03 08:20:50 [action #389] t=15.93s step=388 queue=2 dmax=0.595 | shoulder_pan.pos=-4.79 shoulder_lift.pos=-101.44 elbow_flex.pos=+86.92 wrist_flex.pos=+77.23 wrist_roll.pos=-1.70 gripper.pos=+0.30
DEBUG 2026-09-03 08:20:50 [action #390] t=15.96s step=389 queue=1 dmax=0.305 | shoulder_pan.pos=-4.92 shoulder_lift.pos=-101.33 elbow_flex.pos=+86.66 wrist_flex.pos=+77.53 wrist_roll.pos=-1.81 gripper.pos=+0.31
DEBUG 2026-09-03 08:20:50 [chunk] received 50 actions, timesteps 365..414 | first: shoulder_pan.pos=+3.32 shoulder_lift.pos=-47.31 elbow_flex.pos=+44.45 wrist_flex.pos=+71.61 wrist_roll.pos=-1.83 gripper.pos=+0.48 | last: shoulder_pan.pos=-4.48 shoulder_lift.pos=-101.37 elbow_flex.pos=+89.66 wrist_flex.pos=+76.40 wrist_roll.pos=-1.46 gripper.pos=+0.78
DEBUG 2026-09-03 08:20:50 [action #391] t=16.13s step=390 queue=25 dmax=15.773 | shoulder_pan.pos=-6.05 shoulder_lift.pos=-85.91 elbow_flex.pos=+77.98 wrist_flex.pos=+61.76 wrist_roll.pos=-1.84 gripper.pos=+0.85
DEBUG 2026-09-03 08:20:50 [action #392] t=16.16s step=391 queue=24 dmax=1.393 | shoulder_pan.pos=-6.11 shoulder_lift.pos=-87.30 elbow_flex.pos=+78.71 wrist_flex.pos=+61.99 wrist_roll.pos=-2.00 gripper.pos=+0.91
DEBUG 2026-09-03 08:20:50 [action #393] t=16.20s step=392 queue=23 dmax=1.087 | shoulder_pan.pos=-5.92 shoulder_lift.pos=-88.37 elbow_flex.pos=+79.80 wrist_flex.pos=+61.64 wrist_roll.pos=-1.82 gripper.pos=+1.02
DEBUG 2026-09-03 08:20:50 [action #394] t=16.23s step=393 queue=22 dmax=1.864 | shoulder_pan.pos=-5.49 shoulder_lift.pos=-90.23 elbow_flex.pos=+80.66 wrist_flex.pos=+61.91 wrist_roll.pos=-1.94 gripper.pos=+0.88
DEBUG 2026-09-03 08:20:50 [action #395] t=16.26s step=394 queue=21 dmax=1.581 | shoulder_pan.pos=-5.83 shoulder_lift.pos=-91.71 elbow_flex.pos=+82.24 wrist_flex.pos=+61.96 wrist_roll.pos=-1.88 gripper.pos=+0.83
DEBUG 2026-09-03 08:20:50 [action #396] t=16.30s step=395 queue=20 dmax=0.702 | shoulder_pan.pos=-5.49 shoulder_lift.pos=-92.42 elbow_flex.pos=+82.57 wrist_flex.pos=+62.26 wrist_roll.pos=-1.88 gripper.pos=+0.99
DEBUG 2026-09-03 08:20:50 [action #397] t=16.33s step=396 queue=19 dmax=2.342 | shoulder_pan.pos=-5.42 shoulder_lift.pos=-94.76 elbow_flex.pos=+84.46 wrist_flex.pos=+62.79 wrist_roll.pos=-1.82 gripper.pos=+0.64
DEBUG 2026-09-03 08:20:50 [action #398] t=16.36s step=397 queue=18 dmax=0.923 | shoulder_pan.pos=-5.32 shoulder_lift.pos=-95.68 elbow_flex.pos=+85.05 wrist_flex.pos=+63.18 wrist_roll.pos=-1.84 gripper.pos=+0.77
DEBUG 2026-09-03 08:20:50 [action #399] t=16.40s step=398 queue=17 dmax=1.066 | shoulder_pan.pos=-5.22 shoulder_lift.pos=-96.75 elbow_flex.pos=+84.85 wrist_flex.pos=+64.00 wrist_roll.pos=-1.78 gripper.pos=+0.81
DEBUG 2026-09-03 08:20:50 [action #400] t=16.43s step=399 queue=16 dmax=1.636 | shoulder_pan.pos=-4.90 shoulder_lift.pos=-98.38 elbow_flex.pos=+86.16 wrist_flex.pos=+65.16 wrist_roll.pos=-1.90 gripper.pos=+0.85
DEBUG 2026-09-03 08:20:50 [action #401] t=16.46s step=400 queue=15 dmax=0.802 | shoulder_pan.pos=-4.70 shoulder_lift.pos=-99.00 elbow_flex.pos=+86.25 wrist_flex.pos=+65.96 wrist_roll.pos=-1.85 gripper.pos=+0.64
DEBUG 2026-09-03 08:20:50 [action #402] t=16.50s step=401 queue=14 dmax=1.447 | shoulder_pan.pos=-4.82 shoulder_lift.pos=-99.82 elbow_flex.pos=+87.01 wrist_flex.pos=+67.41 wrist_roll.pos=-1.87 gripper.pos=+0.78
DEBUG 2026-09-03 08:20:50 [action #403] t=16.53s step=402 queue=13 dmax=1.415 | shoulder_pan.pos=-4.92 shoulder_lift.pos=-100.78 elbow_flex.pos=+87.24 wrist_flex.pos=+68.82 wrist_roll.pos=-1.84 gripper.pos=+0.69
DEBUG 2026-09-03 08:20:50 [action #404] t=16.56s step=403 queue=12 dmax=1.283 | shoulder_pan.pos=-4.84 shoulder_lift.pos=-101.22 elbow_flex.pos=+87.23 wrist_flex.pos=+70.10 wrist_roll.pos=-1.87 gripper.pos=+0.76
DEBUG 2026-09-03 08:20:50 [action #405] t=16.60s step=404 queue=11 dmax=1.236 | shoulder_pan.pos=-4.81 shoulder_lift.pos=-101.25 elbow_flex.pos=+87.31 wrist_flex.pos=+71.34 wrist_roll.pos=-1.91 gripper.pos=+1.03
DEBUG 2026-09-03 08:20:50 [action #406] t=16.63s step=405 queue=10 dmax=1.102 | shoulder_pan.pos=-4.70 shoulder_lift.pos=-101.42 elbow_flex.pos=+87.64 wrist_flex.pos=+72.44 wrist_roll.pos=-1.89 gripper.pos=+0.79
DEBUG 2026-09-03 08:20:50 [action #407] t=16.66s step=406 queue=9 dmax=0.770 | shoulder_pan.pos=-4.49 shoulder_lift.pos=-101.71 elbow_flex.pos=+88.40 wrist_flex.pos=+73.19 wrist_roll.pos=-1.81 gripper.pos=+0.81
DEBUG 2026-09-03 08:20:50 [action #408] t=16.70s step=407 queue=8 dmax=0.461 | shoulder_pan.pos=-4.28 shoulder_lift.pos=-101.70 elbow_flex.pos=+88.41 wrist_flex.pos=+73.65 wrist_roll.pos=-1.83 gripper.pos=+0.78
DEBUG 2026-09-03 08:20:50 [action #409] t=16.73s step=408 queue=7 dmax=0.545 | shoulder_pan.pos=-4.28 shoulder_lift.pos=-101.16 elbow_flex.pos=+88.78 wrist_flex.pos=+74.00 wrist_roll.pos=-1.92 gripper.pos=+0.88
DEBUG 2026-09-03 08:20:50 [action #410] t=16.76s step=409 queue=6 dmax=0.508 | shoulder_pan.pos=-4.04 shoulder_lift.pos=-101.28 elbow_flex.pos=+89.00 wrist_flex.pos=+74.50 wrist_roll.pos=-1.78 gripper.pos=+0.83
DEBUG 2026-09-03 08:20:51 [action #411] t=16.80s step=410 queue=5 dmax=0.605 | shoulder_pan.pos=-3.87 shoulder_lift.pos=-101.39 elbow_flex.pos=+88.61 wrist_flex.pos=+75.11 wrist_roll.pos=-1.79 gripper.pos=+0.74
DEBUG 2026-09-03 08:20:51 [action #412] t=16.83s step=411 queue=4 dmax=0.565 | shoulder_pan.pos=-3.95 shoulder_lift.pos=-101.60 elbow_flex.pos=+88.74 wrist_flex.pos=+75.67 wrist_roll.pos=-1.47 gripper.pos=+0.72
DEBUG 2026-09-03 08:20:51 [action #413] t=16.86s step=412 queue=3 dmax=0.651 | shoulder_pan.pos=-4.07 shoulder_lift.pos=-101.29 elbow_flex.pos=+89.39 wrist_flex.pos=+76.01 wrist_roll.pos=-1.64 gripper.pos=+0.91
DEBUG 2026-09-03 08:20:51 [action #414] t=16.90s step=413 queue=2 dmax=0.106 | shoulder_pan.pos=-4.12 shoulder_lift.pos=-101.36 elbow_flex.pos=+89.50 wrist_flex.pos=+76.07 wrist_roll.pos=-1.57 gripper.pos=+0.93
DEBUG 2026-09-03 08:20:51 [action #415] t=16.93s step=414 queue=1 dmax=0.352 | shoulder_pan.pos=-4.48 shoulder_lift.pos=-101.37 elbow_flex.pos=+89.66 wrist_flex.pos=+76.40 wrist_roll.pos=-1.46 gripper.pos=+0.78
DEBUG 2026-09-03 08:20:51 [chunk] received 50 actions, timesteps 389..438 | first: shoulder_pan.pos=-4.51 shoulder_lift.pos=-101.00 elbow_flex.pos=+87.65 wrist_flex.pos=+77.57 wrist_roll.pos=-1.68 gripper.pos=+0.28 | last: shoulder_pan.pos=-4.44 shoulder_lift.pos=-101.78 elbow_flex.pos=+88.24 wrist_flex.pos=+78.02 wrist_roll.pos=-1.66 gripper.pos=+0.31
DEBUG 2026-09-03 08:20:51 [action #416] t=17.13s step=415 queue=24 dmax=1.892 | shoulder_pan.pos=-4.41 shoulder_lift.pos=-101.75 elbow_flex.pos=+88.34 wrist_flex.pos=+78.29 wrist_roll.pos=-1.70 gripper.pos=+0.38
DEBUG 2026-09-03 08:20:51 [action #417] t=17.17s step=416 queue=23 dmax=0.649 | shoulder_pan.pos=-4.53 shoulder_lift.pos=-101.66 elbow_flex.pos=+87.69 wrist_flex.pos=+78.37 wrist_roll.pos=-1.69 gripper.pos=+0.37
DEBUG 2026-09-03 08:20:51 [action #418] t=17.20s step=417 queue=22 dmax=0.740 | shoulder_pan.pos=-4.48 shoulder_lift.pos=-101.73 elbow_flex.pos=+88.43 wrist_flex.pos=+78.31 wrist_roll.pos=-1.69 gripper.pos=+0.46
DEBUG 2026-09-03 08:20:51 [action #419] t=17.23s step=418 queue=21 dmax=0.167 | shoulder_pan.pos=-4.48 shoulder_lift.pos=-101.76 elbow_flex.pos=+88.26 wrist_flex.pos=+78.33 wrist_roll.pos=-1.64 gripper.pos=+0.33
DEBUG 2026-09-03 08:20:51 [action #420] t=17.27s step=419 queue=20 dmax=0.608 | shoulder_pan.pos=-4.68 shoulder_lift.pos=-101.15 elbow_flex.pos=+88.28 wrist_flex.pos=+78.28 wrist_roll.pos=-1.74 gripper.pos=+0.34
DEBUG 2026-09-03 08:20:51 [action #421] t=17.30s step=420 queue=19 dmax=0.319 | shoulder_pan.pos=-4.36 shoulder_lift.pos=-101.28 elbow_flex.pos=+88.25 wrist_flex.pos=+78.22 wrist_roll.pos=-1.70 gripper.pos=+0.32
DEBUG 2026-09-03 08:20:51 [action #422] t=17.33s step=421 queue=18 dmax=0.249 | shoulder_pan.pos=-4.39 shoulder_lift.pos=-101.52 elbow_flex.pos=+88.33 wrist_flex.pos=+78.26 wrist_roll.pos=-1.66 gripper.pos=+0.25
DEBUG 2026-09-03 08:20:51 [action #423] t=17.37s step=422 queue=17 dmax=0.345 | shoulder_pan.pos=-4.45 shoulder_lift.pos=-101.73 elbow_flex.pos=+87.99 wrist_flex.pos=+78.30 wrist_roll.pos=-1.74 gripper.pos=+0.33
DEBUG 2026-09-03 08:20:51 [action #424] t=17.40s step=423 queue=16 dmax=0.589 | shoulder_pan.pos=-4.54 shoulder_lift.pos=-101.29 elbow_flex.pos=+88.58 wrist_flex.pos=+78.27 wrist_roll.pos=-1.74 gripper.pos=+0.37
DEBUG 2026-09-03 08:20:51 [action #425] t=17.43s step=424 queue=15 dmax=0.413 | shoulder_pan.pos=-4.42 shoulder_lift.pos=-101.39 elbow_flex.pos=+88.16 wrist_flex.pos=+78.14 wrist_roll.pos=-1.73 gripper.pos=+0.42
DEBUG 2026-09-03 08:20:51 [action #426] t=17.47s step=425 queue=14 dmax=0.461 | shoulder_pan.pos=-4.62 shoulder_lift.pos=-101.85 elbow_flex.pos=+88.11 wrist_flex.pos=+78.27 wrist_roll.pos=-1.70 gripper.pos=+0.37
DEBUG 2026-09-03 08:20:51 [action #427] t=17.50s step=426 queue=13 dmax=0.318 | shoulder_pan.pos=-4.35 shoulder_lift.pos=-101.54 elbow_flex.pos=+87.81 wrist_flex.pos=+78.32 wrist_roll.pos=-1.67 gripper.pos=+0.41
DEBUG 2026-09-03 08:20:51 [action #428] t=17.53s step=427 queue=12 dmax=0.354 | shoulder_pan.pos=-4.36 shoulder_lift.pos=-101.46 elbow_flex.pos=+88.17 wrist_flex.pos=+78.30 wrist_roll.pos=-1.75 gripper.pos=+0.34
DEBUG 2026-09-03 08:20:51 [action #429] t=17.57s step=428 queue=11 dmax=0.380 | shoulder_pan.pos=-4.47 shoulder_lift.pos=-101.80 elbow_flex.pos=+87.79 wrist_flex.pos=+78.26 wrist_roll.pos=-1.74 gripper.pos=+0.36
DEBUG 2026-09-03 08:20:51 [action #430] t=17.60s step=429 queue=10 dmax=0.457 | shoulder_pan.pos=-4.48 shoulder_lift.pos=-101.59 elbow_flex.pos=+88.24 wrist_flex.pos=+78.17 wrist_roll.pos=-1.80 gripper.pos=+0.36
DEBUG 2026-09-03 08:20:51 [action #431] t=17.63s step=430 queue=9 dmax=0.484 | shoulder_pan.pos=-4.48 shoulder_lift.pos=-101.11 elbow_flex.pos=+87.95 wrist_flex.pos=+78.27 wrist_roll.pos=-1.79 gripper.pos=+0.41
DEBUG 2026-09-03 08:20:51 [action #432] t=17.67s step=431 queue=8 dmax=0.268 | shoulder_pan.pos=-4.43 shoulder_lift.pos=-101.38 elbow_flex.pos=+88.00 wrist_flex.pos=+78.22 wrist_roll.pos=-1.72 gripper.pos=+0.34
DEBUG 2026-09-03 08:20:51 [action #433] t=17.70s step=432 queue=7 dmax=0.319 | shoulder_pan.pos=-4.39 shoulder_lift.pos=-101.32 elbow_flex.pos=+88.32 wrist_flex.pos=+78.02 wrist_roll.pos=-1.72 gripper.pos=+0.30
DEBUG 2026-09-03 08:20:51 [action #434] t=17.73s step=433 queue=6 dmax=0.345 | shoulder_pan.pos=-4.53 shoulder_lift.pos=-101.44 elbow_flex.pos=+87.97 wrist_flex.pos=+78.22 wrist_roll.pos=-1.77 gripper.pos=+0.30
DEBUG 2026-09-03 08:20:51 [action #435] t=17.77s step=434 queue=5 dmax=0.654 | shoulder_pan.pos=-4.49 shoulder_lift.pos=-101.22 elbow_flex.pos=+88.63 wrist_flex.pos=+78.16 wrist_roll.pos=-1.71 gripper.pos=+0.30
DEBUG 2026-09-03 08:20:52 [action #436] t=17.80s step=435 queue=4 dmax=0.469 | shoulder_pan.pos=-4.31 shoulder_lift.pos=-101.40 elbow_flex.pos=+88.16 wrist_flex.pos=+78.25 wrist_roll.pos=-1.70 gripper.pos=+0.44
DEBUG 2026-09-03 08:20:52 [action #437] t=17.83s step=436 queue=3 dmax=0.218 | shoulder_pan.pos=-4.53 shoulder_lift.pos=-101.41 elbow_flex.pos=+88.30 wrist_flex.pos=+78.21 wrist_roll.pos=-1.68 gripper.pos=+0.37
DEBUG 2026-09-03 08:20:52 [action #438] t=17.87s step=437 queue=2 dmax=0.265 | shoulder_pan.pos=-4.36 shoulder_lift.pos=-101.14 elbow_flex.pos=+88.49 wrist_flex.pos=+78.23 wrist_roll.pos=-1.74 gripper.pos=+0.35
DEBUG 2026-09-03 08:20:52 [action #439] t=17.90s step=438 queue=1 dmax=0.636 | shoulder_pan.pos=-4.44 shoulder_lift.pos=-101.78 elbow_flex.pos=+88.24 wrist_flex.pos=+78.02 wrist_roll.pos=-1.66 gripper.pos=+0.31
DEBUG 2026-09-03 08:20:52 [chunk] received 50 actions, timesteps 414..463 | first: shoulder_pan.pos=-4.46 shoulder_lift.pos=-102.60 elbow_flex.pos=+89.76 wrist_flex.pos=+76.86 wrist_roll.pos=-1.71 gripper.pos=+0.46 | last: shoulder_pan.pos=-4.73 shoulder_lift.pos=-102.61 elbow_flex.pos=+88.31 wrist_flex.pos=+77.57 wrist_roll.pos=-1.74 gripper.pos=+0.57
DEBUG 2026-09-03 08:20:52 [action #440] t=18.07s step=439 queue=25 dmax=0.843 | shoulder_pan.pos=-4.46 shoulder_lift.pos=-101.68 elbow_flex.pos=+89.09 wrist_flex.pos=+77.42 wrist_roll.pos=-1.80 gripper.pos=+0.54
DEBUG 2026-09-03 08:20:52 [chunk] received 50 actions, timesteps 438..487 | first: shoulder_pan.pos=-4.25 shoulder_lift.pos=-102.49 elbow_flex.pos=+89.37 wrist_flex.pos=+77.34 wrist_roll.pos=-1.68 gripper.pos=+0.44 | last: shoulder_pan.pos=-4.40 shoulder_lift.pos=-102.56 elbow_flex.pos=+88.86 wrist_flex.pos=+77.59 wrist_roll.pos=-1.63 gripper.pos=+0.46
INFO 2026-09-03 08:20:58 Final action sent: shoulder_pan.pos=-4.46 shoulder_lift.pos=-101.68 elbow_flex.pos=+89.09 wrist_flex.pos=+77.42 wrist_roll.pos=-1.80 gripper.pos=+0.54
DEBUG 2026-09-03 08:20:58 === episode end | 24.1s | converged=True | actions=440 ===
