INFO 2026-09-03 06:04:19 strator.py:1230 Decomposing high-level prompt (round 1): 'put everything on the tray'
INFO 2026-09-03 06:04:19 estrator.py:949 Saved VLM frame: runs/run_2026-09-03_06-00-35/01/decompose_20260903_060419.png
  Generated 20 tokens in 4.3s (4.7 tok/s)

Identification output:
{"visible_objects": ["plush toy", "banana", "tray", "table"]}
INFO 2026-09-03 06:04:24 estrator.py:619 Identified objects (4): ['plush toy', 'banana', 'tray', 'table']
  Generated 71 tokens in 6.0s (11.9 tok/s)
INFO 2026-09-03 06:04:30 estrator.py:624 Raw VLM decomposition output (243 chars): '{\n  "visible_objects": ["plush toy", "banana", "tray", "table"],\n  "excluded_objects": [],\n  "completed_objects": [],\n  "allowed_objects": ["plush toy", "banana"],\n  "subtasks": ["put the plush toy on the tray", "put the banana on the tray"]\n}'

Visible: ['plush toy', 'banana', 'tray', 'table']
Excluded: []
Completed: []
Allowed: ['plush toy', 'banana']

Parsed 2 sub-tasks:
  1. put the plush toy on the tray
  2. put the banana on the tray
INFO 2026-09-03 06:04:30 strator.py:1248 Sub-task queue (2):
INFO 2026-09-03 06:04:30 strator.py:1250   1. put the plush toy on the tray
INFO 2026-09-03 06:04:30 strator.py:1250   2. put the banana on the tray
INFO 2026-09-03 06:04:30 strator.py:1301 [1] Executing sub-task: 'put the plush toy on the tray' (1 retries left)
INFO 2026-09-03 06:04:30 nt_loop.py:1049 VLA inputs for this episode -> vla_failure_test/plush/067_plush/
INFO 2026-09-03 06:04:30 ent_loop.py:689 Control loop started | task: 'put the plush toy on the tray' | duration: 50.0s
INFO 2026-09-03 06:04:30 ent_loop.py:603 Action receiver thread started
INFO 2026-09-03 06:05:00 ent_loop.py:913 Episode finished: 30.5s, converged=True, max_displacement=182.6039, actions=544
INFO 2026-09-03 06:05:00 ent_loop.py:409 Returning to home position...
INFO 2026-09-03 06:05:02 ent_loop.py:422 Home position reached.
INFO 2026-09-03 06:05:05 estrator.py:979 Saved VLM eval recap (32 frames): runs/run_2026-09-03_06-00-35/01/eval_task1_20260903_060502_recap.png
INFO 2026-09-03 06:05:05 strator.py:1407 Evaluation observation: video clip (32 frames over 21.7s of a 30.5s episode, 1.43 fps)
  Generated 22 tokens in 2.0s (11.1 tok/s)
INFO 2026-09-03 06:05:07 estrator.py:705 Raw eval output: {"success": true, "reason": "The plush toy is now on the tray as instructed."}
INFO 2026-09-03 06:05:07 strator.py:1449 VLM judgement: success=True | failure_type=RETRY | The plush toy is now on the tray as instructed.
INFO 2026-09-03 06:05:07 strator.py:1301 [2] Executing sub-task: 'put the banana on the tray' (1 retries left)
INFO 2026-09-03 06:05:07 nt_loop.py:1049 VLA inputs for this episode -> vla_failure_test/banana/068_banana/
INFO 2026-09-03 06:05:07 ent_loop.py:689 Control loop started | task: 'put the banana on the tray' | duration: 50.0s
INFO 2026-09-03 06:05:07 ent_loop.py:603 Action receiver thread started
INFO 2026-09-03 06:05:28 ent_loop.py:913 Episode finished: 20.8s, converged=True, max_displacement=174.8884, actions=418
INFO 2026-09-03 06:05:28 ent_loop.py:409 Returning to home position...
INFO 2026-09-03 06:05:30 ent_loop.py:422 Home position reached.
INFO 2026-09-03 06:05:32 estrator.py:979 Saved VLM eval recap (32 frames): runs/run_2026-09-03_06-00-35/01/eval_task2_20260903_060530_recap.png
INFO 2026-09-03 06:05:32 strator.py:1407 Evaluation observation: video clip (32 frames over 15.4s of a 20.8s episode, 2.01 fps)
  Generated 21 tokens in 1.9s (11.3 tok/s)
INFO 2026-09-03 06:05:34 estrator.py:705 Raw eval output: {"success": true, "reason": "The banana is now on the tray as instructed."}
INFO 2026-09-03 06:05:34 strator.py:1449 VLM judgement: success=True | failure_type=RETRY | The banana is now on the tray as instructed.
INFO 2026-09-03 06:05:34 strator.py:1577 Running final evaluation against the original prompt...
INFO 2026-09-03 06:05:34 estrator.py:949 Saved VLM frame: runs/run_2026-09-03_06-00-35/01/final_eval_20260903_060534.png
  Generated 142 tokens in 9.1s (15.7 tok/s)

Scene survey output:
{
  "object_locations": [
    {
      "object": "banana",
      "evidence": "lying on the bare table, touching the edge of the pink tray, partially inside it",
      "support": "tray"
    },
    {
      "object": "plush toy",
      "evidence": "lying on the bare table, touching the edge of the pink tray, partially inside it",
      "support": "tray"
    },
    {
      "object": "brown pouch",
      "evidence": "lying on the bare table, to the left of the tray, clear of its rim",
      "support": "table"
    }
  ]
}
INFO 2026-09-03 06:05:44 estrator.py:738 Final-eval surveyed 3 object(s):
INFO 2026-09-03 06:05:44 estrator.py:740   banana -> tray (lying on the bare table, touching the edge of the pink tray, partially inside it)
INFO 2026-09-03 06:05:44 estrator.py:740   plush toy -> tray (lying on the bare table, touching the edge of the pink tray, partially inside it)
INFO 2026-09-03 06:05:44 estrator.py:740   brown pouch -> table (lying on the bare table, to the left of the tray, clear of its rim)
  Generated 36 tokens in 2.3s (15.7 tok/s)
INFO 2026-09-03 06:05:46 estrator.py:787 Raw final-judge output: {"reason": "The brown pouch is still on the table and not on the tray, while the banana and plush toy are correctly on the tray.", "success": false}
INFO 2026-09-03 06:05:46 strator.py:1585 FINAL VLM judgement for 'put everything on the tray' (round 1): success=False | The brown pouch is still on the table and not on the tray, while the banana and plush toy are correctly on the tray.
INFO 2026-09-03 06:05:46 strator.py:1598 Round 1 complete for: 'put everything on the tray'
INFO 2026-09-03 06:05:46 strator.py:1599   Completed 2/2 sub-tasks planned this round: ['put the plush toy on the tray', 'put the banana on the tray']
INFO 2026-09-03 06:05:46 strator.py:1157 Carrying 2 completed sub-task(s) into the re-decompose: ['put the plush toy on the tray', 'put the banana on the tray']
INFO 2026-09-03 06:05:46 strator.py:1159 Retry context passed to the planner:
A previous attempt at this same instruction was judged INCOMPLETE by the evaluator, who reported:
The brown pouch is still on the table and not on the tray, while the banana and plush toy are correctly on the tray.

These sub-tasks were already executed and verified complete in the previous attempt:
- put the plush toy on the tray
- put the banana on the tray
The objects they name are already at their destinations. Put those objects in completed_objects, NOT in allowed_objects, and do not plan any sub-task for them.

The camera image shows the CURRENT scene, after that attempt. The image is GROUND TRUTH: where the evaluator's report and the image disagree, believe the image.

Plan only the work that still REMAINS to satisfy the original instruction. If an object is already at its destination in the image, list it in completed_objects — do not put it in allowed_objects and do not give it a sub-task. Do not move any object the instruction says to leave alone; those go in excluded_objects.

Remember the invariant: every object in allowed_objects gets exactly one sub-task. Never return an empty subtasks list while allowed_objects is non-empty — an object that needs no action belongs in completed_objects.
WARNING 2026-09-03 06:05:46 strator.py:1160 Final evaluation judged 'put everything on the tray' INCOMPLETE: The brown pouch is still on the table and not on the tray, while the banana and plush toy are correctly on the tray. — running the whole loop again.
INFO 2026-09-03 06:05:46 strator.py:1106 ============================================================
INFO 2026-09-03 06:05:46 strator.py:1107 ROUND 2 for 'put everything on the tray' — re-decomposing against the current scene (0 retry round(s) left after this one).
INFO 2026-09-03 06:05:46 strator.py:1110 ============================================================
INFO 2026-09-03 06:05:46 strator.py:1230 Decomposing high-level prompt (round 2): 'put everything on the tray'
INFO 2026-09-03 06:05:46 estrator.py:949 Saved VLM frame: runs/run_2026-09-03_06-00-35/01/decompose_round2_20260903_060546.png
  Generated 18 tokens in 1.2s (15.2 tok/s)

Identification output:
{"visible_objects": ["banana", "toy", "tray", "table"]}
INFO 2026-09-03 06:05:47 estrator.py:619 Identified objects (4): ['banana', 'toy', 'tray', 'table']
  Generated 51 tokens in 3.3s (15.4 tok/s)
INFO 2026-09-03 06:05:51 estrator.py:624 Raw VLM decomposition output (170 chars): '{\n  "visible_objects": ["banana", "toy", "tray", "table"],\n  "excluded_objects": [],\n  "completed_objects": ["banana", "toy"],\n  "allowed_objects": [],\n  "subtasks": []\n}'

Visible: ['banana', 'toy', 'tray', 'table']
Excluded: []
Completed: ['banana', 'toy']
Allowed: []

Parsed 0 sub-tasks:
INFO 2026-09-03 06:05:51 strator.py:1248 Sub-task queue (0):
INFO 2026-09-03 06:05:51 strator.py:1577 Running final evaluation against the original prompt...
INFO 2026-09-03 06:05:51 estrator.py:949 Saved VLM frame: runs/run_2026-09-03_06-00-35/01/final_eval_round2_20260903_060551.png
  Generated 139 tokens in 8.8s (15.8 tok/s)

Scene survey output:
{
  "object_locations": [
    {
      "object": "banana",
      "evidence": "lying on the bare table, touching the pink tray's rim on its right side",
      "support": "tray"
    },
    {
      "object": "plush toy",
      "evidence": "lying on the bare table, touching the pink tray's rim on its right side",
      "support": "tray"
    },
    {
      "object": "brown pouch",
      "evidence": "lying on the bare table, to the left of the tray and the plush toy",
      "support": "table"
    }
  ]
}
INFO 2026-09-03 06:05:59 estrator.py:738 Final-eval surveyed 3 object(s):
INFO 2026-09-03 06:05:59 estrator.py:740   banana -> tray (lying on the bare table, touching the pink tray's rim on its right side)
INFO 2026-09-03 06:05:59 estrator.py:740   plush toy -> tray (lying on the bare table, touching the pink tray's rim on its right side)
INFO 2026-09-03 06:05:59 estrator.py:740   brown pouch -> table (lying on the bare table, to the left of the tray and the plush toy)
  Generated 36 tokens in 2.3s (15.5 tok/s)
INFO 2026-09-03 06:06:02 estrator.py:787 Raw final-judge output: {"reason": "The brown pouch is still on the table and not on the tray, while the banana and plush toy are correctly on the tray.", "success": false}
INFO 2026-09-03 06:06:02 strator.py:1585 FINAL VLM judgement for 'put everything on the tray' (round 2): success=False | The brown pouch is still on the table and not on the tray, while the banana and plush toy are correctly on the tray.
INFO 2026-09-03 06:06:02 strator.py:1598 Round 2 complete for: 'put everything on the tray'
INFO 2026-09-03 06:06:02 strator.py:1599   Completed 0/0 sub-tasks planned this round: []
WARNING 2026-09-03 06:06:02 strator.py:1128 High-level task 'put everything on the tray' judged INCOMPLETE after 2 round(s) and no retry rounds remain: The brown pouch is still on the table and not on the tray, while the banana and plush toy are correctly on the tray.
