DEBUG 2026-09-03 09:43:49 === episode start | task: 'put the cylinder on the tray' | duration: 50.0s ===
DEBUG 2026-09-03 09:43:50 [chunk] dropped stale chunk (ts0=591 > max_sent=0)
DEBUG 2026-09-03 09:43:51 [chunk] received 50 actions, timesteps 0..49 | first: shoulder_pan.pos=-4.29 shoulder_lift.pos=-102.45 elbow_flex.pos=+89.07 wrist_flex.pos=+75.83 wrist_roll.pos=+0.10 gripper.pos=+0.22 | last: shoulder_pan.pos=-14.71 shoulder_lift.pos=-101.35 elbow_flex.pos=+86.95 wrist_flex.pos=+77.25 wrist_roll.pos=-2.34 gripper.pos=+0.22
DEBUG 2026-09-03 09:43:51 [action #1] t=1.77s step=0 queue=50 dmax=n/a | shoulder_pan.pos=-4.29 shoulder_lift.pos=-102.45 elbow_flex.pos=+89.07 wrist_flex.pos=+75.83 wrist_roll.pos=+0.10 gripper.pos=+0.22
DEBUG 2026-09-03 09:43:51 [action #2] t=1.81s step=1 queue=49 dmax=0.304 | shoulder_pan.pos=-4.18 shoulder_lift.pos=-102.25 elbow_flex.pos=+88.77 wrist_flex.pos=+75.87 wrist_roll.pos=-0.02 gripper.pos=+0.18
DEBUG 2026-09-03 09:43:51 [action #3] t=1.84s step=2 queue=48 dmax=0.564 | shoulder_pan.pos=-4.19 shoulder_lift.pos=-102.82 elbow_flex.pos=+88.59 wrist_flex.pos=+75.82 wrist_roll.pos=+0.02 gripper.pos=+0.23
DEBUG 2026-09-03 09:43:51 [action #4] t=1.87s step=3 queue=47 dmax=1.079 | shoulder_pan.pos=-4.30 shoulder_lift.pos=-103.03 elbow_flex.pos=+89.67 wrist_flex.pos=+75.82 wrist_roll.pos=-0.06 gripper.pos=+0.22
DEBUG 2026-09-03 09:43:51 [action #5] t=1.91s step=4 queue=46 dmax=0.580 | shoulder_pan.pos=-4.33 shoulder_lift.pos=-102.97 elbow_flex.pos=+89.09 wrist_flex.pos=+75.68 wrist_roll.pos=-0.08 gripper.pos=+0.23
DEBUG 2026-09-03 09:43:51 [action #6] t=1.94s step=5 queue=45 dmax=0.454 | shoulder_pan.pos=-4.45 shoulder_lift.pos=-102.52 elbow_flex.pos=+89.13 wrist_flex.pos=+75.82 wrist_roll.pos=+0.04 gripper.pos=+0.15
DEBUG 2026-09-03 09:43:51 [action #7] t=1.97s step=6 queue=44 dmax=0.204 | shoulder_pan.pos=-4.57 shoulder_lift.pos=-102.50 elbow_flex.pos=+88.93 wrist_flex.pos=+75.95 wrist_roll.pos=+0.04 gripper.pos=+0.12
DEBUG 2026-09-03 09:43:51 [action #8] t=2.01s step=7 queue=43 dmax=0.264 | shoulder_pan.pos=-4.59 shoulder_lift.pos=-102.76 elbow_flex.pos=+88.68 wrist_flex.pos=+76.06 wrist_roll.pos=+0.06 gripper.pos=+0.28
DEBUG 2026-09-03 09:43:51 [action #9] t=2.04s step=8 queue=42 dmax=0.743 | shoulder_pan.pos=-4.62 shoulder_lift.pos=-102.68 elbow_flex.pos=+89.43 wrist_flex.pos=+76.18 wrist_roll.pos=+0.08 gripper.pos=+0.19
DEBUG 2026-09-03 09:43:51 [action #10] t=2.07s step=9 queue=41 dmax=0.468 | shoulder_pan.pos=-4.92 shoulder_lift.pos=-102.21 elbow_flex.pos=+89.06 wrist_flex.pos=+76.11 wrist_roll.pos=+0.10 gripper.pos=+0.36
DEBUG 2026-09-03 09:43:51 [action #11] t=2.11s step=10 queue=40 dmax=0.396 | shoulder_pan.pos=-5.05 shoulder_lift.pos=-101.96 elbow_flex.pos=+88.67 wrist_flex.pos=+76.28 wrist_roll.pos=+0.14 gripper.pos=+0.21
DEBUG 2026-09-03 09:43:51 [action #12] t=2.14s step=11 queue=39 dmax=0.748 | shoulder_pan.pos=-5.27 shoulder_lift.pos=-102.71 elbow_flex.pos=+88.49 wrist_flex.pos=+76.73 wrist_roll.pos=+0.05 gripper.pos=+0.25
DEBUG 2026-09-03 09:43:51 [action #13] t=2.17s step=12 queue=38 dmax=0.505 | shoulder_pan.pos=-5.78 shoulder_lift.pos=-102.41 elbow_flex.pos=+88.75 wrist_flex.pos=+76.70 wrist_roll.pos=-0.06 gripper.pos=+0.13
DEBUG 2026-09-03 09:43:51 [action #14] t=2.21s step=13 queue=37 dmax=0.580 | shoulder_pan.pos=-6.36 shoulder_lift.pos=-102.06 elbow_flex.pos=+88.18 wrist_flex.pos=+76.92 wrist_roll.pos=-0.28 gripper.pos=+0.20
DEBUG 2026-09-03 09:43:52 [action #15] t=2.24s step=14 queue=36 dmax=0.931 | shoulder_pan.pos=-7.29 shoulder_lift.pos=-102.46 elbow_flex.pos=+88.19 wrist_flex.pos=+77.14 wrist_roll.pos=-0.61 gripper.pos=+0.23
DEBUG 2026-09-03 09:43:52 [action #16] t=2.27s step=15 queue=35 dmax=0.940 | shoulder_pan.pos=-8.23 shoulder_lift.pos=-102.19 elbow_flex.pos=+88.34 wrist_flex.pos=+77.20 wrist_roll.pos=-1.19 gripper.pos=+0.26
DEBUG 2026-09-03 09:43:52 [action #17] t=2.31s step=16 queue=34 dmax=0.970 | shoulder_pan.pos=-9.17 shoulder_lift.pos=-102.17 elbow_flex.pos=+87.37 wrist_flex.pos=+77.27 wrist_roll.pos=-1.66 gripper.pos=+0.21
DEBUG 2026-09-03 09:43:52 [action #18] t=2.34s step=17 queue=33 dmax=1.013 | shoulder_pan.pos=-10.18 shoulder_lift.pos=-101.72 elbow_flex.pos=+87.86 wrist_flex.pos=+77.26 wrist_roll.pos=-2.22 gripper.pos=+0.30
DEBUG 2026-09-03 09:43:52 [action #19] t=2.37s step=18 queue=32 dmax=0.761 | shoulder_pan.pos=-10.94 shoulder_lift.pos=-101.50 elbow_flex.pos=+87.69 wrist_flex.pos=+77.11 wrist_roll.pos=-2.66 gripper.pos=+0.22
DEBUG 2026-09-03 09:43:52 [action #20] t=2.41s step=19 queue=31 dmax=1.126 | shoulder_pan.pos=-11.61 shoulder_lift.pos=-101.55 elbow_flex.pos=+86.93 wrist_flex.pos=+77.16 wrist_roll.pos=-3.78 gripper.pos=+0.25
DEBUG 2026-09-03 09:43:52 [action #21] t=2.44s step=20 queue=30 dmax=0.775 | shoulder_pan.pos=-12.12 shoulder_lift.pos=-101.70 elbow_flex.pos=+87.56 wrist_flex.pos=+77.36 wrist_roll.pos=-4.56 gripper.pos=+0.32
DEBUG 2026-09-03 09:43:52 [action #22] t=2.48s step=21 queue=29 dmax=0.476 | shoulder_pan.pos=-12.56 shoulder_lift.pos=-101.53 elbow_flex.pos=+87.09 wrist_flex.pos=+77.35 wrist_roll.pos=-4.76 gripper.pos=+0.35
DEBUG 2026-09-03 09:43:52 [action #23] t=2.51s step=22 queue=28 dmax=0.773 | shoulder_pan.pos=-13.33 shoulder_lift.pos=-102.10 elbow_flex.pos=+87.27 wrist_flex.pos=+77.41 wrist_roll.pos=-5.23 gripper.pos=+0.43
DEBUG 2026-09-03 09:43:52 [action #24] t=2.54s step=23 queue=27 dmax=0.428 | shoulder_pan.pos=-13.69 shoulder_lift.pos=-101.67 elbow_flex.pos=+87.13 wrist_flex.pos=+77.28 wrist_roll.pos=-5.27 gripper.pos=+0.44
DEBUG 2026-09-03 09:43:52 [action #25] t=2.58s step=24 queue=26 dmax=0.492 | shoulder_pan.pos=-14.18 shoulder_lift.pos=-101.66 elbow_flex.pos=+86.81 wrist_flex.pos=+77.53 wrist_roll.pos=-5.20 gripper.pos=+0.56
DEBUG 2026-09-03 09:43:52 [action #26] t=2.61s step=25 queue=25 dmax=0.328 | shoulder_pan.pos=-14.51 shoulder_lift.pos=-101.94 elbow_flex.pos=+86.93 wrist_flex.pos=+77.22 wrist_roll.pos=-5.22 gripper.pos=+0.46
DEBUG 2026-09-03 09:43:52 [action #27] t=2.64s step=26 queue=24 dmax=0.378 | shoulder_pan.pos=-14.89 shoulder_lift.pos=-101.95 elbow_flex.pos=+86.83 wrist_flex.pos=+77.23 wrist_roll.pos=-5.06 gripper.pos=+0.48
DEBUG 2026-09-03 09:43:52 [action #28] t=2.68s step=27 queue=23 dmax=0.424 | shoulder_pan.pos=-15.01 shoulder_lift.pos=-101.53 elbow_flex.pos=+87.03 wrist_flex.pos=+77.31 wrist_roll.pos=-4.89 gripper.pos=+0.52
DEBUG 2026-09-03 09:43:52 [action #29] t=2.71s step=28 queue=22 dmax=0.349 | shoulder_pan.pos=-15.26 shoulder_lift.pos=-101.80 elbow_flex.pos=+87.02 wrist_flex.pos=+77.27 wrist_roll.pos=-4.54 gripper.pos=+0.37
DEBUG 2026-09-03 09:43:52 [action #30] t=2.74s step=29 queue=21 dmax=0.256 | shoulder_pan.pos=-15.25 shoulder_lift.pos=-101.98 elbow_flex.pos=+87.28 wrist_flex.pos=+77.42 wrist_roll.pos=-4.46 gripper.pos=+0.61
DEBUG 2026-09-03 09:43:52 [action #31] t=2.78s step=30 queue=20 dmax=0.360 | shoulder_pan.pos=-15.23 shoulder_lift.pos=-101.79 elbow_flex.pos=+86.92 wrist_flex.pos=+77.18 wrist_roll.pos=-4.24 gripper.pos=+0.46
DEBUG 2026-09-03 09:43:52 [chunk] received 50 actions, timesteps 3..52 | first: shoulder_pan.pos=-4.36 shoulder_lift.pos=-102.23 elbow_flex.pos=+88.31 wrist_flex.pos=+76.80 wrist_roll.pos=-0.29 gripper.pos=+0.19 | last: shoulder_pan.pos=-8.14 shoulder_lift.pos=-101.59 elbow_flex.pos=+88.37 wrist_flex.pos=+77.07 wrist_roll.pos=-0.49 gripper.pos=+0.11
DEBUG 2026-09-03 09:43:52 [action #32] t=2.81s step=31 queue=22 dmax=6.461 | shoulder_pan.pos=-8.77 shoulder_lift.pos=-101.96 elbow_flex.pos=+88.32 wrist_flex.pos=+77.37 wrist_roll.pos=-1.51 gripper.pos=+0.20
DEBUG 2026-09-03 09:43:52 [action #33] t=2.84s step=32 queue=21 dmax=0.498 | shoulder_pan.pos=-8.78 shoulder_lift.pos=-101.46 elbow_flex.pos=+88.11 wrist_flex.pos=+77.33 wrist_roll.pos=-1.49 gripper.pos=+0.26
DEBUG 2026-09-03 09:43:52 [action #34] t=2.88s step=33 queue=20 dmax=0.287 | shoulder_pan.pos=-8.76 shoulder_lift.pos=-101.75 elbow_flex.pos=+88.27 wrist_flex.pos=+77.41 wrist_roll.pos=-1.48 gripper.pos=+0.20
DEBUG 2026-09-03 09:43:52 [action #35] t=2.91s step=34 queue=19 dmax=0.257 | shoulder_pan.pos=-8.88 shoulder_lift.pos=-101.97 elbow_flex.pos=+88.02 wrist_flex.pos=+77.35 wrist_roll.pos=-1.38 gripper.pos=+0.21
DEBUG 2026-09-03 09:43:52 [action #36] t=2.94s step=35 queue=18 dmax=0.214 | shoulder_pan.pos=-8.82 shoulder_lift.pos=-102.08 elbow_flex.pos=+88.23 wrist_flex.pos=+77.19 wrist_roll.pos=-1.40 gripper.pos=+0.24
DEBUG 2026-09-03 09:43:52 [action #37] t=2.98s step=36 queue=17 dmax=0.281 | shoulder_pan.pos=-8.82 shoulder_lift.pos=-101.80 elbow_flex.pos=+87.97 wrist_flex.pos=+77.32 wrist_roll.pos=-1.33 gripper.pos=+0.17
DEBUG 2026-09-03 09:43:52 [action #38] t=3.01s step=37 queue=16 dmax=0.232 | shoulder_pan.pos=-8.81 shoulder_lift.pos=-101.77 elbow_flex.pos=+88.20 wrist_flex.pos=+77.35 wrist_roll.pos=-1.32 gripper.pos=+0.26
DEBUG 2026-09-03 09:43:52 [action #39] t=3.04s step=38 queue=15 dmax=0.249 | shoulder_pan.pos=-8.65 shoulder_lift.pos=-101.75 elbow_flex.pos=+87.95 wrist_flex.pos=+77.31 wrist_roll.pos=-1.25 gripper.pos=+0.23
DEBUG 2026-09-03 09:43:52 [action #40] t=3.08s step=39 queue=14 dmax=0.651 | shoulder_pan.pos=-8.75 shoulder_lift.pos=-101.91 elbow_flex.pos=+88.60 wrist_flex.pos=+77.26 wrist_roll.pos=-1.24 gripper.pos=+0.16
DEBUG 2026-09-03 09:43:52 [action #41] t=3.11s step=40 queue=13 dmax=0.531 | shoulder_pan.pos=-8.82 shoulder_lift.pos=-101.91 elbow_flex.pos=+88.07 wrist_flex.pos=+77.26 wrist_roll.pos=-1.23 gripper.pos=+0.29
DEBUG 2026-09-03 09:43:52 [action #42] t=3.14s step=41 queue=12 dmax=0.182 | shoulder_pan.pos=-8.81 shoulder_lift.pos=-101.74 elbow_flex.pos=+87.89 wrist_flex.pos=+77.30 wrist_roll.pos=-1.25 gripper.pos=+0.31
DEBUG 2026-09-03 09:43:52 [action #43] t=3.18s step=42 queue=11 dmax=0.384 | shoulder_pan.pos=-9.01 shoulder_lift.pos=-102.12 elbow_flex.pos=+87.79 wrist_flex.pos=+77.19 wrist_roll.pos=-1.24 gripper.pos=+0.22
DEBUG 2026-09-03 09:43:52 [action #44] t=3.21s step=43 queue=10 dmax=0.345 | shoulder_pan.pos=-9.13 shoulder_lift.pos=-102.27 elbow_flex.pos=+88.13 wrist_flex.pos=+77.26 wrist_roll.pos=-1.28 gripper.pos=+0.22
DEBUG 2026-09-03 09:43:53 [action #45] t=3.24s step=44 queue=9 dmax=0.405 | shoulder_pan.pos=-9.26 shoulder_lift.pos=-101.87 elbow_flex.pos=+87.86 wrist_flex.pos=+77.21 wrist_roll.pos=-1.17 gripper.pos=+0.26
DEBUG 2026-09-03 09:43:53 [action #46] t=3.28s step=45 queue=8 dmax=0.215 | shoulder_pan.pos=-9.47 shoulder_lift.pos=-101.83 elbow_flex.pos=+87.87 wrist_flex.pos=+77.18 wrist_roll.pos=-1.09 gripper.pos=+0.18
DEBUG 2026-09-03 09:43:53 [action #47] t=3.31s step=46 queue=7 dmax=0.387 | shoulder_pan.pos=-9.60 shoulder_lift.pos=-101.44 elbow_flex.pos=+88.08 wrist_flex.pos=+77.18 wrist_roll.pos=-1.08 gripper.pos=+0.13
DEBUG 2026-09-03 09:43:53 [action #48] t=3.34s step=47 queue=6 dmax=0.272 | shoulder_pan.pos=-9.63 shoulder_lift.pos=-101.71 elbow_flex.pos=+88.13 wrist_flex.pos=+77.15 wrist_roll.pos=-1.13 gripper.pos=+0.10
DEBUG 2026-09-03 09:43:53 [action #49] t=3.38s step=48 queue=5 dmax=0.282 | shoulder_pan.pos=-9.69 shoulder_lift.pos=-101.99 elbow_flex.pos=+88.28 wrist_flex.pos=+77.13 wrist_roll.pos=-1.07 gripper.pos=+0.10
DEBUG 2026-09-03 09:43:53 [action #50] t=3.41s step=49 queue=4 dmax=0.443 | shoulder_pan.pos=-9.81 shoulder_lift.pos=-101.55 elbow_flex.pos=+88.03 wrist_flex.pos=+77.20 wrist_roll.pos=-1.07 gripper.pos=+0.16
DEBUG 2026-09-03 09:43:53 [action #51] t=3.45s step=50 queue=3 dmax=1.931 | shoulder_pan.pos=-7.88 shoulder_lift.pos=-101.78 elbow_flex.pos=+88.26 wrist_flex.pos=+77.05 wrist_roll.pos=-0.51 gripper.pos=+0.06
DEBUG 2026-09-03 09:43:53 [action #52] t=3.48s step=51 queue=2 dmax=0.199 | shoulder_pan.pos=-7.91 shoulder_lift.pos=-101.89 elbow_flex.pos=+88.46 wrist_flex.pos=+77.18 wrist_roll.pos=-0.51 gripper.pos=+0.10
DEBUG 2026-09-03 09:43:53 [action #53] t=3.51s step=52 queue=1 dmax=0.294 | shoulder_pan.pos=-8.14 shoulder_lift.pos=-101.59 elbow_flex.pos=+88.37 wrist_flex.pos=+77.07 wrist_roll.pos=-0.49 gripper.pos=+0.11
DEBUG 2026-09-03 09:43:53 [chunk] received 50 actions, timesteps 30..79 | first: shoulder_pan.pos=-18.15 shoulder_lift.pos=-101.05 elbow_flex.pos=+87.17 wrist_flex.pos=+75.25 wrist_roll.pos=-2.06 gripper.pos=+0.28 | last: shoulder_pan.pos=-34.44 shoulder_lift.pos=-98.71 elbow_flex.pos=+83.02 wrist_flex.pos=+72.79 wrist_roll.pos=-3.44 gripper.pos=-0.10
DEBUG 2026-09-03 09:43:53 [action #54] t=3.71s step=53 queue=27 dmax=20.401 | shoulder_pan.pos=-28.54 shoulder_lift.pos=-101.25 elbow_flex.pos=+84.91 wrist_flex.pos=+74.53 wrist_roll.pos=-2.80 gripper.pos=+0.38
DEBUG 2026-09-03 09:43:53 [action #55] t=3.75s step=54 queue=26 dmax=0.673 | shoulder_pan.pos=-28.93 shoulder_lift.pos=-101.93 elbow_flex.pos=+85.14 wrist_flex.pos=+74.37 wrist_roll.pos=-2.86 gripper.pos=+0.38
DEBUG 2026-09-03 09:43:53 [action #56] t=3.78s step=55 queue=25 dmax=0.748 | shoulder_pan.pos=-29.28 shoulder_lift.pos=-101.18 elbow_flex.pos=+85.58 wrist_flex.pos=+74.38 wrist_roll.pos=-2.88 gripper.pos=+0.31
DEBUG 2026-09-03 09:43:53 [action #57] t=3.81s step=56 queue=24 dmax=0.798 | shoulder_pan.pos=-29.19 shoulder_lift.pos=-101.46 elbow_flex.pos=+84.79 wrist_flex.pos=+74.32 wrist_roll.pos=-2.87 gripper.pos=+0.32
DEBUG 2026-09-03 09:43:53 [action #58] t=3.85s step=57 queue=23 dmax=0.452 | shoulder_pan.pos=-29.38 shoulder_lift.pos=-101.01 elbow_flex.pos=+85.19 wrist_flex.pos=+74.16 wrist_roll.pos=-3.01 gripper.pos=+0.26
DEBUG 2026-09-03 09:43:53 [action #59] t=3.88s step=58 queue=22 dmax=0.649 | shoulder_pan.pos=-29.63 shoulder_lift.pos=-100.72 elbow_flex.pos=+84.55 wrist_flex.pos=+74.29 wrist_roll.pos=-2.91 gripper.pos=+0.27
DEBUG 2026-09-03 09:43:53 [action #60] t=3.91s step=59 queue=21 dmax=0.371 | shoulder_pan.pos=-30.01 shoulder_lift.pos=-101.04 elbow_flex.pos=+84.50 wrist_flex.pos=+74.28 wrist_roll.pos=-2.96 gripper.pos=+0.36
DEBUG 2026-09-03 09:43:53 [action #61] t=3.95s step=60 queue=20 dmax=0.463 | shoulder_pan.pos=-30.07 shoulder_lift.pos=-100.81 elbow_flex.pos=+84.04 wrist_flex.pos=+74.14 wrist_roll.pos=-2.95 gripper.pos=+0.31
DEBUG 2026-09-03 09:43:53 [action #62] t=3.98s step=61 queue=19 dmax=0.649 | shoulder_pan.pos=-30.62 shoulder_lift.pos=-101.33 elbow_flex.pos=+84.69 wrist_flex.pos=+74.01 wrist_roll.pos=-3.00 gripper.pos=+0.18
DEBUG 2026-09-03 09:43:53 [action #63] t=4.01s step=62 queue=18 dmax=0.671 | shoulder_pan.pos=-30.82 shoulder_lift.pos=-100.70 elbow_flex.pos=+84.02 wrist_flex.pos=+73.87 wrist_roll.pos=-3.02 gripper.pos=+0.14
DEBUG 2026-09-03 09:43:53 [action #64] t=4.05s step=63 queue=17 dmax=0.349 | shoulder_pan.pos=-31.17 shoulder_lift.pos=-100.62 elbow_flex.pos=+84.30 wrist_flex.pos=+74.06 wrist_roll.pos=-3.01 gripper.pos=+0.32
DEBUG 2026-09-03 09:43:53 [action #65] t=4.08s step=64 queue=16 dmax=0.698 | shoulder_pan.pos=-31.87 shoulder_lift.pos=-101.24 elbow_flex.pos=+84.53 wrist_flex.pos=+73.56 wrist_roll.pos=-3.18 gripper.pos=+0.22
DEBUG 2026-09-03 09:43:53 [action #66] t=4.11s step=65 queue=15 dmax=0.292 | shoulder_pan.pos=-31.83 shoulder_lift.pos=-101.18 elbow_flex.pos=+84.24 wrist_flex.pos=+73.30 wrist_roll.pos=-3.22 gripper.pos=+0.32
DEBUG 2026-09-03 09:43:53 [action #67] t=4.15s step=66 queue=14 dmax=0.417 | shoulder_pan.pos=-32.18 shoulder_lift.pos=-100.86 elbow_flex.pos=+83.82 wrist_flex.pos=+73.16 wrist_roll.pos=-3.20 gripper.pos=+0.31
DEBUG 2026-09-03 09:43:53 [action #68] t=4.18s step=67 queue=13 dmax=0.732 | shoulder_pan.pos=-32.40 shoulder_lift.pos=-100.13 elbow_flex.pos=+83.77 wrist_flex.pos=+72.97 wrist_roll.pos=-3.17 gripper.pos=+0.20
DEBUG 2026-09-03 09:43:53 [action #69] t=4.21s step=68 queue=12 dmax=0.475 | shoulder_pan.pos=-32.54 shoulder_lift.pos=-100.61 elbow_flex.pos=+84.10 wrist_flex.pos=+72.81 wrist_roll.pos=-3.25 gripper.pos=+0.15
DEBUG 2026-09-03 09:43:54 [action #70] t=4.25s step=69 queue=11 dmax=0.599 | shoulder_pan.pos=-32.77 shoulder_lift.pos=-100.61 elbow_flex.pos=+83.50 wrist_flex.pos=+72.87 wrist_roll.pos=-3.30 gripper.pos=+0.13
DEBUG 2026-09-03 09:43:54 [action #71] t=4.28s step=70 queue=10 dmax=0.455 | shoulder_pan.pos=-33.09 shoulder_lift.pos=-100.65 elbow_flex.pos=+83.96 wrist_flex.pos=+72.83 wrist_roll.pos=-3.23 gripper.pos=+0.29
DEBUG 2026-09-03 09:43:54 [action #72] t=4.32s step=71 queue=9 dmax=0.243 | shoulder_pan.pos=-33.08 shoulder_lift.pos=-100.75 elbow_flex.pos=+83.94 wrist_flex.pos=+72.58 wrist_roll.pos=-3.32 gripper.pos=+0.17
DEBUG 2026-09-03 09:43:54 [action #73] t=4.35s step=72 queue=8 dmax=0.573 | shoulder_pan.pos=-33.38 shoulder_lift.pos=-100.17 elbow_flex.pos=+84.15 wrist_flex.pos=+72.53 wrist_roll.pos=-3.37 gripper.pos=+0.25
DEBUG 2026-09-03 09:43:54 [action #74] t=4.38s step=73 queue=7 dmax=0.281 | shoulder_pan.pos=-33.66 shoulder_lift.pos=-100.28 elbow_flex.pos=+84.33 wrist_flex.pos=+72.49 wrist_roll.pos=-3.28 gripper.pos=+0.19
DEBUG 2026-09-03 09:43:54 [action #75] t=4.42s step=74 queue=6 dmax=1.108 | shoulder_pan.pos=-33.77 shoulder_lift.pos=-99.17 elbow_flex.pos=+83.93 wrist_flex.pos=+72.47 wrist_roll.pos=-3.39 gripper.pos=-0.11
DEBUG 2026-09-03 09:43:54 [action #76] t=4.45s step=75 queue=5 dmax=0.679 | shoulder_pan.pos=-33.84 shoulder_lift.pos=-99.35 elbow_flex.pos=+83.25 wrist_flex.pos=+72.38 wrist_roll.pos=-3.36 gripper.pos=+0.09
DEBUG 2026-09-03 09:43:54 [action #77] t=4.48s step=76 queue=4 dmax=0.699 | shoulder_pan.pos=-34.01 shoulder_lift.pos=-98.65 elbow_flex.pos=+83.30 wrist_flex.pos=+72.38 wrist_roll.pos=-3.44 gripper.pos=+0.11
DEBUG 2026-09-03 09:43:54 [action #78] t=4.52s step=77 queue=3 dmax=0.460 | shoulder_pan.pos=-34.05 shoulder_lift.pos=-98.79 elbow_flex.pos=+82.84 wrist_flex.pos=+72.68 wrist_roll.pos=-3.48 gripper.pos=-0.03
DEBUG 2026-09-03 09:43:54 [action #79] t=4.55s step=78 queue=2 dmax=0.610 | shoulder_pan.pos=-34.52 shoulder_lift.pos=-98.71 elbow_flex.pos=+83.45 wrist_flex.pos=+72.83 wrist_roll.pos=-3.47 gripper.pos=-0.08
DEBUG 2026-09-03 09:43:54 [action #80] t=4.58s step=79 queue=1 dmax=0.427 | shoulder_pan.pos=-34.44 shoulder_lift.pos=-98.71 elbow_flex.pos=+83.02 wrist_flex.pos=+72.79 wrist_roll.pos=-3.44 gripper.pos=-0.10
DEBUG 2026-09-03 09:43:54 [chunk] received 50 actions, timesteps 52..101 | first: shoulder_pan.pos=-10.15 shoulder_lift.pos=-102.02 elbow_flex.pos=+88.27 wrist_flex.pos=+76.35 wrist_roll.pos=-1.04 gripper.pos=+0.30 | last: shoulder_pan.pos=-28.96 shoulder_lift.pos=-100.92 elbow_flex.pos=+84.48 wrist_flex.pos=+75.33 wrist_roll.pos=-4.13 gripper.pos=+0.23
DEBUG 2026-09-03 09:43:54 [action #81] t=4.62s step=80 queue=22 dmax=14.391 | shoulder_pan.pos=-20.05 shoulder_lift.pos=-102.08 elbow_flex.pos=+85.58 wrist_flex.pos=+76.57 wrist_roll.pos=-1.17 gripper.pos=+0.27
DEBUG 2026-09-03 09:43:54 [action #82] t=4.65s step=81 queue=21 dmax=0.526 | shoulder_pan.pos=-20.58 shoulder_lift.pos=-102.14 elbow_flex.pos=+86.08 wrist_flex.pos=+76.77 wrist_roll.pos=-1.13 gripper.pos=+0.26
DEBUG 2026-09-03 09:43:54 [action #83] t=4.68s step=82 queue=20 dmax=0.936 | shoulder_pan.pos=-21.52 shoulder_lift.pos=-102.01 elbow_flex.pos=+85.64 wrist_flex.pos=+76.68 wrist_roll.pos=-1.17 gripper.pos=+0.23
DEBUG 2026-09-03 09:43:54 [action #84] t=4.72s step=83 queue=19 dmax=0.727 | shoulder_pan.pos=-22.09 shoulder_lift.pos=-101.28 elbow_flex.pos=+85.82 wrist_flex.pos=+76.74 wrist_roll.pos=-1.27 gripper.pos=+0.38
DEBUG 2026-09-03 09:43:54 [action #85] t=4.75s step=84 queue=18 dmax=0.657 | shoulder_pan.pos=-22.75 shoulder_lift.pos=-101.75 elbow_flex.pos=+86.32 wrist_flex.pos=+76.55 wrist_roll.pos=-1.18 gripper.pos=+0.33
DEBUG 2026-09-03 09:43:54 [action #86] t=4.78s step=85 queue=17 dmax=0.872 | shoulder_pan.pos=-23.62 shoulder_lift.pos=-101.70 elbow_flex.pos=+86.05 wrist_flex.pos=+76.60 wrist_roll.pos=-1.29 gripper.pos=+0.31
DEBUG 2026-09-03 09:43:54 [action #87] t=4.82s step=86 queue=16 dmax=0.747 | shoulder_pan.pos=-24.25 shoulder_lift.pos=-101.21 elbow_flex.pos=+86.80 wrist_flex.pos=+76.68 wrist_roll.pos=-1.24 gripper.pos=+0.50
DEBUG 2026-09-03 09:43:54 [action #88] t=4.85s step=87 queue=15 dmax=0.679 | shoulder_pan.pos=-24.88 shoulder_lift.pos=-101.63 elbow_flex.pos=+86.12 wrist_flex.pos=+76.44 wrist_roll.pos=-1.24 gripper.pos=+0.36
DEBUG 2026-09-03 09:43:54 [action #89] t=4.88s step=88 queue=14 dmax=0.336 | shoulder_pan.pos=-25.16 shoulder_lift.pos=-101.35 elbow_flex.pos=+86.45 wrist_flex.pos=+76.28 wrist_roll.pos=-1.28 gripper.pos=+0.19
DEBUG 2026-09-03 09:43:54 [action #90] t=4.92s step=89 queue=13 dmax=0.453 | shoulder_pan.pos=-25.62 shoulder_lift.pos=-101.48 elbow_flex.pos=+86.56 wrist_flex.pos=+76.32 wrist_roll.pos=-1.32 gripper.pos=+0.44
DEBUG 2026-09-03 09:43:54 [action #91] t=4.95s step=90 queue=12 dmax=0.504 | shoulder_pan.pos=-25.79 shoulder_lift.pos=-101.80 elbow_flex.pos=+86.06 wrist_flex.pos=+76.13 wrist_roll.pos=-1.34 gripper.pos=+0.49
DEBUG 2026-09-03 09:43:54 [action #92] t=4.98s step=91 queue=11 dmax=0.537 | shoulder_pan.pos=-26.33 shoulder_lift.pos=-101.82 elbow_flex.pos=+86.47 wrist_flex.pos=+75.86 wrist_roll.pos=-1.29 gripper.pos=+0.41
DEBUG 2026-09-03 09:43:54 [action #93] t=5.02s step=92 queue=10 dmax=0.404 | shoulder_pan.pos=-26.64 shoulder_lift.pos=-102.23 elbow_flex.pos=+86.16 wrist_flex.pos=+75.63 wrist_roll.pos=-1.35 gripper.pos=+0.42
DEBUG 2026-09-03 09:43:54 [action #94] t=5.05s step=93 queue=9 dmax=0.852 | shoulder_pan.pos=-26.55 shoulder_lift.pos=-101.37 elbow_flex.pos=+86.01 wrist_flex.pos=+75.39 wrist_roll.pos=-1.46 gripper.pos=+0.38
DEBUG 2026-09-03 09:43:54 [action #95] t=5.08s step=94 queue=8 dmax=0.217 | shoulder_pan.pos=-26.50 shoulder_lift.pos=-101.55 elbow_flex.pos=+86.13 wrist_flex.pos=+75.18 wrist_roll.pos=-1.51 gripper.pos=+0.42
DEBUG 2026-09-03 09:43:54 [action #96] t=5.12s step=95 queue=7 dmax=0.434 | shoulder_pan.pos=-26.67 shoulder_lift.pos=-101.11 elbow_flex.pos=+85.78 wrist_flex.pos=+75.10 wrist_roll.pos=-1.72 gripper.pos=+0.49
DEBUG 2026-09-03 09:43:54 [action #97] t=5.15s step=96 queue=6 dmax=0.831 | shoulder_pan.pos=-27.50 shoulder_lift.pos=-101.78 elbow_flex.pos=+85.67 wrist_flex.pos=+75.11 wrist_roll.pos=-2.14 gripper.pos=+0.15
DEBUG 2026-09-03 09:43:54 [action #98] t=5.18s step=97 queue=5 dmax=0.573 | shoulder_pan.pos=-27.74 shoulder_lift.pos=-101.21 elbow_flex.pos=+85.21 wrist_flex.pos=+75.28 wrist_roll.pos=-2.64 gripper.pos=+0.24
DEBUG 2026-09-03 09:43:55 [action #99] t=5.22s step=98 queue=4 dmax=0.866 | shoulder_pan.pos=-28.19 shoulder_lift.pos=-102.08 elbow_flex.pos=+84.93 wrist_flex.pos=+75.17 wrist_roll.pos=-3.10 gripper.pos=+0.27
DEBUG 2026-09-03 09:43:55 [action #100] t=5.25s step=99 queue=3 dmax=1.347 | shoulder_pan.pos=-28.37 shoulder_lift.pos=-100.73 elbow_flex.pos=+85.16 wrist_flex.pos=+75.19 wrist_roll.pos=-3.55 gripper.pos=+0.36
DEBUG 2026-09-03 09:43:55 [action #101] t=5.29s step=100 queue=2 dmax=0.530 | shoulder_pan.pos=-28.58 shoulder_lift.pos=-100.20 elbow_flex.pos=+85.25 wrist_flex.pos=+75.06 wrist_roll.pos=-3.91 gripper.pos=+0.37
DEBUG 2026-09-03 09:43:55 [action #102] t=5.32s step=101 queue=1 dmax=0.779 | shoulder_pan.pos=-28.96 shoulder_lift.pos=-100.92 elbow_flex.pos=+84.48 wrist_flex.pos=+75.33 wrist_roll.pos=-4.13 gripper.pos=+0.23
DEBUG 2026-09-03 09:43:55 [chunk] received 50 actions, timesteps 79..128 | first: shoulder_pan.pos=-37.63 shoulder_lift.pos=-96.35 elbow_flex.pos=+80.93 wrist_flex.pos=+72.02 wrist_roll.pos=-2.76 gripper.pos=+0.34 | last: shoulder_pan.pos=-38.87 shoulder_lift.pos=-63.58 elbow_flex.pos=+57.07 wrist_flex.pos=+67.87 wrist_roll.pos=-4.63 gripper.pos=+0.50
DEBUG 2026-09-03 09:43:55 [action #103] t=5.59s step=102 queue=27 dmax=8.008 | shoulder_pan.pos=-36.97 shoulder_lift.pos=-94.91 elbow_flex.pos=+77.70 wrist_flex.pos=+68.79 wrist_roll.pos=-2.26 gripper.pos=+0.33
DEBUG 2026-09-03 09:43:55 [action #104] t=5.62s step=103 queue=26 dmax=1.185 | shoulder_pan.pos=-37.02 shoulder_lift.pos=-93.72 elbow_flex.pos=+77.41 wrist_flex.pos=+68.60 wrist_roll.pos=-2.30 gripper.pos=+0.33
DEBUG 2026-09-03 09:43:55 [action #105] t=5.65s step=104 queue=25 dmax=1.529 | shoulder_pan.pos=-36.89 shoulder_lift.pos=-92.20 elbow_flex.pos=+76.27 wrist_flex.pos=+68.29 wrist_roll.pos=-2.23 gripper.pos=+0.32
DEBUG 2026-09-03 09:43:55 [action #106] t=5.69s step=105 queue=24 dmax=1.096 | shoulder_pan.pos=-37.04 shoulder_lift.pos=-91.10 elbow_flex.pos=+75.88 wrist_flex.pos=+68.02 wrist_roll.pos=-2.34 gripper.pos=+0.28
DEBUG 2026-09-03 09:43:55 [action #107] t=5.72s step=106 queue=23 dmax=1.105 | shoulder_pan.pos=-37.09 shoulder_lift.pos=-90.15 elbow_flex.pos=+74.78 wrist_flex.pos=+68.03 wrist_roll.pos=-2.31 gripper.pos=+0.30
DEBUG 2026-09-03 09:43:55 [action #108] t=5.75s step=107 queue=22 dmax=2.230 | shoulder_pan.pos=-37.05 shoulder_lift.pos=-87.92 elbow_flex.pos=+74.15 wrist_flex.pos=+67.60 wrist_roll.pos=-2.39 gripper.pos=+0.34
DEBUG 2026-09-03 09:43:55 [action #109] t=5.79s step=108 queue=21 dmax=1.376 | shoulder_pan.pos=-37.22 shoulder_lift.pos=-86.55 elbow_flex.pos=+72.96 wrist_flex.pos=+67.33 wrist_roll.pos=-2.38 gripper.pos=+0.40
DEBUG 2026-09-03 09:43:55 [action #110] t=5.82s step=109 queue=20 dmax=1.160 | shoulder_pan.pos=-37.13 shoulder_lift.pos=-85.42 elbow_flex.pos=+71.80 wrist_flex.pos=+67.31 wrist_roll.pos=-2.57 gripper.pos=+0.28
DEBUG 2026-09-03 09:43:55 [action #111] t=5.85s step=110 queue=19 dmax=2.016 | shoulder_pan.pos=-37.34 shoulder_lift.pos=-83.41 elbow_flex.pos=+70.99 wrist_flex.pos=+67.08 wrist_roll.pos=-2.70 gripper.pos=+0.44
DEBUG 2026-09-03 09:43:55 [action #112] t=5.89s step=111 queue=18 dmax=1.250 | shoulder_pan.pos=-37.35 shoulder_lift.pos=-82.16 elbow_flex.pos=+70.12 wrist_flex.pos=+66.92 wrist_roll.pos=-2.86 gripper.pos=+0.30
DEBUG 2026-09-03 09:43:55 [action #113] t=5.92s step=112 queue=17 dmax=1.848 | shoulder_pan.pos=-37.52 shoulder_lift.pos=-80.31 elbow_flex.pos=+68.67 wrist_flex.pos=+66.86 wrist_roll.pos=-3.18 gripper.pos=+0.35
DEBUG 2026-09-03 09:43:55 [action #114] t=5.95s step=113 queue=16 dmax=1.918 | shoulder_pan.pos=-37.38 shoulder_lift.pos=-78.39 elbow_flex.pos=+67.54 wrist_flex.pos=+66.55 wrist_roll.pos=-3.44 gripper.pos=+0.36
DEBUG 2026-09-03 09:43:55 [action #115] t=5.99s step=114 queue=15 dmax=1.587 | shoulder_pan.pos=-37.37 shoulder_lift.pos=-76.80 elbow_flex.pos=+66.64 wrist_flex.pos=+66.32 wrist_roll.pos=-4.00 gripper.pos=+0.47
DEBUG 2026-09-03 09:43:55 [action #116] t=6.02s step=115 queue=14 dmax=1.474 | shoulder_pan.pos=-37.30 shoulder_lift.pos=-75.33 elbow_flex.pos=+65.74 wrist_flex.pos=+66.05 wrist_roll.pos=-4.30 gripper.pos=+0.46
DEBUG 2026-09-03 09:43:55 [action #117] t=6.05s step=116 queue=13 dmax=1.429 | shoulder_pan.pos=-37.47 shoulder_lift.pos=-73.90 elbow_flex.pos=+64.90 wrist_flex.pos=+65.76 wrist_roll.pos=-4.54 gripper.pos=+0.41
DEBUG 2026-09-03 09:43:55 [action #118] t=6.09s step=117 queue=12 dmax=1.250 | shoulder_pan.pos=-37.53 shoulder_lift.pos=-72.65 elbow_flex.pos=+64.12 wrist_flex.pos=+65.81 wrist_roll.pos=-4.63 gripper.pos=+0.31
DEBUG 2026-09-03 09:43:55 [action #119] t=6.12s step=118 queue=11 dmax=0.887 | shoulder_pan.pos=-37.59 shoulder_lift.pos=-71.76 elbow_flex.pos=+63.91 wrist_flex.pos=+65.56 wrist_roll.pos=-4.52 gripper.pos=+0.29
DEBUG 2026-09-03 09:43:55 [action #120] t=6.15s step=119 queue=10 dmax=0.811 | shoulder_pan.pos=-37.83 shoulder_lift.pos=-71.02 elbow_flex.pos=+63.10 wrist_flex.pos=+65.92 wrist_roll.pos=-4.67 gripper.pos=+0.42
DEBUG 2026-09-03 09:43:55 [action #121] t=6.19s step=120 queue=9 dmax=1.026 | shoulder_pan.pos=-37.92 shoulder_lift.pos=-70.00 elbow_flex.pos=+62.93 wrist_flex.pos=+65.80 wrist_roll.pos=-4.58 gripper.pos=+0.38
DEBUG 2026-09-03 09:43:56 [action #122] t=6.22s step=121 queue=8 dmax=0.413 | shoulder_pan.pos=-38.05 shoulder_lift.pos=-69.66 elbow_flex.pos=+62.52 wrist_flex.pos=+65.81 wrist_roll.pos=-4.54 gripper.pos=+0.35
DEBUG 2026-09-03 09:43:56 [action #123] t=6.26s step=122 queue=7 dmax=0.810 | shoulder_pan.pos=-37.91 shoulder_lift.pos=-69.05 elbow_flex.pos=+61.71 wrist_flex.pos=+66.03 wrist_roll.pos=-4.52 gripper.pos=+0.41
DEBUG 2026-09-03 09:43:56 [action #124] t=6.29s step=123 queue=6 dmax=0.739 | shoulder_pan.pos=-38.19 shoulder_lift.pos=-68.31 elbow_flex.pos=+60.98 wrist_flex.pos=+66.22 wrist_roll.pos=-4.51 gripper.pos=+0.32
DEBUG 2026-09-03 09:43:56 [action #125] t=6.32s step=124 queue=5 dmax=1.326 | shoulder_pan.pos=-38.37 shoulder_lift.pos=-66.98 elbow_flex.pos=+60.56 wrist_flex.pos=+66.28 wrist_roll.pos=-4.50 gripper.pos=+0.34
DEBUG 2026-09-03 09:43:56 [action #126] t=6.36s step=125 queue=4 dmax=0.800 | shoulder_pan.pos=-38.56 shoulder_lift.pos=-66.49 elbow_flex.pos=+59.76 wrist_flex.pos=+66.97 wrist_roll.pos=-4.45 gripper.pos=+0.41
DEBUG 2026-09-03 09:43:56 [action #127] t=6.39s step=126 queue=3 dmax=1.172 | shoulder_pan.pos=-38.67 shoulder_lift.pos=-65.44 elbow_flex.pos=+58.59 wrist_flex.pos=+67.36 wrist_roll.pos=-4.51 gripper.pos=+0.39
DEBUG 2026-09-03 09:43:56 [chunk] received 50 actions, timesteps 101..150 | first: shoulder_pan.pos=-31.01 shoulder_lift.pos=-99.06 elbow_flex.pos=+82.11 wrist_flex.pos=+74.96 wrist_roll.pos=-2.51 gripper.pos=+0.19 | last: shoulder_pan.pos=-34.22 shoulder_lift.pos=-88.42 elbow_flex.pos=+72.10 wrist_flex.pos=+73.14 wrist_roll.pos=-3.67 gripper.pos=-0.17
DEBUG 2026-09-03 09:43:56 [action #128] t=6.42s step=127 queue=24 dmax=22.941 | shoulder_pan.pos=-35.55 shoulder_lift.pos=-88.38 elbow_flex.pos=+72.12 wrist_flex.pos=+71.71 wrist_roll.pos=-3.54 gripper.pos=+0.06
DEBUG 2026-09-03 09:43:56 [action #129] t=6.46s step=128 queue=23 dmax=0.405 | shoulder_pan.pos=-35.67 shoulder_lift.pos=-87.97 elbow_flex.pos=+71.89 wrist_flex.pos=+71.78 wrist_roll.pos=-3.51 gripper.pos=+0.11
DEBUG 2026-09-03 09:43:56 [action #130] t=6.49s step=129 queue=22 dmax=9.495 | shoulder_pan.pos=-34.00 shoulder_lift.pos=-97.47 elbow_flex.pos=+78.05 wrist_flex.pos=+73.48 wrist_roll.pos=-3.04 gripper.pos=-0.05
DEBUG 2026-09-03 09:43:56 [action #131] t=6.52s step=130 queue=21 dmax=0.875 | shoulder_pan.pos=-33.87 shoulder_lift.pos=-98.34 elbow_flex.pos=+78.05 wrist_flex.pos=+73.93 wrist_roll.pos=-3.11 gripper.pos=+0.01
DEBUG 2026-09-03 09:43:56 [action #132] t=6.56s step=131 queue=20 dmax=0.500 | shoulder_pan.pos=-33.94 shoulder_lift.pos=-97.84 elbow_flex.pos=+77.99 wrist_flex.pos=+73.81 wrist_roll.pos=-3.06 gripper.pos=-0.02
DEBUG 2026-09-03 09:43:56 [action #133] t=6.59s step=132 queue=19 dmax=0.417 | shoulder_pan.pos=-34.14 shoulder_lift.pos=-97.77 elbow_flex.pos=+77.58 wrist_flex.pos=+73.65 wrist_roll.pos=-3.05 gripper.pos=-0.03
DEBUG 2026-09-03 09:43:56 [action #134] t=6.62s step=133 queue=18 dmax=0.428 | shoulder_pan.pos=-34.04 shoulder_lift.pos=-97.34 elbow_flex.pos=+77.66 wrist_flex.pos=+73.84 wrist_roll.pos=-3.03 gripper.pos=-0.09
DEBUG 2026-09-03 09:43:56 [action #135] t=6.66s step=134 queue=17 dmax=0.765 | shoulder_pan.pos=-34.07 shoulder_lift.pos=-98.11 elbow_flex.pos=+77.53 wrist_flex.pos=+73.96 wrist_roll.pos=-3.00 gripper.pos=+0.04
DEBUG 2026-09-03 09:43:56 [action #136] t=6.69s step=135 queue=16 dmax=0.745 | shoulder_pan.pos=-34.35 shoulder_lift.pos=-97.77 elbow_flex.pos=+76.79 wrist_flex.pos=+74.09 wrist_roll.pos=-3.06 gripper.pos=-0.11
DEBUG 2026-09-03 09:43:56 [action #137] t=6.72s step=136 queue=15 dmax=0.162 | shoulder_pan.pos=-34.32 shoulder_lift.pos=-97.84 elbow_flex.pos=+76.91 wrist_flex.pos=+74.26 wrist_roll.pos=-3.07 gripper.pos=-0.03
DEBUG 2026-09-03 09:43:56 [action #138] t=6.76s step=137 queue=14 dmax=0.770 | shoulder_pan.pos=-34.27 shoulder_lift.pos=-97.07 elbow_flex.pos=+76.98 wrist_flex.pos=+73.92 wrist_roll.pos=-2.95 gripper.pos=-0.05
DEBUG 2026-09-03 09:43:56 [action #139] t=6.79s step=138 queue=13 dmax=0.690 | shoulder_pan.pos=-34.45 shoulder_lift.pos=-96.90 elbow_flex.pos=+76.29 wrist_flex.pos=+74.10 wrist_roll.pos=-3.07 gripper.pos=-0.16
DEBUG 2026-09-03 09:43:56 [action #140] t=6.82s step=139 queue=12 dmax=0.260 | shoulder_pan.pos=-34.34 shoulder_lift.pos=-96.64 elbow_flex.pos=+76.29 wrist_flex.pos=+74.26 wrist_roll.pos=-3.05 gripper.pos=-0.35
DEBUG 2026-09-03 09:43:56 [action #141] t=6.86s step=140 queue=11 dmax=0.391 | shoulder_pan.pos=-34.39 shoulder_lift.pos=-96.25 elbow_flex.pos=+76.23 wrist_flex.pos=+74.09 wrist_roll.pos=-3.26 gripper.pos=-0.10
DEBUG 2026-09-03 09:43:56 [action #142] t=6.89s step=141 queue=10 dmax=0.931 | shoulder_pan.pos=-34.10 shoulder_lift.pos=-95.32 elbow_flex.pos=+75.88 wrist_flex.pos=+74.22 wrist_roll.pos=-3.23 gripper.pos=-0.25
DEBUG 2026-09-03 09:43:56 [action #143] t=6.92s step=142 queue=9 dmax=0.994 | shoulder_pan.pos=-34.23 shoulder_lift.pos=-94.33 elbow_flex.pos=+75.44 wrist_flex.pos=+74.23 wrist_roll.pos=-3.24 gripper.pos=-0.31
DEBUG 2026-09-03 09:43:56 [action #144] t=6.96s step=143 queue=8 dmax=1.067 | shoulder_pan.pos=-34.37 shoulder_lift.pos=-93.42 elbow_flex.pos=+74.38 wrist_flex.pos=+74.14 wrist_roll.pos=-3.45 gripper.pos=-0.23
DEBUG 2026-09-03 09:43:56 [action #145] t=6.99s step=144 queue=7 dmax=0.428 | shoulder_pan.pos=-34.27 shoulder_lift.pos=-92.99 elbow_flex.pos=+74.24 wrist_flex.pos=+74.15 wrist_roll.pos=-3.48 gripper.pos=-0.19
DEBUG 2026-09-03 09:43:56 [action #146] t=7.02s step=145 queue=6 dmax=1.114 | shoulder_pan.pos=-34.37 shoulder_lift.pos=-91.87 elbow_flex.pos=+74.23 wrist_flex.pos=+74.21 wrist_roll.pos=-3.44 gripper.pos=-0.39
DEBUG 2026-09-03 09:43:56 [action #147] t=7.06s step=146 queue=5 dmax=0.774 | shoulder_pan.pos=-34.45 shoulder_lift.pos=-91.10 elbow_flex.pos=+73.84 wrist_flex.pos=+73.98 wrist_roll.pos=-3.43 gripper.pos=-0.30
DEBUG 2026-09-03 09:43:56 [action #148] t=7.09s step=147 queue=4 dmax=1.142 | shoulder_pan.pos=-34.47 shoulder_lift.pos=-89.96 elbow_flex.pos=+73.18 wrist_flex.pos=+73.92 wrist_roll.pos=-3.55 gripper.pos=-0.07
DEBUG 2026-09-03 09:43:56 [action #149] t=7.12s step=148 queue=3 dmax=0.356 | shoulder_pan.pos=-34.27 shoulder_lift.pos=-89.69 elbow_flex.pos=+73.04 wrist_flex.pos=+73.56 wrist_roll.pos=-3.58 gripper.pos=-0.22
DEBUG 2026-09-03 09:43:56 [action #150] t=7.16s step=149 queue=2 dmax=0.989 | shoulder_pan.pos=-34.23 shoulder_lift.pos=-88.70 elbow_flex.pos=+72.28 wrist_flex.pos=+73.29 wrist_roll.pos=-3.56 gripper.pos=-0.13
DEBUG 2026-09-03 09:43:56 [action #151] t=7.19s step=150 queue=1 dmax=0.278 | shoulder_pan.pos=-34.22 shoulder_lift.pos=-88.42 elbow_flex.pos=+72.10 wrist_flex.pos=+73.14 wrist_roll.pos=-3.67 gripper.pos=-0.17
DEBUG 2026-09-03 09:43:57 [chunk] received 50 actions, timesteps 126..175 | first: shoulder_pan.pos=-40.08 shoulder_lift.pos=-62.68 elbow_flex.pos=+60.09 wrist_flex.pos=+65.32 wrist_roll.pos=-4.32 gripper.pos=+0.58 | last: shoulder_pan.pos=-36.32 shoulder_lift.pos=-37.04 elbow_flex.pos=+43.13 wrist_flex.pos=+65.98 wrist_roll.pos=-5.53 gripper.pos=+19.50
DEBUG 2026-09-03 09:43:57 [action #152] t=7.36s step=151 queue=25 dmax=29.044 | shoulder_pan.pos=-35.29 shoulder_lift.pos=-59.38 elbow_flex.pos=+53.55 wrist_flex.pos=+67.28 wrist_roll.pos=-5.21 gripper.pos=+1.15
DEBUG 2026-09-03 09:43:57 [action #153] t=7.39s step=152 queue=24 dmax=0.891 | shoulder_pan.pos=-35.57 shoulder_lift.pos=-58.49 elbow_flex.pos=+53.40 wrist_flex.pos=+67.31 wrist_roll.pos=-5.11 gripper.pos=+1.22
DEBUG 2026-09-03 09:43:57 [action #154] t=7.43s step=153 queue=23 dmax=1.569 | shoulder_pan.pos=-35.40 shoulder_lift.pos=-57.24 elbow_flex.pos=+51.83 wrist_flex.pos=+67.21 wrist_roll.pos=-5.28 gripper.pos=+1.24
DEBUG 2026-09-03 09:43:57 [action #155] t=7.46s step=154 queue=22 dmax=1.380 | shoulder_pan.pos=-35.59 shoulder_lift.pos=-55.86 elbow_flex.pos=+51.35 wrist_flex.pos=+67.66 wrist_roll.pos=-5.30 gripper.pos=+1.29
DEBUG 2026-09-03 09:43:57 [action #156] t=7.49s step=155 queue=21 dmax=1.660 | shoulder_pan.pos=-35.58 shoulder_lift.pos=-55.01 elbow_flex.pos=+49.69 wrist_flex.pos=+67.82 wrist_roll.pos=-5.20 gripper.pos=+1.14
DEBUG 2026-09-03 09:43:57 [action #157] t=7.53s step=156 queue=20 dmax=1.614 | shoulder_pan.pos=-35.62 shoulder_lift.pos=-53.39 elbow_flex.pos=+49.13 wrist_flex.pos=+67.67 wrist_roll.pos=-5.16 gripper.pos=+1.26
DEBUG 2026-09-03 09:43:57 [action #158] t=7.56s step=157 queue=19 dmax=1.477 | shoulder_pan.pos=-35.78 shoulder_lift.pos=-52.55 elbow_flex.pos=+47.65 wrist_flex.pos=+68.08 wrist_roll.pos=-5.25 gripper.pos=+1.29
DEBUG 2026-09-03 09:43:57 [action #159] t=7.59s step=158 queue=18 dmax=2.443 | shoulder_pan.pos=-35.51 shoulder_lift.pos=-50.11 elbow_flex.pos=+47.31 wrist_flex.pos=+68.04 wrist_roll.pos=-5.25 gripper.pos=+1.31
DEBUG 2026-09-03 09:43:57 [action #160] t=7.63s step=159 queue=17 dmax=1.764 | shoulder_pan.pos=-35.61 shoulder_lift.pos=-49.50 elbow_flex.pos=+45.54 wrist_flex.pos=+68.17 wrist_roll.pos=-5.25 gripper.pos=+1.27
DEBUG 2026-09-03 09:43:57 [action #161] t=7.66s step=160 queue=16 dmax=1.951 | shoulder_pan.pos=-35.74 shoulder_lift.pos=-47.55 elbow_flex.pos=+44.89 wrist_flex.pos=+68.11 wrist_roll.pos=-5.28 gripper.pos=+1.45
DEBUG 2026-09-03 09:43:57 [action #162] t=7.69s step=161 queue=15 dmax=1.353 | shoulder_pan.pos=-35.62 shoulder_lift.pos=-46.20 elbow_flex.pos=+43.62 wrist_flex.pos=+68.10 wrist_roll.pos=-5.42 gripper.pos=+1.69
DEBUG 2026-09-03 09:43:57 [action #163] t=7.73s step=162 queue=14 dmax=1.390 | shoulder_pan.pos=-35.86 shoulder_lift.pos=-44.81 elbow_flex.pos=+42.30 wrist_flex.pos=+68.18 wrist_roll.pos=-5.52 gripper.pos=+1.70
DEBUG 2026-09-03 09:43:57 [action #164] t=7.76s step=163 queue=13 dmax=1.356 | shoulder_pan.pos=-35.98 shoulder_lift.pos=-43.45 elbow_flex.pos=+41.87 wrist_flex.pos=+67.79 wrist_roll.pos=-5.58 gripper.pos=+1.85
DEBUG 2026-09-03 09:43:57 [action #165] t=7.79s step=164 queue=12 dmax=1.425 | shoulder_pan.pos=-36.06 shoulder_lift.pos=-42.02 elbow_flex.pos=+42.22 wrist_flex.pos=+67.30 wrist_roll.pos=-5.64 gripper.pos=+2.19
DEBUG 2026-09-03 09:43:57 [action #166] t=7.83s step=165 queue=11 dmax=1.164 | shoulder_pan.pos=-36.04 shoulder_lift.pos=-40.86 elbow_flex.pos=+42.35 wrist_flex.pos=+66.95 wrist_roll.pos=-5.56 gripper.pos=+2.48
DEBUG 2026-09-03 09:43:57 [action #167] t=7.86s step=166 queue=10 dmax=0.567 | shoulder_pan.pos=-36.28 shoulder_lift.pos=-40.37 elbow_flex.pos=+41.81 wrist_flex.pos=+66.39 wrist_roll.pos=-5.65 gripper.pos=+2.92
DEBUG 2026-09-03 09:43:57 [action #168] t=7.89s step=167 queue=9 dmax=1.174 | shoulder_pan.pos=-35.99 shoulder_lift.pos=-39.91 elbow_flex.pos=+42.05 wrist_flex.pos=+66.01 wrist_roll.pos=-5.65 gripper.pos=+4.09
DEBUG 2026-09-03 09:43:57 [action #169] t=7.93s step=168 queue=8 dmax=1.493 | shoulder_pan.pos=-36.15 shoulder_lift.pos=-39.72 elbow_flex.pos=+41.49 wrist_flex.pos=+65.64 wrist_roll.pos=-5.55 gripper.pos=+5.58
DEBUG 2026-09-03 09:43:57 [action #170] t=7.96s step=169 queue=7 dmax=1.880 | shoulder_pan.pos=-36.35 shoulder_lift.pos=-39.85 elbow_flex.pos=+42.17 wrist_flex.pos=+65.31 wrist_roll.pos=-5.55 gripper.pos=+7.46
DEBUG 2026-09-03 09:43:57 [action #171] t=7.99s step=170 queue=6 dmax=2.609 | shoulder_pan.pos=-36.25 shoulder_lift.pos=-39.83 elbow_flex.pos=+43.11 wrist_flex.pos=+65.14 wrist_roll.pos=-5.53 gripper.pos=+10.07
DEBUG 2026-09-03 09:43:57 [action #172] t=8.03s step=171 queue=5 dmax=2.465 | shoulder_pan.pos=-36.39 shoulder_lift.pos=-39.59 elbow_flex.pos=+43.57 wrist_flex.pos=+65.34 wrist_roll.pos=-5.49 gripper.pos=+12.54
DEBUG 2026-09-03 09:43:57 [action #173] t=8.06s step=172 queue=4 dmax=2.432 | shoulder_pan.pos=-36.52 shoulder_lift.pos=-39.14 elbow_flex.pos=+43.10 wrist_flex.pos=+65.60 wrist_roll.pos=-5.49 gripper.pos=+14.97
DEBUG 2026-09-03 09:43:57 [action #174] t=8.09s step=173 queue=3 dmax=1.903 | shoulder_pan.pos=-36.61 shoulder_lift.pos=-38.53 elbow_flex.pos=+43.45 wrist_flex.pos=+65.57 wrist_roll.pos=-5.39 gripper.pos=+16.87
DEBUG 2026-09-03 09:43:57 [action #175] t=8.13s step=174 queue=2 dmax=1.357 | shoulder_pan.pos=-36.48 shoulder_lift.pos=-38.45 elbow_flex.pos=+42.93 wrist_flex.pos=+65.93 wrist_roll.pos=-5.59 gripper.pos=+18.23
DEBUG 2026-09-03 09:43:57 [action #176] t=8.16s step=175 queue=1 dmax=1.417 | shoulder_pan.pos=-36.32 shoulder_lift.pos=-37.04 elbow_flex.pos=+43.13 wrist_flex.pos=+65.98 wrist_roll.pos=-5.53 gripper.pos=+19.50
DEBUG 2026-09-03 09:43:58 [chunk] received 50 actions, timesteps 150..199 | first: shoulder_pan.pos=-35.66 shoulder_lift.pos=-85.42 elbow_flex.pos=+72.03 wrist_flex.pos=+71.35 wrist_roll.pos=-3.29 gripper.pos=+0.83 | last: shoulder_pan.pos=-30.43 shoulder_lift.pos=-95.79 elbow_flex.pos=+77.87 wrist_flex.pos=+71.39 wrist_roll.pos=-3.19 gripper.pos=+0.66
DEBUG 2026-09-03 09:43:58 [action #177] t=8.23s step=176 queue=24 dmax=60.208 | shoulder_pan.pos=-32.71 shoulder_lift.pos=-97.25 elbow_flex.pos=+79.54 wrist_flex.pos=+71.86 wrist_roll.pos=-2.94 gripper.pos=+0.82
DEBUG 2026-09-03 09:43:58 [action #178] t=8.26s step=177 queue=23 dmax=0.180 | shoulder_pan.pos=-32.72 shoulder_lift.pos=-97.28 elbow_flex.pos=+79.61 wrist_flex.pos=+71.86 wrist_roll.pos=-3.04 gripper.pos=+1.01
DEBUG 2026-09-03 09:43:58 [action #179] t=8.30s step=178 queue=22 dmax=0.233 | shoulder_pan.pos=-32.95 shoulder_lift.pos=-97.34 elbow_flex.pos=+79.60 wrist_flex.pos=+71.75 wrist_roll.pos=-3.10 gripper.pos=+0.82
DEBUG 2026-09-03 09:43:58 [action #180] t=8.33s step=179 queue=21 dmax=0.462 | shoulder_pan.pos=-33.01 shoulder_lift.pos=-97.37 elbow_flex.pos=+80.06 wrist_flex.pos=+71.75 wrist_roll.pos=-3.01 gripper.pos=+0.88
DEBUG 2026-09-03 09:43:58 [action #181] t=8.36s step=180 queue=20 dmax=0.349 | shoulder_pan.pos=-32.98 shoulder_lift.pos=-97.02 elbow_flex.pos=+79.93 wrist_flex.pos=+71.54 wrist_roll.pos=-3.08 gripper.pos=+0.89
DEBUG 2026-09-03 09:43:58 [action #182] t=8.40s step=181 queue=19 dmax=0.238 | shoulder_pan.pos=-33.12 shoulder_lift.pos=-97.24 elbow_flex.pos=+79.90 wrist_flex.pos=+71.78 wrist_roll.pos=-3.14 gripper.pos=+0.77
DEBUG 2026-09-03 09:43:58 [action #183] t=8.43s step=182 queue=18 dmax=0.179 | shoulder_pan.pos=-33.15 shoulder_lift.pos=-97.23 elbow_flex.pos=+79.85 wrist_flex.pos=+71.60 wrist_roll.pos=-3.03 gripper.pos=+0.86
DEBUG 2026-09-03 09:43:58 [action #184] t=8.46s step=183 queue=17 dmax=0.550 | shoulder_pan.pos=-33.11 shoulder_lift.pos=-97.12 elbow_flex.pos=+80.40 wrist_flex.pos=+71.68 wrist_roll.pos=-3.01 gripper.pos=+0.76
DEBUG 2026-09-03 09:43:58 [action #185] t=8.50s step=184 queue=16 dmax=0.765 | shoulder_pan.pos=-32.95 shoulder_lift.pos=-96.35 elbow_flex.pos=+80.10 wrist_flex.pos=+71.38 wrist_roll.pos=-3.07 gripper.pos=+0.74
DEBUG 2026-09-03 09:43:58 [action #186] t=8.53s step=185 queue=15 dmax=0.410 | shoulder_pan.pos=-32.95 shoulder_lift.pos=-96.76 elbow_flex.pos=+79.98 wrist_flex.pos=+71.60 wrist_roll.pos=-3.02 gripper.pos=+0.78
DEBUG 2026-09-03 09:43:58 [action #187] t=8.56s step=186 queue=14 dmax=0.377 | shoulder_pan.pos=-32.96 shoulder_lift.pos=-96.55 elbow_flex.pos=+80.35 wrist_flex.pos=+71.30 wrist_roll.pos=-3.12 gripper.pos=+0.64
DEBUG 2026-09-03 09:43:58 [action #188] t=8.60s step=187 queue=13 dmax=0.387 | shoulder_pan.pos=-32.74 shoulder_lift.pos=-96.16 elbow_flex.pos=+80.01 wrist_flex.pos=+71.22 wrist_roll.pos=-3.07 gripper.pos=+0.66
DEBUG 2026-09-03 09:43:58 [action #189] t=8.63s step=188 queue=12 dmax=0.538 | shoulder_pan.pos=-32.88 shoulder_lift.pos=-96.70 elbow_flex.pos=+80.09 wrist_flex.pos=+71.27 wrist_roll.pos=-3.07 gripper.pos=+0.76
DEBUG 2026-09-03 09:43:58 [action #190] t=8.66s step=189 queue=11 dmax=0.619 | shoulder_pan.pos=-32.79 shoulder_lift.pos=-96.94 elbow_flex.pos=+79.47 wrist_flex.pos=+71.32 wrist_roll.pos=-3.05 gripper.pos=+0.65
DEBUG 2026-09-03 09:43:58 [action #191] t=8.70s step=190 queue=10 dmax=0.924 | shoulder_pan.pos=-32.89 shoulder_lift.pos=-96.01 elbow_flex.pos=+79.55 wrist_flex.pos=+71.40 wrist_roll.pos=-3.07 gripper.pos=+0.74
DEBUG 2026-09-03 09:43:58 [action #192] t=8.73s step=191 queue=9 dmax=0.516 | shoulder_pan.pos=-32.76 shoulder_lift.pos=-95.50 elbow_flex.pos=+79.80 wrist_flex.pos=+71.36 wrist_roll.pos=-3.00 gripper.pos=+0.69
DEBUG 2026-09-03 09:43:58 [action #193] t=8.76s step=192 queue=8 dmax=0.696 | shoulder_pan.pos=-32.63 shoulder_lift.pos=-95.48 elbow_flex.pos=+79.11 wrist_flex.pos=+71.32 wrist_roll.pos=-3.02 gripper.pos=+0.63
DEBUG 2026-09-03 09:43:58 [action #194] t=8.80s step=193 queue=7 dmax=0.462 | shoulder_pan.pos=-32.66 shoulder_lift.pos=-95.94 elbow_flex.pos=+78.97 wrist_flex.pos=+71.33 wrist_roll.pos=-3.04 gripper.pos=+0.65
DEBUG 2026-09-03 09:43:58 [action #195] t=8.83s step=194 queue=6 dmax=0.206 | shoulder_pan.pos=-32.46 shoulder_lift.pos=-96.07 elbow_flex.pos=+78.91 wrist_flex.pos=+71.53 wrist_roll.pos=-3.05 gripper.pos=+0.64
DEBUG 2026-09-03 09:43:58 [action #196] t=8.86s step=195 queue=5 dmax=0.363 | shoulder_pan.pos=-32.17 shoulder_lift.pos=-96.23 elbow_flex.pos=+78.54 wrist_flex.pos=+71.37 wrist_roll.pos=-3.06 gripper.pos=+0.69
DEBUG 2026-09-03 09:43:58 [action #197] t=8.90s step=196 queue=4 dmax=0.748 | shoulder_pan.pos=-31.85 shoulder_lift.pos=-95.48 elbow_flex.pos=+78.30 wrist_flex.pos=+71.64 wrist_roll.pos=-3.16 gripper.pos=+0.76
DEBUG 2026-09-03 09:43:58 [action #198] t=8.93s step=197 queue=3 dmax=0.483 | shoulder_pan.pos=-31.55 shoulder_lift.pos=-95.38 elbow_flex.pos=+77.81 wrist_flex.pos=+71.52 wrist_roll.pos=-3.04 gripper.pos=+0.70
DEBUG 2026-09-03 09:43:58 [action #199] t=8.96s step=198 queue=2 dmax=0.871 | shoulder_pan.pos=-30.68 shoulder_lift.pos=-95.26 elbow_flex.pos=+78.29 wrist_flex.pos=+71.44 wrist_roll.pos=-3.18 gripper.pos=+0.87
DEBUG 2026-09-03 09:43:58 [action #200] t=9.00s step=199 queue=1 dmax=0.534 | shoulder_pan.pos=-30.43 shoulder_lift.pos=-95.79 elbow_flex.pos=+77.87 wrist_flex.pos=+71.39 wrist_roll.pos=-3.19 gripper.pos=+0.66
DEBUG 2026-09-03 09:43:58 [chunk] received 50 actions, timesteps 175..224 | first: shoulder_pan.pos=-37.66 shoulder_lift.pos=-35.16 elbow_flex.pos=+40.03 wrist_flex.pos=+65.92 wrist_roll.pos=-5.19 gripper.pos=+14.41 | last: shoulder_pan.pos=-39.15 shoulder_lift.pos=-14.83 elbow_flex.pos=+30.46 wrist_flex.pos=+67.41 wrist_roll.pos=-3.19 gripper.pos=+33.43
DEBUG 2026-09-03 09:43:58 [action #201] t=9.16s step=200 queue=25 dmax=60.747 | shoulder_pan.pos=-36.47 shoulder_lift.pos=-35.05 elbow_flex.pos=+41.81 wrist_flex.pos=+66.99 wrist_roll.pos=-3.59 gripper.pos=+29.37
DEBUG 2026-09-03 09:43:58 [action #202] t=9.20s step=201 queue=24 dmax=0.333 | shoulder_pan.pos=-36.77 shoulder_lift.pos=-34.89 elbow_flex.pos=+41.62 wrist_flex.pos=+66.99 wrist_roll.pos=-3.48 gripper.pos=+29.71
DEBUG 2026-09-03 09:43:59 [action #203] t=9.23s step=202 queue=23 dmax=0.893 | shoulder_pan.pos=-36.85 shoulder_lift.pos=-33.99 elbow_flex.pos=+41.38 wrist_flex.pos=+66.80 wrist_roll.pos=-3.39 gripper.pos=+30.03
DEBUG 2026-09-03 09:43:59 [action #204] t=9.26s step=203 queue=22 dmax=0.371 | shoulder_pan.pos=-37.20 shoulder_lift.pos=-33.62 elbow_flex.pos=+41.31 wrist_flex.pos=+66.79 wrist_roll.pos=-3.39 gripper.pos=+30.40
DEBUG 2026-09-03 09:43:59 [action #205] t=9.30s step=204 queue=21 dmax=0.643 | shoulder_pan.pos=-37.33 shoulder_lift.pos=-33.13 elbow_flex.pos=+40.67 wrist_flex.pos=+66.86 wrist_roll.pos=-3.37 gripper.pos=+30.78
DEBUG 2026-09-03 09:43:59 [action #206] t=9.33s step=205 queue=20 dmax=0.907 | shoulder_pan.pos=-37.31 shoulder_lift.pos=-32.22 elbow_flex.pos=+40.10 wrist_flex.pos=+66.86 wrist_roll.pos=-3.40 gripper.pos=+31.16
DEBUG 2026-09-03 09:43:59 [action #207] t=9.37s step=206 queue=19 dmax=0.631 | shoulder_pan.pos=-37.40 shoulder_lift.pos=-31.59 elbow_flex.pos=+39.72 wrist_flex.pos=+66.72 wrist_roll.pos=-3.33 gripper.pos=+31.42
DEBUG 2026-09-03 09:43:59 [action #208] t=9.40s step=207 queue=18 dmax=0.722 | shoulder_pan.pos=-37.66 shoulder_lift.pos=-30.87 elbow_flex.pos=+39.47 wrist_flex.pos=+66.94 wrist_roll.pos=-3.12 gripper.pos=+31.63
DEBUG 2026-09-03 09:43:59 [action #209] t=9.43s step=208 queue=17 dmax=0.253 | shoulder_pan.pos=-37.59 shoulder_lift.pos=-30.62 elbow_flex.pos=+39.34 wrist_flex.pos=+66.89 wrist_roll.pos=-3.14 gripper.pos=+31.85
DEBUG 2026-09-03 09:43:59 [action #210] t=9.47s step=209 queue=16 dmax=0.340 | shoulder_pan.pos=-37.70 shoulder_lift.pos=-30.58 elbow_flex.pos=+39.00 wrist_flex.pos=+66.93 wrist_roll.pos=-3.01 gripper.pos=+31.91
DEBUG 2026-09-03 09:43:59 [action #211] t=9.50s step=210 queue=15 dmax=1.637 | shoulder_pan.pos=-37.65 shoulder_lift.pos=-28.94 elbow_flex.pos=+38.37 wrist_flex.pos=+66.97 wrist_roll.pos=-2.88 gripper.pos=+32.15
DEBUG 2026-09-03 09:43:59 [action #212] t=9.53s step=211 queue=14 dmax=0.227 | shoulder_pan.pos=-37.78 shoulder_lift.pos=-29.08 elbow_flex.pos=+38.14 wrist_flex.pos=+66.90 wrist_roll.pos=-2.93 gripper.pos=+32.24
DEBUG 2026-09-03 09:43:59 [action #213] t=9.57s step=212 queue=13 dmax=1.755 | shoulder_pan.pos=-37.66 shoulder_lift.pos=-27.33 elbow_flex.pos=+37.71 wrist_flex.pos=+67.03 wrist_roll.pos=-2.76 gripper.pos=+32.34
DEBUG 2026-09-03 09:43:59 [action #214] t=9.60s step=213 queue=12 dmax=0.723 | shoulder_pan.pos=-37.93 shoulder_lift.pos=-26.61 elbow_flex.pos=+37.54 wrist_flex.pos=+67.08 wrist_roll.pos=-2.67 gripper.pos=+32.24
DEBUG 2026-09-03 09:43:59 [action #215] t=9.63s step=214 queue=11 dmax=1.675 | shoulder_pan.pos=-37.72 shoulder_lift.pos=-24.93 elbow_flex.pos=+36.44 wrist_flex.pos=+66.95 wrist_roll.pos=-2.72 gripper.pos=+32.54
DEBUG 2026-09-03 09:43:59 [action #216] t=9.67s step=215 queue=10 dmax=1.004 | shoulder_pan.pos=-37.95 shoulder_lift.pos=-23.93 elbow_flex.pos=+36.07 wrist_flex.pos=+67.13 wrist_roll.pos=-2.83 gripper.pos=+32.56
DEBUG 2026-09-03 09:43:59 [action #217] t=9.70s step=216 queue=9 dmax=1.215 | shoulder_pan.pos=-38.03 shoulder_lift.pos=-22.88 elbow_flex.pos=+34.85 wrist_flex.pos=+66.99 wrist_roll.pos=-2.87 gripper.pos=+32.87
DEBUG 2026-09-03 09:43:59 [action #218] t=9.73s step=217 queue=8 dmax=1.739 | shoulder_pan.pos=-38.07 shoulder_lift.pos=-21.14 elbow_flex.pos=+34.09 wrist_flex.pos=+67.05 wrist_roll.pos=-2.94 gripper.pos=+33.25
DEBUG 2026-09-03 09:43:59 [action #219] t=9.77s step=218 queue=7 dmax=1.118 | shoulder_pan.pos=-38.13 shoulder_lift.pos=-20.03 elbow_flex.pos=+33.06 wrist_flex.pos=+67.14 wrist_roll.pos=-3.02 gripper.pos=+33.46
DEBUG 2026-09-03 09:43:59 [action #220] t=9.80s step=219 queue=6 dmax=0.617 | shoulder_pan.pos=-38.24 shoulder_lift.pos=-19.60 elbow_flex.pos=+32.44 wrist_flex.pos=+67.05 wrist_roll.pos=-3.09 gripper.pos=+33.45
DEBUG 2026-09-03 09:43:59 [action #221] t=9.83s step=220 queue=5 dmax=1.240 | shoulder_pan.pos=-38.72 shoulder_lift.pos=-18.36 elbow_flex.pos=+32.51 wrist_flex.pos=+67.30 wrist_roll.pos=-3.14 gripper.pos=+33.28
DEBUG 2026-09-03 09:43:59 [action #222] t=9.87s step=221 queue=4 dmax=1.138 | shoulder_pan.pos=-38.63 shoulder_lift.pos=-17.22 elbow_flex.pos=+31.94 wrist_flex.pos=+67.14 wrist_roll.pos=-3.16 gripper.pos=+33.29
DEBUG 2026-09-03 09:43:59 [action #223] t=9.90s step=222 queue=3 dmax=0.861 | shoulder_pan.pos=-38.73 shoulder_lift.pos=-16.36 elbow_flex.pos=+31.26 wrist_flex.pos=+67.27 wrist_roll.pos=-3.20 gripper.pos=+33.42
DEBUG 2026-09-03 09:43:59 [action #224] t=9.93s step=223 queue=2 dmax=0.973 | shoulder_pan.pos=-38.78 shoulder_lift.pos=-15.67 elbow_flex.pos=+30.28 wrist_flex.pos=+67.40 wrist_roll.pos=-3.20 gripper.pos=+33.43
DEBUG 2026-09-03 09:43:59 [action #225] t=9.97s step=224 queue=1 dmax=0.837 | shoulder_pan.pos=-39.15 shoulder_lift.pos=-14.83 elbow_flex.pos=+30.46 wrist_flex.pos=+67.41 wrist_roll.pos=-3.19 gripper.pos=+33.43
DEBUG 2026-09-03 09:43:59 [chunk] received 50 actions, timesteps 199..248 | first: shoulder_pan.pos=-31.33 shoulder_lift.pos=-93.78 elbow_flex.pos=+76.87 wrist_flex.pos=+70.02 wrist_roll.pos=-3.79 gripper.pos=+1.17 | last: shoulder_pan.pos=-22.35 shoulder_lift.pos=-101.25 elbow_flex.pos=+83.51 wrist_flex.pos=+75.07 wrist_roll.pos=-2.59 gripper.pos=+0.55
DEBUG 2026-09-03 09:43:59 [action #226] t=10.03s step=225 queue=24 dmax=85.226 | shoulder_pan.pos=-33.52 shoulder_lift.pos=-100.06 elbow_flex.pos=+80.58 wrist_flex.pos=+72.72 wrist_roll.pos=-1.91 gripper.pos=+1.15
DEBUG 2026-09-03 09:43:59 [action #227] t=10.07s step=226 queue=23 dmax=0.282 | shoulder_pan.pos=-33.52 shoulder_lift.pos=-99.98 elbow_flex.pos=+80.86 wrist_flex.pos=+72.91 wrist_roll.pos=-1.98 gripper.pos=+1.06
DEBUG 2026-09-03 09:43:59 [action #228] t=10.10s step=227 queue=22 dmax=0.555 | shoulder_pan.pos=-33.51 shoulder_lift.pos=-100.53 elbow_flex.pos=+81.16 wrist_flex.pos=+73.11 wrist_roll.pos=-1.88 gripper.pos=+0.91
DEBUG 2026-09-03 09:43:59 [action #229] t=10.13s step=228 queue=21 dmax=0.581 | shoulder_pan.pos=-33.33 shoulder_lift.pos=-99.95 elbow_flex.pos=+80.84 wrist_flex.pos=+73.00 wrist_roll.pos=-1.94 gripper.pos=+0.89
DEBUG 2026-09-03 09:43:59 [action #230] t=10.17s step=229 queue=20 dmax=0.534 | shoulder_pan.pos=-33.23 shoulder_lift.pos=-100.49 elbow_flex.pos=+81.30 wrist_flex.pos=+73.26 wrist_roll.pos=-2.09 gripper.pos=+1.03
DEBUG 2026-09-03 09:43:59 [action #231] t=10.20s step=230 queue=19 dmax=0.328 | shoulder_pan.pos=-33.08 shoulder_lift.pos=-100.57 elbow_flex.pos=+80.97 wrist_flex.pos=+73.19 wrist_roll.pos=-2.25 gripper.pos=+1.03
DEBUG 2026-09-03 09:44:00 [action #232] t=10.23s step=231 queue=18 dmax=0.207 | shoulder_pan.pos=-32.98 shoulder_lift.pos=-100.38 elbow_flex.pos=+81.11 wrist_flex.pos=+73.40 wrist_roll.pos=-2.37 gripper.pos=+1.06
DEBUG 2026-09-03 09:44:00 [action #233] t=10.27s step=232 queue=17 dmax=0.234 | shoulder_pan.pos=-33.17 shoulder_lift.pos=-100.14 elbow_flex.pos=+81.16 wrist_flex.pos=+73.24 wrist_roll.pos=-2.47 gripper.pos=+1.06
DEBUG 2026-09-03 09:44:00 [action #234] t=10.30s step=233 queue=16 dmax=0.362 | shoulder_pan.pos=-33.24 shoulder_lift.pos=-100.39 elbow_flex.pos=+81.53 wrist_flex.pos=+73.40 wrist_roll.pos=-2.72 gripper.pos=+1.07
DEBUG 2026-09-03 09:44:00 [action #235] t=10.34s step=234 queue=15 dmax=0.752 | shoulder_pan.pos=-32.49 shoulder_lift.pos=-100.19 elbow_flex.pos=+81.17 wrist_flex.pos=+73.47 wrist_roll.pos=-2.59 gripper.pos=+0.98
DEBUG 2026-09-03 09:44:00 [action #236] t=10.37s step=235 queue=14 dmax=0.579 | shoulder_pan.pos=-32.15 shoulder_lift.pos=-100.41 elbow_flex.pos=+81.74 wrist_flex.pos=+73.93 wrist_roll.pos=-2.66 gripper.pos=+1.00
DEBUG 2026-09-03 09:44:00 [action #237] t=10.40s step=236 queue=13 dmax=0.979 | shoulder_pan.pos=-31.17 shoulder_lift.pos=-100.74 elbow_flex.pos=+81.37 wrist_flex.pos=+74.12 wrist_roll.pos=-2.59 gripper.pos=+1.06
DEBUG 2026-09-03 09:44:00 [action #238] t=10.44s step=237 queue=12 dmax=0.847 | shoulder_pan.pos=-30.33 shoulder_lift.pos=-101.04 elbow_flex.pos=+82.03 wrist_flex.pos=+74.54 wrist_roll.pos=-2.66 gripper.pos=+0.97
DEBUG 2026-09-03 09:44:00 [action #239] t=10.47s step=238 queue=11 dmax=0.837 | shoulder_pan.pos=-29.49 shoulder_lift.pos=-101.77 elbow_flex.pos=+82.22 wrist_flex.pos=+74.75 wrist_roll.pos=-2.60 gripper.pos=+0.94
DEBUG 2026-09-03 09:44:00 [action #240] t=10.50s step=239 queue=10 dmax=0.974 | shoulder_pan.pos=-28.52 shoulder_lift.pos=-101.67 elbow_flex.pos=+81.97 wrist_flex.pos=+75.13 wrist_roll.pos=-2.58 gripper.pos=+0.88
DEBUG 2026-09-03 09:44:00 [action #241] t=10.54s step=240 queue=9 dmax=1.069 | shoulder_pan.pos=-27.45 shoulder_lift.pos=-101.55 elbow_flex.pos=+82.53 wrist_flex.pos=+75.44 wrist_roll.pos=-2.54 gripper.pos=+0.72
DEBUG 2026-09-03 09:44:00 [action #242] t=10.57s step=241 queue=8 dmax=0.777 | shoulder_pan.pos=-26.67 shoulder_lift.pos=-101.91 elbow_flex.pos=+82.89 wrist_flex.pos=+75.47 wrist_roll.pos=-2.51 gripper.pos=+0.75
DEBUG 2026-09-03 09:44:00 [action #243] t=10.60s step=242 queue=7 dmax=0.519 | shoulder_pan.pos=-26.15 shoulder_lift.pos=-101.66 elbow_flex.pos=+82.53 wrist_flex.pos=+75.22 wrist_roll.pos=-2.42 gripper.pos=+0.85
DEBUG 2026-09-03 09:44:00 [action #244] t=10.64s step=243 queue=6 dmax=0.810 | shoulder_pan.pos=-25.34 shoulder_lift.pos=-101.22 elbow_flex.pos=+83.02 wrist_flex.pos=+75.28 wrist_roll.pos=-2.44 gripper.pos=+0.68
DEBUG 2026-09-03 09:44:00 [action #245] t=10.67s step=244 queue=5 dmax=0.474 | shoulder_pan.pos=-24.87 shoulder_lift.pos=-101.52 elbow_flex.pos=+82.94 wrist_flex.pos=+75.16 wrist_roll.pos=-2.44 gripper.pos=+0.72
DEBUG 2026-09-03 09:44:00 [action #246] t=10.70s step=245 queue=4 dmax=0.592 | shoulder_pan.pos=-24.28 shoulder_lift.pos=-102.11 elbow_flex.pos=+83.41 wrist_flex.pos=+75.48 wrist_roll.pos=-2.51 gripper.pos=+0.66
DEBUG 2026-09-03 09:44:00 [action #247] t=10.74s step=246 queue=3 dmax=0.796 | shoulder_pan.pos=-23.49 shoulder_lift.pos=-101.48 elbow_flex.pos=+83.46 wrist_flex.pos=+75.28 wrist_roll.pos=-2.58 gripper.pos=+0.63
DEBUG 2026-09-03 09:44:00 [action #248] t=10.77s step=247 queue=2 dmax=0.553 | shoulder_pan.pos=-22.93 shoulder_lift.pos=-101.60 elbow_flex.pos=+83.67 wrist_flex.pos=+75.28 wrist_roll.pos=-2.69 gripper.pos=+0.85
DEBUG 2026-09-03 09:44:00 [action #249] t=10.80s step=248 queue=1 dmax=0.579 | shoulder_pan.pos=-22.35 shoulder_lift.pos=-101.25 elbow_flex.pos=+83.51 wrist_flex.pos=+75.07 wrist_roll.pos=-2.59 gripper.pos=+0.55
DEBUG 2026-09-03 09:44:00 [chunk] received 50 actions, timesteps 224..273 | first: shoulder_pan.pos=-41.20 shoulder_lift.pos=-16.45 elbow_flex.pos=+31.28 wrist_flex.pos=+68.95 wrist_roll.pos=-3.51 gripper.pos=+34.70 | last: shoulder_pan.pos=-42.33 shoulder_lift.pos=+17.30 elbow_flex.pos=+8.34 wrist_flex.pos=+65.61 wrist_roll.pos=-3.99 gripper.pos=+17.22
DEBUG 2026-09-03 09:44:00 [action #250] t=11.04s step=249 queue=25 dmax=103.163 | shoulder_pan.pos=-41.74 shoulder_lift.pos=+1.91 elbow_flex.pos=+22.78 wrist_flex.pos=+67.56 wrist_roll.pos=-3.39 gripper.pos=+33.94
DEBUG 2026-09-03 09:44:00 [action #251] t=11.07s step=250 queue=24 dmax=0.643 | shoulder_pan.pos=-41.93 shoulder_lift.pos=+2.56 elbow_flex.pos=+22.38 wrist_flex.pos=+67.43 wrist_roll.pos=-3.58 gripper.pos=+33.80
DEBUG 2026-09-03 09:44:00 [action #252] t=11.10s step=251 queue=23 dmax=0.997 | shoulder_pan.pos=-41.91 shoulder_lift.pos=+3.55 elbow_flex.pos=+21.55 wrist_flex.pos=+67.47 wrist_roll.pos=-3.55 gripper.pos=+33.73
DEBUG 2026-09-03 09:44:00 [action #253] t=11.14s step=252 queue=22 dmax=0.428 | shoulder_pan.pos=-42.05 shoulder_lift.pos=+3.50 elbow_flex.pos=+21.13 wrist_flex.pos=+67.35 wrist_roll.pos=-3.53 gripper.pos=+33.64
DEBUG 2026-09-03 09:44:00 [action #254] t=11.17s step=253 queue=21 dmax=1.544 | shoulder_pan.pos=-42.05 shoulder_lift.pos=+5.05 elbow_flex.pos=+20.96 wrist_flex.pos=+66.85 wrist_roll.pos=-3.52 gripper.pos=+33.64
DEBUG 2026-09-03 09:44:00 [action #255] t=11.20s step=254 queue=20 dmax=0.808 | shoulder_pan.pos=-42.11 shoulder_lift.pos=+5.86 elbow_flex.pos=+20.79 wrist_flex.pos=+66.46 wrist_roll.pos=-3.56 gripper.pos=+33.42
DEBUG 2026-09-03 09:44:01 [action #256] t=11.24s step=255 queue=19 dmax=1.411 | shoulder_pan.pos=-42.33 shoulder_lift.pos=+6.56 elbow_flex.pos=+19.38 wrist_flex.pos=+66.18 wrist_roll.pos=-3.68 gripper.pos=+33.44
DEBUG 2026-09-03 09:44:01 [action #257] t=11.27s step=256 queue=18 dmax=1.077 | shoulder_pan.pos=-42.18 shoulder_lift.pos=+7.63 elbow_flex.pos=+18.87 wrist_flex.pos=+65.63 wrist_roll.pos=-3.65 gripper.pos=+33.41
DEBUG 2026-09-03 09:44:01 [action #258] t=11.30s step=257 queue=17 dmax=1.456 | shoulder_pan.pos=-42.06 shoulder_lift.pos=+9.09 elbow_flex.pos=+18.59 wrist_flex.pos=+65.51 wrist_roll.pos=-3.71 gripper.pos=+33.49
DEBUG 2026-09-03 09:44:01 [action #259] t=11.34s step=258 queue=16 dmax=1.074 | shoulder_pan.pos=-42.15 shoulder_lift.pos=+9.32 elbow_flex.pos=+17.51 wrist_flex.pos=+65.51 wrist_roll.pos=-3.74 gripper.pos=+33.36
DEBUG 2026-09-03 09:44:01 [action #260] t=11.37s step=259 queue=15 dmax=0.833 | shoulder_pan.pos=-42.30 shoulder_lift.pos=+10.15 elbow_flex.pos=+16.88 wrist_flex.pos=+65.10 wrist_roll.pos=-3.82 gripper.pos=+33.47
DEBUG 2026-09-03 09:44:01 [action #261] t=11.41s step=260 queue=14 dmax=1.112 | shoulder_pan.pos=-42.28 shoulder_lift.pos=+11.26 elbow_flex.pos=+16.74 wrist_flex.pos=+65.24 wrist_roll.pos=-3.91 gripper.pos=+33.23
DEBUG 2026-09-03 09:44:01 [action #262] t=11.44s step=261 queue=13 dmax=1.348 | shoulder_pan.pos=-42.27 shoulder_lift.pos=+11.15 elbow_flex.pos=+15.39 wrist_flex.pos=+64.88 wrist_roll.pos=-3.86 gripper.pos=+32.85
DEBUG 2026-09-03 09:44:01 [action #263] t=11.47s step=262 queue=12 dmax=1.224 | shoulder_pan.pos=-42.06 shoulder_lift.pos=+12.37 elbow_flex.pos=+14.78 wrist_flex.pos=+65.13 wrist_roll.pos=-3.96 gripper.pos=+32.43
DEBUG 2026-09-03 09:44:01 [action #264] t=11.51s step=263 queue=11 dmax=0.962 | shoulder_pan.pos=-42.39 shoulder_lift.pos=+12.64 elbow_flex.pos=+13.81 wrist_flex.pos=+65.25 wrist_roll.pos=-3.99 gripper.pos=+31.66
DEBUG 2026-09-03 09:44:01 [action #265] t=11.54s step=264 queue=10 dmax=1.474 | shoulder_pan.pos=-42.18 shoulder_lift.pos=+13.02 elbow_flex.pos=+13.13 wrist_flex.pos=+65.33 wrist_roll.pos=-4.01 gripper.pos=+30.19
DEBUG 2026-09-03 09:44:01 [action #266] t=11.57s step=265 queue=9 dmax=1.482 | shoulder_pan.pos=-42.47 shoulder_lift.pos=+13.93 elbow_flex.pos=+12.64 wrist_flex.pos=+65.07 wrist_roll.pos=-4.04 gripper.pos=+28.70
DEBUG 2026-09-03 09:44:01 [action #267] t=11.61s step=266 queue=8 dmax=2.384 | shoulder_pan.pos=-42.30 shoulder_lift.pos=+13.95 elbow_flex.pos=+11.78 wrist_flex.pos=+65.04 wrist_roll.pos=-4.12 gripper.pos=+26.32
DEBUG 2026-09-03 09:44:01 [action #268] t=11.64s step=267 queue=7 dmax=2.344 | shoulder_pan.pos=-42.23 shoulder_lift.pos=+14.92 elbow_flex.pos=+11.19 wrist_flex.pos=+65.01 wrist_roll.pos=-4.09 gripper.pos=+23.97
DEBUG 2026-09-03 09:44:01 [action #269] t=11.67s step=268 queue=6 dmax=2.223 | shoulder_pan.pos=-42.14 shoulder_lift.pos=+15.59 elbow_flex.pos=+10.69 wrist_flex.pos=+65.00 wrist_roll.pos=-3.99 gripper.pos=+21.75
DEBUG 2026-09-03 09:44:01 [action #270] t=11.71s step=269 queue=5 dmax=1.450 | shoulder_pan.pos=-42.17 shoulder_lift.pos=+15.49 elbow_flex.pos=+10.99 wrist_flex.pos=+65.12 wrist_roll.pos=-4.06 gripper.pos=+20.30
DEBUG 2026-09-03 09:44:01 [action #271] t=11.74s step=270 queue=4 dmax=1.191 | shoulder_pan.pos=-42.18 shoulder_lift.pos=+16.08 elbow_flex.pos=+10.22 wrist_flex.pos=+65.01 wrist_roll.pos=-3.97 gripper.pos=+19.11
DEBUG 2026-09-03 09:44:01 [action #272] t=11.77s step=271 queue=3 dmax=0.561 | shoulder_pan.pos=-42.17 shoulder_lift.pos=+16.15 elbow_flex.pos=+9.76 wrist_flex.pos=+65.27 wrist_roll.pos=-4.04 gripper.pos=+18.55
DEBUG 2026-09-03 09:44:01 [action #273] t=11.81s step=272 queue=2 dmax=0.665 | shoulder_pan.pos=-42.37 shoulder_lift.pos=+16.02 elbow_flex.pos=+9.10 wrist_flex.pos=+65.46 wrist_roll.pos=-4.05 gripper.pos=+18.16
DEBUG 2026-09-03 09:44:01 [action #274] t=11.84s step=273 queue=1 dmax=1.284 | shoulder_pan.pos=-42.33 shoulder_lift.pos=+17.30 elbow_flex.pos=+8.34 wrist_flex.pos=+65.61 wrist_roll.pos=-3.99 gripper.pos=+17.22
DEBUG 2026-09-03 09:44:01 [chunk] received 50 actions, timesteps 248..297 | first: shoulder_pan.pos=-22.97 shoulder_lift.pos=-100.48 elbow_flex.pos=+80.89 wrist_flex.pos=+77.26 wrist_roll.pos=-1.71 gripper.pos=+1.24 | last: shoulder_pan.pos=-18.54 shoulder_lift.pos=-99.65 elbow_flex.pos=+80.60 wrist_flex.pos=+77.74 wrist_roll.pos=-2.09 gripper.pos=+0.19
DEBUG 2026-09-03 09:44:01 [action #275] t=11.91s step=274 queue=24 dmax=118.136 | shoulder_pan.pos=-24.23 shoulder_lift.pos=-100.83 elbow_flex.pos=+80.05 wrist_flex.pos=+77.90 wrist_roll.pos=-2.23 gripper.pos=+0.53
DEBUG 2026-09-03 09:44:01 [action #276] t=11.94s step=275 queue=23 dmax=0.426 | shoulder_pan.pos=-23.95 shoulder_lift.pos=-100.87 elbow_flex.pos=+80.47 wrist_flex.pos=+77.94 wrist_roll.pos=-2.23 gripper.pos=+0.68
DEBUG 2026-09-03 09:44:01 [action #277] t=11.97s step=276 queue=22 dmax=0.445 | shoulder_pan.pos=-23.67 shoulder_lift.pos=-100.42 elbow_flex.pos=+80.03 wrist_flex.pos=+77.87 wrist_roll.pos=-2.19 gripper.pos=+0.52
DEBUG 2026-09-03 09:44:01 [action #278] t=12.01s step=277 queue=21 dmax=0.680 | shoulder_pan.pos=-23.90 shoulder_lift.pos=-101.10 elbow_flex.pos=+79.86 wrist_flex.pos=+77.62 wrist_roll.pos=-2.15 gripper.pos=+0.72
DEBUG 2026-09-03 09:44:01 [action #279] t=12.04s step=278 queue=20 dmax=0.683 | shoulder_pan.pos=-23.27 shoulder_lift.pos=-100.42 elbow_flex.pos=+80.05 wrist_flex.pos=+77.90 wrist_roll.pos=-2.15 gripper.pos=+0.56
DEBUG 2026-09-03 09:44:01 [action #280] t=12.07s step=279 queue=19 dmax=0.559 | shoulder_pan.pos=-23.33 shoulder_lift.pos=-100.98 elbow_flex.pos=+80.53 wrist_flex.pos=+77.85 wrist_roll.pos=-2.02 gripper.pos=+0.43
DEBUG 2026-09-03 09:44:01 [action #281] t=12.11s step=280 queue=18 dmax=0.505 | shoulder_pan.pos=-23.05 shoulder_lift.pos=-100.47 elbow_flex.pos=+80.69 wrist_flex.pos=+77.77 wrist_roll.pos=-2.12 gripper.pos=+0.60
DEBUG 2026-09-03 09:44:01 [action #282] t=12.14s step=281 queue=17 dmax=0.389 | shoulder_pan.pos=-22.85 shoulder_lift.pos=-100.75 elbow_flex.pos=+80.30 wrist_flex.pos=+78.05 wrist_roll.pos=-2.10 gripper.pos=+0.51
DEBUG 2026-09-03 09:44:01 [action #283] t=12.17s step=282 queue=16 dmax=0.861 | shoulder_pan.pos=-22.87 shoulder_lift.pos=-101.61 elbow_flex.pos=+80.82 wrist_flex.pos=+77.82 wrist_roll.pos=-2.03 gripper.pos=+0.82
DEBUG 2026-09-03 09:44:01 [action #284] t=12.21s step=283 queue=15 dmax=1.128 | shoulder_pan.pos=-22.47 shoulder_lift.pos=-100.49 elbow_flex.pos=+79.80 wrist_flex.pos=+77.94 wrist_roll.pos=-2.06 gripper.pos=+0.79
DEBUG 2026-09-03 09:44:02 [action #285] t=12.24s step=284 queue=14 dmax=0.647 | shoulder_pan.pos=-22.42 shoulder_lift.pos=-100.92 elbow_flex.pos=+80.45 wrist_flex.pos=+78.00 wrist_roll.pos=-1.97 gripper.pos=+0.54
DEBUG 2026-09-03 09:44:02 [action #286] t=12.27s step=285 queue=13 dmax=0.309 | shoulder_pan.pos=-22.12 shoulder_lift.pos=-100.75 elbow_flex.pos=+80.19 wrist_flex.pos=+78.17 wrist_roll.pos=-1.89 gripper.pos=+0.61
DEBUG 2026-09-03 09:44:02 [action #287] t=12.31s step=286 queue=12 dmax=0.579 | shoulder_pan.pos=-21.67 shoulder_lift.pos=-100.24 elbow_flex.pos=+80.77 wrist_flex.pos=+77.84 wrist_roll.pos=-1.93 gripper.pos=+0.54
DEBUG 2026-09-03 09:44:02 [action #288] t=12.34s step=287 queue=11 dmax=0.520 | shoulder_pan.pos=-21.82 shoulder_lift.pos=-100.40 elbow_flex.pos=+80.25 wrist_flex.pos=+77.94 wrist_roll.pos=-1.98 gripper.pos=+0.47
DEBUG 2026-09-03 09:44:02 [action #289] t=12.37s step=288 queue=10 dmax=0.853 | shoulder_pan.pos=-21.72 shoulder_lift.pos=-100.63 elbow_flex.pos=+81.10 wrist_flex.pos=+77.83 wrist_roll.pos=-2.00 gripper.pos=+0.72
DEBUG 2026-09-03 09:44:02 [action #290] t=12.41s step=289 queue=9 dmax=0.653 | shoulder_pan.pos=-21.41 shoulder_lift.pos=-100.06 elbow_flex.pos=+80.45 wrist_flex.pos=+77.84 wrist_roll.pos=-2.07 gripper.pos=+0.64
DEBUG 2026-09-03 09:44:02 [action #291] t=12.44s step=290 queue=8 dmax=0.756 | shoulder_pan.pos=-20.76 shoulder_lift.pos=-100.40 elbow_flex.pos=+79.70 wrist_flex.pos=+77.80 wrist_roll.pos=-2.13 gripper.pos=+0.48
DEBUG 2026-09-03 09:44:02 [action #292] t=12.48s step=291 queue=7 dmax=0.738 | shoulder_pan.pos=-20.27 shoulder_lift.pos=-99.66 elbow_flex.pos=+80.30 wrist_flex.pos=+77.91 wrist_roll.pos=-2.23 gripper.pos=+0.46
DEBUG 2026-09-03 09:44:02 [action #293] t=12.51s step=292 queue=6 dmax=0.489 | shoulder_pan.pos=-19.78 shoulder_lift.pos=-99.48 elbow_flex.pos=+80.57 wrist_flex.pos=+77.95 wrist_roll.pos=-2.20 gripper.pos=+0.49
DEBUG 2026-09-03 09:44:02 [action #294] t=12.54s step=293 queue=5 dmax=0.618 | shoulder_pan.pos=-19.16 shoulder_lift.pos=-99.86 elbow_flex.pos=+80.33 wrist_flex.pos=+77.91 wrist_roll.pos=-2.32 gripper.pos=+0.24
DEBUG 2026-09-03 09:44:02 [action #295] t=12.58s step=294 queue=4 dmax=0.496 | shoulder_pan.pos=-19.18 shoulder_lift.pos=-99.36 elbow_flex.pos=+80.08 wrist_flex.pos=+77.72 wrist_roll.pos=-2.21 gripper.pos=+0.34
DEBUG 2026-09-03 09:44:02 [action #296] t=12.61s step=295 queue=3 dmax=0.190 | shoulder_pan.pos=-19.06 shoulder_lift.pos=-99.51 elbow_flex.pos=+80.27 wrist_flex.pos=+77.71 wrist_roll.pos=-2.16 gripper.pos=+0.38
DEBUG 2026-09-03 09:44:02 [action #297] t=12.64s step=296 queue=2 dmax=0.455 | shoulder_pan.pos=-18.60 shoulder_lift.pos=-99.48 elbow_flex.pos=+80.47 wrist_flex.pos=+77.83 wrist_roll.pos=-2.13 gripper.pos=+0.24
DEBUG 2026-09-03 09:44:02 [action #298] t=12.68s step=297 queue=1 dmax=0.164 | shoulder_pan.pos=-18.54 shoulder_lift.pos=-99.65 elbow_flex.pos=+80.60 wrist_flex.pos=+77.74 wrist_roll.pos=-2.09 gripper.pos=+0.19
DEBUG 2026-09-03 09:44:02 [chunk] received 50 actions, timesteps 273..322 | first: shoulder_pan.pos=-41.18 shoulder_lift.pos=+10.52 elbow_flex.pos=+6.28 wrist_flex.pos=+66.97 wrist_roll.pos=-3.81 gripper.pos=+24.33 | last: shoulder_pan.pos=-41.24 shoulder_lift.pos=+28.77 elbow_flex.pos=-22.14 wrist_flex.pos=+84.91 wrist_roll.pos=-6.35 gripper.pos=+5.76
DEBUG 2026-09-03 09:44:02 [action #299] t=12.78s step=298 queue=25 dmax=123.912 | shoulder_pan.pos=-42.83 shoulder_lift.pos=+24.27 elbow_flex.pos=-0.46 wrist_flex.pos=+67.80 wrist_roll.pos=-4.35 gripper.pos=+32.45
DEBUG 2026-09-03 09:44:02 [action #300] t=12.81s step=299 queue=24 dmax=1.760 | shoulder_pan.pos=-42.77 shoulder_lift.pos=+26.03 elbow_flex.pos=-2.04 wrist_flex.pos=+68.26 wrist_roll.pos=-4.52 gripper.pos=+32.24
DEBUG 2026-09-03 09:44:02 [action #301] t=12.84s step=300 queue=23 dmax=1.272 | shoulder_pan.pos=-42.64 shoulder_lift.pos=+27.30 elbow_flex.pos=-2.39 wrist_flex.pos=+68.77 wrist_roll.pos=-4.50 gripper.pos=+32.00
DEBUG 2026-09-03 09:44:02 [action #302] t=12.88s step=301 queue=22 dmax=1.906 | shoulder_pan.pos=-42.63 shoulder_lift.pos=+27.84 elbow_flex.pos=-4.30 wrist_flex.pos=+69.42 wrist_roll.pos=-4.65 gripper.pos=+31.17
DEBUG 2026-09-03 09:44:02 [action #303] t=12.91s step=302 queue=21 dmax=1.805 | shoulder_pan.pos=-42.62 shoulder_lift.pos=+28.24 elbow_flex.pos=-4.77 wrist_flex.pos=+69.78 wrist_roll.pos=-4.67 gripper.pos=+29.37
DEBUG 2026-09-03 09:44:02 [action #304] t=12.94s step=303 queue=20 dmax=2.542 | shoulder_pan.pos=-42.52 shoulder_lift.pos=+28.89 elbow_flex.pos=-5.70 wrist_flex.pos=+70.14 wrist_roll.pos=-4.70 gripper.pos=+26.83
DEBUG 2026-09-03 09:44:02 [action #305] t=12.98s step=304 queue=19 dmax=2.462 | shoulder_pan.pos=-42.36 shoulder_lift.pos=+29.07 elbow_flex.pos=-5.83 wrist_flex.pos=+70.46 wrist_roll.pos=-4.69 gripper.pos=+24.36
DEBUG 2026-09-03 09:44:02 [action #306] t=13.01s step=305 queue=18 dmax=2.103 | shoulder_pan.pos=-42.30 shoulder_lift.pos=+29.47 elbow_flex.pos=-6.67 wrist_flex.pos=+70.74 wrist_roll.pos=-4.71 gripper.pos=+22.26
DEBUG 2026-09-03 09:44:02 [action #307] t=13.04s step=306 queue=17 dmax=2.013 | shoulder_pan.pos=-42.00 shoulder_lift.pos=+29.50 elbow_flex.pos=-7.04 wrist_flex.pos=+70.97 wrist_roll.pos=-4.72 gripper.pos=+20.25
DEBUG 2026-09-03 09:44:02 [action #308] t=13.08s step=307 queue=16 dmax=1.925 | shoulder_pan.pos=-41.96 shoulder_lift.pos=+29.65 elbow_flex.pos=-7.84 wrist_flex.pos=+71.72 wrist_roll.pos=-4.71 gripper.pos=+18.32
DEBUG 2026-09-03 09:44:02 [action #309] t=13.11s step=308 queue=15 dmax=2.165 | shoulder_pan.pos=-41.88 shoulder_lift.pos=+30.26 elbow_flex.pos=-9.07 wrist_flex.pos=+72.14 wrist_roll.pos=-4.72 gripper.pos=+16.16
DEBUG 2026-09-03 09:44:02 [action #310] t=13.14s step=309 queue=14 dmax=2.493 | shoulder_pan.pos=-41.80 shoulder_lift.pos=+29.29 elbow_flex.pos=-8.66 wrist_flex.pos=+72.76 wrist_roll.pos=-4.84 gripper.pos=+13.67
DEBUG 2026-09-03 09:44:02 [action #311] t=13.18s step=310 queue=13 dmax=2.279 | shoulder_pan.pos=-41.74 shoulder_lift.pos=+29.86 elbow_flex.pos=-10.25 wrist_flex.pos=+73.19 wrist_roll.pos=-4.83 gripper.pos=+11.39
DEBUG 2026-09-03 09:44:02 [action #312] t=13.21s step=311 queue=12 dmax=1.903 | shoulder_pan.pos=-41.59 shoulder_lift.pos=+29.86 elbow_flex.pos=-10.73 wrist_flex.pos=+73.66 wrist_roll.pos=-5.01 gripper.pos=+9.48
DEBUG 2026-09-03 09:44:03 [action #313] t=13.24s step=312 queue=11 dmax=1.372 | shoulder_pan.pos=-41.69 shoulder_lift.pos=+29.49 elbow_flex.pos=-12.00 wrist_flex.pos=+74.23 wrist_roll.pos=-5.02 gripper.pos=+8.11
DEBUG 2026-09-03 09:44:03 [action #314] t=13.28s step=313 queue=10 dmax=1.000 | shoulder_pan.pos=-41.36 shoulder_lift.pos=+29.68 elbow_flex.pos=-12.28 wrist_flex.pos=+75.23 wrist_roll.pos=-5.09 gripper.pos=+7.37
DEBUG 2026-09-03 09:44:03 [action #315] t=13.31s step=314 queue=9 dmax=0.602 | shoulder_pan.pos=-41.36 shoulder_lift.pos=+29.46 elbow_flex.pos=-12.88 wrist_flex.pos=+75.78 wrist_roll.pos=-5.16 gripper.pos=+6.95
DEBUG 2026-09-03 09:44:03 [action #316] t=13.34s step=315 queue=8 dmax=0.936 | shoulder_pan.pos=-41.39 shoulder_lift.pos=+29.75 elbow_flex.pos=-12.92 wrist_flex.pos=+76.72 wrist_roll.pos=-5.46 gripper.pos=+7.12
DEBUG 2026-09-03 09:44:03 [action #317] t=13.38s step=316 queue=7 dmax=1.365 | shoulder_pan.pos=-41.16 shoulder_lift.pos=+29.66 elbow_flex.pos=-14.29 wrist_flex.pos=+77.65 wrist_roll.pos=-5.25 gripper.pos=+6.82
DEBUG 2026-09-03 09:44:03 [action #318] t=13.41s step=317 queue=6 dmax=1.018 | shoulder_pan.pos=-41.33 shoulder_lift.pos=+29.34 elbow_flex.pos=-15.30 wrist_flex.pos=+78.60 wrist_roll.pos=-5.51 gripper.pos=+6.88
DEBUG 2026-09-03 09:44:03 [action #319] t=13.45s step=318 queue=5 dmax=1.371 | shoulder_pan.pos=-41.10 shoulder_lift.pos=+28.94 elbow_flex.pos=-16.67 wrist_flex.pos=+79.77 wrist_roll.pos=-5.57 gripper.pos=+6.58
DEBUG 2026-09-03 09:44:03 [action #320] t=13.48s step=319 queue=4 dmax=1.273 | shoulder_pan.pos=-41.27 shoulder_lift.pos=+29.07 elbow_flex.pos=-17.42 wrist_flex.pos=+81.04 wrist_roll.pos=-5.75 gripper.pos=+6.39
DEBUG 2026-09-03 09:44:03 [action #321] t=13.51s step=320 queue=3 dmax=1.664 | shoulder_pan.pos=-41.23 shoulder_lift.pos=+28.74 elbow_flex.pos=-19.08 wrist_flex.pos=+82.24 wrist_roll.pos=-5.96 gripper.pos=+6.00
DEBUG 2026-09-03 09:44:03 [action #322] t=13.55s step=321 queue=2 dmax=1.303 | shoulder_pan.pos=-41.16 shoulder_lift.pos=+29.03 elbow_flex.pos=-20.31 wrist_flex.pos=+83.55 wrist_roll.pos=-6.14 gripper.pos=+5.93
DEBUG 2026-09-03 09:44:03 [action #323] t=13.58s step=322 queue=1 dmax=1.827 | shoulder_pan.pos=-41.24 shoulder_lift.pos=+28.77 elbow_flex.pos=-22.14 wrist_flex.pos=+84.91 wrist_roll.pos=-6.35 gripper.pos=+5.76
DEBUG 2026-09-03 09:44:03 [chunk] received 50 actions, timesteps 297..346 | first: shoulder_pan.pos=-20.10 shoulder_lift.pos=-99.32 elbow_flex.pos=+78.87 wrist_flex.pos=+77.60 wrist_roll.pos=-2.11 gripper.pos=+0.48 | last: shoulder_pan.pos=-28.53 shoulder_lift.pos=-97.38 elbow_flex.pos=+77.30 wrist_flex.pos=+76.92 wrist_roll.pos=-6.30 gripper.pos=+0.32
DEBUG 2026-09-03 09:44:03 [action #324] t=13.65s step=323 queue=24 dmax=129.028 | shoulder_pan.pos=-28.45 shoulder_lift.pos=-100.26 elbow_flex.pos=+81.91 wrist_flex.pos=+76.44 wrist_roll.pos=-1.90 gripper.pos=+0.85
DEBUG 2026-09-03 09:44:03 [action #325] t=13.68s step=324 queue=23 dmax=1.074 | shoulder_pan.pos=-28.88 shoulder_lift.pos=-99.19 elbow_flex.pos=+81.51 wrist_flex.pos=+76.30 wrist_roll.pos=-1.99 gripper.pos=+0.67
DEBUG 2026-09-03 09:44:03 [action #326] t=13.71s step=325 queue=22 dmax=0.353 | shoulder_pan.pos=-29.14 shoulder_lift.pos=-99.40 elbow_flex.pos=+81.29 wrist_flex.pos=+75.95 wrist_roll.pos=-2.13 gripper.pos=+0.55
DEBUG 2026-09-03 09:44:03 [action #327] t=13.75s step=326 queue=21 dmax=0.338 | shoulder_pan.pos=-28.88 shoulder_lift.pos=-99.52 elbow_flex.pos=+81.43 wrist_flex.pos=+75.61 wrist_roll.pos=-2.24 gripper.pos=+0.69
DEBUG 2026-09-03 09:44:03 [action #328] t=13.78s step=327 queue=20 dmax=0.529 | shoulder_pan.pos=-29.13 shoulder_lift.pos=-98.99 elbow_flex.pos=+81.64 wrist_flex.pos=+75.48 wrist_roll.pos=-2.59 gripper.pos=+0.66
DEBUG 2026-09-03 09:44:03 [action #329] t=13.81s step=328 queue=19 dmax=0.481 | shoulder_pan.pos=-29.03 shoulder_lift.pos=-99.13 elbow_flex.pos=+81.45 wrist_flex.pos=+75.14 wrist_roll.pos=-3.07 gripper.pos=+0.53
DEBUG 2026-09-03 09:44:03 [action #330] t=13.85s step=329 queue=18 dmax=0.593 | shoulder_pan.pos=-28.95 shoulder_lift.pos=-98.54 elbow_flex.pos=+81.32 wrist_flex.pos=+75.06 wrist_roll.pos=-3.49 gripper.pos=+0.47
DEBUG 2026-09-03 09:44:03 [action #331] t=13.88s step=330 queue=17 dmax=0.516 | shoulder_pan.pos=-29.25 shoulder_lift.pos=-99.06 elbow_flex.pos=+81.11 wrist_flex.pos=+74.91 wrist_roll.pos=-3.67 gripper.pos=+0.37
DEBUG 2026-09-03 09:44:03 [action #332] t=13.91s step=331 queue=16 dmax=0.280 | shoulder_pan.pos=-29.24 shoulder_lift.pos=-98.91 elbow_flex.pos=+81.13 wrist_flex.pos=+74.87 wrist_roll.pos=-3.95 gripper.pos=+0.63
DEBUG 2026-09-03 09:44:03 [action #333] t=13.95s step=332 queue=15 dmax=0.525 | shoulder_pan.pos=-29.26 shoulder_lift.pos=-98.38 elbow_flex.pos=+80.99 wrist_flex.pos=+74.65 wrist_roll.pos=-3.81 gripper.pos=+0.62
DEBUG 2026-09-03 09:44:03 [action #334] t=13.98s step=333 queue=14 dmax=0.384 | shoulder_pan.pos=-29.35 shoulder_lift.pos=-98.63 elbow_flex.pos=+80.79 wrist_flex.pos=+74.79 wrist_roll.pos=-4.19 gripper.pos=+0.47
DEBUG 2026-09-03 09:44:03 [action #335] t=14.01s step=334 queue=13 dmax=0.657 | shoulder_pan.pos=-29.17 shoulder_lift.pos=-97.97 elbow_flex.pos=+80.41 wrist_flex.pos=+74.97 wrist_roll.pos=-4.52 gripper.pos=+0.46
DEBUG 2026-09-03 09:44:03 [action #336] t=14.05s step=335 queue=12 dmax=0.610 | shoulder_pan.pos=-29.20 shoulder_lift.pos=-98.23 elbow_flex.pos=+80.58 wrist_flex.pos=+75.17 wrist_roll.pos=-5.13 gripper.pos=+0.35
DEBUG 2026-09-03 09:44:03 [action #337] t=14.08s step=336 queue=11 dmax=0.482 | shoulder_pan.pos=-29.23 shoulder_lift.pos=-98.71 elbow_flex.pos=+80.22 wrist_flex.pos=+75.20 wrist_roll.pos=-5.32 gripper.pos=+0.44
DEBUG 2026-09-03 09:44:03 [action #338] t=14.11s step=337 queue=10 dmax=0.409 | shoulder_pan.pos=-29.29 shoulder_lift.pos=-98.87 elbow_flex.pos=+80.16 wrist_flex.pos=+75.40 wrist_roll.pos=-5.73 gripper.pos=+0.37
DEBUG 2026-09-03 09:44:03 [action #339] t=14.15s step=338 queue=9 dmax=0.525 | shoulder_pan.pos=-29.26 shoulder_lift.pos=-98.34 elbow_flex.pos=+79.86 wrist_flex.pos=+75.54 wrist_roll.pos=-5.63 gripper.pos=+0.45
DEBUG 2026-09-03 09:44:03 [action #340] t=14.18s step=339 queue=8 dmax=0.167 | shoulder_pan.pos=-29.12 shoulder_lift.pos=-98.19 elbow_flex.pos=+80.03 wrist_flex.pos=+75.63 wrist_roll.pos=-5.75 gripper.pos=+0.34
DEBUG 2026-09-03 09:44:03 [action #341] t=14.21s step=340 queue=7 dmax=0.448 | shoulder_pan.pos=-29.07 shoulder_lift.pos=-98.47 elbow_flex.pos=+79.58 wrist_flex.pos=+75.91 wrist_roll.pos=-6.03 gripper.pos=+0.32
DEBUG 2026-09-03 09:44:04 [action #342] t=14.25s step=341 queue=6 dmax=0.720 | shoulder_pan.pos=-28.86 shoulder_lift.pos=-97.75 elbow_flex.pos=+79.12 wrist_flex.pos=+76.29 wrist_roll.pos=-5.90 gripper.pos=+0.23
DEBUG 2026-09-03 09:44:04 [action #343] t=14.28s step=342 queue=5 dmax=0.955 | shoulder_pan.pos=-28.73 shoulder_lift.pos=-98.20 elbow_flex.pos=+78.16 wrist_flex.pos=+76.46 wrist_roll.pos=-6.07 gripper.pos=+0.22
DEBUG 2026-09-03 09:44:04 [action #344] t=14.31s step=343 queue=4 dmax=0.721 | shoulder_pan.pos=-28.71 shoulder_lift.pos=-97.48 elbow_flex.pos=+78.07 wrist_flex.pos=+76.70 wrist_roll.pos=-6.01 gripper.pos=+0.21
DEBUG 2026-09-03 09:44:04 [action #345] t=14.35s step=344 queue=3 dmax=0.649 | shoulder_pan.pos=-28.42 shoulder_lift.pos=-97.83 elbow_flex.pos=+77.42 wrist_flex.pos=+76.76 wrist_roll.pos=-6.15 gripper.pos=+0.10
DEBUG 2026-09-03 09:44:04 [action #346] t=14.38s step=345 queue=2 dmax=0.667 | shoulder_pan.pos=-28.20 shoulder_lift.pos=-97.30 elbow_flex.pos=+76.75 wrist_flex.pos=+77.00 wrist_roll.pos=-6.17 gripper.pos=+0.34
DEBUG 2026-09-03 09:44:04 [action #347] t=14.42s step=346 queue=1 dmax=0.548 | shoulder_pan.pos=-28.53 shoulder_lift.pos=-97.38 elbow_flex.pos=+77.30 wrist_flex.pos=+76.92 wrist_roll.pos=-6.30 gripper.pos=+0.32
DEBUG 2026-09-03 09:44:04 [chunk] received 50 actions, timesteps 322..371 | first: shoulder_pan.pos=-42.73 shoulder_lift.pos=+27.90 elbow_flex.pos=-19.55 wrist_flex.pos=+80.49 wrist_roll.pos=-5.13 gripper.pos=+6.92 | last: shoulder_pan.pos=-41.85 shoulder_lift.pos=+37.38 elbow_flex.pos=-29.22 wrist_flex.pos=+84.76 wrist_roll.pos=-4.62 gripper.pos=+30.29
DEBUG 2026-09-03 09:44:04 [action #348] t=14.55s step=347 queue=25 dmax=123.891 | shoulder_pan.pos=-42.51 shoulder_lift.pos=+26.51 elbow_flex.pos=-21.94 wrist_flex.pos=+83.77 wrist_roll.pos=-4.92 gripper.pos=+32.50
DEBUG 2026-09-03 09:44:04 [action #349] t=14.58s step=348 queue=24 dmax=0.497 | shoulder_pan.pos=-42.38 shoulder_lift.pos=+26.01 elbow_flex.pos=-21.76 wrist_flex.pos=+83.85 wrist_roll.pos=-4.94 gripper.pos=+32.48
DEBUG 2026-09-03 09:44:04 [action #350] t=14.62s step=349 queue=23 dmax=0.647 | shoulder_pan.pos=-42.48 shoulder_lift.pos=+26.66 elbow_flex.pos=-22.10 wrist_flex.pos=+83.64 wrist_roll.pos=-4.89 gripper.pos=+32.62
DEBUG 2026-09-03 09:44:04 [action #351] t=14.65s step=350 queue=22 dmax=0.357 | shoulder_pan.pos=-42.22 shoulder_lift.pos=+26.77 elbow_flex.pos=-21.74 wrist_flex.pos=+83.47 wrist_roll.pos=-4.79 gripper.pos=+32.61
DEBUG 2026-09-03 09:44:04 [action #352] t=14.68s step=351 queue=21 dmax=0.488 | shoulder_pan.pos=-42.16 shoulder_lift.pos=+26.76 elbow_flex.pos=-21.25 wrist_flex.pos=+83.24 wrist_roll.pos=-4.85 gripper.pos=+32.77
DEBUG 2026-09-03 09:44:04 [action #353] t=14.72s step=352 queue=20 dmax=0.594 | shoulder_pan.pos=-42.06 shoulder_lift.pos=+27.36 elbow_flex.pos=-21.82 wrist_flex.pos=+82.94 wrist_roll.pos=-4.78 gripper.pos=+32.82
DEBUG 2026-09-03 09:44:04 [action #354] t=14.75s step=353 queue=19 dmax=0.193 | shoulder_pan.pos=-42.02 shoulder_lift.pos=+27.54 elbow_flex.pos=-21.66 wrist_flex.pos=+82.74 wrist_roll.pos=-4.69 gripper.pos=+32.82
DEBUG 2026-09-03 09:44:04 [action #355] t=14.78s step=354 queue=18 dmax=0.254 | shoulder_pan.pos=-42.08 shoulder_lift.pos=+27.73 elbow_flex.pos=-21.41 wrist_flex.pos=+82.74 wrist_roll.pos=-4.62 gripper.pos=+32.94
DEBUG 2026-09-03 09:44:04 [action #356] t=14.82s step=355 queue=17 dmax=0.535 | shoulder_pan.pos=-42.04 shoulder_lift.pos=+28.21 elbow_flex.pos=-21.94 wrist_flex.pos=+82.52 wrist_roll.pos=-4.57 gripper.pos=+33.03
DEBUG 2026-09-03 09:44:04 [action #357] t=14.85s step=356 queue=16 dmax=0.300 | shoulder_pan.pos=-41.74 shoulder_lift.pos=+28.49 elbow_flex.pos=-21.94 wrist_flex.pos=+82.36 wrist_roll.pos=-4.47 gripper.pos=+32.86
DEBUG 2026-09-03 09:44:04 [action #358] t=14.88s step=357 queue=15 dmax=0.158 | shoulder_pan.pos=-41.85 shoulder_lift.pos=+28.65 elbow_flex.pos=-21.96 wrist_flex.pos=+82.28 wrist_roll.pos=-4.55 gripper.pos=+32.86
DEBUG 2026-09-03 09:44:05 [chunk] received 50 actions, timesteps 346..395 | first: shoulder_pan.pos=-26.77 shoulder_lift.pos=-97.23 elbow_flex.pos=+77.62 wrist_flex.pos=+75.42 wrist_roll.pos=-5.98 gripper.pos=+0.34 | last: shoulder_pan.pos=-18.45 shoulder_lift.pos=-102.59 elbow_flex.pos=+88.15 wrist_flex.pos=+76.46 wrist_roll.pos=-3.81 gripper.pos=+0.05
INFO 2026-09-03 09:44:10 Final action sent: shoulder_pan.pos=-41.85 shoulder_lift.pos=+28.65 elbow_flex.pos=-21.96 wrist_flex.pos=+82.28 wrist_roll.pos=-4.55 gripper.pos=+32.86
DEBUG 2026-09-03 09:44:10 === episode end | 20.3s | converged=False | actions=358 ===
