DEBUG 2026-09-03 10:02:33 === episode start | task: 'put the bag on the tray' | duration: 50.0s ===
DEBUG 2026-09-03 10:02:34 [chunk] dropped stale chunk (ts0=391 > max_sent=0)
DEBUG 2026-09-03 10:02:35 [chunk] received 50 actions, timesteps 0..49 | first: shoulder_pan.pos=-6.45 shoulder_lift.pos=-101.31 elbow_flex.pos=+89.05 wrist_flex.pos=+75.76 wrist_roll.pos=-0.17 gripper.pos=+1.36 | last: shoulder_pan.pos=-6.87 shoulder_lift.pos=-101.23 elbow_flex.pos=+87.92 wrist_flex.pos=+76.37 wrist_roll.pos=-0.29 gripper.pos=+1.41
DEBUG 2026-09-03 10:02:35 [action #1] t=2.01s step=0 queue=50 dmax=n/a | shoulder_pan.pos=-6.45 shoulder_lift.pos=-101.31 elbow_flex.pos=+89.05 wrist_flex.pos=+75.76 wrist_roll.pos=-0.17 gripper.pos=+1.36
DEBUG 2026-09-03 10:02:35 [action #2] t=2.04s step=1 queue=49 dmax=0.656 | shoulder_pan.pos=-6.19 shoulder_lift.pos=-101.80 elbow_flex.pos=+88.39 wrist_flex.pos=+76.12 wrist_roll.pos=-0.24 gripper.pos=+1.41
DEBUG 2026-09-03 10:02:35 [action #3] t=2.08s step=2 queue=48 dmax=0.869 | shoulder_pan.pos=-6.27 shoulder_lift.pos=-100.93 elbow_flex.pos=+89.07 wrist_flex.pos=+75.95 wrist_roll.pos=-0.26 gripper.pos=+1.39
DEBUG 2026-09-03 10:02:35 [action #4] t=2.11s step=3 queue=47 dmax=0.423 | shoulder_pan.pos=-6.62 shoulder_lift.pos=-101.05 elbow_flex.pos=+88.65 wrist_flex.pos=+76.07 wrist_roll.pos=-0.25 gripper.pos=+1.53
DEBUG 2026-09-03 10:02:35 [action #5] t=2.14s step=4 queue=46 dmax=0.320 | shoulder_pan.pos=-6.32 shoulder_lift.pos=-101.15 elbow_flex.pos=+88.33 wrist_flex.pos=+76.04 wrist_roll.pos=-0.24 gripper.pos=+1.28
DEBUG 2026-09-03 10:02:35 [action #6] t=2.18s step=5 queue=45 dmax=0.835 | shoulder_pan.pos=-6.81 shoulder_lift.pos=-100.80 elbow_flex.pos=+89.17 wrist_flex.pos=+76.11 wrist_roll.pos=-0.28 gripper.pos=+1.51
DEBUG 2026-09-03 10:02:35 [action #7] t=2.21s step=6 queue=44 dmax=0.529 | shoulder_pan.pos=-6.49 shoulder_lift.pos=-101.33 elbow_flex.pos=+89.14 wrist_flex.pos=+76.14 wrist_roll.pos=-0.23 gripper.pos=+1.46
DEBUG 2026-09-03 10:02:35 [action #8] t=2.24s step=7 queue=43 dmax=0.304 | shoulder_pan.pos=-6.37 shoulder_lift.pos=-101.21 elbow_flex.pos=+88.83 wrist_flex.pos=+76.12 wrist_roll.pos=-0.26 gripper.pos=+1.55
DEBUG 2026-09-03 10:02:35 [action #9] t=2.28s step=8 queue=42 dmax=0.315 | shoulder_pan.pos=-6.45 shoulder_lift.pos=-101.52 elbow_flex.pos=+88.75 wrist_flex.pos=+76.12 wrist_roll.pos=-0.35 gripper.pos=+1.37
DEBUG 2026-09-03 10:02:35 [action #10] t=2.31s step=9 queue=41 dmax=0.849 | shoulder_pan.pos=-6.50 shoulder_lift.pos=-100.68 elbow_flex.pos=+88.62 wrist_flex.pos=+76.10 wrist_roll.pos=-0.28 gripper.pos=+1.30
DEBUG 2026-09-03 10:02:35 [action #11] t=2.34s step=10 queue=40 dmax=0.722 | shoulder_pan.pos=-6.60 shoulder_lift.pos=-101.40 elbow_flex.pos=+88.42 wrist_flex.pos=+76.11 wrist_roll.pos=-0.27 gripper.pos=+1.20
DEBUG 2026-09-03 10:02:35 [action #12] t=2.38s step=11 queue=39 dmax=0.352 | shoulder_pan.pos=-6.45 shoulder_lift.pos=-101.75 elbow_flex.pos=+88.44 wrist_flex.pos=+76.08 wrist_roll.pos=-0.14 gripper.pos=+1.34
DEBUG 2026-09-03 10:02:35 [action #13] t=2.41s step=12 queue=38 dmax=0.531 | shoulder_pan.pos=-6.36 shoulder_lift.pos=-101.22 elbow_flex.pos=+88.72 wrist_flex.pos=+76.27 wrist_roll.pos=-0.29 gripper.pos=+1.18
DEBUG 2026-09-03 10:02:35 [action #14] t=2.44s step=13 queue=37 dmax=0.487 | shoulder_pan.pos=-6.31 shoulder_lift.pos=-101.71 elbow_flex.pos=+88.51 wrist_flex.pos=+76.19 wrist_roll.pos=-0.24 gripper.pos=+1.42
DEBUG 2026-09-03 10:02:35 [action #15] t=2.48s step=14 queue=36 dmax=0.708 | shoulder_pan.pos=-6.29 shoulder_lift.pos=-101.00 elbow_flex.pos=+88.88 wrist_flex.pos=+76.28 wrist_roll.pos=-0.24 gripper.pos=+1.13
DEBUG 2026-09-03 10:02:35 [action #16] t=2.51s step=15 queue=35 dmax=1.076 | shoulder_pan.pos=-6.07 shoulder_lift.pos=-101.55 elbow_flex.pos=+87.80 wrist_flex.pos=+76.27 wrist_roll.pos=-0.30 gripper.pos=+1.09
DEBUG 2026-09-03 10:02:35 [action #17] t=2.54s step=16 queue=34 dmax=0.490 | shoulder_pan.pos=-5.97 shoulder_lift.pos=-101.06 elbow_flex.pos=+88.21 wrist_flex.pos=+76.21 wrist_roll.pos=-0.28 gripper.pos=+1.44
DEBUG 2026-09-03 10:02:35 [action #18] t=2.58s step=17 queue=33 dmax=0.521 | shoulder_pan.pos=-6.02 shoulder_lift.pos=-100.97 elbow_flex.pos=+88.73 wrist_flex.pos=+76.40 wrist_roll.pos=-0.36 gripper.pos=+1.42
DEBUG 2026-09-03 10:02:35 [action #19] t=2.61s step=18 queue=32 dmax=0.644 | shoulder_pan.pos=-5.95 shoulder_lift.pos=-101.02 elbow_flex.pos=+88.09 wrist_flex.pos=+76.23 wrist_roll.pos=-0.33 gripper.pos=+1.36
DEBUG 2026-09-03 10:02:35 [action #20] t=2.64s step=19 queue=31 dmax=0.731 | shoulder_pan.pos=-6.27 shoulder_lift.pos=-100.29 elbow_flex.pos=+88.46 wrist_flex.pos=+76.22 wrist_roll.pos=-0.40 gripper.pos=+1.41
DEBUG 2026-09-03 10:02:35 [action #21] t=2.68s step=20 queue=30 dmax=0.787 | shoulder_pan.pos=-6.35 shoulder_lift.pos=-101.08 elbow_flex.pos=+88.06 wrist_flex.pos=+76.17 wrist_roll.pos=-0.43 gripper.pos=+1.21
DEBUG 2026-09-03 10:02:35 [action #22] t=2.71s step=21 queue=29 dmax=1.139 | shoulder_pan.pos=-6.26 shoulder_lift.pos=-100.87 elbow_flex.pos=+89.20 wrist_flex.pos=+76.21 wrist_roll.pos=-0.41 gripper.pos=+1.26
DEBUG 2026-09-03 10:02:35 [action #23] t=2.74s step=22 queue=28 dmax=0.744 | shoulder_pan.pos=-6.02 shoulder_lift.pos=-101.47 elbow_flex.pos=+88.45 wrist_flex.pos=+76.25 wrist_roll.pos=-0.21 gripper.pos=+1.39
DEBUG 2026-09-03 10:02:35 [action #24] t=2.78s step=23 queue=27 dmax=0.249 | shoulder_pan.pos=-6.24 shoulder_lift.pos=-101.72 elbow_flex.pos=+88.22 wrist_flex.pos=+76.26 wrist_roll.pos=-0.35 gripper.pos=+1.20
DEBUG 2026-09-03 10:02:35 [action #25] t=2.81s step=24 queue=26 dmax=0.987 | shoulder_pan.pos=-6.11 shoulder_lift.pos=-100.73 elbow_flex.pos=+88.40 wrist_flex.pos=+76.21 wrist_roll.pos=-0.26 gripper.pos=+1.28
DEBUG 2026-09-03 10:02:35 [action #26] t=2.85s step=25 queue=25 dmax=0.586 | shoulder_pan.pos=-6.42 shoulder_lift.pos=-101.28 elbow_flex.pos=+87.82 wrist_flex.pos=+76.23 wrist_roll.pos=-0.24 gripper.pos=+1.27
DEBUG 2026-09-03 10:02:35 [chunk] received 50 actions, timesteps 0..49 | first: shoulder_pan.pos=-5.35 shoulder_lift.pos=-101.18 elbow_flex.pos=+88.60 wrist_flex.pos=+76.32 wrist_roll.pos=-0.31 gripper.pos=+1.43 | last: shoulder_pan.pos=-7.09 shoulder_lift.pos=-100.79 elbow_flex.pos=+88.63 wrist_flex.pos=+75.94 wrist_roll.pos=-0.39 gripper.pos=+1.33
DEBUG 2026-09-03 10:02:35 [action #27] t=2.88s step=26 queue=24 dmax=0.797 | shoulder_pan.pos=-6.28 shoulder_lift.pos=-101.23 elbow_flex.pos=+88.62 wrist_flex.pos=+76.31 wrist_roll.pos=-0.33 gripper.pos=+1.57
DEBUG 2026-09-03 10:02:35 [action #28] t=2.91s step=27 queue=23 dmax=0.552 | shoulder_pan.pos=-6.27 shoulder_lift.pos=-101.08 elbow_flex.pos=+88.06 wrist_flex.pos=+76.32 wrist_roll.pos=-0.23 gripper.pos=+1.52
DEBUG 2026-09-03 10:02:35 [action #29] t=2.95s step=28 queue=22 dmax=0.654 | shoulder_pan.pos=-6.37 shoulder_lift.pos=-101.74 elbow_flex.pos=+87.95 wrist_flex.pos=+76.05 wrist_roll.pos=-0.30 gripper.pos=+1.36
DEBUG 2026-09-03 10:02:36 [action #30] t=2.98s step=29 queue=21 dmax=0.456 | shoulder_pan.pos=-6.43 shoulder_lift.pos=-101.28 elbow_flex.pos=+88.39 wrist_flex.pos=+76.17 wrist_roll.pos=-0.32 gripper.pos=+1.35
DEBUG 2026-09-03 10:02:36 [action #31] t=3.01s step=30 queue=20 dmax=0.145 | shoulder_pan.pos=-6.44 shoulder_lift.pos=-101.36 elbow_flex.pos=+88.53 wrist_flex.pos=+76.17 wrist_roll.pos=-0.32 gripper.pos=+1.42
DEBUG 2026-09-03 10:02:36 [action #32] t=3.05s step=31 queue=19 dmax=0.372 | shoulder_pan.pos=-6.65 shoulder_lift.pos=-101.73 elbow_flex.pos=+88.17 wrist_flex.pos=+76.12 wrist_roll.pos=-0.34 gripper.pos=+1.34
DEBUG 2026-09-03 10:02:36 [action #33] t=3.08s step=32 queue=18 dmax=0.841 | shoulder_pan.pos=-6.29 shoulder_lift.pos=-100.89 elbow_flex.pos=+88.20 wrist_flex.pos=+76.01 wrist_roll.pos=-0.29 gripper.pos=+1.39
DEBUG 2026-09-03 10:02:36 [action #34] t=3.11s step=33 queue=17 dmax=0.854 | shoulder_pan.pos=-6.60 shoulder_lift.pos=-101.74 elbow_flex.pos=+88.60 wrist_flex.pos=+76.13 wrist_roll.pos=-0.36 gripper.pos=+1.37
DEBUG 2026-09-03 10:02:36 [action #35] t=3.15s step=34 queue=16 dmax=0.274 | shoulder_pan.pos=-6.50 shoulder_lift.pos=-101.47 elbow_flex.pos=+88.40 wrist_flex.pos=+76.17 wrist_roll.pos=-0.39 gripper.pos=+1.40
DEBUG 2026-09-03 10:02:36 [action #36] t=3.18s step=35 queue=15 dmax=0.230 | shoulder_pan.pos=-6.38 shoulder_lift.pos=-101.24 elbow_flex.pos=+88.50 wrist_flex.pos=+76.14 wrist_roll.pos=-0.36 gripper.pos=+1.34
DEBUG 2026-09-03 10:02:36 [action #37] t=3.21s step=36 queue=14 dmax=0.240 | shoulder_pan.pos=-6.14 shoulder_lift.pos=-101.35 elbow_flex.pos=+88.51 wrist_flex.pos=+76.05 wrist_roll.pos=-0.25 gripper.pos=+1.38
DEBUG 2026-09-03 10:02:36 [action #38] t=3.25s step=37 queue=13 dmax=0.472 | shoulder_pan.pos=-6.58 shoulder_lift.pos=-101.31 elbow_flex.pos=+88.04 wrist_flex.pos=+76.07 wrist_roll.pos=-0.35 gripper.pos=+1.36
DEBUG 2026-09-03 10:02:36 [action #39] t=3.28s step=38 queue=12 dmax=0.576 | shoulder_pan.pos=-6.31 shoulder_lift.pos=-100.73 elbow_flex.pos=+88.15 wrist_flex.pos=+75.94 wrist_roll.pos=-0.41 gripper.pos=+1.36
DEBUG 2026-09-03 10:02:36 [action #40] t=3.31s step=39 queue=11 dmax=0.997 | shoulder_pan.pos=-6.13 shoulder_lift.pos=-101.25 elbow_flex.pos=+89.14 wrist_flex.pos=+76.03 wrist_roll.pos=-0.27 gripper.pos=+1.51
DEBUG 2026-09-03 10:02:36 [action #41] t=3.35s step=40 queue=10 dmax=0.675 | shoulder_pan.pos=-6.36 shoulder_lift.pos=-101.13 elbow_flex.pos=+88.47 wrist_flex.pos=+75.97 wrist_roll.pos=-0.33 gripper.pos=+1.38
DEBUG 2026-09-03 10:02:36 [action #42] t=3.38s step=41 queue=9 dmax=0.324 | shoulder_pan.pos=-6.48 shoulder_lift.pos=-101.35 elbow_flex.pos=+88.79 wrist_flex.pos=+76.15 wrist_roll.pos=-0.36 gripper.pos=+1.45
DEBUG 2026-09-03 10:02:36 [action #43] t=3.41s step=42 queue=8 dmax=0.493 | shoulder_pan.pos=-6.27 shoulder_lift.pos=-100.85 elbow_flex.pos=+88.74 wrist_flex.pos=+76.10 wrist_roll.pos=-0.38 gripper.pos=+1.46
DEBUG 2026-09-03 10:02:36 [action #44] t=3.45s step=43 queue=7 dmax=0.335 | shoulder_pan.pos=-6.40 shoulder_lift.pos=-100.94 elbow_flex.pos=+88.41 wrist_flex.pos=+75.99 wrist_roll.pos=-0.44 gripper.pos=+1.39
DEBUG 2026-09-03 10:02:36 [action #45] t=3.48s step=44 queue=6 dmax=0.421 | shoulder_pan.pos=-6.58 shoulder_lift.pos=-100.84 elbow_flex.pos=+87.99 wrist_flex.pos=+75.88 wrist_roll.pos=-0.46 gripper.pos=+1.30
DEBUG 2026-09-03 10:02:36 [action #46] t=3.51s step=45 queue=5 dmax=0.825 | shoulder_pan.pos=-6.74 shoulder_lift.pos=-100.92 elbow_flex.pos=+88.81 wrist_flex.pos=+76.11 wrist_roll.pos=-0.43 gripper.pos=+1.42
DEBUG 2026-09-03 10:02:36 [action #47] t=3.55s step=46 queue=4 dmax=0.183 | shoulder_pan.pos=-6.60 shoulder_lift.pos=-101.09 elbow_flex.pos=+88.73 wrist_flex.pos=+75.93 wrist_roll.pos=-0.40 gripper.pos=+1.23
DEBUG 2026-09-03 10:02:36 [action #48] t=3.58s step=47 queue=3 dmax=0.301 | shoulder_pan.pos=-6.72 shoulder_lift.pos=-100.90 elbow_flex.pos=+88.43 wrist_flex.pos=+76.02 wrist_roll.pos=-0.38 gripper.pos=+1.33
DEBUG 2026-09-03 10:02:36 [action #49] t=3.61s step=48 queue=2 dmax=0.296 | shoulder_pan.pos=-6.74 shoulder_lift.pos=-100.91 elbow_flex.pos=+88.72 wrist_flex.pos=+76.08 wrist_roll.pos=-0.40 gripper.pos=+1.30
DEBUG 2026-09-03 10:02:36 [action #50] t=3.65s step=49 queue=1 dmax=0.308 | shoulder_pan.pos=-7.03 shoulder_lift.pos=-100.92 elbow_flex.pos=+88.41 wrist_flex.pos=+76.07 wrist_roll.pos=-0.36 gripper.pos=+1.35
DEBUG 2026-09-03 10:02:36 [chunk] received 50 actions, timesteps 25..74 | first: shoulder_pan.pos=-5.94 shoulder_lift.pos=-101.61 elbow_flex.pos=+89.13 wrist_flex.pos=+76.57 wrist_roll.pos=-0.03 gripper.pos=+1.36 | last: shoulder_pan.pos=-5.96 shoulder_lift.pos=-101.63 elbow_flex.pos=+88.19 wrist_flex.pos=+76.65 wrist_roll.pos=-0.31 gripper.pos=+1.50
DEBUG 2026-09-03 10:02:36 [action #51] t=3.82s step=50 queue=25 dmax=1.061 | shoulder_pan.pos=-5.96 shoulder_lift.pos=-101.69 elbow_flex.pos=+88.14 wrist_flex.pos=+76.57 wrist_roll.pos=-0.29 gripper.pos=+1.20
DEBUG 2026-09-03 10:02:36 [action #52] t=3.85s step=51 queue=24 dmax=0.625 | shoulder_pan.pos=-5.99 shoulder_lift.pos=-101.33 elbow_flex.pos=+88.76 wrist_flex.pos=+76.66 wrist_roll.pos=-0.18 gripper.pos=+1.37
DEBUG 2026-09-03 10:02:36 [action #53] t=3.88s step=52 queue=23 dmax=0.156 | shoulder_pan.pos=-5.95 shoulder_lift.pos=-101.31 elbow_flex.pos=+88.60 wrist_flex.pos=+76.61 wrist_roll.pos=-0.22 gripper.pos=+1.45
DEBUG 2026-09-03 10:02:36 [action #54] t=3.92s step=53 queue=22 dmax=0.292 | shoulder_pan.pos=-5.80 shoulder_lift.pos=-101.34 elbow_flex.pos=+88.31 wrist_flex.pos=+76.56 wrist_roll.pos=-0.35 gripper.pos=+1.36
DEBUG 2026-09-03 10:02:36 [action #55] t=3.95s step=54 queue=21 dmax=0.604 | shoulder_pan.pos=-6.07 shoulder_lift.pos=-101.95 elbow_flex.pos=+88.59 wrist_flex.pos=+76.53 wrist_roll.pos=-0.25 gripper.pos=+1.47
DEBUG 2026-09-03 10:02:37 [action #56] t=3.98s step=55 queue=20 dmax=0.590 | shoulder_pan.pos=-6.20 shoulder_lift.pos=-101.36 elbow_flex.pos=+88.34 wrist_flex.pos=+76.46 wrist_roll.pos=-0.20 gripper.pos=+1.34
DEBUG 2026-09-03 10:02:37 [action #57] t=4.02s step=56 queue=19 dmax=0.546 | shoulder_pan.pos=-5.93 shoulder_lift.pos=-101.90 elbow_flex.pos=+88.22 wrist_flex.pos=+76.52 wrist_roll.pos=-0.24 gripper.pos=+1.33
DEBUG 2026-09-03 10:02:37 [action #58] t=4.05s step=57 queue=18 dmax=0.446 | shoulder_pan.pos=-5.88 shoulder_lift.pos=-101.46 elbow_flex.pos=+88.36 wrist_flex.pos=+76.66 wrist_roll.pos=-0.22 gripper.pos=+1.48
DEBUG 2026-09-03 10:02:37 [action #59] t=4.08s step=58 queue=17 dmax=0.419 | shoulder_pan.pos=-6.03 shoulder_lift.pos=-101.55 elbow_flex.pos=+88.78 wrist_flex.pos=+76.58 wrist_roll.pos=-0.15 gripper.pos=+1.26
DEBUG 2026-09-03 10:02:37 [action #60] t=4.12s step=59 queue=16 dmax=0.530 | shoulder_pan.pos=-5.91 shoulder_lift.pos=-102.08 elbow_flex.pos=+88.76 wrist_flex.pos=+76.74 wrist_roll.pos=-0.17 gripper.pos=+1.41
DEBUG 2026-09-03 10:02:37 [action #61] t=4.15s step=60 queue=15 dmax=0.482 | shoulder_pan.pos=-5.98 shoulder_lift.pos=-101.60 elbow_flex.pos=+88.56 wrist_flex.pos=+76.73 wrist_roll.pos=-0.21 gripper.pos=+1.38
DEBUG 2026-09-03 10:02:37 [action #62] t=4.18s step=61 queue=14 dmax=0.538 | shoulder_pan.pos=-5.92 shoulder_lift.pos=-101.83 elbow_flex.pos=+89.10 wrist_flex.pos=+76.81 wrist_roll.pos=-0.19 gripper.pos=+1.21
DEBUG 2026-09-03 10:02:37 [action #63] t=4.22s step=62 queue=13 dmax=0.359 | shoulder_pan.pos=-6.17 shoulder_lift.pos=-102.19 elbow_flex.pos=+89.10 wrist_flex.pos=+76.87 wrist_roll.pos=-0.21 gripper.pos=+1.20
DEBUG 2026-09-03 10:02:37 [action #64] t=4.25s step=63 queue=12 dmax=0.531 | shoulder_pan.pos=-5.76 shoulder_lift.pos=-101.90 elbow_flex.pos=+88.57 wrist_flex.pos=+76.62 wrist_roll.pos=-0.16 gripper.pos=+1.42
DEBUG 2026-09-03 10:02:37 [action #65] t=4.28s step=64 queue=11 dmax=0.649 | shoulder_pan.pos=-5.84 shoulder_lift.pos=-101.25 elbow_flex.pos=+88.27 wrist_flex.pos=+76.82 wrist_roll.pos=-0.15 gripper.pos=+1.33
DEBUG 2026-09-03 10:02:37 [action #66] t=4.32s step=65 queue=10 dmax=0.680 | shoulder_pan.pos=-5.99 shoulder_lift.pos=-101.93 elbow_flex.pos=+88.32 wrist_flex.pos=+76.84 wrist_roll.pos=-0.23 gripper.pos=+1.36
DEBUG 2026-09-03 10:02:37 [action #67] t=4.35s step=66 queue=9 dmax=0.563 | shoulder_pan.pos=-5.77 shoulder_lift.pos=-101.84 elbow_flex.pos=+88.89 wrist_flex.pos=+76.65 wrist_roll.pos=-0.29 gripper.pos=+1.31
DEBUG 2026-09-03 10:02:37 [action #68] t=4.38s step=67 queue=8 dmax=0.222 | shoulder_pan.pos=-6.00 shoulder_lift.pos=-101.75 elbow_flex.pos=+88.96 wrist_flex.pos=+76.79 wrist_roll.pos=-0.35 gripper.pos=+1.19
DEBUG 2026-09-03 10:02:37 [action #69] t=4.42s step=68 queue=7 dmax=0.641 | shoulder_pan.pos=-5.82 shoulder_lift.pos=-101.11 elbow_flex.pos=+88.56 wrist_flex.pos=+76.72 wrist_roll.pos=-0.21 gripper.pos=+1.31
DEBUG 2026-09-03 10:02:37 [action #70] t=4.45s step=69 queue=6 dmax=0.746 | shoulder_pan.pos=-5.86 shoulder_lift.pos=-101.16 elbow_flex.pos=+89.30 wrist_flex.pos=+76.63 wrist_roll.pos=-0.33 gripper.pos=+1.21
DEBUG 2026-09-03 10:02:37 [action #71] t=4.48s step=70 queue=5 dmax=1.017 | shoulder_pan.pos=-5.59 shoulder_lift.pos=-101.75 elbow_flex.pos=+88.29 wrist_flex.pos=+76.39 wrist_roll.pos=-0.32 gripper.pos=+1.42
DEBUG 2026-09-03 10:02:37 [action #72] t=4.52s step=71 queue=4 dmax=0.319 | shoulder_pan.pos=-5.89 shoulder_lift.pos=-101.91 elbow_flex.pos=+88.61 wrist_flex.pos=+76.63 wrist_roll.pos=-0.35 gripper.pos=+1.37
DEBUG 2026-09-03 10:02:37 [action #73] t=4.55s step=72 queue=3 dmax=1.204 | shoulder_pan.pos=-6.05 shoulder_lift.pos=-100.71 elbow_flex.pos=+88.25 wrist_flex.pos=+76.67 wrist_roll.pos=-0.25 gripper.pos=+1.38
DEBUG 2026-09-03 10:02:37 [action #74] t=4.58s step=73 queue=2 dmax=0.848 | shoulder_pan.pos=-5.87 shoulder_lift.pos=-101.56 elbow_flex.pos=+88.55 wrist_flex.pos=+76.78 wrist_roll.pos=-0.41 gripper.pos=+1.20
DEBUG 2026-09-03 10:02:37 [action #75] t=4.62s step=74 queue=1 dmax=0.361 | shoulder_pan.pos=-5.96 shoulder_lift.pos=-101.63 elbow_flex.pos=+88.19 wrist_flex.pos=+76.65 wrist_roll.pos=-0.31 gripper.pos=+1.50
DEBUG 2026-09-03 10:02:37 [chunk] received 50 actions, timesteps 49..98 | first: shoulder_pan.pos=-6.11 shoulder_lift.pos=-101.18 elbow_flex.pos=+88.38 wrist_flex.pos=+76.89 wrist_roll.pos=-0.20 gripper.pos=+1.51 | last: shoulder_pan.pos=-6.89 shoulder_lift.pos=-101.62 elbow_flex.pos=+88.10 wrist_flex.pos=+76.82 wrist_roll.pos=-0.19 gripper.pos=+1.30
DEBUG 2026-09-03 10:02:37 [action #76] t=4.75s step=75 queue=24 dmax=0.407 | shoulder_pan.pos=-6.37 shoulder_lift.pos=-101.85 elbow_flex.pos=+88.15 wrist_flex.pos=+76.94 wrist_roll.pos=-0.16 gripper.pos=+1.35
DEBUG 2026-09-03 10:02:37 [action #77] t=4.79s step=76 queue=23 dmax=0.250 | shoulder_pan.pos=-6.45 shoulder_lift.pos=-101.60 elbow_flex.pos=+88.34 wrist_flex.pos=+76.89 wrist_roll.pos=-0.23 gripper.pos=+1.30
DEBUG 2026-09-03 10:02:37 [action #78] t=4.82s step=77 queue=22 dmax=0.206 | shoulder_pan.pos=-6.48 shoulder_lift.pos=-101.39 elbow_flex.pos=+88.42 wrist_flex.pos=+76.93 wrist_roll.pos=-0.23 gripper.pos=+1.39
DEBUG 2026-09-03 10:02:37 [action #79] t=4.85s step=78 queue=21 dmax=0.295 | shoulder_pan.pos=-6.34 shoulder_lift.pos=-101.69 elbow_flex.pos=+88.45 wrist_flex.pos=+76.74 wrist_roll.pos=-0.16 gripper.pos=+1.38
DEBUG 2026-09-03 10:02:37 [action #80] t=4.89s step=79 queue=20 dmax=0.387 | shoulder_pan.pos=-6.37 shoulder_lift.pos=-101.30 elbow_flex.pos=+88.28 wrist_flex.pos=+76.80 wrist_roll.pos=-0.20 gripper.pos=+1.37
DEBUG 2026-09-03 10:02:37 [action #81] t=4.92s step=80 queue=19 dmax=0.231 | shoulder_pan.pos=-6.60 shoulder_lift.pos=-101.40 elbow_flex.pos=+88.26 wrist_flex.pos=+76.76 wrist_roll.pos=-0.23 gripper.pos=+1.38
DEBUG 2026-09-03 10:02:37 [action #82] t=4.95s step=81 queue=18 dmax=0.360 | shoulder_pan.pos=-6.68 shoulder_lift.pos=-101.04 elbow_flex.pos=+88.26 wrist_flex.pos=+76.93 wrist_roll.pos=-0.22 gripper.pos=+1.56
DEBUG 2026-09-03 10:02:38 [action #83] t=4.99s step=82 queue=17 dmax=0.428 | shoulder_pan.pos=-6.56 shoulder_lift.pos=-101.26 elbow_flex.pos=+87.83 wrist_flex.pos=+76.79 wrist_roll.pos=-0.21 gripper.pos=+1.32
DEBUG 2026-09-03 10:02:38 [action #84] t=5.02s step=83 queue=16 dmax=0.407 | shoulder_pan.pos=-6.65 shoulder_lift.pos=-101.66 elbow_flex.pos=+88.16 wrist_flex.pos=+77.00 wrist_roll.pos=-0.14 gripper.pos=+1.37
DEBUG 2026-09-03 10:02:38 [action #85] t=5.05s step=84 queue=15 dmax=0.462 | shoulder_pan.pos=-6.80 shoulder_lift.pos=-101.96 elbow_flex.pos=+87.69 wrist_flex.pos=+76.69 wrist_roll.pos=-0.13 gripper.pos=+1.27
DEBUG 2026-09-03 10:02:38 [action #86] t=5.09s step=85 queue=14 dmax=1.002 | shoulder_pan.pos=-6.81 shoulder_lift.pos=-101.90 elbow_flex.pos=+88.69 wrist_flex.pos=+76.84 wrist_roll.pos=-0.22 gripper.pos=+1.34
DEBUG 2026-09-03 10:02:38 [action #87] t=5.12s step=86 queue=13 dmax=0.697 | shoulder_pan.pos=-6.48 shoulder_lift.pos=-101.41 elbow_flex.pos=+88.00 wrist_flex.pos=+76.87 wrist_roll.pos=-0.19 gripper.pos=+1.32
DEBUG 2026-09-03 10:02:38 [action #88] t=5.15s step=87 queue=12 dmax=0.398 | shoulder_pan.pos=-6.58 shoulder_lift.pos=-101.23 elbow_flex.pos=+88.40 wrist_flex.pos=+76.69 wrist_roll.pos=-0.26 gripper.pos=+1.26
DEBUG 2026-09-03 10:02:38 [action #89] t=5.19s step=88 queue=11 dmax=0.323 | shoulder_pan.pos=-6.81 shoulder_lift.pos=-101.43 elbow_flex.pos=+88.72 wrist_flex.pos=+76.71 wrist_roll.pos=-0.25 gripper.pos=+1.20
DEBUG 2026-09-03 10:02:38 [action #90] t=5.22s step=89 queue=10 dmax=0.436 | shoulder_pan.pos=-6.62 shoulder_lift.pos=-101.48 elbow_flex.pos=+88.28 wrist_flex.pos=+76.94 wrist_roll.pos=-0.16 gripper.pos=+1.42
DEBUG 2026-09-03 10:02:38 [action #91] t=5.25s step=90 queue=9 dmax=0.231 | shoulder_pan.pos=-6.47 shoulder_lift.pos=-101.46 elbow_flex.pos=+88.05 wrist_flex.pos=+76.90 wrist_roll.pos=-0.23 gripper.pos=+1.30
DEBUG 2026-09-03 10:02:38 [action #92] t=5.29s step=91 queue=8 dmax=0.104 | shoulder_pan.pos=-6.49 shoulder_lift.pos=-101.42 elbow_flex.pos=+88.07 wrist_flex.pos=+76.80 wrist_roll.pos=-0.21 gripper.pos=+1.28
DEBUG 2026-09-03 10:02:38 [action #93] t=5.32s step=92 queue=7 dmax=0.485 | shoulder_pan.pos=-6.56 shoulder_lift.pos=-101.42 elbow_flex.pos=+88.56 wrist_flex.pos=+76.85 wrist_roll.pos=-0.27 gripper.pos=+1.25
DEBUG 2026-09-03 10:02:38 [action #94] t=5.35s step=93 queue=6 dmax=0.367 | shoulder_pan.pos=-6.69 shoulder_lift.pos=-101.05 elbow_flex.pos=+88.51 wrist_flex.pos=+76.74 wrist_roll.pos=-0.24 gripper.pos=+1.33
DEBUG 2026-09-03 10:02:38 [action #95] t=5.39s step=94 queue=5 dmax=0.079 | shoulder_pan.pos=-6.68 shoulder_lift.pos=-101.13 elbow_flex.pos=+88.47 wrist_flex.pos=+76.75 wrist_roll.pos=-0.28 gripper.pos=+1.36
DEBUG 2026-09-03 10:02:38 [action #96] t=5.42s step=95 queue=4 dmax=0.483 | shoulder_pan.pos=-6.73 shoulder_lift.pos=-101.58 elbow_flex.pos=+87.98 wrist_flex.pos=+76.71 wrist_roll.pos=-0.20 gripper.pos=+1.25
DEBUG 2026-09-03 10:02:38 [action #97] t=5.45s step=96 queue=3 dmax=0.577 | shoulder_pan.pos=-6.70 shoulder_lift.pos=-102.02 elbow_flex.pos=+88.56 wrist_flex.pos=+76.80 wrist_roll.pos=-0.22 gripper.pos=+1.33
DEBUG 2026-09-03 10:02:38 [action #98] t=5.49s step=97 queue=2 dmax=0.656 | shoulder_pan.pos=-6.74 shoulder_lift.pos=-101.37 elbow_flex.pos=+88.16 wrist_flex.pos=+76.72 wrist_roll.pos=-0.21 gripper.pos=+1.35
DEBUG 2026-09-03 10:02:38 [action #99] t=5.52s step=98 queue=1 dmax=0.255 | shoulder_pan.pos=-6.89 shoulder_lift.pos=-101.62 elbow_flex.pos=+88.10 wrist_flex.pos=+76.82 wrist_roll.pos=-0.19 gripper.pos=+1.30
DEBUG 2026-09-03 10:02:38 [chunk] received 50 actions, timesteps 74..123 | first: shoulder_pan.pos=-5.70 shoulder_lift.pos=-101.96 elbow_flex.pos=+89.23 wrist_flex.pos=+76.68 wrist_roll.pos=-0.31 gripper.pos=+1.56 | last: shoulder_pan.pos=-5.85 shoulder_lift.pos=-101.85 elbow_flex.pos=+88.55 wrist_flex.pos=+77.01 wrist_roll.pos=-0.35 gripper.pos=+1.27
DEBUG 2026-09-03 10:02:38 [action #100] t=5.69s step=99 queue=25 dmax=1.007 | shoulder_pan.pos=-5.88 shoulder_lift.pos=-102.52 elbow_flex.pos=+88.92 wrist_flex.pos=+76.69 wrist_roll.pos=-0.24 gripper.pos=+1.21
DEBUG 2026-09-03 10:02:38 [action #101] t=5.72s step=100 queue=24 dmax=0.520 | shoulder_pan.pos=-5.91 shoulder_lift.pos=-102.00 elbow_flex.pos=+88.69 wrist_flex.pos=+76.62 wrist_roll.pos=-0.33 gripper.pos=+1.25
DEBUG 2026-09-03 10:02:38 [action #102] t=5.76s step=101 queue=23 dmax=0.492 | shoulder_pan.pos=-5.78 shoulder_lift.pos=-101.51 elbow_flex.pos=+88.82 wrist_flex.pos=+76.65 wrist_roll.pos=-0.30 gripper.pos=+1.26
DEBUG 2026-09-03 10:02:38 [action #103] t=5.79s step=102 queue=22 dmax=0.349 | shoulder_pan.pos=-5.94 shoulder_lift.pos=-101.70 elbow_flex.pos=+88.47 wrist_flex.pos=+76.81 wrist_roll.pos=-0.32 gripper.pos=+1.29
DEBUG 2026-09-03 10:02:38 [action #104] t=5.82s step=103 queue=21 dmax=0.365 | shoulder_pan.pos=-5.88 shoulder_lift.pos=-102.07 elbow_flex.pos=+88.80 wrist_flex.pos=+76.91 wrist_roll.pos=-0.36 gripper.pos=+1.21
DEBUG 2026-09-03 10:02:38 [action #105] t=5.86s step=104 queue=20 dmax=0.243 | shoulder_pan.pos=-5.92 shoulder_lift.pos=-102.04 elbow_flex.pos=+88.56 wrist_flex.pos=+76.87 wrist_roll.pos=-0.27 gripper.pos=+1.16
DEBUG 2026-09-03 10:02:38 [action #106] t=5.89s step=105 queue=19 dmax=0.395 | shoulder_pan.pos=-5.96 shoulder_lift.pos=-101.80 elbow_flex.pos=+88.95 wrist_flex.pos=+76.81 wrist_roll.pos=-0.29 gripper.pos=+1.19
DEBUG 2026-09-03 10:02:38 [action #107] t=5.92s step=106 queue=18 dmax=0.189 | shoulder_pan.pos=-5.87 shoulder_lift.pos=-101.78 elbow_flex.pos=+89.09 wrist_flex.pos=+76.62 wrist_roll.pos=-0.37 gripper.pos=+1.27
DEBUG 2026-09-03 10:02:38 [action #108] t=5.96s step=107 queue=17 dmax=0.196 | shoulder_pan.pos=-5.81 shoulder_lift.pos=-101.81 elbow_flex.pos=+89.29 wrist_flex.pos=+76.78 wrist_roll.pos=-0.36 gripper.pos=+1.27
DEBUG 2026-09-03 10:02:39 [action #109] t=5.99s step=108 queue=16 dmax=0.165 | shoulder_pan.pos=-5.82 shoulder_lift.pos=-101.92 elbow_flex.pos=+89.12 wrist_flex.pos=+76.65 wrist_roll.pos=-0.34 gripper.pos=+1.19
DEBUG 2026-09-03 10:02:39 [action #110] t=6.02s step=109 queue=15 dmax=0.262 | shoulder_pan.pos=-5.95 shoulder_lift.pos=-101.94 elbow_flex.pos=+88.86 wrist_flex.pos=+76.87 wrist_roll.pos=-0.39 gripper.pos=+1.15
DEBUG 2026-09-03 10:02:39 [action #111] t=6.06s step=110 queue=14 dmax=0.521 | shoulder_pan.pos=-6.04 shoulder_lift.pos=-101.89 elbow_flex.pos=+88.34 wrist_flex.pos=+76.82 wrist_roll.pos=-0.37 gripper.pos=+1.29
DEBUG 2026-09-03 10:02:39 [action #112] t=6.09s step=111 queue=13 dmax=0.471 | shoulder_pan.pos=-5.96 shoulder_lift.pos=-102.04 elbow_flex.pos=+88.81 wrist_flex.pos=+76.62 wrist_roll.pos=-0.37 gripper.pos=+1.25
DEBUG 2026-09-03 10:02:39 [action #113] t=6.12s step=112 queue=12 dmax=0.250 | shoulder_pan.pos=-5.84 shoulder_lift.pos=-101.79 elbow_flex.pos=+88.60 wrist_flex.pos=+76.70 wrist_roll.pos=-0.32 gripper.pos=+1.19
DEBUG 2026-09-03 10:02:39 [action #114] t=6.16s step=113 queue=11 dmax=0.553 | shoulder_pan.pos=-6.23 shoulder_lift.pos=-101.60 elbow_flex.pos=+89.16 wrist_flex.pos=+76.69 wrist_roll.pos=-0.39 gripper.pos=+1.24
DEBUG 2026-09-03 10:02:39 [action #115] t=6.19s step=114 queue=10 dmax=0.755 | shoulder_pan.pos=-6.06 shoulder_lift.pos=-101.25 elbow_flex.pos=+88.40 wrist_flex.pos=+76.66 wrist_roll.pos=-0.40 gripper.pos=+1.18
DEBUG 2026-09-03 10:02:39 [action #116] t=6.22s step=115 queue=9 dmax=0.615 | shoulder_pan.pos=-6.08 shoulder_lift.pos=-101.84 elbow_flex.pos=+89.02 wrist_flex.pos=+76.76 wrist_roll.pos=-0.44 gripper.pos=+1.07
DEBUG 2026-09-03 10:02:39 [action #117] t=6.26s step=116 queue=8 dmax=0.368 | shoulder_pan.pos=-5.85 shoulder_lift.pos=-101.47 elbow_flex.pos=+89.24 wrist_flex.pos=+76.84 wrist_roll.pos=-0.42 gripper.pos=+1.28
DEBUG 2026-09-03 10:02:39 [action #118] t=6.29s step=117 queue=7 dmax=0.308 | shoulder_pan.pos=-5.93 shoulder_lift.pos=-101.51 elbow_flex.pos=+88.93 wrist_flex.pos=+76.75 wrist_roll.pos=-0.45 gripper.pos=+1.20
DEBUG 2026-09-03 10:02:39 [action #119] t=6.32s step=118 queue=6 dmax=0.500 | shoulder_pan.pos=-6.07 shoulder_lift.pos=-101.45 elbow_flex.pos=+88.43 wrist_flex.pos=+76.85 wrist_roll.pos=-0.44 gripper.pos=+1.35
DEBUG 2026-09-03 10:02:39 [action #120] t=6.36s step=119 queue=5 dmax=0.265 | shoulder_pan.pos=-6.13 shoulder_lift.pos=-101.64 elbow_flex.pos=+88.70 wrist_flex.pos=+76.75 wrist_roll.pos=-0.42 gripper.pos=+1.33
DEBUG 2026-09-03 10:02:39 [action #121] t=6.39s step=120 queue=4 dmax=0.342 | shoulder_pan.pos=-5.84 shoulder_lift.pos=-101.61 elbow_flex.pos=+88.36 wrist_flex.pos=+76.67 wrist_roll.pos=-0.47 gripper.pos=+1.27
DEBUG 2026-09-03 10:02:39 [action #122] t=6.42s step=121 queue=3 dmax=0.485 | shoulder_pan.pos=-6.04 shoulder_lift.pos=-101.84 elbow_flex.pos=+88.84 wrist_flex.pos=+76.80 wrist_roll.pos=-0.42 gripper.pos=+1.19
DEBUG 2026-09-03 10:02:39 [action #123] t=6.46s step=122 queue=2 dmax=0.574 | shoulder_pan.pos=-6.01 shoulder_lift.pos=-101.73 elbow_flex.pos=+88.27 wrist_flex.pos=+76.76 wrist_roll.pos=-0.42 gripper.pos=+1.13
DEBUG 2026-09-03 10:02:39 [action #124] t=6.49s step=123 queue=1 dmax=0.285 | shoulder_pan.pos=-5.85 shoulder_lift.pos=-101.85 elbow_flex.pos=+88.55 wrist_flex.pos=+77.01 wrist_roll.pos=-0.35 gripper.pos=+1.27
DEBUG 2026-09-03 10:02:39 [chunk] received 50 actions, timesteps 98..147 | first: shoulder_pan.pos=-6.21 shoulder_lift.pos=-101.82 elbow_flex.pos=+88.44 wrist_flex.pos=+76.99 wrist_roll.pos=-0.12 gripper.pos=+1.56 | last: shoulder_pan.pos=-6.16 shoulder_lift.pos=-100.99 elbow_flex.pos=+88.24 wrist_flex.pos=+76.81 wrist_roll.pos=-0.32 gripper.pos=+1.29
INFO 2026-09-03 10:02:42 Final action sent: shoulder_pan.pos=-5.85 shoulder_lift.pos=-101.85 elbow_flex.pos=+88.55 wrist_flex.pos=+77.01 wrist_roll.pos=-0.35 gripper.pos=+1.27
DEBUG 2026-09-03 10:02:42 === episode end | 9.5s | converged=True | actions=124 ===
