DEBUG 2026-09-03 10:04:01 === episode start | task: 'put the box on the tray' | duration: 50.0s ===
DEBUG 2026-09-03 10:04:02 [chunk] received 50 actions, timesteps 0..49 | first: shoulder_pan.pos=-6.28 shoulder_lift.pos=-102.24 elbow_flex.pos=+89.03 wrist_flex.pos=+77.98 wrist_roll.pos=+0.02 gripper.pos=+1.19 | last: shoulder_pan.pos=-15.06 shoulder_lift.pos=-102.88 elbow_flex.pos=+90.81 wrist_flex.pos=+77.95 wrist_roll.pos=-0.17 gripper.pos=+0.82
DEBUG 2026-09-03 10:04:02 [action #1] t=1.04s step=0 queue=50 dmax=n/a | shoulder_pan.pos=-6.28 shoulder_lift.pos=-102.24 elbow_flex.pos=+89.03 wrist_flex.pos=+77.98 wrist_roll.pos=+0.02 gripper.pos=+1.19
DEBUG 2026-09-03 10:04:02 [action #2] t=1.07s step=1 queue=49 dmax=0.540 | shoulder_pan.pos=-6.71 shoulder_lift.pos=-102.78 elbow_flex.pos=+88.86 wrist_flex.pos=+78.23 wrist_roll.pos=-0.08 gripper.pos=+1.24
DEBUG 2026-09-03 10:04:02 [action #3] t=1.10s step=2 queue=48 dmax=0.782 | shoulder_pan.pos=-7.49 shoulder_lift.pos=-103.01 elbow_flex.pos=+89.25 wrist_flex.pos=+78.35 wrist_roll.pos=-0.10 gripper.pos=+1.03
DEBUG 2026-09-03 10:04:02 [action #4] t=1.14s step=3 queue=47 dmax=0.222 | shoulder_pan.pos=-7.68 shoulder_lift.pos=-103.01 elbow_flex.pos=+89.02 wrist_flex.pos=+78.36 wrist_roll.pos=-0.04 gripper.pos=+1.20
DEBUG 2026-09-03 10:04:03 [action #5] t=1.17s step=4 queue=46 dmax=0.717 | shoulder_pan.pos=-8.40 shoulder_lift.pos=-103.48 elbow_flex.pos=+89.48 wrist_flex.pos=+78.54 wrist_roll.pos=-0.10 gripper.pos=+1.09
DEBUG 2026-09-03 10:04:03 [action #6] t=1.20s step=5 queue=45 dmax=0.409 | shoulder_pan.pos=-8.81 shoulder_lift.pos=-103.65 elbow_flex.pos=+89.52 wrist_flex.pos=+78.79 wrist_roll.pos=-0.16 gripper.pos=+1.11
DEBUG 2026-09-03 10:04:03 [action #7] t=1.24s step=6 queue=44 dmax=0.706 | shoulder_pan.pos=-9.27 shoulder_lift.pos=-103.70 elbow_flex.pos=+90.22 wrist_flex.pos=+78.65 wrist_roll.pos=-0.17 gripper.pos=+1.18
DEBUG 2026-09-03 10:04:03 [action #8] t=1.27s step=7 queue=43 dmax=0.778 | shoulder_pan.pos=-9.74 shoulder_lift.pos=-104.09 elbow_flex.pos=+89.45 wrist_flex.pos=+78.83 wrist_roll.pos=-0.14 gripper.pos=+0.90
DEBUG 2026-09-03 10:04:03 [action #9] t=1.30s step=8 queue=42 dmax=0.527 | shoulder_pan.pos=-10.04 shoulder_lift.pos=-104.00 elbow_flex.pos=+89.97 wrist_flex.pos=+78.89 wrist_roll.pos=-0.14 gripper.pos=+1.03
DEBUG 2026-09-03 10:04:03 [action #10] t=1.34s step=9 queue=41 dmax=0.188 | shoulder_pan.pos=-10.23 shoulder_lift.pos=-104.03 elbow_flex.pos=+90.13 wrist_flex.pos=+79.00 wrist_roll.pos=-0.15 gripper.pos=+1.12
DEBUG 2026-09-03 10:04:03 [action #11] t=1.37s step=10 queue=40 dmax=0.538 | shoulder_pan.pos=-10.61 shoulder_lift.pos=-103.81 elbow_flex.pos=+89.59 wrist_flex.pos=+78.95 wrist_roll.pos=-0.08 gripper.pos=+1.10
DEBUG 2026-09-03 10:04:03 [action #12] t=1.40s step=11 queue=39 dmax=0.436 | shoulder_pan.pos=-10.60 shoulder_lift.pos=-104.25 elbow_flex.pos=+89.97 wrist_flex.pos=+78.92 wrist_roll.pos=-0.12 gripper.pos=+0.96
DEBUG 2026-09-03 10:04:03 [action #13] t=1.44s step=12 queue=38 dmax=0.429 | shoulder_pan.pos=-10.81 shoulder_lift.pos=-103.82 elbow_flex.pos=+89.86 wrist_flex.pos=+78.97 wrist_roll.pos=-0.12 gripper.pos=+1.04
DEBUG 2026-09-03 10:04:03 [action #14] t=1.47s step=13 queue=37 dmax=0.290 | shoulder_pan.pos=-10.89 shoulder_lift.pos=-104.11 elbow_flex.pos=+89.93 wrist_flex.pos=+78.90 wrist_roll.pos=-0.09 gripper.pos=+0.94
DEBUG 2026-09-03 10:04:03 [action #15] t=1.50s step=14 queue=36 dmax=0.722 | shoulder_pan.pos=-11.07 shoulder_lift.pos=-103.39 elbow_flex.pos=+89.75 wrist_flex.pos=+78.96 wrist_roll.pos=-0.08 gripper.pos=+0.87
DEBUG 2026-09-03 10:04:03 [action #16] t=1.54s step=15 queue=35 dmax=0.739 | shoulder_pan.pos=-11.05 shoulder_lift.pos=-103.90 elbow_flex.pos=+90.48 wrist_flex.pos=+78.79 wrist_roll.pos=-0.02 gripper.pos=+1.03
DEBUG 2026-09-03 10:04:03 [action #17] t=1.57s step=16 queue=34 dmax=0.310 | shoulder_pan.pos=-11.00 shoulder_lift.pos=-103.86 elbow_flex.pos=+90.17 wrist_flex.pos=+78.83 wrist_roll.pos=-0.13 gripper.pos=+0.93
DEBUG 2026-09-03 10:04:03 [action #18] t=1.61s step=17 queue=33 dmax=0.646 | shoulder_pan.pos=-10.95 shoulder_lift.pos=-103.22 elbow_flex.pos=+90.47 wrist_flex.pos=+78.59 wrist_roll.pos=-0.17 gripper.pos=+0.86
DEBUG 2026-09-03 10:04:03 [action #19] t=1.64s step=18 queue=32 dmax=0.642 | shoulder_pan.pos=-10.91 shoulder_lift.pos=-103.86 elbow_flex.pos=+90.23 wrist_flex.pos=+78.54 wrist_roll.pos=-0.05 gripper.pos=+0.92
DEBUG 2026-09-03 10:04:03 [action #20] t=1.67s step=19 queue=31 dmax=0.243 | shoulder_pan.pos=-11.15 shoulder_lift.pos=-103.83 elbow_flex.pos=+90.17 wrist_flex.pos=+78.55 wrist_roll.pos=-0.16 gripper.pos=+0.95
DEBUG 2026-09-03 10:04:03 [action #21] t=1.71s step=20 queue=30 dmax=0.374 | shoulder_pan.pos=-11.10 shoulder_lift.pos=-103.46 elbow_flex.pos=+89.99 wrist_flex.pos=+78.43 wrist_roll.pos=-0.16 gripper.pos=+0.99
DEBUG 2026-09-03 10:04:03 [action #22] t=1.74s step=21 queue=29 dmax=0.677 | shoulder_pan.pos=-11.15 shoulder_lift.pos=-104.04 elbow_flex.pos=+90.67 wrist_flex.pos=+78.51 wrist_roll.pos=-0.13 gripper.pos=+0.92
DEBUG 2026-09-03 10:04:03 [action #23] t=1.77s step=22 queue=28 dmax=0.392 | shoulder_pan.pos=-11.18 shoulder_lift.pos=-103.65 elbow_flex.pos=+90.44 wrist_flex.pos=+78.33 wrist_roll.pos=-0.13 gripper.pos=+1.03
DEBUG 2026-09-03 10:04:03 [action #24] t=1.81s step=23 queue=27 dmax=0.437 | shoulder_pan.pos=-11.62 shoulder_lift.pos=-103.85 elbow_flex.pos=+90.27 wrist_flex.pos=+78.35 wrist_roll.pos=-0.18 gripper.pos=+0.87
DEBUG 2026-09-03 10:04:03 [action #25] t=1.84s step=24 queue=26 dmax=0.299 | shoulder_pan.pos=-11.78 shoulder_lift.pos=-103.55 elbow_flex.pos=+90.12 wrist_flex.pos=+78.33 wrist_roll.pos=-0.18 gripper.pos=+0.89
DEBUG 2026-09-03 10:04:03 [action #26] t=1.87s step=25 queue=25 dmax=0.289 | shoulder_pan.pos=-12.07 shoulder_lift.pos=-103.57 elbow_flex.pos=+90.12 wrist_flex.pos=+78.30 wrist_roll.pos=-0.21 gripper.pos=+0.98
DEBUG 2026-09-03 10:04:03 [action #27] t=1.91s step=26 queue=24 dmax=0.340 | shoulder_pan.pos=-12.16 shoulder_lift.pos=-103.52 elbow_flex.pos=+90.46 wrist_flex.pos=+78.25 wrist_roll.pos=-0.12 gripper.pos=+1.06
DEBUG 2026-09-03 10:04:03 [action #28] t=1.94s step=27 queue=23 dmax=0.305 | shoulder_pan.pos=-12.35 shoulder_lift.pos=-103.60 elbow_flex.pos=+90.15 wrist_flex.pos=+78.25 wrist_roll.pos=-0.16 gripper.pos=+0.90
DEBUG 2026-09-03 10:04:03 [action #29] t=1.97s step=28 queue=22 dmax=0.451 | shoulder_pan.pos=-12.80 shoulder_lift.pos=-103.15 elbow_flex.pos=+90.27 wrist_flex.pos=+78.40 wrist_roll.pos=-0.18 gripper.pos=+0.93
DEBUG 2026-09-03 10:04:03 [action #30] t=2.01s step=29 queue=21 dmax=0.277 | shoulder_pan.pos=-12.74 shoulder_lift.pos=-103.42 elbow_flex.pos=+90.10 wrist_flex.pos=+78.31 wrist_roll.pos=-0.11 gripper.pos=+1.02
DEBUG 2026-09-03 10:04:03 [action #31] t=2.04s step=30 queue=20 dmax=0.165 | shoulder_pan.pos=-12.75 shoulder_lift.pos=-103.59 elbow_flex.pos=+90.10 wrist_flex.pos=+78.21 wrist_roll.pos=-0.15 gripper.pos=+0.91
DEBUG 2026-09-03 10:04:03 [action #32] t=2.07s step=31 queue=19 dmax=0.560 | shoulder_pan.pos=-13.31 shoulder_lift.pos=-103.47 elbow_flex.pos=+89.82 wrist_flex.pos=+78.18 wrist_roll.pos=-0.06 gripper.pos=+0.91
DEBUG 2026-09-03 10:04:03 [chunk] received 50 actions, timesteps 3..52 | first: shoulder_pan.pos=-8.88 shoulder_lift.pos=-102.54 elbow_flex.pos=+89.37 wrist_flex.pos=+77.59 wrist_roll.pos=-0.09 gripper.pos=+1.14 | last: shoulder_pan.pos=-15.25 shoulder_lift.pos=-103.54 elbow_flex.pos=+90.40 wrist_flex.pos=+77.69 wrist_roll.pos=-0.37 gripper.pos=+0.76
DEBUG 2026-09-03 10:04:03 [action #33] t=2.11s step=32 queue=18 dmax=0.444 | shoulder_pan.pos=-13.55 shoulder_lift.pos=-103.73 elbow_flex.pos=+90.27 wrist_flex.pos=+78.19 wrist_roll.pos=-0.19 gripper.pos=+0.92
DEBUG 2026-09-03 10:04:03 [action #34] t=2.14s step=32 queue=21 dmax=1.799 | shoulder_pan.pos=-15.35 shoulder_lift.pos=-103.03 elbow_flex.pos=+90.76 wrist_flex.pos=+77.89 wrist_roll.pos=-0.29 gripper.pos=+0.98
DEBUG 2026-09-03 10:04:04 [action #35] t=2.17s step=33 queue=20 dmax=0.506 | shoulder_pan.pos=-15.49 shoulder_lift.pos=-103.17 elbow_flex.pos=+90.26 wrist_flex.pos=+77.87 wrist_roll.pos=-0.32 gripper.pos=+1.00
DEBUG 2026-09-03 10:04:04 [action #36] t=2.21s step=34 queue=19 dmax=0.392 | shoulder_pan.pos=-15.30 shoulder_lift.pos=-103.36 elbow_flex.pos=+90.65 wrist_flex.pos=+77.89 wrist_roll.pos=-0.39 gripper.pos=+0.97
DEBUG 2026-09-03 10:04:04 [action #37] t=2.24s step=35 queue=18 dmax=0.142 | shoulder_pan.pos=-15.27 shoulder_lift.pos=-103.45 elbow_flex.pos=+90.51 wrist_flex.pos=+77.93 wrist_roll.pos=-0.35 gripper.pos=+0.92
DEBUG 2026-09-03 10:04:04 [action #38] t=2.27s step=36 queue=17 dmax=0.243 | shoulder_pan.pos=-15.40 shoulder_lift.pos=-103.42 elbow_flex.pos=+90.75 wrist_flex.pos=+77.82 wrist_roll.pos=-0.32 gripper.pos=+0.93
DEBUG 2026-09-03 10:04:04 [action #39] t=2.31s step=37 queue=16 dmax=0.608 | shoulder_pan.pos=-15.29 shoulder_lift.pos=-102.81 elbow_flex.pos=+90.38 wrist_flex.pos=+77.92 wrist_roll.pos=-0.35 gripper.pos=+0.95
DEBUG 2026-09-03 10:04:04 [action #40] t=2.34s step=38 queue=15 dmax=0.437 | shoulder_pan.pos=-15.21 shoulder_lift.pos=-103.25 elbow_flex.pos=+90.56 wrist_flex.pos=+77.95 wrist_roll.pos=-0.35 gripper.pos=+1.00
DEBUG 2026-09-03 10:04:04 [action #41] t=2.37s step=39 queue=14 dmax=0.119 | shoulder_pan.pos=-15.33 shoulder_lift.pos=-103.23 elbow_flex.pos=+90.50 wrist_flex.pos=+77.83 wrist_roll.pos=-0.34 gripper.pos=+1.00
DEBUG 2026-09-03 10:04:04 [action #42] t=2.41s step=40 queue=13 dmax=0.308 | shoulder_pan.pos=-15.29 shoulder_lift.pos=-102.92 elbow_flex.pos=+90.61 wrist_flex.pos=+77.72 wrist_roll.pos=-0.33 gripper.pos=+0.94
DEBUG 2026-09-03 10:04:04 [action #43] t=2.44s step=41 queue=12 dmax=0.721 | shoulder_pan.pos=-15.26 shoulder_lift.pos=-103.64 elbow_flex.pos=+90.54 wrist_flex.pos=+77.85 wrist_roll.pos=-0.34 gripper.pos=+0.89
DEBUG 2026-09-03 10:04:04 [action #44] t=2.47s step=42 queue=11 dmax=0.561 | shoulder_pan.pos=-15.29 shoulder_lift.pos=-103.08 elbow_flex.pos=+90.26 wrist_flex.pos=+77.79 wrist_roll.pos=-0.31 gripper.pos=+1.01
DEBUG 2026-09-03 10:04:04 [action #45] t=2.51s step=43 queue=10 dmax=0.181 | shoulder_pan.pos=-15.33 shoulder_lift.pos=-103.26 elbow_flex.pos=+90.20 wrist_flex.pos=+77.84 wrist_roll.pos=-0.31 gripper.pos=+0.95
DEBUG 2026-09-03 10:04:04 [action #46] t=2.54s step=44 queue=9 dmax=0.144 | shoulder_pan.pos=-15.23 shoulder_lift.pos=-103.12 elbow_flex.pos=+90.32 wrist_flex.pos=+77.82 wrist_roll.pos=-0.30 gripper.pos=+0.95
DEBUG 2026-09-03 10:04:04 [action #47] t=2.57s step=45 queue=8 dmax=0.137 | shoulder_pan.pos=-15.36 shoulder_lift.pos=-102.98 elbow_flex.pos=+90.22 wrist_flex.pos=+77.84 wrist_roll.pos=-0.33 gripper.pos=+0.92
DEBUG 2026-09-03 10:04:04 [action #48] t=2.61s step=46 queue=7 dmax=0.299 | shoulder_pan.pos=-15.06 shoulder_lift.pos=-102.92 elbow_flex.pos=+90.50 wrist_flex.pos=+77.73 wrist_roll.pos=-0.37 gripper.pos=+0.93
DEBUG 2026-09-03 10:04:04 [action #49] t=2.64s step=47 queue=6 dmax=0.642 | shoulder_pan.pos=-15.19 shoulder_lift.pos=-103.56 elbow_flex.pos=+90.96 wrist_flex.pos=+77.72 wrist_roll.pos=-0.37 gripper.pos=+1.06
DEBUG 2026-09-03 10:04:04 [action #50] t=2.68s step=48 queue=5 dmax=0.601 | shoulder_pan.pos=-15.19 shoulder_lift.pos=-103.00 elbow_flex.pos=+90.36 wrist_flex.pos=+77.89 wrist_roll.pos=-0.32 gripper.pos=+1.06
DEBUG 2026-09-03 10:04:04 [action #51] t=2.71s step=49 queue=4 dmax=0.220 | shoulder_pan.pos=-15.31 shoulder_lift.pos=-102.78 elbow_flex.pos=+90.34 wrist_flex.pos=+77.78 wrist_roll.pos=-0.30 gripper.pos=+1.02
DEBUG 2026-09-03 10:04:04 [action #52] t=2.74s step=50 queue=3 dmax=0.390 | shoulder_pan.pos=-15.12 shoulder_lift.pos=-103.17 elbow_flex.pos=+90.24 wrist_flex.pos=+77.69 wrist_roll.pos=-0.42 gripper.pos=+1.09
DEBUG 2026-09-03 10:04:04 [action #53] t=2.78s step=51 queue=2 dmax=0.839 | shoulder_pan.pos=-15.07 shoulder_lift.pos=-102.87 elbow_flex.pos=+91.08 wrist_flex.pos=+77.72 wrist_roll.pos=-0.39 gripper.pos=+1.04
DEBUG 2026-09-03 10:04:04 [action #54] t=2.81s step=52 queue=1 dmax=0.680 | shoulder_pan.pos=-15.25 shoulder_lift.pos=-103.54 elbow_flex.pos=+90.40 wrist_flex.pos=+77.69 wrist_roll.pos=-0.37 gripper.pos=+0.76
DEBUG 2026-09-03 10:04:04 [chunk] received 50 actions, timesteps 31..80 | first: shoulder_pan.pos=-14.97 shoulder_lift.pos=-102.46 elbow_flex.pos=+88.45 wrist_flex.pos=+78.06 wrist_roll.pos=-0.08 gripper.pos=+1.28 | last: shoulder_pan.pos=-26.09 shoulder_lift.pos=-103.07 elbow_flex.pos=+89.86 wrist_flex.pos=+77.18 wrist_roll.pos=-0.65 gripper.pos=+1.01
DEBUG 2026-09-03 10:04:04 [action #55] t=3.01s step=53 queue=28 dmax=9.972 | shoulder_pan.pos=-25.22 shoulder_lift.pos=-103.73 elbow_flex.pos=+89.35 wrist_flex.pos=+77.96 wrist_roll.pos=-0.40 gripper.pos=+1.13
DEBUG 2026-09-03 10:04:04 [action #56] t=3.04s step=54 queue=27 dmax=0.514 | shoulder_pan.pos=-25.26 shoulder_lift.pos=-103.22 elbow_flex.pos=+89.54 wrist_flex.pos=+77.96 wrist_roll.pos=-0.44 gripper.pos=+1.06
DEBUG 2026-09-03 10:04:04 [action #57] t=3.08s step=55 queue=26 dmax=0.485 | shoulder_pan.pos=-25.74 shoulder_lift.pos=-102.79 elbow_flex.pos=+89.05 wrist_flex.pos=+77.67 wrist_roll.pos=-0.43 gripper.pos=+1.10
DEBUG 2026-09-03 10:04:04 [action #58] t=3.11s step=56 queue=25 dmax=0.345 | shoulder_pan.pos=-25.88 shoulder_lift.pos=-102.49 elbow_flex.pos=+89.40 wrist_flex.pos=+77.64 wrist_roll.pos=-0.55 gripper.pos=+0.99
DEBUG 2026-09-03 10:04:04 [action #59] t=3.14s step=57 queue=24 dmax=0.430 | shoulder_pan.pos=-26.12 shoulder_lift.pos=-102.65 elbow_flex.pos=+89.83 wrist_flex.pos=+77.74 wrist_roll.pos=-0.56 gripper.pos=+1.01
DEBUG 2026-09-03 10:04:05 [action #60] t=3.18s step=58 queue=23 dmax=0.483 | shoulder_pan.pos=-26.29 shoulder_lift.pos=-103.13 elbow_flex.pos=+89.78 wrist_flex.pos=+77.67 wrist_roll.pos=-0.52 gripper.pos=+0.96
DEBUG 2026-09-03 10:04:05 [action #61] t=3.21s step=59 queue=22 dmax=0.438 | shoulder_pan.pos=-26.73 shoulder_lift.pos=-102.76 elbow_flex.pos=+89.53 wrist_flex.pos=+77.65 wrist_roll.pos=-0.57 gripper.pos=+1.06
DEBUG 2026-09-03 10:04:05 [action #62] t=3.24s step=60 queue=21 dmax=0.208 | shoulder_pan.pos=-26.58 shoulder_lift.pos=-102.97 elbow_flex.pos=+89.66 wrist_flex.pos=+77.69 wrist_roll.pos=-0.68 gripper.pos=+1.00
DEBUG 2026-09-03 10:04:05 [action #63] t=3.28s step=61 queue=20 dmax=0.405 | shoulder_pan.pos=-26.74 shoulder_lift.pos=-102.56 elbow_flex.pos=+89.78 wrist_flex.pos=+77.41 wrist_roll.pos=-0.53 gripper.pos=+0.99
DEBUG 2026-09-03 10:04:05 [action #64] t=3.31s step=62 queue=19 dmax=0.090 | shoulder_pan.pos=-26.75 shoulder_lift.pos=-102.59 elbow_flex.pos=+89.83 wrist_flex.pos=+77.46 wrist_roll.pos=-0.62 gripper.pos=+0.96
DEBUG 2026-09-03 10:04:05 [action #65] t=3.34s step=63 queue=18 dmax=0.293 | shoulder_pan.pos=-26.79 shoulder_lift.pos=-102.85 elbow_flex.pos=+89.53 wrist_flex.pos=+77.64 wrist_roll.pos=-0.67 gripper.pos=+0.91
DEBUG 2026-09-03 10:04:05 [action #66] t=3.38s step=64 queue=17 dmax=0.599 | shoulder_pan.pos=-26.81 shoulder_lift.pos=-102.25 elbow_flex.pos=+89.24 wrist_flex.pos=+77.57 wrist_roll.pos=-0.58 gripper.pos=+1.04
DEBUG 2026-09-03 10:04:05 [action #67] t=3.41s step=65 queue=16 dmax=0.363 | shoulder_pan.pos=-26.70 shoulder_lift.pos=-102.24 elbow_flex.pos=+89.60 wrist_flex.pos=+77.55 wrist_roll.pos=-0.74 gripper.pos=+0.95
DEBUG 2026-09-03 10:04:05 [action #68] t=3.44s step=66 queue=15 dmax=0.384 | shoulder_pan.pos=-26.58 shoulder_lift.pos=-102.62 elbow_flex.pos=+89.80 wrist_flex.pos=+77.32 wrist_roll.pos=-0.59 gripper.pos=+1.14
DEBUG 2026-09-03 10:04:05 [action #69] t=3.48s step=67 queue=14 dmax=0.198 | shoulder_pan.pos=-26.61 shoulder_lift.pos=-102.64 elbow_flex.pos=+89.81 wrist_flex.pos=+77.52 wrist_roll.pos=-0.63 gripper.pos=+1.03
DEBUG 2026-09-03 10:04:05 [action #70] t=3.51s step=68 queue=13 dmax=0.156 | shoulder_pan.pos=-26.59 shoulder_lift.pos=-102.77 elbow_flex.pos=+89.82 wrist_flex.pos=+77.36 wrist_roll.pos=-0.63 gripper.pos=+1.01
DEBUG 2026-09-03 10:04:05 [action #71] t=3.54s step=69 queue=12 dmax=0.505 | shoulder_pan.pos=-26.49 shoulder_lift.pos=-103.27 elbow_flex.pos=+89.57 wrist_flex.pos=+77.40 wrist_roll.pos=-0.67 gripper.pos=+1.06
DEBUG 2026-09-03 10:04:05 [action #72] t=3.58s step=70 queue=11 dmax=0.331 | shoulder_pan.pos=-26.69 shoulder_lift.pos=-102.94 elbow_flex.pos=+89.43 wrist_flex.pos=+77.26 wrist_roll.pos=-0.57 gripper.pos=+1.10
DEBUG 2026-09-03 10:04:05 [action #73] t=3.61s step=71 queue=10 dmax=0.652 | shoulder_pan.pos=-26.91 shoulder_lift.pos=-103.08 elbow_flex.pos=+90.08 wrist_flex.pos=+77.48 wrist_roll.pos=-0.61 gripper.pos=+0.97
DEBUG 2026-09-03 10:04:05 [action #74] t=3.64s step=72 queue=9 dmax=0.959 | shoulder_pan.pos=-26.42 shoulder_lift.pos=-103.37 elbow_flex.pos=+89.12 wrist_flex.pos=+77.36 wrist_roll.pos=-0.62 gripper.pos=+0.93
DEBUG 2026-09-03 10:04:05 [action #75] t=3.68s step=73 queue=8 dmax=1.033 | shoulder_pan.pos=-26.59 shoulder_lift.pos=-102.48 elbow_flex.pos=+90.16 wrist_flex.pos=+77.49 wrist_roll.pos=-0.55 gripper.pos=+0.76
DEBUG 2026-09-03 10:04:05 [action #76] t=3.71s step=74 queue=7 dmax=0.501 | shoulder_pan.pos=-26.40 shoulder_lift.pos=-102.47 elbow_flex.pos=+89.66 wrist_flex.pos=+77.50 wrist_roll.pos=-0.46 gripper.pos=+0.91
DEBUG 2026-09-03 10:04:05 [action #77] t=3.75s step=75 queue=6 dmax=0.180 | shoulder_pan.pos=-26.30 shoulder_lift.pos=-102.65 elbow_flex.pos=+89.73 wrist_flex.pos=+77.37 wrist_roll.pos=-0.53 gripper.pos=+0.92
DEBUG 2026-09-03 10:04:05 [action #78] t=3.78s step=76 queue=5 dmax=0.628 | shoulder_pan.pos=-26.11 shoulder_lift.pos=-103.28 elbow_flex.pos=+89.76 wrist_flex.pos=+77.63 wrist_roll.pos=-0.51 gripper.pos=+1.06
DEBUG 2026-09-03 10:04:05 [action #79] t=3.81s step=77 queue=4 dmax=0.438 | shoulder_pan.pos=-26.23 shoulder_lift.pos=-102.84 elbow_flex.pos=+89.60 wrist_flex.pos=+77.29 wrist_roll.pos=-0.52 gripper.pos=+0.98
DEBUG 2026-09-03 10:04:05 [chunk] received 50 actions, timesteps 52..101 | first: shoulder_pan.pos=-16.87 shoulder_lift.pos=-101.55 elbow_flex.pos=+88.51 wrist_flex.pos=+77.38 wrist_roll.pos=-0.08 gripper.pos=+1.09 | last: shoulder_pan.pos=-26.30 shoulder_lift.pos=-102.13 elbow_flex.pos=+89.23 wrist_flex.pos=+77.03 wrist_roll.pos=-0.46 gripper.pos=+0.83
DEBUG 2026-09-03 10:04:05 [action #80] t=3.85s step=78 queue=24 dmax=0.930 | shoulder_pan.pos=-26.93 shoulder_lift.pos=-101.91 elbow_flex.pos=+89.24 wrist_flex.pos=+77.45 wrist_roll.pos=-0.58 gripper.pos=+0.98
DEBUG 2026-09-03 10:04:05 [action #81] t=3.88s step=79 queue=23 dmax=0.368 | shoulder_pan.pos=-26.93 shoulder_lift.pos=-101.90 elbow_flex.pos=+89.60 wrist_flex.pos=+77.34 wrist_roll.pos=-0.52 gripper.pos=+0.88
DEBUG 2026-09-03 10:04:05 [action #82] t=3.91s step=80 queue=22 dmax=0.864 | shoulder_pan.pos=-27.11 shoulder_lift.pos=-102.74 elbow_flex.pos=+88.74 wrist_flex.pos=+77.29 wrist_roll.pos=-0.58 gripper.pos=+0.97
DEBUG 2026-09-03 10:04:05 [action #83] t=3.95s step=81 queue=21 dmax=1.147 | shoulder_pan.pos=-27.60 shoulder_lift.pos=-101.59 elbow_flex.pos=+88.44 wrist_flex.pos=+77.24 wrist_roll.pos=-0.42 gripper.pos=+0.75
DEBUG 2026-09-03 10:04:05 [action #84] t=3.98s step=82 queue=20 dmax=1.257 | shoulder_pan.pos=-27.51 shoulder_lift.pos=-102.85 elbow_flex.pos=+88.82 wrist_flex.pos=+77.66 wrist_roll.pos=-0.43 gripper.pos=+0.81
DEBUG 2026-09-03 10:04:05 [action #85] t=4.01s step=83 queue=19 dmax=0.948 | shoulder_pan.pos=-27.29 shoulder_lift.pos=-101.90 elbow_flex.pos=+89.47 wrist_flex.pos=+77.33 wrist_roll.pos=-0.51 gripper.pos=+0.93
DEBUG 2026-09-03 10:04:05 [action #86] t=4.05s step=84 queue=18 dmax=0.330 | shoulder_pan.pos=-27.55 shoulder_lift.pos=-102.08 elbow_flex.pos=+89.80 wrist_flex.pos=+77.44 wrist_roll.pos=-0.47 gripper.pos=+0.77
DEBUG 2026-09-03 10:04:05 [action #87] t=4.08s step=85 queue=17 dmax=1.073 | shoulder_pan.pos=-26.95 shoulder_lift.pos=-102.04 elbow_flex.pos=+88.72 wrist_flex.pos=+77.28 wrist_roll.pos=-0.54 gripper.pos=+0.79
DEBUG 2026-09-03 10:04:05 [action #88] t=4.11s step=86 queue=16 dmax=0.949 | shoulder_pan.pos=-27.29 shoulder_lift.pos=-102.51 elbow_flex.pos=+89.67 wrist_flex.pos=+77.36 wrist_roll.pos=-0.48 gripper.pos=+1.01
DEBUG 2026-09-03 10:04:05 [action #89] t=4.15s step=87 queue=15 dmax=0.400 | shoulder_pan.pos=-26.89 shoulder_lift.pos=-102.40 elbow_flex.pos=+89.81 wrist_flex.pos=+77.64 wrist_roll.pos=-0.56 gripper.pos=+0.88
DEBUG 2026-09-03 10:04:06 [action #90] t=4.18s step=88 queue=14 dmax=0.499 | shoulder_pan.pos=-26.39 shoulder_lift.pos=-102.03 elbow_flex.pos=+89.60 wrist_flex.pos=+77.23 wrist_roll.pos=-0.38 gripper.pos=+0.91
DEBUG 2026-09-03 10:04:06 [action #91] t=4.21s step=89 queue=13 dmax=0.346 | shoulder_pan.pos=-26.46 shoulder_lift.pos=-102.38 elbow_flex.pos=+89.40 wrist_flex.pos=+77.44 wrist_roll.pos=-0.43 gripper.pos=+0.85
DEBUG 2026-09-03 10:04:06 [action #92] t=4.25s step=90 queue=12 dmax=0.419 | shoulder_pan.pos=-26.72 shoulder_lift.pos=-101.96 elbow_flex.pos=+89.74 wrist_flex.pos=+77.45 wrist_roll.pos=-0.49 gripper.pos=+0.80
DEBUG 2026-09-03 10:04:06 [action #93] t=4.28s step=91 queue=11 dmax=0.620 | shoulder_pan.pos=-26.55 shoulder_lift.pos=-101.63 elbow_flex.pos=+89.12 wrist_flex.pos=+77.58 wrist_roll.pos=-0.47 gripper.pos=+0.80
DEBUG 2026-09-03 10:04:06 [action #94] t=4.31s step=92 queue=10 dmax=0.450 | shoulder_pan.pos=-27.00 shoulder_lift.pos=-101.61 elbow_flex.pos=+89.36 wrist_flex.pos=+77.67 wrist_roll.pos=-0.58 gripper.pos=+0.87
DEBUG 2026-09-03 10:04:06 [action #95] t=4.35s step=93 queue=9 dmax=0.949 | shoulder_pan.pos=-26.54 shoulder_lift.pos=-102.56 elbow_flex.pos=+88.97 wrist_flex.pos=+77.27 wrist_roll.pos=-0.50 gripper.pos=+0.81
DEBUG 2026-09-03 10:04:06 [action #96] t=4.38s step=94 queue=8 dmax=0.938 | shoulder_pan.pos=-26.66 shoulder_lift.pos=-101.62 elbow_flex.pos=+88.74 wrist_flex.pos=+77.49 wrist_roll.pos=-0.44 gripper.pos=+0.78
DEBUG 2026-09-03 10:04:06 [action #97] t=4.41s step=95 queue=7 dmax=0.711 | shoulder_pan.pos=-27.01 shoulder_lift.pos=-101.59 elbow_flex.pos=+89.45 wrist_flex.pos=+77.30 wrist_roll.pos=-0.60 gripper.pos=+0.89
DEBUG 2026-09-03 10:04:06 [action #98] t=4.45s step=96 queue=6 dmax=0.940 | shoulder_pan.pos=-26.89 shoulder_lift.pos=-102.53 elbow_flex.pos=+89.31 wrist_flex.pos=+77.14 wrist_roll.pos=-0.42 gripper.pos=+0.97
DEBUG 2026-09-03 10:04:06 [action #99] t=4.48s step=97 queue=5 dmax=0.796 | shoulder_pan.pos=-26.84 shoulder_lift.pos=-101.73 elbow_flex.pos=+88.94 wrist_flex.pos=+77.41 wrist_roll.pos=-0.51 gripper.pos=+0.75
DEBUG 2026-09-03 10:04:06 [action #100] t=4.51s step=98 queue=4 dmax=0.779 | shoulder_pan.pos=-26.85 shoulder_lift.pos=-102.28 elbow_flex.pos=+89.72 wrist_flex.pos=+77.26 wrist_roll.pos=-0.50 gripper.pos=+0.75
DEBUG 2026-09-03 10:04:06 [action #101] t=4.55s step=99 queue=3 dmax=0.674 | shoulder_pan.pos=-26.74 shoulder_lift.pos=-102.50 elbow_flex.pos=+89.05 wrist_flex.pos=+77.43 wrist_roll.pos=-0.45 gripper.pos=+0.74
DEBUG 2026-09-03 10:04:06 [action #102] t=4.58s step=100 queue=2 dmax=0.452 | shoulder_pan.pos=-26.80 shoulder_lift.pos=-102.78 elbow_flex.pos=+88.60 wrist_flex.pos=+77.21 wrist_roll.pos=-0.51 gripper.pos=+0.71
DEBUG 2026-09-03 10:04:06 [action #103] t=4.61s step=101 queue=1 dmax=0.649 | shoulder_pan.pos=-26.30 shoulder_lift.pos=-102.13 elbow_flex.pos=+89.23 wrist_flex.pos=+77.03 wrist_roll.pos=-0.46 gripper.pos=+0.83
DEBUG 2026-09-03 10:04:06 [chunk] received 50 actions, timesteps 77..126 | first: shoulder_pan.pos=-27.15 shoulder_lift.pos=-102.85 elbow_flex.pos=+90.50 wrist_flex.pos=+76.56 wrist_roll.pos=-0.07 gripper.pos=+1.26 | last: shoulder_pan.pos=-34.83 shoulder_lift.pos=-102.62 elbow_flex.pos=+89.19 wrist_flex.pos=+75.79 wrist_roll.pos=-0.56 gripper.pos=+0.86
DEBUG 2026-09-03 10:04:06 [action #104] t=4.75s step=102 queue=25 dmax=8.024 | shoulder_pan.pos=-34.32 shoulder_lift.pos=-102.32 elbow_flex.pos=+89.30 wrist_flex.pos=+75.65 wrist_roll.pos=-0.52 gripper.pos=+1.00
DEBUG 2026-09-03 10:04:06 [action #105] t=4.78s step=103 queue=24 dmax=0.571 | shoulder_pan.pos=-34.44 shoulder_lift.pos=-102.89 elbow_flex.pos=+88.98 wrist_flex.pos=+75.72 wrist_roll.pos=-0.40 gripper.pos=+1.02
DEBUG 2026-09-03 10:04:06 [action #106] t=4.82s step=104 queue=23 dmax=0.408 | shoulder_pan.pos=-34.12 shoulder_lift.pos=-102.48 elbow_flex.pos=+88.90 wrist_flex.pos=+75.85 wrist_roll.pos=-0.51 gripper.pos=+0.97
DEBUG 2026-09-03 10:04:06 [action #107] t=4.85s step=105 queue=22 dmax=0.756 | shoulder_pan.pos=-34.14 shoulder_lift.pos=-101.73 elbow_flex.pos=+88.85 wrist_flex.pos=+76.13 wrist_roll.pos=-0.59 gripper.pos=+1.05
DEBUG 2026-09-03 10:04:06 [action #108] t=4.88s step=106 queue=21 dmax=0.484 | shoulder_pan.pos=-33.95 shoulder_lift.pos=-101.98 elbow_flex.pos=+89.33 wrist_flex.pos=+75.98 wrist_roll.pos=-0.51 gripper.pos=+1.18
DEBUG 2026-09-03 10:04:06 [action #109] t=4.92s step=107 queue=20 dmax=0.240 | shoulder_pan.pos=-33.94 shoulder_lift.pos=-101.98 elbow_flex.pos=+89.27 wrist_flex.pos=+75.96 wrist_roll.pos=-0.48 gripper.pos=+0.94
DEBUG 2026-09-03 10:04:06 [action #110] t=4.95s step=108 queue=19 dmax=0.353 | shoulder_pan.pos=-33.62 shoulder_lift.pos=-101.64 elbow_flex.pos=+88.91 wrist_flex.pos=+75.88 wrist_roll.pos=-0.52 gripper.pos=+1.12
DEBUG 2026-09-03 10:04:06 [action #111] t=4.98s step=109 queue=18 dmax=0.701 | shoulder_pan.pos=-33.72 shoulder_lift.pos=-102.23 elbow_flex.pos=+89.61 wrist_flex.pos=+75.87 wrist_roll.pos=-0.56 gripper.pos=+1.04
DEBUG 2026-09-03 10:04:06 [action #112] t=5.02s step=110 queue=17 dmax=1.041 | shoulder_pan.pos=-33.67 shoulder_lift.pos=-101.19 elbow_flex.pos=+89.89 wrist_flex.pos=+75.94 wrist_roll.pos=-0.46 gripper.pos=+0.97
DEBUG 2026-09-03 10:04:06 [action #113] t=5.05s step=111 queue=16 dmax=0.456 | shoulder_pan.pos=-33.76 shoulder_lift.pos=-101.64 elbow_flex.pos=+89.44 wrist_flex.pos=+75.85 wrist_roll.pos=-0.62 gripper.pos=+1.09
DEBUG 2026-09-03 10:04:06 [action #114] t=5.08s step=112 queue=15 dmax=0.607 | shoulder_pan.pos=-33.49 shoulder_lift.pos=-101.63 elbow_flex.pos=+88.84 wrist_flex.pos=+76.10 wrist_roll.pos=-0.52 gripper.pos=+1.14
DEBUG 2026-09-03 10:04:06 [action #115] t=5.12s step=113 queue=14 dmax=0.932 | shoulder_pan.pos=-33.72 shoulder_lift.pos=-102.56 elbow_flex.pos=+89.36 wrist_flex.pos=+75.94 wrist_roll.pos=-0.50 gripper.pos=+0.90
DEBUG 2026-09-03 10:04:07 [action #116] t=5.15s step=114 queue=13 dmax=0.669 | shoulder_pan.pos=-33.69 shoulder_lift.pos=-101.89 elbow_flex.pos=+89.37 wrist_flex.pos=+75.89 wrist_roll.pos=-0.46 gripper.pos=+0.89
DEBUG 2026-09-03 10:04:07 [action #117] t=5.18s step=115 queue=12 dmax=0.380 | shoulder_pan.pos=-33.78 shoulder_lift.pos=-102.27 elbow_flex.pos=+89.04 wrist_flex.pos=+75.75 wrist_roll.pos=-0.59 gripper.pos=+1.09
DEBUG 2026-09-03 10:04:07 [action #118] t=5.22s step=116 queue=11 dmax=0.919 | shoulder_pan.pos=-34.00 shoulder_lift.pos=-101.35 elbow_flex.pos=+89.13 wrist_flex.pos=+75.81 wrist_roll.pos=-0.68 gripper.pos=+1.02
DEBUG 2026-09-03 10:04:07 [action #119] t=5.25s step=117 queue=10 dmax=0.617 | shoulder_pan.pos=-33.90 shoulder_lift.pos=-101.97 elbow_flex.pos=+88.99 wrist_flex.pos=+75.69 wrist_roll.pos=-0.51 gripper.pos=+1.03
DEBUG 2026-09-03 10:04:07 [action #120] t=5.28s step=118 queue=9 dmax=0.663 | shoulder_pan.pos=-34.23 shoulder_lift.pos=-102.63 elbow_flex.pos=+89.10 wrist_flex.pos=+75.92 wrist_roll.pos=-0.58 gripper.pos=+0.81
DEBUG 2026-09-03 10:04:07 [action #121] t=5.32s step=119 queue=8 dmax=1.072 | shoulder_pan.pos=-33.95 shoulder_lift.pos=-101.56 elbow_flex.pos=+88.77 wrist_flex.pos=+76.00 wrist_roll.pos=-0.45 gripper.pos=+1.05
DEBUG 2026-09-03 10:04:07 [action #122] t=5.35s step=120 queue=7 dmax=0.813 | shoulder_pan.pos=-34.11 shoulder_lift.pos=-102.37 elbow_flex.pos=+88.24 wrist_flex.pos=+75.81 wrist_roll.pos=-0.46 gripper.pos=+0.97
DEBUG 2026-09-03 10:04:07 [action #123] t=5.38s step=121 queue=6 dmax=0.524 | shoulder_pan.pos=-34.53 shoulder_lift.pos=-102.16 elbow_flex.pos=+88.76 wrist_flex.pos=+75.83 wrist_roll.pos=-0.62 gripper.pos=+1.23
DEBUG 2026-09-03 10:04:07 [action #124] t=5.42s step=122 queue=5 dmax=0.882 | shoulder_pan.pos=-34.09 shoulder_lift.pos=-101.68 elbow_flex.pos=+89.65 wrist_flex.pos=+75.72 wrist_roll.pos=-0.77 gripper.pos=+1.10
DEBUG 2026-09-03 10:04:07 [action #125] t=5.45s step=123 queue=4 dmax=0.977 | shoulder_pan.pos=-34.36 shoulder_lift.pos=-100.87 elbow_flex.pos=+88.67 wrist_flex.pos=+75.80 wrist_roll.pos=-0.66 gripper.pos=+1.00
DEBUG 2026-09-03 10:04:07 [action #126] t=5.48s step=124 queue=3 dmax=1.090 | shoulder_pan.pos=-34.50 shoulder_lift.pos=-101.96 elbow_flex.pos=+88.68 wrist_flex.pos=+75.74 wrist_roll.pos=-0.58 gripper.pos=+1.17
DEBUG 2026-09-03 10:04:07 [action #127] t=5.52s step=125 queue=2 dmax=0.186 | shoulder_pan.pos=-34.65 shoulder_lift.pos=-101.91 elbow_flex.pos=+88.60 wrist_flex.pos=+75.81 wrist_roll.pos=-0.65 gripper.pos=+0.98
DEBUG 2026-09-03 10:04:07 [action #128] t=5.55s step=126 queue=1 dmax=0.708 | shoulder_pan.pos=-34.83 shoulder_lift.pos=-102.62 elbow_flex.pos=+89.19 wrist_flex.pos=+75.79 wrist_roll.pos=-0.56 gripper.pos=+0.86
DEBUG 2026-09-03 10:04:07 [chunk] received 50 actions, timesteps 101..150 | first: shoulder_pan.pos=-29.88 shoulder_lift.pos=-103.06 elbow_flex.pos=+90.12 wrist_flex.pos=+76.74 wrist_roll.pos=+0.01 gripper.pos=+1.22 | last: shoulder_pan.pos=-37.98 shoulder_lift.pos=-102.48 elbow_flex.pos=+88.02 wrist_flex.pos=+74.58 wrist_roll.pos=-0.46 gripper.pos=+1.06
DEBUG 2026-09-03 10:04:07 [action #129] t=5.62s step=127 queue=24 dmax=1.702 | shoulder_pan.pos=-33.13 shoulder_lift.pos=-103.00 elbow_flex.pos=+89.32 wrist_flex.pos=+76.33 wrist_roll.pos=-0.21 gripper.pos=+1.02
DEBUG 2026-09-03 10:04:07 [action #130] t=5.65s step=128 queue=23 dmax=0.257 | shoulder_pan.pos=-33.10 shoulder_lift.pos=-103.26 elbow_flex.pos=+89.07 wrist_flex.pos=+76.21 wrist_roll.pos=-0.17 gripper.pos=+0.99
DEBUG 2026-09-03 10:04:07 [action #131] t=5.69s step=129 queue=22 dmax=0.414 | shoulder_pan.pos=-33.39 shoulder_lift.pos=-102.84 elbow_flex.pos=+89.16 wrist_flex.pos=+76.21 wrist_roll.pos=-0.24 gripper.pos=+0.90
DEBUG 2026-09-03 10:04:07 [action #132] t=5.72s step=130 queue=21 dmax=0.540 | shoulder_pan.pos=-33.93 shoulder_lift.pos=-102.86 elbow_flex.pos=+89.25 wrist_flex.pos=+76.04 wrist_roll.pos=-0.30 gripper.pos=+0.98
DEBUG 2026-09-03 10:04:07 [action #133] t=5.75s step=131 queue=20 dmax=0.149 | shoulder_pan.pos=-34.08 shoulder_lift.pos=-102.95 elbow_flex.pos=+89.13 wrist_flex.pos=+75.91 wrist_roll.pos=-0.33 gripper.pos=+1.00
DEBUG 2026-09-03 10:04:07 [action #134] t=5.79s step=132 queue=19 dmax=0.481 | shoulder_pan.pos=-34.56 shoulder_lift.pos=-103.22 elbow_flex.pos=+89.41 wrist_flex.pos=+75.93 wrist_roll.pos=-0.33 gripper.pos=+1.01
DEBUG 2026-09-03 10:04:07 [action #135] t=5.82s step=133 queue=18 dmax=0.336 | shoulder_pan.pos=-34.72 shoulder_lift.pos=-103.37 elbow_flex.pos=+89.55 wrist_flex.pos=+75.60 wrist_roll.pos=-0.24 gripper.pos=+0.99
DEBUG 2026-09-03 10:04:07 [action #136] t=5.85s step=134 queue=17 dmax=0.842 | shoulder_pan.pos=-34.97 shoulder_lift.pos=-102.53 elbow_flex.pos=+88.85 wrist_flex.pos=+75.77 wrist_roll.pos=-0.33 gripper.pos=+1.02
DEBUG 2026-09-03 10:04:07 [action #137] t=5.89s step=135 queue=16 dmax=0.161 | shoulder_pan.pos=-35.11 shoulder_lift.pos=-102.66 elbow_flex.pos=+89.01 wrist_flex.pos=+75.71 wrist_roll.pos=-0.32 gripper.pos=+0.88
DEBUG 2026-09-03 10:04:07 [action #138] t=5.92s step=136 queue=15 dmax=0.439 | shoulder_pan.pos=-35.19 shoulder_lift.pos=-103.10 elbow_flex.pos=+88.89 wrist_flex.pos=+75.67 wrist_roll.pos=-0.33 gripper.pos=+0.96
DEBUG 2026-09-03 10:04:07 [action #139] t=5.95s step=137 queue=14 dmax=0.316 | shoulder_pan.pos=-35.36 shoulder_lift.pos=-102.90 elbow_flex.pos=+88.57 wrist_flex.pos=+75.47 wrist_roll.pos=-0.31 gripper.pos=+0.90
DEBUG 2026-09-03 10:04:07 [action #140] t=5.99s step=138 queue=13 dmax=0.213 | shoulder_pan.pos=-35.33 shoulder_lift.pos=-103.04 elbow_flex.pos=+88.79 wrist_flex.pos=+75.47 wrist_roll.pos=-0.37 gripper.pos=+0.92
DEBUG 2026-09-03 10:04:07 [action #141] t=6.02s step=139 queue=12 dmax=0.231 | shoulder_pan.pos=-35.56 shoulder_lift.pos=-102.87 elbow_flex.pos=+88.76 wrist_flex.pos=+75.40 wrist_roll.pos=-0.42 gripper.pos=+0.97
DEBUG 2026-09-03 10:04:07 [action #142] t=6.05s step=140 queue=11 dmax=0.339 | shoulder_pan.pos=-35.90 shoulder_lift.pos=-102.71 elbow_flex.pos=+88.73 wrist_flex.pos=+75.48 wrist_roll.pos=-0.40 gripper.pos=+1.02
DEBUG 2026-09-03 10:04:07 [action #143] t=6.09s step=141 queue=10 dmax=0.581 | shoulder_pan.pos=-35.97 shoulder_lift.pos=-102.63 elbow_flex.pos=+89.31 wrist_flex.pos=+75.46 wrist_roll.pos=-0.45 gripper.pos=+1.14
DEBUG 2026-09-03 10:04:07 [action #144] t=6.12s step=142 queue=9 dmax=0.417 | shoulder_pan.pos=-36.23 shoulder_lift.pos=-103.02 elbow_flex.pos=+88.89 wrist_flex.pos=+75.23 wrist_roll.pos=-0.42 gripper.pos=+1.12
DEBUG 2026-09-03 10:04:08 [action #145] t=6.15s step=143 queue=8 dmax=0.379 | shoulder_pan.pos=-36.36 shoulder_lift.pos=-102.68 elbow_flex.pos=+88.51 wrist_flex.pos=+75.15 wrist_roll.pos=-0.48 gripper.pos=+1.11
DEBUG 2026-09-03 10:04:08 [action #146] t=6.19s step=144 queue=7 dmax=0.440 | shoulder_pan.pos=-36.79 shoulder_lift.pos=-102.40 elbow_flex.pos=+88.95 wrist_flex.pos=+74.89 wrist_roll.pos=-0.48 gripper.pos=+0.98
DEBUG 2026-09-03 10:04:08 [action #147] t=6.22s step=145 queue=6 dmax=0.250 | shoulder_pan.pos=-37.04 shoulder_lift.pos=-102.64 elbow_flex.pos=+88.99 wrist_flex.pos=+74.71 wrist_roll.pos=-0.56 gripper.pos=+0.94
DEBUG 2026-09-03 10:04:08 [action #148] t=6.25s step=146 queue=5 dmax=0.317 | shoulder_pan.pos=-37.36 shoulder_lift.pos=-102.71 elbow_flex.pos=+88.67 wrist_flex.pos=+74.65 wrist_roll.pos=-0.47 gripper.pos=+1.00
DEBUG 2026-09-03 10:04:08 [action #149] t=6.29s step=147 queue=4 dmax=0.385 | shoulder_pan.pos=-37.74 shoulder_lift.pos=-102.50 elbow_flex.pos=+88.92 wrist_flex.pos=+74.63 wrist_roll.pos=-0.57 gripper.pos=+1.12
DEBUG 2026-09-03 10:04:08 [action #150] t=6.32s step=148 queue=3 dmax=0.298 | shoulder_pan.pos=-37.74 shoulder_lift.pos=-102.63 elbow_flex.pos=+88.62 wrist_flex.pos=+74.69 wrist_roll.pos=-0.59 gripper.pos=+1.11
DEBUG 2026-09-03 10:04:08 [action #151] t=6.36s step=149 queue=2 dmax=0.428 | shoulder_pan.pos=-37.85 shoulder_lift.pos=-103.06 elbow_flex.pos=+88.86 wrist_flex.pos=+74.71 wrist_roll.pos=-0.54 gripper.pos=+0.98
DEBUG 2026-09-03 10:04:08 [action #152] t=6.39s step=150 queue=1 dmax=0.838 | shoulder_pan.pos=-37.98 shoulder_lift.pos=-102.48 elbow_flex.pos=+88.02 wrist_flex.pos=+74.58 wrist_roll.pos=-0.46 gripper.pos=+1.06
DEBUG 2026-09-03 10:04:08 [chunk] received 50 actions, timesteps 126..175 | first: shoulder_pan.pos=-37.54 shoulder_lift.pos=-102.54 elbow_flex.pos=+90.56 wrist_flex.pos=+76.52 wrist_roll.pos=-0.09 gripper.pos=+1.26 | last: shoulder_pan.pos=-39.23 shoulder_lift.pos=-101.18 elbow_flex.pos=+88.60 wrist_flex.pos=+68.06 wrist_roll.pos=-0.65 gripper.pos=+1.30
DEBUG 2026-09-03 10:04:08 [action #153] t=6.66s step=151 queue=25 dmax=1.993 | shoulder_pan.pos=-39.01 shoulder_lift.pos=-102.74 elbow_flex.pos=+89.64 wrist_flex.pos=+72.59 wrist_roll.pos=-0.37 gripper.pos=+1.14
DEBUG 2026-09-03 10:04:08 [action #154] t=6.69s step=152 queue=24 dmax=0.497 | shoulder_pan.pos=-39.02 shoulder_lift.pos=-102.37 elbow_flex.pos=+89.41 wrist_flex.pos=+72.09 wrist_roll.pos=-0.38 gripper.pos=+1.16
DEBUG 2026-09-03 10:04:08 [action #155] t=6.72s step=153 queue=23 dmax=0.721 | shoulder_pan.pos=-39.07 shoulder_lift.pos=-102.58 elbow_flex.pos=+89.20 wrist_flex.pos=+71.37 wrist_roll.pos=-0.38 gripper.pos=+1.08
DEBUG 2026-09-03 10:04:08 [action #156] t=6.76s step=154 queue=22 dmax=0.642 | shoulder_pan.pos=-39.18 shoulder_lift.pos=-101.94 elbow_flex.pos=+89.75 wrist_flex.pos=+70.94 wrist_roll.pos=-0.36 gripper.pos=+1.12
DEBUG 2026-09-03 10:04:08 [action #157] t=6.79s step=155 queue=21 dmax=0.742 | shoulder_pan.pos=-39.29 shoulder_lift.pos=-102.68 elbow_flex.pos=+89.48 wrist_flex.pos=+70.53 wrist_roll.pos=-0.36 gripper.pos=+0.94
DEBUG 2026-09-03 10:04:08 [action #158] t=6.82s step=156 queue=20 dmax=0.558 | shoulder_pan.pos=-39.34 shoulder_lift.pos=-102.12 elbow_flex.pos=+89.45 wrist_flex.pos=+70.07 wrist_roll.pos=-0.43 gripper.pos=+1.17
DEBUG 2026-09-03 10:04:08 [action #159] t=6.86s step=157 queue=19 dmax=0.431 | shoulder_pan.pos=-39.49 shoulder_lift.pos=-102.24 elbow_flex.pos=+89.88 wrist_flex.pos=+69.65 wrist_roll.pos=-0.46 gripper.pos=+1.30
DEBUG 2026-09-03 10:04:08 [action #160] t=6.89s step=158 queue=18 dmax=0.305 | shoulder_pan.pos=-39.57 shoulder_lift.pos=-102.15 elbow_flex.pos=+89.88 wrist_flex.pos=+69.35 wrist_roll.pos=-0.54 gripper.pos=+1.30
DEBUG 2026-09-03 10:04:08 [action #161] t=6.92s step=159 queue=17 dmax=0.320 | shoulder_pan.pos=-39.64 shoulder_lift.pos=-102.10 elbow_flex.pos=+89.85 wrist_flex.pos=+69.03 wrist_roll.pos=-0.58 gripper.pos=+1.29
DEBUG 2026-09-03 10:04:08 [action #162] t=6.96s step=160 queue=16 dmax=0.380 | shoulder_pan.pos=-39.54 shoulder_lift.pos=-102.23 elbow_flex.pos=+89.48 wrist_flex.pos=+68.65 wrist_roll.pos=-0.52 gripper.pos=+1.21
DEBUG 2026-09-03 10:04:08 [action #163] t=6.99s step=161 queue=15 dmax=0.220 | shoulder_pan.pos=-39.65 shoulder_lift.pos=-102.36 elbow_flex.pos=+89.43 wrist_flex.pos=+68.43 wrist_roll.pos=-0.56 gripper.pos=+1.09
DEBUG 2026-09-03 10:04:08 [action #164] t=7.02s step=162 queue=14 dmax=0.326 | shoulder_pan.pos=-39.55 shoulder_lift.pos=-102.27 elbow_flex.pos=+89.76 wrist_flex.pos=+68.39 wrist_roll.pos=-0.59 gripper.pos=+1.23
DEBUG 2026-09-03 10:04:08 [action #165] t=7.06s step=163 queue=13 dmax=0.198 | shoulder_pan.pos=-39.65 shoulder_lift.pos=-102.22 elbow_flex.pos=+89.57 wrist_flex.pos=+68.19 wrist_roll.pos=-0.56 gripper.pos=+1.32
DEBUG 2026-09-03 10:04:08 [action #166] t=7.09s step=164 queue=12 dmax=0.680 | shoulder_pan.pos=-39.66 shoulder_lift.pos=-101.54 elbow_flex.pos=+89.36 wrist_flex.pos=+68.22 wrist_roll.pos=-0.59 gripper.pos=+1.12
DEBUG 2026-09-03 10:04:08 [action #167] t=7.13s step=165 queue=11 dmax=0.214 | shoulder_pan.pos=-39.58 shoulder_lift.pos=-101.57 elbow_flex.pos=+89.44 wrist_flex.pos=+68.26 wrist_roll.pos=-0.54 gripper.pos=+1.33
DEBUG 2026-09-03 10:04:09 [action #168] t=7.16s step=166 queue=10 dmax=0.615 | shoulder_pan.pos=-39.50 shoulder_lift.pos=-102.18 elbow_flex.pos=+88.87 wrist_flex.pos=+68.28 wrist_roll.pos=-0.57 gripper.pos=+1.13
DEBUG 2026-09-03 10:04:09 [action #169] t=7.19s step=167 queue=9 dmax=0.271 | shoulder_pan.pos=-39.50 shoulder_lift.pos=-101.91 elbow_flex.pos=+88.98 wrist_flex.pos=+68.35 wrist_roll.pos=-0.60 gripper.pos=+1.02
DEBUG 2026-09-03 10:04:09 [action #170] t=7.23s step=168 queue=8 dmax=0.389 | shoulder_pan.pos=-39.52 shoulder_lift.pos=-101.52 elbow_flex.pos=+88.59 wrist_flex.pos=+68.28 wrist_roll.pos=-0.56 gripper.pos=+1.13
DEBUG 2026-09-03 10:04:09 [action #171] t=7.26s step=169 queue=7 dmax=0.110 | shoulder_pan.pos=-39.42 shoulder_lift.pos=-101.58 elbow_flex.pos=+88.67 wrist_flex.pos=+68.32 wrist_roll.pos=-0.67 gripper.pos=+1.14
DEBUG 2026-09-03 10:04:09 [action #172] t=7.29s step=170 queue=6 dmax=0.239 | shoulder_pan.pos=-39.27 shoulder_lift.pos=-101.82 elbow_flex.pos=+88.69 wrist_flex.pos=+68.11 wrist_roll.pos=-0.65 gripper.pos=+1.08
DEBUG 2026-09-03 10:04:09 [action #173] t=7.33s step=171 queue=5 dmax=0.536 | shoulder_pan.pos=-39.33 shoulder_lift.pos=-101.29 elbow_flex.pos=+88.69 wrist_flex.pos=+67.97 wrist_roll.pos=-0.63 gripper.pos=+1.29
DEBUG 2026-09-03 10:04:09 [action #174] t=7.36s step=172 queue=4 dmax=0.279 | shoulder_pan.pos=-39.24 shoulder_lift.pos=-101.56 elbow_flex.pos=+88.57 wrist_flex.pos=+67.91 wrist_roll.pos=-0.62 gripper.pos=+1.23
DEBUG 2026-09-03 10:04:09 [action #175] t=7.39s step=173 queue=3 dmax=0.537 | shoulder_pan.pos=-39.31 shoulder_lift.pos=-102.02 elbow_flex.pos=+89.11 wrist_flex.pos=+67.94 wrist_roll.pos=-0.70 gripper.pos=+1.20
DEBUG 2026-09-03 10:04:09 [action #176] t=7.43s step=174 queue=2 dmax=0.745 | shoulder_pan.pos=-39.15 shoulder_lift.pos=-101.28 elbow_flex.pos=+88.51 wrist_flex.pos=+68.07 wrist_roll.pos=-0.75 gripper.pos=+1.26
DEBUG 2026-09-03 10:04:09 [action #177] t=7.46s step=175 queue=1 dmax=0.100 | shoulder_pan.pos=-39.23 shoulder_lift.pos=-101.18 elbow_flex.pos=+88.60 wrist_flex.pos=+68.06 wrist_roll.pos=-0.65 gripper.pos=+1.30
DEBUG 2026-09-03 10:04:09 [chunk] received 50 actions, timesteps 150..199 | first: shoulder_pan.pos=-39.22 shoulder_lift.pos=-103.30 elbow_flex.pos=+90.11 wrist_flex.pos=+75.02 wrist_roll.pos=+0.03 gripper.pos=+1.08 | last: shoulder_pan.pos=-40.93 shoulder_lift.pos=-100.89 elbow_flex.pos=+86.90 wrist_flex.pos=+66.17 wrist_roll.pos=-1.40 gripper.pos=+1.08
INFO 2026-09-03 10:04:12 Final action sent: shoulder_pan.pos=-39.23 shoulder_lift.pos=-101.18 elbow_flex.pos=+88.60 wrist_flex.pos=+68.06 wrist_roll.pos=-0.65 gripper.pos=+1.30
DEBUG 2026-09-03 10:04:12 === episode end | 10.9s | converged=True | actions=177 ===
