DEBUG 2026-09-03 08:15:20 === episode start | task: 'put the brown cylinder on the tray' | duration: 50.0s ===
DEBUG 2026-09-03 08:15:21 [chunk] dropped stale chunk (ts0=591 > max_sent=0)
DEBUG 2026-09-03 08:15:22 [chunk] received 50 actions, timesteps 0..49 | first: shoulder_pan.pos=-4.58 shoulder_lift.pos=-99.87 elbow_flex.pos=+87.12 wrist_flex.pos=+71.27 wrist_roll.pos=-0.98 gripper.pos=+1.66 | last: shoulder_pan.pos=-11.09 shoulder_lift.pos=-99.60 elbow_flex.pos=+84.27 wrist_flex.pos=+65.68 wrist_roll.pos=-1.01 gripper.pos=+1.49
DEBUG 2026-09-03 08:15:22 [action #1] t=1.87s step=0 queue=50 dmax=n/a | shoulder_pan.pos=-4.58 shoulder_lift.pos=-99.87 elbow_flex.pos=+87.12 wrist_flex.pos=+71.27 wrist_roll.pos=-0.98 gripper.pos=+1.66
DEBUG 2026-09-03 08:15:22 [action #2] t=1.91s step=1 queue=49 dmax=0.701 | shoulder_pan.pos=-4.66 shoulder_lift.pos=-100.14 elbow_flex.pos=+86.74 wrist_flex.pos=+70.57 wrist_roll.pos=-1.04 gripper.pos=+1.69
DEBUG 2026-09-03 08:15:22 [action #3] t=1.94s step=2 queue=48 dmax=0.604 | shoulder_pan.pos=-4.83 shoulder_lift.pos=-100.12 elbow_flex.pos=+86.52 wrist_flex.pos=+69.96 wrist_roll.pos=-1.04 gripper.pos=+1.67
DEBUG 2026-09-03 08:15:22 [action #4] t=1.97s step=3 queue=47 dmax=0.565 | shoulder_pan.pos=-4.75 shoulder_lift.pos=-100.00 elbow_flex.pos=+86.95 wrist_flex.pos=+69.40 wrist_roll.pos=-1.07 gripper.pos=+1.74
DEBUG 2026-09-03 08:15:22 [action #5] t=2.01s step=4 queue=46 dmax=0.277 | shoulder_pan.pos=-4.85 shoulder_lift.pos=-100.12 elbow_flex.pos=+87.20 wrist_flex.pos=+69.12 wrist_roll.pos=-0.98 gripper.pos=+1.77
DEBUG 2026-09-03 08:15:22 [action #6] t=2.04s step=5 queue=45 dmax=0.467 | shoulder_pan.pos=-4.94 shoulder_lift.pos=-100.24 elbow_flex.pos=+86.73 wrist_flex.pos=+68.76 wrist_roll.pos=-1.00 gripper.pos=+1.69
DEBUG 2026-09-03 08:15:22 [action #7] t=2.07s step=6 queue=44 dmax=0.916 | shoulder_pan.pos=-5.07 shoulder_lift.pos=-100.75 elbow_flex.pos=+87.65 wrist_flex.pos=+68.79 wrist_roll.pos=-1.09 gripper.pos=+1.70
DEBUG 2026-09-03 08:15:22 [action #8] t=2.11s step=7 queue=43 dmax=0.917 | shoulder_pan.pos=-5.26 shoulder_lift.pos=-100.02 elbow_flex.pos=+86.73 wrist_flex.pos=+68.58 wrist_roll.pos=-1.06 gripper.pos=+1.60
DEBUG 2026-09-03 08:15:22 [action #9] t=2.14s step=8 queue=42 dmax=0.829 | shoulder_pan.pos=-5.38 shoulder_lift.pos=-100.71 elbow_flex.pos=+87.56 wrist_flex.pos=+68.55 wrist_roll.pos=-1.08 gripper.pos=+1.60
DEBUG 2026-09-03 08:15:22 [action #10] t=2.17s step=9 queue=41 dmax=0.289 | shoulder_pan.pos=-5.66 shoulder_lift.pos=-100.91 elbow_flex.pos=+87.61 wrist_flex.pos=+68.26 wrist_roll.pos=-0.96 gripper.pos=+1.71
DEBUG 2026-09-03 08:15:22 [action #11] t=2.21s step=10 queue=40 dmax=0.862 | shoulder_pan.pos=-5.61 shoulder_lift.pos=-100.78 elbow_flex.pos=+86.75 wrist_flex.pos=+67.94 wrist_roll.pos=-0.93 gripper.pos=+1.63
DEBUG 2026-09-03 08:15:22 [action #12] t=2.24s step=11 queue=39 dmax=0.592 | shoulder_pan.pos=-5.85 shoulder_lift.pos=-100.74 elbow_flex.pos=+86.99 wrist_flex.pos=+67.35 wrist_roll.pos=-1.01 gripper.pos=+1.59
DEBUG 2026-09-03 08:15:22 [action #13] t=2.27s step=12 queue=38 dmax=0.422 | shoulder_pan.pos=-5.84 shoulder_lift.pos=-100.81 elbow_flex.pos=+87.22 wrist_flex.pos=+66.93 wrist_roll.pos=-0.89 gripper.pos=+1.66
DEBUG 2026-09-03 08:15:22 [action #14] t=2.31s step=13 queue=37 dmax=0.532 | shoulder_pan.pos=-5.89 shoulder_lift.pos=-100.85 elbow_flex.pos=+87.17 wrist_flex.pos=+66.40 wrist_roll.pos=-0.97 gripper.pos=+1.75
DEBUG 2026-09-03 08:15:22 [action #15] t=2.34s step=14 queue=36 dmax=0.132 | shoulder_pan.pos=-5.96 shoulder_lift.pos=-100.73 elbow_flex.pos=+87.29 wrist_flex.pos=+66.27 wrist_roll.pos=-0.96 gripper.pos=+1.62
DEBUG 2026-09-03 08:15:22 [action #16] t=2.38s step=15 queue=35 dmax=0.980 | shoulder_pan.pos=-5.97 shoulder_lift.pos=-99.75 elbow_flex.pos=+86.90 wrist_flex.pos=+65.75 wrist_roll.pos=-0.98 gripper.pos=+1.74
DEBUG 2026-09-03 08:15:22 [action #17] t=2.41s step=16 queue=34 dmax=0.782 | shoulder_pan.pos=-6.14 shoulder_lift.pos=-100.53 elbow_flex.pos=+87.14 wrist_flex.pos=+65.47 wrist_roll.pos=-0.96 gripper.pos=+1.77
DEBUG 2026-09-03 08:15:22 [action #18] t=2.44s step=17 queue=33 dmax=0.456 | shoulder_pan.pos=-6.21 shoulder_lift.pos=-100.49 elbow_flex.pos=+86.69 wrist_flex.pos=+65.20 wrist_roll.pos=-0.98 gripper.pos=+1.65
DEBUG 2026-09-03 08:15:22 [action #19] t=2.48s step=18 queue=32 dmax=0.554 | shoulder_pan.pos=-6.11 shoulder_lift.pos=-100.30 elbow_flex.pos=+86.95 wrist_flex.pos=+64.64 wrist_roll.pos=-0.89 gripper.pos=+1.82
DEBUG 2026-09-03 08:15:22 [action #20] t=2.51s step=19 queue=31 dmax=0.256 | shoulder_pan.pos=-6.26 shoulder_lift.pos=-100.43 elbow_flex.pos=+86.97 wrist_flex.pos=+64.39 wrist_roll.pos=-0.94 gripper.pos=+1.71
DEBUG 2026-09-03 08:15:22 [action #21] t=2.54s step=20 queue=30 dmax=0.176 | shoulder_pan.pos=-6.25 shoulder_lift.pos=-100.58 elbow_flex.pos=+87.15 wrist_flex.pos=+64.32 wrist_roll.pos=-0.91 gripper.pos=+1.79
DEBUG 2026-09-03 08:15:22 [action #22] t=2.58s step=21 queue=29 dmax=0.622 | shoulder_pan.pos=-6.16 shoulder_lift.pos=-101.20 elbow_flex.pos=+86.62 wrist_flex.pos=+64.16 wrist_roll.pos=-0.97 gripper.pos=+1.69
DEBUG 2026-09-03 08:15:23 [action #23] t=2.61s step=22 queue=28 dmax=0.489 | shoulder_pan.pos=-6.65 shoulder_lift.pos=-101.46 elbow_flex.pos=+86.92 wrist_flex.pos=+64.34 wrist_roll.pos=-0.88 gripper.pos=+1.76
DEBUG 2026-09-03 08:15:23 [action #24] t=2.64s step=23 queue=27 dmax=0.436 | shoulder_pan.pos=-7.08 shoulder_lift.pos=-101.41 elbow_flex.pos=+86.51 wrist_flex.pos=+64.42 wrist_roll.pos=-0.89 gripper.pos=+1.80
DEBUG 2026-09-03 08:15:23 [action #25] t=2.68s step=24 queue=26 dmax=0.516 | shoulder_pan.pos=-7.24 shoulder_lift.pos=-101.45 elbow_flex.pos=+85.99 wrist_flex.pos=+64.55 wrist_roll.pos=-0.87 gripper.pos=+1.82
DEBUG 2026-09-03 08:15:23 [action #26] t=2.71s step=25 queue=25 dmax=0.809 | shoulder_pan.pos=-7.37 shoulder_lift.pos=-101.31 elbow_flex.pos=+86.80 wrist_flex.pos=+64.68 wrist_roll.pos=-0.88 gripper.pos=+1.74
DEBUG 2026-09-03 08:15:23 [action #27] t=2.74s step=26 queue=24 dmax=0.801 | shoulder_pan.pos=-7.61 shoulder_lift.pos=-101.08 elbow_flex.pos=+86.00 wrist_flex.pos=+65.00 wrist_roll.pos=-0.98 gripper.pos=+1.80
DEBUG 2026-09-03 08:15:23 [action #28] t=2.78s step=27 queue=23 dmax=1.021 | shoulder_pan.pos=-7.85 shoulder_lift.pos=-102.10 elbow_flex.pos=+86.42 wrist_flex.pos=+65.31 wrist_roll.pos=-0.96 gripper.pos=+1.81
DEBUG 2026-09-03 08:15:23 [action #29] t=2.81s step=28 queue=22 dmax=0.606 | shoulder_pan.pos=-8.09 shoulder_lift.pos=-101.49 elbow_flex.pos=+86.13 wrist_flex.pos=+65.67 wrist_roll.pos=-0.86 gripper.pos=+1.71
DEBUG 2026-09-03 08:15:23 [chunk] received 50 actions, timesteps 3..52 | first: shoulder_pan.pos=-4.79 shoulder_lift.pos=-99.17 elbow_flex.pos=+87.15 wrist_flex.pos=+70.77 wrist_roll.pos=-0.96 gripper.pos=+1.71 | last: shoulder_pan.pos=-7.87 shoulder_lift.pos=-63.73 elbow_flex.pos=+58.57 wrist_flex.pos=+66.71 wrist_roll.pos=-3.86 gripper.pos=+1.42
DEBUG 2026-09-03 08:15:23 [action #30] t=2.84s step=29 queue=24 dmax=1.627 | shoulder_pan.pos=-7.09 shoulder_lift.pos=-100.63 elbow_flex.pos=+84.50 wrist_flex.pos=+67.11 wrist_roll.pos=-1.03 gripper.pos=+1.52
DEBUG 2026-09-03 08:15:23 [action #31] t=2.88s step=30 queue=23 dmax=0.395 | shoulder_pan.pos=-7.00 shoulder_lift.pos=-100.23 elbow_flex.pos=+84.13 wrist_flex.pos=+67.18 wrist_roll.pos=-1.11 gripper.pos=+1.55
DEBUG 2026-09-03 08:15:23 [action #32] t=2.91s step=31 queue=22 dmax=0.402 | shoulder_pan.pos=-7.26 shoulder_lift.pos=-100.64 elbow_flex.pos=+83.79 wrist_flex.pos=+67.29 wrist_roll.pos=-1.04 gripper.pos=+1.49
DEBUG 2026-09-03 08:15:23 [action #33] t=2.94s step=32 queue=21 dmax=0.789 | shoulder_pan.pos=-7.39 shoulder_lift.pos=-100.60 elbow_flex.pos=+83.01 wrist_flex.pos=+67.58 wrist_roll.pos=-1.14 gripper.pos=+1.54
DEBUG 2026-09-03 08:15:23 [action #34] t=2.98s step=33 queue=20 dmax=0.477 | shoulder_pan.pos=-7.42 shoulder_lift.pos=-100.12 elbow_flex.pos=+82.95 wrist_flex.pos=+67.66 wrist_roll.pos=-1.01 gripper.pos=+1.44
DEBUG 2026-09-03 08:15:23 [action #35] t=3.01s step=34 queue=19 dmax=0.684 | shoulder_pan.pos=-7.68 shoulder_lift.pos=-99.44 elbow_flex.pos=+82.48 wrist_flex.pos=+67.89 wrist_roll.pos=-1.13 gripper.pos=+1.52
DEBUG 2026-09-03 08:15:23 [action #36] t=3.04s step=35 queue=18 dmax=0.885 | shoulder_pan.pos=-7.72 shoulder_lift.pos=-98.69 elbow_flex.pos=+81.59 wrist_flex.pos=+67.92 wrist_roll.pos=-1.14 gripper.pos=+1.60
DEBUG 2026-09-03 08:15:23 [action #37] t=3.08s step=36 queue=17 dmax=0.422 | shoulder_pan.pos=-7.71 shoulder_lift.pos=-98.27 elbow_flex.pos=+81.21 wrist_flex.pos=+68.02 wrist_roll.pos=-1.10 gripper.pos=+1.48
DEBUG 2026-09-03 08:15:23 [action #38] t=3.11s step=37 queue=16 dmax=0.917 | shoulder_pan.pos=-7.72 shoulder_lift.pos=-97.60 elbow_flex.pos=+80.29 wrist_flex.pos=+68.01 wrist_roll.pos=-1.18 gripper.pos=+1.50
DEBUG 2026-09-03 08:15:23 [action #39] t=3.14s step=38 queue=15 dmax=0.888 | shoulder_pan.pos=-7.69 shoulder_lift.pos=-96.71 elbow_flex.pos=+80.22 wrist_flex.pos=+67.92 wrist_roll.pos=-1.24 gripper.pos=+1.55
DEBUG 2026-09-03 08:15:23 [action #40] t=3.18s step=39 queue=14 dmax=1.682 | shoulder_pan.pos=-7.97 shoulder_lift.pos=-95.03 elbow_flex.pos=+79.29 wrist_flex.pos=+67.95 wrist_roll.pos=-1.28 gripper.pos=+1.48
DEBUG 2026-09-03 08:15:23 [action #41] t=3.21s step=40 queue=13 dmax=1.667 | shoulder_pan.pos=-7.76 shoulder_lift.pos=-93.36 elbow_flex.pos=+78.07 wrist_flex.pos=+67.79 wrist_roll.pos=-1.38 gripper.pos=+1.46
DEBUG 2026-09-03 08:15:23 [action #42] t=3.24s step=41 queue=12 dmax=2.199 | shoulder_pan.pos=-7.86 shoulder_lift.pos=-91.16 elbow_flex.pos=+76.81 wrist_flex.pos=+67.58 wrist_roll.pos=-1.49 gripper.pos=+1.54
DEBUG 2026-09-03 08:15:23 [action #43] t=3.28s step=42 queue=11 dmax=1.897 | shoulder_pan.pos=-7.86 shoulder_lift.pos=-89.26 elbow_flex.pos=+75.82 wrist_flex.pos=+67.50 wrist_roll.pos=-1.63 gripper.pos=+1.40
DEBUG 2026-09-03 08:15:23 [action #44] t=3.31s step=43 queue=10 dmax=2.927 | shoulder_pan.pos=-8.23 shoulder_lift.pos=-86.34 elbow_flex.pos=+74.82 wrist_flex.pos=+67.35 wrist_roll.pos=-1.74 gripper.pos=+1.41
DEBUG 2026-09-03 08:15:23 [action #45] t=3.35s step=44 queue=9 dmax=1.647 | shoulder_pan.pos=-8.26 shoulder_lift.pos=-84.83 elbow_flex.pos=+73.17 wrist_flex.pos=+67.44 wrist_roll.pos=-1.98 gripper.pos=+1.47
DEBUG 2026-09-03 08:15:23 [action #46] t=3.38s step=45 queue=8 dmax=2.064 | shoulder_pan.pos=-8.52 shoulder_lift.pos=-82.77 elbow_flex.pos=+71.94 wrist_flex.pos=+67.20 wrist_roll.pos=-1.97 gripper.pos=+1.51
DEBUG 2026-09-03 08:15:23 [action #47] t=3.41s step=46 queue=7 dmax=1.800 | shoulder_pan.pos=-8.58 shoulder_lift.pos=-80.97 elbow_flex.pos=+71.01 wrist_flex.pos=+67.08 wrist_roll.pos=-2.16 gripper.pos=+1.48
DEBUG 2026-09-03 08:15:23 [action #48] t=3.45s step=47 queue=6 dmax=1.148 | shoulder_pan.pos=-8.42 shoulder_lift.pos=-79.95 elbow_flex.pos=+69.86 wrist_flex.pos=+66.93 wrist_roll.pos=-2.35 gripper.pos=+1.53
DEBUG 2026-09-03 08:15:23 [action #49] t=3.48s step=48 queue=5 dmax=1.467 | shoulder_pan.pos=-8.68 shoulder_lift.pos=-78.48 elbow_flex.pos=+69.26 wrist_flex.pos=+66.83 wrist_roll.pos=-2.49 gripper.pos=+1.42
DEBUG 2026-09-03 08:15:23 [action #50] t=3.51s step=49 queue=4 dmax=0.994 | shoulder_pan.pos=-8.73 shoulder_lift.pos=-77.49 elbow_flex.pos=+68.46 wrist_flex.pos=+66.65 wrist_roll.pos=-2.57 gripper.pos=+1.53
DEBUG 2026-09-03 08:15:23 [action #51] t=3.55s step=50 queue=3 dmax=11.297 | shoulder_pan.pos=-7.72 shoulder_lift.pos=-66.19 elbow_flex.pos=+60.79 wrist_flex.pos=+66.86 wrist_roll.pos=-3.44 gripper.pos=+1.58
DEBUG 2026-09-03 08:15:23 [action #52] t=3.58s step=51 queue=2 dmax=1.290 | shoulder_pan.pos=-7.71 shoulder_lift.pos=-64.90 elbow_flex.pos=+59.59 wrist_flex.pos=+66.64 wrist_roll.pos=-3.67 gripper.pos=+1.52
DEBUG 2026-09-03 08:15:24 [action #53] t=3.61s step=52 queue=1 dmax=1.169 | shoulder_pan.pos=-7.87 shoulder_lift.pos=-63.73 elbow_flex.pos=+58.57 wrist_flex.pos=+66.71 wrist_roll.pos=-3.86 gripper.pos=+1.42
DEBUG 2026-09-03 08:15:24 [chunk] received 50 actions, timesteps 28..77 | first: shoulder_pan.pos=-7.52 shoulder_lift.pos=-98.28 elbow_flex.pos=+85.44 wrist_flex.pos=+64.19 wrist_roll.pos=-1.00 gripper.pos=+1.77 | last: shoulder_pan.pos=-9.87 shoulder_lift.pos=-56.51 elbow_flex.pos=+57.07 wrist_flex.pos=+66.64 wrist_roll.pos=-5.81 gripper.pos=+19.89
DEBUG 2026-09-03 08:15:24 [action #54] t=3.75s step=53 queue=25 dmax=34.480 | shoulder_pan.pos=-8.77 shoulder_lift.pos=-98.21 elbow_flex.pos=+78.35 wrist_flex.pos=+68.57 wrist_roll.pos=-2.44 gripper.pos=+1.36
DEBUG 2026-09-03 08:15:24 [action #55] t=3.78s step=54 queue=24 dmax=0.478 | shoulder_pan.pos=-8.29 shoulder_lift.pos=-98.17 elbow_flex.pos=+78.17 wrist_flex.pos=+68.51 wrist_roll.pos=-2.36 gripper.pos=+1.37
DEBUG 2026-09-03 08:15:24 [action #56] t=3.81s step=55 queue=23 dmax=1.736 | shoulder_pan.pos=-8.69 shoulder_lift.pos=-96.43 elbow_flex.pos=+77.52 wrist_flex.pos=+68.66 wrist_roll.pos=-2.38 gripper.pos=+1.49
DEBUG 2026-09-03 08:15:24 [action #57] t=3.85s step=56 queue=22 dmax=1.048 | shoulder_pan.pos=-8.74 shoulder_lift.pos=-95.38 elbow_flex.pos=+77.43 wrist_flex.pos=+68.32 wrist_roll.pos=-2.48 gripper.pos=+1.50
DEBUG 2026-09-03 08:15:24 [action #58] t=3.88s step=57 queue=21 dmax=2.221 | shoulder_pan.pos=-9.00 shoulder_lift.pos=-93.16 elbow_flex.pos=+77.01 wrist_flex.pos=+67.91 wrist_roll.pos=-2.50 gripper.pos=+1.34
DEBUG 2026-09-03 08:15:24 [action #59] t=3.91s step=58 queue=20 dmax=1.785 | shoulder_pan.pos=-8.81 shoulder_lift.pos=-91.38 elbow_flex.pos=+75.56 wrist_flex.pos=+67.41 wrist_roll.pos=-2.67 gripper.pos=+1.33
DEBUG 2026-09-03 08:15:24 [action #60] t=3.95s step=59 queue=19 dmax=3.531 | shoulder_pan.pos=-8.84 shoulder_lift.pos=-87.85 elbow_flex.pos=+74.77 wrist_flex.pos=+67.06 wrist_roll.pos=-2.80 gripper.pos=+1.36
DEBUG 2026-09-03 08:15:24 [action #61] t=3.98s step=60 queue=18 dmax=2.613 | shoulder_pan.pos=-8.63 shoulder_lift.pos=-85.23 elbow_flex.pos=+73.06 wrist_flex.pos=+66.82 wrist_roll.pos=-3.13 gripper.pos=+1.41
DEBUG 2026-09-03 08:15:24 [action #62] t=4.01s step=61 queue=17 dmax=2.572 | shoulder_pan.pos=-8.66 shoulder_lift.pos=-82.66 elbow_flex.pos=+71.77 wrist_flex.pos=+66.53 wrist_roll.pos=-3.30 gripper.pos=+1.32
DEBUG 2026-09-03 08:15:24 [action #63] t=4.05s step=62 queue=16 dmax=2.193 | shoulder_pan.pos=-8.32 shoulder_lift.pos=-80.47 elbow_flex.pos=+70.59 wrist_flex.pos=+66.30 wrist_roll.pos=-3.43 gripper.pos=+1.42
DEBUG 2026-09-03 08:15:24 [action #64] t=4.08s step=63 queue=15 dmax=1.904 | shoulder_pan.pos=-8.51 shoulder_lift.pos=-78.56 elbow_flex.pos=+69.44 wrist_flex.pos=+66.23 wrist_roll.pos=-3.55 gripper.pos=+1.44
DEBUG 2026-09-03 08:15:24 [action #65] t=4.11s step=64 queue=14 dmax=2.328 | shoulder_pan.pos=-8.48 shoulder_lift.pos=-76.24 elbow_flex.pos=+67.78 wrist_flex.pos=+65.93 wrist_roll.pos=-3.72 gripper.pos=+1.37
DEBUG 2026-09-03 08:15:24 [action #66] t=4.15s step=65 queue=13 dmax=2.168 | shoulder_pan.pos=-8.50 shoulder_lift.pos=-74.07 elbow_flex.pos=+67.34 wrist_flex.pos=+65.93 wrist_roll.pos=-3.92 gripper.pos=+1.44
DEBUG 2026-09-03 08:15:24 [action #67] t=4.18s step=66 queue=12 dmax=1.944 | shoulder_pan.pos=-8.44 shoulder_lift.pos=-72.12 elbow_flex.pos=+65.68 wrist_flex.pos=+65.82 wrist_roll.pos=-4.01 gripper.pos=+1.44
DEBUG 2026-09-03 08:15:24 [action #68] t=4.21s step=67 queue=11 dmax=2.676 | shoulder_pan.pos=-8.29 shoulder_lift.pos=-69.45 elbow_flex.pos=+64.88 wrist_flex.pos=+65.92 wrist_roll.pos=-4.10 gripper.pos=+1.58
DEBUG 2026-09-03 08:15:24 [action #69] t=4.25s step=68 queue=10 dmax=1.953 | shoulder_pan.pos=-8.47 shoulder_lift.pos=-67.49 elbow_flex.pos=+63.33 wrist_flex.pos=+65.83 wrist_roll.pos=-4.08 gripper.pos=+1.93
DEBUG 2026-09-03 08:15:24 [action #70] t=4.28s step=69 queue=9 dmax=1.673 | shoulder_pan.pos=-8.57 shoulder_lift.pos=-65.82 elbow_flex.pos=+61.98 wrist_flex.pos=+65.88 wrist_roll.pos=-4.07 gripper.pos=+2.84
DEBUG 2026-09-03 08:15:24 [action #71] t=4.32s step=70 queue=8 dmax=1.954 | shoulder_pan.pos=-8.62 shoulder_lift.pos=-63.87 elbow_flex.pos=+61.41 wrist_flex.pos=+65.96 wrist_roll.pos=-4.13 gripper.pos=+4.44
DEBUG 2026-09-03 08:15:24 [action #72] t=4.35s step=71 queue=7 dmax=2.031 | shoulder_pan.pos=-8.68 shoulder_lift.pos=-62.32 elbow_flex.pos=+60.45 wrist_flex.pos=+65.96 wrist_roll.pos=-4.28 gripper.pos=+6.47
DEBUG 2026-09-03 08:15:24 [action #73] t=4.38s step=72 queue=6 dmax=2.574 | shoulder_pan.pos=-8.95 shoulder_lift.pos=-60.90 elbow_flex.pos=+59.56 wrist_flex.pos=+66.01 wrist_roll.pos=-4.50 gripper.pos=+9.04
DEBUG 2026-09-03 08:15:24 [action #74] t=4.42s step=73 queue=5 dmax=2.466 | shoulder_pan.pos=-9.17 shoulder_lift.pos=-59.35 elbow_flex.pos=+58.90 wrist_flex.pos=+66.01 wrist_roll.pos=-4.75 gripper.pos=+11.51
DEBUG 2026-09-03 08:15:24 [action #75] t=4.45s step=74 queue=4 dmax=2.359 | shoulder_pan.pos=-9.44 shoulder_lift.pos=-58.39 elbow_flex.pos=+58.44 wrist_flex.pos=+66.12 wrist_roll.pos=-4.91 gripper.pos=+13.87
DEBUG 2026-09-03 08:15:24 [action #76] t=4.48s step=75 queue=3 dmax=2.286 | shoulder_pan.pos=-9.52 shoulder_lift.pos=-57.29 elbow_flex.pos=+57.89 wrist_flex.pos=+66.08 wrist_roll.pos=-5.17 gripper.pos=+16.15
DEBUG 2026-09-03 08:15:24 [action #77] t=4.52s step=76 queue=2 dmax=1.851 | shoulder_pan.pos=-9.30 shoulder_lift.pos=-57.04 elbow_flex.pos=+57.62 wrist_flex.pos=+66.42 wrist_roll.pos=-5.48 gripper.pos=+18.00
DEBUG 2026-09-03 08:15:24 [action #78] t=4.55s step=77 queue=1 dmax=1.884 | shoulder_pan.pos=-9.87 shoulder_lift.pos=-56.51 elbow_flex.pos=+57.07 wrist_flex.pos=+66.64 wrist_roll.pos=-5.81 gripper.pos=+19.89
DEBUG 2026-09-03 08:15:25 [chunk] received 50 actions, timesteps 52..101 | first: shoulder_pan.pos=-8.16 shoulder_lift.pos=-62.26 elbow_flex.pos=+57.26 wrist_flex.pos=+67.99 wrist_roll.pos=-3.57 gripper.pos=+1.58 | last: shoulder_pan.pos=-9.02 shoulder_lift.pos=-23.61 elbow_flex.pos=+42.53 wrist_flex.pos=+68.27 wrist_roll.pos=-3.03 gripper.pos=+31.64
DEBUG 2026-09-03 08:15:25 [action #79] t=4.72s step=78 queue=24 dmax=11.860 | shoulder_pan.pos=-8.76 shoulder_lift.pos=-44.65 elbow_flex.pos=+48.03 wrist_flex.pos=+70.28 wrist_roll.pos=-4.45 gripper.pos=+24.95
DEBUG 2026-09-03 08:15:25 [action #80] t=4.75s step=79 queue=23 dmax=1.073 | shoulder_pan.pos=-8.92 shoulder_lift.pos=-43.57 elbow_flex.pos=+48.44 wrist_flex.pos=+70.21 wrist_roll.pos=-4.37 gripper.pos=+25.85
DEBUG 2026-09-03 08:15:25 [action #81] t=4.78s step=80 queue=22 dmax=0.851 | shoulder_pan.pos=-8.87 shoulder_lift.pos=-42.72 elbow_flex.pos=+47.87 wrist_flex.pos=+70.42 wrist_roll.pos=-4.28 gripper.pos=+26.57
DEBUG 2026-09-03 08:15:25 [action #82] t=4.82s step=81 queue=21 dmax=0.920 | shoulder_pan.pos=-8.74 shoulder_lift.pos=-41.80 elbow_flex.pos=+48.08 wrist_flex.pos=+70.51 wrist_roll.pos=-4.20 gripper.pos=+26.96
DEBUG 2026-09-03 08:15:25 [action #83] t=4.85s step=82 queue=20 dmax=0.811 | shoulder_pan.pos=-8.79 shoulder_lift.pos=-40.99 elbow_flex.pos=+47.40 wrist_flex.pos=+70.48 wrist_roll.pos=-4.21 gripper.pos=+27.74
DEBUG 2026-09-03 08:15:25 [action #84] t=4.88s step=83 queue=19 dmax=0.864 | shoulder_pan.pos=-9.02 shoulder_lift.pos=-40.13 elbow_flex.pos=+47.27 wrist_flex.pos=+70.34 wrist_roll.pos=-4.12 gripper.pos=+28.47
DEBUG 2026-09-03 08:15:25 [action #85] t=4.92s step=84 queue=18 dmax=0.695 | shoulder_pan.pos=-8.91 shoulder_lift.pos=-40.25 elbow_flex.pos=+46.58 wrist_flex.pos=+70.35 wrist_roll.pos=-4.05 gripper.pos=+28.99
DEBUG 2026-09-03 08:15:25 [action #86] t=4.95s step=85 queue=17 dmax=1.248 | shoulder_pan.pos=-8.75 shoulder_lift.pos=-39.00 elbow_flex.pos=+47.04 wrist_flex.pos=+70.10 wrist_roll.pos=-3.82 gripper.pos=+29.53
DEBUG 2026-09-03 08:15:25 [action #87] t=4.98s step=86 queue=16 dmax=0.796 | shoulder_pan.pos=-8.79 shoulder_lift.pos=-38.41 elbow_flex.pos=+46.77 wrist_flex.pos=+69.99 wrist_roll.pos=-3.66 gripper.pos=+30.33
DEBUG 2026-09-03 08:15:25 [action #88] t=5.02s step=87 queue=15 dmax=0.809 | shoulder_pan.pos=-9.10 shoulder_lift.pos=-37.60 elbow_flex.pos=+46.67 wrist_flex.pos=+69.92 wrist_roll.pos=-3.53 gripper.pos=+30.41
DEBUG 2026-09-03 08:15:25 [action #89] t=5.05s step=88 queue=14 dmax=0.773 | shoulder_pan.pos=-8.89 shoulder_lift.pos=-36.82 elbow_flex.pos=+46.35 wrist_flex.pos=+69.83 wrist_roll.pos=-3.46 gripper.pos=+30.64
DEBUG 2026-09-03 08:15:25 [action #90] t=5.08s step=89 queue=13 dmax=0.527 | shoulder_pan.pos=-8.98 shoulder_lift.pos=-36.63 elbow_flex.pos=+45.82 wrist_flex.pos=+69.56 wrist_roll.pos=-3.37 gripper.pos=+30.57
DEBUG 2026-09-03 08:15:25 [action #91] t=5.12s step=90 queue=12 dmax=0.408 | shoulder_pan.pos=-8.96 shoulder_lift.pos=-36.24 elbow_flex.pos=+46.23 wrist_flex.pos=+69.26 wrist_roll.pos=-3.41 gripper.pos=+30.31
DEBUG 2026-09-03 08:15:25 [action #92] t=5.15s step=91 queue=11 dmax=1.798 | shoulder_pan.pos=-8.75 shoulder_lift.pos=-34.44 elbow_flex.pos=+45.19 wrist_flex.pos=+69.06 wrist_roll.pos=-3.34 gripper.pos=+30.21
DEBUG 2026-09-03 08:15:25 [action #93] t=5.18s step=92 queue=10 dmax=0.317 | shoulder_pan.pos=-8.89 shoulder_lift.pos=-34.30 elbow_flex.pos=+45.51 wrist_flex.pos=+68.82 wrist_roll.pos=-3.33 gripper.pos=+30.18
DEBUG 2026-09-03 08:15:25 [action #94] t=5.22s step=93 queue=9 dmax=0.996 | shoulder_pan.pos=-8.85 shoulder_lift.pos=-33.30 elbow_flex.pos=+45.04 wrist_flex.pos=+68.77 wrist_roll.pos=-3.38 gripper.pos=+30.31
DEBUG 2026-09-03 08:15:25 [action #95] t=5.25s step=94 queue=8 dmax=0.832 | shoulder_pan.pos=-9.07 shoulder_lift.pos=-32.47 elbow_flex.pos=+44.61 wrist_flex.pos=+68.36 wrist_roll.pos=-3.33 gripper.pos=+30.46
DEBUG 2026-09-03 08:15:25 [action #96] t=5.28s step=95 queue=7 dmax=1.321 | shoulder_pan.pos=-9.18 shoulder_lift.pos=-31.15 elbow_flex.pos=+44.25 wrist_flex.pos=+68.40 wrist_roll.pos=-3.40 gripper.pos=+30.59
DEBUG 2026-09-03 08:15:25 [action #97] t=5.32s step=96 queue=6 dmax=0.591 | shoulder_pan.pos=-8.98 shoulder_lift.pos=-30.61 elbow_flex.pos=+44.84 wrist_flex.pos=+68.02 wrist_roll.pos=-3.39 gripper.pos=+30.80
DEBUG 2026-09-03 08:15:25 [action #98] t=5.35s step=97 queue=5 dmax=1.376 | shoulder_pan.pos=-8.99 shoulder_lift.pos=-29.24 elbow_flex.pos=+44.07 wrist_flex.pos=+68.09 wrist_roll.pos=-3.21 gripper.pos=+30.87
DEBUG 2026-09-03 08:15:25 [action #99] t=5.39s step=98 queue=4 dmax=0.966 | shoulder_pan.pos=-8.79 shoulder_lift.pos=-28.27 elbow_flex.pos=+43.75 wrist_flex.pos=+67.98 wrist_roll.pos=-3.31 gripper.pos=+31.06
DEBUG 2026-09-03 08:15:25 [action #100] t=5.42s step=99 queue=3 dmax=2.015 | shoulder_pan.pos=-8.83 shoulder_lift.pos=-26.26 elbow_flex.pos=+42.99 wrist_flex.pos=+68.09 wrist_roll.pos=-3.13 gripper.pos=+31.12
DEBUG 2026-09-03 08:15:25 [action #101] t=5.45s step=100 queue=2 dmax=1.031 | shoulder_pan.pos=-8.93 shoulder_lift.pos=-25.22 elbow_flex.pos=+43.30 wrist_flex.pos=+67.78 wrist_roll.pos=-3.16 gripper.pos=+31.49
DEBUG 2026-09-03 08:15:25 [action #102] t=5.49s step=101 queue=1 dmax=1.619 | shoulder_pan.pos=-9.02 shoulder_lift.pos=-23.61 elbow_flex.pos=+42.53 wrist_flex.pos=+68.27 wrist_roll.pos=-3.03 gripper.pos=+31.64
DEBUG 2026-09-03 08:15:26 [chunk] received 50 actions, timesteps 77..126 | first: shoulder_pan.pos=-9.21 shoulder_lift.pos=-52.41 elbow_flex.pos=+55.55 wrist_flex.pos=+68.73 wrist_roll.pos=-6.12 gripper.pos=+18.93 | last: shoulder_pan.pos=-12.54 shoulder_lift.pos=-12.32 elbow_flex.pos=+35.59 wrist_flex.pos=+66.48 wrist_roll.pos=-5.83 gripper.pos=+32.90
DEBUG 2026-09-03 08:15:26 [action #103] t=5.65s step=102 queue=25 dmax=11.140 | shoulder_pan.pos=-11.12 shoulder_lift.pos=-34.75 elbow_flex.pos=+44.88 wrist_flex.pos=+69.94 wrist_roll.pos=-5.66 gripper.pos=+32.75
DEBUG 2026-09-03 08:15:26 [action #104] t=5.69s step=103 queue=24 dmax=0.695 | shoulder_pan.pos=-11.00 shoulder_lift.pos=-34.05 elbow_flex.pos=+44.36 wrist_flex.pos=+69.83 wrist_roll.pos=-5.83 gripper.pos=+32.74
DEBUG 2026-09-03 08:15:26 [action #105] t=5.72s step=104 queue=23 dmax=1.283 | shoulder_pan.pos=-11.23 shoulder_lift.pos=-32.77 elbow_flex.pos=+43.46 wrist_flex.pos=+69.87 wrist_roll.pos=-5.77 gripper.pos=+32.86
DEBUG 2026-09-03 08:15:26 [action #106] t=5.75s step=105 queue=22 dmax=1.217 | shoulder_pan.pos=-11.18 shoulder_lift.pos=-31.55 elbow_flex.pos=+43.09 wrist_flex.pos=+69.83 wrist_roll.pos=-5.80 gripper.pos=+32.72
DEBUG 2026-09-03 08:15:26 [action #107] t=5.79s step=106 queue=21 dmax=1.298 | shoulder_pan.pos=-11.12 shoulder_lift.pos=-30.25 elbow_flex.pos=+42.43 wrist_flex.pos=+69.74 wrist_roll.pos=-5.86 gripper.pos=+32.60
DEBUG 2026-09-03 08:15:26 [action #108] t=5.82s step=107 queue=20 dmax=0.949 | shoulder_pan.pos=-11.27 shoulder_lift.pos=-29.30 elbow_flex.pos=+42.20 wrist_flex.pos=+69.58 wrist_roll.pos=-5.86 gripper.pos=+32.57
DEBUG 2026-09-03 08:15:26 [action #109] t=5.85s step=108 queue=19 dmax=0.878 | shoulder_pan.pos=-11.18 shoulder_lift.pos=-28.43 elbow_flex.pos=+41.88 wrist_flex.pos=+69.31 wrist_roll.pos=-5.93 gripper.pos=+32.54
DEBUG 2026-09-03 08:15:26 [action #110] t=5.89s step=109 queue=18 dmax=1.578 | shoulder_pan.pos=-11.13 shoulder_lift.pos=-26.85 elbow_flex.pos=+41.40 wrist_flex.pos=+69.21 wrist_roll.pos=-5.88 gripper.pos=+32.49
DEBUG 2026-09-03 08:15:26 [action #111] t=5.92s step=110 queue=17 dmax=0.851 | shoulder_pan.pos=-11.25 shoulder_lift.pos=-26.00 elbow_flex.pos=+40.60 wrist_flex.pos=+69.23 wrist_roll.pos=-5.93 gripper.pos=+32.60
DEBUG 2026-09-03 08:15:26 [action #112] t=5.95s step=111 queue=16 dmax=1.581 | shoulder_pan.pos=-11.39 shoulder_lift.pos=-24.42 elbow_flex.pos=+40.10 wrist_flex.pos=+69.19 wrist_roll.pos=-5.92 gripper.pos=+32.57
DEBUG 2026-09-03 08:15:26 [action #113] t=5.99s step=112 queue=15 dmax=0.262 | shoulder_pan.pos=-11.51 shoulder_lift.pos=-24.33 elbow_flex.pos=+39.84 wrist_flex.pos=+69.00 wrist_roll.pos=-6.03 gripper.pos=+32.71
DEBUG 2026-09-03 08:15:26 [action #114] t=6.02s step=113 queue=14 dmax=1.836 | shoulder_pan.pos=-11.56 shoulder_lift.pos=-22.49 elbow_flex.pos=+39.29 wrist_flex.pos=+68.76 wrist_roll.pos=-6.01 gripper.pos=+32.71
DEBUG 2026-09-03 08:15:26 [action #115] t=6.05s step=114 queue=13 dmax=0.745 | shoulder_pan.pos=-11.62 shoulder_lift.pos=-21.75 elbow_flex.pos=+38.97 wrist_flex.pos=+68.70 wrist_roll.pos=-6.05 gripper.pos=+32.74
DEBUG 2026-09-03 08:15:26 [action #116] t=6.09s step=115 queue=12 dmax=0.904 | shoulder_pan.pos=-11.62 shoulder_lift.pos=-20.84 elbow_flex.pos=+38.93 wrist_flex.pos=+68.64 wrist_roll.pos=-6.06 gripper.pos=+32.63
DEBUG 2026-09-03 08:15:26 [action #117] t=6.12s step=116 queue=11 dmax=0.650 | shoulder_pan.pos=-11.77 shoulder_lift.pos=-20.28 elbow_flex.pos=+38.28 wrist_flex.pos=+68.27 wrist_roll.pos=-5.96 gripper.pos=+32.61
DEBUG 2026-09-03 08:15:26 [action #118] t=6.15s step=117 queue=10 dmax=0.428 | shoulder_pan.pos=-11.78 shoulder_lift.pos=-19.85 elbow_flex.pos=+38.05 wrist_flex.pos=+67.89 wrist_roll.pos=-6.06 gripper.pos=+32.64
DEBUG 2026-09-03 08:15:26 [action #119] t=6.19s step=118 queue=9 dmax=0.475 | shoulder_pan.pos=-12.00 shoulder_lift.pos=-19.37 elbow_flex.pos=+38.26 wrist_flex.pos=+67.69 wrist_roll.pos=-6.01 gripper.pos=+32.65
DEBUG 2026-09-03 08:15:26 [action #120] t=6.22s step=119 queue=8 dmax=0.442 | shoulder_pan.pos=-12.04 shoulder_lift.pos=-18.93 elbow_flex.pos=+38.15 wrist_flex.pos=+67.36 wrist_roll.pos=-6.03 gripper.pos=+32.60
DEBUG 2026-09-03 08:15:26 [action #121] t=6.25s step=120 queue=7 dmax=1.447 | shoulder_pan.pos=-12.11 shoulder_lift.pos=-17.49 elbow_flex.pos=+37.96 wrist_flex.pos=+67.34 wrist_roll.pos=-5.97 gripper.pos=+32.65
DEBUG 2026-09-03 08:15:26 [action #122] t=6.29s step=121 queue=6 dmax=0.647 | shoulder_pan.pos=-12.21 shoulder_lift.pos=-16.90 elbow_flex.pos=+37.31 wrist_flex.pos=+67.14 wrist_roll.pos=-5.89 gripper.pos=+32.76
DEBUG 2026-09-03 08:15:26 [action #123] t=6.32s step=122 queue=5 dmax=1.059 | shoulder_pan.pos=-12.35 shoulder_lift.pos=-15.84 elbow_flex.pos=+37.46 wrist_flex.pos=+67.00 wrist_roll.pos=-5.90 gripper.pos=+32.77
DEBUG 2026-09-03 08:15:26 [action #124] t=6.36s step=123 queue=4 dmax=0.600 | shoulder_pan.pos=-12.51 shoulder_lift.pos=-15.24 elbow_flex.pos=+37.24 wrist_flex.pos=+66.89 wrist_roll.pos=-5.92 gripper.pos=+32.74
DEBUG 2026-09-03 08:15:26 [action #125] t=6.39s step=124 queue=3 dmax=0.701 | shoulder_pan.pos=-12.59 shoulder_lift.pos=-15.27 elbow_flex.pos=+36.54 wrist_flex.pos=+66.55 wrist_roll.pos=-5.92 gripper.pos=+32.74
DEBUG 2026-09-03 08:15:26 [action #126] t=6.42s step=125 queue=2 dmax=2.172 | shoulder_pan.pos=-12.64 shoulder_lift.pos=-13.10 elbow_flex.pos=+36.07 wrist_flex.pos=+66.55 wrist_roll.pos=-5.77 gripper.pos=+32.79
DEBUG 2026-09-03 08:15:26 [action #127] t=6.46s step=126 queue=1 dmax=0.782 | shoulder_pan.pos=-12.54 shoulder_lift.pos=-12.32 elbow_flex.pos=+35.59 wrist_flex.pos=+66.48 wrist_roll.pos=-5.83 gripper.pos=+32.90
DEBUG 2026-09-03 08:15:26 [chunk] received 50 actions, timesteps 101..150 | first: shoulder_pan.pos=-8.86 shoulder_lift.pos=-23.15 elbow_flex.pos=+44.15 wrist_flex.pos=+68.37 wrist_roll.pos=-3.54 gripper.pos=+32.23 | last: shoulder_pan.pos=-7.45 shoulder_lift.pos=-2.51 elbow_flex.pos=+28.45 wrist_flex.pos=+67.01 wrist_roll.pos=-4.54 gripper.pos=+8.97
DEBUG 2026-09-03 08:15:26 [action #128] t=6.56s step=127 queue=24 dmax=8.835 | shoulder_pan.pos=-9.15 shoulder_lift.pos=-3.48 elbow_flex.pos=+36.33 wrist_flex.pos=+63.12 wrist_roll.pos=-3.27 gripper.pos=+33.46
DEBUG 2026-09-03 08:15:26 [action #129] t=6.59s step=128 queue=23 dmax=0.512 | shoulder_pan.pos=-9.05 shoulder_lift.pos=-3.99 elbow_flex.pos=+36.18 wrist_flex.pos=+63.09 wrist_roll.pos=-3.44 gripper.pos=+32.98
DEBUG 2026-09-03 08:15:27 [action #130] t=6.62s step=129 queue=22 dmax=0.849 | shoulder_pan.pos=-8.95 shoulder_lift.pos=-3.14 elbow_flex.pos=+35.68 wrist_flex.pos=+63.05 wrist_roll.pos=-3.38 gripper.pos=+32.15
DEBUG 2026-09-03 08:15:27 [action #131] t=6.66s step=130 queue=21 dmax=1.775 | shoulder_pan.pos=-8.81 shoulder_lift.pos=-2.94 elbow_flex.pos=+35.21 wrist_flex.pos=+62.85 wrist_roll.pos=-3.36 gripper.pos=+30.38
DEBUG 2026-09-03 08:15:27 [action #132] t=6.69s step=131 queue=20 dmax=2.519 | shoulder_pan.pos=-9.07 shoulder_lift.pos=-2.92 elbow_flex.pos=+35.42 wrist_flex.pos=+63.09 wrist_roll.pos=-3.24 gripper.pos=+27.86
DEBUG 2026-09-03 08:15:27 [action #133] t=6.72s step=132 queue=19 dmax=3.326 | shoulder_pan.pos=-8.69 shoulder_lift.pos=-2.11 elbow_flex.pos=+34.97 wrist_flex.pos=+63.38 wrist_roll.pos=-3.12 gripper.pos=+24.53
DEBUG 2026-09-03 08:15:27 [action #134] t=6.76s step=133 queue=18 dmax=3.914 | shoulder_pan.pos=-8.58 shoulder_lift.pos=-2.80 elbow_flex.pos=+35.71 wrist_flex.pos=+63.51 wrist_roll.pos=-3.12 gripper.pos=+20.62
DEBUG 2026-09-03 08:15:27 [action #135] t=6.79s step=134 queue=17 dmax=2.872 | shoulder_pan.pos=-8.36 shoulder_lift.pos=-2.37 elbow_flex.pos=+34.96 wrist_flex.pos=+63.53 wrist_roll.pos=-3.09 gripper.pos=+17.75
DEBUG 2026-09-03 08:15:27 [action #136] t=6.82s step=135 queue=16 dmax=2.513 | shoulder_pan.pos=-8.27 shoulder_lift.pos=-2.66 elbow_flex.pos=+35.23 wrist_flex.pos=+63.59 wrist_roll.pos=-3.07 gripper.pos=+15.23
DEBUG 2026-09-03 08:15:27 [action #137] t=6.86s step=136 queue=15 dmax=1.738 | shoulder_pan.pos=-7.94 shoulder_lift.pos=-2.26 elbow_flex.pos=+36.19 wrist_flex.pos=+63.55 wrist_roll.pos=-3.22 gripper.pos=+13.50
DEBUG 2026-09-03 08:15:27 [action #138] t=6.89s step=137 queue=14 dmax=1.807 | shoulder_pan.pos=-8.17 shoulder_lift.pos=-2.22 elbow_flex.pos=+34.39 wrist_flex.pos=+63.55 wrist_roll.pos=-3.11 gripper.pos=+12.12
DEBUG 2026-09-03 08:15:27 [action #139] t=6.92s step=138 queue=13 dmax=0.994 | shoulder_pan.pos=-8.07 shoulder_lift.pos=-2.55 elbow_flex.pos=+35.38 wrist_flex.pos=+63.78 wrist_roll.pos=-3.23 gripper.pos=+11.46
DEBUG 2026-09-03 08:15:27 [action #140] t=6.96s step=139 queue=12 dmax=0.997 | shoulder_pan.pos=-8.04 shoulder_lift.pos=-2.40 elbow_flex.pos=+34.38 wrist_flex.pos=+63.75 wrist_roll.pos=-3.15 gripper.pos=+11.06
DEBUG 2026-09-03 08:15:27 [action #141] t=6.99s step=140 queue=11 dmax=0.281 | shoulder_pan.pos=-8.10 shoulder_lift.pos=-2.28 elbow_flex.pos=+34.25 wrist_flex.pos=+64.03 wrist_roll.pos=-3.35 gripper.pos=+11.08
DEBUG 2026-09-03 08:15:27 [action #142] t=7.02s step=141 queue=10 dmax=0.723 | shoulder_pan.pos=-7.98 shoulder_lift.pos=-3.00 elbow_flex.pos=+34.33 wrist_flex.pos=+63.99 wrist_roll.pos=-3.33 gripper.pos=+10.93
DEBUG 2026-09-03 08:15:27 [action #143] t=7.06s step=142 queue=9 dmax=0.668 | shoulder_pan.pos=-7.97 shoulder_lift.pos=-2.40 elbow_flex.pos=+33.67 wrist_flex.pos=+64.03 wrist_roll.pos=-3.43 gripper.pos=+10.86
DEBUG 2026-09-03 08:15:27 [action #144] t=7.09s step=143 queue=8 dmax=0.426 | shoulder_pan.pos=-8.13 shoulder_lift.pos=-2.71 elbow_flex.pos=+33.24 wrist_flex.pos=+64.46 wrist_roll.pos=-3.55 gripper.pos=+10.75
DEBUG 2026-09-03 08:15:27 [action #145] t=7.12s step=144 queue=7 dmax=0.601 | shoulder_pan.pos=-8.12 shoulder_lift.pos=-2.32 elbow_flex.pos=+32.64 wrist_flex.pos=+64.49 wrist_roll.pos=-3.67 gripper.pos=+10.45
DEBUG 2026-09-03 08:15:27 [action #146] t=7.16s step=145 queue=6 dmax=0.440 | shoulder_pan.pos=-7.96 shoulder_lift.pos=-1.91 elbow_flex.pos=+32.20 wrist_flex.pos=+64.60 wrist_roll.pos=-3.89 gripper.pos=+10.30
DEBUG 2026-09-03 08:15:27 [action #147] t=7.19s step=146 queue=5 dmax=0.763 | shoulder_pan.pos=-7.78 shoulder_lift.pos=-1.79 elbow_flex.pos=+31.82 wrist_flex.pos=+65.36 wrist_roll.pos=-3.91 gripper.pos=+9.92
DEBUG 2026-09-03 08:15:27 [action #148] t=7.22s step=147 queue=4 dmax=0.625 | shoulder_pan.pos=-7.79 shoulder_lift.pos=-2.41 elbow_flex.pos=+31.45 wrist_flex.pos=+65.77 wrist_roll.pos=-4.15 gripper.pos=+9.53
DEBUG 2026-09-03 08:15:27 [action #149] t=7.26s step=148 queue=3 dmax=1.687 | shoulder_pan.pos=-7.78 shoulder_lift.pos=-2.03 elbow_flex.pos=+29.76 wrist_flex.pos=+66.11 wrist_roll.pos=-4.33 gripper.pos=+9.23
DEBUG 2026-09-03 08:15:27 [action #150] t=7.29s step=149 queue=2 dmax=0.769 | shoulder_pan.pos=-7.58 shoulder_lift.pos=-2.06 elbow_flex.pos=+29.35 wrist_flex.pos=+66.88 wrist_roll.pos=-4.43 gripper.pos=+9.16
DEBUG 2026-09-03 08:15:27 [action #151] t=7.33s step=150 queue=1 dmax=0.901 | shoulder_pan.pos=-7.45 shoulder_lift.pos=-2.51 elbow_flex.pos=+28.45 wrist_flex.pos=+67.01 wrist_roll.pos=-4.54 gripper.pos=+8.97
DEBUG 2026-09-03 08:15:27 [chunk] received 50 actions, timesteps 126..175 | first: shoulder_pan.pos=-12.29 shoulder_lift.pos=-12.14 elbow_flex.pos=+37.72 wrist_flex.pos=+67.08 wrist_roll.pos=-5.72 gripper.pos=+34.25 | last: shoulder_pan.pos=-10.98 shoulder_lift.pos=-6.86 elbow_flex.pos=+26.04 wrist_flex.pos=+73.18 wrist_roll.pos=-7.11 gripper.pos=+7.39
DEBUG 2026-09-03 08:15:27 [action #152] t=7.49s step=151 queue=25 dmax=5.999 | shoulder_pan.pos=-12.08 shoulder_lift.pos=-0.62 elbow_flex.pos=+33.03 wrist_flex.pos=+65.41 wrist_roll.pos=-5.32 gripper.pos=+14.97
DEBUG 2026-09-03 08:15:27 [action #153] t=7.53s step=152 queue=24 dmax=1.694 | shoulder_pan.pos=-12.34 shoulder_lift.pos=-0.53 elbow_flex.pos=+32.68 wrist_flex.pos=+65.38 wrist_roll.pos=-5.44 gripper.pos=+13.28
DEBUG 2026-09-03 08:15:27 [action #154] t=7.56s step=153 queue=23 dmax=1.602 | shoulder_pan.pos=-12.18 shoulder_lift.pos=-0.51 elbow_flex.pos=+32.72 wrist_flex.pos=+65.61 wrist_roll.pos=-5.39 gripper.pos=+11.67
DEBUG 2026-09-03 08:15:27 [action #155] t=7.59s step=154 queue=22 dmax=1.266 | shoulder_pan.pos=-12.36 shoulder_lift.pos=-0.88 elbow_flex.pos=+32.76 wrist_flex.pos=+65.67 wrist_roll.pos=-5.44 gripper.pos=+10.41
DEBUG 2026-09-03 08:15:28 [action #156] t=7.63s step=155 queue=21 dmax=1.017 | shoulder_pan.pos=-12.25 shoulder_lift.pos=-1.15 elbow_flex.pos=+32.98 wrist_flex.pos=+65.65 wrist_roll.pos=-5.54 gripper.pos=+9.39
DEBUG 2026-09-03 08:15:28 [action #157] t=7.66s step=156 queue=20 dmax=0.948 | shoulder_pan.pos=-12.31 shoulder_lift.pos=-0.38 elbow_flex.pos=+32.40 wrist_flex.pos=+65.73 wrist_roll.pos=-5.41 gripper.pos=+8.44
DEBUG 2026-09-03 08:15:28 [action #158] t=7.69s step=157 queue=19 dmax=0.549 | shoulder_pan.pos=-12.47 shoulder_lift.pos=-0.43 elbow_flex.pos=+32.95 wrist_flex.pos=+66.07 wrist_roll.pos=-5.81 gripper.pos=+8.14
DEBUG 2026-09-03 08:15:28 [action #159] t=7.73s step=158 queue=18 dmax=0.951 | shoulder_pan.pos=-12.35 shoulder_lift.pos=-0.89 elbow_flex.pos=+32.00 wrist_flex.pos=+66.15 wrist_roll.pos=-5.60 gripper.pos=+7.67
DEBUG 2026-09-03 08:15:28 [action #160] t=7.76s step=159 queue=17 dmax=0.779 | shoulder_pan.pos=-12.52 shoulder_lift.pos=-0.11 elbow_flex.pos=+31.47 wrist_flex.pos=+66.67 wrist_roll.pos=-5.62 gripper.pos=+7.88
DEBUG 2026-09-03 08:15:28 [action #161] t=7.79s step=160 queue=16 dmax=0.512 | shoulder_pan.pos=-12.55 shoulder_lift.pos=-0.45 elbow_flex.pos=+31.98 wrist_flex.pos=+66.99 wrist_roll.pos=-5.76 gripper.pos=+8.07
DEBUG 2026-09-03 08:15:28 [action #162] t=7.83s step=161 queue=15 dmax=1.451 | shoulder_pan.pos=-12.46 shoulder_lift.pos=-0.64 elbow_flex.pos=+30.53 wrist_flex.pos=+67.49 wrist_roll.pos=-5.86 gripper.pos=+8.21
DEBUG 2026-09-03 08:15:28 [action #163] t=7.86s step=162 queue=14 dmax=0.477 | shoulder_pan.pos=-12.72 shoulder_lift.pos=-1.12 elbow_flex.pos=+30.68 wrist_flex.pos=+67.90 wrist_roll.pos=-5.80 gripper.pos=+8.60
DEBUG 2026-09-03 08:15:28 [action #164] t=7.89s step=163 queue=13 dmax=0.355 | shoulder_pan.pos=-12.36 shoulder_lift.pos=-1.13 elbow_flex.pos=+30.34 wrist_flex.pos=+68.15 wrist_roll.pos=-5.85 gripper.pos=+8.68
DEBUG 2026-09-03 08:15:28 [action #165] t=7.93s step=164 queue=12 dmax=0.639 | shoulder_pan.pos=-12.49 shoulder_lift.pos=-0.70 elbow_flex.pos=+29.70 wrist_flex.pos=+68.52 wrist_roll.pos=-6.04 gripper.pos=+8.49
DEBUG 2026-09-03 08:15:28 [action #166] t=7.96s step=165 queue=11 dmax=1.181 | shoulder_pan.pos=-12.54 shoulder_lift.pos=-1.88 elbow_flex.pos=+29.90 wrist_flex.pos=+68.92 wrist_roll.pos=-6.01 gripper.pos=+8.25
DEBUG 2026-09-03 08:15:28 [action #167] t=7.99s step=166 queue=10 dmax=0.684 | shoulder_pan.pos=-12.42 shoulder_lift.pos=-1.72 elbow_flex.pos=+29.22 wrist_flex.pos=+69.29 wrist_roll.pos=-6.05 gripper.pos=+8.18
DEBUG 2026-09-03 08:15:28 [action #168] t=8.03s step=167 queue=9 dmax=0.514 | shoulder_pan.pos=-12.30 shoulder_lift.pos=-2.08 elbow_flex.pos=+28.70 wrist_flex.pos=+69.76 wrist_roll.pos=-6.07 gripper.pos=+8.04
DEBUG 2026-09-03 08:15:28 [action #169] t=8.06s step=168 queue=8 dmax=0.502 | shoulder_pan.pos=-12.44 shoulder_lift.pos=-2.03 elbow_flex.pos=+28.20 wrist_flex.pos=+70.04 wrist_roll.pos=-6.35 gripper.pos=+7.81
DEBUG 2026-09-03 08:15:28 [action #170] t=8.09s step=169 queue=7 dmax=1.014 | shoulder_pan.pos=-12.00 shoulder_lift.pos=-3.04 elbow_flex.pos=+28.83 wrist_flex.pos=+70.51 wrist_roll.pos=-6.41 gripper.pos=+7.70
DEBUG 2026-09-03 08:15:28 [action #171] t=8.13s step=170 queue=6 dmax=0.952 | shoulder_pan.pos=-11.77 shoulder_lift.pos=-3.49 elbow_flex.pos=+27.87 wrist_flex.pos=+70.74 wrist_roll.pos=-6.56 gripper.pos=+7.43
DEBUG 2026-09-03 08:15:28 [action #172] t=8.16s step=171 queue=5 dmax=0.385 | shoulder_pan.pos=-11.71 shoulder_lift.pos=-3.76 elbow_flex.pos=+27.59 wrist_flex.pos=+71.12 wrist_roll.pos=-6.81 gripper.pos=+7.29
DEBUG 2026-09-03 08:15:28 [action #173] t=8.20s step=172 queue=4 dmax=0.531 | shoulder_pan.pos=-11.39 shoulder_lift.pos=-4.29 elbow_flex.pos=+27.27 wrist_flex.pos=+71.61 wrist_roll.pos=-6.87 gripper.pos=+7.13
DEBUG 2026-09-03 08:15:28 [action #174] t=8.23s step=173 queue=3 dmax=0.819 | shoulder_pan.pos=-11.07 shoulder_lift.pos=-5.11 elbow_flex.pos=+27.10 wrist_flex.pos=+72.12 wrist_roll.pos=-7.12 gripper.pos=+7.20
DEBUG 2026-09-03 08:15:28 [action #175] t=8.26s step=174 queue=2 dmax=0.604 | shoulder_pan.pos=-11.12 shoulder_lift.pos=-5.72 elbow_flex.pos=+26.65 wrist_flex.pos=+72.66 wrist_roll.pos=-7.17 gripper.pos=+7.31
DEBUG 2026-09-03 08:15:28 [action #176] t=8.30s step=175 queue=1 dmax=1.148 | shoulder_pan.pos=-10.98 shoulder_lift.pos=-6.86 elbow_flex.pos=+26.04 wrist_flex.pos=+73.18 wrist_roll.pos=-7.11 gripper.pos=+7.39
DEBUG 2026-09-03 08:15:28 [chunk] received 50 actions, timesteps 150..199 | first: shoulder_pan.pos=-7.85 shoulder_lift.pos=-2.33 elbow_flex.pos=+26.32 wrist_flex.pos=+69.07 wrist_roll.pos=-3.98 gripper.pos=+7.00 | last: shoulder_pan.pos=+20.95 shoulder_lift.pos=-1.50 elbow_flex.pos=-9.13 wrist_flex.pos=+78.89 wrist_roll.pos=-2.74 gripper.pos=+7.11
DEBUG 2026-09-03 08:15:28 [action #177] t=8.50s step=176 queue=24 dmax=17.208 | shoulder_pan.pos=+3.16 shoulder_lift.pos=-15.34 elbow_flex.pos=+8.84 wrist_flex.pos=+83.13 wrist_roll.pos=-4.58 gripper.pos=+7.25
DEBUG 2026-09-03 08:15:28 [action #178] t=8.53s step=177 queue=23 dmax=0.863 | shoulder_pan.pos=+4.03 shoulder_lift.pos=-15.54 elbow_flex.pos=+9.02 wrist_flex.pos=+83.13 wrist_roll.pos=-4.67 gripper.pos=+7.23
DEBUG 2026-09-03 08:15:28 [action #179] t=8.56s step=178 queue=22 dmax=0.712 | shoulder_pan.pos=+4.74 shoulder_lift.pos=-15.69 elbow_flex.pos=+8.56 wrist_flex.pos=+83.09 wrist_roll.pos=-4.72 gripper.pos=+7.07
DEBUG 2026-09-03 08:15:29 [action #180] t=8.60s step=179 queue=21 dmax=1.758 | shoulder_pan.pos=+5.79 shoulder_lift.pos=-16.12 elbow_flex.pos=+6.80 wrist_flex.pos=+82.82 wrist_roll.pos=-4.45 gripper.pos=+7.34
DEBUG 2026-09-03 08:15:29 [action #181] t=8.63s step=180 queue=20 dmax=1.065 | shoulder_pan.pos=+6.50 shoulder_lift.pos=-15.05 elbow_flex.pos=+6.47 wrist_flex.pos=+82.59 wrist_roll.pos=-4.39 gripper.pos=+7.22
DEBUG 2026-09-03 08:15:29 [action #182] t=8.66s step=181 queue=19 dmax=0.869 | shoulder_pan.pos=+7.37 shoulder_lift.pos=-15.40 elbow_flex.pos=+6.29 wrist_flex.pos=+82.42 wrist_roll.pos=-4.42 gripper.pos=+7.39
DEBUG 2026-09-03 08:15:29 [action #183] t=8.70s step=182 queue=18 dmax=0.751 | shoulder_pan.pos=+8.12 shoulder_lift.pos=-14.95 elbow_flex.pos=+5.68 wrist_flex.pos=+82.44 wrist_roll.pos=-4.10 gripper.pos=+7.11
DEBUG 2026-09-03 08:15:29 [action #184] t=8.73s step=183 queue=17 dmax=1.733 | shoulder_pan.pos=+9.06 shoulder_lift.pos=-15.24 elbow_flex.pos=+3.95 wrist_flex.pos=+81.96 wrist_roll.pos=-3.92 gripper.pos=+7.37
DEBUG 2026-09-03 08:15:29 [action #185] t=8.76s step=184 queue=16 dmax=0.352 | shoulder_pan.pos=+9.41 shoulder_lift.pos=-15.23 elbow_flex.pos=+3.70 wrist_flex.pos=+81.63 wrist_roll.pos=-3.86 gripper.pos=+7.42
DEBUG 2026-09-03 08:15:29 [action #186] t=8.80s step=185 queue=15 dmax=1.987 | shoulder_pan.pos=+10.35 shoulder_lift.pos=-13.24 elbow_flex.pos=+3.36 wrist_flex.pos=+81.32 wrist_roll.pos=-3.67 gripper.pos=+7.08
DEBUG 2026-09-03 08:15:29 [action #187] t=8.83s step=186 queue=14 dmax=1.572 | shoulder_pan.pos=+11.92 shoulder_lift.pos=-12.45 elbow_flex.pos=+1.85 wrist_flex.pos=+80.79 wrist_roll.pos=-3.61 gripper.pos=+7.30
DEBUG 2026-09-03 08:15:29 [action #188] t=8.86s step=187 queue=13 dmax=1.664 | shoulder_pan.pos=+12.17 shoulder_lift.pos=-10.79 elbow_flex.pos=+1.88 wrist_flex.pos=+80.50 wrist_roll.pos=-3.60 gripper.pos=+7.15
DEBUG 2026-09-03 08:15:29 [action #189] t=8.90s step=188 queue=12 dmax=1.554 | shoulder_pan.pos=+13.72 shoulder_lift.pos=-11.88 elbow_flex.pos=+1.34 wrist_flex.pos=+80.01 wrist_roll.pos=-3.58 gripper.pos=+7.09
DEBUG 2026-09-03 08:15:29 [action #190] t=8.93s step=189 queue=11 dmax=1.343 | shoulder_pan.pos=+14.36 shoulder_lift.pos=-11.00 elbow_flex.pos=-0.00 wrist_flex.pos=+79.88 wrist_roll.pos=-3.48 gripper.pos=+7.19
DEBUG 2026-09-03 08:15:29 [action #191] t=8.96s step=190 queue=10 dmax=0.691 | shoulder_pan.pos=+14.96 shoulder_lift.pos=-10.30 elbow_flex.pos=+0.18 wrist_flex.pos=+79.30 wrist_roll.pos=-3.25 gripper.pos=+7.31
DEBUG 2026-09-03 08:15:29 [action #192] t=9.00s step=191 queue=9 dmax=1.094 | shoulder_pan.pos=+15.79 shoulder_lift.pos=-9.49 elbow_flex.pos=-0.91 wrist_flex.pos=+79.14 wrist_roll.pos=-3.36 gripper.pos=+7.44
DEBUG 2026-09-03 08:15:29 [action #193] t=9.03s step=192 queue=8 dmax=1.345 | shoulder_pan.pos=+16.72 shoulder_lift.pos=-8.15 elbow_flex.pos=-1.00 wrist_flex.pos=+78.78 wrist_roll.pos=-3.23 gripper.pos=+7.01
DEBUG 2026-09-03 08:15:29 [action #194] t=9.06s step=193 queue=7 dmax=1.946 | shoulder_pan.pos=+17.22 shoulder_lift.pos=-6.20 elbow_flex.pos=-2.12 wrist_flex.pos=+78.36 wrist_roll.pos=-3.13 gripper.pos=+7.30
DEBUG 2026-09-03 08:15:29 [action #195] t=9.10s step=194 queue=6 dmax=1.184 | shoulder_pan.pos=+17.67 shoulder_lift.pos=-6.01 elbow_flex.pos=-3.30 wrist_flex.pos=+78.73 wrist_roll.pos=-3.01 gripper.pos=+6.98
DEBUG 2026-09-03 08:15:29 [action #196] t=9.13s step=195 queue=5 dmax=1.368 | shoulder_pan.pos=+18.72 shoulder_lift.pos=-5.18 elbow_flex.pos=-4.67 wrist_flex.pos=+78.79 wrist_roll.pos=-3.09 gripper.pos=+7.17
DEBUG 2026-09-03 08:15:29 [action #197] t=9.17s step=196 queue=4 dmax=0.716 | shoulder_pan.pos=+19.39 shoulder_lift.pos=-4.46 elbow_flex.pos=-5.02 wrist_flex.pos=+78.70 wrist_roll.pos=-3.16 gripper.pos=+7.01
DEBUG 2026-09-03 08:15:29 [action #198] t=9.20s step=197 queue=3 dmax=0.569 | shoulder_pan.pos=+19.69 shoulder_lift.pos=-3.89 elbow_flex.pos=-5.38 wrist_flex.pos=+78.72 wrist_roll.pos=-3.07 gripper.pos=+7.32
DEBUG 2026-09-03 08:15:29 [action #199] t=9.23s step=198 queue=2 dmax=1.911 | shoulder_pan.pos=+20.72 shoulder_lift.pos=-1.98 elbow_flex.pos=-7.16 wrist_flex.pos=+78.99 wrist_roll.pos=-2.81 gripper.pos=+7.09
DEBUG 2026-09-03 08:15:29 [action #200] t=9.27s step=199 queue=1 dmax=1.967 | shoulder_pan.pos=+20.95 shoulder_lift.pos=-1.50 elbow_flex.pos=-9.13 wrist_flex.pos=+78.89 wrist_roll.pos=-2.74 gripper.pos=+7.11
DEBUG 2026-09-03 08:15:29 [chunk] received 50 actions, timesteps 175..224 | first: shoulder_pan.pos=-11.83 shoulder_lift.pos=-8.51 elbow_flex.pos=+24.49 wrist_flex.pos=+72.40 wrist_roll.pos=-7.60 gripper.pos=+6.90 | last: shoulder_pan.pos=+25.29 shoulder_lift.pos=-7.16 elbow_flex.pos=-2.03 wrist_flex.pos=+78.10 wrist_roll.pos=-4.91 gripper.pos=+7.16
DEBUG 2026-09-03 08:15:29 [action #201] t=9.50s step=200 queue=25 dmax=21.193 | shoulder_pan.pos=+3.88 shoulder_lift.pos=-22.69 elbow_flex.pos=+11.69 wrist_flex.pos=+82.94 wrist_roll.pos=-6.63 gripper.pos=+7.00
DEBUG 2026-09-03 08:15:29 [action #202] t=9.53s step=201 queue=24 dmax=0.993 | shoulder_pan.pos=+4.87 shoulder_lift.pos=-22.31 elbow_flex.pos=+11.08 wrist_flex.pos=+82.66 wrist_roll.pos=-6.45 gripper.pos=+7.11
DEBUG 2026-09-03 08:15:29 [action #203] t=9.57s step=202 queue=23 dmax=0.901 | shoulder_pan.pos=+5.78 shoulder_lift.pos=-22.69 elbow_flex.pos=+10.79 wrist_flex.pos=+82.69 wrist_roll.pos=-6.19 gripper.pos=+7.10
DEBUG 2026-09-03 08:15:30 [action #204] t=9.60s step=203 queue=22 dmax=1.084 | shoulder_pan.pos=+6.86 shoulder_lift.pos=-22.58 elbow_flex.pos=+10.46 wrist_flex.pos=+82.40 wrist_roll.pos=-6.11 gripper.pos=+6.98
DEBUG 2026-09-03 08:15:30 [action #205] t=9.63s step=204 queue=21 dmax=1.141 | shoulder_pan.pos=+8.00 shoulder_lift.pos=-22.80 elbow_flex.pos=+10.27 wrist_flex.pos=+82.34 wrist_roll.pos=-6.01 gripper.pos=+7.18
DEBUG 2026-09-03 08:15:30 [action #206] t=9.67s step=205 queue=20 dmax=0.950 | shoulder_pan.pos=+8.95 shoulder_lift.pos=-22.39 elbow_flex.pos=+9.93 wrist_flex.pos=+82.29 wrist_roll.pos=-6.00 gripper.pos=+6.99
DEBUG 2026-09-03 08:15:30 [action #207] t=9.70s step=206 queue=19 dmax=1.097 | shoulder_pan.pos=+9.95 shoulder_lift.pos=-22.51 elbow_flex.pos=+8.83 wrist_flex.pos=+82.12 wrist_roll.pos=-5.84 gripper.pos=+7.07
DEBUG 2026-09-03 08:15:30 [action #208] t=9.73s step=207 queue=18 dmax=0.983 | shoulder_pan.pos=+10.93 shoulder_lift.pos=-22.05 elbow_flex.pos=+8.75 wrist_flex.pos=+82.02 wrist_roll.pos=-5.84 gripper.pos=+7.07
DEBUG 2026-09-03 08:15:30 [action #209] t=9.77s step=208 queue=17 dmax=1.050 | shoulder_pan.pos=+11.98 shoulder_lift.pos=-21.72 elbow_flex.pos=+7.75 wrist_flex.pos=+81.91 wrist_roll.pos=-5.76 gripper.pos=+7.25
DEBUG 2026-09-03 08:15:30 [action #210] t=9.80s step=209 queue=16 dmax=0.854 | shoulder_pan.pos=+12.84 shoulder_lift.pos=-21.62 elbow_flex.pos=+7.62 wrist_flex.pos=+81.84 wrist_roll.pos=-5.62 gripper.pos=+7.13
DEBUG 2026-09-03 08:15:30 [action #211] t=9.83s step=210 queue=15 dmax=1.148 | shoulder_pan.pos=+13.98 shoulder_lift.pos=-21.82 elbow_flex.pos=+6.89 wrist_flex.pos=+81.57 wrist_roll.pos=-5.64 gripper.pos=+7.15
DEBUG 2026-09-03 08:15:30 [action #212] t=9.87s step=211 queue=14 dmax=0.923 | shoulder_pan.pos=+14.87 shoulder_lift.pos=-20.90 elbow_flex.pos=+6.84 wrist_flex.pos=+81.61 wrist_roll.pos=-5.56 gripper.pos=+6.95
DEBUG 2026-09-03 08:15:30 [action #213] t=9.90s step=212 queue=13 dmax=1.308 | shoulder_pan.pos=+16.18 shoulder_lift.pos=-20.73 elbow_flex.pos=+6.30 wrist_flex.pos=+81.28 wrist_roll.pos=-5.62 gripper.pos=+6.99
DEBUG 2026-09-03 08:15:30 [action #214] t=9.93s step=213 queue=12 dmax=0.712 | shoulder_pan.pos=+16.89 shoulder_lift.pos=-20.66 elbow_flex.pos=+6.12 wrist_flex.pos=+80.99 wrist_roll.pos=-5.42 gripper.pos=+7.18
DEBUG 2026-09-03 08:15:30 [action #215] t=9.97s step=214 queue=11 dmax=1.432 | shoulder_pan.pos=+17.98 shoulder_lift.pos=-19.36 elbow_flex.pos=+4.68 wrist_flex.pos=+80.63 wrist_roll.pos=-5.49 gripper.pos=+7.14
DEBUG 2026-09-03 08:15:30 [action #216] t=10.00s step=215 queue=10 dmax=0.929 | shoulder_pan.pos=+18.90 shoulder_lift.pos=-18.43 elbow_flex.pos=+4.34 wrist_flex.pos=+80.42 wrist_roll.pos=-5.43 gripper.pos=+7.11
DEBUG 2026-09-03 08:15:30 [action #217] t=10.03s step=216 queue=9 dmax=0.859 | shoulder_pan.pos=+19.70 shoulder_lift.pos=-17.57 elbow_flex.pos=+4.17 wrist_flex.pos=+79.95 wrist_roll.pos=-5.29 gripper.pos=+7.05
DEBUG 2026-09-03 08:15:30 [action #218] t=10.07s step=217 queue=8 dmax=0.738 | shoulder_pan.pos=+20.44 shoulder_lift.pos=-16.96 elbow_flex.pos=+3.60 wrist_flex.pos=+79.75 wrist_roll.pos=-5.15 gripper.pos=+7.00
DEBUG 2026-09-03 08:15:30 [action #219] t=10.10s step=218 queue=7 dmax=1.224 | shoulder_pan.pos=+21.32 shoulder_lift.pos=-15.74 elbow_flex.pos=+3.29 wrist_flex.pos=+79.43 wrist_roll.pos=-5.24 gripper.pos=+6.99
DEBUG 2026-09-03 08:15:30 [action #220] t=10.14s step=219 queue=6 dmax=1.616 | shoulder_pan.pos=+21.92 shoulder_lift.pos=-14.12 elbow_flex.pos=+1.99 wrist_flex.pos=+79.13 wrist_roll.pos=-5.15 gripper.pos=+6.96
DEBUG 2026-09-03 08:15:30 [action #221] t=10.17s step=220 queue=5 dmax=1.898 | shoulder_pan.pos=+22.98 shoulder_lift.pos=-12.23 elbow_flex.pos=+1.20 wrist_flex.pos=+78.88 wrist_roll.pos=-5.19 gripper.pos=+7.01
DEBUG 2026-09-03 08:15:30 [action #222] t=10.20s step=221 queue=4 dmax=1.314 | shoulder_pan.pos=+23.26 shoulder_lift.pos=-10.91 elbow_flex.pos=+0.23 wrist_flex.pos=+78.52 wrist_roll.pos=-5.06 gripper.pos=+7.04
DEBUG 2026-09-03 08:15:30 [action #223] t=10.24s step=222 queue=3 dmax=1.187 | shoulder_pan.pos=+24.27 shoulder_lift.pos=-9.72 elbow_flex.pos=-0.25 wrist_flex.pos=+78.35 wrist_roll.pos=-5.17 gripper.pos=+6.96
DEBUG 2026-09-03 08:15:30 [action #224] t=10.27s step=223 queue=2 dmax=1.215 | shoulder_pan.pos=+24.70 shoulder_lift.pos=-8.51 elbow_flex.pos=-1.45 wrist_flex.pos=+78.32 wrist_roll.pos=-5.09 gripper.pos=+6.75
DEBUG 2026-09-03 08:15:30 [action #225] t=10.30s step=224 queue=1 dmax=1.345 | shoulder_pan.pos=+25.29 shoulder_lift.pos=-7.16 elbow_flex.pos=-2.03 wrist_flex.pos=+78.10 wrist_roll.pos=-4.91 gripper.pos=+7.16
DEBUG 2026-09-03 08:15:30 [chunk] received 50 actions, timesteps 199..248 | first: shoulder_pan.pos=+21.82 shoulder_lift.pos=+0.27 elbow_flex.pos=-8.35 wrist_flex.pos=+75.86 wrist_roll.pos=-2.71 gripper.pos=+4.07 | last: shoulder_pan.pos=+34.05 shoulder_lift.pos=+21.55 elbow_flex.pos=-17.39 wrist_flex.pos=+71.13 wrist_roll.pos=-2.66 gripper.pos=+25.86
DEBUG 2026-09-03 08:15:30 [action #226] t=10.47s step=225 queue=24 dmax=23.279 | shoulder_pan.pos=+32.26 shoulder_lift.pos=+16.11 elbow_flex.pos=-18.19 wrist_flex.pos=+69.00 wrist_roll.pos=-3.06 gripper.pos=+3.77
DEBUG 2026-09-03 08:15:30 [action #227] t=10.50s step=226 queue=23 dmax=0.739 | shoulder_pan.pos=+32.11 shoulder_lift.pos=+16.83 elbow_flex.pos=-17.45 wrist_flex.pos=+69.19 wrist_roll.pos=-3.12 gripper.pos=+3.92
DEBUG 2026-09-03 08:15:30 [action #228] t=10.54s step=227 queue=22 dmax=0.367 | shoulder_pan.pos=+32.43 shoulder_lift.pos=+17.04 elbow_flex.pos=-17.81 wrist_flex.pos=+68.93 wrist_roll.pos=-3.23 gripper.pos=+4.07
DEBUG 2026-09-03 08:15:30 [action #229] t=10.57s step=228 queue=21 dmax=0.728 | shoulder_pan.pos=+32.39 shoulder_lift.pos=+17.77 elbow_flex.pos=-17.40 wrist_flex.pos=+69.32 wrist_roll.pos=-3.10 gripper.pos=+3.74
DEBUG 2026-09-03 08:15:31 [action #230] t=10.60s step=229 queue=20 dmax=0.626 | shoulder_pan.pos=+33.01 shoulder_lift.pos=+17.81 elbow_flex.pos=-17.84 wrist_flex.pos=+69.29 wrist_roll.pos=-3.04 gripper.pos=+3.90
DEBUG 2026-09-03 08:15:31 [action #231] t=10.64s step=230 queue=19 dmax=0.983 | shoulder_pan.pos=+32.87 shoulder_lift.pos=+18.79 elbow_flex.pos=-18.28 wrist_flex.pos=+68.87 wrist_roll.pos=-3.13 gripper.pos=+3.94
DEBUG 2026-09-03 08:15:31 [action #232] t=10.67s step=231 queue=18 dmax=0.309 | shoulder_pan.pos=+33.02 shoulder_lift.pos=+18.63 elbow_flex.pos=-17.98 wrist_flex.pos=+69.01 wrist_roll.pos=-3.16 gripper.pos=+3.82
DEBUG 2026-09-03 08:15:31 [action #233] t=10.70s step=232 queue=17 dmax=0.446 | shoulder_pan.pos=+33.00 shoulder_lift.pos=+19.07 elbow_flex.pos=-18.02 wrist_flex.pos=+68.82 wrist_roll.pos=-3.19 gripper.pos=+3.79
DEBUG 2026-09-03 08:15:31 [action #234] t=10.74s step=233 queue=16 dmax=0.436 | shoulder_pan.pos=+33.44 shoulder_lift.pos=+19.13 elbow_flex.pos=-18.25 wrist_flex.pos=+69.03 wrist_roll.pos=-3.25 gripper.pos=+3.71
DEBUG 2026-09-03 08:15:31 [action #235] t=10.77s step=234 queue=15 dmax=1.100 | shoulder_pan.pos=+33.27 shoulder_lift.pos=+20.23 elbow_flex.pos=-18.19 wrist_flex.pos=+68.72 wrist_roll.pos=-3.22 gripper.pos=+3.77
DEBUG 2026-09-03 08:15:31 [action #236] t=10.80s step=235 queue=14 dmax=0.441 | shoulder_pan.pos=+33.71 shoulder_lift.pos=+20.32 elbow_flex.pos=-18.51 wrist_flex.pos=+69.08 wrist_roll.pos=-3.36 gripper.pos=+4.02
DEBUG 2026-09-03 08:15:31 [action #237] t=10.84s step=236 queue=13 dmax=0.724 | shoulder_pan.pos=+33.81 shoulder_lift.pos=+20.13 elbow_flex.pos=-17.78 wrist_flex.pos=+68.96 wrist_roll.pos=-3.30 gripper.pos=+4.10
DEBUG 2026-09-03 08:15:31 [action #238] t=10.87s step=237 queue=12 dmax=0.758 | shoulder_pan.pos=+34.03 shoulder_lift.pos=+20.61 elbow_flex.pos=-18.44 wrist_flex.pos=+68.93 wrist_roll.pos=-3.29 gripper.pos=+4.86
DEBUG 2026-09-03 08:15:31 [action #239] t=10.90s step=238 queue=11 dmax=1.343 | shoulder_pan.pos=+34.25 shoulder_lift.pos=+21.12 elbow_flex.pos=-18.22 wrist_flex.pos=+69.09 wrist_roll.pos=-3.30 gripper.pos=+6.20
DEBUG 2026-09-03 08:15:31 [action #240] t=10.94s step=239 queue=10 dmax=2.473 | shoulder_pan.pos=+34.20 shoulder_lift.pos=+20.23 elbow_flex.pos=-18.90 wrist_flex.pos=+69.32 wrist_roll.pos=-3.36 gripper.pos=+8.67
DEBUG 2026-09-03 08:15:31 [action #241] t=10.97s step=240 queue=9 dmax=3.496 | shoulder_pan.pos=+34.39 shoulder_lift.pos=+21.46 elbow_flex.pos=-18.22 wrist_flex.pos=+69.40 wrist_roll.pos=-3.16 gripper.pos=+12.17
DEBUG 2026-09-03 08:15:31 [action #242] t=11.00s step=241 queue=8 dmax=3.556 | shoulder_pan.pos=+34.34 shoulder_lift.pos=+21.36 elbow_flex.pos=-18.19 wrist_flex.pos=+69.45 wrist_roll.pos=-3.23 gripper.pos=+15.72
DEBUG 2026-09-03 08:15:31 [action #243] t=11.04s step=242 queue=7 dmax=2.972 | shoulder_pan.pos=+34.34 shoulder_lift.pos=+21.25 elbow_flex.pos=-17.33 wrist_flex.pos=+69.47 wrist_roll.pos=-3.13 gripper.pos=+18.70
DEBUG 2026-09-03 08:15:31 [action #244] t=11.07s step=243 queue=6 dmax=2.039 | shoulder_pan.pos=+34.09 shoulder_lift.pos=+21.22 elbow_flex.pos=-17.69 wrist_flex.pos=+69.71 wrist_roll.pos=-3.03 gripper.pos=+20.73
DEBUG 2026-09-03 08:15:31 [action #245] t=11.11s step=244 queue=5 dmax=1.189 | shoulder_pan.pos=+34.40 shoulder_lift.pos=+21.74 elbow_flex.pos=-17.36 wrist_flex.pos=+69.70 wrist_roll.pos=-2.84 gripper.pos=+21.92
DEBUG 2026-09-03 08:15:31 [action #246] t=11.14s step=245 queue=4 dmax=1.126 | shoulder_pan.pos=+34.30 shoulder_lift.pos=+21.43 elbow_flex.pos=-16.97 wrist_flex.pos=+69.97 wrist_roll.pos=-2.89 gripper.pos=+23.05
DEBUG 2026-09-03 08:15:31 [action #247] t=11.17s step=246 queue=3 dmax=0.831 | shoulder_pan.pos=+34.14 shoulder_lift.pos=+21.75 elbow_flex.pos=-17.13 wrist_flex.pos=+70.21 wrist_roll.pos=-2.80 gripper.pos=+23.88
DEBUG 2026-09-03 08:15:31 [action #248] t=11.21s step=247 queue=2 dmax=1.075 | shoulder_pan.pos=+34.15 shoulder_lift.pos=+22.04 elbow_flex.pos=-18.00 wrist_flex.pos=+70.65 wrist_roll.pos=-2.67 gripper.pos=+24.96
DEBUG 2026-09-03 08:15:31 [action #249] t=11.24s step=248 queue=1 dmax=0.903 | shoulder_pan.pos=+34.05 shoulder_lift.pos=+21.55 elbow_flex.pos=-17.39 wrist_flex.pos=+71.13 wrist_roll.pos=-2.66 gripper.pos=+25.86
DEBUG 2026-09-03 08:15:31 [chunk] received 50 actions, timesteps 224..273 | first: shoulder_pan.pos=+26.70 shoulder_lift.pos=-10.25 elbow_flex.pos=+3.59 wrist_flex.pos=+76.06 wrist_roll.pos=-5.79 gripper.pos=+4.08 | last: shoulder_pan.pos=+35.63 shoulder_lift.pos=+17.69 elbow_flex.pos=-13.71 wrist_flex.pos=+72.04 wrist_roll.pos=-7.49 gripper.pos=+25.80
DEBUG 2026-09-03 08:15:31 [action #250] t=11.47s step=249 queue=25 dmax=21.932 | shoulder_pan.pos=+35.16 shoulder_lift.pos=+12.40 elbow_flex.pos=-15.66 wrist_flex.pos=+73.08 wrist_roll.pos=-6.32 gripper.pos=+3.93
DEBUG 2026-09-03 08:15:31 [action #251] t=11.51s step=250 queue=24 dmax=1.249 | shoulder_pan.pos=+35.11 shoulder_lift.pos=+13.65 elbow_flex.pos=-15.90 wrist_flex.pos=+73.13 wrist_roll.pos=-6.45 gripper.pos=+3.96
DEBUG 2026-09-03 08:15:31 [action #252] t=11.54s step=251 queue=23 dmax=0.293 | shoulder_pan.pos=+35.29 shoulder_lift.pos=+13.86 elbow_flex.pos=-16.19 wrist_flex.pos=+73.13 wrist_roll.pos=-6.38 gripper.pos=+3.91
DEBUG 2026-09-03 08:15:31 [action #253] t=11.57s step=252 queue=22 dmax=0.488 | shoulder_pan.pos=+35.40 shoulder_lift.pos=+14.33 elbow_flex.pos=-16.68 wrist_flex.pos=+73.00 wrist_roll.pos=-6.56 gripper.pos=+4.03
DEBUG 2026-09-03 08:15:32 [action #254] t=11.61s step=253 queue=21 dmax=0.552 | shoulder_pan.pos=+35.83 shoulder_lift.pos=+14.88 elbow_flex.pos=-16.38 wrist_flex.pos=+73.02 wrist_roll.pos=-6.69 gripper.pos=+3.86
DEBUG 2026-09-03 08:15:32 [action #255] t=11.64s step=254 queue=20 dmax=1.172 | shoulder_pan.pos=+35.73 shoulder_lift.pos=+16.05 elbow_flex.pos=-16.95 wrist_flex.pos=+72.74 wrist_roll.pos=-6.80 gripper.pos=+3.91
DEBUG 2026-09-03 08:15:32 [action #256] t=11.67s step=255 queue=19 dmax=0.713 | shoulder_pan.pos=+36.45 shoulder_lift.pos=+15.82 elbow_flex.pos=-16.98 wrist_flex.pos=+72.70 wrist_roll.pos=-6.97 gripper.pos=+3.91
DEBUG 2026-09-03 08:15:32 [action #257] t=11.71s step=256 queue=18 dmax=0.908 | shoulder_pan.pos=+35.54 shoulder_lift.pos=+16.72 elbow_flex.pos=-16.49 wrist_flex.pos=+72.76 wrist_roll.pos=-7.02 gripper.pos=+3.88
DEBUG 2026-09-03 08:15:32 [action #258] t=11.74s step=257 queue=17 dmax=0.958 | shoulder_pan.pos=+36.18 shoulder_lift.pos=+16.42 elbow_flex.pos=-17.45 wrist_flex.pos=+72.58 wrist_roll.pos=-7.20 gripper.pos=+3.63
DEBUG 2026-09-03 08:15:32 [action #259] t=11.77s step=258 queue=16 dmax=0.500 | shoulder_pan.pos=+36.05 shoulder_lift.pos=+16.91 elbow_flex.pos=-17.59 wrist_flex.pos=+72.34 wrist_roll.pos=-7.20 gripper.pos=+3.74
DEBUG 2026-09-03 08:15:32 [action #260] t=11.81s step=259 queue=15 dmax=0.510 | shoulder_pan.pos=+36.14 shoulder_lift.pos=+17.30 elbow_flex.pos=-17.08 wrist_flex.pos=+72.28 wrist_roll.pos=-7.22 gripper.pos=+3.87
DEBUG 2026-09-03 08:15:32 [action #261] t=11.84s step=260 queue=14 dmax=0.703 | shoulder_pan.pos=+36.24 shoulder_lift.pos=+18.00 elbow_flex.pos=-16.67 wrist_flex.pos=+72.04 wrist_roll.pos=-7.15 gripper.pos=+4.29
DEBUG 2026-09-03 08:15:32 [action #262] t=11.87s step=261 queue=13 dmax=1.089 | shoulder_pan.pos=+36.46 shoulder_lift.pos=+17.53 elbow_flex.pos=-16.77 wrist_flex.pos=+72.08 wrist_roll.pos=-7.28 gripper.pos=+5.38
DEBUG 2026-09-03 08:15:32 [action #263] t=11.91s step=262 queue=12 dmax=2.374 | shoulder_pan.pos=+36.88 shoulder_lift.pos=+17.41 elbow_flex.pos=-16.77 wrist_flex.pos=+71.96 wrist_roll.pos=-7.27 gripper.pos=+7.75
DEBUG 2026-09-03 08:15:32 [action #264] t=11.94s step=263 queue=11 dmax=2.799 | shoulder_pan.pos=+36.57 shoulder_lift.pos=+17.41 elbow_flex.pos=-16.94 wrist_flex.pos=+71.72 wrist_roll.pos=-7.27 gripper.pos=+10.55
DEBUG 2026-09-03 08:15:32 [action #265] t=11.97s step=264 queue=10 dmax=2.667 | shoulder_pan.pos=+36.47 shoulder_lift.pos=+18.11 elbow_flex.pos=-16.54 wrist_flex.pos=+71.70 wrist_roll.pos=-7.22 gripper.pos=+13.22
DEBUG 2026-09-03 08:15:32 [action #266] t=12.01s step=265 queue=9 dmax=2.180 | shoulder_pan.pos=+36.35 shoulder_lift.pos=+17.72 elbow_flex.pos=-16.03 wrist_flex.pos=+71.61 wrist_roll.pos=-7.24 gripper.pos=+15.40
DEBUG 2026-09-03 08:15:32 [action #267] t=12.04s step=266 queue=8 dmax=1.862 | shoulder_pan.pos=+36.45 shoulder_lift.pos=+17.87 elbow_flex.pos=-15.79 wrist_flex.pos=+71.63 wrist_roll.pos=-7.21 gripper.pos=+17.26
DEBUG 2026-09-03 08:15:32 [action #268] t=12.07s step=267 queue=7 dmax=1.582 | shoulder_pan.pos=+36.06 shoulder_lift.pos=+18.08 elbow_flex.pos=-14.94 wrist_flex.pos=+71.48 wrist_roll.pos=-7.25 gripper.pos=+18.84
DEBUG 2026-09-03 08:15:32 [action #269] t=12.11s step=268 queue=6 dmax=1.423 | shoulder_pan.pos=+36.19 shoulder_lift.pos=+18.18 elbow_flex.pos=-14.98 wrist_flex.pos=+71.52 wrist_roll.pos=-7.14 gripper.pos=+20.27
DEBUG 2026-09-03 08:15:32 [action #270] t=12.14s step=269 queue=5 dmax=1.539 | shoulder_pan.pos=+36.16 shoulder_lift.pos=+17.96 elbow_flex.pos=-15.03 wrist_flex.pos=+71.51 wrist_roll.pos=-7.11 gripper.pos=+21.80
DEBUG 2026-09-03 08:15:32 [action #271] t=12.18s step=270 queue=4 dmax=1.379 | shoulder_pan.pos=+36.02 shoulder_lift.pos=+17.89 elbow_flex.pos=-14.20 wrist_flex.pos=+71.51 wrist_roll.pos=-7.16 gripper.pos=+23.18
DEBUG 2026-09-03 08:15:32 [action #272] t=12.21s step=271 queue=3 dmax=1.275 | shoulder_pan.pos=+36.09 shoulder_lift.pos=+18.45 elbow_flex.pos=-13.88 wrist_flex.pos=+71.58 wrist_roll.pos=-7.27 gripper.pos=+24.46
DEBUG 2026-09-03 08:15:32 [action #273] t=12.24s step=272 queue=2 dmax=0.818 | shoulder_pan.pos=+35.79 shoulder_lift.pos=+18.25 elbow_flex.pos=-14.22 wrist_flex.pos=+71.82 wrist_roll.pos=-7.37 gripper.pos=+25.28
DEBUG 2026-09-03 08:15:32 [action #274] t=12.28s step=273 queue=1 dmax=0.564 | shoulder_pan.pos=+35.63 shoulder_lift.pos=+17.69 elbow_flex.pos=-13.71 wrist_flex.pos=+72.04 wrist_roll.pos=-7.49 gripper.pos=+25.80
DEBUG 2026-09-03 08:15:32 [chunk] received 50 actions, timesteps 248..297 | first: shoulder_pan.pos=+30.74 shoulder_lift.pos=+21.74 elbow_flex.pos=-20.46 wrist_flex.pos=+71.60 wrist_roll.pos=-2.50 gripper.pos=+28.29 | last: shoulder_pan.pos=+1.84 shoulder_lift.pos=-43.57 elbow_flex.pos=+30.47 wrist_flex.pos=+83.24 wrist_roll.pos=+2.93 gripper.pos=+2.82
DEBUG 2026-09-03 08:15:32 [action #275] t=12.44s step=274 queue=24 dmax=26.040 | shoulder_pan.pos=+22.75 shoulder_lift.pos=+8.89 elbow_flex.pos=-30.80 wrist_flex.pos=+98.08 wrist_roll.pos=+0.84 gripper.pos=+29.66
DEBUG 2026-09-03 08:15:32 [action #276] t=12.48s step=275 queue=23 dmax=0.818 | shoulder_pan.pos=+22.14 shoulder_lift.pos=+8.73 elbow_flex.pos=-30.27 wrist_flex.pos=+98.90 wrist_roll.pos=+0.96 gripper.pos=+29.52
DEBUG 2026-09-03 08:15:32 [action #277] t=12.51s step=276 queue=22 dmax=1.462 | shoulder_pan.pos=+21.19 shoulder_lift.pos=+7.27 elbow_flex.pos=-30.44 wrist_flex.pos=+99.29 wrist_roll.pos=+1.12 gripper.pos=+28.87
DEBUG 2026-09-03 08:15:32 [action #278] t=12.54s step=277 queue=21 dmax=2.591 | shoulder_pan.pos=+20.45 shoulder_lift.pos=+4.68 elbow_flex.pos=-29.01 wrist_flex.pos=+99.82 wrist_roll.pos=+1.34 gripper.pos=+26.90
DEBUG 2026-09-03 08:15:32 [action #279] t=12.58s step=278 queue=20 dmax=3.589 | shoulder_pan.pos=+19.58 shoulder_lift.pos=+2.76 elbow_flex.pos=-27.59 wrist_flex.pos=+99.73 wrist_roll.pos=+1.58 gripper.pos=+23.31
DEBUG 2026-09-03 08:15:33 [action #280] t=12.61s step=279 queue=19 dmax=4.159 | shoulder_pan.pos=+18.91 shoulder_lift.pos=+0.63 elbow_flex.pos=-25.43 wrist_flex.pos=+99.40 wrist_roll.pos=+1.74 gripper.pos=+19.16
DEBUG 2026-09-03 08:15:33 [action #281] t=12.64s step=280 queue=18 dmax=3.274 | shoulder_pan.pos=+18.06 shoulder_lift.pos=-1.25 elbow_flex.pos=-24.16 wrist_flex.pos=+99.04 wrist_roll.pos=+2.06 gripper.pos=+15.88
DEBUG 2026-09-03 08:15:33 [action #282] t=12.68s step=281 queue=17 dmax=3.112 | shoulder_pan.pos=+16.80 shoulder_lift.pos=-3.84 elbow_flex.pos=-21.66 wrist_flex.pos=+98.51 wrist_roll.pos=+2.14 gripper.pos=+12.77
DEBUG 2026-09-03 08:15:33 [action #283] t=12.71s step=282 queue=16 dmax=3.327 | shoulder_pan.pos=+16.07 shoulder_lift.pos=-6.18 elbow_flex.pos=-18.33 wrist_flex.pos=+98.00 wrist_roll.pos=+2.40 gripper.pos=+10.42
DEBUG 2026-09-03 08:15:33 [action #284] t=12.74s step=283 queue=15 dmax=3.184 | shoulder_pan.pos=+15.02 shoulder_lift.pos=-8.81 elbow_flex.pos=-15.15 wrist_flex.pos=+97.23 wrist_roll.pos=+2.41 gripper.pos=+8.24
DEBUG 2026-09-03 08:15:33 [action #285] t=12.78s step=284 queue=14 dmax=3.216 | shoulder_pan.pos=+13.85 shoulder_lift.pos=-11.15 elbow_flex.pos=-11.93 wrist_flex.pos=+96.40 wrist_roll.pos=+2.43 gripper.pos=+6.10
DEBUG 2026-09-03 08:15:33 [action #286] t=12.81s step=285 queue=13 dmax=2.766 | shoulder_pan.pos=+12.92 shoulder_lift.pos=-13.77 elbow_flex.pos=-9.16 wrist_flex.pos=+95.66 wrist_roll.pos=+2.55 gripper.pos=+4.15
DEBUG 2026-09-03 08:15:33 [action #287] t=12.84s step=286 queue=12 dmax=4.002 | shoulder_pan.pos=+11.61 shoulder_lift.pos=-15.75 elbow_flex.pos=-5.16 wrist_flex.pos=+94.34 wrist_roll.pos=+2.53 gripper.pos=+2.47
DEBUG 2026-09-03 08:15:33 [action #288] t=12.88s step=287 queue=11 dmax=3.609 | shoulder_pan.pos=+10.62 shoulder_lift.pos=-18.77 elbow_flex.pos=-1.55 wrist_flex.pos=+93.31 wrist_roll.pos=+2.64 gripper.pos=+1.54
DEBUG 2026-09-03 08:15:33 [action #289] t=12.91s step=288 queue=10 dmax=3.174 | shoulder_pan.pos=+9.60 shoulder_lift.pos=-21.51 elbow_flex.pos=+1.62 wrist_flex.pos=+92.33 wrist_roll.pos=+2.55 gripper.pos=+1.08
DEBUG 2026-09-03 08:15:33 [action #290] t=12.94s step=289 queue=9 dmax=3.611 | shoulder_pan.pos=+8.65 shoulder_lift.pos=-23.70 elbow_flex.pos=+5.23 wrist_flex.pos=+91.35 wrist_roll.pos=+2.71 gripper.pos=+1.13
DEBUG 2026-09-03 08:15:33 [action #291] t=12.98s step=290 queue=8 dmax=3.315 | shoulder_pan.pos=+7.66 shoulder_lift.pos=-26.08 elbow_flex.pos=+8.55 wrist_flex.pos=+90.41 wrist_roll.pos=+2.84 gripper.pos=+1.43
DEBUG 2026-09-03 08:15:33 [action #292] t=13.01s step=291 queue=7 dmax=3.326 | shoulder_pan.pos=+6.88 shoulder_lift.pos=-28.05 elbow_flex.pos=+11.87 wrist_flex.pos=+89.50 wrist_roll.pos=+3.13 gripper.pos=+1.75
DEBUG 2026-09-03 08:15:33 [action #293] t=13.04s step=292 queue=6 dmax=3.543 | shoulder_pan.pos=+5.96 shoulder_lift.pos=-30.31 elbow_flex.pos=+15.41 wrist_flex.pos=+88.50 wrist_roll.pos=+3.26 gripper.pos=+2.08
DEBUG 2026-09-03 08:15:33 [action #294] t=13.08s step=293 queue=5 dmax=2.868 | shoulder_pan.pos=+5.20 shoulder_lift.pos=-32.91 elbow_flex.pos=+18.28 wrist_flex.pos=+87.64 wrist_roll.pos=+3.40 gripper.pos=+2.15
DEBUG 2026-09-03 08:15:33 [action #295] t=13.11s step=294 queue=4 dmax=3.627 | shoulder_pan.pos=+4.35 shoulder_lift.pos=-35.35 elbow_flex.pos=+21.91 wrist_flex.pos=+86.60 wrist_roll.pos=+3.45 gripper.pos=+2.15
DEBUG 2026-09-03 08:15:33 [action #296] t=13.15s step=295 queue=3 dmax=2.819 | shoulder_pan.pos=+3.62 shoulder_lift.pos=-38.17 elbow_flex.pos=+24.43 wrist_flex.pos=+85.41 wrist_roll.pos=+3.39 gripper.pos=+2.26
DEBUG 2026-09-03 08:15:33 [action #297] t=13.18s step=296 queue=2 dmax=3.185 | shoulder_pan.pos=+2.73 shoulder_lift.pos=-40.69 elbow_flex.pos=+27.62 wrist_flex.pos=+84.33 wrist_roll.pos=+3.08 gripper.pos=+2.37
DEBUG 2026-09-03 08:15:33 [action #298] t=13.21s step=297 queue=1 dmax=2.873 | shoulder_pan.pos=+1.84 shoulder_lift.pos=-43.57 elbow_flex.pos=+30.47 wrist_flex.pos=+83.24 wrist_roll.pos=+2.93 gripper.pos=+2.82
DEBUG 2026-09-03 08:15:33 [chunk] received 50 actions, timesteps 273..322 | first: shoulder_pan.pos=+30.08 shoulder_lift.pos=+15.05 elbow_flex.pos=-17.00 wrist_flex.pos=+75.06 wrist_roll.pos=-5.40 gripper.pos=+25.34 | last: shoulder_pan.pos=-2.14 shoulder_lift.pos=-58.56 elbow_flex.pos=+43.34 wrist_flex.pos=+76.39 wrist_roll.pos=-1.71 gripper.pos=+1.27
DEBUG 2026-09-03 08:15:33 [action #299] t=13.41s step=298 queue=25 dmax=47.175 | shoulder_pan.pos=+16.95 shoulder_lift.pos=-2.55 elbow_flex.pos=-16.70 wrist_flex.pos=+94.36 wrist_roll.pos=-2.07 gripper.pos=+13.39
DEBUG 2026-09-03 08:15:33 [action #300] t=13.45s step=299 queue=24 dmax=2.333 | shoulder_pan.pos=+16.04 shoulder_lift.pos=-4.41 elbow_flex.pos=-15.94 wrist_flex.pos=+94.19 wrist_roll.pos=-2.10 gripper.pos=+11.06
DEBUG 2026-09-03 08:15:33 [action #301] t=13.48s step=300 queue=23 dmax=2.137 | shoulder_pan.pos=+14.76 shoulder_lift.pos=-6.37 elbow_flex.pos=-13.93 wrist_flex.pos=+93.97 wrist_roll.pos=-2.08 gripper.pos=+8.92
DEBUG 2026-09-03 08:15:33 [action #302] t=13.51s step=301 queue=22 dmax=2.242 | shoulder_pan.pos=+13.29 shoulder_lift.pos=-7.56 elbow_flex.pos=-11.69 wrist_flex.pos=+93.66 wrist_roll.pos=-2.16 gripper.pos=+6.75
DEBUG 2026-09-03 08:15:33 [action #303] t=13.55s step=302 queue=21 dmax=2.925 | shoulder_pan.pos=+12.15 shoulder_lift.pos=-10.49 elbow_flex.pos=-9.36 wrist_flex.pos=+93.40 wrist_roll.pos=-2.10 gripper.pos=+4.82
DEBUG 2026-09-03 08:15:33 [action #304] t=13.58s step=303 queue=20 dmax=2.058 | shoulder_pan.pos=+11.06 shoulder_lift.pos=-12.54 elbow_flex.pos=-7.61 wrist_flex.pos=+93.26 wrist_roll.pos=-2.26 gripper.pos=+3.00
DEBUG 2026-09-03 08:15:34 [action #305] t=13.61s step=304 queue=19 dmax=2.637 | shoulder_pan.pos=+9.98 shoulder_lift.pos=-15.18 elbow_flex.pos=-5.30 wrist_flex.pos=+93.02 wrist_roll.pos=-2.36 gripper.pos=+2.39
DEBUG 2026-09-03 08:15:34 [action #306] t=13.65s step=305 queue=18 dmax=2.495 | shoulder_pan.pos=+8.96 shoulder_lift.pos=-17.39 elbow_flex.pos=-2.81 wrist_flex.pos=+92.20 wrist_roll.pos=-2.33 gripper.pos=+1.81
DEBUG 2026-09-03 08:15:34 [action #307] t=13.68s step=306 queue=17 dmax=2.545 | shoulder_pan.pos=+7.84 shoulder_lift.pos=-19.54 elbow_flex.pos=-0.26 wrist_flex.pos=+91.53 wrist_roll.pos=-2.43 gripper.pos=+1.59
DEBUG 2026-09-03 08:15:34 [action #308] t=13.71s step=307 queue=16 dmax=3.533 | shoulder_pan.pos=+6.75 shoulder_lift.pos=-21.66 elbow_flex.pos=+3.27 wrist_flex.pos=+90.93 wrist_roll.pos=-2.33 gripper.pos=+1.65
DEBUG 2026-09-03 08:15:34 [action #309] t=13.75s step=308 queue=15 dmax=3.181 | shoulder_pan.pos=+5.61 shoulder_lift.pos=-24.85 elbow_flex.pos=+6.29 wrist_flex.pos=+89.91 wrist_roll.pos=-2.27 gripper.pos=+1.48
DEBUG 2026-09-03 08:15:34 [action #310] t=13.78s step=309 queue=14 dmax=2.254 | shoulder_pan.pos=+4.90 shoulder_lift.pos=-26.83 elbow_flex.pos=+8.55 wrist_flex.pos=+88.59 wrist_roll.pos=-2.55 gripper.pos=+1.47
DEBUG 2026-09-03 08:15:34 [action #311] t=13.81s step=310 queue=13 dmax=3.554 | shoulder_pan.pos=+3.99 shoulder_lift.pos=-30.12 elbow_flex.pos=+12.10 wrist_flex.pos=+87.42 wrist_roll.pos=-2.52 gripper.pos=+1.24
DEBUG 2026-09-03 08:15:34 [action #312] t=13.85s step=311 queue=12 dmax=2.294 | shoulder_pan.pos=+3.28 shoulder_lift.pos=-32.18 elbow_flex.pos=+14.39 wrist_flex.pos=+85.96 wrist_roll.pos=-2.53 gripper.pos=+1.08
DEBUG 2026-09-03 08:15:34 [action #313] t=13.88s step=312 queue=11 dmax=4.351 | shoulder_pan.pos=+2.73 shoulder_lift.pos=-34.63 elbow_flex.pos=+18.74 wrist_flex.pos=+84.44 wrist_roll.pos=-2.54 gripper.pos=+0.71
DEBUG 2026-09-03 08:15:34 [action #314] t=13.91s step=313 queue=10 dmax=3.301 | shoulder_pan.pos=+1.98 shoulder_lift.pos=-37.93 elbow_flex.pos=+21.46 wrist_flex.pos=+83.34 wrist_roll.pos=-2.36 gripper.pos=+0.52
DEBUG 2026-09-03 08:15:34 [action #315] t=13.95s step=314 queue=9 dmax=2.908 | shoulder_pan.pos=+1.24 shoulder_lift.pos=-40.20 elbow_flex.pos=+24.37 wrist_flex.pos=+82.16 wrist_roll.pos=-2.12 gripper.pos=+0.62
DEBUG 2026-09-03 08:15:34 [action #316] t=13.98s step=315 queue=8 dmax=2.627 | shoulder_pan.pos=+0.84 shoulder_lift.pos=-42.82 elbow_flex.pos=+26.91 wrist_flex.pos=+81.23 wrist_roll.pos=-1.97 gripper.pos=+0.74
DEBUG 2026-09-03 08:15:34 [action #317] t=14.02s step=316 queue=7 dmax=2.515 | shoulder_pan.pos=+0.32 shoulder_lift.pos=-44.94 elbow_flex.pos=+29.43 wrist_flex.pos=+80.49 wrist_roll.pos=-1.82 gripper.pos=+0.99
DEBUG 2026-09-03 08:15:34 [action #318] t=14.05s step=317 queue=6 dmax=2.507 | shoulder_pan.pos=+0.02 shoulder_lift.pos=-47.23 elbow_flex.pos=+31.94 wrist_flex.pos=+80.03 wrist_roll.pos=-1.53 gripper.pos=+0.97
DEBUG 2026-09-03 08:15:34 [action #319] t=14.08s step=318 queue=5 dmax=2.628 | shoulder_pan.pos=-0.57 shoulder_lift.pos=-49.86 elbow_flex.pos=+34.15 wrist_flex.pos=+79.46 wrist_roll.pos=-1.48 gripper.pos=+1.08
DEBUG 2026-09-03 08:15:34 [action #320] t=14.12s step=319 queue=4 dmax=1.970 | shoulder_pan.pos=-1.14 shoulder_lift.pos=-51.83 elbow_flex.pos=+36.00 wrist_flex.pos=+79.01 wrist_roll.pos=-1.44 gripper.pos=+1.09
DEBUG 2026-09-03 08:15:34 [action #321] t=14.15s step=320 queue=3 dmax=3.222 | shoulder_pan.pos=-1.32 shoulder_lift.pos=-54.44 elbow_flex.pos=+39.22 wrist_flex.pos=+78.05 wrist_roll.pos=-1.73 gripper.pos=+1.04
DEBUG 2026-09-03 08:15:34 [action #322] t=14.18s step=321 queue=2 dmax=2.098 | shoulder_pan.pos=-1.74 shoulder_lift.pos=-56.54 elbow_flex.pos=+40.91 wrist_flex.pos=+77.13 wrist_roll.pos=-1.68 gripper.pos=+1.18
DEBUG 2026-09-03 08:15:34 [action #323] t=14.22s step=322 queue=1 dmax=2.425 | shoulder_pan.pos=-2.14 shoulder_lift.pos=-58.56 elbow_flex.pos=+43.34 wrist_flex.pos=+76.39 wrist_roll.pos=-1.71 gripper.pos=+1.27
DEBUG 2026-09-03 08:15:34 [chunk] received 50 actions, timesteps 297..346 | first: shoulder_pan.pos=+1.12 shoulder_lift.pos=-47.11 elbow_flex.pos=+38.46 wrist_flex.pos=+78.48 wrist_roll.pos=+2.80 gripper.pos=+2.61 | last: shoulder_pan.pos=-2.68 shoulder_lift.pos=-103.53 elbow_flex.pos=+86.43 wrist_flex.pos=+76.85 wrist_roll.pos=-3.16 gripper.pos=+0.92
DEBUG 2026-09-03 08:15:34 [action #324] t=14.38s step=323 queue=24 dmax=29.352 | shoulder_pan.pos=-2.30 shoulder_lift.pos=-83.08 elbow_flex.pos=+72.69 wrist_flex.pos=+69.84 wrist_roll.pos=+1.15 gripper.pos=+1.19
DEBUG 2026-09-03 08:15:34 [action #325] t=14.42s step=324 queue=23 dmax=2.522 | shoulder_pan.pos=-2.23 shoulder_lift.pos=-85.60 elbow_flex.pos=+74.29 wrist_flex.pos=+69.81 wrist_roll.pos=+1.08 gripper.pos=+1.14
DEBUG 2026-09-03 08:15:34 [action #326] t=14.45s step=325 queue=22 dmax=2.413 | shoulder_pan.pos=-1.94 shoulder_lift.pos=-88.02 elbow_flex.pos=+75.00 wrist_flex.pos=+69.77 wrist_roll.pos=+0.79 gripper.pos=+1.14
DEBUG 2026-09-03 08:15:34 [action #327] t=14.48s step=326 queue=21 dmax=2.304 | shoulder_pan.pos=-1.86 shoulder_lift.pos=-90.32 elbow_flex.pos=+76.03 wrist_flex.pos=+69.70 wrist_roll.pos=+0.29 gripper.pos=+0.93
DEBUG 2026-09-03 08:15:34 [action #328] t=14.52s step=327 queue=20 dmax=2.380 | shoulder_pan.pos=-1.80 shoulder_lift.pos=-92.61 elbow_flex.pos=+78.41 wrist_flex.pos=+70.16 wrist_roll.pos=+0.26 gripper.pos=+1.06
DEBUG 2026-09-03 08:15:34 [action #329] t=14.55s step=328 queue=19 dmax=1.345 | shoulder_pan.pos=-2.00 shoulder_lift.pos=-93.95 elbow_flex.pos=+78.48 wrist_flex.pos=+70.28 wrist_roll.pos=+0.10 gripper.pos=+1.12
DEBUG 2026-09-03 08:15:34 [action #330] t=14.58s step=329 queue=18 dmax=3.095 | shoulder_pan.pos=-2.23 shoulder_lift.pos=-97.05 elbow_flex.pos=+80.45 wrist_flex.pos=+70.77 wrist_roll.pos=+0.22 gripper.pos=+1.18
DEBUG 2026-09-03 08:15:35 [action #331] t=14.62s step=330 queue=17 dmax=2.642 | shoulder_pan.pos=-1.97 shoulder_lift.pos=-99.69 elbow_flex.pos=+81.62 wrist_flex.pos=+71.43 wrist_roll.pos=+0.35 gripper.pos=+1.01
DEBUG 2026-09-03 08:15:35 [action #332] t=14.65s step=331 queue=16 dmax=1.321 | shoulder_pan.pos=-1.88 shoulder_lift.pos=-101.01 elbow_flex.pos=+82.23 wrist_flex.pos=+72.19 wrist_roll.pos=+0.23 gripper.pos=+1.05
DEBUG 2026-09-03 08:15:35 [action #333] t=14.68s step=332 queue=15 dmax=2.577 | shoulder_pan.pos=-1.92 shoulder_lift.pos=-103.59 elbow_flex.pos=+83.82 wrist_flex.pos=+73.31 wrist_roll.pos=+0.19 gripper.pos=+1.07
DEBUG 2026-09-03 08:15:35 [action #334] t=14.72s step=333 queue=14 dmax=0.841 | shoulder_pan.pos=-2.02 shoulder_lift.pos=-102.75 elbow_flex.pos=+83.42 wrist_flex.pos=+73.96 wrist_roll.pos=-0.21 gripper.pos=+1.14
DEBUG 2026-09-03 08:15:35 [action #335] t=14.75s step=334 queue=13 dmax=1.053 | shoulder_pan.pos=-2.30 shoulder_lift.pos=-103.80 elbow_flex.pos=+84.21 wrist_flex.pos=+74.64 wrist_roll.pos=-0.96 gripper.pos=+0.95
DEBUG 2026-09-03 08:15:35 [action #336] t=14.78s step=335 queue=12 dmax=1.000 | shoulder_pan.pos=-2.29 shoulder_lift.pos=-103.91 elbow_flex.pos=+84.19 wrist_flex.pos=+75.44 wrist_roll.pos=-1.96 gripper.pos=+0.98
DEBUG 2026-09-03 08:15:35 [action #337] t=14.82s step=336 queue=11 dmax=0.646 | shoulder_pan.pos=-2.48 shoulder_lift.pos=-103.98 elbow_flex.pos=+84.84 wrist_flex.pos=+75.97 wrist_roll.pos=-2.04 gripper.pos=+1.08
DEBUG 2026-09-03 08:15:35 [action #338] t=14.85s step=337 queue=10 dmax=0.684 | shoulder_pan.pos=-2.67 shoulder_lift.pos=-104.14 elbow_flex.pos=+85.52 wrist_flex.pos=+76.00 wrist_roll.pos=-1.80 gripper.pos=+1.04
DEBUG 2026-09-03 08:15:35 [action #339] t=14.89s step=338 queue=9 dmax=0.617 | shoulder_pan.pos=-2.70 shoulder_lift.pos=-103.52 elbow_flex.pos=+85.16 wrist_flex.pos=+76.37 wrist_roll.pos=-1.96 gripper.pos=+1.12
DEBUG 2026-09-03 08:15:35 [action #340] t=14.92s step=339 queue=8 dmax=0.227 | shoulder_pan.pos=-2.47 shoulder_lift.pos=-103.74 elbow_flex.pos=+85.30 wrist_flex.pos=+76.56 wrist_roll.pos=-2.05 gripper.pos=+1.13
DEBUG 2026-09-03 08:15:35 [action #341] t=14.95s step=340 queue=7 dmax=1.123 | shoulder_pan.pos=-2.65 shoulder_lift.pos=-102.62 elbow_flex.pos=+85.59 wrist_flex.pos=+76.62 wrist_roll.pos=-2.06 gripper.pos=+1.02
DEBUG 2026-09-03 08:15:35 [action #342] t=14.99s step=341 queue=6 dmax=0.542 | shoulder_pan.pos=-2.74 shoulder_lift.pos=-102.94 elbow_flex.pos=+85.05 wrist_flex.pos=+76.48 wrist_roll.pos=-2.27 gripper.pos=+1.03
DEBUG 2026-09-03 08:15:35 [action #343] t=15.02s step=342 queue=5 dmax=0.325 | shoulder_pan.pos=-2.99 shoulder_lift.pos=-102.79 elbow_flex.pos=+85.37 wrist_flex.pos=+76.58 wrist_roll.pos=-2.49 gripper.pos=+0.95
DEBUG 2026-09-03 08:15:35 [action #344] t=15.05s step=343 queue=4 dmax=0.593 | shoulder_pan.pos=-3.15 shoulder_lift.pos=-103.17 elbow_flex.pos=+85.97 wrist_flex.pos=+76.81 wrist_roll.pos=-2.62 gripper.pos=+1.03
DEBUG 2026-09-03 08:15:35 [action #345] t=15.09s step=344 queue=3 dmax=0.456 | shoulder_pan.pos=-2.70 shoulder_lift.pos=-103.21 elbow_flex.pos=+85.54 wrist_flex.pos=+76.78 wrist_roll.pos=-2.83 gripper.pos=+0.92
DEBUG 2026-09-03 08:15:35 [action #346] t=15.12s step=345 queue=2 dmax=0.790 | shoulder_pan.pos=-2.99 shoulder_lift.pos=-102.50 elbow_flex.pos=+86.33 wrist_flex.pos=+76.77 wrist_roll.pos=-2.96 gripper.pos=+1.05
DEBUG 2026-09-03 08:15:35 [action #347] t=15.15s step=346 queue=1 dmax=1.028 | shoulder_pan.pos=-2.68 shoulder_lift.pos=-103.53 elbow_flex.pos=+86.43 wrist_flex.pos=+76.85 wrist_roll.pos=-3.16 gripper.pos=+0.92
DEBUG 2026-09-03 08:15:35 [chunk] received 50 actions, timesteps 322..371 | first: shoulder_pan.pos=-2.85 shoulder_lift.pos=-59.52 elbow_flex.pos=+45.93 wrist_flex.pos=+76.96 wrist_roll.pos=-1.67 gripper.pos=+1.16 | last: shoulder_pan.pos=-1.86 shoulder_lift.pos=-103.02 elbow_flex.pos=+88.40 wrist_flex.pos=+80.18 wrist_roll.pos=-1.76 gripper.pos=+0.37
DEBUG 2026-09-03 08:15:35 [action #348] t=15.35s step=347 queue=25 dmax=10.179 | shoulder_pan.pos=-3.77 shoulder_lift.pos=-100.66 elbow_flex.pos=+76.26 wrist_flex.pos=+76.46 wrist_roll.pos=-2.95 gripper.pos=+0.90
DEBUG 2026-09-03 08:15:35 [action #349] t=15.39s step=348 queue=24 dmax=1.485 | shoulder_pan.pos=-3.77 shoulder_lift.pos=-101.76 elbow_flex.pos=+77.74 wrist_flex.pos=+76.65 wrist_roll.pos=-2.84 gripper.pos=+0.84
DEBUG 2026-09-03 08:15:35 [action #350] t=15.42s step=349 queue=23 dmax=0.930 | shoulder_pan.pos=-3.51 shoulder_lift.pos=-102.61 elbow_flex.pos=+78.67 wrist_flex.pos=+76.68 wrist_roll.pos=-2.80 gripper.pos=+0.85
DEBUG 2026-09-03 08:15:35 [action #351] t=15.45s step=350 queue=22 dmax=1.096 | shoulder_pan.pos=-3.77 shoulder_lift.pos=-103.23 elbow_flex.pos=+79.77 wrist_flex.pos=+76.72 wrist_roll.pos=-2.77 gripper.pos=+0.68
DEBUG 2026-09-03 08:15:35 [action #352] t=15.49s step=351 queue=21 dmax=0.677 | shoulder_pan.pos=-3.71 shoulder_lift.pos=-103.91 elbow_flex.pos=+80.17 wrist_flex.pos=+77.06 wrist_roll.pos=-2.70 gripper.pos=+0.93
DEBUG 2026-09-03 08:15:35 [action #353] t=15.52s step=352 queue=20 dmax=1.059 | shoulder_pan.pos=-3.78 shoulder_lift.pos=-103.82 elbow_flex.pos=+81.23 wrist_flex.pos=+77.59 wrist_roll.pos=-2.76 gripper.pos=+0.88
DEBUG 2026-09-03 08:15:35 [action #354] t=15.55s step=353 queue=19 dmax=0.653 | shoulder_pan.pos=-3.59 shoulder_lift.pos=-104.41 elbow_flex.pos=+81.24 wrist_flex.pos=+78.24 wrist_roll.pos=-2.75 gripper.pos=+0.78
DEBUG 2026-09-03 08:15:35 [action #355] t=15.59s step=354 queue=18 dmax=0.767 | shoulder_pan.pos=-3.73 shoulder_lift.pos=-105.18 elbow_flex.pos=+81.77 wrist_flex.pos=+78.85 wrist_roll.pos=-2.68 gripper.pos=+0.87
DEBUG 2026-09-03 08:15:36 [action #356] t=15.62s step=355 queue=17 dmax=0.572 | shoulder_pan.pos=-3.65 shoulder_lift.pos=-105.05 elbow_flex.pos=+82.34 wrist_flex.pos=+79.29 wrist_roll.pos=-2.84 gripper.pos=+0.79
DEBUG 2026-09-03 08:15:36 [action #357] t=15.65s step=356 queue=16 dmax=0.810 | shoulder_pan.pos=-3.56 shoulder_lift.pos=-104.74 elbow_flex.pos=+83.15 wrist_flex.pos=+79.65 wrist_roll.pos=-2.71 gripper.pos=+0.99
DEBUG 2026-09-03 08:15:36 [action #358] t=15.69s step=357 queue=15 dmax=0.581 | shoulder_pan.pos=-3.67 shoulder_lift.pos=-104.20 elbow_flex.pos=+83.73 wrist_flex.pos=+79.85 wrist_roll.pos=-2.84 gripper.pos=+0.81
DEBUG 2026-09-03 08:15:36 [action #359] t=15.72s step=358 queue=14 dmax=0.607 | shoulder_pan.pos=-3.30 shoulder_lift.pos=-103.92 elbow_flex.pos=+83.12 wrist_flex.pos=+79.75 wrist_roll.pos=-2.66 gripper.pos=+0.85
DEBUG 2026-09-03 08:15:36 [action #360] t=15.75s step=359 queue=13 dmax=1.423 | shoulder_pan.pos=-3.16 shoulder_lift.pos=-103.83 elbow_flex.pos=+84.55 wrist_flex.pos=+80.21 wrist_roll.pos=-2.74 gripper.pos=+0.85
DEBUG 2026-09-03 08:15:36 [action #361] t=15.79s step=360 queue=12 dmax=0.203 | shoulder_pan.pos=-3.18 shoulder_lift.pos=-103.87 elbow_flex.pos=+84.35 wrist_flex.pos=+80.40 wrist_roll.pos=-2.71 gripper.pos=+0.76
DEBUG 2026-09-03 08:15:36 [action #362] t=15.82s step=361 queue=11 dmax=0.843 | shoulder_pan.pos=-3.15 shoulder_lift.pos=-104.31 elbow_flex.pos=+85.19 wrist_flex.pos=+80.33 wrist_roll.pos=-2.73 gripper.pos=+0.88
DEBUG 2026-09-03 08:15:36 [action #363] t=15.85s step=362 queue=10 dmax=0.766 | shoulder_pan.pos=-2.78 shoulder_lift.pos=-103.89 elbow_flex.pos=+85.95 wrist_flex.pos=+80.24 wrist_roll.pos=-2.65 gripper.pos=+0.71
DEBUG 2026-09-03 08:15:36 [action #364] t=15.89s step=363 queue=9 dmax=0.384 | shoulder_pan.pos=-2.97 shoulder_lift.pos=-104.15 elbow_flex.pos=+86.05 wrist_flex.pos=+80.62 wrist_roll.pos=-2.62 gripper.pos=+0.76
DEBUG 2026-09-03 08:15:36 [action #365] t=15.92s step=364 queue=8 dmax=0.415 | shoulder_pan.pos=-2.73 shoulder_lift.pos=-103.74 elbow_flex.pos=+85.85 wrist_flex.pos=+80.30 wrist_roll.pos=-2.71 gripper.pos=+0.73
DEBUG 2026-09-03 08:15:36 [action #366] t=15.96s step=365 queue=7 dmax=1.379 | shoulder_pan.pos=-2.38 shoulder_lift.pos=-103.97 elbow_flex.pos=+87.23 wrist_flex.pos=+80.49 wrist_roll.pos=-2.66 gripper.pos=+0.73
DEBUG 2026-09-03 08:15:36 [action #367] t=15.99s step=366 queue=6 dmax=0.428 | shoulder_pan.pos=-2.30 shoulder_lift.pos=-103.92 elbow_flex.pos=+87.66 wrist_flex.pos=+80.20 wrist_roll.pos=-2.72 gripper.pos=+0.91
DEBUG 2026-09-03 08:15:36 [action #368] t=16.02s step=367 queue=5 dmax=0.980 | shoulder_pan.pos=-2.64 shoulder_lift.pos=-102.94 elbow_flex.pos=+87.52 wrist_flex.pos=+80.04 wrist_roll.pos=-2.68 gripper.pos=+0.81
DEBUG 2026-09-03 08:15:36 [action #369] t=16.06s step=368 queue=4 dmax=0.307 | shoulder_pan.pos=-2.57 shoulder_lift.pos=-103.25 elbow_flex.pos=+87.68 wrist_flex.pos=+80.14 wrist_roll.pos=-2.52 gripper.pos=+0.66
DEBUG 2026-09-03 08:15:36 [action #370] t=16.09s step=369 queue=3 dmax=0.555 | shoulder_pan.pos=-2.34 shoulder_lift.pos=-102.69 elbow_flex.pos=+87.66 wrist_flex.pos=+80.13 wrist_roll.pos=-2.31 gripper.pos=+0.64
DEBUG 2026-09-03 08:15:36 [action #371] t=16.12s step=370 queue=2 dmax=0.623 | shoulder_pan.pos=-1.97 shoulder_lift.pos=-102.85 elbow_flex.pos=+88.28 wrist_flex.pos=+80.15 wrist_roll.pos=-2.15 gripper.pos=+0.65
DEBUG 2026-09-03 08:15:36 [action #372] t=16.16s step=371 queue=1 dmax=0.392 | shoulder_pan.pos=-1.86 shoulder_lift.pos=-103.02 elbow_flex.pos=+88.40 wrist_flex.pos=+80.18 wrist_roll.pos=-1.76 gripper.pos=+0.37
DEBUG 2026-09-03 08:15:36 [chunk] received 50 actions, timesteps 346..395 | first: shoulder_pan.pos=-2.65 shoulder_lift.pos=-102.30 elbow_flex.pos=+87.93 wrist_flex.pos=+76.42 wrist_roll.pos=-2.95 gripper.pos=+0.86 | last: shoulder_pan.pos=-3.02 shoulder_lift.pos=-101.92 elbow_flex.pos=+86.25 wrist_flex.pos=+76.88 wrist_roll.pos=-2.75 gripper.pos=+0.62
DEBUG 2026-09-03 08:15:36 [action #373] t=16.32s step=372 queue=24 dmax=3.552 | shoulder_pan.pos=-2.95 shoulder_lift.pos=-102.45 elbow_flex.pos=+87.26 wrist_flex.pos=+76.63 wrist_roll.pos=-2.82 gripper.pos=+0.91
DEBUG 2026-09-03 08:15:36 [action #374] t=16.36s step=373 queue=23 dmax=0.195 | shoulder_pan.pos=-2.85 shoulder_lift.pos=-102.25 elbow_flex.pos=+87.42 wrist_flex.pos=+76.70 wrist_roll.pos=-2.80 gripper.pos=+0.81
DEBUG 2026-09-03 08:15:36 [action #375] t=16.39s step=374 queue=22 dmax=0.562 | shoulder_pan.pos=-2.98 shoulder_lift.pos=-102.08 elbow_flex.pos=+86.86 wrist_flex.pos=+76.68 wrist_roll.pos=-2.82 gripper.pos=+0.87
DEBUG 2026-09-03 08:15:36 [action #376] t=16.42s step=375 queue=21 dmax=0.761 | shoulder_pan.pos=-2.85 shoulder_lift.pos=-102.68 elbow_flex.pos=+87.62 wrist_flex.pos=+76.68 wrist_roll.pos=-2.86 gripper.pos=+0.86
DEBUG 2026-09-03 08:15:36 [action #377] t=16.46s step=376 queue=20 dmax=0.349 | shoulder_pan.pos=-3.01 shoulder_lift.pos=-102.33 elbow_flex.pos=+87.27 wrist_flex.pos=+76.81 wrist_roll.pos=-2.79 gripper.pos=+0.73
DEBUG 2026-09-03 08:15:36 [action #378] t=16.49s step=377 queue=19 dmax=0.160 | shoulder_pan.pos=-2.90 shoulder_lift.pos=-102.17 elbow_flex.pos=+87.36 wrist_flex.pos=+76.87 wrist_roll.pos=-2.81 gripper.pos=+0.80
DEBUG 2026-09-03 08:15:36 [action #379] t=16.52s step=378 queue=18 dmax=0.358 | shoulder_pan.pos=-2.81 shoulder_lift.pos=-101.82 elbow_flex.pos=+87.28 wrist_flex.pos=+76.71 wrist_roll.pos=-2.80 gripper.pos=+0.75
DEBUG 2026-09-03 08:15:36 [action #380] t=16.56s step=379 queue=17 dmax=0.380 | shoulder_pan.pos=-3.11 shoulder_lift.pos=-102.20 elbow_flex.pos=+87.16 wrist_flex.pos=+76.73 wrist_roll.pos=-2.89 gripper.pos=+0.73
DEBUG 2026-09-03 08:15:36 [action #381] t=16.59s step=380 queue=16 dmax=0.346 | shoulder_pan.pos=-2.90 shoulder_lift.pos=-101.85 elbow_flex.pos=+87.02 wrist_flex.pos=+76.67 wrist_roll.pos=-2.83 gripper.pos=+0.73
DEBUG 2026-09-03 08:15:37 [action #382] t=16.62s step=381 queue=15 dmax=0.136 | shoulder_pan.pos=-3.03 shoulder_lift.pos=-101.75 elbow_flex.pos=+87.16 wrist_flex.pos=+76.74 wrist_roll.pos=-2.84 gripper.pos=+0.78
DEBUG 2026-09-03 08:15:37 [action #383] t=16.66s step=382 queue=14 dmax=0.097 | shoulder_pan.pos=-2.96 shoulder_lift.pos=-101.79 elbow_flex.pos=+87.10 wrist_flex.pos=+76.72 wrist_roll.pos=-2.74 gripper.pos=+0.74
DEBUG 2026-09-03 08:15:37 [action #384] t=16.69s step=383 queue=13 dmax=0.593 | shoulder_pan.pos=-3.12 shoulder_lift.pos=-102.38 elbow_flex.pos=+87.03 wrist_flex.pos=+76.65 wrist_roll.pos=-2.80 gripper.pos=+0.60
DEBUG 2026-09-03 08:15:37 [action #385] t=16.72s step=384 queue=12 dmax=0.410 | shoulder_pan.pos=-3.08 shoulder_lift.pos=-102.28 elbow_flex.pos=+87.44 wrist_flex.pos=+76.70 wrist_roll.pos=-2.77 gripper.pos=+0.71
DEBUG 2026-09-03 08:15:37 [action #386] t=16.76s step=385 queue=11 dmax=0.493 | shoulder_pan.pos=-3.07 shoulder_lift.pos=-101.78 elbow_flex.pos=+86.97 wrist_flex.pos=+76.71 wrist_roll.pos=-2.72 gripper.pos=+0.59
DEBUG 2026-09-03 08:15:37 [action #387] t=16.79s step=386 queue=10 dmax=0.582 | shoulder_pan.pos=-3.09 shoulder_lift.pos=-102.36 elbow_flex.pos=+87.13 wrist_flex.pos=+76.85 wrist_roll.pos=-2.72 gripper.pos=+0.61
DEBUG 2026-09-03 08:15:37 [action #388] t=16.83s step=387 queue=9 dmax=0.421 | shoulder_pan.pos=-3.07 shoulder_lift.pos=-101.94 elbow_flex.pos=+86.80 wrist_flex.pos=+76.81 wrist_roll.pos=-2.75 gripper.pos=+0.69
DEBUG 2026-09-03 08:15:37 [action #389] t=16.86s step=388 queue=8 dmax=0.300 | shoulder_pan.pos=-3.17 shoulder_lift.pos=-102.24 elbow_flex.pos=+86.89 wrist_flex.pos=+76.72 wrist_roll.pos=-2.73 gripper.pos=+0.62
DEBUG 2026-09-03 08:15:37 [action #390] t=16.89s step=389 queue=7 dmax=0.199 | shoulder_pan.pos=-3.09 shoulder_lift.pos=-102.04 elbow_flex.pos=+86.79 wrist_flex.pos=+76.88 wrist_roll.pos=-2.69 gripper.pos=+0.67
DEBUG 2026-09-03 08:15:37 [action #391] t=16.93s step=390 queue=6 dmax=0.173 | shoulder_pan.pos=-3.16 shoulder_lift.pos=-101.87 elbow_flex.pos=+86.72 wrist_flex.pos=+76.82 wrist_roll.pos=-2.73 gripper.pos=+0.68
DEBUG 2026-09-03 08:15:37 [action #392] t=16.96s step=391 queue=5 dmax=0.211 | shoulder_pan.pos=-3.10 shoulder_lift.pos=-101.96 elbow_flex.pos=+86.51 wrist_flex.pos=+76.79 wrist_roll.pos=-2.74 gripper.pos=+0.64
DEBUG 2026-09-03 08:15:37 [action #393] t=16.99s step=392 queue=4 dmax=0.222 | shoulder_pan.pos=-3.03 shoulder_lift.pos=-102.18 elbow_flex.pos=+86.67 wrist_flex.pos=+76.77 wrist_roll.pos=-2.72 gripper.pos=+0.60
DEBUG 2026-09-03 08:15:37 [action #394] t=17.03s step=393 queue=3 dmax=0.236 | shoulder_pan.pos=-3.02 shoulder_lift.pos=-101.95 elbow_flex.pos=+86.55 wrist_flex.pos=+76.93 wrist_roll.pos=-2.69 gripper.pos=+0.64
DEBUG 2026-09-03 08:15:37 [action #395] t=17.06s step=394 queue=2 dmax=0.465 | shoulder_pan.pos=-3.04 shoulder_lift.pos=-102.41 elbow_flex.pos=+86.72 wrist_flex.pos=+76.86 wrist_roll.pos=-2.71 gripper.pos=+0.67
DEBUG 2026-09-03 08:15:37 [action #396] t=17.09s step=395 queue=1 dmax=0.496 | shoulder_pan.pos=-3.02 shoulder_lift.pos=-101.92 elbow_flex.pos=+86.25 wrist_flex.pos=+76.88 wrist_roll.pos=-2.75 gripper.pos=+0.62
DEBUG 2026-09-03 08:15:37 [chunk] received 50 actions, timesteps 371..420 | first: shoulder_pan.pos=-2.60 shoulder_lift.pos=-101.48 elbow_flex.pos=+86.47 wrist_flex.pos=+78.75 wrist_roll.pos=-2.03 gripper.pos=+0.86 | last: shoulder_pan.pos=-3.33 shoulder_lift.pos=-101.43 elbow_flex.pos=+87.12 wrist_flex.pos=+78.74 wrist_roll.pos=-2.15 gripper.pos=+0.86
DEBUG 2026-09-03 08:15:37 [action #397] t=17.29s step=396 queue=25 dmax=1.841 | shoulder_pan.pos=-3.38 shoulder_lift.pos=-102.30 elbow_flex.pos=+87.92 wrist_flex.pos=+78.72 wrist_roll.pos=-2.12 gripper.pos=+0.80
DEBUG 2026-09-03 08:15:37 [action #398] t=17.33s step=397 queue=24 dmax=0.379 | shoulder_pan.pos=-3.46 shoulder_lift.pos=-102.05 elbow_flex.pos=+87.54 wrist_flex.pos=+78.71 wrist_roll.pos=-2.07 gripper.pos=+0.78
DEBUG 2026-09-03 08:15:37 [action #399] t=17.36s step=398 queue=23 dmax=0.644 | shoulder_pan.pos=-3.47 shoulder_lift.pos=-101.94 elbow_flex.pos=+88.19 wrist_flex.pos=+78.53 wrist_roll.pos=-2.04 gripper.pos=+0.76
DEBUG 2026-09-03 08:15:37 [action #400] t=17.39s step=399 queue=22 dmax=0.503 | shoulder_pan.pos=-3.48 shoulder_lift.pos=-101.78 elbow_flex.pos=+87.68 wrist_flex.pos=+78.67 wrist_roll.pos=-2.07 gripper.pos=+0.80
DEBUG 2026-09-03 08:15:37 [action #401] t=17.43s step=400 queue=21 dmax=0.368 | shoulder_pan.pos=-3.54 shoulder_lift.pos=-101.55 elbow_flex.pos=+88.05 wrist_flex.pos=+78.65 wrist_roll.pos=-2.11 gripper.pos=+0.90
DEBUG 2026-09-03 08:15:37 [action #402] t=17.46s step=401 queue=20 dmax=0.514 | shoulder_pan.pos=-3.53 shoulder_lift.pos=-101.97 elbow_flex.pos=+87.54 wrist_flex.pos=+78.71 wrist_roll.pos=-2.10 gripper.pos=+0.75
DEBUG 2026-09-03 08:15:37 [action #403] t=17.49s step=402 queue=19 dmax=0.147 | shoulder_pan.pos=-3.43 shoulder_lift.pos=-101.92 elbow_flex.pos=+87.65 wrist_flex.pos=+78.56 wrist_roll.pos=-2.11 gripper.pos=+0.72
DEBUG 2026-09-03 08:15:37 [action #404] t=17.53s step=403 queue=18 dmax=0.215 | shoulder_pan.pos=-3.40 shoulder_lift.pos=-101.93 elbow_flex.pos=+87.43 wrist_flex.pos=+78.61 wrist_roll.pos=-2.03 gripper.pos=+0.78
DEBUG 2026-09-03 08:15:37 [action #405] t=17.56s step=404 queue=17 dmax=0.559 | shoulder_pan.pos=-3.31 shoulder_lift.pos=-101.37 elbow_flex.pos=+87.56 wrist_flex.pos=+78.66 wrist_roll.pos=-2.09 gripper.pos=+0.80
DEBUG 2026-09-03 08:15:38 [action #406] t=17.59s step=405 queue=16 dmax=0.574 | shoulder_pan.pos=-3.45 shoulder_lift.pos=-101.91 elbow_flex.pos=+88.13 wrist_flex.pos=+78.66 wrist_roll.pos=-2.09 gripper.pos=+0.88
DEBUG 2026-09-03 08:15:38 [action #407] t=17.63s step=406 queue=15 dmax=0.504 | shoulder_pan.pos=-3.22 shoulder_lift.pos=-101.63 elbow_flex.pos=+87.63 wrist_flex.pos=+78.76 wrist_roll.pos=-2.11 gripper.pos=+0.79
DEBUG 2026-09-03 08:15:38 [action #408] t=17.66s step=407 queue=14 dmax=0.170 | shoulder_pan.pos=-3.39 shoulder_lift.pos=-101.71 elbow_flex.pos=+87.63 wrist_flex.pos=+78.62 wrist_roll.pos=-2.09 gripper.pos=+0.80
DEBUG 2026-09-03 08:15:38 [action #409] t=17.69s step=408 queue=13 dmax=0.196 | shoulder_pan.pos=-3.39 shoulder_lift.pos=-101.60 elbow_flex.pos=+87.67 wrist_flex.pos=+78.58 wrist_roll.pos=-2.08 gripper.pos=+0.99
DEBUG 2026-09-03 08:15:38 [action #410] t=17.73s step=409 queue=12 dmax=0.239 | shoulder_pan.pos=-3.15 shoulder_lift.pos=-101.66 elbow_flex.pos=+87.86 wrist_flex.pos=+78.76 wrist_roll.pos=-2.07 gripper.pos=+0.93
DEBUG 2026-09-03 08:15:38 [action #411] t=17.76s step=410 queue=11 dmax=0.261 | shoulder_pan.pos=-3.12 shoulder_lift.pos=-101.78 elbow_flex.pos=+87.59 wrist_flex.pos=+78.58 wrist_roll.pos=-2.10 gripper.pos=+0.96
DEBUG 2026-09-03 08:15:38 [action #412] t=17.80s step=411 queue=10 dmax=0.301 | shoulder_pan.pos=-3.01 shoulder_lift.pos=-101.48 elbow_flex.pos=+87.54 wrist_flex.pos=+78.77 wrist_roll.pos=-2.08 gripper.pos=+0.75
DEBUG 2026-09-03 08:15:38 [action #413] t=17.83s step=412 queue=9 dmax=0.675 | shoulder_pan.pos=-3.00 shoulder_lift.pos=-102.16 elbow_flex.pos=+87.69 wrist_flex.pos=+78.57 wrist_roll.pos=-2.14 gripper.pos=+1.01
DEBUG 2026-09-03 08:15:38 [action #414] t=17.86s step=413 queue=8 dmax=0.327 | shoulder_pan.pos=-3.12 shoulder_lift.pos=-101.83 elbow_flex.pos=+87.50 wrist_flex.pos=+78.59 wrist_roll.pos=-2.10 gripper.pos=+0.94
DEBUG 2026-09-03 08:15:38 [action #415] t=17.90s step=414 queue=7 dmax=0.148 | shoulder_pan.pos=-3.23 shoulder_lift.pos=-101.73 elbow_flex.pos=+87.35 wrist_flex.pos=+78.47 wrist_roll.pos=-2.16 gripper.pos=+0.90
DEBUG 2026-09-03 08:15:38 [action #416] t=17.93s step=415 queue=6 dmax=0.272 | shoulder_pan.pos=-3.20 shoulder_lift.pos=-101.98 elbow_flex.pos=+87.62 wrist_flex.pos=+78.72 wrist_roll.pos=-2.01 gripper.pos=+0.86
DEBUG 2026-09-03 08:15:38 [action #417] t=17.96s step=416 queue=5 dmax=0.250 | shoulder_pan.pos=-3.44 shoulder_lift.pos=-101.73 elbow_flex.pos=+87.43 wrist_flex.pos=+78.71 wrist_roll.pos=-2.02 gripper.pos=+0.76
DEBUG 2026-09-03 08:15:38 [action #418] t=18.00s step=417 queue=4 dmax=0.315 | shoulder_pan.pos=-3.33 shoulder_lift.pos=-102.05 elbow_flex.pos=+87.36 wrist_flex.pos=+78.73 wrist_roll.pos=-2.11 gripper.pos=+0.80
DEBUG 2026-09-03 08:15:38 [action #419] t=18.03s step=418 queue=3 dmax=0.580 | shoulder_pan.pos=-3.51 shoulder_lift.pos=-101.47 elbow_flex.pos=+87.03 wrist_flex.pos=+78.64 wrist_roll.pos=-2.11 gripper.pos=+0.83
DEBUG 2026-09-03 08:15:38 [action #420] t=18.06s step=419 queue=2 dmax=0.452 | shoulder_pan.pos=-3.20 shoulder_lift.pos=-101.69 elbow_flex.pos=+87.48 wrist_flex.pos=+78.74 wrist_roll.pos=-2.09 gripper.pos=+0.82
DEBUG 2026-09-03 08:15:38 [action #421] t=18.10s step=420 queue=1 dmax=0.359 | shoulder_pan.pos=-3.33 shoulder_lift.pos=-101.43 elbow_flex.pos=+87.12 wrist_flex.pos=+78.74 wrist_roll.pos=-2.15 gripper.pos=+0.86
DEBUG 2026-09-03 08:15:38 [chunk] received 50 actions, timesteps 395..444 | first: shoulder_pan.pos=-2.49 shoulder_lift.pos=-100.98 elbow_flex.pos=+87.13 wrist_flex.pos=+77.05 wrist_roll.pos=-2.70 gripper.pos=+0.83 | last: shoulder_pan.pos=-2.96 shoulder_lift.pos=-101.61 elbow_flex.pos=+86.68 wrist_flex.pos=+77.24 wrist_roll.pos=-2.69 gripper.pos=+0.96
INFO 2026-09-03 08:15:44 Final action sent: shoulder_pan.pos=-3.33 shoulder_lift.pos=-101.43 elbow_flex.pos=+87.12 wrist_flex.pos=+78.74 wrist_roll.pos=-2.15 gripper.pos=+0.86
DEBUG 2026-09-03 08:15:44 === episode end | 23.8s | converged=True | actions=421 ===
