DEBUG 2026-09-03 09:09:35 === episode start | task: 'put the brown cylinder on the tray' | duration: 50.0s ===
DEBUG 2026-09-03 09:09:36 [chunk] dropped stale chunk (ts0=468 > max_sent=0)
DEBUG 2026-09-03 09:09:37 [chunk] received 50 actions, timesteps 0..49 | first: shoulder_pan.pos=-4.56 shoulder_lift.pos=-101.55 elbow_flex.pos=+88.85 wrist_flex.pos=+71.98 wrist_roll.pos=-0.64 gripper.pos=+1.19 | last: shoulder_pan.pos=-6.42 shoulder_lift.pos=-101.07 elbow_flex.pos=+79.31 wrist_flex.pos=+68.19 wrist_roll.pos=-1.98 gripper.pos=+1.06
DEBUG 2026-09-03 09:09:37 [action #1] t=1.91s step=0 queue=50 dmax=n/a | shoulder_pan.pos=-4.56 shoulder_lift.pos=-101.55 elbow_flex.pos=+88.85 wrist_flex.pos=+71.98 wrist_roll.pos=-0.64 gripper.pos=+1.19
DEBUG 2026-09-03 09:09:37 [action #2] t=1.94s step=1 queue=49 dmax=0.548 | shoulder_pan.pos=-4.48 shoulder_lift.pos=-101.53 elbow_flex.pos=+88.99 wrist_flex.pos=+71.44 wrist_roll.pos=-0.66 gripper.pos=+1.22
DEBUG 2026-09-03 09:09:37 [action #3] t=1.97s step=2 queue=48 dmax=0.323 | shoulder_pan.pos=-4.52 shoulder_lift.pos=-101.71 elbow_flex.pos=+89.11 wrist_flex.pos=+71.11 wrist_roll.pos=-0.62 gripper.pos=+1.11
DEBUG 2026-09-03 09:09:37 [action #4] t=2.01s step=3 queue=47 dmax=0.294 | shoulder_pan.pos=-4.69 shoulder_lift.pos=-101.68 elbow_flex.pos=+89.25 wrist_flex.pos=+70.82 wrist_roll.pos=-0.62 gripper.pos=+1.11
DEBUG 2026-09-03 09:09:37 [action #5] t=2.04s step=4 queue=46 dmax=0.506 | shoulder_pan.pos=-4.56 shoulder_lift.pos=-101.75 elbow_flex.pos=+89.76 wrist_flex.pos=+70.61 wrist_roll.pos=-0.71 gripper.pos=+1.09
DEBUG 2026-09-03 09:09:37 [action #6] t=2.07s step=5 queue=45 dmax=0.801 | shoulder_pan.pos=-4.71 shoulder_lift.pos=-101.73 elbow_flex.pos=+88.96 wrist_flex.pos=+70.39 wrist_roll.pos=-0.65 gripper.pos=+1.17
DEBUG 2026-09-03 09:09:37 [action #7] t=2.11s step=6 queue=44 dmax=1.084 | shoulder_pan.pos=-4.87 shoulder_lift.pos=-102.15 elbow_flex.pos=+90.04 wrist_flex.pos=+70.37 wrist_roll.pos=-0.75 gripper.pos=+1.01
DEBUG 2026-09-03 09:09:37 [action #8] t=2.14s step=7 queue=43 dmax=0.390 | shoulder_pan.pos=-4.85 shoulder_lift.pos=-101.85 elbow_flex.pos=+89.65 wrist_flex.pos=+70.17 wrist_roll.pos=-0.68 gripper.pos=+0.85
DEBUG 2026-09-03 09:09:37 [action #9] t=2.17s step=8 queue=42 dmax=0.385 | shoulder_pan.pos=-4.79 shoulder_lift.pos=-102.23 elbow_flex.pos=+89.77 wrist_flex.pos=+69.97 wrist_roll.pos=-0.63 gripper.pos=+0.99
DEBUG 2026-09-03 09:09:37 [action #10] t=2.21s step=9 queue=41 dmax=0.491 | shoulder_pan.pos=-4.94 shoulder_lift.pos=-101.89 elbow_flex.pos=+89.98 wrist_flex.pos=+69.48 wrist_roll.pos=-0.71 gripper.pos=+1.13
DEBUG 2026-09-03 09:09:37 [action #11] t=2.24s step=10 queue=40 dmax=0.262 | shoulder_pan.pos=-5.06 shoulder_lift.pos=-102.08 elbow_flex.pos=+89.88 wrist_flex.pos=+69.22 wrist_roll.pos=-0.79 gripper.pos=+1.07
DEBUG 2026-09-03 09:09:37 [action #12] t=2.27s step=11 queue=39 dmax=0.460 | shoulder_pan.pos=-5.09 shoulder_lift.pos=-102.01 elbow_flex.pos=+89.77 wrist_flex.pos=+68.76 wrist_roll.pos=-0.82 gripper.pos=+1.11
DEBUG 2026-09-03 09:09:37 [action #13] t=2.31s step=12 queue=38 dmax=0.402 | shoulder_pan.pos=-5.16 shoulder_lift.pos=-102.04 elbow_flex.pos=+89.67 wrist_flex.pos=+68.35 wrist_roll.pos=-0.76 gripper.pos=+0.99
DEBUG 2026-09-03 09:09:37 [action #14] t=2.34s step=13 queue=37 dmax=0.760 | shoulder_pan.pos=-5.12 shoulder_lift.pos=-101.77 elbow_flex.pos=+90.43 wrist_flex.pos=+67.85 wrist_roll.pos=-0.81 gripper.pos=+0.99
DEBUG 2026-09-03 09:09:37 [action #15] t=2.37s step=14 queue=36 dmax=0.791 | shoulder_pan.pos=-5.07 shoulder_lift.pos=-102.12 elbow_flex.pos=+90.12 wrist_flex.pos=+67.06 wrist_roll.pos=-0.80 gripper.pos=+1.01
DEBUG 2026-09-03 09:09:38 [action #16] t=2.41s step=15 queue=35 dmax=0.593 | shoulder_pan.pos=-5.14 shoulder_lift.pos=-102.05 elbow_flex.pos=+90.29 wrist_flex.pos=+66.46 wrist_roll.pos=-0.81 gripper.pos=+1.02
DEBUG 2026-09-03 09:09:38 [action #17] t=2.44s step=16 queue=34 dmax=0.657 | shoulder_pan.pos=-5.21 shoulder_lift.pos=-101.71 elbow_flex.pos=+89.65 wrist_flex.pos=+65.81 wrist_roll.pos=-0.88 gripper.pos=+1.18
DEBUG 2026-09-03 09:09:38 [action #18] t=2.47s step=17 queue=33 dmax=0.505 | shoulder_pan.pos=-5.15 shoulder_lift.pos=-102.21 elbow_flex.pos=+89.89 wrist_flex.pos=+65.46 wrist_roll.pos=-0.86 gripper.pos=+1.14
DEBUG 2026-09-03 09:09:38 [action #19] t=2.51s step=18 queue=32 dmax=0.521 | shoulder_pan.pos=-5.20 shoulder_lift.pos=-102.18 elbow_flex.pos=+90.41 wrist_flex.pos=+65.01 wrist_roll.pos=-0.97 gripper.pos=+1.00
DEBUG 2026-09-03 09:09:38 [action #20] t=2.54s step=19 queue=31 dmax=0.524 | shoulder_pan.pos=-5.13 shoulder_lift.pos=-102.25 elbow_flex.pos=+90.15 wrist_flex.pos=+64.49 wrist_roll.pos=-1.01 gripper.pos=+1.08
DEBUG 2026-09-03 09:09:38 [action #21] t=2.58s step=20 queue=30 dmax=0.293 | shoulder_pan.pos=-5.42 shoulder_lift.pos=-102.15 elbow_flex.pos=+90.19 wrist_flex.pos=+64.27 wrist_roll.pos=-0.98 gripper.pos=+0.98
DEBUG 2026-09-03 09:09:38 [action #22] t=2.61s step=21 queue=29 dmax=0.213 | shoulder_pan.pos=-5.44 shoulder_lift.pos=-102.36 elbow_flex.pos=+90.39 wrist_flex.pos=+64.33 wrist_roll.pos=-1.12 gripper.pos=+0.98
DEBUG 2026-09-03 09:09:38 [action #23] t=2.64s step=22 queue=28 dmax=0.998 | shoulder_pan.pos=-5.63 shoulder_lift.pos=-101.89 elbow_flex.pos=+89.39 wrist_flex.pos=+64.20 wrist_roll.pos=-1.13 gripper.pos=+1.07
DEBUG 2026-09-03 09:09:38 [action #24] t=2.68s step=23 queue=27 dmax=0.535 | shoulder_pan.pos=-5.61 shoulder_lift.pos=-102.43 elbow_flex.pos=+89.60 wrist_flex.pos=+63.92 wrist_roll.pos=-1.27 gripper.pos=+0.93
DEBUG 2026-09-03 09:09:38 [action #25] t=2.71s step=24 queue=26 dmax=0.797 | shoulder_pan.pos=-5.30 shoulder_lift.pos=-101.82 elbow_flex.pos=+88.80 wrist_flex.pos=+63.94 wrist_roll.pos=-1.35 gripper.pos=+1.04
DEBUG 2026-09-03 09:09:38 [action #26] t=2.74s step=25 queue=25 dmax=0.617 | shoulder_pan.pos=-5.65 shoulder_lift.pos=-102.28 elbow_flex.pos=+89.42 wrist_flex.pos=+64.03 wrist_roll.pos=-1.56 gripper.pos=+1.03
DEBUG 2026-09-03 09:09:38 [action #27] t=2.78s step=26 queue=24 dmax=1.253 | shoulder_pan.pos=-5.42 shoulder_lift.pos=-101.87 elbow_flex.pos=+88.17 wrist_flex.pos=+63.96 wrist_roll.pos=-1.69 gripper.pos=+1.01
DEBUG 2026-09-03 09:09:38 [action #28] t=2.81s step=27 queue=23 dmax=0.562 | shoulder_pan.pos=-5.41 shoulder_lift.pos=-102.44 elbow_flex.pos=+88.05 wrist_flex.pos=+64.04 wrist_roll.pos=-1.86 gripper.pos=+1.03
DEBUG 2026-09-03 09:09:38 [action #29] t=2.84s step=28 queue=22 dmax=0.288 | shoulder_pan.pos=-5.39 shoulder_lift.pos=-102.72 elbow_flex.pos=+87.83 wrist_flex.pos=+64.22 wrist_roll.pos=-1.95 gripper.pos=+0.96
DEBUG 2026-09-03 09:09:38 [action #30] t=2.88s step=29 queue=21 dmax=0.621 | shoulder_pan.pos=-5.22 shoulder_lift.pos=-102.63 elbow_flex.pos=+87.21 wrist_flex.pos=+64.24 wrist_roll.pos=-2.06 gripper.pos=+1.02
DEBUG 2026-09-03 09:09:38 [action #31] t=2.91s step=30 queue=20 dmax=0.748 | shoulder_pan.pos=-5.61 shoulder_lift.pos=-102.44 elbow_flex.pos=+86.46 wrist_flex.pos=+64.66 wrist_roll.pos=-2.19 gripper.pos=+0.90
DEBUG 2026-09-03 09:09:38 [chunk] received 50 actions, timesteps 3..52 | first: shoulder_pan.pos=-3.68 shoulder_lift.pos=-100.96 elbow_flex.pos=+88.43 wrist_flex.pos=+70.44 wrist_roll.pos=-0.65 gripper.pos=+1.36 | last: shoulder_pan.pos=-6.47 shoulder_lift.pos=-95.36 elbow_flex.pos=+74.23 wrist_flex.pos=+69.00 wrist_roll.pos=-0.95 gripper.pos=+1.05
DEBUG 2026-09-03 09:09:38 [action #32] t=2.94s step=31 queue=22 dmax=1.760 | shoulder_pan.pos=-7.37 shoulder_lift.pos=-101.31 elbow_flex.pos=+86.44 wrist_flex.pos=+64.60 wrist_roll.pos=-1.24 gripper.pos=+1.03
DEBUG 2026-09-03 09:09:38 [action #33] t=2.98s step=32 queue=21 dmax=0.360 | shoulder_pan.pos=-7.50 shoulder_lift.pos=-101.06 elbow_flex.pos=+86.08 wrist_flex.pos=+64.93 wrist_roll.pos=-1.31 gripper.pos=+1.08
DEBUG 2026-09-03 09:09:38 [action #34] t=3.01s step=33 queue=20 dmax=0.824 | shoulder_pan.pos=-7.25 shoulder_lift.pos=-101.42 elbow_flex.pos=+85.26 wrist_flex.pos=+65.10 wrist_roll.pos=-1.26 gripper.pos=+1.05
DEBUG 2026-09-03 09:09:38 [action #35] t=3.04s step=34 queue=19 dmax=0.552 | shoulder_pan.pos=-7.30 shoulder_lift.pos=-100.87 elbow_flex.pos=+85.17 wrist_flex.pos=+65.52 wrist_roll.pos=-1.23 gripper.pos=+0.99
DEBUG 2026-09-03 09:09:38 [action #36] t=3.08s step=35 queue=18 dmax=0.202 | shoulder_pan.pos=-7.37 shoulder_lift.pos=-100.93 elbow_flex.pos=+85.10 wrist_flex.pos=+65.72 wrist_roll.pos=-1.28 gripper.pos=+1.13
DEBUG 2026-09-03 09:09:38 [action #37] t=3.11s step=36 queue=17 dmax=0.462 | shoulder_pan.pos=-7.13 shoulder_lift.pos=-101.39 elbow_flex.pos=+84.84 wrist_flex.pos=+65.96 wrist_roll.pos=-1.27 gripper.pos=+1.10
DEBUG 2026-09-03 09:09:38 [action #38] t=3.14s step=37 queue=16 dmax=0.894 | shoulder_pan.pos=-7.12 shoulder_lift.pos=-101.48 elbow_flex.pos=+83.95 wrist_flex.pos=+66.37 wrist_roll.pos=-1.18 gripper.pos=+1.11
DEBUG 2026-09-03 09:09:38 [action #39] t=3.18s step=38 queue=15 dmax=0.552 | shoulder_pan.pos=-7.06 shoulder_lift.pos=-100.92 elbow_flex.pos=+83.48 wrist_flex.pos=+66.58 wrist_roll.pos=-1.24 gripper.pos=+1.05
DEBUG 2026-09-03 09:09:38 [action #40] t=3.21s step=39 queue=14 dmax=0.657 | shoulder_pan.pos=-6.79 shoulder_lift.pos=-101.03 elbow_flex.pos=+82.82 wrist_flex.pos=+66.81 wrist_roll.pos=-1.31 gripper.pos=+0.96
DEBUG 2026-09-03 09:09:38 [action #41] t=3.24s step=40 queue=13 dmax=0.588 | shoulder_pan.pos=-6.77 shoulder_lift.pos=-101.03 elbow_flex.pos=+82.23 wrist_flex.pos=+66.92 wrist_roll.pos=-1.38 gripper.pos=+0.93
DEBUG 2026-09-03 09:09:38 [action #42] t=3.28s step=41 queue=12 dmax=0.284 | shoulder_pan.pos=-6.66 shoulder_lift.pos=-100.74 elbow_flex.pos=+82.03 wrist_flex.pos=+67.01 wrist_roll.pos=-1.28 gripper.pos=+0.98
DEBUG 2026-09-03 09:09:38 [action #43] t=3.31s step=42 queue=11 dmax=0.445 | shoulder_pan.pos=-6.86 shoulder_lift.pos=-100.58 elbow_flex.pos=+81.86 wrist_flex.pos=+67.46 wrist_roll.pos=-1.25 gripper.pos=+0.97
DEBUG 2026-09-03 09:09:38 [action #44] t=3.34s step=43 queue=10 dmax=1.076 | shoulder_pan.pos=-6.54 shoulder_lift.pos=-100.81 elbow_flex.pos=+80.79 wrist_flex.pos=+67.64 wrist_roll.pos=-1.29 gripper.pos=+1.03
DEBUG 2026-09-03 09:09:38 [action #45] t=3.38s step=44 queue=9 dmax=0.278 | shoulder_pan.pos=-6.81 shoulder_lift.pos=-100.95 elbow_flex.pos=+81.01 wrist_flex.pos=+67.67 wrist_roll.pos=-1.18 gripper.pos=+0.94
DEBUG 2026-09-03 09:09:39 [action #46] t=3.41s step=45 queue=8 dmax=1.342 | shoulder_pan.pos=-6.77 shoulder_lift.pos=-100.38 elbow_flex.pos=+79.67 wrist_flex.pos=+67.94 wrist_roll.pos=-1.32 gripper.pos=+0.96
DEBUG 2026-09-03 09:09:39 [action #47] t=3.44s step=46 queue=7 dmax=0.599 | shoulder_pan.pos=-6.74 shoulder_lift.pos=-99.78 elbow_flex.pos=+79.15 wrist_flex.pos=+68.03 wrist_roll.pos=-1.28 gripper.pos=+0.97
DEBUG 2026-09-03 09:09:39 [action #48] t=3.48s step=47 queue=6 dmax=0.633 | shoulder_pan.pos=-6.61 shoulder_lift.pos=-100.26 elbow_flex.pos=+78.52 wrist_flex.pos=+68.17 wrist_roll.pos=-1.27 gripper.pos=+1.01
DEBUG 2026-09-03 09:09:39 [action #49] t=3.51s step=48 queue=5 dmax=0.531 | shoulder_pan.pos=-6.65 shoulder_lift.pos=-99.73 elbow_flex.pos=+78.36 wrist_flex.pos=+68.36 wrist_roll.pos=-1.26 gripper.pos=+0.97
DEBUG 2026-09-03 09:09:39 [action #50] t=3.55s step=49 queue=4 dmax=0.664 | shoulder_pan.pos=-6.82 shoulder_lift.pos=-99.07 elbow_flex.pos=+78.53 wrist_flex.pos=+68.49 wrist_roll.pos=-1.22 gripper.pos=+0.96
DEBUG 2026-09-03 09:09:39 [action #51] t=3.58s step=50 queue=3 dmax=2.162 | shoulder_pan.pos=-6.68 shoulder_lift.pos=-97.05 elbow_flex.pos=+76.37 wrist_flex.pos=+68.72 wrist_roll.pos=-0.91 gripper.pos=+0.86
DEBUG 2026-09-03 09:09:39 [action #52] t=3.61s step=51 queue=2 dmax=1.077 | shoulder_pan.pos=-6.55 shoulder_lift.pos=-95.97 elbow_flex.pos=+75.57 wrist_flex.pos=+68.82 wrist_roll.pos=-0.91 gripper.pos=+1.02
DEBUG 2026-09-03 09:09:39 [action #53] t=3.65s step=52 queue=1 dmax=1.340 | shoulder_pan.pos=-6.47 shoulder_lift.pos=-95.36 elbow_flex.pos=+74.23 wrist_flex.pos=+69.00 wrist_roll.pos=-0.95 gripper.pos=+1.05
DEBUG 2026-09-03 09:09:39 [chunk] received 50 actions, timesteps 29..78 | first: shoulder_pan.pos=-4.83 shoulder_lift.pos=-101.47 elbow_flex.pos=+88.20 wrist_flex.pos=+63.61 wrist_roll.pos=-1.21 gripper.pos=+1.05 | last: shoulder_pan.pos=-7.10 shoulder_lift.pos=-60.27 elbow_flex.pos=+57.59 wrist_flex.pos=+60.76 wrist_roll.pos=-4.77 gripper.pos=+0.80
DEBUG 2026-09-03 09:09:39 [action #54] t=3.85s step=53 queue=26 dmax=6.083 | shoulder_pan.pos=-5.72 shoulder_lift.pos=-100.55 elbow_flex.pos=+80.32 wrist_flex.pos=+65.41 wrist_roll.pos=-1.71 gripper.pos=+0.93
DEBUG 2026-09-03 09:09:39 [action #55] t=3.88s step=54 queue=25 dmax=1.009 | shoulder_pan.pos=-6.03 shoulder_lift.pos=-100.50 elbow_flex.pos=+79.86 wrist_flex.pos=+66.41 wrist_roll.pos=-1.69 gripper.pos=+0.98
DEBUG 2026-09-03 09:09:39 [action #56] t=3.91s step=55 queue=24 dmax=0.667 | shoulder_pan.pos=-5.92 shoulder_lift.pos=-100.09 elbow_flex.pos=+79.19 wrist_flex.pos=+66.68 wrist_roll.pos=-1.66 gripper.pos=+0.92
DEBUG 2026-09-03 09:09:39 [action #57] t=3.95s step=56 queue=23 dmax=0.401 | shoulder_pan.pos=-5.79 shoulder_lift.pos=-99.69 elbow_flex.pos=+78.80 wrist_flex.pos=+66.73 wrist_roll.pos=-1.59 gripper.pos=+0.93
DEBUG 2026-09-03 09:09:39 [action #58] t=3.98s step=57 queue=22 dmax=0.404 | shoulder_pan.pos=-5.94 shoulder_lift.pos=-99.29 elbow_flex.pos=+78.72 wrist_flex.pos=+66.80 wrist_roll.pos=-1.61 gripper.pos=+0.85
DEBUG 2026-09-03 09:09:39 [action #59] t=4.01s step=58 queue=21 dmax=1.299 | shoulder_pan.pos=-5.68 shoulder_lift.pos=-97.99 elbow_flex.pos=+78.07 wrist_flex.pos=+66.56 wrist_roll.pos=-1.65 gripper.pos=+0.90
DEBUG 2026-09-03 09:09:39 [action #60] t=4.05s step=59 queue=20 dmax=0.970 | shoulder_pan.pos=-5.71 shoulder_lift.pos=-97.02 elbow_flex.pos=+77.86 wrist_flex.pos=+66.19 wrist_roll.pos=-1.71 gripper.pos=+0.86
DEBUG 2026-09-03 09:09:39 [action #61] t=4.08s step=60 queue=19 dmax=1.593 | shoulder_pan.pos=-5.73 shoulder_lift.pos=-95.43 elbow_flex.pos=+77.35 wrist_flex.pos=+65.91 wrist_roll.pos=-1.77 gripper.pos=+0.85
DEBUG 2026-09-03 09:09:39 [action #62] t=4.11s step=61 queue=18 dmax=1.346 | shoulder_pan.pos=-5.62 shoulder_lift.pos=-94.08 elbow_flex.pos=+76.36 wrist_flex.pos=+65.29 wrist_roll.pos=-1.77 gripper.pos=+0.90
DEBUG 2026-09-03 09:09:39 [action #63] t=4.15s step=62 queue=17 dmax=1.671 | shoulder_pan.pos=-5.70 shoulder_lift.pos=-92.41 elbow_flex.pos=+75.46 wrist_flex.pos=+64.79 wrist_roll.pos=-1.89 gripper.pos=+0.81
DEBUG 2026-09-03 09:09:39 [action #64] t=4.18s step=63 queue=16 dmax=2.308 | shoulder_pan.pos=-5.60 shoulder_lift.pos=-90.10 elbow_flex.pos=+74.22 wrist_flex.pos=+64.27 wrist_roll.pos=-1.99 gripper.pos=+0.73
DEBUG 2026-09-03 09:09:39 [action #65] t=4.21s step=64 queue=15 dmax=2.232 | shoulder_pan.pos=-5.88 shoulder_lift.pos=-87.87 elbow_flex.pos=+72.87 wrist_flex.pos=+63.66 wrist_roll.pos=-2.05 gripper.pos=+0.77
DEBUG 2026-09-03 09:09:39 [action #66] t=4.25s step=65 queue=14 dmax=2.416 | shoulder_pan.pos=-5.78 shoulder_lift.pos=-85.45 elbow_flex.pos=+71.64 wrist_flex.pos=+63.11 wrist_roll.pos=-2.14 gripper.pos=+0.74
DEBUG 2026-09-03 09:09:39 [action #67] t=4.28s step=66 queue=13 dmax=2.327 | shoulder_pan.pos=-5.99 shoulder_lift.pos=-83.13 elbow_flex.pos=+70.76 wrist_flex.pos=+62.82 wrist_roll.pos=-2.32 gripper.pos=+0.69
DEBUG 2026-09-03 09:09:39 [action #68] t=4.31s step=67 queue=12 dmax=1.861 | shoulder_pan.pos=-6.12 shoulder_lift.pos=-81.27 elbow_flex.pos=+69.99 wrist_flex.pos=+62.52 wrist_roll.pos=-2.36 gripper.pos=+0.71
DEBUG 2026-09-03 09:09:39 [action #69] t=4.35s step=68 queue=11 dmax=2.277 | shoulder_pan.pos=-6.49 shoulder_lift.pos=-78.99 elbow_flex.pos=+69.18 wrist_flex.pos=+62.11 wrist_roll.pos=-2.61 gripper.pos=+0.72
DEBUG 2026-09-03 09:09:39 [action #70] t=4.38s step=69 queue=10 dmax=2.318 | shoulder_pan.pos=-6.67 shoulder_lift.pos=-76.67 elbow_flex.pos=+67.85 wrist_flex.pos=+61.63 wrist_roll.pos=-2.73 gripper.pos=+0.54
DEBUG 2026-09-03 09:09:40 [action #71] t=4.41s step=70 queue=9 dmax=1.968 | shoulder_pan.pos=-6.70 shoulder_lift.pos=-74.70 elbow_flex.pos=+66.71 wrist_flex.pos=+61.26 wrist_roll.pos=-2.92 gripper.pos=+0.67
DEBUG 2026-09-03 09:09:40 [action #72] t=4.45s step=71 queue=8 dmax=2.351 | shoulder_pan.pos=-6.78 shoulder_lift.pos=-72.35 elbow_flex.pos=+65.42 wrist_flex.pos=+61.21 wrist_roll.pos=-2.97 gripper.pos=+0.72
DEBUG 2026-09-03 09:09:40 [action #73] t=4.48s step=72 queue=7 dmax=1.532 | shoulder_pan.pos=-7.06 shoulder_lift.pos=-70.82 elbow_flex.pos=+64.20 wrist_flex.pos=+60.89 wrist_roll.pos=-3.09 gripper.pos=+0.67
DEBUG 2026-09-03 09:09:40 [action #74] t=4.51s step=73 queue=6 dmax=2.287 | shoulder_pan.pos=-7.07 shoulder_lift.pos=-68.53 elbow_flex.pos=+63.63 wrist_flex.pos=+60.66 wrist_roll.pos=-3.29 gripper.pos=+0.58
DEBUG 2026-09-03 09:09:40 [action #75] t=4.55s step=74 queue=5 dmax=1.652 | shoulder_pan.pos=-7.21 shoulder_lift.pos=-66.88 elbow_flex.pos=+62.23 wrist_flex.pos=+60.42 wrist_roll.pos=-3.34 gripper.pos=+0.72
DEBUG 2026-09-03 09:09:40 [action #76] t=4.58s step=75 queue=4 dmax=1.709 | shoulder_pan.pos=-7.06 shoulder_lift.pos=-65.17 elbow_flex.pos=+61.04 wrist_flex.pos=+60.31 wrist_roll.pos=-3.67 gripper.pos=+0.79
DEBUG 2026-09-03 09:09:40 [action #77] t=4.62s step=76 queue=3 dmax=1.932 | shoulder_pan.pos=-7.08 shoulder_lift.pos=-63.24 elbow_flex.pos=+59.73 wrist_flex.pos=+60.38 wrist_roll.pos=-4.11 gripper.pos=+0.88
DEBUG 2026-09-03 09:09:40 [action #78] t=4.65s step=77 queue=2 dmax=1.795 | shoulder_pan.pos=-7.20 shoulder_lift.pos=-61.89 elbow_flex.pos=+57.93 wrist_flex.pos=+60.73 wrist_roll.pos=-4.45 gripper.pos=+0.81
DEBUG 2026-09-03 09:09:40 [action #79] t=4.68s step=78 queue=1 dmax=1.616 | shoulder_pan.pos=-7.10 shoulder_lift.pos=-60.27 elbow_flex.pos=+57.59 wrist_flex.pos=+60.76 wrist_roll.pos=-4.77 gripper.pos=+0.80
DEBUG 2026-09-03 09:09:40 [chunk] received 50 actions, timesteps 52..101 | first: shoulder_pan.pos=-7.54 shoulder_lift.pos=-86.97 elbow_flex.pos=+69.29 wrist_flex.pos=+68.44 wrist_roll.pos=-1.70 gripper.pos=+0.87 | last: shoulder_pan.pos=-11.30 shoulder_lift.pos=-27.46 elbow_flex.pos=+32.57 wrist_flex.pos=+77.85 wrist_roll.pos=-4.60 gripper.pos=+30.62
DEBUG 2026-09-03 09:09:40 [action #80] t=4.72s step=79 queue=23 dmax=15.108 | shoulder_pan.pos=-10.31 shoulder_lift.pos=-46.63 elbow_flex.pos=+43.81 wrist_flex.pos=+69.73 wrist_roll.pos=-5.17 gripper.pos=+15.91
DEBUG 2026-09-03 09:09:40 [action #81] t=4.75s step=80 queue=22 dmax=1.154 | shoulder_pan.pos=-10.36 shoulder_lift.pos=-46.11 elbow_flex.pos=+43.45 wrist_flex.pos=+70.27 wrist_roll.pos=-5.32 gripper.pos=+17.06
DEBUG 2026-09-03 09:09:40 [action #82] t=4.78s step=81 queue=21 dmax=0.844 | shoulder_pan.pos=-10.76 shoulder_lift.pos=-45.60 elbow_flex.pos=+43.55 wrist_flex.pos=+71.12 wrist_roll.pos=-5.22 gripper.pos=+17.66
DEBUG 2026-09-03 09:09:40 [action #83] t=4.82s step=82 queue=20 dmax=0.712 | shoulder_pan.pos=-10.43 shoulder_lift.pos=-44.89 elbow_flex.pos=+42.94 wrist_flex.pos=+71.58 wrist_roll.pos=-5.30 gripper.pos=+18.12
DEBUG 2026-09-03 09:09:40 [action #84] t=4.85s step=83 queue=19 dmax=0.854 | shoulder_pan.pos=-10.59 shoulder_lift.pos=-44.48 elbow_flex.pos=+42.08 wrist_flex.pos=+72.02 wrist_roll.pos=-5.10 gripper.pos=+18.87
DEBUG 2026-09-03 09:09:40 [action #85] t=4.88s step=84 queue=18 dmax=1.250 | shoulder_pan.pos=-10.51 shoulder_lift.pos=-44.01 elbow_flex.pos=+42.27 wrist_flex.pos=+72.28 wrist_roll.pos=-5.08 gripper.pos=+20.12
DEBUG 2026-09-03 09:09:40 [action #86] t=4.92s step=85 queue=17 dmax=1.610 | shoulder_pan.pos=-10.72 shoulder_lift.pos=-42.47 elbow_flex.pos=+41.64 wrist_flex.pos=+72.99 wrist_roll.pos=-5.14 gripper.pos=+21.73
DEBUG 2026-09-03 09:09:40 [action #87] t=4.95s step=86 queue=16 dmax=1.884 | shoulder_pan.pos=-10.37 shoulder_lift.pos=-42.75 elbow_flex.pos=+41.16 wrist_flex.pos=+73.42 wrist_roll.pos=-5.10 gripper.pos=+23.61
DEBUG 2026-09-03 09:09:40 [action #88] t=4.98s step=87 queue=15 dmax=1.787 | shoulder_pan.pos=-10.61 shoulder_lift.pos=-41.97 elbow_flex.pos=+41.03 wrist_flex.pos=+73.83 wrist_roll.pos=-5.27 gripper.pos=+25.40
DEBUG 2026-09-03 09:09:40 [action #89] t=5.02s step=88 queue=14 dmax=1.660 | shoulder_pan.pos=-10.57 shoulder_lift.pos=-40.93 elbow_flex.pos=+40.50 wrist_flex.pos=+74.49 wrist_roll.pos=-5.12 gripper.pos=+27.06
DEBUG 2026-09-03 09:09:40 [action #90] t=5.05s step=89 queue=13 dmax=0.859 | shoulder_pan.pos=-10.83 shoulder_lift.pos=-40.07 elbow_flex.pos=+39.92 wrist_flex.pos=+74.93 wrist_roll.pos=-5.09 gripper.pos=+27.89
DEBUG 2026-09-03 09:09:40 [action #91] t=5.08s step=90 queue=12 dmax=1.165 | shoulder_pan.pos=-10.78 shoulder_lift.pos=-38.91 elbow_flex.pos=+39.63 wrist_flex.pos=+75.31 wrist_roll.pos=-5.02 gripper.pos=+28.56
DEBUG 2026-09-03 09:09:40 [action #92] t=5.12s step=91 queue=11 dmax=1.373 | shoulder_pan.pos=-11.02 shoulder_lift.pos=-37.53 elbow_flex.pos=+38.50 wrist_flex.pos=+75.59 wrist_roll.pos=-5.09 gripper.pos=+28.91
DEBUG 2026-09-03 09:09:40 [action #93] t=5.15s step=92 queue=10 dmax=0.714 | shoulder_pan.pos=-10.99 shoulder_lift.pos=-36.82 elbow_flex.pos=+38.15 wrist_flex.pos=+75.64 wrist_roll.pos=-4.97 gripper.pos=+28.97
DEBUG 2026-09-03 09:09:40 [action #94] t=5.18s step=93 queue=9 dmax=1.022 | shoulder_pan.pos=-10.81 shoulder_lift.pos=-35.80 elbow_flex.pos=+37.56 wrist_flex.pos=+75.81 wrist_roll.pos=-4.92 gripper.pos=+29.15
DEBUG 2026-09-03 09:09:40 [action #95] t=5.22s step=94 queue=8 dmax=1.666 | shoulder_pan.pos=-10.88 shoulder_lift.pos=-34.13 elbow_flex.pos=+36.77 wrist_flex.pos=+75.95 wrist_roll.pos=-4.93 gripper.pos=+29.19
DEBUG 2026-09-03 09:09:40 [action #96] t=5.25s step=95 queue=7 dmax=0.234 | shoulder_pan.pos=-10.93 shoulder_lift.pos=-33.96 elbow_flex.pos=+36.61 wrist_flex.pos=+76.19 wrist_roll.pos=-4.98 gripper.pos=+29.37
DEBUG 2026-09-03 09:09:40 [action #97] t=5.28s step=96 queue=6 dmax=1.325 | shoulder_pan.pos=-10.96 shoulder_lift.pos=-32.63 elbow_flex.pos=+35.84 wrist_flex.pos=+76.51 wrist_roll.pos=-4.98 gripper.pos=+29.56
DEBUG 2026-09-03 09:09:40 [action #98] t=5.32s step=97 queue=5 dmax=1.108 | shoulder_pan.pos=-11.04 shoulder_lift.pos=-31.53 elbow_flex.pos=+35.02 wrist_flex.pos=+76.79 wrist_roll.pos=-4.74 gripper.pos=+29.64
DEBUG 2026-09-03 09:09:40 [action #99] t=5.35s step=98 queue=4 dmax=0.822 | shoulder_pan.pos=-11.04 shoulder_lift.pos=-30.70 elbow_flex.pos=+34.40 wrist_flex.pos=+77.07 wrist_roll.pos=-4.71 gripper.pos=+29.92
DEBUG 2026-09-03 09:09:41 [action #100] t=5.38s step=99 queue=3 dmax=0.806 | shoulder_pan.pos=-11.25 shoulder_lift.pos=-29.90 elbow_flex.pos=+33.91 wrist_flex.pos=+77.42 wrist_roll.pos=-4.75 gripper.pos=+30.25
DEBUG 2026-09-03 09:09:41 [action #101] t=5.42s step=100 queue=2 dmax=1.379 | shoulder_pan.pos=-11.27 shoulder_lift.pos=-28.52 elbow_flex.pos=+33.45 wrist_flex.pos=+77.64 wrist_roll.pos=-4.73 gripper.pos=+30.43
DEBUG 2026-09-03 09:09:41 [action #102] t=5.45s step=101 queue=1 dmax=1.061 | shoulder_pan.pos=-11.30 shoulder_lift.pos=-27.46 elbow_flex.pos=+32.57 wrist_flex.pos=+77.85 wrist_roll.pos=-4.60 gripper.pos=+30.62
DEBUG 2026-09-03 09:09:41 [chunk] received 50 actions, timesteps 78..127 | first: shoulder_pan.pos=-6.63 shoulder_lift.pos=-61.75 elbow_flex.pos=+59.27 wrist_flex.pos=+62.63 wrist_roll.pos=-4.24 gripper.pos=+1.63 | last: shoulder_pan.pos=-8.81 shoulder_lift.pos=-26.98 elbow_flex.pos=+43.84 wrist_flex.pos=+67.18 wrist_roll.pos=-3.41 gripper.pos=+30.26
DEBUG 2026-09-03 09:09:41 [action #103] t=5.62s step=102 queue=26 dmax=14.654 | shoulder_pan.pos=-9.06 shoulder_lift.pos=-42.11 elbow_flex.pos=+47.16 wrist_flex.pos=+70.24 wrist_roll.pos=-5.63 gripper.pos=+28.72
DEBUG 2026-09-03 09:09:41 [action #104] t=5.65s step=103 queue=25 dmax=0.301 | shoulder_pan.pos=-8.76 shoulder_lift.pos=-42.30 elbow_flex.pos=+47.17 wrist_flex.pos=+70.45 wrist_roll.pos=-5.55 gripper.pos=+28.98
DEBUG 2026-09-03 09:09:41 [action #105] t=5.69s step=104 queue=24 dmax=0.909 | shoulder_pan.pos=-8.99 shoulder_lift.pos=-41.39 elbow_flex.pos=+47.32 wrist_flex.pos=+70.40 wrist_roll.pos=-5.50 gripper.pos=+29.11
DEBUG 2026-09-03 09:09:41 [action #106] t=5.72s step=105 queue=23 dmax=0.444 | shoulder_pan.pos=-8.85 shoulder_lift.pos=-41.44 elbow_flex.pos=+46.88 wrist_flex.pos=+70.63 wrist_roll.pos=-5.36 gripper.pos=+29.11
DEBUG 2026-09-03 09:09:41 [action #107] t=5.75s step=106 queue=22 dmax=0.541 | shoulder_pan.pos=-8.74 shoulder_lift.pos=-40.90 elbow_flex.pos=+46.53 wrist_flex.pos=+70.76 wrist_roll.pos=-5.39 gripper.pos=+29.15
DEBUG 2026-09-03 09:09:41 [action #108] t=5.79s step=107 queue=21 dmax=0.448 | shoulder_pan.pos=-8.82 shoulder_lift.pos=-40.45 elbow_flex.pos=+46.75 wrist_flex.pos=+70.55 wrist_roll.pos=-5.25 gripper.pos=+29.10
DEBUG 2026-09-03 09:09:41 [action #109] t=5.82s step=108 queue=20 dmax=0.272 | shoulder_pan.pos=-8.68 shoulder_lift.pos=-40.27 elbow_flex.pos=+46.48 wrist_flex.pos=+70.60 wrist_roll.pos=-5.29 gripper.pos=+29.16
DEBUG 2026-09-03 09:09:41 [action #110] t=5.85s step=109 queue=19 dmax=0.879 | shoulder_pan.pos=-8.67 shoulder_lift.pos=-39.39 elbow_flex.pos=+46.20 wrist_flex.pos=+70.65 wrist_roll.pos=-5.28 gripper.pos=+29.36
DEBUG 2026-09-03 09:09:41 [action #111] t=5.89s step=110 queue=18 dmax=0.710 | shoulder_pan.pos=-8.47 shoulder_lift.pos=-38.68 elbow_flex.pos=+46.06 wrist_flex.pos=+70.59 wrist_roll.pos=-5.15 gripper.pos=+29.39
DEBUG 2026-09-03 09:09:41 [action #112] t=5.92s step=111 queue=17 dmax=0.431 | shoulder_pan.pos=-8.10 shoulder_lift.pos=-38.29 elbow_flex.pos=+46.05 wrist_flex.pos=+70.16 wrist_roll.pos=-5.28 gripper.pos=+29.52
DEBUG 2026-09-03 09:09:41 [action #113] t=5.95s step=112 queue=16 dmax=0.599 | shoulder_pan.pos=-8.48 shoulder_lift.pos=-38.10 elbow_flex.pos=+46.65 wrist_flex.pos=+69.99 wrist_roll.pos=-5.08 gripper.pos=+29.64
DEBUG 2026-09-03 09:09:41 [action #114] t=5.99s step=113 queue=15 dmax=0.501 | shoulder_pan.pos=-8.49 shoulder_lift.pos=-37.60 elbow_flex.pos=+46.79 wrist_flex.pos=+69.77 wrist_roll.pos=-5.09 gripper.pos=+29.87
DEBUG 2026-09-03 09:09:41 [action #115] t=6.02s step=114 queue=14 dmax=0.324 | shoulder_pan.pos=-8.58 shoulder_lift.pos=-37.54 elbow_flex.pos=+46.47 wrist_flex.pos=+69.79 wrist_roll.pos=-5.00 gripper.pos=+29.91
DEBUG 2026-09-03 09:09:41 [action #116] t=6.05s step=115 queue=13 dmax=0.606 | shoulder_pan.pos=-8.63 shoulder_lift.pos=-36.94 elbow_flex.pos=+46.74 wrist_flex.pos=+69.32 wrist_roll.pos=-4.93 gripper.pos=+30.07
DEBUG 2026-09-03 09:09:41 [action #117] t=6.09s step=116 queue=12 dmax=1.027 | shoulder_pan.pos=-8.44 shoulder_lift.pos=-35.91 elbow_flex.pos=+46.62 wrist_flex.pos=+69.08 wrist_roll.pos=-4.76 gripper.pos=+30.26
DEBUG 2026-09-03 09:09:41 [action #118] t=6.12s step=117 queue=11 dmax=0.384 | shoulder_pan.pos=-8.56 shoulder_lift.pos=-35.94 elbow_flex.pos=+46.74 wrist_flex.pos=+68.70 wrist_roll.pos=-4.57 gripper.pos=+30.23
DEBUG 2026-09-03 09:09:41 [action #119] t=6.15s step=118 queue=10 dmax=1.058 | shoulder_pan.pos=-8.72 shoulder_lift.pos=-34.88 elbow_flex.pos=+46.15 wrist_flex.pos=+68.58 wrist_roll.pos=-4.41 gripper.pos=+30.21
DEBUG 2026-09-03 09:09:41 [action #120] t=6.19s step=119 queue=9 dmax=0.606 | shoulder_pan.pos=-8.53 shoulder_lift.pos=-34.40 elbow_flex.pos=+46.76 wrist_flex.pos=+68.35 wrist_roll.pos=-4.31 gripper.pos=+30.21
DEBUG 2026-09-03 09:09:41 [action #121] t=6.22s step=120 queue=8 dmax=0.597 | shoulder_pan.pos=-8.55 shoulder_lift.pos=-33.81 elbow_flex.pos=+46.58 wrist_flex.pos=+68.27 wrist_roll.pos=-4.16 gripper.pos=+30.25
DEBUG 2026-09-03 09:09:41 [action #122] t=6.25s step=121 queue=7 dmax=0.483 | shoulder_pan.pos=-8.65 shoulder_lift.pos=-33.36 elbow_flex.pos=+46.10 wrist_flex.pos=+68.03 wrist_roll.pos=-4.01 gripper.pos=+30.20
DEBUG 2026-09-03 09:09:41 [action #123] t=6.29s step=122 queue=6 dmax=0.893 | shoulder_pan.pos=-8.51 shoulder_lift.pos=-32.47 elbow_flex.pos=+45.92 wrist_flex.pos=+67.87 wrist_roll.pos=-3.90 gripper.pos=+30.27
DEBUG 2026-09-03 09:09:41 [action #124] t=6.32s step=123 queue=5 dmax=1.230 | shoulder_pan.pos=-8.64 shoulder_lift.pos=-31.24 elbow_flex.pos=+45.88 wrist_flex.pos=+67.75 wrist_roll.pos=-3.84 gripper.pos=+30.26
DEBUG 2026-09-03 09:09:41 [action #125] t=6.35s step=124 queue=4 dmax=1.045 | shoulder_pan.pos=-8.72 shoulder_lift.pos=-30.19 elbow_flex.pos=+45.17 wrist_flex.pos=+67.49 wrist_roll.pos=-3.75 gripper.pos=+30.33
DEBUG 2026-09-03 09:09:42 [action #126] t=6.39s step=125 queue=3 dmax=0.786 | shoulder_pan.pos=-8.93 shoulder_lift.pos=-29.41 elbow_flex.pos=+45.06 wrist_flex.pos=+67.39 wrist_roll.pos=-3.62 gripper.pos=+30.28
DEBUG 2026-09-03 09:09:42 [chunk] received 50 actions, timesteps 101..150 | first: shoulder_pan.pos=-10.99 shoulder_lift.pos=-26.48 elbow_flex.pos=+35.84 wrist_flex.pos=+76.70 wrist_roll.pos=-5.11 gripper.pos=+32.84 | last: shoulder_pan.pos=-10.30 shoulder_lift.pos=+5.24 elbow_flex.pos=+26.89 wrist_flex.pos=+70.24 wrist_roll.pos=-3.83 gripper.pos=+14.64
DEBUG 2026-09-03 09:09:42 [action #127] t=6.42s step=126 queue=25 dmax=14.516 | shoulder_pan.pos=-9.91 shoulder_lift.pos=-14.89 elbow_flex.pos=+36.75 wrist_flex.pos=+69.71 wrist_roll.pos=-4.39 gripper.pos=+34.71
DEBUG 2026-09-03 09:09:42 [action #128] t=6.46s step=127 queue=24 dmax=1.393 | shoulder_pan.pos=-9.91 shoulder_lift.pos=-13.50 elbow_flex.pos=+36.08 wrist_flex.pos=+69.29 wrist_roll.pos=-4.36 gripper.pos=+34.74
DEBUG 2026-09-03 09:09:42 [action #129] t=6.49s step=128 queue=23 dmax=7.045 | shoulder_pan.pos=-10.42 shoulder_lift.pos=-6.45 elbow_flex.pos=+32.66 wrist_flex.pos=+69.99 wrist_roll.pos=-4.61 gripper.pos=+36.69
DEBUG 2026-09-03 09:09:42 [action #130] t=6.52s step=129 queue=22 dmax=1.203 | shoulder_pan.pos=-10.43 shoulder_lift.pos=-5.25 elbow_flex.pos=+31.62 wrist_flex.pos=+69.56 wrist_roll.pos=-4.71 gripper.pos=+36.78
DEBUG 2026-09-03 09:09:42 [action #131] t=6.56s step=130 queue=21 dmax=0.385 | shoulder_pan.pos=-10.68 shoulder_lift.pos=-4.86 elbow_flex.pos=+31.34 wrist_flex.pos=+69.51 wrist_roll.pos=-4.62 gripper.pos=+36.65
DEBUG 2026-09-03 09:09:42 [action #132] t=6.59s step=131 queue=20 dmax=1.343 | shoulder_pan.pos=-10.45 shoulder_lift.pos=-3.52 elbow_flex.pos=+31.62 wrist_flex.pos=+69.18 wrist_roll.pos=-4.63 gripper.pos=+36.63
DEBUG 2026-09-03 09:09:42 [action #133] t=6.62s step=132 queue=19 dmax=0.906 | shoulder_pan.pos=-10.73 shoulder_lift.pos=-2.61 elbow_flex.pos=+30.87 wrist_flex.pos=+68.98 wrist_roll.pos=-4.72 gripper.pos=+36.54
DEBUG 2026-09-03 09:09:42 [action #134] t=6.66s step=133 queue=18 dmax=0.361 | shoulder_pan.pos=-10.54 shoulder_lift.pos=-2.61 elbow_flex.pos=+31.23 wrist_flex.pos=+68.67 wrist_roll.pos=-4.67 gripper.pos=+36.49
DEBUG 2026-09-03 09:09:42 [action #135] t=6.69s step=134 queue=17 dmax=1.627 | shoulder_pan.pos=-10.50 shoulder_lift.pos=-0.98 elbow_flex.pos=+30.57 wrist_flex.pos=+68.65 wrist_roll.pos=-4.53 gripper.pos=+36.41
DEBUG 2026-09-03 09:09:42 [action #136] t=6.72s step=135 queue=16 dmax=1.055 | shoulder_pan.pos=-10.61 shoulder_lift.pos=-0.08 elbow_flex.pos=+29.51 wrist_flex.pos=+68.30 wrist_roll.pos=-4.67 gripper.pos=+36.54
DEBUG 2026-09-03 09:09:42 [action #137] t=6.76s step=136 queue=15 dmax=0.675 | shoulder_pan.pos=-10.60 shoulder_lift.pos=+0.28 elbow_flex.pos=+30.18 wrist_flex.pos=+68.43 wrist_roll.pos=-4.51 gripper.pos=+36.51
DEBUG 2026-09-03 09:09:42 [action #138] t=6.79s step=137 queue=14 dmax=0.605 | shoulder_pan.pos=-10.51 shoulder_lift.pos=+0.89 elbow_flex.pos=+30.00 wrist_flex.pos=+68.64 wrist_roll.pos=-4.56 gripper.pos=+36.58
DEBUG 2026-09-03 09:09:42 [action #139] t=6.82s step=138 queue=13 dmax=0.618 | shoulder_pan.pos=-10.56 shoulder_lift.pos=+1.50 elbow_flex.pos=+29.91 wrist_flex.pos=+68.77 wrist_roll.pos=-4.68 gripper.pos=+36.61
DEBUG 2026-09-03 09:09:42 [action #140] t=6.86s step=139 queue=12 dmax=0.850 | shoulder_pan.pos=-10.66 shoulder_lift.pos=+2.35 elbow_flex.pos=+29.64 wrist_flex.pos=+68.61 wrist_roll.pos=-4.55 gripper.pos=+36.61
DEBUG 2026-09-03 09:09:42 [action #141] t=6.89s step=140 queue=11 dmax=0.704 | shoulder_pan.pos=-10.61 shoulder_lift.pos=+3.06 elbow_flex.pos=+29.49 wrist_flex.pos=+68.57 wrist_roll.pos=-4.57 gripper.pos=+36.54
DEBUG 2026-09-03 09:09:42 [action #142] t=6.92s step=141 queue=10 dmax=0.398 | shoulder_pan.pos=-10.42 shoulder_lift.pos=+3.46 elbow_flex.pos=+29.80 wrist_flex.pos=+68.84 wrist_roll.pos=-4.54 gripper.pos=+36.39
DEBUG 2026-09-03 09:09:42 [action #143] t=6.96s step=142 queue=9 dmax=1.179 | shoulder_pan.pos=-10.37 shoulder_lift.pos=+3.41 elbow_flex.pos=+29.00 wrist_flex.pos=+68.91 wrist_roll.pos=-4.60 gripper.pos=+35.21
DEBUG 2026-09-03 09:09:42 [action #144] t=6.99s step=143 queue=8 dmax=1.611 | shoulder_pan.pos=-10.22 shoulder_lift.pos=+3.97 elbow_flex.pos=+28.98 wrist_flex.pos=+69.24 wrist_roll.pos=-4.47 gripper.pos=+33.60
DEBUG 2026-09-03 09:09:42 [action #145] t=7.02s step=144 queue=7 dmax=3.323 | shoulder_pan.pos=-10.16 shoulder_lift.pos=+4.08 elbow_flex.pos=+28.45 wrist_flex.pos=+69.51 wrist_roll.pos=-4.54 gripper.pos=+30.28
DEBUG 2026-09-03 09:09:42 [action #146] t=7.06s step=145 queue=6 dmax=3.105 | shoulder_pan.pos=-10.49 shoulder_lift.pos=+4.47 elbow_flex.pos=+28.14 wrist_flex.pos=+69.66 wrist_roll.pos=-4.25 gripper.pos=+27.17
DEBUG 2026-09-03 09:09:42 [action #147] t=7.09s step=146 queue=5 dmax=3.046 | shoulder_pan.pos=-10.29 shoulder_lift.pos=+4.63 elbow_flex.pos=+27.62 wrist_flex.pos=+69.99 wrist_roll.pos=-4.08 gripper.pos=+24.13
DEBUG 2026-09-03 09:09:42 [action #148] t=7.12s step=147 queue=4 dmax=2.578 | shoulder_pan.pos=-10.22 shoulder_lift.pos=+4.84 elbow_flex.pos=+27.98 wrist_flex.pos=+70.13 wrist_roll.pos=-3.93 gripper.pos=+21.55
DEBUG 2026-09-03 09:09:42 [action #149] t=7.16s step=148 queue=3 dmax=2.844 | shoulder_pan.pos=-9.98 shoulder_lift.pos=+5.14 elbow_flex.pos=+26.75 wrist_flex.pos=+69.99 wrist_roll.pos=-3.90 gripper.pos=+18.71
DEBUG 2026-09-03 09:09:42 [action #150] t=7.19s step=149 queue=2 dmax=2.296 | shoulder_pan.pos=-10.02 shoulder_lift.pos=+5.99 elbow_flex.pos=+26.63 wrist_flex.pos=+70.05 wrist_roll.pos=-3.85 gripper.pos=+16.41
DEBUG 2026-09-03 09:09:42 [action #151] t=7.22s step=150 queue=1 dmax=1.768 | shoulder_pan.pos=-10.30 shoulder_lift.pos=+5.24 elbow_flex.pos=+26.89 wrist_flex.pos=+70.24 wrist_roll.pos=-3.83 gripper.pos=+14.64
DEBUG 2026-09-03 09:09:42 [chunk] received 50 actions, timesteps 125..174 | first: shoulder_pan.pos=-9.50 shoulder_lift.pos=-29.03 elbow_flex.pos=+45.15 wrist_flex.pos=+67.45 wrist_roll.pos=-5.20 gripper.pos=+31.08 | last: shoulder_pan.pos=-10.44 shoulder_lift.pos=+4.19 elbow_flex.pos=+28.66 wrist_flex.pos=+67.69 wrist_roll.pos=-3.67 gripper.pos=+7.42
DEBUG 2026-09-03 09:09:42 [action #152] t=7.32s step=151 queue=24 dmax=20.861 | shoulder_pan.pos=-10.31 shoulder_lift.pos=-1.77 elbow_flex.pos=+33.41 wrist_flex.pos=+66.24 wrist_roll.pos=-4.63 gripper.pos=+35.50
DEBUG 2026-09-03 09:09:42 [action #153] t=7.36s step=152 queue=23 dmax=0.497 | shoulder_pan.pos=-10.34 shoulder_lift.pos=-1.27 elbow_flex.pos=+33.02 wrist_flex.pos=+66.46 wrist_roll.pos=-4.72 gripper.pos=+35.61
DEBUG 2026-09-03 09:09:43 [action #154] t=7.39s step=153 queue=22 dmax=1.045 | shoulder_pan.pos=-10.31 shoulder_lift.pos=-0.23 elbow_flex.pos=+32.35 wrist_flex.pos=+66.31 wrist_roll.pos=-4.59 gripper.pos=+35.91
DEBUG 2026-09-03 09:09:43 [action #155] t=7.42s step=154 queue=21 dmax=0.486 | shoulder_pan.pos=-10.44 shoulder_lift.pos=+0.26 elbow_flex.pos=+32.34 wrist_flex.pos=+66.56 wrist_roll.pos=-4.63 gripper.pos=+36.31
DEBUG 2026-09-03 09:09:43 [action #156] t=7.46s step=155 queue=20 dmax=0.351 | shoulder_pan.pos=-10.36 shoulder_lift.pos=+0.61 elbow_flex.pos=+32.10 wrist_flex.pos=+66.45 wrist_roll.pos=-4.59 gripper.pos=+36.36
DEBUG 2026-09-03 09:09:43 [action #157] t=7.49s step=156 queue=19 dmax=1.223 | shoulder_pan.pos=-10.47 shoulder_lift.pos=+1.83 elbow_flex.pos=+31.56 wrist_flex.pos=+66.50 wrist_roll.pos=-4.53 gripper.pos=+36.24
DEBUG 2026-09-03 09:09:43 [action #158] t=7.53s step=157 queue=18 dmax=0.226 | shoulder_pan.pos=-10.42 shoulder_lift.pos=+2.00 elbow_flex.pos=+31.48 wrist_flex.pos=+66.73 wrist_roll.pos=-4.67 gripper.pos=+36.18
DEBUG 2026-09-03 09:09:43 [action #159] t=7.56s step=158 queue=17 dmax=0.856 | shoulder_pan.pos=-10.43 shoulder_lift.pos=+2.86 elbow_flex.pos=+31.17 wrist_flex.pos=+66.58 wrist_roll.pos=-4.57 gripper.pos=+36.12
DEBUG 2026-09-03 09:09:43 [action #160] t=7.59s step=159 queue=16 dmax=0.877 | shoulder_pan.pos=-10.20 shoulder_lift.pos=+3.74 elbow_flex.pos=+30.34 wrist_flex.pos=+66.69 wrist_roll.pos=-4.55 gripper.pos=+35.62
DEBUG 2026-09-03 09:09:43 [action #161] t=7.63s step=160 queue=15 dmax=0.887 | shoulder_pan.pos=-10.18 shoulder_lift.pos=+4.35 elbow_flex.pos=+30.18 wrist_flex.pos=+66.95 wrist_roll.pos=-4.49 gripper.pos=+34.73
DEBUG 2026-09-03 09:09:43 [action #162] t=7.66s step=161 queue=14 dmax=1.961 | shoulder_pan.pos=-9.97 shoulder_lift.pos=+4.67 elbow_flex.pos=+30.45 wrist_flex.pos=+67.15 wrist_roll.pos=-4.49 gripper.pos=+32.77
DEBUG 2026-09-03 09:09:43 [action #163] t=7.69s step=162 queue=13 dmax=2.680 | shoulder_pan.pos=-10.24 shoulder_lift.pos=+5.17 elbow_flex.pos=+29.85 wrist_flex.pos=+67.49 wrist_roll.pos=-4.21 gripper.pos=+30.09
DEBUG 2026-09-03 09:09:43 [action #164] t=7.73s step=163 queue=12 dmax=3.471 | shoulder_pan.pos=-10.23 shoulder_lift.pos=+5.80 elbow_flex.pos=+29.65 wrist_flex.pos=+67.65 wrist_roll.pos=-4.15 gripper.pos=+26.62
DEBUG 2026-09-03 09:09:43 [action #165] t=7.76s step=164 queue=11 dmax=3.274 | shoulder_pan.pos=-9.92 shoulder_lift.pos=+5.54 elbow_flex.pos=+28.84 wrist_flex.pos=+67.67 wrist_roll.pos=-3.92 gripper.pos=+23.35
DEBUG 2026-09-03 09:09:43 [action #166] t=7.79s step=165 queue=10 dmax=3.297 | shoulder_pan.pos=-10.03 shoulder_lift.pos=+5.83 elbow_flex.pos=+28.58 wrist_flex.pos=+67.53 wrist_roll.pos=-3.82 gripper.pos=+20.05
DEBUG 2026-09-03 09:09:43 [action #167] t=7.83s step=166 queue=9 dmax=2.727 | shoulder_pan.pos=-9.67 shoulder_lift.pos=+5.63 elbow_flex.pos=+29.41 wrist_flex.pos=+67.54 wrist_roll.pos=-3.79 gripper.pos=+17.32
DEBUG 2026-09-03 09:09:43 [action #168] t=7.86s step=167 queue=8 dmax=2.190 | shoulder_pan.pos=-9.75 shoulder_lift.pos=+5.36 elbow_flex.pos=+29.37 wrist_flex.pos=+67.35 wrist_roll.pos=-3.76 gripper.pos=+15.13
DEBUG 2026-09-03 09:09:43 [action #169] t=7.89s step=168 queue=7 dmax=1.862 | shoulder_pan.pos=-10.00 shoulder_lift.pos=+5.39 elbow_flex.pos=+29.20 wrist_flex.pos=+67.22 wrist_roll.pos=-3.81 gripper.pos=+13.27
DEBUG 2026-09-03 09:09:43 [action #170] t=7.93s step=169 queue=6 dmax=1.423 | shoulder_pan.pos=-9.82 shoulder_lift.pos=+4.58 elbow_flex.pos=+29.65 wrist_flex.pos=+67.38 wrist_roll.pos=-3.77 gripper.pos=+11.85
DEBUG 2026-09-03 09:09:43 [action #171] t=7.96s step=170 queue=5 dmax=1.435 | shoulder_pan.pos=-9.93 shoulder_lift.pos=+4.70 elbow_flex.pos=+29.29 wrist_flex.pos=+67.33 wrist_roll.pos=-3.71 gripper.pos=+10.41
DEBUG 2026-09-03 09:09:43 [action #172] t=7.99s step=171 queue=4 dmax=1.062 | shoulder_pan.pos=-9.98 shoulder_lift.pos=+4.60 elbow_flex.pos=+29.06 wrist_flex.pos=+67.34 wrist_roll.pos=-3.65 gripper.pos=+9.35
DEBUG 2026-09-03 09:09:43 [action #173] t=8.03s step=172 queue=3 dmax=0.715 | shoulder_pan.pos=-10.27 shoulder_lift.pos=+4.44 elbow_flex.pos=+28.82 wrist_flex.pos=+67.31 wrist_roll.pos=-3.64 gripper.pos=+8.64
DEBUG 2026-09-03 09:09:43 [action #174] t=8.06s step=173 queue=2 dmax=0.725 | shoulder_pan.pos=-10.33 shoulder_lift.pos=+4.91 elbow_flex.pos=+28.43 wrist_flex.pos=+67.49 wrist_roll.pos=-3.62 gripper.pos=+7.91
DEBUG 2026-09-03 09:09:43 [action #175] t=8.09s step=174 queue=1 dmax=0.718 | shoulder_pan.pos=-10.44 shoulder_lift.pos=+4.19 elbow_flex.pos=+28.66 wrist_flex.pos=+67.69 wrist_roll.pos=-3.67 gripper.pos=+7.42
DEBUG 2026-09-03 09:09:43 [chunk] received 50 actions, timesteps 150..199 | first: shoulder_pan.pos=-10.39 shoulder_lift.pos=+4.33 elbow_flex.pos=+25.75 wrist_flex.pos=+70.61 wrist_roll.pos=-4.39 gripper.pos=+13.50 | last: shoulder_pan.pos=+18.63 shoulder_lift.pos=-26.72 elbow_flex.pos=+20.02 wrist_flex.pos=+84.10 wrist_roll.pos=+7.54 gripper.pos=+9.48
DEBUG 2026-09-03 09:09:43 [action #176] t=8.23s step=175 queue=25 dmax=20.891 | shoulder_pan.pos=-8.85 shoulder_lift.pos=-16.70 elbow_flex.pos=+17.89 wrist_flex.pos=+87.86 wrist_roll.pos=-4.90 gripper.pos=+9.36
DEBUG 2026-09-03 09:09:43 [action #177] t=8.26s step=176 queue=24 dmax=1.527 | shoulder_pan.pos=-8.86 shoulder_lift.pos=-18.22 elbow_flex.pos=+17.47 wrist_flex.pos=+88.27 wrist_roll.pos=-4.81 gripper.pos=+9.26
DEBUG 2026-09-03 09:09:43 [action #178] t=8.29s step=177 queue=23 dmax=1.563 | shoulder_pan.pos=-8.59 shoulder_lift.pos=-19.79 elbow_flex.pos=+17.74 wrist_flex.pos=+89.09 wrist_roll.pos=-4.71 gripper.pos=+9.22
DEBUG 2026-09-03 09:09:43 [action #179] t=8.33s step=178 queue=22 dmax=2.651 | shoulder_pan.pos=-7.01 shoulder_lift.pos=-22.44 elbow_flex.pos=+18.44 wrist_flex.pos=+89.22 wrist_roll.pos=-4.37 gripper.pos=+9.26
DEBUG 2026-09-03 09:09:43 [action #180] t=8.36s step=179 queue=21 dmax=1.909 | shoulder_pan.pos=-6.75 shoulder_lift.pos=-23.09 elbow_flex.pos=+16.53 wrist_flex.pos=+89.49 wrist_roll.pos=-4.11 gripper.pos=+9.37
DEBUG 2026-09-03 09:09:44 [action #181] t=8.39s step=180 queue=20 dmax=1.665 | shoulder_pan.pos=-5.52 shoulder_lift.pos=-24.18 elbow_flex.pos=+18.19 wrist_flex.pos=+89.87 wrist_roll.pos=-3.61 gripper.pos=+9.22
DEBUG 2026-09-03 09:09:44 [action #182] t=8.43s step=181 queue=19 dmax=2.396 | shoulder_pan.pos=-4.31 shoulder_lift.pos=-26.58 elbow_flex.pos=+17.78 wrist_flex.pos=+90.04 wrist_roll.pos=-3.25 gripper.pos=+9.39
DEBUG 2026-09-03 09:09:44 [action #183] t=8.46s step=182 queue=18 dmax=0.753 | shoulder_pan.pos=-3.86 shoulder_lift.pos=-25.82 elbow_flex.pos=+17.81 wrist_flex.pos=+90.37 wrist_roll.pos=-2.83 gripper.pos=+9.32
DEBUG 2026-09-03 09:09:44 [action #184] t=8.50s step=183 queue=17 dmax=1.618 | shoulder_pan.pos=-2.29 shoulder_lift.pos=-27.44 elbow_flex.pos=+17.86 wrist_flex.pos=+90.33 wrist_roll.pos=-2.18 gripper.pos=+9.15
DEBUG 2026-09-03 09:09:44 [action #185] t=8.53s step=184 queue=16 dmax=1.593 | shoulder_pan.pos=-0.70 shoulder_lift.pos=-28.02 elbow_flex.pos=+17.18 wrist_flex.pos=+90.36 wrist_roll.pos=-1.08 gripper.pos=+9.23
DEBUG 2026-09-03 09:09:44 [action #186] t=8.56s step=185 queue=15 dmax=1.396 | shoulder_pan.pos=+0.60 shoulder_lift.pos=-29.38 elbow_flex.pos=+18.58 wrist_flex.pos=+90.44 wrist_roll.pos=-0.23 gripper.pos=+9.35
DEBUG 2026-09-03 09:09:44 [action #187] t=8.60s step=186 queue=14 dmax=1.430 | shoulder_pan.pos=+2.03 shoulder_lift.pos=-28.45 elbow_flex.pos=+17.56 wrist_flex.pos=+90.45 wrist_roll.pos=+0.71 gripper.pos=+9.07
DEBUG 2026-09-03 09:09:44 [action #188] t=8.63s step=187 queue=13 dmax=1.139 | shoulder_pan.pos=+3.16 shoulder_lift.pos=-29.30 elbow_flex.pos=+17.40 wrist_flex.pos=+90.34 wrist_roll.pos=+1.43 gripper.pos=+9.48
DEBUG 2026-09-03 09:09:44 [action #189] t=8.66s step=188 queue=12 dmax=1.712 | shoulder_pan.pos=+4.88 shoulder_lift.pos=-29.60 elbow_flex.pos=+17.99 wrist_flex.pos=+90.13 wrist_roll.pos=+1.83 gripper.pos=+9.48
DEBUG 2026-09-03 09:09:44 [action #190] t=8.70s step=189 queue=11 dmax=1.552 | shoulder_pan.pos=+6.43 shoulder_lift.pos=-29.24 elbow_flex.pos=+17.28 wrist_flex.pos=+90.03 wrist_roll.pos=+2.63 gripper.pos=+9.30
DEBUG 2026-09-03 09:09:44 [action #191] t=8.73s step=190 queue=10 dmax=1.205 | shoulder_pan.pos=+7.63 shoulder_lift.pos=-29.27 elbow_flex.pos=+17.52 wrist_flex.pos=+89.69 wrist_roll.pos=+3.11 gripper.pos=+9.38
DEBUG 2026-09-03 09:09:44 [action #192] t=8.76s step=191 queue=9 dmax=1.757 | shoulder_pan.pos=+9.39 shoulder_lift.pos=-29.28 elbow_flex.pos=+17.58 wrist_flex.pos=+89.48 wrist_roll.pos=+3.70 gripper.pos=+9.48
DEBUG 2026-09-03 09:09:44 [action #193] t=8.80s step=192 queue=8 dmax=1.070 | shoulder_pan.pos=+10.46 shoulder_lift.pos=-28.94 elbow_flex.pos=+17.46 wrist_flex.pos=+88.80 wrist_roll.pos=+4.07 gripper.pos=+9.56
DEBUG 2026-09-03 09:09:44 [action #194] t=8.83s step=193 queue=7 dmax=1.229 | shoulder_pan.pos=+11.69 shoulder_lift.pos=-28.77 elbow_flex.pos=+18.65 wrist_flex.pos=+88.69 wrist_roll.pos=+4.89 gripper.pos=+9.43
DEBUG 2026-09-03 09:09:44 [action #195] t=8.86s step=194 queue=6 dmax=1.053 | shoulder_pan.pos=+12.74 shoulder_lift.pos=-28.79 elbow_flex.pos=+18.36 wrist_flex.pos=+87.98 wrist_roll.pos=+5.11 gripper.pos=+9.24
DEBUG 2026-09-03 09:09:44 [action #196] t=8.90s step=195 queue=5 dmax=1.596 | shoulder_pan.pos=+14.34 shoulder_lift.pos=-27.67 elbow_flex.pos=+18.24 wrist_flex.pos=+87.24 wrist_roll.pos=+5.61 gripper.pos=+9.61
DEBUG 2026-09-03 09:09:44 [action #197] t=8.93s step=196 queue=4 dmax=1.030 | shoulder_pan.pos=+15.37 shoulder_lift.pos=-27.98 elbow_flex.pos=+19.23 wrist_flex.pos=+86.57 wrist_roll.pos=+6.16 gripper.pos=+9.62
DEBUG 2026-09-03 09:09:44 [action #198] t=8.96s step=197 queue=3 dmax=1.052 | shoulder_pan.pos=+16.42 shoulder_lift.pos=-27.48 elbow_flex.pos=+19.51 wrist_flex.pos=+85.61 wrist_roll.pos=+6.52 gripper.pos=+9.45
DEBUG 2026-09-03 09:09:44 [action #199] t=9.00s step=198 queue=2 dmax=1.364 | shoulder_pan.pos=+17.78 shoulder_lift.pos=-27.26 elbow_flex.pos=+19.02 wrist_flex.pos=+84.50 wrist_roll.pos=+6.96 gripper.pos=+9.38
DEBUG 2026-09-03 09:09:44 [action #200] t=9.03s step=199 queue=1 dmax=1.000 | shoulder_pan.pos=+18.63 shoulder_lift.pos=-26.72 elbow_flex.pos=+20.02 wrist_flex.pos=+84.10 wrist_roll.pos=+7.54 gripper.pos=+9.48
DEBUG 2026-09-03 09:09:44 [chunk] received 50 actions, timesteps 174..223 | first: shoulder_pan.pos=-10.56 shoulder_lift.pos=+3.06 elbow_flex.pos=+25.17 wrist_flex.pos=+69.42 wrist_roll.pos=-4.81 gripper.pos=+9.41 | last: shoulder_pan.pos=+20.50 shoulder_lift.pos=-25.75 elbow_flex.pos=+21.64 wrist_flex.pos=+78.74 wrist_roll.pos=+9.46 gripper.pos=+9.70
DEBUG 2026-09-03 09:09:44 [action #201] t=9.13s step=200 queue=24 dmax=23.912 | shoulder_pan.pos=-5.28 shoulder_lift.pos=-20.30 elbow_flex.pos=+15.77 wrist_flex.pos=+89.45 wrist_roll.pos=-3.82 gripper.pos=+10.10
DEBUG 2026-09-03 09:09:44 [action #202] t=9.16s step=201 queue=23 dmax=1.773 | shoulder_pan.pos=-3.94 shoulder_lift.pos=-22.07 elbow_flex.pos=+15.95 wrist_flex.pos=+89.69 wrist_roll.pos=-3.18 gripper.pos=+9.81
DEBUG 2026-09-03 09:09:44 [action #203] t=9.20s step=202 queue=22 dmax=1.665 | shoulder_pan.pos=-2.28 shoulder_lift.pos=-22.71 elbow_flex.pos=+15.73 wrist_flex.pos=+89.60 wrist_roll.pos=-2.51 gripper.pos=+9.85
DEBUG 2026-09-03 09:09:44 [action #204] t=9.23s step=203 queue=21 dmax=1.454 | shoulder_pan.pos=-0.82 shoulder_lift.pos=-23.68 elbow_flex.pos=+15.79 wrist_flex.pos=+89.60 wrist_roll.pos=-1.78 gripper.pos=+9.79
DEBUG 2026-09-03 09:09:44 [action #205] t=9.26s step=204 queue=20 dmax=1.602 | shoulder_pan.pos=+0.78 shoulder_lift.pos=-23.62 elbow_flex.pos=+15.02 wrist_flex.pos=+89.63 wrist_roll.pos=-0.78 gripper.pos=+9.72
DEBUG 2026-09-03 09:09:44 [action #206] t=9.30s step=205 queue=19 dmax=1.731 | shoulder_pan.pos=+2.51 shoulder_lift.pos=-24.08 elbow_flex.pos=+15.96 wrist_flex.pos=+89.66 wrist_roll.pos=+0.18 gripper.pos=+9.67
DEBUG 2026-09-03 09:09:44 [action #207] t=9.33s step=206 queue=18 dmax=1.639 | shoulder_pan.pos=+4.15 shoulder_lift.pos=-24.42 elbow_flex.pos=+15.87 wrist_flex.pos=+89.38 wrist_roll.pos=+1.03 gripper.pos=+9.45
DEBUG 2026-09-03 09:09:44 [action #208] t=9.36s step=207 queue=17 dmax=1.636 | shoulder_pan.pos=+5.79 shoulder_lift.pos=-24.79 elbow_flex.pos=+16.07 wrist_flex.pos=+89.05 wrist_roll.pos=+1.78 gripper.pos=+9.51
DEBUG 2026-09-03 09:09:45 [action #209] t=9.40s step=208 queue=16 dmax=1.294 | shoulder_pan.pos=+7.08 shoulder_lift.pos=-24.90 elbow_flex.pos=+16.27 wrist_flex.pos=+88.66 wrist_roll.pos=+2.81 gripper.pos=+9.67
DEBUG 2026-09-03 09:09:45 [action #210] t=9.43s step=209 queue=15 dmax=1.546 | shoulder_pan.pos=+8.63 shoulder_lift.pos=-24.90 elbow_flex.pos=+15.75 wrist_flex.pos=+88.62 wrist_roll.pos=+3.50 gripper.pos=+9.55
DEBUG 2026-09-03 09:09:45 [action #211] t=9.46s step=210 queue=14 dmax=1.310 | shoulder_pan.pos=+9.94 shoulder_lift.pos=-25.21 elbow_flex.pos=+16.47 wrist_flex.pos=+88.19 wrist_roll.pos=+4.18 gripper.pos=+9.44
DEBUG 2026-09-03 09:09:45 [action #212] t=9.50s step=211 queue=13 dmax=0.612 | shoulder_pan.pos=+10.46 shoulder_lift.pos=-25.72 elbow_flex.pos=+15.94 wrist_flex.pos=+88.05 wrist_roll.pos=+4.79 gripper.pos=+9.44
DEBUG 2026-09-03 09:09:45 [action #213] t=9.53s step=212 queue=12 dmax=0.831 | shoulder_pan.pos=+11.29 shoulder_lift.pos=-25.67 elbow_flex.pos=+16.77 wrist_flex.pos=+87.59 wrist_roll.pos=+5.12 gripper.pos=+9.33
DEBUG 2026-09-03 09:09:45 [action #214] t=9.57s step=213 queue=11 dmax=1.546 | shoulder_pan.pos=+12.83 shoulder_lift.pos=-25.86 elbow_flex.pos=+17.20 wrist_flex.pos=+87.09 wrist_roll.pos=+5.71 gripper.pos=+9.66
DEBUG 2026-09-03 09:09:45 [action #215] t=9.60s step=214 queue=10 dmax=0.624 | shoulder_pan.pos=+13.44 shoulder_lift.pos=-25.40 elbow_flex.pos=+16.69 wrist_flex.pos=+86.46 wrist_roll.pos=+6.20 gripper.pos=+9.43
DEBUG 2026-09-03 09:09:45 [action #216] t=9.63s step=215 queue=9 dmax=0.795 | shoulder_pan.pos=+14.19 shoulder_lift.pos=-25.96 elbow_flex.pos=+17.05 wrist_flex.pos=+85.67 wrist_roll.pos=+6.54 gripper.pos=+9.60
DEBUG 2026-09-03 09:09:45 [action #217] t=9.67s step=216 queue=8 dmax=1.479 | shoulder_pan.pos=+15.28 shoulder_lift.pos=-25.32 elbow_flex.pos=+18.53 wrist_flex.pos=+84.62 wrist_roll.pos=+6.94 gripper.pos=+9.60
DEBUG 2026-09-03 09:09:45 [action #218] t=9.70s step=217 queue=7 dmax=0.930 | shoulder_pan.pos=+16.07 shoulder_lift.pos=-26.12 elbow_flex.pos=+18.38 wrist_flex.pos=+83.69 wrist_roll.pos=+7.10 gripper.pos=+9.57
DEBUG 2026-09-03 09:09:45 [action #219] t=9.73s step=218 queue=6 dmax=1.083 | shoulder_pan.pos=+16.49 shoulder_lift.pos=-25.36 elbow_flex.pos=+19.46 wrist_flex.pos=+83.04 wrist_roll.pos=+7.56 gripper.pos=+9.61
DEBUG 2026-09-03 09:09:45 [action #220] t=9.77s step=219 queue=5 dmax=1.252 | shoulder_pan.pos=+17.69 shoulder_lift.pos=-25.46 elbow_flex.pos=+19.65 wrist_flex.pos=+81.79 wrist_roll.pos=+8.03 gripper.pos=+9.53
DEBUG 2026-09-03 09:09:45 [action #221] t=9.80s step=220 queue=4 dmax=1.248 | shoulder_pan.pos=+18.42 shoulder_lift.pos=-26.44 elbow_flex.pos=+20.90 wrist_flex.pos=+81.11 wrist_roll.pos=+8.45 gripper.pos=+9.51
DEBUG 2026-09-03 09:09:45 [action #222] t=9.83s step=221 queue=3 dmax=0.706 | shoulder_pan.pos=+19.06 shoulder_lift.pos=-25.85 elbow_flex.pos=+20.25 wrist_flex.pos=+80.40 wrist_roll.pos=+8.79 gripper.pos=+9.57
DEBUG 2026-09-03 09:09:45 [action #223] t=9.87s step=222 queue=2 dmax=0.837 | shoulder_pan.pos=+19.71 shoulder_lift.pos=-26.12 elbow_flex.pos=+20.80 wrist_flex.pos=+79.56 wrist_roll.pos=+9.08 gripper.pos=+9.63
DEBUG 2026-09-03 09:09:45 [action #224] t=9.90s step=223 queue=1 dmax=0.842 | shoulder_pan.pos=+20.50 shoulder_lift.pos=-25.75 elbow_flex.pos=+21.64 wrist_flex.pos=+78.74 wrist_roll.pos=+9.46 gripper.pos=+9.70
DEBUG 2026-09-03 09:09:45 [chunk] received 50 actions, timesteps 199..248 | first: shoulder_pan.pos=+20.62 shoulder_lift.pos=-26.65 elbow_flex.pos=+16.99 wrist_flex.pos=+83.14 wrist_roll.pos=+7.78 gripper.pos=+11.58 | last: shoulder_pan.pos=+38.90 shoulder_lift.pos=+4.46 elbow_flex.pos=+7.28 wrist_flex.pos=+62.52 wrist_roll.pos=+14.81 gripper.pos=+16.80
DEBUG 2026-09-03 09:09:45 [action #225] t=10.03s step=224 queue=25 dmax=16.215 | shoulder_pan.pos=+36.71 shoulder_lift.pos=-12.17 elbow_flex.pos=+10.88 wrist_flex.pos=+69.66 wrist_roll.pos=+13.66 gripper.pos=+11.51
DEBUG 2026-09-03 09:09:45 [action #226] t=10.07s step=225 queue=24 dmax=1.222 | shoulder_pan.pos=+37.00 shoulder_lift.pos=-10.94 elbow_flex.pos=+10.34 wrist_flex.pos=+69.04 wrist_roll.pos=+13.92 gripper.pos=+11.62
DEBUG 2026-09-03 09:09:45 [action #227] t=10.10s step=226 queue=23 dmax=0.421 | shoulder_pan.pos=+37.28 shoulder_lift.pos=-10.52 elbow_flex.pos=+10.01 wrist_flex.pos=+68.71 wrist_roll.pos=+13.84 gripper.pos=+11.66
DEBUG 2026-09-03 09:09:45 [action #228] t=10.13s step=227 queue=22 dmax=1.336 | shoulder_pan.pos=+37.67 shoulder_lift.pos=-9.19 elbow_flex.pos=+9.29 wrist_flex.pos=+68.35 wrist_roll.pos=+13.94 gripper.pos=+11.54
DEBUG 2026-09-03 09:09:45 [action #229] t=10.17s step=228 queue=21 dmax=1.431 | shoulder_pan.pos=+37.52 shoulder_lift.pos=-7.76 elbow_flex.pos=+9.00 wrist_flex.pos=+68.02 wrist_roll.pos=+14.10 gripper.pos=+11.44
DEBUG 2026-09-03 09:09:45 [action #230] t=10.20s step=229 queue=20 dmax=1.532 | shoulder_pan.pos=+37.80 shoulder_lift.pos=-6.23 elbow_flex.pos=+8.24 wrist_flex.pos=+67.76 wrist_roll.pos=+13.99 gripper.pos=+11.51
DEBUG 2026-09-03 09:09:45 [action #231] t=10.23s step=230 queue=19 dmax=0.770 | shoulder_pan.pos=+37.99 shoulder_lift.pos=-5.46 elbow_flex.pos=+8.18 wrist_flex.pos=+67.52 wrist_roll.pos=+14.00 gripper.pos=+11.46
DEBUG 2026-09-03 09:09:45 [action #232] t=10.27s step=231 queue=18 dmax=0.716 | shoulder_pan.pos=+38.10 shoulder_lift.pos=-4.74 elbow_flex.pos=+8.17 wrist_flex.pos=+67.05 wrist_roll.pos=+14.30 gripper.pos=+11.33
DEBUG 2026-09-03 09:09:45 [action #233] t=10.30s step=232 queue=17 dmax=0.973 | shoulder_pan.pos=+38.22 shoulder_lift.pos=-3.77 elbow_flex.pos=+7.54 wrist_flex.pos=+66.99 wrist_roll.pos=+14.09 gripper.pos=+11.47
DEBUG 2026-09-03 09:09:45 [action #234] t=10.33s step=233 queue=16 dmax=0.812 | shoulder_pan.pos=+38.38 shoulder_lift.pos=-2.95 elbow_flex.pos=+7.40 wrist_flex.pos=+66.49 wrist_roll.pos=+14.14 gripper.pos=+11.39
DEBUG 2026-09-03 09:09:45 [action #235] t=10.37s step=234 queue=15 dmax=1.310 | shoulder_pan.pos=+38.44 shoulder_lift.pos=-1.64 elbow_flex.pos=+7.69 wrist_flex.pos=+66.33 wrist_roll.pos=+14.26 gripper.pos=+11.28
DEBUG 2026-09-03 09:09:46 [action #236] t=10.40s step=235 queue=14 dmax=0.606 | shoulder_pan.pos=+38.73 shoulder_lift.pos=-1.53 elbow_flex.pos=+7.24 wrist_flex.pos=+65.72 wrist_roll.pos=+14.35 gripper.pos=+11.47
DEBUG 2026-09-03 09:09:46 [action #237] t=10.43s step=236 queue=13 dmax=0.677 | shoulder_pan.pos=+38.66 shoulder_lift.pos=-0.86 elbow_flex.pos=+7.16 wrist_flex.pos=+65.55 wrist_roll.pos=+14.27 gripper.pos=+11.49
DEBUG 2026-09-03 09:09:46 [action #238] t=10.47s step=237 queue=12 dmax=0.415 | shoulder_pan.pos=+38.75 shoulder_lift.pos=-0.44 elbow_flex.pos=+7.50 wrist_flex.pos=+65.30 wrist_roll.pos=+14.36 gripper.pos=+11.27
DEBUG 2026-09-03 09:09:46 [action #239] t=10.50s step=238 queue=11 dmax=1.385 | shoulder_pan.pos=+39.00 shoulder_lift.pos=+0.94 elbow_flex.pos=+7.74 wrist_flex.pos=+64.70 wrist_roll.pos=+14.25 gripper.pos=+11.36
DEBUG 2026-09-03 09:09:46 [action #240] t=10.53s step=239 queue=10 dmax=0.521 | shoulder_pan.pos=+38.77 shoulder_lift.pos=+1.44 elbow_flex.pos=+7.27 wrist_flex.pos=+64.18 wrist_roll.pos=+14.41 gripper.pos=+11.43
DEBUG 2026-09-03 09:09:46 [action #241] t=10.57s step=240 queue=9 dmax=0.435 | shoulder_pan.pos=+38.95 shoulder_lift.pos=+1.65 elbow_flex.pos=+7.70 wrist_flex.pos=+63.83 wrist_roll.pos=+14.42 gripper.pos=+11.22
DEBUG 2026-09-03 09:09:46 [action #242] t=10.60s step=241 queue=8 dmax=0.848 | shoulder_pan.pos=+39.06 shoulder_lift.pos=+2.50 elbow_flex.pos=+8.15 wrist_flex.pos=+63.39 wrist_roll.pos=+14.32 gripper.pos=+11.28
DEBUG 2026-09-03 09:09:46 [action #243] t=10.63s step=242 queue=7 dmax=0.617 | shoulder_pan.pos=+38.94 shoulder_lift.pos=+3.11 elbow_flex.pos=+8.42 wrist_flex.pos=+62.81 wrist_roll.pos=+14.39 gripper.pos=+11.29
DEBUG 2026-09-03 09:09:46 [action #244] t=10.67s step=243 queue=6 dmax=0.247 | shoulder_pan.pos=+38.92 shoulder_lift.pos=+3.32 elbow_flex.pos=+8.52 wrist_flex.pos=+62.56 wrist_roll.pos=+14.45 gripper.pos=+11.21
DEBUG 2026-09-03 09:09:46 [action #245] t=10.70s step=244 queue=5 dmax=0.551 | shoulder_pan.pos=+38.91 shoulder_lift.pos=+3.25 elbow_flex.pos=+7.97 wrist_flex.pos=+62.24 wrist_roll.pos=+14.43 gripper.pos=+11.34
DEBUG 2026-09-03 09:09:46 [action #246] t=10.73s step=245 queue=4 dmax=0.625 | shoulder_pan.pos=+38.89 shoulder_lift.pos=+3.87 elbow_flex.pos=+8.12 wrist_flex.pos=+62.35 wrist_roll.pos=+14.56 gripper.pos=+11.66
DEBUG 2026-09-03 09:09:46 [action #247] t=10.77s step=246 queue=3 dmax=1.038 | shoulder_pan.pos=+38.70 shoulder_lift.pos=+3.84 elbow_flex.pos=+7.79 wrist_flex.pos=+62.61 wrist_roll.pos=+14.61 gripper.pos=+12.69
DEBUG 2026-09-03 09:09:46 [action #248] t=10.80s step=247 queue=2 dmax=1.761 | shoulder_pan.pos=+38.67 shoulder_lift.pos=+4.08 elbow_flex.pos=+7.87 wrist_flex.pos=+62.59 wrist_roll.pos=+14.68 gripper.pos=+14.45
DEBUG 2026-09-03 09:09:46 [action #249] t=10.84s step=248 queue=1 dmax=2.344 | shoulder_pan.pos=+38.90 shoulder_lift.pos=+4.46 elbow_flex.pos=+7.28 wrist_flex.pos=+62.52 wrist_roll.pos=+14.81 gripper.pos=+16.80
DEBUG 2026-09-03 09:09:46 [chunk] received 50 actions, timesteps 223..272 | first: shoulder_pan.pos=+23.57 shoulder_lift.pos=-22.33 elbow_flex.pos=+17.64 wrist_flex.pos=+78.41 wrist_roll.pos=+9.67 gripper.pos=+11.79 | last: shoulder_pan.pos=+38.11 shoulder_lift.pos=+10.07 elbow_flex.pos=+4.95 wrist_flex.pos=+65.24 wrist_roll.pos=+15.35 gripper.pos=+30.87
DEBUG 2026-09-03 09:09:46 [action #250] t=10.97s step=249 queue=24 dmax=5.967 | shoulder_pan.pos=+37.18 shoulder_lift.pos=-1.28 elbow_flex.pos=+8.39 wrist_flex.pos=+68.49 wrist_roll.pos=+14.42 gripper.pos=+12.08
DEBUG 2026-09-03 09:09:46 [action #251] t=11.00s step=250 queue=23 dmax=0.526 | shoulder_pan.pos=+37.71 shoulder_lift.pos=-1.10 elbow_flex.pos=+7.99 wrist_flex.pos=+68.22 wrist_roll.pos=+14.57 gripper.pos=+12.11
DEBUG 2026-09-03 09:09:46 [action #252] t=11.04s step=251 queue=22 dmax=0.561 | shoulder_pan.pos=+37.99 shoulder_lift.pos=-0.54 elbow_flex.pos=+7.83 wrist_flex.pos=+68.07 wrist_roll.pos=+14.75 gripper.pos=+12.11
DEBUG 2026-09-03 09:09:46 [action #253] t=11.07s step=252 queue=21 dmax=0.973 | shoulder_pan.pos=+37.91 shoulder_lift.pos=+0.43 elbow_flex.pos=+7.54 wrist_flex.pos=+67.86 wrist_roll.pos=+14.81 gripper.pos=+11.88
DEBUG 2026-09-03 09:09:46 [action #254] t=11.10s step=253 queue=20 dmax=0.345 | shoulder_pan.pos=+38.22 shoulder_lift.pos=+0.77 elbow_flex.pos=+7.59 wrist_flex.pos=+67.75 wrist_roll.pos=+14.81 gripper.pos=+11.94
DEBUG 2026-09-03 09:09:46 [action #255] t=11.14s step=254 queue=19 dmax=0.810 | shoulder_pan.pos=+38.48 shoulder_lift.pos=+1.58 elbow_flex.pos=+7.15 wrist_flex.pos=+67.30 wrist_roll.pos=+14.83 gripper.pos=+11.94
DEBUG 2026-09-03 09:09:46 [action #256] t=11.17s step=255 queue=18 dmax=0.284 | shoulder_pan.pos=+38.39 shoulder_lift.pos=+1.87 elbow_flex.pos=+6.91 wrist_flex.pos=+67.15 wrist_roll.pos=+15.01 gripper.pos=+11.84
DEBUG 2026-09-03 09:09:46 [action #257] t=11.20s step=256 queue=17 dmax=0.910 | shoulder_pan.pos=+38.62 shoulder_lift.pos=+2.78 elbow_flex.pos=+7.29 wrist_flex.pos=+67.12 wrist_roll.pos=+15.01 gripper.pos=+11.95
DEBUG 2026-09-03 09:09:46 [action #258] t=11.24s step=257 queue=16 dmax=0.814 | shoulder_pan.pos=+38.99 shoulder_lift.pos=+3.43 elbow_flex.pos=+6.47 wrist_flex.pos=+66.72 wrist_roll.pos=+15.10 gripper.pos=+11.97
DEBUG 2026-09-03 09:09:46 [action #259] t=11.27s step=258 queue=15 dmax=0.771 | shoulder_pan.pos=+38.96 shoulder_lift.pos=+3.63 elbow_flex.pos=+7.25 wrist_flex.pos=+66.65 wrist_roll.pos=+15.19 gripper.pos=+11.85
DEBUG 2026-09-03 09:09:46 [action #260] t=11.30s step=259 queue=14 dmax=0.935 | shoulder_pan.pos=+39.02 shoulder_lift.pos=+4.56 elbow_flex.pos=+7.07 wrist_flex.pos=+66.29 wrist_roll.pos=+15.18 gripper.pos=+11.85
DEBUG 2026-09-03 09:09:46 [action #261] t=11.34s step=260 queue=13 dmax=0.445 | shoulder_pan.pos=+39.46 shoulder_lift.pos=+4.92 elbow_flex.pos=+6.80 wrist_flex.pos=+66.07 wrist_roll.pos=+15.27 gripper.pos=+11.77
DEBUG 2026-09-03 09:09:46 [action #262] t=11.37s step=261 queue=12 dmax=0.738 | shoulder_pan.pos=+39.44 shoulder_lift.pos=+5.64 elbow_flex.pos=+6.06 wrist_flex.pos=+65.79 wrist_roll.pos=+15.28 gripper.pos=+11.70
DEBUG 2026-09-03 09:09:47 [action #263] t=11.40s step=262 queue=11 dmax=0.855 | shoulder_pan.pos=+39.53 shoulder_lift.pos=+6.49 elbow_flex.pos=+5.76 wrist_flex.pos=+65.64 wrist_roll.pos=+15.31 gripper.pos=+11.64
DEBUG 2026-09-03 09:09:47 [action #264] t=11.44s step=263 queue=10 dmax=1.159 | shoulder_pan.pos=+39.66 shoulder_lift.pos=+7.65 elbow_flex.pos=+5.99 wrist_flex.pos=+65.50 wrist_roll.pos=+15.26 gripper.pos=+11.83
DEBUG 2026-09-03 09:09:47 [action #265] t=11.47s step=264 queue=9 dmax=0.632 | shoulder_pan.pos=+39.79 shoulder_lift.pos=+8.28 elbow_flex.pos=+5.36 wrist_flex.pos=+65.38 wrist_roll.pos=+15.26 gripper.pos=+11.98
DEBUG 2026-09-03 09:09:47 [action #266] t=11.50s step=265 queue=8 dmax=0.740 | shoulder_pan.pos=+39.81 shoulder_lift.pos=+8.66 elbow_flex.pos=+5.32 wrist_flex.pos=+65.32 wrist_roll.pos=+15.09 gripper.pos=+12.72
DEBUG 2026-09-03 09:09:47 [action #267] t=11.54s step=266 queue=7 dmax=2.169 | shoulder_pan.pos=+39.55 shoulder_lift.pos=+8.67 elbow_flex.pos=+4.96 wrist_flex.pos=+65.26 wrist_roll.pos=+15.38 gripper.pos=+14.89
DEBUG 2026-09-03 09:09:47 [action #268] t=11.57s step=267 queue=6 dmax=3.525 | shoulder_pan.pos=+39.14 shoulder_lift.pos=+8.81 elbow_flex.pos=+4.27 wrist_flex.pos=+65.35 wrist_roll.pos=+15.43 gripper.pos=+18.42
DEBUG 2026-09-03 09:09:47 [action #269] t=11.60s step=268 queue=5 dmax=3.578 | shoulder_pan.pos=+39.00 shoulder_lift.pos=+9.44 elbow_flex.pos=+4.97 wrist_flex.pos=+65.40 wrist_roll.pos=+15.31 gripper.pos=+21.99
DEBUG 2026-09-03 09:09:47 [action #270] t=11.64s step=269 queue=4 dmax=3.215 | shoulder_pan.pos=+38.69 shoulder_lift.pos=+9.68 elbow_flex.pos=+4.71 wrist_flex.pos=+65.29 wrist_roll.pos=+15.41 gripper.pos=+25.21
DEBUG 2026-09-03 09:09:47 [action #271] t=11.67s step=270 queue=3 dmax=2.655 | shoulder_pan.pos=+38.51 shoulder_lift.pos=+9.81 elbow_flex.pos=+4.71 wrist_flex.pos=+65.40 wrist_roll.pos=+15.31 gripper.pos=+27.86
DEBUG 2026-09-03 09:09:47 [action #272] t=11.70s step=271 queue=2 dmax=1.811 | shoulder_pan.pos=+38.31 shoulder_lift.pos=+9.85 elbow_flex.pos=+4.74 wrist_flex.pos=+65.29 wrist_roll.pos=+15.34 gripper.pos=+29.67
DEBUG 2026-09-03 09:09:47 [action #273] t=11.74s step=272 queue=1 dmax=1.199 | shoulder_pan.pos=+38.11 shoulder_lift.pos=+10.07 elbow_flex.pos=+4.95 wrist_flex.pos=+65.24 wrist_roll.pos=+15.35 gripper.pos=+30.87
DEBUG 2026-09-03 09:09:47 [chunk] received 50 actions, timesteps 248..297 | first: shoulder_pan.pos=+36.75 shoulder_lift.pos=+1.02 elbow_flex.pos=+9.79 wrist_flex.pos=+61.23 wrist_roll.pos=+15.16 gripper.pos=+15.26 | last: shoulder_pan.pos=+25.95 shoulder_lift.pos=-12.87 elbow_flex.pos=-1.39 wrist_flex.pos=+93.80 wrist_roll.pos=+16.16 gripper.pos=+35.73
DEBUG 2026-09-03 09:09:47 [action #274] t=11.84s step=273 queue=25 dmax=11.914 | shoulder_pan.pos=+36.46 shoulder_lift.pos=-1.02 elbow_flex.pos=+16.86 wrist_flex.pos=+61.75 wrist_roll.pos=+15.85 gripper.pos=+35.15
DEBUG 2026-09-03 09:09:47 [action #275] t=11.87s step=274 queue=24 dmax=0.700 | shoulder_pan.pos=+36.36 shoulder_lift.pos=-0.65 elbow_flex.pos=+16.78 wrist_flex.pos=+62.45 wrist_roll.pos=+15.98 gripper.pos=+35.71
DEBUG 2026-09-03 09:09:47 [action #276] t=11.91s step=275 queue=23 dmax=1.240 | shoulder_pan.pos=+36.44 shoulder_lift.pos=-1.89 elbow_flex.pos=+16.77 wrist_flex.pos=+63.06 wrist_roll.pos=+15.98 gripper.pos=+36.15
DEBUG 2026-09-03 09:09:47 [action #277] t=11.94s step=276 queue=22 dmax=0.674 | shoulder_pan.pos=+36.17 shoulder_lift.pos=-1.90 elbow_flex.pos=+16.63 wrist_flex.pos=+63.74 wrist_roll.pos=+16.26 gripper.pos=+36.50
DEBUG 2026-09-03 09:09:47 [action #278] t=11.97s step=277 queue=21 dmax=0.792 | shoulder_pan.pos=+36.08 shoulder_lift.pos=-1.86 elbow_flex.pos=+16.60 wrist_flex.pos=+64.53 wrist_roll.pos=+16.28 gripper.pos=+36.51
DEBUG 2026-09-03 09:09:47 [action #279] t=12.01s step=278 queue=20 dmax=0.768 | shoulder_pan.pos=+36.05 shoulder_lift.pos=-2.38 elbow_flex.pos=+16.83 wrist_flex.pos=+65.30 wrist_roll.pos=+16.18 gripper.pos=+36.29
DEBUG 2026-09-03 09:09:47 [action #280] t=12.04s step=279 queue=19 dmax=0.784 | shoulder_pan.pos=+35.89 shoulder_lift.pos=-3.10 elbow_flex.pos=+16.45 wrist_flex.pos=+66.08 wrist_roll.pos=+16.42 gripper.pos=+36.03
DEBUG 2026-09-03 09:09:47 [action #281] t=12.07s step=280 queue=18 dmax=0.953 | shoulder_pan.pos=+35.83 shoulder_lift.pos=-3.27 elbow_flex.pos=+15.91 wrist_flex.pos=+67.03 wrist_roll.pos=+16.49 gripper.pos=+35.97
DEBUG 2026-09-03 09:09:47 [action #282] t=12.11s step=281 queue=17 dmax=1.065 | shoulder_pan.pos=+35.91 shoulder_lift.pos=-4.34 elbow_flex.pos=+15.53 wrist_flex.pos=+68.03 wrist_roll.pos=+16.63 gripper.pos=+35.99
DEBUG 2026-09-03 09:09:47 [action #283] t=12.14s step=282 queue=16 dmax=1.072 | shoulder_pan.pos=+35.83 shoulder_lift.pos=-4.58 elbow_flex.pos=+15.16 wrist_flex.pos=+69.10 wrist_roll.pos=+16.54 gripper.pos=+36.00
DEBUG 2026-09-03 09:09:47 [action #284] t=12.17s step=283 queue=15 dmax=1.558 | shoulder_pan.pos=+35.51 shoulder_lift.pos=-5.46 elbow_flex.pos=+14.30 wrist_flex.pos=+70.66 wrist_roll.pos=+16.63 gripper.pos=+36.08
DEBUG 2026-09-03 09:09:47 [action #285] t=12.21s step=284 queue=14 dmax=1.766 | shoulder_pan.pos=+34.98 shoulder_lift.pos=-6.16 elbow_flex.pos=+13.31 wrist_flex.pos=+72.43 wrist_roll.pos=+16.68 gripper.pos=+36.05
DEBUG 2026-09-03 09:09:47 [action #286] t=12.24s step=285 queue=13 dmax=2.039 | shoulder_pan.pos=+34.45 shoulder_lift.pos=-6.65 elbow_flex.pos=+12.33 wrist_flex.pos=+74.46 wrist_roll.pos=+16.67 gripper.pos=+36.13
DEBUG 2026-09-03 09:09:47 [action #287] t=12.27s step=286 queue=12 dmax=2.179 | shoulder_pan.pos=+33.99 shoulder_lift.pos=-7.01 elbow_flex.pos=+10.69 wrist_flex.pos=+76.64 wrist_roll.pos=+16.63 gripper.pos=+36.12
DEBUG 2026-09-03 09:09:47 [action #288] t=12.31s step=287 queue=11 dmax=2.160 | shoulder_pan.pos=+33.52 shoulder_lift.pos=-7.67 elbow_flex.pos=+9.36 wrist_flex.pos=+78.80 wrist_roll.pos=+16.68 gripper.pos=+36.10
DEBUG 2026-09-03 09:09:47 [action #289] t=12.34s step=288 queue=10 dmax=1.964 | shoulder_pan.pos=+32.93 shoulder_lift.pos=-7.42 elbow_flex.pos=+7.97 wrist_flex.pos=+80.77 wrist_roll.pos=+16.54 gripper.pos=+36.13
DEBUG 2026-09-03 09:09:47 [action #290] t=12.37s step=289 queue=9 dmax=1.933 | shoulder_pan.pos=+32.38 shoulder_lift.pos=-8.10 elbow_flex.pos=+6.46 wrist_flex.pos=+82.70 wrist_roll.pos=+16.61 gripper.pos=+36.16
DEBUG 2026-09-03 09:09:48 [action #291] t=12.41s step=290 queue=8 dmax=1.604 | shoulder_pan.pos=+31.73 shoulder_lift.pos=-7.75 elbow_flex.pos=+5.12 wrist_flex.pos=+84.30 wrist_roll.pos=+16.64 gripper.pos=+36.08
DEBUG 2026-09-03 09:09:48 [action #292] t=12.44s step=291 queue=7 dmax=1.481 | shoulder_pan.pos=+31.06 shoulder_lift.pos=-8.68 elbow_flex.pos=+3.97 wrist_flex.pos=+85.79 wrist_roll.pos=+16.64 gripper.pos=+36.11
DEBUG 2026-09-03 09:09:48 [action #293] t=12.47s step=292 queue=6 dmax=1.285 | shoulder_pan.pos=+30.37 shoulder_lift.pos=-8.66 elbow_flex.pos=+2.99 wrist_flex.pos=+87.07 wrist_roll.pos=+16.61 gripper.pos=+36.07
DEBUG 2026-09-03 09:09:48 [action #294] t=12.51s step=293 queue=5 dmax=1.202 | shoulder_pan.pos=+29.68 shoulder_lift.pos=-9.25 elbow_flex.pos=+2.07 wrist_flex.pos=+88.27 wrist_roll.pos=+16.43 gripper.pos=+35.94
DEBUG 2026-09-03 09:09:48 [action #295] t=12.54s step=294 queue=4 dmax=1.595 | shoulder_pan.pos=+28.93 shoulder_lift.pos=-9.50 elbow_flex.pos=+1.06 wrist_flex.pos=+89.87 wrist_roll.pos=+16.47 gripper.pos=+36.00
DEBUG 2026-09-03 09:09:48 [action #296] t=12.57s step=295 queue=3 dmax=1.291 | shoulder_pan.pos=+28.06 shoulder_lift.pos=-10.70 elbow_flex.pos=+0.54 wrist_flex.pos=+91.16 wrist_roll.pos=+16.35 gripper.pos=+35.90
DEBUG 2026-09-03 09:09:48 [action #297] t=12.61s step=296 queue=2 dmax=1.439 | shoulder_pan.pos=+27.17 shoulder_lift.pos=-11.65 elbow_flex.pos=-0.48 wrist_flex.pos=+92.60 wrist_roll.pos=+16.23 gripper.pos=+35.85
DEBUG 2026-09-03 09:09:48 [action #298] t=12.64s step=297 queue=1 dmax=1.217 | shoulder_pan.pos=+25.95 shoulder_lift.pos=-12.87 elbow_flex.pos=-1.39 wrist_flex.pos=+93.80 wrist_roll.pos=+16.16 gripper.pos=+35.73
DEBUG 2026-09-03 09:09:48 [chunk] received 50 actions, timesteps 272..321 | first: shoulder_pan.pos=+32.70 shoulder_lift.pos=+3.15 elbow_flex.pos=+8.86 wrist_flex.pos=+66.33 wrist_roll.pos=+16.52 gripper.pos=+33.76 | last: shoulder_pan.pos=+5.85 shoulder_lift.pos=-43.53 elbow_flex.pos=+14.95 wrist_flex.pos=+93.94 wrist_roll.pos=+11.93 gripper.pos=+4.21
DEBUG 2026-09-03 09:09:48 [action #299] t=12.74s step=298 queue=24 dmax=5.957 | shoulder_pan.pos=+30.96 shoulder_lift.pos=-10.94 elbow_flex.pos=+0.76 wrist_flex.pos=+87.84 wrist_roll.pos=+17.73 gripper.pos=+37.75
DEBUG 2026-09-03 09:09:48 [action #300] t=12.77s step=299 queue=23 dmax=1.998 | shoulder_pan.pos=+30.06 shoulder_lift.pos=-10.30 elbow_flex.pos=-1.16 wrist_flex.pos=+89.84 wrist_roll.pos=+17.68 gripper.pos=+37.58
DEBUG 2026-09-03 09:09:48 [action #301] t=12.81s step=300 queue=22 dmax=1.966 | shoulder_pan.pos=+29.67 shoulder_lift.pos=-11.86 elbow_flex.pos=-2.43 wrist_flex.pos=+91.80 wrist_roll.pos=+17.59 gripper.pos=+37.72
DEBUG 2026-09-03 09:09:48 [action #302] t=12.84s step=301 queue=21 dmax=2.009 | shoulder_pan.pos=+28.82 shoulder_lift.pos=-12.08 elbow_flex.pos=-4.44 wrist_flex.pos=+93.37 wrist_roll.pos=+17.47 gripper.pos=+37.72
DEBUG 2026-09-03 09:09:48 [action #303] t=12.88s step=302 queue=20 dmax=1.978 | shoulder_pan.pos=+28.22 shoulder_lift.pos=-13.14 elbow_flex.pos=-6.42 wrist_flex.pos=+94.41 wrist_roll.pos=+17.38 gripper.pos=+37.76
DEBUG 2026-09-03 09:09:48 [action #304] t=12.91s step=303 queue=19 dmax=1.232 | shoulder_pan.pos=+27.18 shoulder_lift.pos=-13.22 elbow_flex.pos=-7.02 wrist_flex.pos=+95.64 wrist_roll.pos=+17.25 gripper.pos=+37.60
DEBUG 2026-09-03 09:09:48 [action #305] t=12.94s step=304 queue=18 dmax=1.012 | shoulder_pan.pos=+26.26 shoulder_lift.pos=-14.24 elbow_flex.pos=-7.31 wrist_flex.pos=+96.08 wrist_roll.pos=+17.11 gripper.pos=+37.61
DEBUG 2026-09-03 09:09:48 [action #306] t=12.98s step=305 queue=17 dmax=1.610 | shoulder_pan.pos=+25.01 shoulder_lift.pos=-15.85 elbow_flex.pos=-6.82 wrist_flex.pos=+96.53 wrist_roll.pos=+16.93 gripper.pos=+37.57
DEBUG 2026-09-03 09:09:48 [action #307] t=13.01s step=306 queue=16 dmax=1.427 | shoulder_pan.pos=+24.28 shoulder_lift.pos=-17.27 elbow_flex.pos=-6.30 wrist_flex.pos=+96.76 wrist_roll.pos=+17.03 gripper.pos=+37.49
DEBUG 2026-09-03 09:09:48 [action #308] t=13.04s step=307 queue=15 dmax=1.939 | shoulder_pan.pos=+23.38 shoulder_lift.pos=-19.21 elbow_flex.pos=-5.88 wrist_flex.pos=+96.65 wrist_roll.pos=+16.86 gripper.pos=+37.88
DEBUG 2026-09-03 09:09:48 [action #309] t=13.08s step=308 queue=14 dmax=1.730 | shoulder_pan.pos=+21.89 shoulder_lift.pos=-20.94 elbow_flex.pos=-4.49 wrist_flex.pos=+96.90 wrist_roll.pos=+16.74 gripper.pos=+37.30
DEBUG 2026-09-03 09:09:48 [action #310] t=13.11s step=309 queue=13 dmax=0.990 | shoulder_pan.pos=+20.90 shoulder_lift.pos=-21.10 elbow_flex.pos=-3.74 wrist_flex.pos=+96.80 wrist_roll.pos=+16.69 gripper.pos=+36.98
DEBUG 2026-09-03 09:09:48 [action #311] t=13.14s step=310 queue=12 dmax=2.760 | shoulder_pan.pos=+19.73 shoulder_lift.pos=-23.87 elbow_flex.pos=-2.90 wrist_flex.pos=+96.87 wrist_roll.pos=+16.19 gripper.pos=+35.98
DEBUG 2026-09-03 09:09:48 [action #312] t=13.18s step=311 queue=11 dmax=1.516 | shoulder_pan.pos=+18.31 shoulder_lift.pos=-25.34 elbow_flex.pos=-1.58 wrist_flex.pos=+96.92 wrist_roll.pos=+16.07 gripper.pos=+34.47
DEBUG 2026-09-03 09:09:48 [action #313] t=13.21s step=312 queue=10 dmax=2.373 | shoulder_pan.pos=+16.95 shoulder_lift.pos=-26.68 elbow_flex.pos=-0.94 wrist_flex.pos=+96.90 wrist_roll.pos=+15.68 gripper.pos=+32.10
DEBUG 2026-09-03 09:09:48 [action #314] t=13.24s step=313 queue=9 dmax=3.333 | shoulder_pan.pos=+15.30 shoulder_lift.pos=-28.13 elbow_flex.pos=+0.14 wrist_flex.pos=+96.98 wrist_roll.pos=+15.20 gripper.pos=+28.76
DEBUG 2026-09-03 09:09:48 [action #315] t=13.28s step=314 queue=8 dmax=3.605 | shoulder_pan.pos=+14.22 shoulder_lift.pos=-30.73 elbow_flex.pos=+1.35 wrist_flex.pos=+96.83 wrist_roll.pos=+14.93 gripper.pos=+25.16
DEBUG 2026-09-03 09:09:48 [action #316] t=13.31s step=315 queue=7 dmax=3.848 | shoulder_pan.pos=+12.77 shoulder_lift.pos=-31.98 elbow_flex.pos=+2.26 wrist_flex.pos=+96.48 wrist_roll.pos=+14.34 gripper.pos=+21.31
DEBUG 2026-09-03 09:09:48 [action #317] t=13.34s step=316 queue=6 dmax=3.919 | shoulder_pan.pos=+11.86 shoulder_lift.pos=-33.68 elbow_flex.pos=+5.10 wrist_flex.pos=+96.36 wrist_roll.pos=+13.97 gripper.pos=+17.39
DEBUG 2026-09-03 09:09:48 [action #318] t=13.38s step=317 queue=5 dmax=3.615 | shoulder_pan.pos=+10.60 shoulder_lift.pos=-35.15 elbow_flex.pos=+5.86 wrist_flex.pos=+95.95 wrist_roll.pos=+13.56 gripper.pos=+13.78
DEBUG 2026-09-03 09:09:49 [action #319] t=13.41s step=318 queue=4 dmax=3.211 | shoulder_pan.pos=+9.51 shoulder_lift.pos=-36.83 elbow_flex.pos=+7.51 wrist_flex.pos=+95.59 wrist_roll.pos=+12.99 gripper.pos=+10.56
DEBUG 2026-09-03 09:09:49 [action #320] t=13.44s step=319 queue=3 dmax=3.281 | shoulder_pan.pos=+8.27 shoulder_lift.pos=-40.11 elbow_flex.pos=+10.68 wrist_flex.pos=+95.13 wrist_roll.pos=+12.62 gripper.pos=+7.72
DEBUG 2026-09-03 09:09:49 [action #321] t=13.48s step=320 queue=2 dmax=2.035 | shoulder_pan.pos=+7.06 shoulder_lift.pos=-41.39 elbow_flex.pos=+12.04 wrist_flex.pos=+94.54 wrist_roll.pos=+12.29 gripper.pos=+5.68
DEBUG 2026-09-03 09:09:49 [action #322] t=13.51s step=321 queue=1 dmax=2.912 | shoulder_pan.pos=+5.85 shoulder_lift.pos=-43.53 elbow_flex.pos=+14.95 wrist_flex.pos=+93.94 wrist_roll.pos=+11.93 gripper.pos=+4.21
DEBUG 2026-09-03 09:09:49 [chunk] received 50 actions, timesteps 297..346 | first: shoulder_pan.pos=+22.94 shoulder_lift.pos=-20.03 elbow_flex.pos=+6.88 wrist_flex.pos=+96.45 wrist_roll.pos=+16.16 gripper.pos=+39.15 | last: shoulder_pan.pos=-2.18 shoulder_lift.pos=-100.12 elbow_flex.pos=+78.47 wrist_flex.pos=+72.10 wrist_roll.pos=-0.28 gripper.pos=+0.41
DEBUG 2026-09-03 09:09:49 [action #323] t=13.64s step=322 queue=25 dmax=32.968 | shoulder_pan.pos=+1.86 shoulder_lift.pos=-62.74 elbow_flex.pos=+47.92 wrist_flex.pos=+77.11 wrist_roll.pos=+9.58 gripper.pos=+5.25
DEBUG 2026-09-03 09:09:49 [action #324] t=13.68s step=323 queue=24 dmax=1.355 | shoulder_pan.pos=+1.35 shoulder_lift.pos=-63.67 elbow_flex.pos=+49.28 wrist_flex.pos=+76.83 wrist_roll.pos=+9.36 gripper.pos=+5.06
DEBUG 2026-09-03 09:09:49 [action #325] t=13.71s step=324 queue=23 dmax=2.140 | shoulder_pan.pos=+0.69 shoulder_lift.pos=-65.81 elbow_flex.pos=+48.75 wrist_flex.pos=+76.55 wrist_roll.pos=+8.96 gripper.pos=+4.44
DEBUG 2026-09-03 09:09:49 [action #326] t=13.74s step=325 queue=22 dmax=1.391 | shoulder_pan.pos=+0.12 shoulder_lift.pos=-66.81 elbow_flex.pos=+50.15 wrist_flex.pos=+76.21 wrist_roll.pos=+8.48 gripper.pos=+3.86
DEBUG 2026-09-03 09:09:49 [action #327] t=13.78s step=326 queue=21 dmax=0.862 | shoulder_pan.pos=-0.18 shoulder_lift.pos=-67.43 elbow_flex.pos=+51.01 wrist_flex.pos=+76.03 wrist_roll.pos=+7.86 gripper.pos=+3.25
DEBUG 2026-09-03 09:09:49 [action #328] t=13.81s step=327 queue=20 dmax=2.281 | shoulder_pan.pos=-0.30 shoulder_lift.pos=-69.71 elbow_flex.pos=+52.60 wrist_flex.pos=+75.16 wrist_roll.pos=+7.48 gripper.pos=+2.87
DEBUG 2026-09-03 09:09:49 [action #329] t=13.85s step=328 queue=19 dmax=0.597 | shoulder_pan.pos=-0.82 shoulder_lift.pos=-70.31 elbow_flex.pos=+53.08 wrist_flex.pos=+74.90 wrist_roll.pos=+6.99 gripper.pos=+2.72
DEBUG 2026-09-03 09:09:49 [action #330] t=13.88s step=329 queue=18 dmax=2.022 | shoulder_pan.pos=-0.83 shoulder_lift.pos=-72.33 elbow_flex.pos=+54.86 wrist_flex.pos=+74.48 wrist_roll.pos=+6.92 gripper.pos=+2.63
DEBUG 2026-09-03 09:09:49 [action #331] t=13.91s step=330 queue=17 dmax=2.005 | shoulder_pan.pos=-1.35 shoulder_lift.pos=-73.99 elbow_flex.pos=+56.86 wrist_flex.pos=+74.39 wrist_roll.pos=+6.83 gripper.pos=+2.68
DEBUG 2026-09-03 09:09:49 [action #332] t=13.95s step=331 queue=16 dmax=0.837 | shoulder_pan.pos=-1.40 shoulder_lift.pos=-74.82 elbow_flex.pos=+57.06 wrist_flex.pos=+73.97 wrist_roll.pos=+6.66 gripper.pos=+2.94
DEBUG 2026-09-03 09:09:49 [action #333] t=13.98s step=332 queue=15 dmax=1.401 | shoulder_pan.pos=-1.52 shoulder_lift.pos=-76.22 elbow_flex.pos=+58.18 wrist_flex.pos=+73.88 wrist_roll.pos=+6.70 gripper.pos=+3.00
DEBUG 2026-09-03 09:09:49 [action #334] t=14.01s step=333 queue=14 dmax=3.191 | shoulder_pan.pos=-1.85 shoulder_lift.pos=-79.42 elbow_flex.pos=+60.93 wrist_flex.pos=+73.39 wrist_roll.pos=+6.65 gripper.pos=+3.01
DEBUG 2026-09-03 09:09:49 [action #335] t=14.05s step=334 queue=13 dmax=1.166 | shoulder_pan.pos=-1.77 shoulder_lift.pos=-80.29 elbow_flex.pos=+62.09 wrist_flex.pos=+72.71 wrist_roll.pos=+6.60 gripper.pos=+3.04
DEBUG 2026-09-03 09:09:49 [action #336] t=14.08s step=335 queue=12 dmax=1.813 | shoulder_pan.pos=-2.33 shoulder_lift.pos=-82.06 elbow_flex.pos=+63.91 wrist_flex.pos=+71.97 wrist_roll.pos=+6.61 gripper.pos=+2.82
DEBUG 2026-09-03 09:09:49 [action #337] t=14.11s step=336 queue=11 dmax=1.813 | shoulder_pan.pos=-2.60 shoulder_lift.pos=-83.87 elbow_flex.pos=+65.53 wrist_flex.pos=+71.74 wrist_roll.pos=+6.48 gripper.pos=+2.40
DEBUG 2026-09-03 09:09:49 [action #338] t=14.15s step=337 queue=10 dmax=2.371 | shoulder_pan.pos=-2.74 shoulder_lift.pos=-85.79 elbow_flex.pos=+67.91 wrist_flex.pos=+71.32 wrist_roll.pos=+6.63 gripper.pos=+1.98
DEBUG 2026-09-03 09:09:49 [action #339] t=14.18s step=338 queue=9 dmax=2.040 | shoulder_pan.pos=-2.68 shoulder_lift.pos=-87.83 elbow_flex.pos=+69.20 wrist_flex.pos=+71.17 wrist_roll.pos=+5.98 gripper.pos=+1.71
DEBUG 2026-09-03 09:09:49 [action #340] t=14.21s step=339 queue=8 dmax=2.222 | shoulder_pan.pos=-2.48 shoulder_lift.pos=-90.05 elbow_flex.pos=+70.86 wrist_flex.pos=+71.00 wrist_roll.pos=+5.68 gripper.pos=+1.43
DEBUG 2026-09-03 09:09:49 [action #341] t=14.25s step=340 queue=7 dmax=1.426 | shoulder_pan.pos=-2.32 shoulder_lift.pos=-91.29 elbow_flex.pos=+72.29 wrist_flex.pos=+70.82 wrist_roll.pos=+4.96 gripper.pos=+1.05
DEBUG 2026-09-03 09:09:49 [action #342] t=14.28s step=341 queue=6 dmax=2.032 | shoulder_pan.pos=-2.05 shoulder_lift.pos=-93.32 elbow_flex.pos=+73.33 wrist_flex.pos=+70.91 wrist_roll.pos=+3.55 gripper.pos=+1.04
DEBUG 2026-09-03 09:09:49 [action #343] t=14.31s step=342 queue=5 dmax=1.610 | shoulder_pan.pos=-2.10 shoulder_lift.pos=-94.83 elbow_flex.pos=+74.94 wrist_flex.pos=+71.25 wrist_roll.pos=+2.52 gripper.pos=+1.13
DEBUG 2026-09-03 09:09:49 [action #344] t=14.35s step=343 queue=4 dmax=1.585 | shoulder_pan.pos=-1.94 shoulder_lift.pos=-96.42 elbow_flex.pos=+75.79 wrist_flex.pos=+71.28 wrist_roll.pos=+1.55 gripper.pos=+1.18
DEBUG 2026-09-03 09:09:49 [action #345] t=14.38s step=344 queue=3 dmax=0.977 | shoulder_pan.pos=-2.25 shoulder_lift.pos=-97.39 elbow_flex.pos=+76.58 wrist_flex.pos=+71.49 wrist_roll.pos=+0.75 gripper.pos=+1.00
DEBUG 2026-09-03 09:09:50 [action #346] t=14.41s step=345 queue=2 dmax=1.866 | shoulder_pan.pos=-2.14 shoulder_lift.pos=-99.26 elbow_flex.pos=+77.95 wrist_flex.pos=+71.80 wrist_roll.pos=+0.10 gripper.pos=+0.98
DEBUG 2026-09-03 09:09:50 [action #347] t=14.45s step=346 queue=1 dmax=0.860 | shoulder_pan.pos=-2.18 shoulder_lift.pos=-100.12 elbow_flex.pos=+78.47 wrist_flex.pos=+72.10 wrist_roll.pos=-0.28 gripper.pos=+0.41
DEBUG 2026-09-03 09:09:50 [chunk] received 50 actions, timesteps 321..370 | first: shoulder_pan.pos=+6.10 shoulder_lift.pos=-44.22 elbow_flex.pos=+21.49 wrist_flex.pos=+89.30 wrist_roll.pos=+11.18 gripper.pos=+2.08 | last: shoulder_pan.pos=-2.28 shoulder_lift.pos=-106.04 elbow_flex.pos=+89.30 wrist_flex.pos=+75.60 wrist_roll.pos=-0.68 gripper.pos=+0.10
DEBUG 2026-09-03 09:09:50 [action #348] t=14.55s step=347 queue=24 dmax=21.659 | shoulder_pan.pos=-1.10 shoulder_lift.pos=-78.46 elbow_flex.pos=+66.34 wrist_flex.pos=+69.17 wrist_roll.pos=+0.85 gripper.pos=+0.91
DEBUG 2026-09-03 09:09:50 [action #349] t=14.58s step=348 queue=23 dmax=1.428 | shoulder_pan.pos=-0.78 shoulder_lift.pos=-79.89 elbow_flex.pos=+67.13 wrist_flex.pos=+68.81 wrist_roll.pos=+0.19 gripper.pos=+0.85
DEBUG 2026-09-03 09:09:50 [action #350] t=14.61s step=349 queue=22 dmax=2.124 | shoulder_pan.pos=-0.86 shoulder_lift.pos=-80.99 elbow_flex.pos=+69.25 wrist_flex.pos=+68.47 wrist_roll.pos=-0.33 gripper.pos=+0.93
DEBUG 2026-09-03 09:09:50 [action #351] t=14.65s step=350 queue=21 dmax=1.919 | shoulder_pan.pos=-0.70 shoulder_lift.pos=-82.91 elbow_flex.pos=+70.61 wrist_flex.pos=+68.38 wrist_roll.pos=-0.91 gripper.pos=+0.94
DEBUG 2026-09-03 09:09:50 [action #352] t=14.68s step=351 queue=20 dmax=1.683 | shoulder_pan.pos=-0.80 shoulder_lift.pos=-84.49 elbow_flex.pos=+72.29 wrist_flex.pos=+68.45 wrist_roll.pos=-1.56 gripper.pos=+0.90
DEBUG 2026-09-03 09:09:50 [action #353] t=14.71s step=352 queue=19 dmax=1.751 | shoulder_pan.pos=-0.90 shoulder_lift.pos=-86.24 elbow_flex.pos=+72.99 wrist_flex.pos=+68.51 wrist_roll.pos=-1.78 gripper.pos=+1.02
DEBUG 2026-09-03 09:09:50 [action #354] t=14.75s step=353 queue=18 dmax=2.422 | shoulder_pan.pos=-0.66 shoulder_lift.pos=-88.66 elbow_flex.pos=+73.83 wrist_flex.pos=+68.69 wrist_roll.pos=-2.21 gripper.pos=+0.98
DEBUG 2026-09-03 09:09:50 [action #355] t=14.78s step=354 queue=17 dmax=2.128 | shoulder_pan.pos=-0.85 shoulder_lift.pos=-90.79 elbow_flex.pos=+75.71 wrist_flex.pos=+69.04 wrist_roll.pos=-2.48 gripper.pos=+0.93
DEBUG 2026-09-03 09:09:50 [action #356] t=14.81s step=355 queue=16 dmax=1.833 | shoulder_pan.pos=-1.01 shoulder_lift.pos=-92.52 elbow_flex.pos=+77.55 wrist_flex.pos=+69.19 wrist_roll.pos=-2.44 gripper.pos=+0.98
DEBUG 2026-09-03 09:09:50 [action #357] t=14.85s step=356 queue=15 dmax=2.048 | shoulder_pan.pos=-0.99 shoulder_lift.pos=-94.57 elbow_flex.pos=+79.32 wrist_flex.pos=+69.44 wrist_roll.pos=-2.39 gripper.pos=+0.83
DEBUG 2026-09-03 09:09:50 [action #358] t=14.88s step=357 queue=14 dmax=2.479 | shoulder_pan.pos=-1.05 shoulder_lift.pos=-97.05 elbow_flex.pos=+80.43 wrist_flex.pos=+69.69 wrist_roll.pos=-2.10 gripper.pos=+0.76
DEBUG 2026-09-03 09:09:50 [action #359] t=14.92s step=358 queue=13 dmax=1.573 | shoulder_pan.pos=-1.17 shoulder_lift.pos=-98.62 elbow_flex.pos=+81.34 wrist_flex.pos=+70.01 wrist_roll.pos=-1.90 gripper.pos=+0.74
DEBUG 2026-09-03 09:09:50 [action #360] t=14.95s step=359 queue=12 dmax=1.384 | shoulder_pan.pos=-1.20 shoulder_lift.pos=-99.69 elbow_flex.pos=+82.72 wrist_flex.pos=+70.82 wrist_roll.pos=-1.76 gripper.pos=+0.81
DEBUG 2026-09-03 09:09:50 [action #361] t=14.98s step=360 queue=11 dmax=1.514 | shoulder_pan.pos=-1.52 shoulder_lift.pos=-101.21 elbow_flex.pos=+84.17 wrist_flex.pos=+71.35 wrist_roll.pos=-1.57 gripper.pos=+0.60
DEBUG 2026-09-03 09:09:50 [action #362] t=15.02s step=361 queue=10 dmax=0.858 | shoulder_pan.pos=-1.78 shoulder_lift.pos=-102.06 elbow_flex.pos=+84.66 wrist_flex.pos=+71.87 wrist_roll.pos=-1.53 gripper.pos=+0.29
DEBUG 2026-09-03 09:09:50 [action #363] t=15.05s step=362 queue=9 dmax=1.474 | shoulder_pan.pos=-1.90 shoulder_lift.pos=-103.54 elbow_flex.pos=+85.21 wrist_flex.pos=+72.25 wrist_roll.pos=-1.36 gripper.pos=+0.34
DEBUG 2026-09-03 09:09:50 [action #364] t=15.08s step=363 queue=8 dmax=1.597 | shoulder_pan.pos=-2.03 shoulder_lift.pos=-104.12 elbow_flex.pos=+86.81 wrist_flex.pos=+72.52 wrist_roll.pos=-1.51 gripper.pos=+0.24
DEBUG 2026-09-03 09:09:50 [action #365] t=15.12s step=364 queue=7 dmax=0.664 | shoulder_pan.pos=-1.88 shoulder_lift.pos=-104.08 elbow_flex.pos=+87.47 wrist_flex.pos=+72.96 wrist_roll.pos=-1.56 gripper.pos=+0.20
DEBUG 2026-09-03 09:09:50 [action #366] t=15.15s step=365 queue=6 dmax=0.914 | shoulder_pan.pos=-1.92 shoulder_lift.pos=-104.64 elbow_flex.pos=+88.39 wrist_flex.pos=+73.24 wrist_roll.pos=-1.43 gripper.pos=+0.08
DEBUG 2026-09-03 09:09:50 [action #367] t=15.18s step=366 queue=5 dmax=0.870 | shoulder_pan.pos=-2.16 shoulder_lift.pos=-105.28 elbow_flex.pos=+88.52 wrist_flex.pos=+74.11 wrist_roll.pos=-1.28 gripper.pos=-0.09
DEBUG 2026-09-03 09:09:50 [action #368] t=15.22s step=367 queue=4 dmax=0.757 | shoulder_pan.pos=-2.12 shoulder_lift.pos=-105.87 elbow_flex.pos=+89.28 wrist_flex.pos=+74.36 wrist_roll.pos=-1.21 gripper.pos=+0.05
DEBUG 2026-09-03 09:09:50 [action #369] t=15.25s step=368 queue=3 dmax=0.607 | shoulder_pan.pos=-2.31 shoulder_lift.pos=-106.10 elbow_flex.pos=+89.78 wrist_flex.pos=+74.97 wrist_roll.pos=-1.01 gripper.pos=+0.04
DEBUG 2026-09-03 09:09:50 [action #370] t=15.28s step=369 queue=2 dmax=0.535 | shoulder_pan.pos=-2.04 shoulder_lift.pos=-105.56 elbow_flex.pos=+89.74 wrist_flex.pos=+75.04 wrist_roll.pos=-0.97 gripper.pos=+0.28
DEBUG 2026-09-03 09:09:50 [action #371] t=15.32s step=370 queue=1 dmax=0.562 | shoulder_pan.pos=-2.28 shoulder_lift.pos=-106.04 elbow_flex.pos=+89.30 wrist_flex.pos=+75.60 wrist_roll.pos=-0.68 gripper.pos=+0.10
DEBUG 2026-09-03 09:09:51 [chunk] received 50 actions, timesteps 346..395 | first: shoulder_pan.pos=-3.57 shoulder_lift.pos=-100.74 elbow_flex.pos=+81.58 wrist_flex.pos=+72.44 wrist_roll.pos=+0.55 gripper.pos=+0.89 | last: shoulder_pan.pos=-3.42 shoulder_lift.pos=-101.99 elbow_flex.pos=+90.36 wrist_flex.pos=+77.67 wrist_roll.pos=-1.68 gripper.pos=+0.49
DEBUG 2026-09-03 09:09:51 [action #372] t=15.45s step=371 queue=25 dmax=3.259 | shoulder_pan.pos=-3.37 shoulder_lift.pos=-102.78 elbow_flex.pos=+89.92 wrist_flex.pos=+77.31 wrist_roll.pos=-2.02 gripper.pos=+0.60
DEBUG 2026-09-03 09:09:51 [action #373] t=15.48s step=372 queue=24 dmax=0.233 | shoulder_pan.pos=-3.47 shoulder_lift.pos=-102.55 elbow_flex.pos=+89.95 wrist_flex.pos=+77.29 wrist_roll.pos=-2.00 gripper.pos=+0.60
DEBUG 2026-09-03 09:09:51 [action #374] t=15.52s step=373 queue=23 dmax=0.245 | shoulder_pan.pos=-3.36 shoulder_lift.pos=-102.80 elbow_flex.pos=+90.10 wrist_flex.pos=+77.45 wrist_roll.pos=-2.03 gripper.pos=+0.55
DEBUG 2026-09-03 09:09:51 [action #375] t=15.55s step=374 queue=22 dmax=0.411 | shoulder_pan.pos=-3.46 shoulder_lift.pos=-102.57 elbow_flex.pos=+90.51 wrist_flex.pos=+77.52 wrist_roll.pos=-1.90 gripper.pos=+0.48
DEBUG 2026-09-03 09:09:51 [action #376] t=15.58s step=375 queue=21 dmax=0.298 | shoulder_pan.pos=-3.36 shoulder_lift.pos=-102.75 elbow_flex.pos=+90.21 wrist_flex.pos=+77.32 wrist_roll.pos=-1.79 gripper.pos=+0.49
DEBUG 2026-09-03 09:09:51 [action #377] t=15.62s step=376 queue=20 dmax=0.103 | shoulder_pan.pos=-3.37 shoulder_lift.pos=-102.72 elbow_flex.pos=+90.22 wrist_flex.pos=+77.43 wrist_roll.pos=-1.81 gripper.pos=+0.40
DEBUG 2026-09-03 09:09:51 [action #378] t=15.65s step=377 queue=19 dmax=0.407 | shoulder_pan.pos=-3.48 shoulder_lift.pos=-102.31 elbow_flex.pos=+90.18 wrist_flex.pos=+77.36 wrist_roll.pos=-1.64 gripper.pos=+0.52
DEBUG 2026-09-03 09:09:51 [action #379] t=15.68s step=378 queue=18 dmax=0.384 | shoulder_pan.pos=-3.42 shoulder_lift.pos=-102.70 elbow_flex.pos=+90.54 wrist_flex.pos=+77.37 wrist_roll.pos=-1.71 gripper.pos=+0.56
DEBUG 2026-09-03 09:09:51 [action #380] t=15.72s step=379 queue=17 dmax=0.445 | shoulder_pan.pos=-3.67 shoulder_lift.pos=-102.25 elbow_flex.pos=+90.54 wrist_flex.pos=+77.36 wrist_roll.pos=-1.67 gripper.pos=+0.46
DEBUG 2026-09-03 09:09:51 [action #381] t=15.75s step=380 queue=16 dmax=0.242 | shoulder_pan.pos=-3.48 shoulder_lift.pos=-102.33 elbow_flex.pos=+90.30 wrist_flex.pos=+77.37 wrist_roll.pos=-1.67 gripper.pos=+0.60
DEBUG 2026-09-03 09:09:51 [action #382] t=15.78s step=381 queue=15 dmax=0.190 | shoulder_pan.pos=-3.49 shoulder_lift.pos=-102.48 elbow_flex.pos=+90.17 wrist_flex.pos=+77.39 wrist_roll.pos=-1.64 gripper.pos=+0.41
DEBUG 2026-09-03 09:09:51 [action #383] t=15.82s step=382 queue=14 dmax=0.293 | shoulder_pan.pos=-3.65 shoulder_lift.pos=-102.58 elbow_flex.pos=+90.47 wrist_flex.pos=+77.30 wrist_roll.pos=-1.69 gripper.pos=+0.52
DEBUG 2026-09-03 09:09:51 [action #384] t=15.85s step=383 queue=13 dmax=0.180 | shoulder_pan.pos=-3.67 shoulder_lift.pos=-102.50 elbow_flex.pos=+90.65 wrist_flex.pos=+77.35 wrist_roll.pos=-1.67 gripper.pos=+0.52
DEBUG 2026-09-03 09:09:51 [action #385] t=15.88s step=384 queue=12 dmax=0.398 | shoulder_pan.pos=-3.76 shoulder_lift.pos=-102.68 elbow_flex.pos=+90.25 wrist_flex.pos=+77.34 wrist_roll.pos=-1.73 gripper.pos=+0.61
DEBUG 2026-09-03 09:09:51 [action #386] t=15.92s step=385 queue=11 dmax=0.513 | shoulder_pan.pos=-3.65 shoulder_lift.pos=-102.34 elbow_flex.pos=+90.76 wrist_flex.pos=+77.48 wrist_roll.pos=-1.76 gripper.pos=+0.47
DEBUG 2026-09-03 09:09:51 [action #387] t=15.95s step=386 queue=10 dmax=0.835 | shoulder_pan.pos=-3.70 shoulder_lift.pos=-102.19 elbow_flex.pos=+89.93 wrist_flex.pos=+77.29 wrist_roll.pos=-1.62 gripper.pos=+0.39
DEBUG 2026-09-03 09:09:51 [action #388] t=15.99s step=387 queue=9 dmax=0.410 | shoulder_pan.pos=-3.57 shoulder_lift.pos=-102.27 elbow_flex.pos=+90.34 wrist_flex.pos=+77.48 wrist_roll.pos=-1.59 gripper.pos=+0.58
DEBUG 2026-09-03 09:09:51 [action #389] t=16.02s step=388 queue=8 dmax=0.339 | shoulder_pan.pos=-3.67 shoulder_lift.pos=-102.61 elbow_flex.pos=+90.29 wrist_flex.pos=+77.54 wrist_roll.pos=-1.63 gripper.pos=+0.54
DEBUG 2026-09-03 09:09:51 [action #390] t=16.05s step=389 queue=7 dmax=0.309 | shoulder_pan.pos=-3.66 shoulder_lift.pos=-102.47 elbow_flex.pos=+90.60 wrist_flex.pos=+77.61 wrist_roll.pos=-1.63 gripper.pos=+0.55
DEBUG 2026-09-03 09:09:51 [action #391] t=16.09s step=390 queue=6 dmax=0.253 | shoulder_pan.pos=-3.63 shoulder_lift.pos=-102.73 elbow_flex.pos=+90.39 wrist_flex.pos=+77.58 wrist_roll.pos=-1.65 gripper.pos=+0.63
DEBUG 2026-09-03 09:09:51 [action #392] t=16.12s step=391 queue=5 dmax=0.336 | shoulder_pan.pos=-3.50 shoulder_lift.pos=-102.39 elbow_flex.pos=+90.38 wrist_flex.pos=+77.53 wrist_roll.pos=-1.54 gripper.pos=+0.48
DEBUG 2026-09-03 09:09:51 [action #393] t=16.15s step=392 queue=4 dmax=0.352 | shoulder_pan.pos=-3.45 shoulder_lift.pos=-102.16 elbow_flex.pos=+90.03 wrist_flex.pos=+77.46 wrist_roll.pos=-1.55 gripper.pos=+0.58
DEBUG 2026-09-03 09:09:51 [action #394] t=16.19s step=393 queue=3 dmax=0.542 | shoulder_pan.pos=-3.54 shoulder_lift.pos=-102.35 elbow_flex.pos=+90.57 wrist_flex.pos=+77.60 wrist_roll.pos=-1.62 gripper.pos=+0.46
DEBUG 2026-09-03 09:09:51 [action #395] t=16.22s step=394 queue=2 dmax=0.404 | shoulder_pan.pos=-3.51 shoulder_lift.pos=-102.32 elbow_flex.pos=+90.17 wrist_flex.pos=+77.56 wrist_roll.pos=-1.60 gripper.pos=+0.49
DEBUG 2026-09-03 09:09:51 [action #396] t=16.25s step=395 queue=1 dmax=0.332 | shoulder_pan.pos=-3.42 shoulder_lift.pos=-101.99 elbow_flex.pos=+90.36 wrist_flex.pos=+77.67 wrist_roll.pos=-1.68 gripper.pos=+0.49
DEBUG 2026-09-03 09:09:51 [chunk] received 50 actions, timesteps 370..419 | first: shoulder_pan.pos=-1.63 shoulder_lift.pos=-102.08 elbow_flex.pos=+89.37 wrist_flex.pos=+77.55 wrist_roll.pos=-1.20 gripper.pos=+0.18 | last: shoulder_pan.pos=-1.35 shoulder_lift.pos=-102.69 elbow_flex.pos=+89.66 wrist_flex.pos=+78.23 wrist_roll.pos=-1.44 gripper.pos=+0.25
INFO 2026-09-03 09:09:57 Final action sent: shoulder_pan.pos=-3.42 shoulder_lift.pos=-101.99 elbow_flex.pos=+90.36 wrist_flex.pos=+77.67 wrist_roll.pos=-1.68 gripper.pos=+0.49
DEBUG 2026-09-03 09:09:57 === episode end | 21.6s | converged=True | actions=396 ===
