DEBUG 2026-09-03 09:51:37 === episode start | task: 'put the bag on the tray' | duration: 50.0s ===
DEBUG 2026-09-03 09:51:38 [chunk] received 50 actions, timesteps 0..49 | first: shoulder_pan.pos=-4.05 shoulder_lift.pos=-102.79 elbow_flex.pos=+88.45 wrist_flex.pos=+77.19 wrist_roll.pos=-0.14 gripper.pos=+0.81 | last: shoulder_pan.pos=-3.75 shoulder_lift.pos=-102.35 elbow_flex.pos=+88.72 wrist_flex.pos=+76.87 wrist_roll.pos=-0.29 gripper.pos=+0.67
DEBUG 2026-09-03 09:51:38 [action #1] t=0.90s step=0 queue=50 dmax=n/a | shoulder_pan.pos=-4.05 shoulder_lift.pos=-102.79 elbow_flex.pos=+88.45 wrist_flex.pos=+77.19 wrist_roll.pos=-0.14 gripper.pos=+0.81
DEBUG 2026-09-03 09:51:38 [action #2] t=0.94s step=1 queue=49 dmax=0.190 | shoulder_pan.pos=-4.12 shoulder_lift.pos=-102.67 elbow_flex.pos=+88.64 wrist_flex.pos=+77.21 wrist_roll.pos=-0.13 gripper.pos=+0.79
DEBUG 2026-09-03 09:51:38 [action #3] t=0.97s step=2 queue=48 dmax=0.176 | shoulder_pan.pos=-4.01 shoulder_lift.pos=-102.57 elbow_flex.pos=+88.46 wrist_flex.pos=+77.38 wrist_roll.pos=-0.16 gripper.pos=+0.81
DEBUG 2026-09-03 09:51:38 [action #4] t=1.00s step=3 queue=47 dmax=0.404 | shoulder_pan.pos=-3.97 shoulder_lift.pos=-102.66 elbow_flex.pos=+88.87 wrist_flex.pos=+77.45 wrist_roll.pos=-0.15 gripper.pos=+0.74
DEBUG 2026-09-03 09:51:38 [action #5] t=1.04s step=4 queue=46 dmax=0.127 | shoulder_pan.pos=-3.99 shoulder_lift.pos=-102.58 elbow_flex.pos=+88.90 wrist_flex.pos=+77.40 wrist_roll.pos=-0.18 gripper.pos=+0.87
DEBUG 2026-09-03 09:51:38 [action #6] t=1.07s step=5 queue=45 dmax=0.398 | shoulder_pan.pos=-3.76 shoulder_lift.pos=-102.18 elbow_flex.pos=+89.10 wrist_flex.pos=+77.50 wrist_roll.pos=-0.10 gripper.pos=+0.75
DEBUG 2026-09-03 09:51:38 [action #7] t=1.10s step=6 queue=44 dmax=0.691 | shoulder_pan.pos=-3.84 shoulder_lift.pos=-102.38 elbow_flex.pos=+88.41 wrist_flex.pos=+77.47 wrist_roll.pos=-0.17 gripper.pos=+0.83
DEBUG 2026-09-03 09:51:38 [action #8] t=1.14s step=7 queue=43 dmax=0.259 | shoulder_pan.pos=-3.88 shoulder_lift.pos=-102.27 elbow_flex.pos=+88.67 wrist_flex.pos=+77.47 wrist_roll.pos=-0.14 gripper.pos=+0.81
DEBUG 2026-09-03 09:51:38 [action #9] t=1.17s step=8 queue=42 dmax=0.324 | shoulder_pan.pos=-3.96 shoulder_lift.pos=-102.58 elbow_flex.pos=+88.99 wrist_flex.pos=+77.60 wrist_roll.pos=-0.19 gripper.pos=+0.75
DEBUG 2026-09-03 09:51:38 [action #10] t=1.20s step=9 queue=41 dmax=0.380 | shoulder_pan.pos=-3.93 shoulder_lift.pos=-102.53 elbow_flex.pos=+88.61 wrist_flex.pos=+77.42 wrist_roll.pos=-0.19 gripper.pos=+0.72
DEBUG 2026-09-03 09:51:38 [action #11] t=1.24s step=10 queue=40 dmax=0.349 | shoulder_pan.pos=-3.82 shoulder_lift.pos=-102.88 elbow_flex.pos=+88.33 wrist_flex.pos=+77.25 wrist_roll.pos=-0.25 gripper.pos=+0.74
DEBUG 2026-09-03 09:51:38 [action #12] t=1.27s step=11 queue=39 dmax=0.759 | shoulder_pan.pos=-3.77 shoulder_lift.pos=-102.12 elbow_flex.pos=+88.65 wrist_flex.pos=+77.33 wrist_roll.pos=-0.20 gripper.pos=+0.77
DEBUG 2026-09-03 09:51:38 [action #13] t=1.30s step=12 queue=38 dmax=0.278 | shoulder_pan.pos=-3.79 shoulder_lift.pos=-102.40 elbow_flex.pos=+88.71 wrist_flex.pos=+77.39 wrist_roll.pos=-0.23 gripper.pos=+0.79
DEBUG 2026-09-03 09:51:38 [action #14] t=1.34s step=13 queue=37 dmax=0.290 | shoulder_pan.pos=-3.83 shoulder_lift.pos=-102.36 elbow_flex.pos=+88.42 wrist_flex.pos=+77.34 wrist_roll.pos=-0.24 gripper.pos=+0.72
DEBUG 2026-09-03 09:51:39 [action #15] t=1.37s step=14 queue=36 dmax=0.151 | shoulder_pan.pos=-3.68 shoulder_lift.pos=-102.44 elbow_flex.pos=+88.53 wrist_flex.pos=+77.35 wrist_roll.pos=-0.24 gripper.pos=+0.82
DEBUG 2026-09-03 09:51:39 [action #16] t=1.40s step=15 queue=35 dmax=0.244 | shoulder_pan.pos=-3.83 shoulder_lift.pos=-102.68 elbow_flex.pos=+88.76 wrist_flex.pos=+77.44 wrist_roll.pos=-0.26 gripper.pos=+0.87
DEBUG 2026-09-03 09:51:39 [action #17] t=1.44s step=16 queue=34 dmax=0.606 | shoulder_pan.pos=-3.78 shoulder_lift.pos=-102.08 elbow_flex.pos=+88.38 wrist_flex.pos=+77.31 wrist_roll.pos=-0.31 gripper.pos=+0.77
DEBUG 2026-09-03 09:51:39 [action #18] t=1.47s step=17 queue=33 dmax=0.119 | shoulder_pan.pos=-3.71 shoulder_lift.pos=-102.10 elbow_flex.pos=+88.50 wrist_flex.pos=+77.33 wrist_roll.pos=-0.34 gripper.pos=+0.70
DEBUG 2026-09-03 09:51:39 [action #19] t=1.50s step=18 queue=32 dmax=0.207 | shoulder_pan.pos=-3.85 shoulder_lift.pos=-101.89 elbow_flex.pos=+88.63 wrist_flex.pos=+77.27 wrist_roll.pos=-0.26 gripper.pos=+0.90
DEBUG 2026-09-03 09:51:39 [action #20] t=1.54s step=19 queue=31 dmax=0.298 | shoulder_pan.pos=-3.75 shoulder_lift.pos=-102.19 elbow_flex.pos=+88.51 wrist_flex.pos=+77.29 wrist_roll.pos=-0.26 gripper.pos=+0.81
DEBUG 2026-09-03 09:51:39 [action #21] t=1.57s step=20 queue=30 dmax=0.347 | shoulder_pan.pos=-3.80 shoulder_lift.pos=-102.54 elbow_flex.pos=+88.67 wrist_flex.pos=+77.23 wrist_roll.pos=-0.34 gripper.pos=+0.80
DEBUG 2026-09-03 09:51:39 [action #22] t=1.61s step=21 queue=29 dmax=0.259 | shoulder_pan.pos=-3.94 shoulder_lift.pos=-102.28 elbow_flex.pos=+88.69 wrist_flex.pos=+77.49 wrist_roll.pos=-0.29 gripper.pos=+0.79
DEBUG 2026-09-03 09:51:39 [action #23] t=1.64s step=22 queue=28 dmax=0.123 | shoulder_pan.pos=-3.82 shoulder_lift.pos=-102.30 elbow_flex.pos=+88.81 wrist_flex.pos=+77.48 wrist_roll.pos=-0.24 gripper.pos=+0.82
DEBUG 2026-09-03 09:51:39 [action #24] t=1.67s step=23 queue=27 dmax=0.504 | shoulder_pan.pos=-3.89 shoulder_lift.pos=-102.69 elbow_flex.pos=+88.30 wrist_flex.pos=+77.27 wrist_roll.pos=-0.21 gripper.pos=+0.64
DEBUG 2026-09-03 09:51:39 [action #25] t=1.71s step=24 queue=26 dmax=1.036 | shoulder_pan.pos=-3.77 shoulder_lift.pos=-101.65 elbow_flex.pos=+88.16 wrist_flex.pos=+77.25 wrist_roll.pos=-0.25 gripper.pos=+0.71
DEBUG 2026-09-03 09:51:39 [action #26] t=1.74s step=25 queue=25 dmax=0.356 | shoulder_pan.pos=-3.87 shoulder_lift.pos=-102.01 elbow_flex.pos=+88.51 wrist_flex.pos=+77.31 wrist_roll.pos=-0.28 gripper.pos=+0.76
DEBUG 2026-09-03 09:51:39 [action #27] t=1.77s step=26 queue=24 dmax=0.295 | shoulder_pan.pos=-3.57 shoulder_lift.pos=-102.11 elbow_flex.pos=+88.42 wrist_flex.pos=+77.33 wrist_roll.pos=-0.21 gripper.pos=+0.81
DEBUG 2026-09-03 09:51:39 [chunk] received 50 actions, timesteps 3..52 | first: shoulder_pan.pos=-3.78 shoulder_lift.pos=-102.21 elbow_flex.pos=+87.83 wrist_flex.pos=+77.38 wrist_roll.pos=-0.30 gripper.pos=+0.83 | last: shoulder_pan.pos=-3.59 shoulder_lift.pos=-101.78 elbow_flex.pos=+88.07 wrist_flex.pos=+77.25 wrist_roll.pos=-0.56 gripper.pos=+0.73
DEBUG 2026-09-03 09:51:39 [action #28] t=1.81s step=27 queue=26 dmax=0.258 | shoulder_pan.pos=-3.52 shoulder_lift.pos=-102.29 elbow_flex.pos=+88.68 wrist_flex.pos=+77.34 wrist_roll.pos=-0.40 gripper.pos=+0.85
DEBUG 2026-09-03 09:51:39 [action #29] t=1.84s step=28 queue=25 dmax=0.220 | shoulder_pan.pos=-3.30 shoulder_lift.pos=-102.17 elbow_flex.pos=+88.60 wrist_flex.pos=+77.43 wrist_roll.pos=-0.45 gripper.pos=+0.84
DEBUG 2026-09-03 09:51:39 [action #30] t=1.87s step=29 queue=24 dmax=0.340 | shoulder_pan.pos=-3.42 shoulder_lift.pos=-101.87 elbow_flex.pos=+88.26 wrist_flex.pos=+77.41 wrist_roll.pos=-0.43 gripper.pos=+0.76
DEBUG 2026-09-03 09:51:39 [action #31] t=1.91s step=30 queue=23 dmax=0.385 | shoulder_pan.pos=-3.41 shoulder_lift.pos=-101.84 elbow_flex.pos=+88.65 wrist_flex.pos=+77.35 wrist_roll.pos=-0.45 gripper.pos=+0.81
DEBUG 2026-09-03 09:51:39 [action #32] t=1.94s step=31 queue=22 dmax=0.249 | shoulder_pan.pos=-3.39 shoulder_lift.pos=-101.62 elbow_flex.pos=+88.40 wrist_flex.pos=+77.42 wrist_roll.pos=-0.48 gripper.pos=+0.81
DEBUG 2026-09-03 09:51:39 [action #33] t=1.97s step=32 queue=21 dmax=0.548 | shoulder_pan.pos=-3.49 shoulder_lift.pos=-101.64 elbow_flex.pos=+87.85 wrist_flex.pos=+77.47 wrist_roll.pos=-0.49 gripper.pos=+0.65
DEBUG 2026-09-03 09:51:39 [action #34] t=2.01s step=33 queue=20 dmax=0.710 | shoulder_pan.pos=-3.30 shoulder_lift.pos=-102.35 elbow_flex.pos=+88.22 wrist_flex.pos=+77.32 wrist_roll.pos=-0.58 gripper.pos=+0.80
DEBUG 2026-09-03 09:51:39 [action #35] t=2.04s step=34 queue=19 dmax=0.422 | shoulder_pan.pos=-3.41 shoulder_lift.pos=-101.93 elbow_flex.pos=+88.29 wrist_flex.pos=+77.36 wrist_roll.pos=-0.55 gripper.pos=+0.96
DEBUG 2026-09-03 09:51:39 [action #36] t=2.07s step=35 queue=18 dmax=0.080 | shoulder_pan.pos=-3.34 shoulder_lift.pos=-102.00 elbow_flex.pos=+88.21 wrist_flex.pos=+77.41 wrist_roll.pos=-0.52 gripper.pos=+0.91
DEBUG 2026-09-03 09:51:39 [action #37] t=2.11s step=36 queue=17 dmax=0.261 | shoulder_pan.pos=-3.60 shoulder_lift.pos=-102.13 elbow_flex.pos=+88.28 wrist_flex.pos=+77.52 wrist_roll.pos=-0.48 gripper.pos=+0.88
DEBUG 2026-09-03 09:51:39 [action #38] t=2.14s step=37 queue=16 dmax=0.383 | shoulder_pan.pos=-3.42 shoulder_lift.pos=-101.75 elbow_flex.pos=+88.20 wrist_flex.pos=+77.39 wrist_roll.pos=-0.50 gripper.pos=+0.84
DEBUG 2026-09-03 09:51:39 [action #39] t=2.17s step=38 queue=15 dmax=0.176 | shoulder_pan.pos=-3.46 shoulder_lift.pos=-101.57 elbow_flex.pos=+88.03 wrist_flex.pos=+77.26 wrist_roll.pos=-0.49 gripper.pos=+0.83
DEBUG 2026-09-03 09:51:39 [action #40] t=2.21s step=39 queue=14 dmax=0.256 | shoulder_pan.pos=-3.39 shoulder_lift.pos=-101.64 elbow_flex.pos=+88.29 wrist_flex.pos=+77.31 wrist_roll.pos=-0.52 gripper.pos=+0.82
DEBUG 2026-09-03 09:51:39 [action #41] t=2.24s step=40 queue=13 dmax=0.746 | shoulder_pan.pos=-3.20 shoulder_lift.pos=-102.11 elbow_flex.pos=+87.54 wrist_flex.pos=+77.35 wrist_roll.pos=-0.50 gripper.pos=+0.79
DEBUG 2026-09-03 09:51:39 [action #42] t=2.27s step=41 queue=12 dmax=0.886 | shoulder_pan.pos=-3.33 shoulder_lift.pos=-101.69 elbow_flex.pos=+88.43 wrist_flex.pos=+77.39 wrist_roll.pos=-0.45 gripper.pos=+0.78
DEBUG 2026-09-03 09:51:39 [action #43] t=2.31s step=42 queue=11 dmax=0.340 | shoulder_pan.pos=-3.28 shoulder_lift.pos=-101.58 elbow_flex.pos=+88.09 wrist_flex.pos=+77.37 wrist_roll.pos=-0.50 gripper.pos=+0.89
DEBUG 2026-09-03 09:51:39 [action #44] t=2.34s step=43 queue=10 dmax=0.803 | shoulder_pan.pos=-3.52 shoulder_lift.pos=-101.62 elbow_flex.pos=+88.89 wrist_flex.pos=+77.31 wrist_roll.pos=-0.43 gripper.pos=+0.89
DEBUG 2026-09-03 09:51:40 [action #45] t=2.37s step=44 queue=9 dmax=0.415 | shoulder_pan.pos=-3.56 shoulder_lift.pos=-102.03 elbow_flex.pos=+89.00 wrist_flex.pos=+77.43 wrist_roll.pos=-0.52 gripper.pos=+0.77
DEBUG 2026-09-03 09:51:40 [action #46] t=2.41s step=45 queue=8 dmax=0.550 | shoulder_pan.pos=-3.42 shoulder_lift.pos=-101.88 elbow_flex.pos=+88.45 wrist_flex.pos=+77.30 wrist_roll.pos=-0.46 gripper.pos=+0.82
DEBUG 2026-09-03 09:51:40 [action #47] t=2.44s step=46 queue=7 dmax=0.278 | shoulder_pan.pos=-3.40 shoulder_lift.pos=-101.69 elbow_flex.pos=+88.17 wrist_flex.pos=+77.22 wrist_roll.pos=-0.40 gripper.pos=+0.78
DEBUG 2026-09-03 09:51:40 [action #48] t=2.47s step=47 queue=6 dmax=0.637 | shoulder_pan.pos=-3.45 shoulder_lift.pos=-101.88 elbow_flex.pos=+88.81 wrist_flex.pos=+77.27 wrist_roll.pos=-0.50 gripper.pos=+0.75
DEBUG 2026-09-03 09:51:40 [action #49] t=2.51s step=48 queue=5 dmax=0.513 | shoulder_pan.pos=-3.62 shoulder_lift.pos=-102.32 elbow_flex.pos=+88.30 wrist_flex.pos=+77.31 wrist_roll.pos=-0.56 gripper.pos=+0.76
DEBUG 2026-09-03 09:51:40 [action #50] t=2.54s step=49 queue=4 dmax=0.635 | shoulder_pan.pos=-3.59 shoulder_lift.pos=-102.32 elbow_flex.pos=+88.93 wrist_flex.pos=+77.19 wrist_roll.pos=-0.50 gripper.pos=+0.82
DEBUG 2026-09-03 09:51:40 [action #51] t=2.58s step=50 queue=3 dmax=0.538 | shoulder_pan.pos=-3.31 shoulder_lift.pos=-101.78 elbow_flex.pos=+88.57 wrist_flex.pos=+77.55 wrist_roll.pos=-0.60 gripper.pos=+0.84
DEBUG 2026-09-03 09:51:40 [action #52] t=2.61s step=51 queue=2 dmax=0.519 | shoulder_pan.pos=-3.20 shoulder_lift.pos=-102.30 elbow_flex.pos=+88.09 wrist_flex.pos=+77.34 wrist_roll.pos=-0.57 gripper.pos=+0.85
DEBUG 2026-09-03 09:51:40 [action #53] t=2.64s step=52 queue=1 dmax=0.524 | shoulder_pan.pos=-3.59 shoulder_lift.pos=-101.78 elbow_flex.pos=+88.07 wrist_flex.pos=+77.25 wrist_roll.pos=-0.56 gripper.pos=+0.73
DEBUG 2026-09-03 09:51:41 [chunk] received 50 actions, timesteps 52..101 | first: shoulder_pan.pos=-3.04 shoulder_lift.pos=-102.23 elbow_flex.pos=+89.08 wrist_flex.pos=+77.12 wrist_roll.pos=-0.29 gripper.pos=+0.84 | last: shoulder_pan.pos=-3.46 shoulder_lift.pos=-102.20 elbow_flex.pos=+89.33 wrist_flex.pos=+77.08 wrist_roll.pos=-0.40 gripper.pos=+0.77
DEBUG 2026-09-03 09:51:41 [action #54] t=3.68s step=53 queue=49 dmax=0.473 | shoulder_pan.pos=-3.22 shoulder_lift.pos=-102.25 elbow_flex.pos=+88.29 wrist_flex.pos=+76.82 wrist_roll.pos=-0.41 gripper.pos=+0.87
DEBUG 2026-09-03 09:51:41 [action #55] t=3.71s step=54 queue=48 dmax=0.669 | shoulder_pan.pos=-3.15 shoulder_lift.pos=-102.05 elbow_flex.pos=+88.96 wrist_flex.pos=+77.07 wrist_roll.pos=-0.27 gripper.pos=+0.82
DEBUG 2026-09-03 09:51:41 [action #56] t=3.75s step=55 queue=47 dmax=0.358 | shoulder_pan.pos=-3.16 shoulder_lift.pos=-102.37 elbow_flex.pos=+88.60 wrist_flex.pos=+77.21 wrist_roll.pos=-0.28 gripper.pos=+0.89
DEBUG 2026-09-03 09:51:41 [action #57] t=3.78s step=56 queue=46 dmax=0.210 | shoulder_pan.pos=-3.24 shoulder_lift.pos=-102.19 elbow_flex.pos=+88.81 wrist_flex.pos=+77.14 wrist_roll.pos=-0.31 gripper.pos=+0.94
DEBUG 2026-09-03 09:51:41 [action #58] t=3.81s step=57 queue=45 dmax=0.118 | shoulder_pan.pos=-3.24 shoulder_lift.pos=-102.10 elbow_flex.pos=+88.73 wrist_flex.pos=+77.07 wrist_roll.pos=-0.43 gripper.pos=+0.97
DEBUG 2026-09-03 09:51:41 [action #59] t=3.85s step=58 queue=44 dmax=0.497 | shoulder_pan.pos=-3.19 shoulder_lift.pos=-102.60 elbow_flex.pos=+89.21 wrist_flex.pos=+77.19 wrist_roll.pos=-0.39 gripper.pos=+1.00
DEBUG 2026-09-03 09:51:41 [action #60] t=3.88s step=59 queue=43 dmax=0.611 | shoulder_pan.pos=-3.03 shoulder_lift.pos=-102.24 elbow_flex.pos=+88.60 wrist_flex.pos=+77.00 wrist_roll.pos=-0.35 gripper.pos=+0.87
DEBUG 2026-09-03 09:51:41 [action #61] t=3.91s step=60 queue=42 dmax=0.386 | shoulder_pan.pos=-3.10 shoulder_lift.pos=-102.15 elbow_flex.pos=+88.99 wrist_flex.pos=+77.02 wrist_roll.pos=-0.30 gripper.pos=+0.83
DEBUG 2026-09-03 09:51:41 [action #62] t=3.95s step=61 queue=41 dmax=0.350 | shoulder_pan.pos=-2.97 shoulder_lift.pos=-102.15 elbow_flex.pos=+88.64 wrist_flex.pos=+77.05 wrist_roll.pos=-0.34 gripper.pos=+0.75
DEBUG 2026-09-03 09:51:41 [action #63] t=3.98s step=62 queue=40 dmax=0.353 | shoulder_pan.pos=-3.19 shoulder_lift.pos=-101.91 elbow_flex.pos=+88.99 wrist_flex.pos=+77.02 wrist_roll.pos=-0.34 gripper.pos=+0.92
DEBUG 2026-09-03 09:51:41 [action #64] t=4.01s step=63 queue=39 dmax=0.321 | shoulder_pan.pos=-3.15 shoulder_lift.pos=-102.23 elbow_flex.pos=+89.03 wrist_flex.pos=+77.06 wrist_roll.pos=-0.37 gripper.pos=+0.94
DEBUG 2026-09-03 09:51:41 [action #65] t=4.05s step=64 queue=38 dmax=0.391 | shoulder_pan.pos=-3.25 shoulder_lift.pos=-102.23 elbow_flex.pos=+88.63 wrist_flex.pos=+77.00 wrist_roll.pos=-0.30 gripper.pos=+0.74
DEBUG 2026-09-03 09:51:41 [action #66] t=4.08s step=65 queue=37 dmax=0.807 | shoulder_pan.pos=-3.15 shoulder_lift.pos=-101.42 elbow_flex.pos=+88.87 wrist_flex.pos=+77.02 wrist_roll.pos=-0.27 gripper.pos=+0.72
DEBUG 2026-09-03 09:51:41 [action #67] t=4.11s step=66 queue=36 dmax=0.888 | shoulder_pan.pos=-3.25 shoulder_lift.pos=-102.31 elbow_flex.pos=+88.45 wrist_flex.pos=+76.95 wrist_roll.pos=-0.32 gripper.pos=+0.66
DEBUG 2026-09-03 09:51:41 [action #68] t=4.15s step=67 queue=35 dmax=0.393 | shoulder_pan.pos=-2.98 shoulder_lift.pos=-102.10 elbow_flex.pos=+88.85 wrist_flex.pos=+76.84 wrist_roll.pos=-0.30 gripper.pos=+0.76
DEBUG 2026-09-03 09:51:41 [action #69] t=4.18s step=68 queue=34 dmax=0.571 | shoulder_pan.pos=-3.16 shoulder_lift.pos=-102.45 elbow_flex.pos=+89.42 wrist_flex.pos=+77.03 wrist_roll.pos=-0.33 gripper.pos=+0.85
DEBUG 2026-09-03 09:51:41 [action #70] t=4.21s step=69 queue=33 dmax=0.546 | shoulder_pan.pos=-3.13 shoulder_lift.pos=-102.48 elbow_flex.pos=+88.87 wrist_flex.pos=+77.05 wrist_roll.pos=-0.36 gripper.pos=+0.84
DEBUG 2026-09-03 09:51:41 [action #71] t=4.25s step=70 queue=32 dmax=0.363 | shoulder_pan.pos=-2.96 shoulder_lift.pos=-102.12 elbow_flex.pos=+88.75 wrist_flex.pos=+76.97 wrist_roll.pos=-0.27 gripper.pos=+0.76
DEBUG 2026-09-03 09:51:41 [action #72] t=4.28s step=71 queue=31 dmax=0.198 | shoulder_pan.pos=-3.00 shoulder_lift.pos=-102.32 elbow_flex.pos=+88.57 wrist_flex.pos=+77.00 wrist_roll.pos=-0.33 gripper.pos=+0.71
DEBUG 2026-09-03 09:51:41 [action #73] t=4.32s step=72 queue=30 dmax=0.088 | shoulder_pan.pos=-3.09 shoulder_lift.pos=-102.36 elbow_flex.pos=+88.52 wrist_flex.pos=+77.00 wrist_roll.pos=-0.31 gripper.pos=+0.70
DEBUG 2026-09-03 09:51:42 [action #74] t=4.35s step=73 queue=29 dmax=0.294 | shoulder_pan.pos=-3.02 shoulder_lift.pos=-102.43 elbow_flex.pos=+88.82 wrist_flex.pos=+76.89 wrist_roll.pos=-0.33 gripper.pos=+0.83
DEBUG 2026-09-03 09:51:42 [action #75] t=4.38s step=74 queue=28 dmax=0.461 | shoulder_pan.pos=-3.18 shoulder_lift.pos=-102.38 elbow_flex.pos=+88.36 wrist_flex.pos=+77.06 wrist_roll.pos=-0.35 gripper.pos=+0.78
DEBUG 2026-09-03 09:51:42 [action #76] t=4.42s step=75 queue=27 dmax=0.451 | shoulder_pan.pos=-3.28 shoulder_lift.pos=-102.83 elbow_flex.pos=+88.75 wrist_flex.pos=+77.06 wrist_roll.pos=-0.35 gripper.pos=+0.66
DEBUG 2026-09-03 09:51:42 [action #77] t=4.45s step=76 queue=26 dmax=0.628 | shoulder_pan.pos=-3.15 shoulder_lift.pos=-102.21 elbow_flex.pos=+88.62 wrist_flex.pos=+77.04 wrist_roll.pos=-0.36 gripper.pos=+0.81
DEBUG 2026-09-03 09:51:42 [action #78] t=4.48s step=77 queue=25 dmax=0.240 | shoulder_pan.pos=-2.96 shoulder_lift.pos=-102.25 elbow_flex.pos=+88.38 wrist_flex.pos=+76.83 wrist_roll.pos=-0.39 gripper.pos=+0.80
DEBUG 2026-09-03 09:51:42 [action #79] t=4.52s step=78 queue=24 dmax=0.402 | shoulder_pan.pos=-3.10 shoulder_lift.pos=-102.08 elbow_flex.pos=+88.78 wrist_flex.pos=+77.18 wrist_roll.pos=-0.36 gripper.pos=+0.65
DEBUG 2026-09-03 09:51:42 [action #80] t=4.55s step=79 queue=23 dmax=0.467 | shoulder_pan.pos=-3.01 shoulder_lift.pos=-102.55 elbow_flex.pos=+88.71 wrist_flex.pos=+77.00 wrist_roll.pos=-0.36 gripper.pos=+0.74
DEBUG 2026-09-03 09:51:42 [action #81] t=4.58s step=80 queue=22 dmax=0.158 | shoulder_pan.pos=-3.02 shoulder_lift.pos=-102.39 elbow_flex.pos=+88.74 wrist_flex.pos=+77.12 wrist_roll.pos=-0.33 gripper.pos=+0.77
DEBUG 2026-09-03 09:51:42 [action #82] t=4.62s step=81 queue=21 dmax=0.300 | shoulder_pan.pos=-3.06 shoulder_lift.pos=-102.61 elbow_flex.pos=+88.44 wrist_flex.pos=+76.96 wrist_roll.pos=-0.42 gripper.pos=+0.79
DEBUG 2026-09-03 09:51:42 [action #83] t=4.65s step=82 queue=20 dmax=0.151 | shoulder_pan.pos=-3.05 shoulder_lift.pos=-102.63 elbow_flex.pos=+88.59 wrist_flex.pos=+76.92 wrist_roll.pos=-0.34 gripper.pos=+0.66
DEBUG 2026-09-03 09:51:42 [action #84] t=4.68s step=83 queue=19 dmax=0.200 | shoulder_pan.pos=-3.25 shoulder_lift.pos=-102.81 elbow_flex.pos=+88.71 wrist_flex.pos=+76.99 wrist_roll.pos=-0.30 gripper.pos=+0.73
DEBUG 2026-09-03 09:51:42 [action #85] t=4.72s step=84 queue=18 dmax=0.380 | shoulder_pan.pos=-3.11 shoulder_lift.pos=-102.57 elbow_flex.pos=+89.09 wrist_flex.pos=+76.99 wrist_roll.pos=-0.40 gripper.pos=+0.67
DEBUG 2026-09-03 09:51:42 [action #86] t=4.75s step=85 queue=17 dmax=0.212 | shoulder_pan.pos=-3.16 shoulder_lift.pos=-102.53 elbow_flex.pos=+88.88 wrist_flex.pos=+76.84 wrist_roll.pos=-0.36 gripper.pos=+0.78
DEBUG 2026-09-03 09:51:42 [action #87] t=4.78s step=86 queue=16 dmax=0.276 | shoulder_pan.pos=-3.07 shoulder_lift.pos=-102.35 elbow_flex.pos=+88.60 wrist_flex.pos=+77.03 wrist_roll.pos=-0.40 gripper.pos=+0.80
DEBUG 2026-09-03 09:51:42 [action #88] t=4.82s step=87 queue=15 dmax=0.552 | shoulder_pan.pos=-2.86 shoulder_lift.pos=-102.65 elbow_flex.pos=+89.16 wrist_flex.pos=+76.98 wrist_roll.pos=-0.30 gripper.pos=+0.59
DEBUG 2026-09-03 09:51:42 [action #89] t=4.85s step=88 queue=14 dmax=0.216 | shoulder_pan.pos=-2.96 shoulder_lift.pos=-102.46 elbow_flex.pos=+89.37 wrist_flex.pos=+76.92 wrist_roll.pos=-0.38 gripper.pos=+0.74
DEBUG 2026-09-03 09:51:42 [action #90] t=4.88s step=89 queue=13 dmax=0.423 | shoulder_pan.pos=-3.21 shoulder_lift.pos=-102.04 elbow_flex.pos=+88.96 wrist_flex.pos=+77.11 wrist_roll.pos=-0.40 gripper.pos=+0.84
DEBUG 2026-09-03 09:51:42 [action #91] t=4.92s step=90 queue=12 dmax=0.592 | shoulder_pan.pos=-3.35 shoulder_lift.pos=-102.40 elbow_flex.pos=+88.36 wrist_flex.pos=+77.03 wrist_roll.pos=-0.38 gripper.pos=+0.59
DEBUG 2026-09-03 09:51:42 [action #92] t=4.95s step=91 queue=11 dmax=0.554 | shoulder_pan.pos=-3.15 shoulder_lift.pos=-102.22 elbow_flex.pos=+88.92 wrist_flex.pos=+77.01 wrist_roll.pos=-0.34 gripper.pos=+0.73
DEBUG 2026-09-03 09:51:42 [action #93] t=4.98s step=92 queue=10 dmax=0.671 | shoulder_pan.pos=-3.16 shoulder_lift.pos=-102.32 elbow_flex.pos=+89.59 wrist_flex.pos=+76.87 wrist_roll.pos=-0.43 gripper.pos=+0.74
DEBUG 2026-09-03 09:51:42 [action #94] t=5.02s step=93 queue=9 dmax=0.288 | shoulder_pan.pos=-3.21 shoulder_lift.pos=-102.38 elbow_flex.pos=+89.33 wrist_flex.pos=+77.15 wrist_roll.pos=-0.34 gripper.pos=+0.71
DEBUG 2026-09-03 09:51:42 [action #95] t=5.05s step=94 queue=8 dmax=0.376 | shoulder_pan.pos=-3.27 shoulder_lift.pos=-102.38 elbow_flex.pos=+88.95 wrist_flex.pos=+77.06 wrist_roll.pos=-0.36 gripper.pos=+0.75
DEBUG 2026-09-03 09:51:42 [action #96] t=5.08s step=95 queue=7 dmax=0.463 | shoulder_pan.pos=-3.24 shoulder_lift.pos=-101.92 elbow_flex.pos=+89.05 wrist_flex.pos=+77.04 wrist_roll.pos=-0.36 gripper.pos=+0.79
DEBUG 2026-09-03 09:51:42 [action #97] t=5.12s step=96 queue=6 dmax=0.300 | shoulder_pan.pos=-3.15 shoulder_lift.pos=-101.78 elbow_flex.pos=+89.35 wrist_flex.pos=+77.10 wrist_roll.pos=-0.39 gripper.pos=+0.89
DEBUG 2026-09-03 09:51:42 [action #98] t=5.15s step=97 queue=5 dmax=0.295 | shoulder_pan.pos=-3.28 shoulder_lift.pos=-102.07 elbow_flex.pos=+89.19 wrist_flex.pos=+77.06 wrist_roll.pos=-0.37 gripper.pos=+0.79
DEBUG 2026-09-03 09:51:42 [action #99] t=5.18s step=98 queue=4 dmax=0.236 | shoulder_pan.pos=-3.29 shoulder_lift.pos=-102.24 elbow_flex.pos=+88.95 wrist_flex.pos=+76.88 wrist_roll.pos=-0.38 gripper.pos=+0.74
DEBUG 2026-09-03 09:51:42 [action #100] t=5.22s step=99 queue=3 dmax=0.301 | shoulder_pan.pos=-3.32 shoulder_lift.pos=-102.52 elbow_flex.pos=+89.25 wrist_flex.pos=+76.89 wrist_roll.pos=-0.38 gripper.pos=+0.78
DEBUG 2026-09-03 09:51:42 [action #101] t=5.25s step=100 queue=2 dmax=0.712 | shoulder_pan.pos=-3.48 shoulder_lift.pos=-101.81 elbow_flex.pos=+88.94 wrist_flex.pos=+77.05 wrist_roll.pos=-0.41 gripper.pos=+0.80
DEBUG 2026-09-03 09:51:42 [action #102] t=5.28s step=101 queue=1 dmax=0.387 | shoulder_pan.pos=-3.46 shoulder_lift.pos=-102.20 elbow_flex.pos=+89.33 wrist_flex.pos=+77.08 wrist_roll.pos=-0.40 gripper.pos=+0.77
DEBUG 2026-09-03 09:51:43 [chunk] received 50 actions, timesteps 101..150 | first: shoulder_pan.pos=-2.52 shoulder_lift.pos=-102.63 elbow_flex.pos=+89.48 wrist_flex.pos=+76.90 wrist_roll.pos=-0.29 gripper.pos=+0.82 | last: shoulder_pan.pos=-2.84 shoulder_lift.pos=-103.35 elbow_flex.pos=+89.36 wrist_flex.pos=+77.01 wrist_roll.pos=-0.18 gripper.pos=+0.70
DEBUG 2026-09-03 09:51:44 [action #103] t=6.36s step=102 queue=49 dmax=0.864 | shoulder_pan.pos=-2.60 shoulder_lift.pos=-102.05 elbow_flex.pos=+88.94 wrist_flex.pos=+76.83 wrist_roll.pos=-0.40 gripper.pos=+0.74
INFO 2026-09-03 09:51:48 Final action sent: shoulder_pan.pos=-2.60 shoulder_lift.pos=-102.05 elbow_flex.pos=+88.94 wrist_flex.pos=+76.83 wrist_roll.pos=-0.40 gripper.pos=+0.74
DEBUG 2026-09-03 09:51:48 === episode end | 11.3s | converged=True | actions=103 ===
