INFO 2026-09-06 04:00:09 strator.py:1424 Decomposing high-level prompt (round 1): 'put everything away'
INFO 2026-09-06 04:00:09 strator.py:1143 Saved VLM frame: runs/run_2026-09-06_03-59-31/01/decompose_20260906_040009.png
  Generated 139 tokens in 11.3s (12.3 tok/s)
INFO 2026-09-06 04:00:20 pace/vlm.py:411 Identification tokens: 70
INFO 2026-09-06 04:00:20 estrator.py:769 Identified objects (6): ['plush toy', 'pouch', 'tray', 'table', 'robot arm', 'wires']
  Generated 113 tokens in 7.2s (15.8 tok/s)

Visible: ['plush toy', 'pouch', 'tray', 'table', 'robot arm', 'wires']
Excluded: []
Completed: []
Allowed: ['plush toy', 'pouch', 'tray', 'table', 'robot arm', 'wires']

Parsed 4 sub-tasks:
  1. put the plush toy in the tray
  2. put the pouch in the tray
  3. put the robot arm in the tray
  4. put the wires in the tray
WARNING 2026-09-06 04:00:27 estrator.py:784 Decomposition left 1 allowed object(s) with no sub-task: ['table'] — re-asking the planner once.
  Generated 129 tokens in 8.1s (15.9 tok/s)

Visible: ['plush toy', 'pouch', 'tray', 'table', 'robot arm', 'wires']
Excluded: []
Completed: []
Allowed: ['plush toy', 'pouch', 'tray', 'table', 'robot arm', 'wires']

Parsed 6 sub-tasks:
  1. put the plush toy on the tray
  2. put the pouch on the tray
  3. put the tray on the table
  4. put the table on the table
  5. put the robot arm on the table
  6. put the wires on the table
INFO 2026-09-06 04:00:35 strator.py:1442 Sub-task queue (6):
INFO 2026-09-06 04:00:35 strator.py:1444   1. put the plush toy on the tray
INFO 2026-09-06 04:00:35 strator.py:1444   2. put the pouch on the tray
INFO 2026-09-06 04:00:35 strator.py:1444   3. put the tray on the table
INFO 2026-09-06 04:00:35 strator.py:1444   4. put the table on the table
INFO 2026-09-06 04:00:35 strator.py:1444   5. put the robot arm on the table
INFO 2026-09-06 04:00:35 strator.py:1444   6. put the wires on the table
INFO 2026-09-06 04:00:35 strator.py:1498 [1] Executing sub-task: 'put the plush toy on the tray' (1 retries left)
INFO 2026-09-06 04:00:35 nt_loop.py:1057 VLA inputs for this episode -> vla_failure_test/plush/129_plush/
INFO 2026-09-06 04:00:35 ent_loop.py:696 Control loop started | task: 'put the plush toy on the tray' | duration: 50.0s
INFO 2026-09-06 04:00:35 ent_loop.py:603 Action receiver thread started
  Generated 38 tokens in 3.3s (11.5 tok/s)
INFO 2026-09-06 04:00:45 estrator.py:628 [VLM MONITOR] CONTINUE (check 1): The arm is positioned near the plush toy and appears to be preparing to grasp it, which is consistent with the sub-task.
  Generated 38 tokens in 3.4s (11.1 tok/s)
INFO 2026-09-06 04:00:51 estrator.py:628 [VLM MONITOR] CONTINUE (check 2): The arm is positioned near the plush toy and appears to be preparing to grasp it, which is consistent with the sub-task.
