INFO 2026-08-19 07:33:24 strator.py:1224 Decomposing high-level prompt (round 1): 'put everything on the tray'
INFO 2026-08-19 07:33:24 strator.py:1003 Saved VLM frame: runs/run_2026-08-19_07-17-03/05/decompose_20260819_073324.png
  Generated 35 tokens in 2.5s (14.2 tok/s)

Identification output:
{
  "visible_objects": [
    "stuffed animal",
    "banana",
    "pouch",
    "tray",
    "table"
  ]
}
INFO 2026-08-19 07:33:26 estrator.py:726 Identified objects (5): ['stuffed animal', 'banana', 'pouch', 'tray', 'table']
  Generated 93 tokens in 6.1s (15.2 tok/s)
INFO 2026-08-19 07:33:33 estrator.py:731 Raw VLM decomposition output (321 chars): '{\n  "visible_objects": ["stuffed animal", "banana", "pouch", "tray", "table"],\n  "excluded_objects": [],\n  "completed_objects": [],\n  "allowed_objects": ["stuffed animal", "banana", "pouch"],\n  "subtasks": [\n    "put the stuffed animal on the tray",\n    "put the banana on the tray",\n    "put the pouch on the tray"\n  ]\n}'

Visible: ['stuffed animal', 'banana', 'pouch', 'tray', 'table']
Excluded: []
Completed: []
Allowed: ['stuffed animal', 'banana', 'pouch']

Parsed 3 sub-tasks:
  1. put the stuffed animal on the tray
  2. put the banana on the tray
  3. put the pouch on the tray
INFO 2026-08-19 07:33:33 strator.py:1242 Sub-task queue (3):
INFO 2026-08-19 07:33:33 strator.py:1244   1. put the stuffed animal on the tray
INFO 2026-08-19 07:33:33 strator.py:1244   2. put the banana on the tray
INFO 2026-08-19 07:33:33 strator.py:1244   3. put the pouch on the tray
INFO 2026-08-19 07:33:33 strator.py:1292 [1] Executing sub-task: 'put the stuffed animal on the tray' (1 retries left)
INFO 2026-08-19 07:33:33 ent_loop.py:565 Control loop started | task: 'put the stuffed animal on the tray' | duration: 30.0s
INFO 2026-08-19 07:33:33 ent_loop.py:512 Action receiver thread started
INFO 2026-08-19 07:33:58 ent_loop.py:753 Episode finished: 25.1s, converged=True, max_displacement=138.7430, actions=627
INFO 2026-08-19 07:33:58 ent_loop.py:344 Returning to home position...
INFO 2026-08-19 07:34:00 ent_loop.py:357 Home position reached.
INFO 2026-08-19 07:34:02 strator.py:1034 Saved VLM eval clip (32 frames) to runs/run_2026-08-19_07-17-03/05
INFO 2026-08-19 07:34:02 strator.py:1405 Evaluation observation: video clip (32 frames over 25.0s of a 25.1s episode, 1.24 fps)
  Generated 22 tokens in 1.8s (12.5 tok/s)
INFO 2026-08-19 07:34:04 estrator.py:812 Raw eval output: {"success": true, "reason": "The stuffed animal is now on the tray as instructed."}
INFO 2026-08-19 07:34:04 strator.py:1455 VLM judgement: success=True | The stuffed animal is now on the tray as instructed.
INFO 2026-08-19 07:34:04 strator.py:1292 [2] Executing sub-task: 'put the banana on the tray' (1 retries left)
INFO 2026-08-19 07:34:04 ent_loop.py:565 Control loop started | task: 'put the banana on the tray' | duration: 30.0s
INFO 2026-08-19 07:34:04 ent_loop.py:512 Action receiver thread started
[INTERJECT] SKIP requested — stopping current action...
INFO 2026-08-19 07:34:21 ent_loop.py:753 Episode finished: 17.1s, converged=False, max_displacement=228.9207, actions=399
INFO 2026-08-19 07:34:21 strator.py:1305 User skipped sub-task: 'put the banana on the tray' (1 attempt(s) left)
INFO 2026-08-19 07:34:21 ent_loop.py:344 Returning to home position...
INFO 2026-08-19 07:34:24 ent_loop.py:357 Home position reached.
INFO 2026-08-19 07:34:24 strator.py:1292 [2] Executing sub-task: 'put the banana on the tray' (0 retries left)
INFO 2026-08-19 07:34:24 ent_loop.py:565 Control loop started | task: 'put the banana on the tray' | duration: 30.0s
INFO 2026-08-19 07:34:24 ent_loop.py:512 Action receiver thread started
[INTERJECT] ABORT requested — stopping current action...
INFO 2026-08-19 07:34:24 ent_loop.py:753 Episode finished: 0.8s, converged=False, max_displacement=0.0000, actions=0
WARNING 2026-08-19 07:34:24 strator.py:1215 ABORT requested during sub-task 'put the banana on the tray' — abandoning high-level task 'put everything on the tray' and returning to the prompt.
INFO 2026-08-19 07:34:24 ent_loop.py:344 Returning to home position...
INFO 2026-08-19 07:34:26 ent_loop.py:357 Home position reached.
INFO 2026-08-19 07:34:26 strator.py:1465   Completed before the abort: ['put the stuffed animal on the tray']
