DEBUG 2026-09-02 09:54:41 === episode start | task: 'put the toy on the tray' | duration: 30.0s ===
DEBUG 2026-09-02 09:54:41 [chunk] dropped stale chunk (ts0=633 > max_sent=0)
DEBUG 2026-09-02 09:54:42 [chunk] received 50 actions, timesteps 0..49 | first: shoulder_pan.pos=-4.90 shoulder_lift.pos=-100.90 elbow_flex.pos=+87.78 wrist_flex.pos=+76.17 wrist_roll.pos=-0.70 gripper.pos=+1.69 | last: shoulder_pan.pos=-5.08 shoulder_lift.pos=-101.02 elbow_flex.pos=+88.36 wrist_flex.pos=+76.78 wrist_roll.pos=-0.93 gripper.pos=+1.65
DEBUG 2026-09-02 09:54:42 [action #1] t=1.81s step=0 queue=50 dmax=n/a | shoulder_pan.pos=-4.90 shoulder_lift.pos=-100.90 elbow_flex.pos=+87.78 wrist_flex.pos=+76.17 wrist_roll.pos=-0.70 gripper.pos=+1.69
DEBUG 2026-09-02 09:54:42 [action #2] t=1.84s step=1 queue=49 dmax=0.555 | shoulder_pan.pos=-4.93 shoulder_lift.pos=-100.89 elbow_flex.pos=+88.34 wrist_flex.pos=+76.30 wrist_roll.pos=-0.67 gripper.pos=+1.81
DEBUG 2026-09-02 09:54:42 [action #3] t=1.87s step=2 queue=48 dmax=0.246 | shoulder_pan.pos=-4.85 shoulder_lift.pos=-101.14 elbow_flex.pos=+88.27 wrist_flex.pos=+76.52 wrist_roll.pos=-0.74 gripper.pos=+1.78
DEBUG 2026-09-02 09:54:42 [action #4] t=1.91s step=3 queue=47 dmax=0.388 | shoulder_pan.pos=-5.12 shoulder_lift.pos=-100.78 elbow_flex.pos=+87.88 wrist_flex.pos=+76.36 wrist_roll.pos=-0.70 gripper.pos=+1.58
DEBUG 2026-09-02 09:54:43 [action #5] t=1.94s step=4 queue=46 dmax=0.234 | shoulder_pan.pos=-4.89 shoulder_lift.pos=-100.89 elbow_flex.pos=+87.97 wrist_flex.pos=+76.27 wrist_roll.pos=-0.67 gripper.pos=+1.66
DEBUG 2026-09-02 09:54:43 [action #6] t=1.97s step=5 queue=45 dmax=0.473 | shoulder_pan.pos=-5.00 shoulder_lift.pos=-101.26 elbow_flex.pos=+88.45 wrist_flex.pos=+76.59 wrist_roll.pos=-0.64 gripper.pos=+1.64
DEBUG 2026-09-02 09:54:43 [action #7] t=2.01s step=6 queue=44 dmax=0.274 | shoulder_pan.pos=-4.98 shoulder_lift.pos=-101.28 elbow_flex.pos=+88.17 wrist_flex.pos=+76.37 wrist_roll.pos=-0.70 gripper.pos=+1.64
DEBUG 2026-09-02 09:54:43 [action #8] t=2.04s step=7 queue=43 dmax=0.540 | shoulder_pan.pos=-4.91 shoulder_lift.pos=-100.98 elbow_flex.pos=+88.71 wrist_flex.pos=+76.62 wrist_roll.pos=-0.75 gripper.pos=+1.61
DEBUG 2026-09-02 09:54:43 [action #9] t=2.07s step=8 queue=42 dmax=0.251 | shoulder_pan.pos=-4.97 shoulder_lift.pos=-101.16 elbow_flex.pos=+88.46 wrist_flex.pos=+76.72 wrist_roll.pos=-0.73 gripper.pos=+1.63
DEBUG 2026-09-02 09:54:43 [action #10] t=2.11s step=9 queue=41 dmax=0.560 | shoulder_pan.pos=-4.89 shoulder_lift.pos=-100.60 elbow_flex.pos=+88.25 wrist_flex.pos=+76.63 wrist_roll.pos=-0.70 gripper.pos=+1.57
DEBUG 2026-09-02 09:54:43 [action #11] t=2.14s step=10 queue=40 dmax=0.973 | shoulder_pan.pos=-4.98 shoulder_lift.pos=-101.57 elbow_flex.pos=+88.11 wrist_flex.pos=+76.64 wrist_roll.pos=-0.72 gripper.pos=+1.71
DEBUG 2026-09-02 09:54:43 [action #12] t=2.17s step=11 queue=39 dmax=0.402 | shoulder_pan.pos=-4.81 shoulder_lift.pos=-101.17 elbow_flex.pos=+88.26 wrist_flex.pos=+76.68 wrist_roll.pos=-0.71 gripper.pos=+1.73
DEBUG 2026-09-02 09:54:43 [action #13] t=2.21s step=12 queue=38 dmax=0.331 | shoulder_pan.pos=-4.85 shoulder_lift.pos=-100.84 elbow_flex.pos=+88.37 wrist_flex.pos=+76.67 wrist_roll.pos=-0.71 gripper.pos=+1.61
DEBUG 2026-09-02 09:54:43 [action #14] t=2.24s step=13 queue=37 dmax=0.353 | shoulder_pan.pos=-4.87 shoulder_lift.pos=-101.19 elbow_flex.pos=+88.15 wrist_flex.pos=+76.71 wrist_roll.pos=-0.70 gripper.pos=+1.76
DEBUG 2026-09-02 09:54:43 [action #15] t=2.27s step=14 queue=36 dmax=0.363 | shoulder_pan.pos=-5.01 shoulder_lift.pos=-101.55 elbow_flex.pos=+87.86 wrist_flex.pos=+76.85 wrist_roll.pos=-0.73 gripper.pos=+1.61
DEBUG 2026-09-02 09:54:43 [action #16] t=2.31s step=15 queue=35 dmax=0.708 | shoulder_pan.pos=-5.10 shoulder_lift.pos=-100.85 elbow_flex.pos=+87.97 wrist_flex.pos=+76.95 wrist_roll.pos=-0.73 gripper.pos=+1.68
DEBUG 2026-09-02 09:54:43 [action #17] t=2.34s step=16 queue=34 dmax=1.003 | shoulder_pan.pos=-4.99 shoulder_lift.pos=-101.85 elbow_flex.pos=+88.17 wrist_flex.pos=+77.04 wrist_roll.pos=-0.75 gripper.pos=+1.68
DEBUG 2026-09-02 09:54:43 [action #18] t=2.37s step=17 queue=33 dmax=0.719 | shoulder_pan.pos=-4.85 shoulder_lift.pos=-101.13 elbow_flex.pos=+88.17 wrist_flex.pos=+76.97 wrist_roll.pos=-0.73 gripper.pos=+1.66
DEBUG 2026-09-02 09:54:43 [action #19] t=2.41s step=18 queue=32 dmax=0.242 | shoulder_pan.pos=-5.09 shoulder_lift.pos=-101.23 elbow_flex.pos=+87.93 wrist_flex.pos=+76.89 wrist_roll.pos=-0.73 gripper.pos=+1.59
DEBUG 2026-09-02 09:54:43 [action #20] t=2.44s step=19 queue=31 dmax=0.356 | shoulder_pan.pos=-5.04 shoulder_lift.pos=-101.50 elbow_flex.pos=+88.28 wrist_flex.pos=+77.11 wrist_roll.pos=-0.73 gripper.pos=+1.63
DEBUG 2026-09-02 09:54:43 [action #21] t=2.48s step=20 queue=30 dmax=0.132 | shoulder_pan.pos=-5.09 shoulder_lift.pos=-101.48 elbow_flex.pos=+88.17 wrist_flex.pos=+76.98 wrist_roll.pos=-0.74 gripper.pos=+1.72
DEBUG 2026-09-02 09:54:43 [action #22] t=2.51s step=21 queue=29 dmax=0.352 | shoulder_pan.pos=-5.04 shoulder_lift.pos=-101.19 elbow_flex.pos=+87.82 wrist_flex.pos=+77.00 wrist_roll.pos=-0.75 gripper.pos=+1.66
DEBUG 2026-09-02 09:54:43 [action #23] t=2.54s step=22 queue=28 dmax=0.436 | shoulder_pan.pos=-5.14 shoulder_lift.pos=-101.62 elbow_flex.pos=+87.94 wrist_flex.pos=+77.06 wrist_roll.pos=-0.76 gripper.pos=+1.60
DEBUG 2026-09-02 09:54:43 [action #24] t=2.58s step=23 queue=27 dmax=0.423 | shoulder_pan.pos=-5.17 shoulder_lift.pos=-101.20 elbow_flex.pos=+88.34 wrist_flex.pos=+77.08 wrist_roll.pos=-0.72 gripper.pos=+1.72
DEBUG 2026-09-02 09:54:43 [action #25] t=2.61s step=24 queue=26 dmax=0.629 | shoulder_pan.pos=-4.98 shoulder_lift.pos=-101.83 elbow_flex.pos=+87.99 wrist_flex.pos=+77.13 wrist_roll.pos=-0.69 gripper.pos=+1.74
DEBUG 2026-09-02 09:54:43 [action #26] t=2.64s step=25 queue=25 dmax=0.437 | shoulder_pan.pos=-5.02 shoulder_lift.pos=-101.39 elbow_flex.pos=+87.96 wrist_flex.pos=+77.00 wrist_roll.pos=-0.78 gripper.pos=+1.63
DEBUG 2026-09-02 09:54:43 [action #27] t=2.68s step=26 queue=24 dmax=0.515 | shoulder_pan.pos=-5.14 shoulder_lift.pos=-101.65 elbow_flex.pos=+88.48 wrist_flex.pos=+77.00 wrist_roll.pos=-0.79 gripper.pos=+1.70
DEBUG 2026-09-02 09:54:43 [action #28] t=2.71s step=27 queue=23 dmax=0.568 | shoulder_pan.pos=-5.05 shoulder_lift.pos=-101.08 elbow_flex.pos=+88.17 wrist_flex.pos=+77.01 wrist_roll.pos=-0.77 gripper.pos=+1.69
DEBUG 2026-09-02 09:54:43 [action #29] t=2.74s step=28 queue=22 dmax=0.527 | shoulder_pan.pos=-5.08 shoulder_lift.pos=-101.60 elbow_flex.pos=+88.40 wrist_flex.pos=+76.91 wrist_roll.pos=-0.87 gripper.pos=+1.70
DEBUG 2026-09-02 09:54:43 [action #30] t=2.78s step=29 queue=21 dmax=0.161 | shoulder_pan.pos=-4.92 shoulder_lift.pos=-101.50 elbow_flex.pos=+88.36 wrist_flex.pos=+77.05 wrist_roll.pos=-0.82 gripper.pos=+1.71
DEBUG 2026-09-02 09:54:43 [action #31] t=2.81s step=30 queue=20 dmax=0.119 | shoulder_pan.pos=-5.01 shoulder_lift.pos=-101.56 elbow_flex.pos=+88.45 wrist_flex.pos=+77.09 wrist_roll.pos=-0.81 gripper.pos=+1.59
DEBUG 2026-09-02 09:54:43 [action #32] t=2.84s step=31 queue=19 dmax=0.391 | shoulder_pan.pos=-5.04 shoulder_lift.pos=-101.17 elbow_flex.pos=+88.36 wrist_flex.pos=+76.94 wrist_roll.pos=-0.76 gripper.pos=+1.66
DEBUG 2026-09-02 09:54:43 [action #33] t=2.88s step=32 queue=18 dmax=0.319 | shoulder_pan.pos=-5.11 shoulder_lift.pos=-100.85 elbow_flex.pos=+88.27 wrist_flex.pos=+76.93 wrist_roll.pos=-0.75 gripper.pos=+1.72
DEBUG 2026-09-02 09:54:43 [action #34] t=2.91s step=33 queue=17 dmax=0.480 | shoulder_pan.pos=-5.11 shoulder_lift.pos=-101.33 elbow_flex.pos=+88.62 wrist_flex.pos=+76.89 wrist_roll.pos=-0.83 gripper.pos=+1.73
DEBUG 2026-09-02 09:54:44 [action #35] t=2.94s step=34 queue=16 dmax=0.355 | shoulder_pan.pos=-4.99 shoulder_lift.pos=-101.37 elbow_flex.pos=+88.26 wrist_flex.pos=+76.81 wrist_roll.pos=-0.80 gripper.pos=+1.72
DEBUG 2026-09-02 09:54:44 [action #36] t=2.98s step=35 queue=15 dmax=0.610 | shoulder_pan.pos=-4.95 shoulder_lift.pos=-100.76 elbow_flex.pos=+88.36 wrist_flex.pos=+76.87 wrist_roll.pos=-0.75 gripper.pos=+1.72
DEBUG 2026-09-02 09:54:44 [action #37] t=3.01s step=36 queue=14 dmax=0.165 | shoulder_pan.pos=-4.91 shoulder_lift.pos=-100.93 elbow_flex.pos=+88.50 wrist_flex.pos=+76.84 wrist_roll.pos=-0.77 gripper.pos=+1.81
DEBUG 2026-09-02 09:54:44 [chunk] received 50 actions, timesteps 7..56 | first: shoulder_pan.pos=-4.48 shoulder_lift.pos=-101.20 elbow_flex.pos=+88.91 wrist_flex.pos=+77.03 wrist_roll.pos=-0.71 gripper.pos=+1.75 | last: shoulder_pan.pos=-4.73 shoulder_lift.pos=-100.99 elbow_flex.pos=+88.28 wrist_flex.pos=+76.82 wrist_roll.pos=-0.84 gripper.pos=+1.42
DEBUG 2026-09-02 09:54:44 [action #38] t=3.04s step=37 queue=20 dmax=0.274 | shoulder_pan.pos=-4.92 shoulder_lift.pos=-101.20 elbow_flex.pos=+88.66 wrist_flex.pos=+76.87 wrist_roll.pos=-0.85 gripper.pos=+1.55
DEBUG 2026-09-02 09:54:44 [action #39] t=3.08s step=38 queue=19 dmax=0.371 | shoulder_pan.pos=-5.03 shoulder_lift.pos=-101.49 elbow_flex.pos=+89.03 wrist_flex.pos=+76.81 wrist_roll.pos=-0.88 gripper.pos=+1.62
DEBUG 2026-09-02 09:54:44 [action #40] t=3.11s step=39 queue=18 dmax=0.290 | shoulder_pan.pos=-4.94 shoulder_lift.pos=-101.59 elbow_flex.pos=+88.74 wrist_flex.pos=+76.74 wrist_roll.pos=-0.80 gripper.pos=+1.58
DEBUG 2026-09-02 09:54:44 [action #41] t=3.14s step=40 queue=17 dmax=0.457 | shoulder_pan.pos=-4.77 shoulder_lift.pos=-101.13 elbow_flex.pos=+89.07 wrist_flex.pos=+76.86 wrist_roll.pos=-0.82 gripper.pos=+1.65
DEBUG 2026-09-02 09:54:44 [action #42] t=3.18s step=41 queue=16 dmax=0.311 | shoulder_pan.pos=-4.92 shoulder_lift.pos=-101.44 elbow_flex.pos=+89.01 wrist_flex.pos=+76.69 wrist_roll.pos=-0.84 gripper.pos=+1.60
DEBUG 2026-09-02 09:54:44 [action #43] t=3.21s step=42 queue=15 dmax=0.385 | shoulder_pan.pos=-4.80 shoulder_lift.pos=-101.06 elbow_flex.pos=+88.69 wrist_flex.pos=+76.75 wrist_roll.pos=-0.81 gripper.pos=+1.54
DEBUG 2026-09-02 09:54:44 [action #44] t=3.24s step=43 queue=14 dmax=0.534 | shoulder_pan.pos=-4.75 shoulder_lift.pos=-101.59 elbow_flex.pos=+88.63 wrist_flex.pos=+76.72 wrist_roll.pos=-0.86 gripper.pos=+1.56
DEBUG 2026-09-02 09:54:44 [action #45] t=3.28s step=44 queue=13 dmax=0.599 | shoulder_pan.pos=-4.73 shoulder_lift.pos=-100.99 elbow_flex.pos=+88.47 wrist_flex.pos=+76.70 wrist_roll.pos=-0.82 gripper.pos=+1.62
DEBUG 2026-09-02 09:54:44 [action #46] t=3.31s step=45 queue=12 dmax=0.275 | shoulder_pan.pos=-4.89 shoulder_lift.pos=-101.27 elbow_flex.pos=+88.52 wrist_flex.pos=+76.69 wrist_roll.pos=-0.88 gripper.pos=+1.57
DEBUG 2026-09-02 09:54:44 [action #47] t=3.34s step=46 queue=11 dmax=0.224 | shoulder_pan.pos=-4.96 shoulder_lift.pos=-101.23 elbow_flex.pos=+88.30 wrist_flex.pos=+76.90 wrist_roll.pos=-0.79 gripper.pos=+1.62
DEBUG 2026-09-02 09:54:44 [action #48] t=3.38s step=47 queue=10 dmax=0.486 | shoulder_pan.pos=-4.84 shoulder_lift.pos=-101.30 elbow_flex.pos=+88.78 wrist_flex.pos=+76.88 wrist_roll.pos=-0.86 gripper.pos=+1.60
DEBUG 2026-09-02 09:54:44 [action #49] t=3.41s step=48 queue=9 dmax=0.380 | shoulder_pan.pos=-4.81 shoulder_lift.pos=-101.09 elbow_flex.pos=+88.40 wrist_flex.pos=+76.84 wrist_roll.pos=-0.87 gripper.pos=+1.53
DEBUG 2026-09-02 09:54:44 [action #50] t=3.45s step=49 queue=8 dmax=0.174 | shoulder_pan.pos=-4.75 shoulder_lift.pos=-101.27 elbow_flex.pos=+88.50 wrist_flex.pos=+76.78 wrist_roll.pos=-0.88 gripper.pos=+1.54
DEBUG 2026-09-02 09:54:44 [action #51] t=3.48s step=50 queue=7 dmax=0.474 | shoulder_pan.pos=-4.82 shoulder_lift.pos=-101.74 elbow_flex.pos=+88.84 wrist_flex.pos=+76.78 wrist_roll.pos=-0.88 gripper.pos=+1.52
DEBUG 2026-09-02 09:54:44 [action #52] t=3.51s step=51 queue=6 dmax=0.706 | shoulder_pan.pos=-4.86 shoulder_lift.pos=-101.25 elbow_flex.pos=+88.13 wrist_flex.pos=+76.90 wrist_roll.pos=-0.81 gripper.pos=+1.54
DEBUG 2026-09-02 09:54:44 [action #53] t=3.55s step=52 queue=5 dmax=0.394 | shoulder_pan.pos=-4.66 shoulder_lift.pos=-101.47 elbow_flex.pos=+88.53 wrist_flex.pos=+76.93 wrist_roll.pos=-0.87 gripper.pos=+1.59
DEBUG 2026-09-02 09:54:44 [action #54] t=3.58s step=53 queue=4 dmax=0.212 | shoulder_pan.pos=-4.87 shoulder_lift.pos=-101.58 elbow_flex.pos=+88.35 wrist_flex.pos=+76.85 wrist_roll.pos=-0.89 gripper.pos=+1.46
DEBUG 2026-09-02 09:54:44 [action #55] t=3.61s step=54 queue=3 dmax=0.363 | shoulder_pan.pos=-5.09 shoulder_lift.pos=-101.31 elbow_flex.pos=+88.72 wrist_flex.pos=+76.92 wrist_roll.pos=-0.94 gripper.pos=+1.52
DEBUG 2026-09-02 09:54:44 [action #56] t=3.65s step=55 queue=2 dmax=0.606 | shoulder_pan.pos=-4.93 shoulder_lift.pos=-100.71 elbow_flex.pos=+88.33 wrist_flex.pos=+76.81 wrist_roll.pos=-0.91 gripper.pos=+1.54
DEBUG 2026-09-02 09:54:44 [action #57] t=3.68s step=56 queue=1 dmax=0.280 | shoulder_pan.pos=-4.73 shoulder_lift.pos=-100.99 elbow_flex.pos=+88.28 wrist_flex.pos=+76.82 wrist_roll.pos=-0.84 gripper.pos=+1.42
DEBUG 2026-09-02 09:54:45 [chunk] received 50 actions, timesteps 56..105 | first: shoulder_pan.pos=-4.80 shoulder_lift.pos=-101.27 elbow_flex.pos=+88.66 wrist_flex.pos=+76.44 wrist_roll.pos=-0.78 gripper.pos=+1.63 | last: shoulder_pan.pos=-4.93 shoulder_lift.pos=-101.39 elbow_flex.pos=+88.63 wrist_flex.pos=+77.46 wrist_roll.pos=-0.95 gripper.pos=+1.88
DEBUG 2026-09-02 09:54:45 [action #58] t=4.62s step=57 queue=49 dmax=0.941 | shoulder_pan.pos=-4.83 shoulder_lift.pos=-101.19 elbow_flex.pos=+89.22 wrist_flex.pos=+76.58 wrist_roll.pos=-0.68 gripper.pos=+1.73
DEBUG 2026-09-02 09:54:45 [action #59] t=4.65s step=58 queue=48 dmax=0.261 | shoulder_pan.pos=-5.09 shoulder_lift.pos=-101.43 elbow_flex.pos=+88.98 wrist_flex.pos=+76.78 wrist_roll.pos=-0.78 gripper.pos=+1.61
DEBUG 2026-09-02 09:54:45 [action #60] t=4.68s step=59 queue=47 dmax=0.627 | shoulder_pan.pos=-5.33 shoulder_lift.pos=-101.47 elbow_flex.pos=+89.61 wrist_flex.pos=+76.87 wrist_roll.pos=-0.79 gripper.pos=+1.52
DEBUG 2026-09-02 09:54:45 [action #61] t=4.72s step=60 queue=46 dmax=0.716 | shoulder_pan.pos=-5.25 shoulder_lift.pos=-101.29 elbow_flex.pos=+88.89 wrist_flex.pos=+76.82 wrist_roll.pos=-0.72 gripper.pos=+1.65
DEBUG 2026-09-02 09:54:45 [action #62] t=4.75s step=61 queue=45 dmax=0.231 | shoulder_pan.pos=-5.18 shoulder_lift.pos=-101.40 elbow_flex.pos=+88.73 wrist_flex.pos=+76.59 wrist_roll.pos=-0.78 gripper.pos=+1.50
DEBUG 2026-09-02 09:54:45 [action #63] t=4.78s step=62 queue=44 dmax=0.435 | shoulder_pan.pos=-5.51 shoulder_lift.pos=-101.61 elbow_flex.pos=+89.07 wrist_flex.pos=+77.03 wrist_roll.pos=-0.78 gripper.pos=+1.48
DEBUG 2026-09-02 09:54:45 [action #64] t=4.82s step=63 queue=43 dmax=0.538 | shoulder_pan.pos=-5.42 shoulder_lift.pos=-101.07 elbow_flex.pos=+89.21 wrist_flex.pos=+76.88 wrist_roll.pos=-0.78 gripper.pos=+1.54
DEBUG 2026-09-02 09:54:45 [action #65] t=4.85s step=64 queue=42 dmax=0.536 | shoulder_pan.pos=-5.27 shoulder_lift.pos=-101.61 elbow_flex.pos=+89.17 wrist_flex.pos=+76.97 wrist_roll.pos=-0.79 gripper.pos=+1.52
DEBUG 2026-09-02 09:54:45 [action #66] t=4.88s step=65 queue=41 dmax=0.425 | shoulder_pan.pos=-5.35 shoulder_lift.pos=-101.55 elbow_flex.pos=+88.75 wrist_flex.pos=+77.14 wrist_roll.pos=-0.81 gripper.pos=+1.47
DEBUG 2026-09-02 09:54:46 [action #67] t=4.92s step=66 queue=40 dmax=0.285 | shoulder_pan.pos=-5.29 shoulder_lift.pos=-101.79 elbow_flex.pos=+89.03 wrist_flex.pos=+76.87 wrist_roll.pos=-0.89 gripper.pos=+1.41
DEBUG 2026-09-02 09:54:46 [action #68] t=4.95s step=67 queue=39 dmax=0.564 | shoulder_pan.pos=-4.96 shoulder_lift.pos=-101.52 elbow_flex.pos=+88.47 wrist_flex.pos=+76.99 wrist_roll.pos=-0.86 gripper.pos=+1.50
DEBUG 2026-09-02 09:54:46 [action #69] t=4.98s step=68 queue=38 dmax=0.261 | shoulder_pan.pos=-5.06 shoulder_lift.pos=-101.28 elbow_flex.pos=+88.73 wrist_flex.pos=+77.13 wrist_roll.pos=-0.86 gripper.pos=+1.45
DEBUG 2026-09-02 09:54:46 [action #70] t=5.02s step=69 queue=37 dmax=0.314 | shoulder_pan.pos=-5.25 shoulder_lift.pos=-101.19 elbow_flex.pos=+88.42 wrist_flex.pos=+77.22 wrist_roll.pos=-0.79 gripper.pos=+1.45
DEBUG 2026-09-02 09:54:46 [action #71] t=5.05s step=70 queue=36 dmax=0.863 | shoulder_pan.pos=-5.12 shoulder_lift.pos=-102.05 elbow_flex.pos=+89.13 wrist_flex.pos=+77.12 wrist_roll.pos=-0.75 gripper.pos=+1.58
DEBUG 2026-09-02 09:54:46 [action #72] t=5.08s step=71 queue=35 dmax=0.451 | shoulder_pan.pos=-5.14 shoulder_lift.pos=-101.86 elbow_flex.pos=+88.68 wrist_flex.pos=+77.44 wrist_roll.pos=-0.81 gripper.pos=+1.57
DEBUG 2026-09-02 09:54:46 [action #73] t=5.12s step=72 queue=34 dmax=0.225 | shoulder_pan.pos=-5.22 shoulder_lift.pos=-101.64 elbow_flex.pos=+88.46 wrist_flex.pos=+77.27 wrist_roll.pos=-0.72 gripper.pos=+1.52
DEBUG 2026-09-02 09:54:46 [action #74] t=5.15s step=73 queue=33 dmax=0.153 | shoulder_pan.pos=-5.28 shoulder_lift.pos=-101.72 elbow_flex.pos=+88.38 wrist_flex.pos=+77.43 wrist_roll.pos=-0.74 gripper.pos=+1.48
DEBUG 2026-09-02 09:54:46 [action #75] t=5.18s step=74 queue=32 dmax=0.314 | shoulder_pan.pos=-5.08 shoulder_lift.pos=-101.59 elbow_flex.pos=+88.69 wrist_flex.pos=+77.33 wrist_roll.pos=-0.79 gripper.pos=+1.57
DEBUG 2026-09-02 09:54:46 [action #76] t=5.22s step=75 queue=31 dmax=0.254 | shoulder_pan.pos=-5.33 shoulder_lift.pos=-101.84 elbow_flex.pos=+88.91 wrist_flex.pos=+77.28 wrist_roll.pos=-0.85 gripper.pos=+1.46
DEBUG 2026-09-02 09:54:46 [action #77] t=5.25s step=76 queue=30 dmax=0.586 | shoulder_pan.pos=-5.33 shoulder_lift.pos=-101.52 elbow_flex.pos=+88.33 wrist_flex.pos=+77.26 wrist_roll.pos=-0.79 gripper.pos=+1.57
DEBUG 2026-09-02 09:54:46 [action #78] t=5.29s step=77 queue=29 dmax=0.679 | shoulder_pan.pos=-5.23 shoulder_lift.pos=-101.99 elbow_flex.pos=+89.00 wrist_flex.pos=+77.45 wrist_roll.pos=-0.85 gripper.pos=+1.58
DEBUG 2026-09-02 09:54:46 [action #79] t=5.32s step=78 queue=28 dmax=0.349 | shoulder_pan.pos=-5.29 shoulder_lift.pos=-101.64 elbow_flex.pos=+88.66 wrist_flex.pos=+77.35 wrist_roll.pos=-0.79 gripper.pos=+1.53
DEBUG 2026-09-02 09:54:46 [action #80] t=5.35s step=79 queue=27 dmax=0.245 | shoulder_pan.pos=-5.05 shoulder_lift.pos=-101.52 elbow_flex.pos=+88.46 wrist_flex.pos=+77.32 wrist_roll.pos=-0.71 gripper.pos=+1.47
DEBUG 2026-09-02 09:54:46 [action #81] t=5.39s step=80 queue=26 dmax=0.528 | shoulder_pan.pos=-5.57 shoulder_lift.pos=-101.90 elbow_flex.pos=+88.72 wrist_flex.pos=+77.40 wrist_roll.pos=-0.84 gripper.pos=+1.52
DEBUG 2026-09-02 09:54:46 [action #82] t=5.42s step=81 queue=25 dmax=0.512 | shoulder_pan.pos=-5.16 shoulder_lift.pos=-101.39 elbow_flex.pos=+88.94 wrist_flex.pos=+77.30 wrist_roll.pos=-0.80 gripper.pos=+1.49
DEBUG 2026-09-02 09:54:46 [action #83] t=5.45s step=82 queue=24 dmax=0.219 | shoulder_pan.pos=-5.10 shoulder_lift.pos=-101.55 elbow_flex.pos=+88.72 wrist_flex.pos=+77.26 wrist_roll.pos=-0.86 gripper.pos=+1.63
DEBUG 2026-09-02 09:54:46 [action #84] t=5.49s step=83 queue=23 dmax=0.274 | shoulder_pan.pos=-5.37 shoulder_lift.pos=-101.28 elbow_flex.pos=+88.56 wrist_flex.pos=+77.45 wrist_roll.pos=-0.84 gripper.pos=+1.48
DEBUG 2026-09-02 09:54:46 [action #85] t=5.52s step=84 queue=22 dmax=0.460 | shoulder_pan.pos=-5.44 shoulder_lift.pos=-101.74 elbow_flex.pos=+88.18 wrist_flex.pos=+77.46 wrist_roll.pos=-0.73 gripper.pos=+1.37
DEBUG 2026-09-02 09:54:46 [action #86] t=5.55s step=85 queue=21 dmax=0.247 | shoulder_pan.pos=-5.25 shoulder_lift.pos=-101.59 elbow_flex.pos=+88.31 wrist_flex.pos=+77.55 wrist_roll.pos=-0.81 gripper.pos=+1.62
DEBUG 2026-09-02 09:54:46 [action #87] t=5.59s step=86 queue=20 dmax=0.292 | shoulder_pan.pos=-5.13 shoulder_lift.pos=-101.88 elbow_flex.pos=+88.58 wrist_flex.pos=+77.51 wrist_roll.pos=-0.77 gripper.pos=+1.66
DEBUG 2026-09-02 09:54:46 [action #88] t=5.62s step=87 queue=19 dmax=0.108 | shoulder_pan.pos=-5.24 shoulder_lift.pos=-101.81 elbow_flex.pos=+88.49 wrist_flex.pos=+77.49 wrist_roll.pos=-0.72 gripper.pos=+1.55
DEBUG 2026-09-02 09:54:46 [action #89] t=5.65s step=88 queue=18 dmax=0.301 | shoulder_pan.pos=-5.15 shoulder_lift.pos=-101.51 elbow_flex.pos=+88.55 wrist_flex.pos=+77.47 wrist_roll.pos=-0.81 gripper.pos=+1.55
DEBUG 2026-09-02 09:54:46 [action #90] t=5.69s step=89 queue=17 dmax=0.362 | shoulder_pan.pos=-5.17 shoulder_lift.pos=-101.87 elbow_flex.pos=+88.24 wrist_flex.pos=+77.25 wrist_roll.pos=-0.83 gripper.pos=+1.51
DEBUG 2026-09-02 09:54:46 [action #91] t=5.72s step=90 queue=16 dmax=0.427 | shoulder_pan.pos=-5.01 shoulder_lift.pos=-101.46 elbow_flex.pos=+88.67 wrist_flex.pos=+77.33 wrist_roll.pos=-0.83 gripper.pos=+1.53
DEBUG 2026-09-02 09:54:46 [action #92] t=5.75s step=91 queue=15 dmax=0.429 | shoulder_pan.pos=-5.20 shoulder_lift.pos=-101.38 elbow_flex.pos=+88.24 wrist_flex.pos=+77.49 wrist_roll.pos=-0.73 gripper.pos=+1.54
DEBUG 2026-09-02 09:54:46 [action #93] t=5.79s step=92 queue=14 dmax=0.373 | shoulder_pan.pos=-5.02 shoulder_lift.pos=-101.40 elbow_flex.pos=+88.61 wrist_flex.pos=+77.45 wrist_roll.pos=-0.77 gripper.pos=+1.52
DEBUG 2026-09-02 09:54:46 [action #94] t=5.82s step=93 queue=13 dmax=0.159 | shoulder_pan.pos=-4.98 shoulder_lift.pos=-101.25 elbow_flex.pos=+88.64 wrist_flex.pos=+77.40 wrist_roll.pos=-0.78 gripper.pos=+1.60
DEBUG 2026-09-02 09:54:46 [action #95] t=5.85s step=94 queue=12 dmax=0.188 | shoulder_pan.pos=-4.98 shoulder_lift.pos=-101.30 elbow_flex.pos=+88.45 wrist_flex.pos=+77.41 wrist_roll.pos=-0.79 gripper.pos=+1.55
DEBUG 2026-09-02 09:54:46 [action #96] t=5.89s step=95 queue=11 dmax=0.241 | shoulder_pan.pos=-4.91 shoulder_lift.pos=-101.10 elbow_flex.pos=+88.21 wrist_flex.pos=+77.50 wrist_roll.pos=-0.70 gripper.pos=+1.59
DEBUG 2026-09-02 09:54:47 [action #97] t=5.92s step=96 queue=10 dmax=0.235 | shoulder_pan.pos=-5.12 shoulder_lift.pos=-101.34 elbow_flex.pos=+88.06 wrist_flex.pos=+77.45 wrist_roll.pos=-0.77 gripper.pos=+1.57
DEBUG 2026-09-02 09:54:47 [action #98] t=5.95s step=97 queue=9 dmax=0.414 | shoulder_pan.pos=-4.72 shoulder_lift.pos=-101.42 elbow_flex.pos=+88.47 wrist_flex.pos=+77.52 wrist_roll.pos=-0.69 gripper.pos=+1.50
DEBUG 2026-09-02 09:54:47 [action #99] t=5.99s step=98 queue=8 dmax=0.642 | shoulder_pan.pos=-5.03 shoulder_lift.pos=-101.60 elbow_flex.pos=+89.11 wrist_flex.pos=+77.51 wrist_roll.pos=-0.75 gripper.pos=+1.47
DEBUG 2026-09-02 09:54:47 [action #100] t=6.02s step=99 queue=7 dmax=0.718 | shoulder_pan.pos=-4.83 shoulder_lift.pos=-100.88 elbow_flex.pos=+88.42 wrist_flex.pos=+77.35 wrist_roll.pos=-0.78 gripper.pos=+1.52
INFO 2026-09-02 09:54:51 Final action sent: shoulder_pan.pos=-4.83 shoulder_lift.pos=-100.88 elbow_flex.pos=+88.42 wrist_flex.pos=+77.35 wrist_roll.pos=-0.78 gripper.pos=+1.52
DEBUG 2026-09-02 09:54:51 === episode end | 9.9s | converged=True | actions=100 ===
DEBUG 2026-09-02 09:55:00 === episode start | task: 'put the stuffed animal on the tray' | duration: 30.0s ===
DEBUG 2026-09-02 09:55:01 [chunk] received 50 actions, timesteps 0..49 | first: shoulder_pan.pos=-4.95 shoulder_lift.pos=-100.94 elbow_flex.pos=+88.48 wrist_flex.pos=+74.97 wrist_roll.pos=-0.51 gripper.pos=+1.89 | last: shoulder_pan.pos=-7.35 shoulder_lift.pos=-99.96 elbow_flex.pos=+85.64 wrist_flex.pos=+65.82 wrist_roll.pos=-3.27 gripper.pos=+1.79
DEBUG 2026-09-02 09:55:01 [action #1] t=0.90s step=0 queue=50 dmax=n/a | shoulder_pan.pos=-4.95 shoulder_lift.pos=-100.94 elbow_flex.pos=+88.48 wrist_flex.pos=+74.97 wrist_roll.pos=-0.51 gripper.pos=+1.89
DEBUG 2026-09-02 09:55:01 [action #2] t=0.94s step=1 queue=49 dmax=0.397 | shoulder_pan.pos=-4.98 shoulder_lift.pos=-100.54 elbow_flex.pos=+88.32 wrist_flex.pos=+74.62 wrist_roll.pos=-0.51 gripper.pos=+1.83
DEBUG 2026-09-02 09:55:01 [action #3] t=0.97s step=2 queue=48 dmax=0.473 | shoulder_pan.pos=-5.11 shoulder_lift.pos=-100.84 elbow_flex.pos=+88.20 wrist_flex.pos=+74.15 wrist_roll.pos=-0.57 gripper.pos=+1.87
DEBUG 2026-09-02 09:55:01 [action #4] t=1.00s step=3 queue=47 dmax=0.320 | shoulder_pan.pos=-5.15 shoulder_lift.pos=-100.52 elbow_flex.pos=+88.18 wrist_flex.pos=+74.00 wrist_roll.pos=-0.53 gripper.pos=+1.80
DEBUG 2026-09-02 09:55:01 [action #5] t=1.04s step=4 queue=46 dmax=0.581 | shoulder_pan.pos=-5.03 shoulder_lift.pos=-100.67 elbow_flex.pos=+88.50 wrist_flex.pos=+73.42 wrist_roll.pos=-0.51 gripper.pos=+1.79
DEBUG 2026-09-02 09:55:01 [action #6] t=1.07s step=5 queue=45 dmax=0.514 | shoulder_pan.pos=-5.38 shoulder_lift.pos=-100.93 elbow_flex.pos=+88.90 wrist_flex.pos=+72.91 wrist_roll.pos=-0.47 gripper.pos=+1.69
DEBUG 2026-09-02 09:55:01 [action #7] t=1.10s step=6 queue=44 dmax=0.615 | shoulder_pan.pos=-5.46 shoulder_lift.pos=-100.72 elbow_flex.pos=+89.00 wrist_flex.pos=+72.29 wrist_roll.pos=-0.54 gripper.pos=+1.72
DEBUG 2026-09-02 09:55:01 [action #8] t=1.14s step=7 queue=43 dmax=0.688 | shoulder_pan.pos=-5.41 shoulder_lift.pos=-101.26 elbow_flex.pos=+89.26 wrist_flex.pos=+71.60 wrist_roll.pos=-0.55 gripper.pos=+1.88
DEBUG 2026-09-02 09:55:01 [action #9] t=1.17s step=8 queue=42 dmax=0.478 | shoulder_pan.pos=-5.89 shoulder_lift.pos=-100.84 elbow_flex.pos=+89.49 wrist_flex.pos=+71.32 wrist_roll.pos=-0.57 gripper.pos=+1.78
DEBUG 2026-09-02 09:55:01 [action #10] t=1.20s step=9 queue=41 dmax=0.337 | shoulder_pan.pos=-5.96 shoulder_lift.pos=-100.88 elbow_flex.pos=+89.16 wrist_flex.pos=+71.18 wrist_roll.pos=-0.51 gripper.pos=+1.74
DEBUG 2026-09-02 09:55:01 [action #11] t=1.24s step=10 queue=40 dmax=0.698 | shoulder_pan.pos=-5.80 shoulder_lift.pos=-101.02 elbow_flex.pos=+89.85 wrist_flex.pos=+70.90 wrist_roll.pos=-0.48 gripper.pos=+1.69
DEBUG 2026-09-02 09:55:01 [action #12] t=1.27s step=11 queue=39 dmax=0.588 | shoulder_pan.pos=-6.07 shoulder_lift.pos=-101.01 elbow_flex.pos=+89.27 wrist_flex.pos=+71.02 wrist_roll.pos=-0.54 gripper.pos=+1.85
DEBUG 2026-09-02 09:55:01 [action #13] t=1.30s step=12 queue=38 dmax=0.584 | shoulder_pan.pos=-6.00 shoulder_lift.pos=-101.60 elbow_flex.pos=+89.64 wrist_flex.pos=+70.89 wrist_roll.pos=-0.56 gripper.pos=+1.76
DEBUG 2026-09-02 09:55:01 [action #14] t=1.34s step=13 queue=37 dmax=1.064 | shoulder_pan.pos=-6.10 shoulder_lift.pos=-100.53 elbow_flex.pos=+89.35 wrist_flex.pos=+70.90 wrist_roll.pos=-0.55 gripper.pos=+1.77
DEBUG 2026-09-02 09:55:01 [action #15] t=1.37s step=14 queue=36 dmax=0.498 | shoulder_pan.pos=-6.18 shoulder_lift.pos=-101.03 elbow_flex.pos=+89.32 wrist_flex.pos=+70.60 wrist_roll.pos=-0.55 gripper.pos=+1.73
DEBUG 2026-09-02 09:55:01 [action #16] t=1.40s step=15 queue=35 dmax=0.315 | shoulder_pan.pos=-6.28 shoulder_lift.pos=-100.72 elbow_flex.pos=+89.34 wrist_flex.pos=+70.59 wrist_roll.pos=-0.51 gripper.pos=+1.85
DEBUG 2026-09-02 09:55:01 [action #17] t=1.44s step=16 queue=34 dmax=0.358 | shoulder_pan.pos=-6.35 shoulder_lift.pos=-101.07 elbow_flex.pos=+89.19 wrist_flex.pos=+70.33 wrist_roll.pos=-0.50 gripper.pos=+1.72
DEBUG 2026-09-02 09:55:01 [action #18] t=1.47s step=17 queue=33 dmax=0.276 | shoulder_pan.pos=-6.63 shoulder_lift.pos=-101.08 elbow_flex.pos=+89.13 wrist_flex.pos=+70.38 wrist_roll.pos=-0.54 gripper.pos=+1.81
DEBUG 2026-09-02 09:55:01 [action #19] t=1.50s step=18 queue=32 dmax=0.304 | shoulder_pan.pos=-6.89 shoulder_lift.pos=-100.88 elbow_flex.pos=+89.44 wrist_flex.pos=+70.10 wrist_roll.pos=-0.53 gripper.pos=+1.65
DEBUG 2026-09-02 09:55:01 [action #20] t=1.54s step=19 queue=31 dmax=0.346 | shoulder_pan.pos=-6.73 shoulder_lift.pos=-101.22 elbow_flex.pos=+89.25 wrist_flex.pos=+69.92 wrist_roll.pos=-0.42 gripper.pos=+1.68
DEBUG 2026-09-02 09:55:01 [action #21] t=1.57s step=20 queue=30 dmax=0.204 | shoulder_pan.pos=-6.62 shoulder_lift.pos=-101.02 elbow_flex.pos=+89.30 wrist_flex.pos=+69.89 wrist_roll.pos=-0.51 gripper.pos=+1.80
DEBUG 2026-09-02 09:55:01 [action #22] t=1.61s step=21 queue=29 dmax=0.348 | shoulder_pan.pos=-6.57 shoulder_lift.pos=-101.14 elbow_flex.pos=+89.48 wrist_flex.pos=+69.54 wrist_roll.pos=-0.62 gripper.pos=+1.75
DEBUG 2026-09-02 09:55:01 [action #23] t=1.64s step=22 queue=28 dmax=0.141 | shoulder_pan.pos=-6.71 shoulder_lift.pos=-101.08 elbow_flex.pos=+89.36 wrist_flex.pos=+69.50 wrist_roll.pos=-0.48 gripper.pos=+1.78
DEBUG 2026-09-02 09:55:01 [action #24] t=1.67s step=23 queue=27 dmax=0.726 | shoulder_pan.pos=-6.71 shoulder_lift.pos=-101.03 elbow_flex.pos=+88.64 wrist_flex.pos=+69.27 wrist_roll.pos=-0.48 gripper.pos=+1.78
DEBUG 2026-09-02 09:55:02 [action #25] t=1.71s step=24 queue=26 dmax=0.695 | shoulder_pan.pos=-6.92 shoulder_lift.pos=-101.20 elbow_flex.pos=+89.33 wrist_flex.pos=+69.13 wrist_roll.pos=-0.58 gripper.pos=+1.81
DEBUG 2026-09-02 09:55:02 [action #26] t=1.74s step=25 queue=25 dmax=0.422 | shoulder_pan.pos=-6.87 shoulder_lift.pos=-100.86 elbow_flex.pos=+88.91 wrist_flex.pos=+69.10 wrist_roll.pos=-0.59 gripper.pos=+1.80
DEBUG 2026-09-02 09:55:02 [action #27] t=1.77s step=26 queue=24 dmax=0.255 | shoulder_pan.pos=-7.01 shoulder_lift.pos=-101.11 elbow_flex.pos=+88.87 wrist_flex.pos=+69.05 wrist_roll.pos=-0.55 gripper.pos=+1.72
DEBUG 2026-09-02 09:55:02 [action #28] t=1.81s step=27 queue=23 dmax=0.234 | shoulder_pan.pos=-7.20 shoulder_lift.pos=-101.32 elbow_flex.pos=+89.11 wrist_flex.pos=+69.13 wrist_roll.pos=-0.53 gripper.pos=+1.62
DEBUG 2026-09-02 09:55:02 [action #29] t=1.84s step=28 queue=22 dmax=0.451 | shoulder_pan.pos=-7.16 shoulder_lift.pos=-100.97 elbow_flex.pos=+88.66 wrist_flex.pos=+69.07 wrist_roll.pos=-0.51 gripper.pos=+1.78
DEBUG 2026-09-02 09:55:02 [action #30] t=1.87s step=29 queue=21 dmax=0.217 | shoulder_pan.pos=-7.11 shoulder_lift.pos=-100.93 elbow_flex.pos=+88.44 wrist_flex.pos=+69.06 wrist_roll.pos=-0.58 gripper.pos=+1.89
DEBUG 2026-09-02 09:55:02 [action #31] t=1.91s step=30 queue=20 dmax=0.342 | shoulder_pan.pos=-7.23 shoulder_lift.pos=-101.27 elbow_flex.pos=+88.73 wrist_flex.pos=+68.90 wrist_roll.pos=-0.52 gripper.pos=+1.82
DEBUG 2026-09-02 09:55:02 [action #32] t=1.94s step=31 queue=19 dmax=0.503 | shoulder_pan.pos=-7.05 shoulder_lift.pos=-100.82 elbow_flex.pos=+88.23 wrist_flex.pos=+69.04 wrist_roll.pos=-0.54 gripper.pos=+1.81
DEBUG 2026-09-02 09:55:02 [action #33] t=1.97s step=32 queue=18 dmax=0.358 | shoulder_pan.pos=-7.01 shoulder_lift.pos=-101.16 elbow_flex.pos=+87.87 wrist_flex.pos=+68.82 wrist_roll.pos=-0.59 gripper.pos=+1.82
DEBUG 2026-09-02 09:55:02 [action #34] t=2.01s step=33 queue=17 dmax=0.120 | shoulder_pan.pos=-7.09 shoulder_lift.pos=-101.05 elbow_flex.pos=+87.75 wrist_flex.pos=+68.72 wrist_roll.pos=-0.60 gripper.pos=+1.85
DEBUG 2026-09-02 09:55:02 [action #35] t=2.04s step=34 queue=16 dmax=0.283 | shoulder_pan.pos=-7.13 shoulder_lift.pos=-101.28 elbow_flex.pos=+87.73 wrist_flex.pos=+68.47 wrist_roll.pos=-0.88 gripper.pos=+1.89
DEBUG 2026-09-02 09:55:02 [action #36] t=2.07s step=35 queue=15 dmax=0.445 | shoulder_pan.pos=-7.08 shoulder_lift.pos=-100.84 elbow_flex.pos=+87.71 wrist_flex.pos=+68.13 wrist_roll.pos=-1.01 gripper.pos=+1.84
DEBUG 2026-09-02 09:55:02 [chunk] received 50 actions, timesteps 8..57 | first: shoulder_pan.pos=-5.19 shoulder_lift.pos=-100.47 elbow_flex.pos=+89.46 wrist_flex.pos=+71.17 wrist_roll.pos=-0.92 gripper.pos=+1.74 | last: shoulder_pan.pos=-5.30 shoulder_lift.pos=-100.61 elbow_flex.pos=+87.66 wrist_flex.pos=+68.81 wrist_roll.pos=-1.04 gripper.pos=+1.80
DEBUG 2026-09-02 09:55:02 [action #37] t=2.11s step=36 queue=22 dmax=2.041 | shoulder_pan.pos=-6.07 shoulder_lift.pos=-101.24 elbow_flex.pos=+88.06 wrist_flex.pos=+70.17 wrist_roll.pos=-1.10 gripper.pos=+1.67
DEBUG 2026-09-02 09:55:02 [action #38] t=2.14s step=37 queue=21 dmax=0.181 | shoulder_pan.pos=-5.98 shoulder_lift.pos=-101.18 elbow_flex.pos=+87.88 wrist_flex.pos=+70.00 wrist_roll.pos=-1.15 gripper.pos=+1.55
DEBUG 2026-09-02 09:55:02 [action #39] t=2.17s step=38 queue=20 dmax=0.308 | shoulder_pan.pos=-6.13 shoulder_lift.pos=-100.94 elbow_flex.pos=+87.57 wrist_flex.pos=+70.07 wrist_roll.pos=-1.18 gripper.pos=+1.64
DEBUG 2026-09-02 09:55:02 [action #40] t=2.21s step=39 queue=19 dmax=0.251 | shoulder_pan.pos=-6.20 shoulder_lift.pos=-101.19 elbow_flex.pos=+87.76 wrist_flex.pos=+70.12 wrist_roll.pos=-1.28 gripper.pos=+1.71
DEBUG 2026-09-02 09:55:02 [action #41] t=2.24s step=40 queue=18 dmax=0.440 | shoulder_pan.pos=-6.30 shoulder_lift.pos=-100.75 elbow_flex.pos=+87.87 wrist_flex.pos=+70.11 wrist_roll.pos=-1.38 gripper.pos=+1.57
DEBUG 2026-09-02 09:55:02 [action #42] t=2.27s step=41 queue=17 dmax=0.170 | shoulder_pan.pos=-6.13 shoulder_lift.pos=-100.70 elbow_flex.pos=+87.81 wrist_flex.pos=+70.16 wrist_roll.pos=-1.46 gripper.pos=+1.52
DEBUG 2026-09-02 09:55:02 [action #43] t=2.31s step=42 queue=16 dmax=0.398 | shoulder_pan.pos=-6.35 shoulder_lift.pos=-101.10 elbow_flex.pos=+87.45 wrist_flex.pos=+70.17 wrist_roll.pos=-1.57 gripper.pos=+1.55
DEBUG 2026-09-02 09:55:02 [action #44] t=2.34s step=43 queue=15 dmax=0.371 | shoulder_pan.pos=-6.25 shoulder_lift.pos=-100.73 elbow_flex.pos=+87.40 wrist_flex.pos=+70.14 wrist_roll.pos=-1.61 gripper.pos=+1.55
DEBUG 2026-09-02 09:55:02 [action #45] t=2.37s step=44 queue=14 dmax=0.069 | shoulder_pan.pos=-6.18 shoulder_lift.pos=-100.76 elbow_flex.pos=+87.35 wrist_flex.pos=+70.10 wrist_roll.pos=-1.62 gripper.pos=+1.48
DEBUG 2026-09-02 09:55:02 [action #46] t=2.41s step=45 queue=13 dmax=0.316 | shoulder_pan.pos=-6.13 shoulder_lift.pos=-100.68 elbow_flex.pos=+87.03 wrist_flex.pos=+70.01 wrist_roll.pos=-1.63 gripper.pos=+1.52
DEBUG 2026-09-02 09:55:02 [action #47] t=2.44s step=46 queue=12 dmax=0.219 | shoulder_pan.pos=-6.26 shoulder_lift.pos=-100.69 elbow_flex.pos=+86.82 wrist_flex.pos=+69.94 wrist_roll.pos=-1.65 gripper.pos=+1.51
DEBUG 2026-09-02 09:55:02 [action #48] t=2.47s step=47 queue=11 dmax=0.168 | shoulder_pan.pos=-6.27 shoulder_lift.pos=-100.70 elbow_flex.pos=+86.65 wrist_flex.pos=+69.88 wrist_roll.pos=-1.60 gripper.pos=+1.53
DEBUG 2026-09-02 09:55:02 [action #49] t=2.51s step=48 queue=10 dmax=0.304 | shoulder_pan.pos=-6.14 shoulder_lift.pos=-100.85 elbow_flex.pos=+86.95 wrist_flex.pos=+69.86 wrist_roll.pos=-1.59 gripper.pos=+1.63
DEBUG 2026-09-02 09:55:02 [action #50] t=2.54s step=49 queue=9 dmax=0.730 | shoulder_pan.pos=-6.11 shoulder_lift.pos=-100.38 elbow_flex.pos=+86.22 wrist_flex.pos=+69.65 wrist_roll.pos=-1.68 gripper.pos=+1.57
DEBUG 2026-09-02 09:55:02 [action #51] t=2.57s step=50 queue=8 dmax=1.429 | shoulder_pan.pos=-5.74 shoulder_lift.pos=-101.12 elbow_flex.pos=+87.65 wrist_flex.pos=+70.85 wrist_roll.pos=-0.98 gripper.pos=+1.49
DEBUG 2026-09-02 09:55:02 [action #52] t=2.61s step=51 queue=7 dmax=0.747 | shoulder_pan.pos=-5.82 shoulder_lift.pos=-100.37 elbow_flex.pos=+87.06 wrist_flex.pos=+70.90 wrist_roll.pos=-1.06 gripper.pos=+1.61
DEBUG 2026-09-02 09:55:02 [action #53] t=2.64s step=52 queue=6 dmax=0.605 | shoulder_pan.pos=-5.72 shoulder_lift.pos=-100.50 elbow_flex.pos=+87.47 wrist_flex.pos=+70.29 wrist_roll.pos=-1.02 gripper.pos=+1.70
DEBUG 2026-09-02 09:55:02 [action #54] t=2.68s step=53 queue=5 dmax=0.961 | shoulder_pan.pos=-5.71 shoulder_lift.pos=-100.70 elbow_flex.pos=+86.51 wrist_flex.pos=+70.04 wrist_roll.pos=-1.00 gripper.pos=+1.66
DEBUG 2026-09-02 09:55:03 [action #55] t=2.71s step=54 queue=4 dmax=0.906 | shoulder_pan.pos=-5.73 shoulder_lift.pos=-100.73 elbow_flex.pos=+87.41 wrist_flex.pos=+69.53 wrist_roll.pos=-1.04 gripper.pos=+1.70
DEBUG 2026-09-02 09:55:03 [action #56] t=2.74s step=55 queue=3 dmax=0.535 | shoulder_pan.pos=-5.60 shoulder_lift.pos=-100.20 elbow_flex.pos=+87.25 wrist_flex.pos=+69.25 wrist_roll.pos=-1.08 gripper.pos=+1.67
DEBUG 2026-09-02 09:55:03 [action #57] t=2.78s step=56 queue=2 dmax=0.400 | shoulder_pan.pos=-5.62 shoulder_lift.pos=-100.60 elbow_flex.pos=+87.34 wrist_flex.pos=+68.86 wrist_roll.pos=-1.04 gripper.pos=+1.63
DEBUG 2026-09-02 09:55:03 [action #58] t=2.81s step=57 queue=1 dmax=0.320 | shoulder_pan.pos=-5.30 shoulder_lift.pos=-100.61 elbow_flex.pos=+87.66 wrist_flex.pos=+68.81 wrist_roll.pos=-1.04 gripper.pos=+1.80
DEBUG 2026-09-02 09:55:03 [chunk] received 50 actions, timesteps 35..84 | first: shoulder_pan.pos=-7.07 shoulder_lift.pos=-100.43 elbow_flex.pos=+90.15 wrist_flex.pos=+66.19 wrist_roll.pos=-0.86 gripper.pos=+1.78 | last: shoulder_pan.pos=-5.92 shoulder_lift.pos=-100.68 elbow_flex.pos=+81.07 wrist_flex.pos=+72.97 wrist_roll.pos=-0.94 gripper.pos=+1.60
DEBUG 2026-09-02 09:55:03 [action #59] t=3.01s step=58 queue=27 dmax=3.239 | shoulder_pan.pos=-8.54 shoulder_lift.pos=-101.21 elbow_flex.pos=+89.43 wrist_flex.pos=+67.98 wrist_roll.pos=-0.86 gripper.pos=+1.67
DEBUG 2026-09-02 09:55:03 [action #60] t=3.04s step=59 queue=26 dmax=1.269 | shoulder_pan.pos=-8.52 shoulder_lift.pos=-101.21 elbow_flex.pos=+88.16 wrist_flex.pos=+68.30 wrist_roll.pos=-0.86 gripper.pos=+1.55
DEBUG 2026-09-02 09:55:03 [action #61] t=3.08s step=60 queue=25 dmax=0.489 | shoulder_pan.pos=-9.00 shoulder_lift.pos=-101.08 elbow_flex.pos=+88.25 wrist_flex.pos=+68.76 wrist_roll.pos=-0.91 gripper.pos=+1.59
DEBUG 2026-09-02 09:55:03 [action #62] t=3.11s step=61 queue=24 dmax=0.362 | shoulder_pan.pos=-8.90 shoulder_lift.pos=-100.83 elbow_flex.pos=+88.61 wrist_flex.pos=+68.81 wrist_roll.pos=-0.92 gripper.pos=+1.56
DEBUG 2026-09-02 09:55:03 [action #63] t=3.14s step=62 queue=23 dmax=1.014 | shoulder_pan.pos=-9.11 shoulder_lift.pos=-100.63 elbow_flex.pos=+87.59 wrist_flex.pos=+69.10 wrist_roll.pos=-0.85 gripper.pos=+1.57
DEBUG 2026-09-02 09:55:03 [action #64] t=3.18s step=63 queue=22 dmax=0.981 | shoulder_pan.pos=-8.66 shoulder_lift.pos=-100.43 elbow_flex.pos=+88.57 wrist_flex.pos=+69.17 wrist_roll.pos=-0.86 gripper.pos=+1.74
DEBUG 2026-09-02 09:55:03 [action #65] t=3.21s step=64 queue=21 dmax=0.946 | shoulder_pan.pos=-8.77 shoulder_lift.pos=-100.94 elbow_flex.pos=+87.63 wrist_flex.pos=+69.52 wrist_roll.pos=-0.88 gripper.pos=+1.68
DEBUG 2026-09-02 09:55:03 [action #66] t=3.24s step=65 queue=20 dmax=0.408 | shoulder_pan.pos=-8.86 shoulder_lift.pos=-100.53 elbow_flex.pos=+87.87 wrist_flex.pos=+69.93 wrist_roll.pos=-0.95 gripper.pos=+1.68
DEBUG 2026-09-02 09:55:03 [action #67] t=3.28s step=66 queue=19 dmax=0.924 | shoulder_pan.pos=-8.89 shoulder_lift.pos=-100.51 elbow_flex.pos=+86.94 wrist_flex.pos=+70.21 wrist_roll.pos=-0.97 gripper.pos=+1.64
DEBUG 2026-09-02 09:55:03 [action #68] t=3.31s step=67 queue=18 dmax=0.219 | shoulder_pan.pos=-8.79 shoulder_lift.pos=-100.42 elbow_flex.pos=+87.06 wrist_flex.pos=+70.43 wrist_roll.pos=-1.00 gripper.pos=+1.76
DEBUG 2026-09-02 09:55:03 [action #69] t=3.34s step=68 queue=17 dmax=1.061 | shoulder_pan.pos=-8.71 shoulder_lift.pos=-100.62 elbow_flex.pos=+86.00 wrist_flex.pos=+70.81 wrist_roll.pos=-0.93 gripper.pos=+1.74
DEBUG 2026-09-02 09:55:03 [action #70] t=3.38s step=69 queue=16 dmax=0.344 | shoulder_pan.pos=-9.01 shoulder_lift.pos=-100.90 elbow_flex.pos=+86.34 wrist_flex.pos=+71.07 wrist_roll.pos=-0.95 gripper.pos=+1.64
DEBUG 2026-09-02 09:55:03 [action #71] t=3.41s step=70 queue=15 dmax=0.401 | shoulder_pan.pos=-8.76 shoulder_lift.pos=-100.62 elbow_flex.pos=+85.94 wrist_flex.pos=+71.40 wrist_roll.pos=-1.05 gripper.pos=+1.66
DEBUG 2026-09-02 09:55:03 [action #72] t=3.44s step=71 queue=14 dmax=0.398 | shoulder_pan.pos=-8.76 shoulder_lift.pos=-100.99 elbow_flex.pos=+85.54 wrist_flex.pos=+71.62 wrist_roll.pos=-1.07 gripper.pos=+1.74
DEBUG 2026-09-02 09:55:03 [action #73] t=3.48s step=72 queue=13 dmax=0.593 | shoulder_pan.pos=-8.64 shoulder_lift.pos=-100.40 elbow_flex.pos=+84.95 wrist_flex.pos=+71.68 wrist_roll.pos=-1.02 gripper.pos=+1.73
DEBUG 2026-09-02 09:55:03 [action #74] t=3.51s step=73 queue=12 dmax=0.490 | shoulder_pan.pos=-8.15 shoulder_lift.pos=-100.73 elbow_flex.pos=+84.69 wrist_flex.pos=+71.67 wrist_roll.pos=-1.15 gripper.pos=+1.70
DEBUG 2026-09-02 09:55:03 [action #75] t=3.54s step=74 queue=11 dmax=0.352 | shoulder_pan.pos=-8.22 shoulder_lift.pos=-100.38 elbow_flex.pos=+84.59 wrist_flex.pos=+71.79 wrist_roll.pos=-1.11 gripper.pos=+1.69
DEBUG 2026-09-02 09:55:03 [action #76] t=3.58s step=75 queue=10 dmax=0.343 | shoulder_pan.pos=-7.88 shoulder_lift.pos=-100.46 elbow_flex.pos=+84.38 wrist_flex.pos=+72.02 wrist_roll.pos=-1.11 gripper.pos=+1.68
DEBUG 2026-09-02 09:55:03 [action #77] t=3.61s step=76 queue=9 dmax=0.534 | shoulder_pan.pos=-7.35 shoulder_lift.pos=-100.08 elbow_flex.pos=+83.88 wrist_flex.pos=+71.94 wrist_roll.pos=-1.05 gripper.pos=+1.71
DEBUG 2026-09-02 09:55:03 [action #78] t=3.65s step=77 queue=8 dmax=0.420 | shoulder_pan.pos=-7.58 shoulder_lift.pos=-100.29 elbow_flex.pos=+84.30 wrist_flex.pos=+72.20 wrist_roll.pos=-1.23 gripper.pos=+1.67
DEBUG 2026-09-02 09:55:03 [action #79] t=3.68s step=78 queue=7 dmax=1.128 | shoulder_pan.pos=-7.33 shoulder_lift.pos=-100.27 elbow_flex.pos=+83.17 wrist_flex.pos=+72.28 wrist_roll.pos=-1.12 gripper.pos=+1.63
DEBUG 2026-09-02 09:55:04 [action #80] t=3.71s step=79 queue=6 dmax=0.793 | shoulder_pan.pos=-6.87 shoulder_lift.pos=-100.22 elbow_flex.pos=+82.38 wrist_flex.pos=+72.26 wrist_roll.pos=-1.11 gripper.pos=+1.69
DEBUG 2026-09-02 09:55:04 [action #81] t=3.75s step=80 queue=5 dmax=0.520 | shoulder_pan.pos=-6.70 shoulder_lift.pos=-99.85 elbow_flex.pos=+82.89 wrist_flex.pos=+72.68 wrist_roll.pos=-1.00 gripper.pos=+1.57
DEBUG 2026-09-02 09:55:04 [action #82] t=3.78s step=81 queue=4 dmax=0.730 | shoulder_pan.pos=-6.55 shoulder_lift.pos=-100.25 elbow_flex.pos=+82.16 wrist_flex.pos=+72.81 wrist_roll.pos=-1.08 gripper.pos=+1.54
DEBUG 2026-09-02 09:55:04 [action #83] t=3.81s step=82 queue=3 dmax=0.230 | shoulder_pan.pos=-6.47 shoulder_lift.pos=-100.02 elbow_flex.pos=+81.93 wrist_flex.pos=+73.00 wrist_roll.pos=-1.12 gripper.pos=+1.65
DEBUG 2026-09-02 09:55:04 [action #84] t=3.85s step=83 queue=2 dmax=0.383 | shoulder_pan.pos=-6.08 shoulder_lift.pos=-100.17 elbow_flex.pos=+81.83 wrist_flex.pos=+73.20 wrist_roll.pos=-1.01 gripper.pos=+1.58
DEBUG 2026-09-02 09:55:04 [action #85] t=3.88s step=84 queue=1 dmax=0.764 | shoulder_pan.pos=-5.92 shoulder_lift.pos=-100.68 elbow_flex.pos=+81.07 wrist_flex.pos=+72.97 wrist_roll.pos=-0.94 gripper.pos=+1.60
DEBUG 2026-09-02 09:55:04 [chunk] received 50 actions, timesteps 57..106 | first: shoulder_pan.pos=-5.96 shoulder_lift.pos=-99.75 elbow_flex.pos=+87.30 wrist_flex.pos=+68.03 wrist_roll.pos=-1.43 gripper.pos=+1.87 | last: shoulder_pan.pos=-9.64 shoulder_lift.pos=-77.39 elbow_flex.pos=+67.47 wrist_flex.pos=+65.72 wrist_roll.pos=-2.10 gripper.pos=+1.49
DEBUG 2026-09-02 09:55:04 [action #86] t=3.95s step=85 queue=22 dmax=4.809 | shoulder_pan.pos=-8.30 shoulder_lift.pos=-100.60 elbow_flex.pos=+84.51 wrist_flex.pos=+68.16 wrist_roll.pos=-1.48 gripper.pos=+1.54
DEBUG 2026-09-02 09:55:04 [action #87] t=3.98s step=86 queue=21 dmax=0.433 | shoulder_pan.pos=-8.74 shoulder_lift.pos=-100.80 elbow_flex.pos=+84.24 wrist_flex.pos=+68.09 wrist_roll.pos=-1.50 gripper.pos=+1.49
DEBUG 2026-09-02 09:55:04 [action #88] t=4.01s step=87 queue=20 dmax=0.449 | shoulder_pan.pos=-8.85 shoulder_lift.pos=-100.35 elbow_flex.pos=+84.31 wrist_flex.pos=+68.13 wrist_roll.pos=-1.51 gripper.pos=+1.43
DEBUG 2026-09-02 09:55:04 [action #89] t=4.05s step=88 queue=19 dmax=0.473 | shoulder_pan.pos=-9.32 shoulder_lift.pos=-100.55 elbow_flex.pos=+84.38 wrist_flex.pos=+68.20 wrist_roll.pos=-1.60 gripper.pos=+1.51
DEBUG 2026-09-02 09:55:04 [action #90] t=4.08s step=89 queue=18 dmax=0.581 | shoulder_pan.pos=-9.37 shoulder_lift.pos=-100.28 elbow_flex.pos=+83.80 wrist_flex.pos=+68.06 wrist_roll.pos=-1.58 gripper.pos=+1.45
DEBUG 2026-09-02 09:55:04 [action #91] t=4.11s step=90 queue=17 dmax=0.618 | shoulder_pan.pos=-9.49 shoulder_lift.pos=-99.66 elbow_flex.pos=+83.33 wrist_flex.pos=+68.01 wrist_roll.pos=-1.61 gripper.pos=+1.47
DEBUG 2026-09-02 09:55:04 [action #92] t=4.15s step=91 queue=16 dmax=0.573 | shoulder_pan.pos=-9.78 shoulder_lift.pos=-99.08 elbow_flex.pos=+82.80 wrist_flex.pos=+68.05 wrist_roll.pos=-1.72 gripper.pos=+1.50
DEBUG 2026-09-02 09:55:04 [action #93] t=4.18s step=92 queue=15 dmax=1.279 | shoulder_pan.pos=-9.79 shoulder_lift.pos=-97.81 elbow_flex.pos=+82.45 wrist_flex.pos=+68.01 wrist_roll.pos=-1.71 gripper.pos=+1.38
DEBUG 2026-09-02 09:55:04 [action #94] t=4.21s step=93 queue=14 dmax=1.075 | shoulder_pan.pos=-9.69 shoulder_lift.pos=-96.86 elbow_flex.pos=+81.37 wrist_flex.pos=+67.84 wrist_roll.pos=-1.78 gripper.pos=+1.41
DEBUG 2026-09-02 09:55:04 [action #95] t=4.25s step=94 queue=13 dmax=1.888 | shoulder_pan.pos=-9.83 shoulder_lift.pos=-94.97 elbow_flex.pos=+80.52 wrist_flex.pos=+67.62 wrist_roll.pos=-1.86 gripper.pos=+1.32
DEBUG 2026-09-02 09:55:04 [action #96] t=4.28s step=95 queue=12 dmax=1.627 | shoulder_pan.pos=-9.75 shoulder_lift.pos=-93.50 elbow_flex.pos=+78.89 wrist_flex.pos=+67.34 wrist_roll.pos=-1.86 gripper.pos=+1.22
DEBUG 2026-09-02 09:55:04 [action #97] t=4.31s step=96 queue=11 dmax=2.100 | shoulder_pan.pos=-9.82 shoulder_lift.pos=-91.40 elbow_flex.pos=+77.74 wrist_flex.pos=+67.40 wrist_roll.pos=-1.86 gripper.pos=+1.26
DEBUG 2026-09-02 09:55:04 [action #98] t=4.35s step=97 queue=10 dmax=1.732 | shoulder_pan.pos=-9.92 shoulder_lift.pos=-89.66 elbow_flex.pos=+76.02 wrist_flex.pos=+67.24 wrist_roll.pos=-1.95 gripper.pos=+1.42
DEBUG 2026-09-02 09:55:04 [action #99] t=4.38s step=98 queue=9 dmax=1.577 | shoulder_pan.pos=-9.65 shoulder_lift.pos=-88.11 elbow_flex.pos=+74.45 wrist_flex.pos=+67.21 wrist_roll.pos=-1.92 gripper.pos=+1.43
DEBUG 2026-09-02 09:55:04 [action #100] t=4.41s step=99 queue=8 dmax=2.244 | shoulder_pan.pos=-9.90 shoulder_lift.pos=-85.87 elbow_flex.pos=+73.40 wrist_flex.pos=+67.01 wrist_roll.pos=-1.91 gripper.pos=+1.42
DEBUG 2026-09-02 09:55:04 [action #101] t=4.45s step=100 queue=7 dmax=1.457 | shoulder_pan.pos=-9.77 shoulder_lift.pos=-84.41 elbow_flex.pos=+72.16 wrist_flex.pos=+66.88 wrist_roll.pos=-1.95 gripper.pos=+1.39
DEBUG 2026-09-02 09:55:04 [action #102] t=4.48s step=101 queue=6 dmax=1.976 | shoulder_pan.pos=-9.93 shoulder_lift.pos=-82.43 elbow_flex.pos=+71.03 wrist_flex.pos=+66.51 wrist_roll.pos=-2.05 gripper.pos=+1.29
DEBUG 2026-09-02 09:55:04 [action #103] t=4.51s step=102 queue=5 dmax=1.299 | shoulder_pan.pos=-9.89 shoulder_lift.pos=-81.13 elbow_flex.pos=+69.95 wrist_flex.pos=+66.54 wrist_roll.pos=-2.07 gripper.pos=+1.44
DEBUG 2026-09-02 09:55:04 [action #104] t=4.55s step=103 queue=4 dmax=0.751 | shoulder_pan.pos=-9.71 shoulder_lift.pos=-80.38 elbow_flex.pos=+69.45 wrist_flex.pos=+66.35 wrist_roll.pos=-2.09 gripper.pos=+1.44
DEBUG 2026-09-02 09:55:04 [action #105] t=4.58s step=104 queue=3 dmax=0.958 | shoulder_pan.pos=-9.82 shoulder_lift.pos=-79.42 elbow_flex.pos=+68.64 wrist_flex.pos=+66.25 wrist_roll.pos=-2.06 gripper.pos=+1.42
DEBUG 2026-09-02 09:55:04 [action #106] t=4.62s step=105 queue=2 dmax=0.964 | shoulder_pan.pos=-9.77 shoulder_lift.pos=-78.46 elbow_flex.pos=+68.25 wrist_flex.pos=+66.19 wrist_roll.pos=-2.05 gripper.pos=+1.45
DEBUG 2026-09-02 09:55:04 [action #107] t=4.65s step=106 queue=1 dmax=1.070 | shoulder_pan.pos=-9.64 shoulder_lift.pos=-77.39 elbow_flex.pos=+67.47 wrist_flex.pos=+65.72 wrist_roll.pos=-2.10 gripper.pos=+1.49
DEBUG 2026-09-02 09:55:05 [chunk] received 50 actions, timesteps 84..133 | first: shoulder_pan.pos=-7.72 shoulder_lift.pos=-99.93 elbow_flex.pos=+82.91 wrist_flex.pos=+71.35 wrist_roll.pos=-1.47 gripper.pos=+1.55 | last: shoulder_pan.pos=-9.05 shoulder_lift.pos=-68.11 elbow_flex.pos=+60.20 wrist_flex.pos=+70.11 wrist_roll.pos=-6.32 gripper.pos=+1.67
DEBUG 2026-09-02 09:55:05 [action #108] t=4.85s step=107 queue=27 dmax=27.115 | shoulder_pan.pos=-10.62 shoulder_lift.pos=-104.51 elbow_flex.pos=+83.97 wrist_flex.pos=+76.03 wrist_roll.pos=-1.61 gripper.pos=+1.21
DEBUG 2026-09-02 09:55:05 [action #109] t=4.88s step=108 queue=26 dmax=0.333 | shoulder_pan.pos=-10.67 shoulder_lift.pos=-104.69 elbow_flex.pos=+83.89 wrist_flex.pos=+76.36 wrist_roll.pos=-1.65 gripper.pos=+1.23
DEBUG 2026-09-02 09:55:05 [action #110] t=4.92s step=109 queue=25 dmax=0.341 | shoulder_pan.pos=-10.58 shoulder_lift.pos=-105.01 elbow_flex.pos=+83.78 wrist_flex.pos=+76.70 wrist_roll.pos=-1.66 gripper.pos=+1.16
DEBUG 2026-09-02 09:55:05 [action #111] t=4.95s step=110 queue=24 dmax=0.481 | shoulder_pan.pos=-10.40 shoulder_lift.pos=-105.49 elbow_flex.pos=+83.87 wrist_flex.pos=+76.99 wrist_roll.pos=-1.63 gripper.pos=+1.19
DEBUG 2026-09-02 09:55:05 [action #112] t=4.98s step=111 queue=23 dmax=0.809 | shoulder_pan.pos=-10.31 shoulder_lift.pos=-106.30 elbow_flex.pos=+84.31 wrist_flex.pos=+77.24 wrist_roll.pos=-1.74 gripper.pos=+1.17
DEBUG 2026-09-02 09:55:05 [action #113] t=5.02s step=112 queue=22 dmax=0.893 | shoulder_pan.pos=-9.92 shoulder_lift.pos=-105.78 elbow_flex.pos=+83.41 wrist_flex.pos=+77.17 wrist_roll.pos=-1.83 gripper.pos=+1.17
DEBUG 2026-09-02 09:55:05 [action #114] t=5.05s step=113 queue=21 dmax=0.725 | shoulder_pan.pos=-9.97 shoulder_lift.pos=-105.92 elbow_flex.pos=+82.69 wrist_flex.pos=+77.52 wrist_roll.pos=-1.99 gripper.pos=+1.26
DEBUG 2026-09-02 09:55:05 [action #115] t=5.08s step=114 queue=20 dmax=0.424 | shoulder_pan.pos=-9.55 shoulder_lift.pos=-106.29 elbow_flex.pos=+82.93 wrist_flex.pos=+77.47 wrist_roll.pos=-2.06 gripper.pos=+1.40
DEBUG 2026-09-02 09:55:05 [action #116] t=5.12s step=115 queue=19 dmax=0.675 | shoulder_pan.pos=-9.51 shoulder_lift.pos=-105.61 elbow_flex.pos=+82.39 wrist_flex.pos=+77.47 wrist_roll.pos=-2.26 gripper.pos=+1.50
DEBUG 2026-09-02 09:55:05 [action #117] t=5.15s step=116 queue=18 dmax=0.481 | shoulder_pan.pos=-9.03 shoulder_lift.pos=-106.05 elbow_flex.pos=+82.15 wrist_flex.pos=+77.37 wrist_roll.pos=-2.30 gripper.pos=+1.39
DEBUG 2026-09-02 09:55:05 [action #118] t=5.18s step=117 queue=17 dmax=0.483 | shoulder_pan.pos=-8.74 shoulder_lift.pos=-106.05 elbow_flex.pos=+81.67 wrist_flex.pos=+77.40 wrist_roll.pos=-2.34 gripper.pos=+1.38
DEBUG 2026-09-02 09:55:05 [action #119] t=5.22s step=118 queue=16 dmax=0.730 | shoulder_pan.pos=-8.72 shoulder_lift.pos=-105.32 elbow_flex.pos=+81.61 wrist_flex.pos=+76.99 wrist_roll.pos=-2.39 gripper.pos=+1.39
DEBUG 2026-09-02 09:55:05 [action #120] t=5.25s step=119 queue=15 dmax=0.382 | shoulder_pan.pos=-8.38 shoulder_lift.pos=-105.34 elbow_flex.pos=+81.99 wrist_flex.pos=+77.06 wrist_roll.pos=-2.41 gripper.pos=+1.26
DEBUG 2026-09-02 09:55:05 [action #121] t=5.28s step=120 queue=14 dmax=1.012 | shoulder_pan.pos=-8.22 shoulder_lift.pos=-104.96 elbow_flex.pos=+80.98 wrist_flex.pos=+76.75 wrist_roll.pos=-2.37 gripper.pos=+1.22
DEBUG 2026-09-02 09:55:05 [action #122] t=5.32s step=121 queue=13 dmax=1.201 | shoulder_pan.pos=-7.99 shoulder_lift.pos=-103.76 elbow_flex.pos=+80.21 wrist_flex.pos=+76.60 wrist_roll.pos=-2.42 gripper.pos=+1.24
DEBUG 2026-09-02 09:55:05 [action #123] t=5.35s step=122 queue=12 dmax=1.429 | shoulder_pan.pos=-7.96 shoulder_lift.pos=-102.33 elbow_flex.pos=+79.80 wrist_flex.pos=+76.23 wrist_roll.pos=-2.35 gripper.pos=+1.30
DEBUG 2026-09-02 09:55:05 [action #124] t=5.39s step=123 queue=11 dmax=1.579 | shoulder_pan.pos=-8.02 shoulder_lift.pos=-100.75 elbow_flex.pos=+79.46 wrist_flex.pos=+75.74 wrist_roll.pos=-2.45 gripper.pos=+1.19
DEBUG 2026-09-02 09:55:05 [action #125] t=5.42s step=124 queue=10 dmax=1.904 | shoulder_pan.pos=-8.15 shoulder_lift.pos=-98.85 elbow_flex.pos=+77.68 wrist_flex.pos=+75.12 wrist_roll.pos=-2.48 gripper.pos=+1.21
DEBUG 2026-09-02 09:55:05 [action #126] t=5.45s step=125 queue=9 dmax=3.000 | shoulder_pan.pos=-8.36 shoulder_lift.pos=-95.85 elbow_flex.pos=+76.77 wrist_flex.pos=+74.54 wrist_roll.pos=-2.66 gripper.pos=+1.27
DEBUG 2026-09-02 09:55:05 [action #127] t=5.49s step=126 queue=8 dmax=3.349 | shoulder_pan.pos=-8.42 shoulder_lift.pos=-92.50 elbow_flex.pos=+74.48 wrist_flex.pos=+73.80 wrist_roll.pos=-2.91 gripper.pos=+1.28
DEBUG 2026-09-02 09:55:05 [action #128] t=5.52s step=127 queue=7 dmax=3.953 | shoulder_pan.pos=-8.41 shoulder_lift.pos=-88.54 elbow_flex.pos=+71.90 wrist_flex.pos=+73.11 wrist_roll.pos=-3.31 gripper.pos=+1.36
DEBUG 2026-09-02 09:55:05 [action #129] t=5.55s step=128 queue=6 dmax=4.205 | shoulder_pan.pos=-8.37 shoulder_lift.pos=-84.34 elbow_flex.pos=+70.17 wrist_flex.pos=+72.64 wrist_roll.pos=-3.86 gripper.pos=+1.46
DEBUG 2026-09-02 09:55:05 [action #130] t=5.59s step=129 queue=5 dmax=4.024 | shoulder_pan.pos=-8.54 shoulder_lift.pos=-80.31 elbow_flex.pos=+67.11 wrist_flex.pos=+71.66 wrist_roll.pos=-4.47 gripper.pos=+1.54
DEBUG 2026-09-02 09:55:05 [action #131] t=5.62s step=130 queue=4 dmax=3.553 | shoulder_pan.pos=-8.68 shoulder_lift.pos=-76.76 elbow_flex.pos=+65.51 wrist_flex.pos=+71.12 wrist_roll.pos=-5.07 gripper.pos=+1.51
DEBUG 2026-09-02 09:55:05 [action #132] t=5.65s step=131 queue=3 dmax=3.060 | shoulder_pan.pos=-8.70 shoulder_lift.pos=-73.70 elbow_flex.pos=+63.42 wrist_flex.pos=+70.71 wrist_roll.pos=-5.60 gripper.pos=+1.51
DEBUG 2026-09-02 09:55:05 [action #133] t=5.69s step=132 queue=2 dmax=2.769 | shoulder_pan.pos=-8.86 shoulder_lift.pos=-70.93 elbow_flex.pos=+61.46 wrist_flex.pos=+70.33 wrist_roll.pos=-5.97 gripper.pos=+1.58
DEBUG 2026-09-02 09:55:06 [action #134] t=5.72s step=133 queue=1 dmax=2.817 | shoulder_pan.pos=-9.05 shoulder_lift.pos=-68.11 elbow_flex.pos=+60.20 wrist_flex.pos=+70.11 wrist_roll.pos=-6.32 gripper.pos=+1.67
DEBUG 2026-09-02 09:55:06 [chunk] received 50 actions, timesteps 106..155 | first: shoulder_pan.pos=-9.28 shoulder_lift.pos=-68.19 elbow_flex.pos=+65.64 wrist_flex.pos=+66.34 wrist_roll.pos=-2.32 gripper.pos=+1.36 | last: shoulder_pan.pos=-10.34 shoulder_lift.pos=-17.29 elbow_flex.pos=+41.39 wrist_flex.pos=+62.36 wrist_roll.pos=-2.96 gripper.pos=+33.30
DEBUG 2026-09-02 09:55:06 [action #135] t=5.75s step=134 queue=22 dmax=28.469 | shoulder_pan.pos=-9.94 shoulder_lift.pos=-39.65 elbow_flex.pos=+53.33 wrist_flex.pos=+66.30 wrist_roll.pos=-2.82 gripper.pos=+30.10
DEBUG 2026-09-02 09:55:06 [action #136] t=5.79s step=135 queue=21 dmax=0.945 | shoulder_pan.pos=-9.72 shoulder_lift.pos=-38.70 elbow_flex.pos=+52.53 wrist_flex.pos=+66.21 wrist_roll.pos=-2.80 gripper.pos=+30.25
DEBUG 2026-09-02 09:55:06 [action #137] t=5.82s step=136 queue=20 dmax=1.034 | shoulder_pan.pos=-9.76 shoulder_lift.pos=-37.89 elbow_flex.pos=+51.49 wrist_flex.pos=+66.08 wrist_roll.pos=-2.91 gripper.pos=+30.46
DEBUG 2026-09-02 09:55:06 [action #138] t=5.85s step=137 queue=19 dmax=0.956 | shoulder_pan.pos=-10.19 shoulder_lift.pos=-36.93 elbow_flex.pos=+51.45 wrist_flex.pos=+65.81 wrist_roll.pos=-2.96 gripper.pos=+30.73
DEBUG 2026-09-02 09:55:06 [action #139] t=5.89s step=138 queue=18 dmax=1.037 | shoulder_pan.pos=-9.91 shoulder_lift.pos=-35.89 elbow_flex.pos=+51.26 wrist_flex.pos=+65.76 wrist_roll.pos=-3.08 gripper.pos=+30.96
DEBUG 2026-09-02 09:55:06 [action #140] t=5.92s step=139 queue=17 dmax=1.066 | shoulder_pan.pos=-10.06 shoulder_lift.pos=-34.95 elbow_flex.pos=+50.19 wrist_flex.pos=+65.67 wrist_roll.pos=-3.02 gripper.pos=+31.02
DEBUG 2026-09-02 09:55:06 [action #141] t=5.95s step=140 queue=16 dmax=0.706 | shoulder_pan.pos=-10.37 shoulder_lift.pos=-34.24 elbow_flex.pos=+50.10 wrist_flex.pos=+65.45 wrist_roll.pos=-3.05 gripper.pos=+31.26
DEBUG 2026-09-02 09:55:06 [action #142] t=5.99s step=141 queue=15 dmax=1.274 | shoulder_pan.pos=-10.11 shoulder_lift.pos=-32.97 elbow_flex.pos=+49.47 wrist_flex.pos=+65.41 wrist_roll.pos=-3.05 gripper.pos=+31.39
DEBUG 2026-09-02 09:55:06 [action #143] t=6.02s step=142 queue=14 dmax=0.665 | shoulder_pan.pos=-10.17 shoulder_lift.pos=-32.30 elbow_flex.pos=+49.18 wrist_flex.pos=+65.07 wrist_roll.pos=-3.11 gripper.pos=+31.56
DEBUG 2026-09-02 09:55:06 [action #144] t=6.05s step=143 queue=13 dmax=1.686 | shoulder_pan.pos=-10.01 shoulder_lift.pos=-30.62 elbow_flex.pos=+47.90 wrist_flex.pos=+64.87 wrist_roll.pos=-3.15 gripper.pos=+31.71
DEBUG 2026-09-02 09:55:06 [action #145] t=6.09s step=144 queue=12 dmax=1.126 | shoulder_pan.pos=-10.29 shoulder_lift.pos=-29.49 elbow_flex.pos=+47.75 wrist_flex.pos=+64.66 wrist_roll.pos=-3.15 gripper.pos=+32.17
DEBUG 2026-09-02 09:55:06 [action #146] t=6.12s step=145 queue=11 dmax=0.894 | shoulder_pan.pos=-10.24 shoulder_lift.pos=-28.60 elbow_flex.pos=+47.42 wrist_flex.pos=+64.48 wrist_roll.pos=-3.11 gripper.pos=+32.47
DEBUG 2026-09-02 09:55:06 [action #147] t=6.15s step=146 queue=10 dmax=1.205 | shoulder_pan.pos=-10.31 shoulder_lift.pos=-27.46 elbow_flex.pos=+46.21 wrist_flex.pos=+64.29 wrist_roll.pos=-3.16 gripper.pos=+32.70
DEBUG 2026-09-02 09:55:06 [action #148] t=6.19s step=147 queue=9 dmax=1.076 | shoulder_pan.pos=-10.12 shoulder_lift.pos=-26.39 elbow_flex.pos=+45.74 wrist_flex.pos=+64.10 wrist_roll.pos=-3.09 gripper.pos=+32.84
DEBUG 2026-09-02 09:55:06 [action #149] t=6.22s step=148 queue=8 dmax=1.134 | shoulder_pan.pos=-10.47 shoulder_lift.pos=-25.25 elbow_flex.pos=+45.48 wrist_flex.pos=+63.98 wrist_roll.pos=-3.10 gripper.pos=+32.87
DEBUG 2026-09-02 09:55:06 [action #150] t=6.25s step=149 queue=7 dmax=1.462 | shoulder_pan.pos=-10.28 shoulder_lift.pos=-23.79 elbow_flex.pos=+44.23 wrist_flex.pos=+63.73 wrist_roll.pos=-3.03 gripper.pos=+32.90
DEBUG 2026-09-02 09:55:06 [action #151] t=6.29s step=150 queue=6 dmax=0.314 | shoulder_pan.pos=-10.19 shoulder_lift.pos=-23.48 elbow_flex.pos=+44.15 wrist_flex.pos=+63.69 wrist_roll.pos=-3.19 gripper.pos=+33.01
DEBUG 2026-09-02 09:55:06 [action #152] t=6.32s step=151 queue=5 dmax=2.004 | shoulder_pan.pos=-9.96 shoulder_lift.pos=-21.47 elbow_flex.pos=+42.77 wrist_flex.pos=+63.32 wrist_roll.pos=-3.05 gripper.pos=+33.06
DEBUG 2026-09-02 09:55:06 [action #153] t=6.36s step=152 queue=4 dmax=0.865 | shoulder_pan.pos=-10.56 shoulder_lift.pos=-20.61 elbow_flex.pos=+42.07 wrist_flex.pos=+63.29 wrist_roll.pos=-3.05 gripper.pos=+33.10
DEBUG 2026-09-02 09:55:06 [action #154] t=6.39s step=153 queue=3 dmax=0.499 | shoulder_pan.pos=-10.13 shoulder_lift.pos=-20.11 elbow_flex.pos=+42.28 wrist_flex.pos=+62.87 wrist_roll.pos=-2.86 gripper.pos=+33.25
DEBUG 2026-09-02 09:55:06 [action #155] t=6.42s step=154 queue=2 dmax=1.438 | shoulder_pan.pos=-10.12 shoulder_lift.pos=-18.67 elbow_flex.pos=+41.71 wrist_flex.pos=+62.70 wrist_roll.pos=-2.95 gripper.pos=+33.24
DEBUG 2026-09-02 09:55:06 [action #156] t=6.46s step=155 queue=1 dmax=1.378 | shoulder_pan.pos=-10.34 shoulder_lift.pos=-17.29 elbow_flex.pos=+41.39 wrist_flex.pos=+62.36 wrist_roll.pos=-2.96 gripper.pos=+33.30
DEBUG 2026-09-02 09:55:06 [chunk] received 50 actions, timesteps 133..182 | first: shoulder_pan.pos=-8.70 shoulder_lift.pos=-73.07 elbow_flex.pos=+65.07 wrist_flex.pos=+71.05 wrist_roll.pos=-5.11 gripper.pos=+0.81 | last: shoulder_pan.pos=-11.50 shoulder_lift.pos=-24.67 elbow_flex.pos=+43.39 wrist_flex.pos=+62.57 wrist_roll.pos=-3.95 gripper.pos=+31.10
DEBUG 2026-09-02 09:55:06 [action #157] t=6.59s step=156 queue=27 dmax=30.137 | shoulder_pan.pos=-8.73 shoulder_lift.pos=-47.43 elbow_flex.pos=+50.92 wrist_flex.pos=+71.43 wrist_roll.pos=-5.54 gripper.pos=+24.35
DEBUG 2026-09-02 09:55:06 [action #158] t=6.62s step=157 queue=26 dmax=1.678 | shoulder_pan.pos=-8.80 shoulder_lift.pos=-46.38 elbow_flex.pos=+50.36 wrist_flex.pos=+71.49 wrist_roll.pos=-5.53 gripper.pos=+26.02
DEBUG 2026-09-02 09:55:06 [action #159] t=6.66s step=158 queue=25 dmax=1.015 | shoulder_pan.pos=-8.99 shoulder_lift.pos=-45.48 elbow_flex.pos=+50.22 wrist_flex.pos=+71.23 wrist_roll.pos=-5.63 gripper.pos=+27.04
DEBUG 2026-09-02 09:55:06 [action #160] t=6.69s step=159 queue=24 dmax=0.566 | shoulder_pan.pos=-9.04 shoulder_lift.pos=-44.91 elbow_flex.pos=+49.95 wrist_flex.pos=+71.21 wrist_roll.pos=-5.66 gripper.pos=+27.41
DEBUG 2026-09-02 09:55:07 [action #161] t=6.72s step=160 queue=23 dmax=0.794 | shoulder_pan.pos=-9.24 shoulder_lift.pos=-44.12 elbow_flex.pos=+49.84 wrist_flex.pos=+70.79 wrist_roll.pos=-5.66 gripper.pos=+27.28
DEBUG 2026-09-02 09:55:07 [action #162] t=6.76s step=161 queue=22 dmax=0.756 | shoulder_pan.pos=-9.25 shoulder_lift.pos=-43.42 elbow_flex.pos=+49.08 wrist_flex.pos=+70.58 wrist_roll.pos=-5.67 gripper.pos=+26.77
DEBUG 2026-09-02 09:55:07 [action #163] t=6.79s step=162 queue=21 dmax=0.731 | shoulder_pan.pos=-9.31 shoulder_lift.pos=-42.68 elbow_flex.pos=+48.73 wrist_flex.pos=+70.19 wrist_roll.pos=-5.67 gripper.pos=+26.23
DEBUG 2026-09-02 09:55:07 [action #164] t=6.82s step=163 queue=20 dmax=0.602 | shoulder_pan.pos=-9.46 shoulder_lift.pos=-42.08 elbow_flex.pos=+48.66 wrist_flex.pos=+69.64 wrist_roll.pos=-5.75 gripper.pos=+25.89
DEBUG 2026-09-02 09:55:07 [action #165] t=6.86s step=164 queue=19 dmax=0.452 | shoulder_pan.pos=-9.43 shoulder_lift.pos=-41.63 elbow_flex.pos=+48.52 wrist_flex.pos=+69.25 wrist_roll.pos=-5.87 gripper.pos=+25.60
DEBUG 2026-09-02 09:55:07 [action #166] t=6.89s step=165 queue=18 dmax=1.316 | shoulder_pan.pos=-9.54 shoulder_lift.pos=-40.31 elbow_flex.pos=+48.53 wrist_flex.pos=+69.08 wrist_roll.pos=-5.94 gripper.pos=+25.57
DEBUG 2026-09-02 09:55:07 [action #167] t=6.92s step=166 queue=17 dmax=0.599 | shoulder_pan.pos=-9.74 shoulder_lift.pos=-39.86 elbow_flex.pos=+47.93 wrist_flex.pos=+68.68 wrist_roll.pos=-5.89 gripper.pos=+25.71
DEBUG 2026-09-02 09:55:07 [action #168] t=6.96s step=167 queue=16 dmax=0.660 | shoulder_pan.pos=-9.75 shoulder_lift.pos=-39.20 elbow_flex.pos=+47.71 wrist_flex.pos=+68.39 wrist_roll.pos=-5.87 gripper.pos=+25.87
DEBUG 2026-09-02 09:55:07 [action #169] t=6.99s step=168 queue=15 dmax=0.985 | shoulder_pan.pos=-9.96 shoulder_lift.pos=-38.21 elbow_flex.pos=+47.29 wrist_flex.pos=+68.11 wrist_roll.pos=-5.73 gripper.pos=+26.30
DEBUG 2026-09-02 09:55:07 [action #170] t=7.02s step=169 queue=14 dmax=1.135 | shoulder_pan.pos=-10.16 shoulder_lift.pos=-37.08 elbow_flex.pos=+46.36 wrist_flex.pos=+67.86 wrist_roll.pos=-5.72 gripper.pos=+26.94
DEBUG 2026-09-02 09:55:07 [action #171] t=7.06s step=170 queue=13 dmax=0.988 | shoulder_pan.pos=-10.06 shoulder_lift.pos=-36.09 elbow_flex.pos=+47.06 wrist_flex.pos=+67.44 wrist_roll.pos=-5.62 gripper.pos=+27.85
DEBUG 2026-09-02 09:55:07 [action #172] t=7.09s step=171 queue=12 dmax=1.026 | shoulder_pan.pos=-10.19 shoulder_lift.pos=-35.13 elbow_flex.pos=+46.42 wrist_flex.pos=+66.95 wrist_roll.pos=-5.43 gripper.pos=+28.88
DEBUG 2026-09-02 09:55:07 [action #173] t=7.12s step=172 queue=11 dmax=0.844 | shoulder_pan.pos=-10.32 shoulder_lift.pos=-34.29 elbow_flex.pos=+46.30 wrist_flex.pos=+66.44 wrist_roll.pos=-5.28 gripper.pos=+29.63
DEBUG 2026-09-02 09:55:07 [action #174] t=7.16s step=173 queue=10 dmax=0.894 | shoulder_pan.pos=-10.53 shoulder_lift.pos=-33.40 elbow_flex.pos=+46.28 wrist_flex.pos=+66.02 wrist_roll.pos=-5.12 gripper.pos=+30.16
DEBUG 2026-09-02 09:55:07 [action #175] t=7.19s step=174 queue=9 dmax=0.673 | shoulder_pan.pos=-10.64 shoulder_lift.pos=-32.73 elbow_flex.pos=+45.61 wrist_flex.pos=+65.36 wrist_roll.pos=-5.05 gripper.pos=+30.63
DEBUG 2026-09-02 09:55:07 [action #176] t=7.22s step=175 queue=8 dmax=1.117 | shoulder_pan.pos=-10.76 shoulder_lift.pos=-31.61 elbow_flex.pos=+45.79 wrist_flex.pos=+65.01 wrist_roll.pos=-4.97 gripper.pos=+30.86
DEBUG 2026-09-02 09:55:07 [action #177] t=7.26s step=176 queue=7 dmax=0.549 | shoulder_pan.pos=-10.84 shoulder_lift.pos=-31.07 elbow_flex.pos=+45.87 wrist_flex.pos=+64.55 wrist_roll.pos=-4.91 gripper.pos=+30.99
DEBUG 2026-09-02 09:55:07 [action #178] t=7.29s step=177 queue=6 dmax=0.985 | shoulder_pan.pos=-10.94 shoulder_lift.pos=-30.08 elbow_flex.pos=+45.20 wrist_flex.pos=+64.09 wrist_roll.pos=-4.82 gripper.pos=+30.95
DEBUG 2026-09-02 09:55:07 [action #179] t=7.33s step=178 queue=5 dmax=1.017 | shoulder_pan.pos=-11.11 shoulder_lift.pos=-29.06 elbow_flex.pos=+44.92 wrist_flex.pos=+63.70 wrist_roll.pos=-4.72 gripper.pos=+30.86
DEBUG 2026-09-02 09:55:07 [action #180] t=7.36s step=179 queue=4 dmax=1.155 | shoulder_pan.pos=-11.06 shoulder_lift.pos=-27.91 elbow_flex.pos=+44.66 wrist_flex.pos=+63.27 wrist_roll.pos=-4.62 gripper.pos=+30.73
DEBUG 2026-09-02 09:55:07 [action #181] t=7.39s step=180 queue=3 dmax=0.881 | shoulder_pan.pos=-11.26 shoulder_lift.pos=-27.03 elbow_flex.pos=+44.12 wrist_flex.pos=+62.99 wrist_roll.pos=-4.49 gripper.pos=+30.75
DEBUG 2026-09-02 09:55:07 [action #182] t=7.43s step=181 queue=2 dmax=1.563 | shoulder_pan.pos=-11.52 shoulder_lift.pos=-25.47 elbow_flex.pos=+44.01 wrist_flex.pos=+62.62 wrist_roll.pos=-4.22 gripper.pos=+31.12
DEBUG 2026-09-02 09:55:07 [action #183] t=7.46s step=182 queue=1 dmax=0.792 | shoulder_pan.pos=-11.50 shoulder_lift.pos=-24.67 elbow_flex.pos=+43.39 wrist_flex.pos=+62.57 wrist_roll.pos=-3.95 gripper.pos=+31.10
DEBUG 2026-09-02 09:55:07 [chunk] received 50 actions, timesteps 155..204 | first: shoulder_pan.pos=-10.35 shoulder_lift.pos=-18.50 elbow_flex.pos=+42.45 wrist_flex.pos=+62.51 wrist_roll.pos=-2.97 gripper.pos=+36.40 | last: shoulder_pan.pos=-8.33 shoulder_lift.pos=+4.00 elbow_flex.pos=+16.14 wrist_flex.pos=+74.73 wrist_roll.pos=-2.54 gripper.pos=+10.82
DEBUG 2026-09-02 09:55:07 [action #184] t=7.49s step=183 queue=22 dmax=31.226 | shoulder_pan.pos=-10.57 shoulder_lift.pos=+6.55 elbow_flex.pos=+27.84 wrist_flex.pos=+62.07 wrist_roll.pos=-2.32 gripper.pos=+29.43
DEBUG 2026-09-02 09:55:07 [action #185] t=7.53s step=184 queue=21 dmax=4.153 | shoulder_pan.pos=-10.32 shoulder_lift.pos=+6.29 elbow_flex.pos=+27.48 wrist_flex.pos=+62.18 wrist_roll.pos=-2.20 gripper.pos=+25.28
DEBUG 2026-09-02 09:55:07 [action #186] t=7.56s step=185 queue=20 dmax=3.799 | shoulder_pan.pos=-10.36 shoulder_lift.pos=+6.18 elbow_flex.pos=+27.12 wrist_flex.pos=+62.10 wrist_roll.pos=-1.98 gripper.pos=+21.48
DEBUG 2026-09-02 09:55:07 [action #187] t=7.59s step=186 queue=19 dmax=3.051 | shoulder_pan.pos=-10.22 shoulder_lift.pos=+5.84 elbow_flex.pos=+27.00 wrist_flex.pos=+62.00 wrist_roll.pos=-1.99 gripper.pos=+18.43
DEBUG 2026-09-02 09:55:07 [action #188] t=7.63s step=187 queue=18 dmax=2.236 | shoulder_pan.pos=-10.23 shoulder_lift.pos=+5.97 elbow_flex.pos=+26.96 wrist_flex.pos=+61.98 wrist_roll.pos=-1.85 gripper.pos=+16.19
DEBUG 2026-09-02 09:55:07 [action #189] t=7.66s step=188 queue=17 dmax=1.673 | shoulder_pan.pos=-9.96 shoulder_lift.pos=+5.89 elbow_flex.pos=+26.83 wrist_flex.pos=+61.98 wrist_roll.pos=-1.93 gripper.pos=+14.52
DEBUG 2026-09-02 09:55:07 [action #190] t=7.69s step=189 queue=16 dmax=1.261 | shoulder_pan.pos=-10.05 shoulder_lift.pos=+5.64 elbow_flex.pos=+26.62 wrist_flex.pos=+62.13 wrist_roll.pos=-1.82 gripper.pos=+13.26
DEBUG 2026-09-02 09:55:08 [action #191] t=7.73s step=190 queue=15 dmax=0.936 | shoulder_pan.pos=-10.13 shoulder_lift.pos=+6.02 elbow_flex.pos=+26.70 wrist_flex.pos=+62.03 wrist_roll.pos=-1.86 gripper.pos=+12.32
DEBUG 2026-09-02 09:55:08 [action #192] t=7.76s step=191 queue=14 dmax=0.923 | shoulder_pan.pos=-9.94 shoulder_lift.pos=+5.24 elbow_flex.pos=+25.93 wrist_flex.pos=+62.54 wrist_roll.pos=-1.87 gripper.pos=+11.40
DEBUG 2026-09-02 09:55:08 [action #193] t=7.79s step=192 queue=13 dmax=0.863 | shoulder_pan.pos=-10.03 shoulder_lift.pos=+5.71 elbow_flex.pos=+26.79 wrist_flex.pos=+62.62 wrist_roll.pos=-1.97 gripper.pos=+11.20
DEBUG 2026-09-02 09:55:08 [action #194] t=7.83s step=193 queue=12 dmax=1.165 | shoulder_pan.pos=-9.87 shoulder_lift.pos=+5.78 elbow_flex.pos=+25.62 wrist_flex.pos=+63.08 wrist_roll.pos=-1.95 gripper.pos=+10.71
DEBUG 2026-09-02 09:55:08 [action #195] t=7.86s step=194 queue=11 dmax=0.584 | shoulder_pan.pos=-10.03 shoulder_lift.pos=+5.51 elbow_flex.pos=+25.12 wrist_flex.pos=+63.66 wrist_roll.pos=-1.97 gripper.pos=+10.53
DEBUG 2026-09-02 09:55:08 [action #196] t=7.89s step=195 queue=10 dmax=0.798 | shoulder_pan.pos=-9.80 shoulder_lift.pos=+5.82 elbow_flex.pos=+24.50 wrist_flex.pos=+64.46 wrist_roll.pos=-1.91 gripper.pos=+10.29
DEBUG 2026-09-02 09:55:08 [action #197] t=7.93s step=196 queue=9 dmax=0.601 | shoulder_pan.pos=-9.85 shoulder_lift.pos=+6.01 elbow_flex.pos=+24.49 wrist_flex.pos=+65.06 wrist_roll.pos=-2.15 gripper.pos=+10.39
DEBUG 2026-09-02 09:55:08 [action #198] t=7.96s step=197 queue=8 dmax=1.482 | shoulder_pan.pos=-9.72 shoulder_lift.pos=+5.67 elbow_flex.pos=+23.01 wrist_flex.pos=+66.09 wrist_roll.pos=-2.07 gripper.pos=+10.33
DEBUG 2026-09-02 09:55:08 [action #199] t=7.99s step=198 queue=7 dmax=1.108 | shoulder_pan.pos=-9.70 shoulder_lift.pos=+5.79 elbow_flex.pos=+22.25 wrist_flex.pos=+67.20 wrist_roll.pos=-2.16 gripper.pos=+10.42
DEBUG 2026-09-02 09:55:08 [action #200] t=8.03s step=199 queue=6 dmax=1.135 | shoulder_pan.pos=-9.57 shoulder_lift.pos=+5.99 elbow_flex.pos=+21.58 wrist_flex.pos=+68.34 wrist_roll.pos=-2.20 gripper.pos=+10.64
DEBUG 2026-09-02 09:55:08 [action #201] t=8.06s step=200 queue=5 dmax=1.659 | shoulder_pan.pos=-9.23 shoulder_lift.pos=+5.69 elbow_flex.pos=+19.93 wrist_flex.pos=+69.60 wrist_roll.pos=-2.39 gripper.pos=+10.80
DEBUG 2026-09-02 09:55:08 [action #202] t=8.09s step=201 queue=4 dmax=1.201 | shoulder_pan.pos=-9.23 shoulder_lift.pos=+5.26 elbow_flex.pos=+19.58 wrist_flex.pos=+70.80 wrist_roll.pos=-2.45 gripper.pos=+10.84
DEBUG 2026-09-02 09:55:08 [action #203] t=8.13s step=202 queue=3 dmax=1.424 | shoulder_pan.pos=-8.98 shoulder_lift.pos=+4.98 elbow_flex.pos=+18.38 wrist_flex.pos=+72.23 wrist_roll.pos=-2.44 gripper.pos=+10.81
DEBUG 2026-09-02 09:55:08 [action #204] t=8.16s step=203 queue=2 dmax=1.369 | shoulder_pan.pos=-8.61 shoulder_lift.pos=+4.49 elbow_flex.pos=+17.01 wrist_flex.pos=+73.51 wrist_roll.pos=-2.53 gripper.pos=+10.74
DEBUG 2026-09-02 09:55:08 [action #205] t=8.19s step=204 queue=1 dmax=1.223 | shoulder_pan.pos=-8.33 shoulder_lift.pos=+4.00 elbow_flex.pos=+16.14 wrist_flex.pos=+74.73 wrist_roll.pos=-2.54 gripper.pos=+10.82
DEBUG 2026-09-02 09:55:08 [chunk] received 50 actions, timesteps 181..230 | first: shoulder_pan.pos=-11.09 shoulder_lift.pos=-28.49 elbow_flex.pos=+46.64 wrist_flex.pos=+64.49 wrist_roll.pos=-4.35 gripper.pos=+33.24 | last: shoulder_pan.pos=-9.89 shoulder_lift.pos=+2.55 elbow_flex.pos=+28.20 wrist_flex.pos=+65.08 wrist_roll.pos=-3.80 gripper.pos=+7.14
DEBUG 2026-09-02 09:55:08 [action #206] t=8.26s step=205 queue=26 dmax=25.924 | shoulder_pan.pos=-12.65 shoulder_lift.pos=-3.21 elbow_flex.pos=+36.01 wrist_flex.pos=+61.98 wrist_roll.pos=-4.32 gripper.pos=+36.74
DEBUG 2026-09-02 09:55:08 [action #207] t=8.30s step=206 queue=25 dmax=1.152 | shoulder_pan.pos=-12.37 shoulder_lift.pos=-2.06 elbow_flex.pos=+35.41 wrist_flex.pos=+61.89 wrist_roll.pos=-4.38 gripper.pos=+36.78
DEBUG 2026-09-02 09:55:08 [action #208] t=8.33s step=207 queue=24 dmax=1.127 | shoulder_pan.pos=-12.27 shoulder_lift.pos=-0.93 elbow_flex.pos=+34.91 wrist_flex.pos=+61.70 wrist_roll.pos=-4.34 gripper.pos=+36.73
DEBUG 2026-09-02 09:55:08 [action #209] t=8.36s step=208 queue=23 dmax=1.226 | shoulder_pan.pos=-12.48 shoulder_lift.pos=+0.30 elbow_flex.pos=+34.77 wrist_flex.pos=+61.46 wrist_roll.pos=-4.43 gripper.pos=+36.93
DEBUG 2026-09-02 09:55:08 [action #210] t=8.40s step=209 queue=22 dmax=0.913 | shoulder_pan.pos=-12.56 shoulder_lift.pos=+1.21 elbow_flex.pos=+34.39 wrist_flex.pos=+61.41 wrist_roll.pos=-4.35 gripper.pos=+36.91
DEBUG 2026-09-02 09:55:08 [action #211] t=8.43s step=210 queue=21 dmax=0.932 | shoulder_pan.pos=-12.17 shoulder_lift.pos=+1.92 elbow_flex.pos=+33.46 wrist_flex.pos=+61.69 wrist_roll.pos=-4.37 gripper.pos=+36.72
DEBUG 2026-09-02 09:55:08 [action #212] t=8.46s step=211 queue=20 dmax=1.113 | shoulder_pan.pos=-12.46 shoulder_lift.pos=+3.03 elbow_flex.pos=+33.43 wrist_flex.pos=+61.53 wrist_roll.pos=-4.34 gripper.pos=+36.73
DEBUG 2026-09-02 09:55:08 [action #213] t=8.50s step=212 queue=19 dmax=0.812 | shoulder_pan.pos=-11.99 shoulder_lift.pos=+3.85 elbow_flex.pos=+33.19 wrist_flex.pos=+61.58 wrist_roll.pos=-4.33 gripper.pos=+36.16
DEBUG 2026-09-02 09:55:08 [action #214] t=8.53s step=213 queue=18 dmax=1.199 | shoulder_pan.pos=-11.96 shoulder_lift.pos=+5.04 elbow_flex.pos=+32.63 wrist_flex.pos=+61.59 wrist_roll.pos=-4.28 gripper.pos=+35.47
DEBUG 2026-09-02 09:55:08 [action #215] t=8.56s step=214 queue=17 dmax=1.140 | shoulder_pan.pos=-11.51 shoulder_lift.pos=+4.98 elbow_flex.pos=+32.40 wrist_flex.pos=+61.86 wrist_roll.pos=-4.25 gripper.pos=+34.33
DEBUG 2026-09-02 09:55:08 [action #216] t=8.60s step=215 queue=16 dmax=2.004 | shoulder_pan.pos=-11.46 shoulder_lift.pos=+5.21 elbow_flex.pos=+31.52 wrist_flex.pos=+62.05 wrist_roll.pos=-4.22 gripper.pos=+32.32
DEBUG 2026-09-02 09:55:08 [action #217] t=8.63s step=216 queue=15 dmax=2.576 | shoulder_pan.pos=-11.75 shoulder_lift.pos=+4.91 elbow_flex.pos=+32.39 wrist_flex.pos=+62.24 wrist_roll.pos=-4.06 gripper.pos=+29.75
DEBUG 2026-09-02 09:55:08 [action #218] t=8.66s step=217 queue=14 dmax=2.782 | shoulder_pan.pos=-11.20 shoulder_lift.pos=+5.20 elbow_flex.pos=+31.75 wrist_flex.pos=+62.59 wrist_roll.pos=-3.92 gripper.pos=+26.97
DEBUG 2026-09-02 09:55:08 [action #219] t=8.70s step=218 queue=13 dmax=2.950 | shoulder_pan.pos=-11.03 shoulder_lift.pos=+5.99 elbow_flex.pos=+31.33 wrist_flex.pos=+62.79 wrist_roll.pos=-3.88 gripper.pos=+24.02
DEBUG 2026-09-02 09:55:09 [action #220] t=8.73s step=219 queue=12 dmax=2.952 | shoulder_pan.pos=-10.84 shoulder_lift.pos=+5.04 elbow_flex.pos=+31.66 wrist_flex.pos=+62.90 wrist_roll.pos=-3.71 gripper.pos=+21.06
DEBUG 2026-09-02 09:55:09 [action #221] t=8.76s step=220 queue=11 dmax=3.097 | shoulder_pan.pos=-10.84 shoulder_lift.pos=+5.18 elbow_flex.pos=+31.21 wrist_flex.pos=+62.89 wrist_roll.pos=-3.87 gripper.pos=+17.97
DEBUG 2026-09-02 09:55:09 [action #222] t=8.80s step=221 queue=10 dmax=2.937 | shoulder_pan.pos=-10.92 shoulder_lift.pos=+4.91 elbow_flex.pos=+30.67 wrist_flex.pos=+62.90 wrist_roll.pos=-3.82 gripper.pos=+15.03
DEBUG 2026-09-02 09:55:09 [action #223] t=8.83s step=222 queue=9 dmax=2.546 | shoulder_pan.pos=-10.63 shoulder_lift.pos=+5.11 elbow_flex.pos=+30.79 wrist_flex.pos=+62.69 wrist_roll.pos=-3.76 gripper.pos=+12.48
DEBUG 2026-09-02 09:55:09 [action #224] t=8.86s step=223 queue=8 dmax=2.094 | shoulder_pan.pos=-10.34 shoulder_lift.pos=+4.29 elbow_flex.pos=+30.70 wrist_flex.pos=+63.00 wrist_roll.pos=-3.79 gripper.pos=+10.39
DEBUG 2026-09-02 09:55:09 [action #225] t=8.90s step=224 queue=7 dmax=1.281 | shoulder_pan.pos=-10.27 shoulder_lift.pos=+4.30 elbow_flex.pos=+30.35 wrist_flex.pos=+62.85 wrist_roll.pos=-3.76 gripper.pos=+9.11
DEBUG 2026-09-02 09:55:09 [action #226] t=8.93s step=225 queue=6 dmax=1.172 | shoulder_pan.pos=-10.27 shoulder_lift.pos=+3.87 elbow_flex.pos=+30.94 wrist_flex.pos=+62.95 wrist_roll.pos=-3.77 gripper.pos=+7.94
DEBUG 2026-09-02 09:55:09 [action #227] t=8.96s step=226 queue=5 dmax=0.768 | shoulder_pan.pos=-10.21 shoulder_lift.pos=+3.73 elbow_flex.pos=+30.18 wrist_flex.pos=+63.18 wrist_roll.pos=-3.82 gripper.pos=+7.43
DEBUG 2026-09-02 09:55:09 [action #228] t=9.00s step=227 queue=4 dmax=0.484 | shoulder_pan.pos=-10.09 shoulder_lift.pos=+3.29 elbow_flex.pos=+29.69 wrist_flex.pos=+63.44 wrist_roll.pos=-3.77 gripper.pos=+7.10
DEBUG 2026-09-02 09:55:09 [action #229] t=9.03s step=228 queue=3 dmax=0.323 | shoulder_pan.pos=-10.19 shoulder_lift.pos=+2.98 elbow_flex.pos=+29.41 wrist_flex.pos=+63.76 wrist_roll.pos=-3.80 gripper.pos=+7.15
DEBUG 2026-09-02 09:55:09 [action #230] t=9.06s step=229 queue=2 dmax=0.809 | shoulder_pan.pos=-10.12 shoulder_lift.pos=+3.22 elbow_flex.pos=+28.60 wrist_flex.pos=+64.31 wrist_roll.pos=-3.78 gripper.pos=+7.11
DEBUG 2026-09-02 09:55:09 [action #231] t=9.10s step=230 queue=1 dmax=0.764 | shoulder_pan.pos=-9.89 shoulder_lift.pos=+2.55 elbow_flex.pos=+28.20 wrist_flex.pos=+65.08 wrist_roll.pos=-3.80 gripper.pos=+7.14
DEBUG 2026-09-02 09:55:09 [chunk] received 50 actions, timesteps 204..253 | first: shoulder_pan.pos=-8.80 shoulder_lift.pos=+5.08 elbow_flex.pos=+15.81 wrist_flex.pos=+73.03 wrist_roll.pos=-2.35 gripper.pos=+11.76 | last: shoulder_pan.pos=-11.17 shoulder_lift.pos=+4.86 elbow_flex.pos=+20.52 wrist_flex.pos=+68.74 wrist_roll.pos=+0.58 gripper.pos=+30.64
DEBUG 2026-09-02 09:55:09 [action #232] t=9.20s step=231 queue=23 dmax=26.446 | shoulder_pan.pos=-10.44 shoulder_lift.pos=+3.14 elbow_flex.pos=+16.71 wrist_flex.pos=+76.20 wrist_roll.pos=-1.23 gripper.pos=+33.58
DEBUG 2026-09-02 09:55:09 [action #233] t=9.23s step=232 queue=22 dmax=0.709 | shoulder_pan.pos=-10.47 shoulder_lift.pos=+3.16 elbow_flex.pos=+16.27 wrist_flex.pos=+76.11 wrist_roll.pos=-1.19 gripper.pos=+34.29
DEBUG 2026-09-02 09:55:09 [action #234] t=9.26s step=233 queue=21 dmax=0.326 | shoulder_pan.pos=-10.56 shoulder_lift.pos=+3.35 elbow_flex.pos=+16.60 wrist_flex.pos=+76.06 wrist_roll.pos=-1.19 gripper.pos=+34.20
DEBUG 2026-09-02 09:55:09 [action #235] t=9.30s step=234 queue=20 dmax=0.324 | shoulder_pan.pos=-10.64 shoulder_lift.pos=+3.17 elbow_flex.pos=+16.91 wrist_flex.pos=+75.77 wrist_roll.pos=-1.14 gripper.pos=+33.87
DEBUG 2026-09-02 09:55:09 [action #236] t=9.33s step=235 queue=19 dmax=0.364 | shoulder_pan.pos=-10.66 shoulder_lift.pos=+3.05 elbow_flex.pos=+16.56 wrist_flex.pos=+75.63 wrist_roll.pos=-1.05 gripper.pos=+33.51
DEBUG 2026-09-02 09:55:09 [action #237] t=9.37s step=236 queue=18 dmax=0.348 | shoulder_pan.pos=-10.72 shoulder_lift.pos=+2.95 elbow_flex.pos=+16.44 wrist_flex.pos=+75.33 wrist_roll.pos=-0.99 gripper.pos=+33.16
DEBUG 2026-09-02 09:55:09 [action #238] t=9.40s step=237 queue=17 dmax=0.450 | shoulder_pan.pos=-10.84 shoulder_lift.pos=+2.50 elbow_flex.pos=+16.78 wrist_flex.pos=+75.09 wrist_roll.pos=-0.99 gripper.pos=+33.05
DEBUG 2026-09-02 09:55:09 [action #239] t=9.43s step=238 queue=16 dmax=0.593 | shoulder_pan.pos=-10.72 shoulder_lift.pos=+3.10 elbow_flex.pos=+16.79 wrist_flex.pos=+74.76 wrist_roll.pos=-0.93 gripper.pos=+33.00
DEBUG 2026-09-02 09:55:09 [action #240] t=9.47s step=239 queue=15 dmax=0.312 | shoulder_pan.pos=-10.85 shoulder_lift.pos=+3.05 elbow_flex.pos=+16.60 wrist_flex.pos=+74.45 wrist_roll.pos=-0.96 gripper.pos=+32.77
DEBUG 2026-09-02 09:55:09 [action #241] t=9.50s step=240 queue=14 dmax=0.537 | shoulder_pan.pos=-10.77 shoulder_lift.pos=+2.51 elbow_flex.pos=+17.00 wrist_flex.pos=+74.09 wrist_roll.pos=-0.78 gripper.pos=+32.70
DEBUG 2026-09-02 09:55:09 [action #242] t=9.53s step=241 queue=13 dmax=0.362 | shoulder_pan.pos=-10.88 shoulder_lift.pos=+2.50 elbow_flex.pos=+17.14 wrist_flex.pos=+73.73 wrist_roll.pos=-0.78 gripper.pos=+32.65
DEBUG 2026-09-02 09:55:09 [action #243] t=9.57s step=242 queue=12 dmax=0.636 | shoulder_pan.pos=-10.99 shoulder_lift.pos=+3.13 elbow_flex.pos=+17.02 wrist_flex.pos=+73.45 wrist_roll.pos=-0.73 gripper.pos=+32.50
DEBUG 2026-09-02 09:55:09 [action #244] t=9.60s step=243 queue=11 dmax=0.865 | shoulder_pan.pos=-10.85 shoulder_lift.pos=+2.41 elbow_flex.pos=+17.88 wrist_flex.pos=+73.12 wrist_roll.pos=-0.71 gripper.pos=+32.36
DEBUG 2026-09-02 09:55:09 [action #245] t=9.63s step=244 queue=10 dmax=0.523 | shoulder_pan.pos=-10.90 shoulder_lift.pos=+2.94 elbow_flex.pos=+17.92 wrist_flex.pos=+72.72 wrist_roll.pos=-0.51 gripper.pos=+32.33
DEBUG 2026-09-02 09:55:09 [action #246] t=9.67s step=245 queue=9 dmax=0.442 | shoulder_pan.pos=-10.82 shoulder_lift.pos=+3.00 elbow_flex.pos=+18.33 wrist_flex.pos=+72.28 wrist_roll.pos=-0.33 gripper.pos=+32.17
DEBUG 2026-09-02 09:55:09 [action #247] t=9.70s step=246 queue=8 dmax=0.563 | shoulder_pan.pos=-10.92 shoulder_lift.pos=+2.93 elbow_flex.pos=+18.65 wrist_flex.pos=+71.72 wrist_roll.pos=-0.28 gripper.pos=+32.08
DEBUG 2026-09-02 09:55:10 [action #248] t=9.73s step=247 queue=7 dmax=0.308 | shoulder_pan.pos=-10.94 shoulder_lift.pos=+2.87 elbow_flex.pos=+18.96 wrist_flex.pos=+71.41 wrist_roll.pos=-0.06 gripper.pos=+32.03
DEBUG 2026-09-02 09:55:10 [action #249] t=9.77s step=248 queue=6 dmax=0.406 | shoulder_pan.pos=-11.01 shoulder_lift.pos=+3.25 elbow_flex.pos=+19.06 wrist_flex.pos=+71.00 wrist_roll.pos=+0.05 gripper.pos=+31.95
DEBUG 2026-09-02 09:55:10 [action #250] t=9.80s step=249 queue=5 dmax=0.542 | shoulder_pan.pos=-10.96 shoulder_lift.pos=+3.24 elbow_flex.pos=+19.60 wrist_flex.pos=+70.57 wrist_roll.pos=+0.22 gripper.pos=+31.76
DEBUG 2026-09-02 09:55:10 [action #251] t=9.83s step=250 queue=4 dmax=0.511 | shoulder_pan.pos=-10.90 shoulder_lift.pos=+3.69 elbow_flex.pos=+20.08 wrist_flex.pos=+70.05 wrist_roll.pos=+0.22 gripper.pos=+31.65
DEBUG 2026-09-02 09:55:10 [action #252] t=9.87s step=251 queue=3 dmax=0.565 | shoulder_pan.pos=-11.09 shoulder_lift.pos=+3.89 elbow_flex.pos=+20.46 wrist_flex.pos=+69.49 wrist_roll.pos=+0.33 gripper.pos=+31.44
DEBUG 2026-09-02 09:55:10 [action #253] t=9.90s step=252 queue=2 dmax=0.413 | shoulder_pan.pos=-11.16 shoulder_lift.pos=+4.28 elbow_flex.pos=+20.38 wrist_flex.pos=+69.14 wrist_roll.pos=+0.50 gripper.pos=+31.03
DEBUG 2026-09-02 09:55:10 [action #254] t=9.93s step=253 queue=1 dmax=0.577 | shoulder_pan.pos=-11.17 shoulder_lift.pos=+4.86 elbow_flex.pos=+20.52 wrist_flex.pos=+68.74 wrist_roll.pos=+0.58 gripper.pos=+30.64
DEBUG 2026-09-02 09:55:10 [chunk] received 50 actions, timesteps 230..279 | first: shoulder_pan.pos=-10.79 shoulder_lift.pos=+0.15 elbow_flex.pos=+28.64 wrist_flex.pos=+65.45 wrist_roll.pos=-4.08 gripper.pos=+5.40 | last: shoulder_pan.pos=+19.09 shoulder_lift.pos=-12.38 elbow_flex.pos=-3.87 wrist_flex.pos=+80.97 wrist_roll.pos=+2.79 gripper.pos=+6.64
DEBUG 2026-09-02 09:55:10 [action #255] t=10.10s step=254 queue=26 dmax=27.070 | shoulder_pan.pos=-7.29 shoulder_lift.pos=-22.21 elbow_flex.pos=+18.63 wrist_flex.pos=+84.20 wrist_roll.pos=-4.95 gripper.pos=+5.52
DEBUG 2026-09-02 09:55:10 [action #256] t=10.13s step=255 queue=25 dmax=0.806 | shoulder_pan.pos=-6.59 shoulder_lift.pos=-22.77 elbow_flex.pos=+17.82 wrist_flex.pos=+84.69 wrist_roll.pos=-4.65 gripper.pos=+5.63
DEBUG 2026-09-02 09:55:10 [action #257] t=10.17s step=256 queue=24 dmax=0.864 | shoulder_pan.pos=-5.73 shoulder_lift.pos=-23.54 elbow_flex.pos=+17.74 wrist_flex.pos=+85.27 wrist_roll.pos=-4.59 gripper.pos=+5.89
DEBUG 2026-09-02 09:55:10 [action #258] t=10.20s step=257 queue=23 dmax=1.248 | shoulder_pan.pos=-4.61 shoulder_lift.pos=-23.12 elbow_flex.pos=+16.49 wrist_flex.pos=+85.99 wrist_roll.pos=-4.68 gripper.pos=+5.87
DEBUG 2026-09-02 09:55:10 [action #259] t=10.24s step=258 queue=22 dmax=1.509 | shoulder_pan.pos=-3.78 shoulder_lift.pos=-22.98 elbow_flex.pos=+14.98 wrist_flex.pos=+86.69 wrist_roll.pos=-4.55 gripper.pos=+6.06
DEBUG 2026-09-02 09:55:10 [action #260] t=10.27s step=259 queue=21 dmax=0.932 | shoulder_pan.pos=-2.88 shoulder_lift.pos=-23.91 elbow_flex.pos=+14.68 wrist_flex.pos=+87.06 wrist_roll.pos=-4.20 gripper.pos=+5.77
DEBUG 2026-09-02 09:55:10 [action #261] t=10.30s step=260 queue=20 dmax=0.916 | shoulder_pan.pos=-1.97 shoulder_lift.pos=-23.67 elbow_flex.pos=+13.98 wrist_flex.pos=+87.92 wrist_roll.pos=-4.19 gripper.pos=+5.94
DEBUG 2026-09-02 09:55:10 [action #262] t=10.34s step=261 queue=19 dmax=1.590 | shoulder_pan.pos=-0.59 shoulder_lift.pos=-23.80 elbow_flex.pos=+12.39 wrist_flex.pos=+87.83 wrist_roll.pos=-3.82 gripper.pos=+6.07
DEBUG 2026-09-02 09:55:10 [action #263] t=10.37s step=262 queue=18 dmax=1.283 | shoulder_pan.pos=+0.70 shoulder_lift.pos=-24.06 elbow_flex.pos=+11.44 wrist_flex.pos=+88.33 wrist_roll.pos=-3.54 gripper.pos=+6.03
DEBUG 2026-09-02 09:55:10 [action #264] t=10.40s step=263 queue=17 dmax=1.113 | shoulder_pan.pos=+1.81 shoulder_lift.pos=-23.49 elbow_flex.pos=+10.83 wrist_flex.pos=+88.32 wrist_roll.pos=-3.14 gripper.pos=+5.99
DEBUG 2026-09-02 09:55:10 [action #265] t=10.44s step=264 queue=16 dmax=1.100 | shoulder_pan.pos=+2.90 shoulder_lift.pos=-23.50 elbow_flex.pos=+9.73 wrist_flex.pos=+88.51 wrist_roll.pos=-2.62 gripper.pos=+6.13
DEBUG 2026-09-02 09:55:10 [action #266] t=10.47s step=265 queue=15 dmax=1.103 | shoulder_pan.pos=+4.00 shoulder_lift.pos=-23.94 elbow_flex.pos=+9.12 wrist_flex.pos=+88.33 wrist_roll.pos=-2.23 gripper.pos=+6.20
DEBUG 2026-09-02 09:55:10 [action #267] t=10.50s step=266 queue=14 dmax=1.301 | shoulder_pan.pos=+5.18 shoulder_lift.pos=-22.88 elbow_flex.pos=+7.82 wrist_flex.pos=+88.41 wrist_roll.pos=-1.62 gripper.pos=+6.12
DEBUG 2026-09-02 09:55:10 [action #268] t=10.54s step=267 queue=13 dmax=1.104 | shoulder_pan.pos=+5.86 shoulder_lift.pos=-23.04 elbow_flex.pos=+6.71 wrist_flex.pos=+88.57 wrist_roll.pos=-1.08 gripper.pos=+6.15
DEBUG 2026-09-02 09:55:10 [action #269] t=10.57s step=268 queue=12 dmax=1.851 | shoulder_pan.pos=+7.71 shoulder_lift.pos=-22.92 elbow_flex.pos=+5.54 wrist_flex.pos=+88.41 wrist_roll.pos=-0.56 gripper.pos=+6.17
DEBUG 2026-09-02 09:55:10 [action #270] t=10.60s step=269 queue=11 dmax=1.277 | shoulder_pan.pos=+8.99 shoulder_lift.pos=-22.43 elbow_flex.pos=+4.96 wrist_flex.pos=+88.14 wrist_roll.pos=+0.14 gripper.pos=+6.24
DEBUG 2026-09-02 09:55:10 [action #271] t=10.64s step=270 queue=10 dmax=1.506 | shoulder_pan.pos=+10.24 shoulder_lift.pos=-21.65 elbow_flex.pos=+3.45 wrist_flex.pos=+87.93 wrist_roll.pos=+0.58 gripper.pos=+6.21
DEBUG 2026-09-02 09:55:10 [action #272] t=10.67s step=271 queue=9 dmax=1.475 | shoulder_pan.pos=+11.71 shoulder_lift.pos=-20.45 elbow_flex.pos=+2.41 wrist_flex.pos=+87.75 wrist_roll.pos=+1.05 gripper.pos=+6.40
DEBUG 2026-09-02 09:55:10 [action #273] t=10.70s step=272 queue=8 dmax=1.099 | shoulder_pan.pos=+12.66 shoulder_lift.pos=-19.95 elbow_flex.pos=+1.31 wrist_flex.pos=+87.09 wrist_roll.pos=+1.60 gripper.pos=+6.31
DEBUG 2026-09-02 09:55:11 [action #274] t=10.74s step=273 queue=7 dmax=1.403 | shoulder_pan.pos=+13.94 shoulder_lift.pos=-18.71 elbow_flex.pos=-0.09 wrist_flex.pos=+86.53 wrist_roll.pos=+1.77 gripper.pos=+6.37
DEBUG 2026-09-02 09:55:11 [action #275] t=10.77s step=274 queue=6 dmax=1.328 | shoulder_pan.pos=+15.27 shoulder_lift.pos=-17.53 elbow_flex.pos=-0.18 wrist_flex.pos=+85.65 wrist_roll.pos=+1.94 gripper.pos=+6.12
DEBUG 2026-09-02 09:55:11 [action #276] t=10.80s step=275 queue=5 dmax=1.205 | shoulder_pan.pos=+16.28 shoulder_lift.pos=-16.63 elbow_flex.pos=-1.06 wrist_flex.pos=+84.44 wrist_roll.pos=+2.20 gripper.pos=+6.51
DEBUG 2026-09-02 09:55:11 [action #277] t=10.84s step=276 queue=4 dmax=1.056 | shoulder_pan.pos=+16.95 shoulder_lift.pos=-16.15 elbow_flex.pos=-1.03 wrist_flex.pos=+83.39 wrist_roll.pos=+2.24 gripper.pos=+6.34
DEBUG 2026-09-02 09:55:11 [chunk] received 50 actions, timesteps 253..302 | first: shoulder_pan.pos=-10.58 shoulder_lift.pos=+7.14 elbow_flex.pos=+20.27 wrist_flex.pos=+70.70 wrist_roll.pos=+0.76 gripper.pos=+34.58 | last: shoulder_pan.pos=-10.32 shoulder_lift.pos=+4.45 elbow_flex.pos=-1.32 wrist_flex.pos=+91.66 wrist_roll.pos=+0.14 gripper.pos=+5.57
DEBUG 2026-09-02 09:55:11 [action #278] t=10.87s step=277 queue=26 dmax=24.648 | shoulder_pan.pos=-2.58 shoulder_lift.pos=+8.50 elbow_flex.pos=+10.01 wrist_flex.pos=+76.27 wrist_roll.pos=+1.23 gripper.pos=+9.08
DEBUG 2026-09-02 09:55:11 [action #279] t=10.90s step=278 queue=25 dmax=1.055 | shoulder_pan.pos=-2.42 shoulder_lift.pos=+8.33 elbow_flex.pos=+9.78 wrist_flex.pos=+76.11 wrist_roll.pos=+1.36 gripper.pos=+8.03
DEBUG 2026-09-02 09:55:11 [action #280] t=10.94s step=279 queue=24 dmax=0.883 | shoulder_pan.pos=-2.19 shoulder_lift.pos=+8.67 elbow_flex.pos=+8.90 wrist_flex.pos=+76.12 wrist_roll.pos=+1.33 gripper.pos=+7.46
DEBUG 2026-09-02 09:55:11 [action #281] t=10.97s step=280 queue=23 dmax=8.955 | shoulder_pan.pos=-11.15 shoulder_lift.pos=+17.21 elbow_flex.pos=+15.13 wrist_flex.pos=+74.46 wrist_roll.pos=+0.68 gripper.pos=+7.28
DEBUG 2026-09-02 09:55:11 [action #282] t=11.00s step=281 queue=22 dmax=0.380 | shoulder_pan.pos=-11.23 shoulder_lift.pos=+17.15 elbow_flex.pos=+14.81 wrist_flex.pos=+74.84 wrist_roll.pos=+0.70 gripper.pos=+6.93
DEBUG 2026-09-02 09:55:11 [action #283] t=11.04s step=282 queue=21 dmax=0.717 | shoulder_pan.pos=-11.27 shoulder_lift.pos=+16.43 elbow_flex.pos=+14.15 wrist_flex.pos=+75.17 wrist_roll.pos=+0.60 gripper.pos=+6.24
DEBUG 2026-09-02 09:55:11 [action #284] t=11.07s step=283 queue=20 dmax=0.450 | shoulder_pan.pos=-11.29 shoulder_lift.pos=+16.29 elbow_flex.pos=+13.86 wrist_flex.pos=+75.62 wrist_roll.pos=+0.68 gripper.pos=+5.89
DEBUG 2026-09-02 09:55:11 [action #285] t=11.10s step=284 queue=19 dmax=0.495 | shoulder_pan.pos=-11.32 shoulder_lift.pos=+16.12 elbow_flex.pos=+13.76 wrist_flex.pos=+76.12 wrist_roll.pos=+0.49 gripper.pos=+5.49
DEBUG 2026-09-02 09:55:11 [action #286] t=11.14s step=285 queue=18 dmax=0.573 | shoulder_pan.pos=-11.31 shoulder_lift.pos=+16.08 elbow_flex.pos=+13.19 wrist_flex.pos=+76.61 wrist_roll.pos=+0.52 gripper.pos=+5.08
DEBUG 2026-09-02 09:55:11 [action #287] t=11.17s step=286 queue=17 dmax=0.618 | shoulder_pan.pos=-11.29 shoulder_lift.pos=+15.47 elbow_flex.pos=+12.65 wrist_flex.pos=+77.23 wrist_roll.pos=+0.53 gripper.pos=+4.79
DEBUG 2026-09-02 09:55:11 [action #288] t=11.20s step=287 queue=16 dmax=0.747 | shoulder_pan.pos=-11.26 shoulder_lift.pos=+14.91 elbow_flex.pos=+12.01 wrist_flex.pos=+77.97 wrist_roll.pos=+0.52 gripper.pos=+4.80
DEBUG 2026-09-02 09:55:11 [action #289] t=11.24s step=288 queue=15 dmax=1.326 | shoulder_pan.pos=-11.22 shoulder_lift.pos=+14.38 elbow_flex.pos=+10.68 wrist_flex.pos=+78.58 wrist_roll.pos=+0.47 gripper.pos=+4.81
DEBUG 2026-09-02 09:55:11 [action #290] t=11.27s step=289 queue=14 dmax=0.999 | shoulder_pan.pos=-11.38 shoulder_lift.pos=+14.91 elbow_flex.pos=+10.40 wrist_flex.pos=+79.58 wrist_roll.pos=+0.49 gripper.pos=+4.52
DEBUG 2026-09-02 09:55:11 [action #291] t=11.31s step=290 queue=13 dmax=0.737 | shoulder_pan.pos=-11.31 shoulder_lift.pos=+14.73 elbow_flex.pos=+9.66 wrist_flex.pos=+80.28 wrist_roll.pos=+0.43 gripper.pos=+4.77
DEBUG 2026-09-02 09:55:11 [action #292] t=11.34s step=291 queue=12 dmax=1.066 | shoulder_pan.pos=-11.27 shoulder_lift.pos=+13.95 elbow_flex.pos=+8.61 wrist_flex.pos=+81.34 wrist_roll.pos=+0.34 gripper.pos=+4.76
DEBUG 2026-09-02 09:55:11 [action #293] t=11.37s step=292 queue=11 dmax=1.004 | shoulder_pan.pos=-11.54 shoulder_lift.pos=+13.57 elbow_flex.pos=+7.60 wrist_flex.pos=+82.29 wrist_roll.pos=+0.19 gripper.pos=+4.86
DEBUG 2026-09-02 09:55:11 [action #294] t=11.41s step=293 queue=10 dmax=1.204 | shoulder_pan.pos=-11.33 shoulder_lift.pos=+13.59 elbow_flex.pos=+6.40 wrist_flex.pos=+83.05 wrist_roll.pos=+0.30 gripper.pos=+5.01
DEBUG 2026-09-02 09:55:11 [action #295] t=11.44s step=294 queue=9 dmax=0.898 | shoulder_pan.pos=-11.32 shoulder_lift.pos=+12.77 elbow_flex.pos=+5.74 wrist_flex.pos=+83.95 wrist_roll.pos=+0.17 gripper.pos=+5.03
DEBUG 2026-09-02 09:55:11 [action #296] t=11.47s step=295 queue=8 dmax=1.000 | shoulder_pan.pos=-11.22 shoulder_lift.pos=+11.77 elbow_flex.pos=+4.90 wrist_flex.pos=+84.85 wrist_roll.pos=+0.25 gripper.pos=+5.13
DEBUG 2026-09-02 09:55:11 [action #297] t=11.51s step=296 queue=7 dmax=1.247 | shoulder_pan.pos=-11.32 shoulder_lift.pos=+11.38 elbow_flex.pos=+3.65 wrist_flex.pos=+85.83 wrist_roll.pos=+0.29 gripper.pos=+5.22
DEBUG 2026-09-02 09:55:11 [action #298] t=11.54s step=297 queue=6 dmax=1.469 | shoulder_pan.pos=-11.27 shoulder_lift.pos=+9.91 elbow_flex.pos=+2.95 wrist_flex.pos=+86.90 wrist_roll.pos=+0.15 gripper.pos=+5.16
DEBUG 2026-09-02 09:55:11 [action #299] t=11.57s step=298 queue=5 dmax=1.164 | shoulder_pan.pos=-11.36 shoulder_lift.pos=+8.75 elbow_flex.pos=+2.21 wrist_flex.pos=+87.89 wrist_roll.pos=+0.18 gripper.pos=+5.21
DEBUG 2026-09-02 09:55:11 [action #300] t=11.61s step=299 queue=4 dmax=1.203 | shoulder_pan.pos=-10.88 shoulder_lift.pos=+7.55 elbow_flex.pos=+1.40 wrist_flex.pos=+88.83 wrist_roll.pos=+0.08 gripper.pos=+5.26
DEBUG 2026-09-02 09:55:11 [action #301] t=11.64s step=300 queue=3 dmax=1.357 | shoulder_pan.pos=-10.83 shoulder_lift.pos=+6.43 elbow_flex.pos=+0.04 wrist_flex.pos=+89.74 wrist_roll.pos=+0.07 gripper.pos=+5.37
DEBUG 2026-09-02 09:55:11 [action #302] t=11.67s step=301 queue=2 dmax=1.033 | shoulder_pan.pos=-10.70 shoulder_lift.pos=+5.49 elbow_flex.pos=-0.45 wrist_flex.pos=+90.77 wrist_roll.pos=+0.01 gripper.pos=+5.43
DEBUG 2026-09-02 09:55:12 [action #303] t=11.71s step=302 queue=1 dmax=1.040 | shoulder_pan.pos=-10.32 shoulder_lift.pos=+4.45 elbow_flex.pos=-1.32 wrist_flex.pos=+91.66 wrist_roll.pos=+0.14 gripper.pos=+5.57
DEBUG 2026-09-02 09:55:12 [chunk] received 50 actions, timesteps 276..325 | first: shoulder_pan.pos=+9.44 shoulder_lift.pos=-29.76 elbow_flex.pos=+13.77 wrist_flex.pos=+85.99 wrist_roll.pos=+2.17 gripper.pos=+4.60 | last: shoulder_pan.pos=-5.65 shoulder_lift.pos=-105.62 elbow_flex.pos=+83.24 wrist_flex.pos=+79.18 wrist_roll.pos=-1.47 gripper.pos=+0.77
DEBUG 2026-09-02 09:55:12 [action #304] t=11.77s step=303 queue=23 dmax=75.923 | shoulder_pan.pos=-4.18 shoulder_lift.pos=-71.48 elbow_flex.pos=+59.55 wrist_flex.pos=+72.12 wrist_roll.pos=+2.85 gripper.pos=+1.78
DEBUG 2026-09-02 09:55:12 [action #305] t=11.81s step=304 queue=22 dmax=2.890 | shoulder_pan.pos=-4.47 shoulder_lift.pos=-74.37 elbow_flex.pos=+61.48 wrist_flex.pos=+71.96 wrist_roll.pos=+2.83 gripper.pos=+1.57
DEBUG 2026-09-02 09:55:12 [action #306] t=11.84s step=305 queue=21 dmax=2.556 | shoulder_pan.pos=-4.53 shoulder_lift.pos=-76.92 elbow_flex.pos=+63.03 wrist_flex.pos=+71.99 wrist_roll.pos=+2.81 gripper.pos=+1.65
DEBUG 2026-09-02 09:55:12 [action #307] t=11.87s step=306 queue=20 dmax=2.222 | shoulder_pan.pos=-4.90 shoulder_lift.pos=-79.14 elbow_flex.pos=+64.72 wrist_flex.pos=+72.25 wrist_roll.pos=+2.68 gripper.pos=+1.67
DEBUG 2026-09-02 09:55:12 [action #308] t=11.91s step=307 queue=19 dmax=1.968 | shoulder_pan.pos=-4.80 shoulder_lift.pos=-81.11 elbow_flex.pos=+66.23 wrist_flex.pos=+72.42 wrist_roll.pos=+2.54 gripper.pos=+1.68
DEBUG 2026-09-02 09:55:12 [action #309] t=11.94s step=308 queue=18 dmax=2.292 | shoulder_pan.pos=-4.92 shoulder_lift.pos=-83.40 elbow_flex.pos=+67.55 wrist_flex.pos=+72.72 wrist_roll.pos=+2.38 gripper.pos=+1.31
DEBUG 2026-09-02 09:55:12 [action #310] t=11.97s step=309 queue=17 dmax=2.136 | shoulder_pan.pos=-5.02 shoulder_lift.pos=-85.54 elbow_flex.pos=+69.56 wrist_flex.pos=+72.86 wrist_roll.pos=+2.41 gripper.pos=+1.66
DEBUG 2026-09-02 09:55:12 [action #311] t=12.01s step=310 queue=16 dmax=2.106 | shoulder_pan.pos=-5.23 shoulder_lift.pos=-87.65 elbow_flex.pos=+70.79 wrist_flex.pos=+73.01 wrist_roll.pos=+2.13 gripper.pos=+1.40
DEBUG 2026-09-02 09:55:12 [action #312] t=12.04s step=311 queue=15 dmax=2.094 | shoulder_pan.pos=-5.60 shoulder_lift.pos=-89.74 elbow_flex.pos=+72.14 wrist_flex.pos=+73.09 wrist_roll.pos=+2.26 gripper.pos=+1.42
DEBUG 2026-09-02 09:55:12 [action #313] t=12.07s step=312 queue=14 dmax=2.151 | shoulder_pan.pos=-5.66 shoulder_lift.pos=-91.89 elbow_flex.pos=+73.28 wrist_flex.pos=+73.33 wrist_roll.pos=+2.28 gripper.pos=+1.41
DEBUG 2026-09-02 09:55:12 [action #314] t=12.11s step=313 queue=13 dmax=1.603 | shoulder_pan.pos=-5.60 shoulder_lift.pos=-93.49 elbow_flex.pos=+74.29 wrist_flex.pos=+73.35 wrist_roll.pos=+2.30 gripper.pos=+1.32
DEBUG 2026-09-02 09:55:12 [action #315] t=12.14s step=314 queue=12 dmax=1.879 | shoulder_pan.pos=-5.75 shoulder_lift.pos=-95.37 elbow_flex.pos=+75.51 wrist_flex.pos=+74.07 wrist_roll.pos=+2.35 gripper.pos=+1.24
DEBUG 2026-09-02 09:55:12 [action #316] t=12.17s step=315 queue=11 dmax=1.852 | shoulder_pan.pos=-5.77 shoulder_lift.pos=-97.23 elbow_flex.pos=+76.66 wrist_flex.pos=+74.72 wrist_roll.pos=+2.36 gripper.pos=+1.08
DEBUG 2026-09-02 09:55:12 [action #317] t=12.21s step=316 queue=10 dmax=1.501 | shoulder_pan.pos=-5.78 shoulder_lift.pos=-98.73 elbow_flex.pos=+76.93 wrist_flex.pos=+75.66 wrist_roll.pos=+2.30 gripper.pos=+1.24
DEBUG 2026-09-02 09:55:12 [chunk] received 50 actions, timesteps 302..351 | first: shoulder_pan.pos=-9.89 shoulder_lift.pos=+7.58 elbow_flex.pos=-1.60 wrist_flex.pos=+95.92 wrist_roll.pos=+0.47 gripper.pos=+7.42 | last: shoulder_pan.pos=-10.31 shoulder_lift.pos=+5.84 elbow_flex.pos=+17.75 wrist_flex.pos=+78.40 wrist_roll.pos=+3.21 gripper.pos=+30.70
INFO 2026-09-02 09:55:17 Final action sent: shoulder_pan.pos=-5.78 shoulder_lift.pos=-98.73 elbow_flex.pos=+76.93 wrist_flex.pos=+75.66 wrist_roll.pos=+2.30 gripper.pos=+1.24
DEBUG 2026-09-02 09:55:17 === episode end | 17.6s | converged=False | actions=317 ===
