DEBUG 2026-08-19 04:31:13 === episode start | task: 'put the stuffed animal on the tray' | duration: 30.0s ===
DEBUG 2026-08-19 04:31:14 [chunk] received 50 actions, timesteps 2660..2709 | first: shoulder_pan.pos=-27.32 shoulder_lift.pos=+53.92 elbow_flex.pos=-66.00 wrist_flex.pos=+98.82 wrist_roll.pos=+0.14 gripper.pos=+2.47 | last: shoulder_pan.pos=-23.56 shoulder_lift.pos=+37.92 elbow_flex.pos=-44.46 wrist_flex.pos=+92.88 wrist_roll.pos=+4.51 gripper.pos=+30.13
DEBUG 2026-08-19 04:31:14 [action #1] t=0.77s step=2660 queue=50 dmax=n/a | shoulder_pan.pos=-27.32 shoulder_lift.pos=+53.92 elbow_flex.pos=-66.00 wrist_flex.pos=+98.82 wrist_roll.pos=+0.14 gripper.pos=+2.47
DEBUG 2026-08-19 04:31:14 [action #2] t=0.80s step=2661 queue=49 dmax=0.623 | shoulder_pan.pos=-27.20 shoulder_lift.pos=+54.55 elbow_flex.pos=-66.10 wrist_flex.pos=+98.23 wrist_roll.pos=+0.13 gripper.pos=+2.15
DEBUG 2026-08-19 04:31:14 [action #3] t=0.84s step=2662 queue=48 dmax=0.719 | shoulder_pan.pos=-27.44 shoulder_lift.pos=+55.27 elbow_flex.pos=-66.69 wrist_flex.pos=+98.11 wrist_roll.pos=-0.03 gripper.pos=+2.33
DEBUG 2026-08-19 04:31:14 [action #4] t=0.87s step=2663 queue=47 dmax=1.037 | shoulder_pan.pos=-27.34 shoulder_lift.pos=+55.57 elbow_flex.pos=-67.72 wrist_flex.pos=+97.97 wrist_roll.pos=-0.22 gripper.pos=+2.04
DEBUG 2026-08-19 04:31:14 [action #5] t=0.90s step=2664 queue=46 dmax=0.556 | shoulder_pan.pos=-27.83 shoulder_lift.pos=+55.53 elbow_flex.pos=-68.12 wrist_flex.pos=+97.97 wrist_roll.pos=-0.24 gripper.pos=+1.48
DEBUG 2026-08-19 04:31:14 [action #6] t=0.94s step=2665 queue=45 dmax=1.190 | shoulder_pan.pos=-27.80 shoulder_lift.pos=+56.72 elbow_flex.pos=-68.48 wrist_flex.pos=+97.71 wrist_roll.pos=-0.31 gripper.pos=+1.22
DEBUG 2026-08-19 04:31:14 [action #7] t=0.97s step=2666 queue=44 dmax=0.796 | shoulder_pan.pos=-27.68 shoulder_lift.pos=+57.22 elbow_flex.pos=-69.28 wrist_flex.pos=+97.42 wrist_roll.pos=-0.31 gripper.pos=+0.69
DEBUG 2026-08-19 04:31:14 [action #8] t=1.00s step=2667 queue=43 dmax=0.506 | shoulder_pan.pos=-27.76 shoulder_lift.pos=+57.52 elbow_flex.pos=-69.79 wrist_flex.pos=+97.34 wrist_roll.pos=-0.30 gripper.pos=+0.30
DEBUG 2026-08-19 04:31:14 [action #9] t=1.04s step=2668 queue=42 dmax=0.367 | shoulder_pan.pos=-27.67 shoulder_lift.pos=+57.28 elbow_flex.pos=-69.88 wrist_flex.pos=+96.97 wrist_roll.pos=-0.20 gripper.pos=-0.07
DEBUG 2026-08-19 04:31:14 [action #10] t=1.07s step=2669 queue=41 dmax=0.507 | shoulder_pan.pos=-27.85 shoulder_lift.pos=+57.33 elbow_flex.pos=-69.66 wrist_flex.pos=+96.97 wrist_roll.pos=-0.25 gripper.pos=-0.58
DEBUG 2026-08-19 04:31:14 [action #11] t=1.10s step=2670 queue=40 dmax=0.589 | shoulder_pan.pos=-27.60 shoulder_lift.pos=+57.55 elbow_flex.pos=-70.25 wrist_flex.pos=+96.60 wrist_roll.pos=-0.47 gripper.pos=-0.81
DEBUG 2026-08-19 04:31:14 [action #12] t=1.14s step=2671 queue=39 dmax=0.529 | shoulder_pan.pos=-27.91 shoulder_lift.pos=+57.30 elbow_flex.pos=-69.72 wrist_flex.pos=+96.66 wrist_roll.pos=-0.47 gripper.pos=-0.81
DEBUG 2026-08-19 04:31:14 [action #13] t=1.17s step=2672 queue=38 dmax=0.306 | shoulder_pan.pos=-27.79 shoulder_lift.pos=+57.23 elbow_flex.pos=-69.95 wrist_flex.pos=+96.74 wrist_roll.pos=-0.45 gripper.pos=-1.11
DEBUG 2026-08-19 04:31:14 [action #14] t=1.20s step=2673 queue=37 dmax=0.309 | shoulder_pan.pos=-27.68 shoulder_lift.pos=+56.93 elbow_flex.pos=-69.85 wrist_flex.pos=+96.84 wrist_roll.pos=-0.49 gripper.pos=-0.85
DEBUG 2026-08-19 04:31:14 [action #15] t=1.24s step=2674 queue=36 dmax=0.129 | shoulder_pan.pos=-27.70 shoulder_lift.pos=+56.80 elbow_flex.pos=-69.84 wrist_flex.pos=+96.92 wrist_roll.pos=-0.55 gripper.pos=-0.80
DEBUG 2026-08-19 04:31:14 [action #16] t=1.27s step=2675 queue=35 dmax=0.492 | shoulder_pan.pos=-27.91 shoulder_lift.pos=+56.98 elbow_flex.pos=-69.44 wrist_flex.pos=+97.03 wrist_roll.pos=-0.57 gripper.pos=-0.31
DEBUG 2026-08-19 04:31:14 [action #17] t=1.30s step=2676 queue=34 dmax=1.052 | shoulder_pan.pos=-27.92 shoulder_lift.pos=+56.53 elbow_flex.pos=-69.08 wrist_flex.pos=+97.38 wrist_roll.pos=-0.79 gripper.pos=+0.75
DEBUG 2026-08-19 04:31:14 [action #18] t=1.34s step=2677 queue=33 dmax=2.648 | shoulder_pan.pos=-27.84 shoulder_lift.pos=+55.95 elbow_flex.pos=-68.99 wrist_flex.pos=+97.61 wrist_roll.pos=-1.12 gripper.pos=+3.39
DEBUG 2026-08-19 04:31:14 [action #19] t=1.37s step=2678 queue=32 dmax=3.079 | shoulder_pan.pos=-27.86 shoulder_lift.pos=+55.64 elbow_flex.pos=-68.55 wrist_flex.pos=+97.94 wrist_roll.pos=-1.38 gripper.pos=+6.47
DEBUG 2026-08-19 04:31:14 [action #20] t=1.40s step=2679 queue=31 dmax=2.799 | shoulder_pan.pos=-28.07 shoulder_lift.pos=+55.19 elbow_flex.pos=-68.72 wrist_flex.pos=+98.13 wrist_roll.pos=-1.40 gripper.pos=+9.27
DEBUG 2026-08-19 04:31:14 [action #21] t=1.44s step=2680 queue=30 dmax=2.587 | shoulder_pan.pos=-27.81 shoulder_lift.pos=+54.43 elbow_flex.pos=-68.19 wrist_flex.pos=+98.49 wrist_roll.pos=-1.45 gripper.pos=+11.86
DEBUG 2026-08-19 04:31:14 [action #22] t=1.47s step=2681 queue=29 dmax=1.994 | shoulder_pan.pos=-27.71 shoulder_lift.pos=+53.88 elbow_flex.pos=-67.83 wrist_flex.pos=+98.77 wrist_roll.pos=-1.42 gripper.pos=+13.85
DEBUG 2026-08-19 04:31:14 [action #23] t=1.50s step=2682 queue=28 dmax=1.417 | shoulder_pan.pos=-27.87 shoulder_lift.pos=+52.76 elbow_flex.pos=-67.38 wrist_flex.pos=+99.14 wrist_roll.pos=-1.49 gripper.pos=+15.27
DEBUG 2026-08-19 04:31:14 [chunk] received 50 actions, timesteps 0..49 | first: shoulder_pan.pos=-6.17 shoulder_lift.pos=-100.22 elbow_flex.pos=+89.50 wrist_flex.pos=+74.82 wrist_roll.pos=-0.00 gripper.pos=+1.86 | last: shoulder_pan.pos=-39.88 shoulder_lift.pos=-101.87 elbow_flex.pos=+86.99 wrist_flex.pos=+71.02 wrist_roll.pos=-0.60 gripper.pos=+1.54
DEBUG 2026-08-19 04:31:15 [chunk] received 50 actions, timesteps 2682..2731 | first: shoulder_pan.pos=-27.04 shoulder_lift.pos=+53.19 elbow_flex.pos=-74.82 wrist_flex.pos=+101.51 wrist_roll.pos=-2.34 gripper.pos=+5.61 | last: shoulder_pan.pos=+24.10 shoulder_lift.pos=+4.27 elbow_flex.pos=-34.73 wrist_flex.pos=+101.95 wrist_roll.pos=-5.80 gripper.pos=+5.78
DEBUG 2026-08-19 04:31:15 [action #24] t=2.34s step=2683 queue=49 dmax=9.349 | shoulder_pan.pos=-27.01 shoulder_lift.pos=+52.62 elbow_flex.pos=-74.11 wrist_flex.pos=+101.12 wrist_roll.pos=-2.43 gripper.pos=+5.92
DEBUG 2026-08-19 04:31:15 [action #25] t=2.37s step=2684 queue=48 dmax=2.318 | shoulder_pan.pos=-26.12 shoulder_lift.pos=+50.30 elbow_flex.pos=-74.95 wrist_flex.pos=+101.91 wrist_roll.pos=-2.69 gripper.pos=+5.83
DEBUG 2026-08-19 04:31:15 [action #26] t=2.41s step=2685 queue=47 dmax=2.063 | shoulder_pan.pos=-25.56 shoulder_lift.pos=+48.24 elbow_flex.pos=-75.18 wrist_flex.pos=+102.16 wrist_roll.pos=-2.66 gripper.pos=+6.21
DEBUG 2026-08-19 04:31:15 [action #27] t=2.44s step=2686 queue=46 dmax=2.236 | shoulder_pan.pos=-24.91 shoulder_lift.pos=+46.43 elbow_flex.pos=-72.94 wrist_flex.pos=+102.26 wrist_roll.pos=-2.61 gripper.pos=+6.26
DEBUG 2026-08-19 04:31:15 [action #28] t=2.47s step=2687 queue=45 dmax=1.061 | shoulder_pan.pos=-24.15 shoulder_lift.pos=+45.37 elbow_flex.pos=-72.90 wrist_flex.pos=+102.26 wrist_roll.pos=-2.93 gripper.pos=+6.16
DEBUG 2026-08-19 04:31:15 [action #29] t=2.51s step=2688 queue=44 dmax=1.036 | shoulder_pan.pos=-23.48 shoulder_lift.pos=+44.33 elbow_flex.pos=-72.71 wrist_flex.pos=+102.06 wrist_roll.pos=-3.04 gripper.pos=+6.10
DEBUG 2026-08-19 04:31:15 [action #30] t=2.54s step=2689 queue=43 dmax=3.381 | shoulder_pan.pos=-22.78 shoulder_lift.pos=+40.95 elbow_flex.pos=-70.32 wrist_flex.pos=+102.04 wrist_roll.pos=-2.81 gripper.pos=+6.25
DEBUG 2026-08-19 04:31:16 [action #31] t=2.57s step=2690 queue=42 dmax=0.984 | shoulder_pan.pos=-22.46 shoulder_lift.pos=+39.97 elbow_flex.pos=-70.30 wrist_flex.pos=+101.94 wrist_roll.pos=-2.99 gripper.pos=+6.02
DEBUG 2026-08-19 04:31:16 [action #32] t=2.61s step=2691 queue=41 dmax=1.731 | shoulder_pan.pos=-21.40 shoulder_lift.pos=+38.24 elbow_flex.pos=-69.16 wrist_flex.pos=+101.95 wrist_roll.pos=-2.99 gripper.pos=+6.08
DEBUG 2026-08-19 04:31:16 [action #33] t=2.64s step=2692 queue=40 dmax=2.391 | shoulder_pan.pos=-20.59 shoulder_lift.pos=+35.85 elbow_flex.pos=-67.85 wrist_flex.pos=+101.94 wrist_roll.pos=-3.27 gripper.pos=+6.34
DEBUG 2026-08-19 04:31:16 [action #34] t=2.67s step=2693 queue=39 dmax=1.467 | shoulder_pan.pos=-20.53 shoulder_lift.pos=+34.59 elbow_flex.pos=-66.38 wrist_flex.pos=+101.93 wrist_roll.pos=-3.07 gripper.pos=+6.05
DEBUG 2026-08-19 04:31:16 [action #35] t=2.71s step=2694 queue=38 dmax=1.377 | shoulder_pan.pos=-20.04 shoulder_lift.pos=+33.91 elbow_flex.pos=-65.01 wrist_flex.pos=+101.65 wrist_roll.pos=-3.40 gripper.pos=+6.09
DEBUG 2026-08-19 04:31:16 [action #36] t=2.74s step=2695 queue=37 dmax=1.969 | shoulder_pan.pos=-19.11 shoulder_lift.pos=+31.94 elbow_flex.pos=-63.69 wrist_flex.pos=+102.18 wrist_roll.pos=-3.14 gripper.pos=+6.42
DEBUG 2026-08-19 04:31:16 [action #37] t=2.78s step=2696 queue=36 dmax=0.923 | shoulder_pan.pos=-18.37 shoulder_lift.pos=+31.02 elbow_flex.pos=-63.25 wrist_flex.pos=+101.89 wrist_roll.pos=-3.20 gripper.pos=+6.41
DEBUG 2026-08-19 04:31:16 [action #38] t=2.81s step=2697 queue=35 dmax=2.673 | shoulder_pan.pos=-18.13 shoulder_lift.pos=+28.81 elbow_flex.pos=-60.58 wrist_flex.pos=+101.89 wrist_roll.pos=-3.62 gripper.pos=+6.02
DEBUG 2026-08-19 04:31:16 [action #39] t=2.84s step=2698 queue=34 dmax=1.265 | shoulder_pan.pos=-17.19 shoulder_lift.pos=+27.55 elbow_flex.pos=-59.68 wrist_flex.pos=+102.00 wrist_roll.pos=-3.41 gripper.pos=+6.17
DEBUG 2026-08-19 04:31:16 [chunk] received 50 actions, timesteps 2682..2731 | first: shoulder_pan.pos=-28.10 shoulder_lift.pos=+45.68 elbow_flex.pos=-68.64 wrist_flex.pos=+99.13 wrist_roll.pos=-3.12 gripper.pos=+6.44 | last: shoulder_pan.pos=+23.96 shoulder_lift.pos=+8.30 elbow_flex.pos=-41.45 wrist_flex.pos=+102.27 wrist_roll.pos=-4.69 gripper.pos=+7.12
DEBUG 2026-08-19 04:31:16 [action #40] t=2.88s step=2699 queue=33 dmax=4.894 | shoulder_pan.pos=-14.40 shoulder_lift.pos=+28.45 elbow_flex.pos=-64.57 wrist_flex.pos=+102.16 wrist_roll.pos=-4.00 gripper.pos=+6.59
DEBUG 2026-08-19 04:31:16 [action #41] t=2.91s step=2700 queue=32 dmax=1.951 | shoulder_pan.pos=-13.32 shoulder_lift.pos=+27.51 elbow_flex.pos=-62.62 wrist_flex.pos=+102.15 wrist_roll.pos=-3.97 gripper.pos=+6.52
DEBUG 2026-08-19 04:31:16 [action #42] t=2.94s step=2701 queue=31 dmax=1.411 | shoulder_pan.pos=-12.37 shoulder_lift.pos=+26.09 elbow_flex.pos=-61.83 wrist_flex.pos=+102.06 wrist_roll.pos=-3.97 gripper.pos=+6.80
DEBUG 2026-08-19 04:31:16 [action #43] t=2.98s step=2702 queue=30 dmax=1.598 | shoulder_pan.pos=-10.98 shoulder_lift.pos=+24.50 elbow_flex.pos=-61.25 wrist_flex.pos=+102.18 wrist_roll.pos=-4.13 gripper.pos=+6.62
DEBUG 2026-08-19 04:31:16 [action #44] t=3.01s step=2703 queue=29 dmax=1.875 | shoulder_pan.pos=-10.18 shoulder_lift.pos=+23.60 elbow_flex.pos=-59.37 wrist_flex.pos=+102.01 wrist_roll.pos=-3.91 gripper.pos=+6.75
DEBUG 2026-08-19 04:31:16 [action #45] t=3.04s step=2704 queue=28 dmax=1.535 | shoulder_pan.pos=-8.78 shoulder_lift.pos=+22.07 elbow_flex.pos=-58.11 wrist_flex.pos=+102.05 wrist_roll.pos=-4.03 gripper.pos=+6.76
DEBUG 2026-08-19 04:31:16 [action #46] t=3.08s step=2705 queue=27 dmax=1.307 | shoulder_pan.pos=-7.87 shoulder_lift.pos=+20.76 elbow_flex.pos=-57.12 wrist_flex.pos=+101.97 wrist_roll.pos=-3.98 gripper.pos=+6.75
DEBUG 2026-08-19 04:31:16 [action #47] t=3.11s step=2706 queue=26 dmax=1.468 | shoulder_pan.pos=-6.84 shoulder_lift.pos=+19.29 elbow_flex.pos=-56.10 wrist_flex.pos=+101.97 wrist_roll.pos=-4.10 gripper.pos=+6.90
DEBUG 2026-08-19 04:31:16 [action #48] t=3.14s step=2707 queue=25 dmax=1.157 | shoulder_pan.pos=-5.69 shoulder_lift.pos=+18.68 elbow_flex.pos=-55.00 wrist_flex.pos=+102.06 wrist_roll.pos=-4.05 gripper.pos=+6.68
DEBUG 2026-08-19 04:31:16 [action #49] t=3.18s step=2708 queue=24 dmax=1.197 | shoulder_pan.pos=-4.70 shoulder_lift.pos=+17.49 elbow_flex.pos=-54.68 wrist_flex.pos=+102.13 wrist_roll.pos=-4.03 gripper.pos=+6.83
DEBUG 2026-08-19 04:31:16 [action #50] t=3.21s step=2709 queue=23 dmax=1.157 | shoulder_pan.pos=-3.54 shoulder_lift.pos=+16.88 elbow_flex.pos=-53.89 wrist_flex.pos=+102.01 wrist_roll.pos=-4.09 gripper.pos=+6.81
DEBUG 2026-08-19 04:31:16 [action #51] t=3.24s step=2710 queue=22 dmax=1.405 | shoulder_pan.pos=-2.14 shoulder_lift.pos=+16.18 elbow_flex.pos=-52.67 wrist_flex.pos=+102.04 wrist_roll.pos=-4.09 gripper.pos=+6.97
DEBUG 2026-08-19 04:31:16 [action #52] t=3.28s step=2711 queue=21 dmax=1.035 | shoulder_pan.pos=-1.10 shoulder_lift.pos=+15.65 elbow_flex.pos=-52.73 wrist_flex.pos=+102.05 wrist_roll.pos=-4.09 gripper.pos=+6.94
DEBUG 2026-08-19 04:31:16 [action #53] t=3.31s step=2712 queue=20 dmax=1.267 | shoulder_pan.pos=-0.01 shoulder_lift.pos=+14.39 elbow_flex.pos=-51.51 wrist_flex.pos=+102.01 wrist_roll.pos=-4.13 gripper.pos=+6.88
DEBUG 2026-08-19 04:31:16 [action #54] t=3.34s step=2713 queue=19 dmax=1.146 | shoulder_pan.pos=+1.14 shoulder_lift.pos=+13.47 elbow_flex.pos=-51.04 wrist_flex.pos=+101.96 wrist_roll.pos=-4.35 gripper.pos=+6.78
DEBUG 2026-08-19 04:31:16 [action #55] t=3.38s step=2714 queue=18 dmax=1.240 | shoulder_pan.pos=+2.38 shoulder_lift.pos=+13.05 elbow_flex.pos=-50.66 wrist_flex.pos=+102.14 wrist_roll.pos=-4.30 gripper.pos=+6.98
DEBUG 2026-08-19 04:31:16 [action #56] t=3.41s step=2715 queue=17 dmax=1.384 | shoulder_pan.pos=+3.76 shoulder_lift.pos=+12.63 elbow_flex.pos=-50.13 wrist_flex.pos=+101.96 wrist_roll.pos=-4.19 gripper.pos=+6.79
DEBUG 2026-08-19 04:31:16 [action #57] t=3.44s step=2716 queue=16 dmax=1.124 | shoulder_pan.pos=+4.89 shoulder_lift.pos=+11.89 elbow_flex.pos=-49.36 wrist_flex.pos=+102.17 wrist_roll.pos=-4.35 gripper.pos=+6.87
DEBUG 2026-08-19 04:31:16 [action #58] t=3.48s step=2717 queue=15 dmax=1.507 | shoulder_pan.pos=+6.39 shoulder_lift.pos=+12.08 elbow_flex.pos=-49.26 wrist_flex.pos=+101.97 wrist_roll.pos=-4.48 gripper.pos=+6.89
DEBUG 2026-08-19 04:31:16 [action #59] t=3.51s step=2718 queue=14 dmax=1.224 | shoulder_pan.pos=+7.59 shoulder_lift.pos=+11.22 elbow_flex.pos=-48.03 wrist_flex.pos=+102.23 wrist_roll.pos=-4.54 gripper.pos=+6.90
DEBUG 2026-08-19 04:31:16 [action #60] t=3.54s step=2719 queue=13 dmax=1.412 | shoulder_pan.pos=+9.00 shoulder_lift.pos=+10.89 elbow_flex.pos=-48.08 wrist_flex.pos=+102.24 wrist_roll.pos=-4.38 gripper.pos=+6.89
DEBUG 2026-08-19 04:31:17 [action #61] t=3.58s step=2720 queue=12 dmax=1.271 | shoulder_pan.pos=+10.27 shoulder_lift.pos=+10.62 elbow_flex.pos=-47.56 wrist_flex.pos=+102.28 wrist_roll.pos=-4.46 gripper.pos=+6.90
DEBUG 2026-08-19 04:31:17 [chunk] received 50 actions, timesteps 2698..2747 | first: shoulder_pan.pos=-19.06 shoulder_lift.pos=+30.61 elbow_flex.pos=-60.84 wrist_flex.pos=+102.11 wrist_roll.pos=-3.16 gripper.pos=+5.06 | last: shoulder_pan.pos=-40.06 shoulder_lift.pos=+21.29 elbow_flex.pos=-20.74 wrist_flex.pos=+92.67 wrist_roll.pos=-1.06 gripper.pos=+25.91
DEBUG 2026-08-19 04:31:17 [action #62] t=3.61s step=2721 queue=27 dmax=35.861 | shoulder_pan.pos=-25.59 shoulder_lift.pos=+13.99 elbow_flex.pos=-38.73 wrist_flex.pos=+99.43 wrist_roll.pos=-5.20 gripper.pos=+4.92
DEBUG 2026-08-19 04:31:17 [action #63] t=3.64s step=2722 queue=26 dmax=0.712 | shoulder_pan.pos=-25.79 shoulder_lift.pos=+13.74 elbow_flex.pos=-38.02 wrist_flex.pos=+99.24 wrist_roll.pos=-5.18 gripper.pos=+5.03
DEBUG 2026-08-19 04:31:17 [action #64] t=3.68s step=2723 queue=25 dmax=0.534 | shoulder_pan.pos=-25.47 shoulder_lift.pos=+13.68 elbow_flex.pos=-37.49 wrist_flex.pos=+99.23 wrist_roll.pos=-5.18 gripper.pos=+5.02
DEBUG 2026-08-19 04:31:17 [action #65] t=3.71s step=2724 queue=24 dmax=0.246 | shoulder_pan.pos=-25.24 shoulder_lift.pos=+13.50 elbow_flex.pos=-37.24 wrist_flex.pos=+99.24 wrist_roll.pos=-5.23 gripper.pos=+4.96
DEBUG 2026-08-19 04:31:17 [action #66] t=3.74s step=2725 queue=23 dmax=0.175 | shoulder_pan.pos=-25.06 shoulder_lift.pos=+13.62 elbow_flex.pos=-37.15 wrist_flex.pos=+99.14 wrist_roll.pos=-5.17 gripper.pos=+5.04
DEBUG 2026-08-19 04:31:17 [action #67] t=3.78s step=2726 queue=22 dmax=0.665 | shoulder_pan.pos=-24.80 shoulder_lift.pos=+14.28 elbow_flex.pos=-36.53 wrist_flex.pos=+99.11 wrist_roll.pos=-5.12 gripper.pos=+5.13
DEBUG 2026-08-19 04:31:17 [action #68] t=3.81s step=2727 queue=21 dmax=0.418 | shoulder_pan.pos=-24.39 shoulder_lift.pos=+13.87 elbow_flex.pos=-36.35 wrist_flex.pos=+99.04 wrist_roll.pos=-5.07 gripper.pos=+5.46
DEBUG 2026-08-19 04:31:17 [action #69] t=3.85s step=2728 queue=20 dmax=0.472 | shoulder_pan.pos=-24.06 shoulder_lift.pos=+13.98 elbow_flex.pos=-35.88 wrist_flex.pos=+99.07 wrist_roll.pos=-4.89 gripper.pos=+5.79
DEBUG 2026-08-19 04:31:17 [action #70] t=3.88s step=2729 queue=19 dmax=0.648 | shoulder_pan.pos=-23.70 shoulder_lift.pos=+14.15 elbow_flex.pos=-35.23 wrist_flex.pos=+98.94 wrist_roll.pos=-4.76 gripper.pos=+6.39
DEBUG 2026-08-19 04:31:17 [action #71] t=3.91s step=2730 queue=18 dmax=0.518 | shoulder_pan.pos=-23.33 shoulder_lift.pos=+14.21 elbow_flex.pos=-34.90 wrist_flex.pos=+98.99 wrist_roll.pos=-4.69 gripper.pos=+6.91
DEBUG 2026-08-19 04:31:17 [action #72] t=3.95s step=2731 queue=17 dmax=0.789 | shoulder_pan.pos=-22.97 shoulder_lift.pos=+14.21 elbow_flex.pos=-34.24 wrist_flex.pos=+98.86 wrist_roll.pos=-4.51 gripper.pos=+7.70
DEBUG 2026-08-19 04:31:17 [action #73] t=3.98s step=2732 queue=16 dmax=20.043 | shoulder_pan.pos=-43.02 shoulder_lift.pos=+17.42 elbow_flex.pos=-31.68 wrist_flex.pos=+97.48 wrist_roll.pos=-4.08 gripper.pos=+9.77
DEBUG 2026-08-19 04:31:17 [action #74] t=4.01s step=2733 queue=15 dmax=2.413 | shoulder_pan.pos=-43.02 shoulder_lift.pos=+17.46 elbow_flex.pos=-31.34 wrist_flex.pos=+97.47 wrist_roll.pos=-4.04 gripper.pos=+12.18
DEBUG 2026-08-19 04:31:17 [action #75] t=4.05s step=2734 queue=14 dmax=2.960 | shoulder_pan.pos=-43.00 shoulder_lift.pos=+17.82 elbow_flex.pos=-30.56 wrist_flex.pos=+97.57 wrist_roll.pos=-4.06 gripper.pos=+15.14
DEBUG 2026-08-19 04:31:17 [action #76] t=4.08s step=2735 queue=13 dmax=3.279 | shoulder_pan.pos=-43.04 shoulder_lift.pos=+17.80 elbow_flex.pos=-29.38 wrist_flex.pos=+97.32 wrist_roll.pos=-4.08 gripper.pos=+18.42
DEBUG 2026-08-19 04:31:17 [action #77] t=4.11s step=2736 queue=12 dmax=2.581 | shoulder_pan.pos=-42.72 shoulder_lift.pos=+16.89 elbow_flex.pos=-29.34 wrist_flex.pos=+97.31 wrist_roll.pos=-3.91 gripper.pos=+21.00
DEBUG 2026-08-19 04:31:17 [action #78] t=4.15s step=2737 queue=11 dmax=1.595 | shoulder_pan.pos=-42.74 shoulder_lift.pos=+17.52 elbow_flex.pos=-28.61 wrist_flex.pos=+97.26 wrist_roll.pos=-3.74 gripper.pos=+22.60
DEBUG 2026-08-19 04:31:17 [action #79] t=4.18s step=2738 queue=10 dmax=0.987 | shoulder_pan.pos=-42.63 shoulder_lift.pos=+17.74 elbow_flex.pos=-28.47 wrist_flex.pos=+97.10 wrist_roll.pos=-3.46 gripper.pos=+23.59
DEBUG 2026-08-19 04:31:17 [action #80] t=4.21s step=2739 queue=9 dmax=0.913 | shoulder_pan.pos=-42.54 shoulder_lift.pos=+18.16 elbow_flex.pos=-27.56 wrist_flex.pos=+96.98 wrist_roll.pos=-3.34 gripper.pos=+23.93
DEBUG 2026-08-19 04:31:17 [action #81] t=4.25s step=2740 queue=8 dmax=0.508 | shoulder_pan.pos=-42.21 shoulder_lift.pos=+17.65 elbow_flex.pos=-27.64 wrist_flex.pos=+96.75 wrist_roll.pos=-3.15 gripper.pos=+24.43
DEBUG 2026-08-19 04:31:17 [action #82] t=4.28s step=2741 queue=7 dmax=1.037 | shoulder_pan.pos=-42.04 shoulder_lift.pos=+17.98 elbow_flex.pos=-26.60 wrist_flex.pos=+96.27 wrist_roll.pos=-2.96 gripper.pos=+24.73
DEBUG 2026-08-19 04:31:17 [action #83] t=4.31s step=2742 queue=6 dmax=1.180 | shoulder_pan.pos=-41.80 shoulder_lift.pos=+18.20 elbow_flex.pos=-25.42 wrist_flex.pos=+95.95 wrist_roll.pos=-2.65 gripper.pos=+24.94
DEBUG 2026-08-19 04:31:17 [action #84] t=4.35s step=2743 queue=5 dmax=1.476 | shoulder_pan.pos=-41.47 shoulder_lift.pos=+18.42 elbow_flex.pos=-23.94 wrist_flex.pos=+95.44 wrist_roll.pos=-2.34 gripper.pos=+25.13
DEBUG 2026-08-19 04:31:17 [action #85] t=4.38s step=2744 queue=4 dmax=0.753 | shoulder_pan.pos=-41.22 shoulder_lift.pos=+19.07 elbow_flex.pos=-23.91 wrist_flex.pos=+94.68 wrist_roll.pos=-1.99 gripper.pos=+25.27
DEBUG 2026-08-19 04:31:17 [chunk] received 50 actions, timesteps 2720..2769 | first: shoulder_pan.pos=+0.22 shoulder_lift.pos=+5.79 elbow_flex.pos=-37.14 wrist_flex.pos=+102.74 wrist_roll.pos=-5.12 gripper.pos=+3.16 | last: shoulder_pan.pos=-12.10 shoulder_lift.pos=+12.23 elbow_flex.pos=-3.45 wrist_flex.pos=+86.81 wrist_roll.pos=+1.88 gripper.pos=+26.07
DEBUG 2026-08-19 04:31:17 [action #86] t=4.41s step=2745 queue=25 dmax=21.630 | shoulder_pan.pos=-19.59 shoulder_lift.pos=+8.10 elbow_flex.pos=-15.11 wrist_flex.pos=+95.26 wrist_roll.pos=-2.95 gripper.pos=+10.03
DEBUG 2026-08-19 04:31:17 [action #87] t=4.45s step=2746 queue=24 dmax=0.715 | shoulder_pan.pos=-19.50 shoulder_lift.pos=+8.82 elbow_flex.pos=-14.81 wrist_flex.pos=+94.85 wrist_roll.pos=-2.60 gripper.pos=+10.21
DEBUG 2026-08-19 04:31:17 [action #88] t=4.48s step=2747 queue=23 dmax=0.888 | shoulder_pan.pos=-19.43 shoulder_lift.pos=+9.71 elbow_flex.pos=-14.01 wrist_flex.pos=+94.68 wrist_roll.pos=-2.12 gripper.pos=+10.42
DEBUG 2026-08-19 04:31:17 [action #89] t=4.51s step=2748 queue=22 dmax=8.817 | shoulder_pan.pos=-10.61 shoulder_lift.pos=+5.22 elbow_flex.pos=-10.65 wrist_flex.pos=+95.36 wrist_roll.pos=-1.82 gripper.pos=+4.46
DEBUG 2026-08-19 04:31:17 [action #90] t=4.55s step=2749 queue=21 dmax=1.109 | shoulder_pan.pos=-10.82 shoulder_lift.pos=+5.66 elbow_flex.pos=-9.96 wrist_flex.pos=+95.28 wrist_roll.pos=-0.74 gripper.pos=+5.57
DEBUG 2026-08-19 04:31:18 [action #91] t=4.58s step=2750 queue=20 dmax=2.005 | shoulder_pan.pos=-11.10 shoulder_lift.pos=+5.89 elbow_flex.pos=-9.55 wrist_flex.pos=+94.92 wrist_roll.pos=+0.36 gripper.pos=+7.57
DEBUG 2026-08-19 04:31:18 [action #92] t=4.61s step=2751 queue=19 dmax=2.218 | shoulder_pan.pos=-11.50 shoulder_lift.pos=+6.02 elbow_flex.pos=-8.96 wrist_flex.pos=+94.70 wrist_roll.pos=+1.02 gripper.pos=+9.79
DEBUG 2026-08-19 04:31:18 [action #93] t=4.65s step=2752 queue=18 dmax=2.309 | shoulder_pan.pos=-11.91 shoulder_lift.pos=+6.48 elbow_flex.pos=-8.63 wrist_flex.pos=+94.36 wrist_roll.pos=+1.36 gripper.pos=+12.10
DEBUG 2026-08-19 04:31:18 [action #94] t=4.68s step=2753 queue=17 dmax=2.265 | shoulder_pan.pos=-12.14 shoulder_lift.pos=+6.67 elbow_flex.pos=-8.37 wrist_flex.pos=+94.21 wrist_roll.pos=+1.17 gripper.pos=+14.36
DEBUG 2026-08-19 04:31:18 [action #95] t=4.71s step=2754 queue=16 dmax=2.263 | shoulder_pan.pos=-12.25 shoulder_lift.pos=+6.70 elbow_flex.pos=-8.21 wrist_flex.pos=+93.87 wrist_roll.pos=+0.89 gripper.pos=+16.63
DEBUG 2026-08-19 04:31:18 [action #96] t=4.75s step=2755 queue=15 dmax=1.855 | shoulder_pan.pos=-12.45 shoulder_lift.pos=+7.17 elbow_flex.pos=-8.20 wrist_flex.pos=+93.65 wrist_roll.pos=+0.69 gripper.pos=+18.48
DEBUG 2026-08-19 04:31:18 [action #97] t=4.78s step=2756 queue=14 dmax=1.315 | shoulder_pan.pos=-12.31 shoulder_lift.pos=+7.72 elbow_flex.pos=-7.77 wrist_flex.pos=+93.24 wrist_roll.pos=+0.56 gripper.pos=+19.80
DEBUG 2026-08-19 04:31:18 [action #98] t=4.81s step=2757 queue=13 dmax=0.798 | shoulder_pan.pos=-12.43 shoulder_lift.pos=+7.98 elbow_flex.pos=-7.67 wrist_flex.pos=+92.75 wrist_roll.pos=+0.61 gripper.pos=+20.59
DEBUG 2026-08-19 04:31:18 [action #99] t=4.85s step=2758 queue=12 dmax=0.766 | shoulder_pan.pos=-12.54 shoulder_lift.pos=+7.95 elbow_flex.pos=-6.91 wrist_flex.pos=+92.19 wrist_roll.pos=+0.72 gripper.pos=+21.03
DEBUG 2026-08-19 04:31:18 [action #100] t=4.88s step=2759 queue=11 dmax=0.823 | shoulder_pan.pos=-12.58 shoulder_lift.pos=+8.77 elbow_flex.pos=-6.76 wrist_flex.pos=+91.58 wrist_roll.pos=+0.89 gripper.pos=+21.17
DEBUG 2026-08-19 04:31:18 [action #101] t=4.92s step=2760 queue=10 dmax=0.662 | shoulder_pan.pos=-12.60 shoulder_lift.pos=+9.36 elbow_flex.pos=-6.28 wrist_flex.pos=+90.92 wrist_roll.pos=+1.07 gripper.pos=+21.19
DEBUG 2026-08-19 04:31:18 [action #102] t=4.95s step=2761 queue=9 dmax=0.544 | shoulder_pan.pos=-12.34 shoulder_lift.pos=+9.75 elbow_flex.pos=-6.09 wrist_flex.pos=+90.38 wrist_roll.pos=+1.24 gripper.pos=+21.14
DEBUG 2026-08-19 04:31:18 [action #103] t=4.98s step=2762 queue=8 dmax=0.764 | shoulder_pan.pos=-12.32 shoulder_lift.pos=+10.05 elbow_flex.pos=-5.32 wrist_flex.pos=+89.65 wrist_roll.pos=+1.39 gripper.pos=+21.31
DEBUG 2026-08-19 04:31:18 [action #104] t=5.02s step=2763 queue=7 dmax=0.687 | shoulder_pan.pos=-12.14 shoulder_lift.pos=+10.32 elbow_flex.pos=-4.64 wrist_flex.pos=+89.12 wrist_roll.pos=+1.57 gripper.pos=+21.41
DEBUG 2026-08-19 04:31:18 [action #105] t=5.05s step=2764 queue=6 dmax=0.604 | shoulder_pan.pos=-12.27 shoulder_lift.pos=+10.58 elbow_flex.pos=-4.29 wrist_flex.pos=+88.52 wrist_roll.pos=+1.73 gripper.pos=+21.59
DEBUG 2026-08-19 04:31:18 [action #106] t=5.08s step=2765 queue=5 dmax=0.707 | shoulder_pan.pos=-12.23 shoulder_lift.pos=+11.28 elbow_flex.pos=-4.42 wrist_flex.pos=+88.03 wrist_roll.pos=+1.75 gripper.pos=+22.03
DEBUG 2026-08-19 04:31:18 [action #107] t=5.12s step=2766 queue=4 dmax=1.205 | shoulder_pan.pos=-12.09 shoulder_lift.pos=+11.20 elbow_flex.pos=-3.50 wrist_flex.pos=+87.39 wrist_roll.pos=+1.69 gripper.pos=+23.23
DEBUG 2026-08-19 04:31:18 [action #108] t=5.15s step=2767 queue=3 dmax=1.131 | shoulder_pan.pos=-12.06 shoulder_lift.pos=+11.43 elbow_flex.pos=-3.16 wrist_flex.pos=+87.18 wrist_roll.pos=+1.64 gripper.pos=+24.36
DEBUG 2026-08-19 04:31:18 [action #109] t=5.18s step=2768 queue=2 dmax=0.868 | shoulder_pan.pos=-12.10 shoulder_lift.pos=+12.03 elbow_flex.pos=-2.98 wrist_flex.pos=+86.83 wrist_roll.pos=+1.78 gripper.pos=+25.23
DEBUG 2026-08-19 04:31:18 [action #110] t=5.22s step=2769 queue=1 dmax=0.845 | shoulder_pan.pos=-12.10 shoulder_lift.pos=+12.23 elbow_flex.pos=-3.45 wrist_flex.pos=+86.81 wrist_roll.pos=+1.88 gripper.pos=+26.07
DEBUG 2026-08-19 04:31:18 [chunk] received 50 actions, timesteps 2744..2793 | first: shoulder_pan.pos=-40.16 shoulder_lift.pos=+17.90 elbow_flex.pos=-23.48 wrist_flex.pos=+92.10 wrist_roll.pos=-0.17 gripper.pos=+28.83 | last: shoulder_pan.pos=-43.37 shoulder_lift.pos=+39.07 elbow_flex.pos=-27.54 wrist_flex.pos=+81.15 wrist_roll.pos=+0.81 gripper.pos=+5.22
DEBUG 2026-08-19 04:31:18 [action #111] t=5.25s step=2770 queue=24 dmax=31.454 | shoulder_pan.pos=-43.55 shoulder_lift.pos=+29.88 elbow_flex.pos=-19.18 wrist_flex.pos=+80.36 wrist_roll.pos=+5.09 gripper.pos=+33.80
DEBUG 2026-08-19 04:31:18 [action #112] t=5.28s step=2771 queue=23 dmax=1.161 | shoulder_pan.pos=-43.53 shoulder_lift.pos=+31.04 elbow_flex.pos=-20.10 wrist_flex.pos=+80.05 wrist_roll.pos=+4.89 gripper.pos=+33.78
DEBUG 2026-08-19 04:31:18 [action #113] t=5.32s step=2772 queue=22 dmax=0.657 | shoulder_pan.pos=-43.29 shoulder_lift.pos=+31.70 elbow_flex.pos=-20.06 wrist_flex.pos=+79.41 wrist_roll.pos=+4.49 gripper.pos=+33.88
DEBUG 2026-08-19 04:31:18 [action #114] t=5.35s step=2773 queue=21 dmax=0.639 | shoulder_pan.pos=-43.29 shoulder_lift.pos=+32.34 elbow_flex.pos=-20.52 wrist_flex.pos=+78.97 wrist_roll.pos=+4.45 gripper.pos=+33.71
DEBUG 2026-08-19 04:31:18 [action #115] t=5.38s step=2774 queue=20 dmax=1.307 | shoulder_pan.pos=-43.30 shoulder_lift.pos=+33.65 elbow_flex.pos=-19.97 wrist_flex.pos=+78.47 wrist_roll.pos=+4.20 gripper.pos=+33.72
DEBUG 2026-08-19 04:31:18 [action #116] t=5.42s step=2775 queue=19 dmax=0.999 | shoulder_pan.pos=-43.40 shoulder_lift.pos=+34.65 elbow_flex.pos=-20.77 wrist_flex.pos=+78.24 wrist_roll.pos=+4.33 gripper.pos=+33.78
DEBUG 2026-08-19 04:31:18 [action #117] t=5.45s step=2776 queue=18 dmax=1.632 | shoulder_pan.pos=-43.48 shoulder_lift.pos=+36.28 elbow_flex.pos=-20.75 wrist_flex.pos=+77.59 wrist_roll.pos=+4.18 gripper.pos=+33.72
DEBUG 2026-08-19 04:31:18 [action #118] t=5.48s step=2777 queue=17 dmax=0.630 | shoulder_pan.pos=-43.42 shoulder_lift.pos=+36.91 elbow_flex.pos=-20.70 wrist_flex.pos=+77.24 wrist_roll.pos=+4.02 gripper.pos=+33.49
DEBUG 2026-08-19 04:31:18 [action #119] t=5.52s step=2778 queue=16 dmax=1.157 | shoulder_pan.pos=-43.54 shoulder_lift.pos=+38.06 elbow_flex.pos=-21.36 wrist_flex.pos=+76.97 wrist_roll.pos=+4.11 gripper.pos=+33.01
DEBUG 2026-08-19 04:31:18 [action #120] t=5.55s step=2779 queue=15 dmax=0.920 | shoulder_pan.pos=-43.75 shoulder_lift.pos=+38.10 elbow_flex.pos=-20.79 wrist_flex.pos=+76.89 wrist_roll.pos=+3.85 gripper.pos=+32.09
DEBUG 2026-08-19 04:31:19 [action #121] t=5.58s step=2780 queue=14 dmax=1.829 | shoulder_pan.pos=-43.41 shoulder_lift.pos=+39.93 elbow_flex.pos=-21.59 wrist_flex.pos=+77.32 wrist_roll.pos=+3.84 gripper.pos=+30.65
DEBUG 2026-08-19 04:31:19 [action #122] t=5.62s step=2781 queue=13 dmax=2.298 | shoulder_pan.pos=-43.60 shoulder_lift.pos=+40.04 elbow_flex.pos=-22.27 wrist_flex.pos=+77.16 wrist_roll.pos=+3.66 gripper.pos=+28.36
DEBUG 2026-08-19 04:31:19 [action #123] t=5.65s step=2782 queue=12 dmax=3.034 | shoulder_pan.pos=-43.71 shoulder_lift.pos=+39.93 elbow_flex.pos=-21.49 wrist_flex.pos=+76.93 wrist_roll.pos=+3.42 gripper.pos=+25.32
DEBUG 2026-08-19 04:31:19 [action #124] t=5.68s step=2783 queue=11 dmax=3.121 | shoulder_pan.pos=-43.18 shoulder_lift.pos=+40.77 elbow_flex.pos=-22.43 wrist_flex.pos=+77.70 wrist_roll.pos=+3.14 gripper.pos=+22.20
DEBUG 2026-08-19 04:31:19 [action #125] t=5.72s step=2784 queue=10 dmax=3.351 | shoulder_pan.pos=-43.23 shoulder_lift.pos=+40.70 elbow_flex.pos=-23.23 wrist_flex.pos=+77.39 wrist_roll.pos=+2.93 gripper.pos=+18.85
DEBUG 2026-08-19 04:31:19 [action #126] t=5.75s step=2785 queue=9 dmax=2.763 | shoulder_pan.pos=-43.15 shoulder_lift.pos=+40.60 elbow_flex.pos=-23.10 wrist_flex.pos=+77.56 wrist_roll.pos=+2.63 gripper.pos=+16.09
DEBUG 2026-08-19 04:31:19 [action #127] t=5.78s step=2786 queue=8 dmax=2.207 | shoulder_pan.pos=-43.17 shoulder_lift.pos=+40.79 elbow_flex.pos=-23.41 wrist_flex.pos=+78.00 wrist_roll.pos=+2.34 gripper.pos=+13.88
DEBUG 2026-08-19 04:31:19 [action #128] t=5.82s step=2787 queue=7 dmax=2.444 | shoulder_pan.pos=-43.07 shoulder_lift.pos=+39.42 elbow_flex.pos=-23.94 wrist_flex.pos=+78.26 wrist_roll.pos=+2.15 gripper.pos=+11.44
DEBUG 2026-08-19 04:31:19 [action #129] t=5.85s step=2788 queue=6 dmax=2.136 | shoulder_pan.pos=-43.46 shoulder_lift.pos=+41.31 elbow_flex.pos=-23.94 wrist_flex.pos=+78.63 wrist_roll.pos=+1.96 gripper.pos=+9.30
DEBUG 2026-08-19 04:31:19 [action #130] t=5.88s step=2789 queue=5 dmax=1.613 | shoulder_pan.pos=-43.40 shoulder_lift.pos=+39.89 elbow_flex.pos=-24.71 wrist_flex.pos=+78.77 wrist_roll.pos=+1.77 gripper.pos=+7.69
DEBUG 2026-08-19 04:31:19 [action #131] t=5.92s step=2790 queue=4 dmax=1.295 | shoulder_pan.pos=-43.47 shoulder_lift.pos=+39.79 elbow_flex.pos=-24.86 wrist_flex.pos=+79.19 wrist_roll.pos=+1.57 gripper.pos=+6.39
DEBUG 2026-08-19 04:31:19 [action #132] t=5.95s step=2791 queue=3 dmax=0.755 | shoulder_pan.pos=-43.43 shoulder_lift.pos=+39.99 elbow_flex.pos=-25.40 wrist_flex.pos=+79.71 wrist_roll.pos=+1.61 gripper.pos=+5.64
DEBUG 2026-08-19 04:31:19 [action #133] t=5.99s step=2792 queue=2 dmax=1.322 | shoulder_pan.pos=-43.17 shoulder_lift.pos=+39.10 elbow_flex.pos=-26.73 wrist_flex.pos=+80.22 wrist_roll.pos=+1.07 gripper.pos=+5.26
DEBUG 2026-08-19 04:31:19 [action #134] t=6.02s step=2793 queue=1 dmax=0.923 | shoulder_pan.pos=-43.37 shoulder_lift.pos=+39.07 elbow_flex.pos=-27.54 wrist_flex.pos=+81.15 wrist_roll.pos=+0.81 gripper.pos=+5.22
DEBUG 2026-08-19 04:31:19 [chunk] received 50 actions, timesteps 2769..2818 | first: shoulder_pan.pos=-11.92 shoulder_lift.pos=+9.67 elbow_flex.pos=-4.99 wrist_flex.pos=+88.90 wrist_roll.pos=+5.93 gripper.pos=+27.24 | last: shoulder_pan.pos=-9.50 shoulder_lift.pos=+23.41 elbow_flex.pos=-2.14 wrist_flex.pos=+80.56 wrist_roll.pos=+10.65 gripper.pos=+34.66
DEBUG 2026-08-19 04:31:19 [action #135] t=6.12s step=2794 queue=25 dmax=36.599 | shoulder_pan.pos=-11.50 shoulder_lift.pos=+2.47 elbow_flex.pos=+8.45 wrist_flex.pos=+81.92 wrist_roll.pos=+12.58 gripper.pos=+34.47
DEBUG 2026-08-19 04:31:19 [action #136] t=6.15s step=2795 queue=24 dmax=0.730 | shoulder_pan.pos=-11.40 shoulder_lift.pos=+3.20 elbow_flex.pos=+8.36 wrist_flex.pos=+81.79 wrist_roll.pos=+12.55 gripper.pos=+34.52
DEBUG 2026-08-19 04:31:19 [action #137] t=6.19s step=2796 queue=23 dmax=0.376 | shoulder_pan.pos=-11.49 shoulder_lift.pos=+3.58 elbow_flex.pos=+8.44 wrist_flex.pos=+81.71 wrist_roll.pos=+12.42 gripper.pos=+34.51
DEBUG 2026-08-19 04:31:19 [action #138] t=6.22s step=2797 queue=22 dmax=1.610 | shoulder_pan.pos=-11.30 shoulder_lift.pos=+4.97 elbow_flex.pos=+6.83 wrist_flex.pos=+81.68 wrist_roll.pos=+12.29 gripper.pos=+34.69
DEBUG 2026-08-19 04:31:19 [action #139] t=6.25s step=2798 queue=21 dmax=0.295 | shoulder_pan.pos=-11.01 shoulder_lift.pos=+5.11 elbow_flex.pos=+6.83 wrist_flex.pos=+81.81 wrist_roll.pos=+12.44 gripper.pos=+34.70
DEBUG 2026-08-19 04:31:19 [action #140] t=6.29s step=2799 queue=20 dmax=0.895 | shoulder_pan.pos=-11.09 shoulder_lift.pos=+6.01 elbow_flex.pos=+7.03 wrist_flex.pos=+82.04 wrist_roll.pos=+12.40 gripper.pos=+34.93
DEBUG 2026-08-19 04:31:19 [action #141] t=6.32s step=2800 queue=19 dmax=0.792 | shoulder_pan.pos=-10.87 shoulder_lift.pos=+6.80 elbow_flex.pos=+6.58 wrist_flex.pos=+81.73 wrist_roll.pos=+12.25 gripper.pos=+34.87
DEBUG 2026-08-19 04:31:19 [action #142] t=6.35s step=2801 queue=18 dmax=0.822 | shoulder_pan.pos=-10.55 shoulder_lift.pos=+7.62 elbow_flex.pos=+5.91 wrist_flex.pos=+81.89 wrist_roll.pos=+12.21 gripper.pos=+34.83
DEBUG 2026-08-19 04:31:19 [action #143] t=6.39s step=2802 queue=17 dmax=1.119 | shoulder_pan.pos=-10.48 shoulder_lift.pos=+8.36 elbow_flex.pos=+4.79 wrist_flex.pos=+81.97 wrist_roll.pos=+12.36 gripper.pos=+34.94
DEBUG 2026-08-19 04:31:19 [action #144] t=6.42s step=2803 queue=16 dmax=0.745 | shoulder_pan.pos=-10.23 shoulder_lift.pos=+8.78 elbow_flex.pos=+4.04 wrist_flex.pos=+82.10 wrist_roll.pos=+12.20 gripper.pos=+35.02
DEBUG 2026-08-19 04:31:19 [action #145] t=6.45s step=2804 queue=15 dmax=1.338 | shoulder_pan.pos=-10.07 shoulder_lift.pos=+10.12 elbow_flex.pos=+3.48 wrist_flex.pos=+82.13 wrist_roll.pos=+12.20 gripper.pos=+34.89
DEBUG 2026-08-19 04:31:19 [action #146] t=6.49s step=2805 queue=14 dmax=1.058 | shoulder_pan.pos=-9.68 shoulder_lift.pos=+11.12 elbow_flex.pos=+2.42 wrist_flex.pos=+82.29 wrist_roll.pos=+12.07 gripper.pos=+34.91
DEBUG 2026-08-19 04:31:19 [action #147] t=6.52s step=2806 queue=13 dmax=1.567 | shoulder_pan.pos=-9.76 shoulder_lift.pos=+12.69 elbow_flex.pos=+2.00 wrist_flex.pos=+82.37 wrist_roll.pos=+11.95 gripper.pos=+34.96
DEBUG 2026-08-19 04:31:19 [action #148] t=6.55s step=2807 queue=12 dmax=1.295 | shoulder_pan.pos=-9.70 shoulder_lift.pos=+13.98 elbow_flex.pos=+1.39 wrist_flex.pos=+82.41 wrist_roll.pos=+11.85 gripper.pos=+35.09
DEBUG 2026-08-19 04:31:20 [action #149] t=6.59s step=2808 queue=11 dmax=0.756 | shoulder_pan.pos=-9.52 shoulder_lift.pos=+14.55 elbow_flex.pos=+0.64 wrist_flex.pos=+82.40 wrist_roll.pos=+11.72 gripper.pos=+35.00
DEBUG 2026-08-19 04:31:20 [action #150] t=6.62s step=2809 queue=10 dmax=1.634 | shoulder_pan.pos=-9.48 shoulder_lift.pos=+16.19 elbow_flex.pos=+0.08 wrist_flex.pos=+82.46 wrist_roll.pos=+11.48 gripper.pos=+35.20
DEBUG 2026-08-19 04:31:20 [action #151] t=6.65s step=2810 queue=9 dmax=1.147 | shoulder_pan.pos=-9.33 shoulder_lift.pos=+17.33 elbow_flex.pos=-0.11 wrist_flex.pos=+82.18 wrist_roll.pos=+11.55 gripper.pos=+35.05
DEBUG 2026-08-19 04:31:20 [action #152] t=6.69s step=2811 queue=8 dmax=0.668 | shoulder_pan.pos=-9.26 shoulder_lift.pos=+17.92 elbow_flex.pos=-0.78 wrist_flex.pos=+82.15 wrist_roll.pos=+11.38 gripper.pos=+35.17
DEBUG 2026-08-19 04:31:20 [action #153] t=6.72s step=2812 queue=7 dmax=1.039 | shoulder_pan.pos=-9.46 shoulder_lift.pos=+18.96 elbow_flex.pos=-0.90 wrist_flex.pos=+81.90 wrist_roll.pos=+11.23 gripper.pos=+35.16
DEBUG 2026-08-19 04:31:20 [action #154] t=6.75s step=2813 queue=6 dmax=1.187 | shoulder_pan.pos=-9.42 shoulder_lift.pos=+20.15 elbow_flex.pos=-0.93 wrist_flex.pos=+81.97 wrist_roll.pos=+10.98 gripper.pos=+35.13
DEBUG 2026-08-19 04:31:20 [action #155] t=6.79s step=2814 queue=5 dmax=0.805 | shoulder_pan.pos=-9.23 shoulder_lift.pos=+20.95 elbow_flex.pos=-1.24 wrist_flex.pos=+81.79 wrist_roll.pos=+10.93 gripper.pos=+35.07
DEBUG 2026-08-19 04:31:20 [chunk] received 50 actions, timesteps 2793..2842 | first: shoulder_pan.pos=-44.88 shoulder_lift.pos=+42.97 elbow_flex.pos=-32.80 wrist_flex.pos=+86.11 wrist_roll.pos=+1.74 gripper.pos=+8.44 | last: shoulder_pan.pos=-42.09 shoulder_lift.pos=+22.50 elbow_flex.pos=-13.22 wrist_flex.pos=+84.74 wrist_roll.pos=+1.76 gripper.pos=+29.04
DEBUG 2026-08-19 04:31:20 [action #156] t=6.82s step=2815 queue=28 dmax=24.226 | shoulder_pan.pos=-33.46 shoulder_lift.pos=+24.27 elbow_flex.pos=-22.65 wrist_flex.pos=+94.16 wrist_roll.pos=+2.19 gripper.pos=+27.13
DEBUG 2026-08-19 04:31:20 [action #157] t=6.85s step=2816 queue=27 dmax=0.200 | shoulder_pan.pos=-33.51 shoulder_lift.pos=+24.07 elbow_flex.pos=-22.83 wrist_flex.pos=+94.15 wrist_roll.pos=+2.09 gripper.pos=+26.99
DEBUG 2026-08-19 04:31:20 [action #158] t=6.89s step=2817 queue=26 dmax=0.092 | shoulder_pan.pos=-33.42 shoulder_lift.pos=+24.16 elbow_flex.pos=-22.91 wrist_flex.pos=+94.17 wrist_roll.pos=+2.07 gripper.pos=+27.05
DEBUG 2026-08-19 04:31:20 [action #159] t=6.92s step=2818 queue=25 dmax=0.430 | shoulder_pan.pos=-33.42 shoulder_lift.pos=+24.59 elbow_flex.pos=-22.96 wrist_flex.pos=+94.05 wrist_roll.pos=+2.06 gripper.pos=+27.05
DEBUG 2026-08-19 04:31:20 [action #160] t=6.96s step=2819 queue=24 dmax=10.323 | shoulder_pan.pos=-43.74 shoulder_lift.pos=+24.36 elbow_flex.pos=-31.47 wrist_flex.pos=+99.77 wrist_roll.pos=-1.46 gripper.pos=+24.19
DEBUG 2026-08-19 04:31:20 [action #161] t=6.99s step=2820 queue=23 dmax=0.822 | shoulder_pan.pos=-43.71 shoulder_lift.pos=+24.06 elbow_flex.pos=-31.40 wrist_flex.pos=+99.63 wrist_roll.pos=-1.32 gripper.pos=+25.01
DEBUG 2026-08-19 04:31:20 [action #162] t=7.02s step=2821 queue=22 dmax=1.037 | shoulder_pan.pos=-43.71 shoulder_lift.pos=+23.64 elbow_flex.pos=-31.10 wrist_flex.pos=+99.36 wrist_roll.pos=-1.16 gripper.pos=+26.05
DEBUG 2026-08-19 04:31:20 [chunk] received 50 actions, timesteps 2814..2863 | first: shoulder_pan.pos=-9.11 shoulder_lift.pos=+18.65 elbow_flex.pos=+0.32 wrist_flex.pos=+79.74 wrist_roll.pos=+12.67 gripper.pos=+35.72 | last: shoulder_pan.pos=-5.92 shoulder_lift.pos=+17.54 elbow_flex.pos=-29.51 wrist_flex.pos=+93.42 wrist_roll.pos=+6.20 gripper.pos=+6.86
INFO 2026-08-19 04:31:20 Final action sent: shoulder_pan.pos=-43.71 shoulder_lift.pos=+23.64 elbow_flex.pos=-31.10 wrist_flex.pos=+99.36 wrist_roll.pos=-1.16 gripper.pos=+26.05
DEBUG 2026-08-19 04:31:20 === episode end | 7.6s | converged=False | actions=162 ===
DEBUG 2026-08-19 04:31:23 === episode start | task: 'put the stuffed animal on the tray' | duration: 30.0s ===
DEBUG 2026-08-19 04:31:23 [chunk] received 50 actions, timesteps 2821..2870 | first: shoulder_pan.pos=-28.58 shoulder_lift.pos=+21.90 elbow_flex.pos=-20.01 wrist_flex.pos=+96.44 wrist_roll.pos=+2.20 gripper.pos=+21.31 | last: shoulder_pan.pos=-54.13 shoulder_lift.pos=-19.52 elbow_flex.pos=+7.21 wrist_flex.pos=+77.20 wrist_roll.pos=-5.24 gripper.pos=+7.70
DEBUG 2026-08-19 04:31:23 [action #1] t=0.87s step=2821 queue=50 dmax=n/a | shoulder_pan.pos=-28.58 shoulder_lift.pos=+21.90 elbow_flex.pos=-20.01 wrist_flex.pos=+96.44 wrist_roll.pos=+2.20 gripper.pos=+21.31
DEBUG 2026-08-19 04:31:23 [action #2] t=0.90s step=2822 queue=49 dmax=2.326 | shoulder_pan.pos=-28.90 shoulder_lift.pos=+19.57 elbow_flex.pos=-22.11 wrist_flex.pos=+97.35 wrist_roll.pos=+1.96 gripper.pos=+19.95
DEBUG 2026-08-19 04:31:23 [action #3] t=0.94s step=2823 queue=48 dmax=2.311 | shoulder_pan.pos=-29.65 shoulder_lift.pos=+17.26 elbow_flex.pos=-21.22 wrist_flex.pos=+97.95 wrist_roll.pos=+1.86 gripper.pos=+18.58
DEBUG 2026-08-19 04:31:23 [action #4] t=0.97s step=2824 queue=47 dmax=1.494 | shoulder_pan.pos=-30.15 shoulder_lift.pos=+17.65 elbow_flex.pos=-22.18 wrist_flex.pos=+98.99 wrist_roll.pos=+1.87 gripper.pos=+17.08
DEBUG 2026-08-19 04:31:24 [action #5] t=1.00s step=2825 queue=46 dmax=1.432 | shoulder_pan.pos=-29.75 shoulder_lift.pos=+17.17 elbow_flex.pos=-23.61 wrist_flex.pos=+99.77 wrist_roll.pos=+1.77 gripper.pos=+16.20
DEBUG 2026-08-19 04:31:24 [action #6] t=1.04s step=2826 queue=45 dmax=3.105 | shoulder_pan.pos=-30.06 shoulder_lift.pos=+14.07 elbow_flex.pos=-22.88 wrist_flex.pos=+99.94 wrist_roll.pos=+1.44 gripper.pos=+15.03
DEBUG 2026-08-19 04:31:24 [action #7] t=1.07s step=2827 queue=44 dmax=1.279 | shoulder_pan.pos=-30.77 shoulder_lift.pos=+12.93 elbow_flex.pos=-24.16 wrist_flex.pos=+99.90 wrist_roll.pos=+1.41 gripper.pos=+14.39
DEBUG 2026-08-19 04:31:24 [action #8] t=1.10s step=2828 queue=43 dmax=1.757 | shoulder_pan.pos=-31.15 shoulder_lift.pos=+11.17 elbow_flex.pos=-23.60 wrist_flex.pos=+100.23 wrist_roll.pos=+1.28 gripper.pos=+13.79
DEBUG 2026-08-19 04:31:24 [action #9] t=1.14s step=2829 queue=42 dmax=2.266 | shoulder_pan.pos=-31.62 shoulder_lift.pos=+10.22 elbow_flex.pos=-21.34 wrist_flex.pos=+99.98 wrist_roll.pos=+1.21 gripper.pos=+12.78
DEBUG 2026-08-19 04:31:24 [action #10] t=1.17s step=2830 queue=41 dmax=1.447 | shoulder_pan.pos=-31.63 shoulder_lift.pos=+8.77 elbow_flex.pos=-21.91 wrist_flex.pos=+99.95 wrist_roll.pos=+1.23 gripper.pos=+12.04
DEBUG 2026-08-19 04:31:24 [action #11] t=1.20s step=2831 queue=40 dmax=1.194 | shoulder_pan.pos=-32.18 shoulder_lift.pos=+7.58 elbow_flex.pos=-22.90 wrist_flex.pos=+100.21 wrist_roll.pos=+0.89 gripper.pos=+11.26
DEBUG 2026-08-19 04:31:24 [action #12] t=1.24s step=2832 queue=39 dmax=1.475 | shoulder_pan.pos=-32.26 shoulder_lift.pos=+6.10 elbow_flex.pos=-21.60 wrist_flex.pos=+99.50 wrist_roll.pos=+0.87 gripper.pos=+10.55
DEBUG 2026-08-19 04:31:24 [action #13] t=1.27s step=2833 queue=38 dmax=1.368 | shoulder_pan.pos=-33.12 shoulder_lift.pos=+4.73 elbow_flex.pos=-21.69 wrist_flex.pos=+99.71 wrist_roll.pos=+0.76 gripper.pos=+9.91
DEBUG 2026-08-19 04:31:24 [action #14] t=1.30s step=2834 queue=37 dmax=1.912 | shoulder_pan.pos=-34.16 shoulder_lift.pos=+2.82 elbow_flex.pos=-20.71 wrist_flex.pos=+99.78 wrist_roll.pos=+0.73 gripper.pos=+9.71
DEBUG 2026-08-19 04:31:24 [action #15] t=1.34s step=2835 queue=36 dmax=0.807 | shoulder_pan.pos=-34.62 shoulder_lift.pos=+2.79 elbow_flex.pos=-19.90 wrist_flex.pos=+100.05 wrist_roll.pos=+0.63 gripper.pos=+9.10
DEBUG 2026-08-19 04:31:24 [action #16] t=1.37s step=2836 queue=35 dmax=2.258 | shoulder_pan.pos=-35.44 shoulder_lift.pos=+0.53 elbow_flex.pos=-20.03 wrist_flex.pos=+99.62 wrist_roll.pos=+0.57 gripper.pos=+9.28
DEBUG 2026-08-19 04:31:24 [action #17] t=1.40s step=2837 queue=34 dmax=0.970 | shoulder_pan.pos=-36.41 shoulder_lift.pos=-0.36 elbow_flex.pos=-19.66 wrist_flex.pos=+99.54 wrist_roll.pos=+0.35 gripper.pos=+8.99
DEBUG 2026-08-19 04:31:24 [action #18] t=1.44s step=2838 queue=33 dmax=1.951 | shoulder_pan.pos=-36.83 shoulder_lift.pos=-1.78 elbow_flex.pos=-17.70 wrist_flex.pos=+99.08 wrist_roll.pos=+0.18 gripper.pos=+9.00
DEBUG 2026-08-19 04:31:24 [action #19] t=1.47s step=2839 queue=32 dmax=1.413 | shoulder_pan.pos=-37.89 shoulder_lift.pos=-3.20 elbow_flex.pos=-17.13 wrist_flex.pos=+98.58 wrist_roll.pos=-0.27 gripper.pos=+8.37
DEBUG 2026-08-19 04:31:24 [action #20] t=1.50s step=2840 queue=31 dmax=2.264 | shoulder_pan.pos=-38.18 shoulder_lift.pos=-5.46 elbow_flex.pos=-15.74 wrist_flex.pos=+97.27 wrist_roll.pos=-0.74 gripper.pos=+8.26
DEBUG 2026-08-19 04:31:24 [action #21] t=1.54s step=2841 queue=30 dmax=1.801 | shoulder_pan.pos=-38.95 shoulder_lift.pos=-6.12 elbow_flex.pos=-13.94 wrist_flex.pos=+96.16 wrist_roll.pos=-1.20 gripper.pos=+8.03
DEBUG 2026-08-19 04:31:24 [chunk] received 50 actions, timesteps 0..49 | first: shoulder_pan.pos=-5.73 shoulder_lift.pos=-99.05 elbow_flex.pos=+87.75 wrist_flex.pos=+74.69 wrist_roll.pos=-0.83 gripper.pos=+2.21 | last: shoulder_pan.pos=-44.82 shoulder_lift.pos=-101.42 elbow_flex.pos=+87.56 wrist_flex.pos=+70.95 wrist_roll.pos=-2.08 gripper.pos=+1.36
DEBUG 2026-08-19 04:31:25 [chunk] received 50 actions, timesteps 2841..2890 | first: shoulder_pan.pos=-39.84 shoulder_lift.pos=-3.57 elbow_flex.pos=-15.16 wrist_flex.pos=+100.08 wrist_roll.pos=-0.46 gripper.pos=+7.66 | last: shoulder_pan.pos=-60.01 shoulder_lift.pos=-6.93 elbow_flex.pos=+6.60 wrist_flex.pos=+76.93 wrist_roll.pos=-7.95 gripper.pos=+12.43
DEBUG 2026-08-19 04:31:25 [action #22] t=2.31s step=2842 queue=49 dmax=3.821 | shoulder_pan.pos=-40.59 shoulder_lift.pos=-3.03 elbow_flex.pos=-16.05 wrist_flex.pos=+99.98 wrist_roll.pos=-0.55 gripper.pos=+7.65
DEBUG 2026-08-19 04:31:25 [action #23] t=2.34s step=2843 queue=48 dmax=1.390 | shoulder_pan.pos=-41.06 shoulder_lift.pos=-2.78 elbow_flex.pos=-14.66 wrist_flex.pos=+99.55 wrist_roll.pos=-0.50 gripper.pos=+7.63
DEBUG 2026-08-19 04:31:25 [action #24] t=2.37s step=2844 queue=47 dmax=1.836 | shoulder_pan.pos=-41.66 shoulder_lift.pos=-4.61 elbow_flex.pos=-14.84 wrist_flex.pos=+99.38 wrist_roll.pos=-0.58 gripper.pos=+7.67
DEBUG 2026-08-19 04:31:25 [action #25] t=2.41s step=2845 queue=46 dmax=0.527 | shoulder_pan.pos=-42.15 shoulder_lift.pos=-4.49 elbow_flex.pos=-14.31 wrist_flex.pos=+98.86 wrist_roll.pos=-0.64 gripper.pos=+7.60
DEBUG 2026-08-19 04:31:25 [action #26] t=2.44s step=2846 queue=45 dmax=0.539 | shoulder_pan.pos=-42.69 shoulder_lift.pos=-4.48 elbow_flex.pos=-14.33 wrist_flex.pos=+98.54 wrist_roll.pos=-0.73 gripper.pos=+7.41
DEBUG 2026-08-19 04:31:25 [action #27] t=2.47s step=2847 queue=44 dmax=0.438 | shoulder_pan.pos=-43.13 shoulder_lift.pos=-4.79 elbow_flex.pos=-14.40 wrist_flex.pos=+98.67 wrist_roll.pos=-0.78 gripper.pos=+7.34
DEBUG 2026-08-19 04:31:25 [action #28] t=2.51s step=2848 queue=43 dmax=0.764 | shoulder_pan.pos=-43.81 shoulder_lift.pos=-5.42 elbow_flex.pos=-13.64 wrist_flex.pos=+98.44 wrist_roll.pos=-0.94 gripper.pos=+7.58
DEBUG 2026-08-19 04:31:25 [action #29] t=2.54s step=2849 queue=42 dmax=0.745 | shoulder_pan.pos=-44.55 shoulder_lift.pos=-5.22 elbow_flex.pos=-13.42 wrist_flex.pos=+98.15 wrist_roll.pos=-1.19 gripper.pos=+7.69
DEBUG 2026-08-19 04:31:25 [action #30] t=2.57s step=2850 queue=41 dmax=1.407 | shoulder_pan.pos=-45.07 shoulder_lift.pos=-6.62 elbow_flex.pos=-13.06 wrist_flex.pos=+97.99 wrist_roll.pos=-1.54 gripper.pos=+7.47
DEBUG 2026-08-19 04:31:25 [action #31] t=2.61s step=2851 queue=40 dmax=0.663 | shoulder_pan.pos=-45.73 shoulder_lift.pos=-6.49 elbow_flex.pos=-12.70 wrist_flex.pos=+97.55 wrist_roll.pos=-1.86 gripper.pos=+7.49
DEBUG 2026-08-19 04:31:25 [action #32] t=2.64s step=2852 queue=39 dmax=0.645 | shoulder_pan.pos=-46.26 shoulder_lift.pos=-6.18 elbow_flex.pos=-12.17 wrist_flex.pos=+96.91 wrist_roll.pos=-1.97 gripper.pos=+7.39
DEBUG 2026-08-19 04:31:25 [action #33] t=2.68s step=2853 queue=38 dmax=0.893 | shoulder_pan.pos=-46.72 shoulder_lift.pos=-6.93 elbow_flex.pos=-11.28 wrist_flex.pos=+96.71 wrist_roll.pos=-2.14 gripper.pos=+7.54
DEBUG 2026-08-19 04:31:25 [action #34] t=2.71s step=2854 queue=37 dmax=0.947 | shoulder_pan.pos=-47.67 shoulder_lift.pos=-7.42 elbow_flex.pos=-10.33 wrist_flex.pos=+96.06 wrist_roll.pos=-2.16 gripper.pos=+7.46
DEBUG 2026-08-19 04:31:25 [action #35] t=2.74s step=2855 queue=36 dmax=0.682 | shoulder_pan.pos=-48.03 shoulder_lift.pos=-7.70 elbow_flex.pos=-9.65 wrist_flex.pos=+95.83 wrist_roll.pos=-2.35 gripper.pos=+7.54
DEBUG 2026-08-19 04:31:25 [action #36] t=2.78s step=2856 queue=35 dmax=1.116 | shoulder_pan.pos=-49.14 shoulder_lift.pos=-7.88 elbow_flex.pos=-9.49 wrist_flex.pos=+95.46 wrist_roll.pos=-2.36 gripper.pos=+7.36
DEBUG 2026-08-19 04:31:25 [action #37] t=2.81s step=2857 queue=34 dmax=1.101 | shoulder_pan.pos=-49.48 shoulder_lift.pos=-7.84 elbow_flex.pos=-8.38 wrist_flex.pos=+95.05 wrist_roll.pos=-2.72 gripper.pos=+7.64
DEBUG 2026-08-19 04:31:25 [action #38] t=2.84s step=2858 queue=33 dmax=0.908 | shoulder_pan.pos=-50.39 shoulder_lift.pos=-8.25 elbow_flex.pos=-7.51 wrist_flex.pos=+95.06 wrist_roll.pos=-2.80 gripper.pos=+7.34
DEBUG 2026-08-19 04:31:25 [action #39] t=2.88s step=2859 queue=32 dmax=1.300 | shoulder_pan.pos=-51.01 shoulder_lift.pos=-9.55 elbow_flex.pos=-6.33 wrist_flex.pos=+94.63 wrist_roll.pos=-2.99 gripper.pos=+7.67
DEBUG 2026-08-19 04:31:25 [action #40] t=2.91s step=2860 queue=31 dmax=1.035 | shoulder_pan.pos=-51.87 shoulder_lift.pos=-9.09 elbow_flex.pos=-5.30 wrist_flex.pos=+94.51 wrist_roll.pos=-3.18 gripper.pos=+7.60
DEBUG 2026-08-19 04:31:25 [action #41] t=2.94s step=2861 queue=30 dmax=0.892 | shoulder_pan.pos=-52.40 shoulder_lift.pos=-9.99 elbow_flex.pos=-4.61 wrist_flex.pos=+94.05 wrist_roll.pos=-3.41 gripper.pos=+7.50
DEBUG 2026-08-19 04:31:26 [action #42] t=2.98s step=2862 queue=29 dmax=0.735 | shoulder_pan.pos=-52.61 shoulder_lift.pos=-9.81 elbow_flex.pos=-3.88 wrist_flex.pos=+93.40 wrist_roll.pos=-3.49 gripper.pos=+7.74
DEBUG 2026-08-19 04:31:26 [action #43] t=3.01s step=2863 queue=28 dmax=0.992 | shoulder_pan.pos=-53.37 shoulder_lift.pos=-10.52 elbow_flex.pos=-2.88 wrist_flex.pos=+93.06 wrist_roll.pos=-3.52 gripper.pos=+7.69
DEBUG 2026-08-19 04:31:26 [action #44] t=3.04s step=2864 queue=27 dmax=0.629 | shoulder_pan.pos=-54.00 shoulder_lift.pos=-10.32 elbow_flex.pos=-2.33 wrist_flex.pos=+92.46 wrist_roll.pos=-3.74 gripper.pos=+7.58
DEBUG 2026-08-19 04:31:26 [chunk] received 50 actions, timesteps 2841..2890 | first: shoulder_pan.pos=-39.99 shoulder_lift.pos=-3.70 elbow_flex.pos=-10.57 wrist_flex.pos=+101.83 wrist_roll.pos=+0.60 gripper.pos=+6.65 | last: shoulder_pan.pos=-56.30 shoulder_lift.pos=+3.66 elbow_flex.pos=-2.57 wrist_flex.pos=+79.86 wrist_roll.pos=-0.00 gripper.pos=+20.65
DEBUG 2026-08-19 04:31:26 [action #45] t=3.08s step=2865 queue=26 dmax=3.337 | shoulder_pan.pos=-50.66 shoulder_lift.pos=-7.97 elbow_flex.pos=-4.04 wrist_flex.pos=+89.98 wrist_roll.pos=-0.77 gripper.pos=+8.52
DEBUG 2026-08-19 04:31:26 [action #46] t=3.11s step=2866 queue=25 dmax=0.625 | shoulder_pan.pos=-51.25 shoulder_lift.pos=-8.08 elbow_flex.pos=-3.62 wrist_flex.pos=+89.36 wrist_roll.pos=-0.93 gripper.pos=+8.53
DEBUG 2026-08-19 04:31:26 [action #47] t=3.14s step=2867 queue=24 dmax=0.828 | shoulder_pan.pos=-52.07 shoulder_lift.pos=-8.20 elbow_flex.pos=-3.11 wrist_flex.pos=+88.63 wrist_roll.pos=-0.93 gripper.pos=+8.48
DEBUG 2026-08-19 04:31:26 [action #48] t=3.18s step=2868 queue=23 dmax=0.640 | shoulder_pan.pos=-52.71 shoulder_lift.pos=-8.09 elbow_flex.pos=-2.57 wrist_flex.pos=+88.12 wrist_roll.pos=-1.02 gripper.pos=+8.85
DEBUG 2026-08-19 04:31:26 [action #49] t=3.21s step=2869 queue=22 dmax=0.840 | shoulder_pan.pos=-53.44 shoulder_lift.pos=-8.59 elbow_flex.pos=-1.94 wrist_flex.pos=+87.59 wrist_roll.pos=-1.09 gripper.pos=+9.69
DEBUG 2026-08-19 04:31:26 [action #50] t=3.24s step=2870 queue=21 dmax=2.034 | shoulder_pan.pos=-54.14 shoulder_lift.pos=-8.71 elbow_flex.pos=-1.40 wrist_flex.pos=+87.30 wrist_roll.pos=-1.09 gripper.pos=+11.73
DEBUG 2026-08-19 04:31:26 [action #51] t=3.28s step=2871 queue=20 dmax=2.723 | shoulder_pan.pos=-54.96 shoulder_lift.pos=-7.93 elbow_flex.pos=-0.55 wrist_flex.pos=+87.12 wrist_roll.pos=-1.12 gripper.pos=+14.45
DEBUG 2026-08-19 04:31:26 [action #52] t=3.31s step=2872 queue=19 dmax=2.356 | shoulder_pan.pos=-55.29 shoulder_lift.pos=-7.54 elbow_flex.pos=-1.25 wrist_flex.pos=+86.82 wrist_roll.pos=-1.13 gripper.pos=+16.81
DEBUG 2026-08-19 04:31:26 [action #53] t=3.34s step=2873 queue=18 dmax=1.277 | shoulder_pan.pos=-56.47 shoulder_lift.pos=-7.74 elbow_flex.pos=-0.60 wrist_flex.pos=+86.41 wrist_roll.pos=-1.06 gripper.pos=+18.08
DEBUG 2026-08-19 04:31:26 [action #54] t=3.38s step=2874 queue=17 dmax=0.731 | shoulder_pan.pos=-56.71 shoulder_lift.pos=-7.18 elbow_flex.pos=-1.01 wrist_flex.pos=+86.26 wrist_roll.pos=-1.18 gripper.pos=+18.81
DEBUG 2026-08-19 04:31:26 [action #55] t=3.41s step=2875 queue=16 dmax=0.676 | shoulder_pan.pos=-57.39 shoulder_lift.pos=-7.10 elbow_flex.pos=-0.57 wrist_flex.pos=+85.84 wrist_roll.pos=-1.11 gripper.pos=+18.70
DEBUG 2026-08-19 04:31:26 [action #56] t=3.44s step=2876 queue=15 dmax=0.459 | shoulder_pan.pos=-57.85 shoulder_lift.pos=-7.12 elbow_flex.pos=-0.58 wrist_flex.pos=+85.47 wrist_roll.pos=-1.13 gripper.pos=+18.65
DEBUG 2026-08-19 04:31:26 [action #57] t=3.48s step=2877 queue=14 dmax=0.630 | shoulder_pan.pos=-57.97 shoulder_lift.pos=-6.89 elbow_flex.pos=-1.21 wrist_flex.pos=+85.25 wrist_roll.pos=-1.16 gripper.pos=+18.66
DEBUG 2026-08-19 04:31:26 [action #58] t=3.51s step=2878 queue=13 dmax=0.368 | shoulder_pan.pos=-58.10 shoulder_lift.pos=-6.85 elbow_flex.pos=-0.84 wrist_flex.pos=+84.96 wrist_roll.pos=-1.10 gripper.pos=+18.65
DEBUG 2026-08-19 04:31:26 [action #59] t=3.54s step=2879 queue=12 dmax=0.763 | shoulder_pan.pos=-58.13 shoulder_lift.pos=-6.08 elbow_flex.pos=-0.91 wrist_flex.pos=+84.61 wrist_roll.pos=-1.27 gripper.pos=+18.68
DEBUG 2026-08-19 04:31:26 [action #60] t=3.58s step=2880 queue=11 dmax=0.650 | shoulder_pan.pos=-57.98 shoulder_lift.pos=-6.14 elbow_flex.pos=-1.01 wrist_flex.pos=+83.96 wrist_roll.pos=-1.27 gripper.pos=+18.69
DEBUG 2026-08-19 04:31:26 [action #61] t=3.61s step=2881 queue=10 dmax=0.930 | shoulder_pan.pos=-58.08 shoulder_lift.pos=-5.21 elbow_flex.pos=-1.01 wrist_flex.pos=+83.43 wrist_roll.pos=-1.38 gripper.pos=+18.42
DEBUG 2026-08-19 04:31:26 [action #62] t=3.64s step=2882 queue=9 dmax=0.625 | shoulder_pan.pos=-58.09 shoulder_lift.pos=-4.67 elbow_flex.pos=-1.02 wrist_flex.pos=+82.81 wrist_roll.pos=-1.43 gripper.pos=+18.27
DEBUG 2026-08-19 04:31:26 [action #63] t=3.68s step=2883 queue=8 dmax=0.690 | shoulder_pan.pos=-58.00 shoulder_lift.pos=-3.98 elbow_flex.pos=-0.37 wrist_flex.pos=+82.38 wrist_roll.pos=-1.58 gripper.pos=+17.95
DEBUG 2026-08-19 04:31:26 [action #64] t=3.71s step=2884 queue=7 dmax=0.853 | shoulder_pan.pos=-57.61 shoulder_lift.pos=-3.12 elbow_flex.pos=-0.54 wrist_flex.pos=+81.76 wrist_roll.pos=-1.63 gripper.pos=+18.04
DEBUG 2026-08-19 04:31:26 [action #65] t=3.75s step=2885 queue=6 dmax=0.442 | shoulder_pan.pos=-57.86 shoulder_lift.pos=-2.69 elbow_flex.pos=-0.67 wrist_flex.pos=+81.32 wrist_roll.pos=-1.75 gripper.pos=+17.97
DEBUG 2026-08-19 04:31:26 [action #66] t=3.78s step=2886 queue=5 dmax=0.772 | shoulder_pan.pos=-57.59 shoulder_lift.pos=-1.97 elbow_flex.pos=+0.11 wrist_flex.pos=+80.90 wrist_roll.pos=-2.02 gripper.pos=+18.02
DEBUG 2026-08-19 04:31:26 [action #67] t=3.81s step=2887 queue=4 dmax=0.355 | shoulder_pan.pos=-57.69 shoulder_lift.pos=-1.96 elbow_flex.pos=-0.22 wrist_flex.pos=+80.54 wrist_roll.pos=-2.15 gripper.pos=+17.97
DEBUG 2026-08-19 04:31:26 [action #68] t=3.85s step=2888 queue=3 dmax=0.761 | shoulder_pan.pos=-57.66 shoulder_lift.pos=-1.19 elbow_flex.pos=+0.07 wrist_flex.pos=+80.12 wrist_roll.pos=-2.31 gripper.pos=+17.89
DEBUG 2026-08-19 04:31:26 [action #69] t=3.88s step=2889 queue=2 dmax=0.892 | shoulder_pan.pos=-57.58 shoulder_lift.pos=-0.30 elbow_flex.pos=-0.24 wrist_flex.pos=+79.38 wrist_roll.pos=-2.47 gripper.pos=+18.01
DEBUG 2026-08-19 04:31:26 [action #70] t=3.91s step=2890 queue=1 dmax=0.785 | shoulder_pan.pos=-57.42 shoulder_lift.pos=+0.48 elbow_flex.pos=+0.18 wrist_flex.pos=+78.98 wrist_roll.pos=-2.39 gripper.pos=+18.18
DEBUG 2026-08-19 04:31:26 [chunk] received 50 actions, timesteps 2864..2913 | first: shoulder_pan.pos=-50.55 shoulder_lift.pos=-8.83 elbow_flex.pos=-5.29 wrist_flex.pos=+99.38 wrist_roll.pos=-2.80 gripper.pos=+6.59 | last: shoulder_pan.pos=-50.98 shoulder_lift.pos=+24.15 elbow_flex.pos=-18.17 wrist_flex.pos=+87.31 wrist_roll.pos=+15.49 gripper.pos=+36.06
DEBUG 2026-08-19 04:31:26 [action #71] t=3.95s step=2891 queue=23 dmax=19.411 | shoulder_pan.pos=-50.31 shoulder_lift.pos=+3.32 elbow_flex.pos=-6.93 wrist_flex.pos=+89.46 wrist_roll.pos=+17.03 gripper.pos=+30.39
DEBUG 2026-08-19 04:31:27 [action #72] t=3.98s step=2892 queue=22 dmax=1.004 | shoulder_pan.pos=-50.38 shoulder_lift.pos=+3.62 elbow_flex.pos=-7.12 wrist_flex.pos=+89.63 wrist_roll.pos=+17.22 gripper.pos=+31.40
DEBUG 2026-08-19 04:31:27 [action #73] t=4.01s step=2893 queue=21 dmax=1.463 | shoulder_pan.pos=-50.26 shoulder_lift.pos=+4.14 elbow_flex.pos=-7.73 wrist_flex.pos=+89.55 wrist_roll.pos=+16.85 gripper.pos=+32.86
DEBUG 2026-08-19 04:31:27 [chunk] received 50 actions, timesteps 2890..2939 | first: shoulder_pan.pos=-51.88 shoulder_lift.pos=-0.57 elbow_flex.pos=-3.17 wrist_flex.pos=+79.02 wrist_roll.pos=+1.37 gripper.pos=+21.81 | last: shoulder_pan.pos=-55.89 shoulder_lift.pos=+23.82 elbow_flex.pos=-10.11 wrist_flex.pos=+73.75 wrist_roll.pos=+10.14 gripper.pos=+34.10
INFO 2026-08-19 04:31:27 Final action sent: shoulder_pan.pos=-50.26 shoulder_lift.pos=+4.14 elbow_flex.pos=-7.73 wrist_flex.pos=+89.55 wrist_roll.pos=+16.85 gripper.pos=+32.86
DEBUG 2026-08-19 04:31:27 === episode end | 4.5s | converged=False | actions=73 ===
DEBUG 2026-08-19 04:31:29 === episode start | task: 'put the banana on the tray' | duration: 30.0s ===
DEBUG 2026-08-19 04:31:30 [chunk] received 50 actions, timesteps 2893..2942 | first: shoulder_pan.pos=-54.16 shoulder_lift.pos=-0.72 elbow_flex.pos=-1.21 wrist_flex.pos=+79.62 wrist_roll.pos=-0.00 gripper.pos=+23.95 | last: shoulder_pan.pos=-54.72 shoulder_lift.pos=+25.75 elbow_flex.pos=-9.12 wrist_flex.pos=+71.58 wrist_roll.pos=+3.90 gripper.pos=+34.97
DEBUG 2026-08-19 04:31:30 [action #1] t=0.90s step=2893 queue=50 dmax=n/a | shoulder_pan.pos=-54.16 shoulder_lift.pos=-0.72 elbow_flex.pos=-1.21 wrist_flex.pos=+79.62 wrist_roll.pos=-0.00 gripper.pos=+23.95
DEBUG 2026-08-19 04:31:30 [action #2] t=0.94s step=2894 queue=49 dmax=1.056 | shoulder_pan.pos=-54.36 shoulder_lift.pos=-0.59 elbow_flex.pos=-1.83 wrist_flex.pos=+79.93 wrist_roll.pos=+0.21 gripper.pos=+25.00
DEBUG 2026-08-19 04:31:30 [action #3] t=0.97s step=2895 queue=48 dmax=0.693 | shoulder_pan.pos=-54.71 shoulder_lift.pos=-0.68 elbow_flex.pos=-1.57 wrist_flex.pos=+79.88 wrist_roll.pos=+0.62 gripper.pos=+25.70
DEBUG 2026-08-19 04:31:30 [action #4] t=1.00s step=2896 queue=47 dmax=0.982 | shoulder_pan.pos=-54.70 shoulder_lift.pos=-0.30 elbow_flex.pos=-2.29 wrist_flex.pos=+79.82 wrist_roll.pos=+0.89 gripper.pos=+26.68
DEBUG 2026-08-19 04:31:30 [action #5] t=1.04s step=2897 queue=46 dmax=0.892 | shoulder_pan.pos=-55.07 shoulder_lift.pos=-0.02 elbow_flex.pos=-1.97 wrist_flex.pos=+79.75 wrist_roll.pos=+1.26 gripper.pos=+27.57
DEBUG 2026-08-19 04:31:30 [action #6] t=1.07s step=2898 queue=45 dmax=0.865 | shoulder_pan.pos=-54.94 shoulder_lift.pos=+0.30 elbow_flex.pos=-2.34 wrist_flex.pos=+79.97 wrist_roll.pos=+1.64 gripper.pos=+28.44
DEBUG 2026-08-19 04:31:30 [action #7] t=1.10s step=2899 queue=44 dmax=1.195 | shoulder_pan.pos=-54.86 shoulder_lift.pos=+0.69 elbow_flex.pos=-2.42 wrist_flex.pos=+79.69 wrist_roll.pos=+1.85 gripper.pos=+29.63
DEBUG 2026-08-19 04:31:30 [action #8] t=1.14s step=2900 queue=43 dmax=0.863 | shoulder_pan.pos=-54.96 shoulder_lift.pos=+1.44 elbow_flex.pos=-2.41 wrist_flex.pos=+79.88 wrist_roll.pos=+2.06 gripper.pos=+30.49
DEBUG 2026-08-19 04:31:30 [action #9] t=1.17s step=2901 queue=42 dmax=0.816 | shoulder_pan.pos=-54.68 shoulder_lift.pos=+2.13 elbow_flex.pos=-2.74 wrist_flex.pos=+80.15 wrist_roll.pos=+2.33 gripper.pos=+31.31
DEBUG 2026-08-19 04:31:30 [action #10] t=1.20s step=2902 queue=41 dmax=0.960 | shoulder_pan.pos=-54.64 shoulder_lift.pos=+3.09 elbow_flex.pos=-2.81 wrist_flex.pos=+80.29 wrist_roll.pos=+2.87 gripper.pos=+31.82
DEBUG 2026-08-19 04:31:30 [action #11] t=1.24s step=2903 queue=40 dmax=0.497 | shoulder_pan.pos=-54.79 shoulder_lift.pos=+3.48 elbow_flex.pos=-3.14 wrist_flex.pos=+80.44 wrist_roll.pos=+3.35 gripper.pos=+32.31
DEBUG 2026-08-19 04:31:30 [action #12] t=1.27s step=2904 queue=39 dmax=0.797 | shoulder_pan.pos=-54.65 shoulder_lift.pos=+4.22 elbow_flex.pos=-3.16 wrist_flex.pos=+80.69 wrist_roll.pos=+4.02 gripper.pos=+33.11
DEBUG 2026-08-19 04:31:30 [action #13] t=1.30s step=2905 queue=38 dmax=1.141 | shoulder_pan.pos=-54.82 shoulder_lift.pos=+5.36 elbow_flex.pos=-3.34 wrist_flex.pos=+80.82 wrist_roll.pos=+4.83 gripper.pos=+33.87
DEBUG 2026-08-19 04:31:30 [action #14] t=1.34s step=2906 queue=37 dmax=0.870 | shoulder_pan.pos=-54.61 shoulder_lift.pos=+5.79 elbow_flex.pos=-3.08 wrist_flex.pos=+81.12 wrist_roll.pos=+5.57 gripper.pos=+34.74
DEBUG 2026-08-19 04:31:30 [action #15] t=1.37s step=2907 queue=36 dmax=0.685 | shoulder_pan.pos=-54.75 shoulder_lift.pos=+6.36 elbow_flex.pos=-3.57 wrist_flex.pos=+81.38 wrist_roll.pos=+6.25 gripper.pos=+35.31
DEBUG 2026-08-19 04:31:30 [action #16] t=1.40s step=2908 queue=35 dmax=0.826 | shoulder_pan.pos=-54.77 shoulder_lift.pos=+7.19 elbow_flex.pos=-3.84 wrist_flex.pos=+81.59 wrist_roll.pos=+6.97 gripper.pos=+35.62
DEBUG 2026-08-19 04:31:31 [chunk] received 50 actions, timesteps 0..49 | first: shoulder_pan.pos=-6.51 shoulder_lift.pos=-98.51 elbow_flex.pos=+88.46 wrist_flex.pos=+69.10 wrist_roll.pos=-0.03 gripper.pos=+2.21 | last: shoulder_pan.pos=-10.34 shoulder_lift.pos=-97.74 elbow_flex.pos=+78.87 wrist_flex.pos=+66.54 wrist_roll.pos=-2.20 gripper.pos=+1.79
INFO 2026-08-19 04:31:31 Final action sent: shoulder_pan.pos=-54.77 shoulder_lift.pos=+7.19 elbow_flex.pos=-3.84 wrist_flex.pos=+81.59 wrist_roll.pos=+6.97 gripper.pos=+35.62
DEBUG 2026-08-19 04:31:31 === episode end | 1.6s | converged=False | actions=16 ===
