INFO 2026-08-19 04:31:06 estrator.py:858 Decomposing high-level prompt (round 1): 'put everything on the tray'
INFO 2026-08-19 04:31:06 estrator.py:694 Saved VLM frame: runs/run_2026-08-19_04-21-15/03/decompose_20260819_043106.png
  Generated 20 tokens in 1.6s (12.6 tok/s)

Identification output:
{"visible_objects": ["stuffed animal", "banana", "tray", "table"]}
INFO 2026-08-19 04:31:08 estrator.py:507 Identified objects (4): ['stuffed animal', 'banana', 'tray', 'table']
  Generated 70 tokens in 5.1s (13.8 tok/s)
INFO 2026-08-19 04:31:13 estrator.py:528 Raw VLM decomposition output (243 chars): '{\n  "visible_objects": ["stuffed animal", "banana", "tray", "table"],\n  "excluded_objects": [],\n  "allowed_objects": ["stuffed animal", "banana"],\n  "subtasks": [\n    "put the stuffed animal on the tray",\n    "put the banana on the tray"\n  ]\n}'

Visible: ['stuffed animal', 'banana', 'tray', 'table']
Excluded: []
Allowed: ['stuffed animal', 'banana']

Parsed 2 sub-tasks:
  1. put the stuffed animal on the tray
  2. put the banana on the tray
INFO 2026-08-19 04:31:13 estrator.py:876 Sub-task queue (2):
INFO 2026-08-19 04:31:13 estrator.py:878   1. put the stuffed animal on the tray
INFO 2026-08-19 04:31:13 estrator.py:878   2. put the banana on the tray
INFO 2026-08-19 04:31:13 estrator.py:926 [1] Executing sub-task: 'put the stuffed animal on the tray' (1 retries left)
INFO 2026-08-19 04:31:13 ent_loop.py:565 Control loop started | task: 'put the stuffed animal on the tray' | duration: 30.0s
INFO 2026-08-19 04:31:13 ent_loop.py:512 Action receiver thread started
[INTERJECT] SKIP requested — stopping current action...
INFO 2026-08-19 04:31:20 ent_loop.py:753 Episode finished: 7.6s, converged=False, max_displacement=99.5239, actions=162
INFO 2026-08-19 04:31:20 estrator.py:939 User skipped sub-task: 'put the stuffed animal on the tray' (1 attempt(s) left)
INFO 2026-08-19 04:31:20 ent_loop.py:344 Returning to home position...
INFO 2026-08-19 04:31:23 ent_loop.py:357 Home position reached.
INFO 2026-08-19 04:31:23 estrator.py:926 [1] Executing sub-task: 'put the stuffed animal on the tray' (0 retries left)
INFO 2026-08-19 04:31:23 ent_loop.py:565 Control loop started | task: 'put the stuffed animal on the tray' | duration: 30.0s
INFO 2026-08-19 04:31:23 ent_loop.py:512 Action receiver thread started
[INTERJECT] SKIP requested — stopping current action...
INFO 2026-08-19 04:31:27 ent_loop.py:753 Episode finished: 4.5s, converged=False, max_displacement=47.2866, actions=73
INFO 2026-08-19 04:31:27 estrator.py:939 User skipped sub-task: 'put the stuffed animal on the tray' (0 attempt(s) left)
INFO 2026-08-19 04:31:27 ent_loop.py:344 Returning to home position...
INFO 2026-08-19 04:31:29 ent_loop.py:357 Home position reached.
WARNING 2026-08-19 04:31:29 strator.py:1112 Sub-task 'put the stuffed animal on the tray' skipped by user on the final attempt — counting as failed and moving on.
INFO 2026-08-19 04:31:29 estrator.py:926 [1] Executing sub-task: 'put the banana on the tray' (1 retries left)
INFO 2026-08-19 04:31:29 ent_loop.py:565 Control loop started | task: 'put the banana on the tray' | duration: 30.0s
INFO 2026-08-19 04:31:29 ent_loop.py:512 Action receiver thread started
[INTERJECT] ABORT requested — stopping current action...
INFO 2026-08-19 04:31:31 ent_loop.py:753 Episode finished: 1.6s, converged=False, max_displacement=16.0844, actions=16
WARNING 2026-08-19 04:31:31 estrator.py:850 ABORT requested during sub-task 'put the banana on the tray' — abandoning high-level task 'put everything on the tray' and returning to the prompt.
INFO 2026-08-19 04:31:31 ent_loop.py:344 Returning to home position...
INFO 2026-08-19 04:31:33 ent_loop.py:357 Home position reached.
INFO 2026-08-19 04:31:33 strator.py:1098   Completed before the abort: []
