INFO 2026-08-06 23:40:12 estrator.py:696 Decomposing high-level prompt: 'put everything on the tray, banana first'
INFO 2026-08-06 23:40:12 estrator.py:615 Saved VLM frame: runs/run_2026-08-06_23-31-04/03/decompose_20260806_234012.png
  Generated 20 tokens in 1.8s (11.0 tok/s)

Identification output:
{"visible_objects": ["banana", "stuffed animal", "tray", "table"]}
INFO 2026-08-06 23:40:14 estrator.py:454 Identified objects (4): ['banana', 'stuffed animal', 'tray', 'table']
  Generated 70 tokens in 4.7s (14.8 tok/s)
INFO 2026-08-06 23:40:19 estrator.py:473 Raw VLM decomposition output (243 chars): '{\n  "visible_objects": ["banana", "stuffed animal", "tray", "table"],\n  "excluded_objects": [],\n  "allowed_objects": ["banana", "stuffed animal"],\n  "subtasks": [\n    "put the banana on the tray",\n    "put the stuffed animal on the tray"\n  ]\n}'

Visible: ['banana', 'stuffed animal', 'tray', 'table']
Excluded: []
Allowed: ['banana', 'stuffed animal']

Parsed 2 sub-tasks:
  1. put the banana on the tray
  2. put the stuffed animal on the tray
INFO 2026-08-06 23:40:19 estrator.py:714 Sub-task queue (2):
INFO 2026-08-06 23:40:19 estrator.py:716   1. put the banana on the tray
INFO 2026-08-06 23:40:19 estrator.py:716   2. put the stuffed animal on the tray
INFO 2026-08-06 23:40:19 estrator.py:764 [1] Executing sub-task: 'put the banana on the tray' (1 retries left)
INFO 2026-08-06 23:40:19 ent_loop.py:453 Control loop started | task: 'put the banana on the tray' | duration: 30.0s
INFO 2026-08-06 23:40:19 ent_loop.py:411 Action receiver thread started
INFO 2026-08-06 23:40:36 ent_loop.py:620 Episode finished: 16.7s, converged=True, max_displacement=172.9102, actions=436
INFO 2026-08-06 23:40:36 ent_loop.py:266 Returning to home position...
INFO 2026-08-06 23:40:38 ent_loop.py:279 Home position reached.
INFO 2026-08-06 23:40:41 estrator.py:646 Saved VLM eval clip (32 frames) to runs/run_2026-08-06_23-31-04/03
INFO 2026-08-06 23:40:41 estrator.py:877 Evaluation observation: video clip (32 frames over 16.3s of a 16.7s episode, 1.91 fps)
  Generated 21 tokens in 1.8s (11.4 tok/s)
INFO 2026-08-06 23:40:43 estrator.py:506 Raw eval output: {"success": true, "reason": "The banana is now on the tray as instructed."}
INFO 2026-08-06 23:40:43 estrator.py:926 VLM judgement: success=True | The banana is now on the tray as instructed.
INFO 2026-08-06 23:40:43 estrator.py:764 [2] Executing sub-task: 'put the stuffed animal on the tray' (1 retries left)
INFO 2026-08-06 23:40:43 ent_loop.py:453 Control loop started | task: 'put the stuffed animal on the tray' | duration: 30.0s
INFO 2026-08-06 23:40:43 ent_loop.py:411 Action receiver thread started
[INTERJECT] ABORT requested — stopping current action...
INFO 2026-08-06 23:40:58 ent_loop.py:620 Episode finished: 15.5s, converged=False, max_displacement=145.8266, actions=417
WARNING 2026-08-06 23:40:58 estrator.py:691 ABORT requested during sub-task 'put the stuffed animal on the tray' — abandoning high-level task 'put everything on the tray, banana first' and returning to the prompt.
INFO 2026-08-06 23:40:58 ent_loop.py:266 Returning to home position...
INFO 2026-08-06 23:41:00 ent_loop.py:279 Home position reached.
INFO 2026-08-06 23:41:00 estrator.py:936   Completed before the abort: ['put the banana on the tray']
