DEBUG 2026-08-19 06:11:56 === episode start | task: 'put the toy on the tray' | duration: 30.0s ===
DEBUG 2026-08-19 06:11:57 [chunk] received 50 actions, timesteps 706..755 | first: shoulder_pan.pos=-16.10 shoulder_lift.pos=-31.09 elbow_flex.pos=+39.79 wrist_flex.pos=+69.35 wrist_roll.pos=+18.16 gripper.pos=+40.51 | last: shoulder_pan.pos=-20.25 shoulder_lift.pos=-2.33 elbow_flex.pos=+22.63 wrist_flex.pos=+64.80 wrist_roll.pos=+17.84 gripper.pos=+24.47
DEBUG 2026-08-19 06:11:57 [action #1] t=0.84s step=706 queue=50 dmax=n/a | shoulder_pan.pos=-16.10 shoulder_lift.pos=-31.09 elbow_flex.pos=+39.79 wrist_flex.pos=+69.35 wrist_roll.pos=+18.16 gripper.pos=+40.51
DEBUG 2026-08-19 06:11:57 [action #2] t=0.87s step=707 queue=49 dmax=0.530 | shoulder_pan.pos=-15.57 shoulder_lift.pos=-31.60 elbow_flex.pos=+39.29 wrist_flex.pos=+69.60 wrist_roll.pos=+18.62 gripper.pos=+40.17
DEBUG 2026-08-19 06:11:57 [action #3] t=0.90s step=708 queue=48 dmax=0.534 | shoulder_pan.pos=-15.60 shoulder_lift.pos=-31.06 elbow_flex.pos=+39.11 wrist_flex.pos=+70.02 wrist_roll.pos=+18.90 gripper.pos=+40.30
DEBUG 2026-08-19 06:11:57 [action #4] t=0.94s step=709 queue=47 dmax=0.378 | shoulder_pan.pos=-15.65 shoulder_lift.pos=-31.36 elbow_flex.pos=+39.09 wrist_flex.pos=+69.64 wrist_roll.pos=+19.24 gripper.pos=+40.07
DEBUG 2026-08-19 06:11:57 [action #5] t=0.97s step=710 queue=46 dmax=0.561 | shoulder_pan.pos=-16.02 shoulder_lift.pos=-31.44 elbow_flex.pos=+38.53 wrist_flex.pos=+69.77 wrist_roll.pos=+19.66 gripper.pos=+39.88
DEBUG 2026-08-19 06:11:57 [action #6] t=1.00s step=711 queue=45 dmax=0.567 | shoulder_pan.pos=-16.11 shoulder_lift.pos=-31.00 elbow_flex.pos=+39.09 wrist_flex.pos=+69.89 wrist_roll.pos=+20.12 gripper.pos=+39.89
DEBUG 2026-08-19 06:11:57 [action #7] t=1.04s step=712 queue=44 dmax=0.841 | shoulder_pan.pos=-15.74 shoulder_lift.pos=-30.78 elbow_flex.pos=+38.25 wrist_flex.pos=+69.55 wrist_roll.pos=+20.43 gripper.pos=+39.72
DEBUG 2026-08-19 06:11:57 [action #8] t=1.07s step=713 queue=43 dmax=0.530 | shoulder_pan.pos=-16.27 shoulder_lift.pos=-30.65 elbow_flex.pos=+38.44 wrist_flex.pos=+69.52 wrist_roll.pos=+20.70 gripper.pos=+39.76
DEBUG 2026-08-19 06:11:57 [action #9] t=1.10s step=714 queue=42 dmax=0.737 | shoulder_pan.pos=-15.86 shoulder_lift.pos=-30.16 elbow_flex.pos=+37.70 wrist_flex.pos=+69.20 wrist_roll.pos=+20.79 gripper.pos=+39.80
DEBUG 2026-08-19 06:11:57 [action #10] t=1.14s step=715 queue=41 dmax=0.866 | shoulder_pan.pos=-15.64 shoulder_lift.pos=-29.91 elbow_flex.pos=+36.83 wrist_flex.pos=+69.14 wrist_roll.pos=+20.80 gripper.pos=+39.95
DEBUG 2026-08-19 06:11:57 [action #11] t=1.17s step=716 queue=40 dmax=0.957 | shoulder_pan.pos=-15.95 shoulder_lift.pos=-28.95 elbow_flex.pos=+36.96 wrist_flex.pos=+69.08 wrist_roll.pos=+20.68 gripper.pos=+39.92
DEBUG 2026-08-19 06:11:57 [action #12] t=1.20s step=717 queue=39 dmax=0.584 | shoulder_pan.pos=-15.92 shoulder_lift.pos=-29.01 elbow_flex.pos=+36.38 wrist_flex.pos=+69.21 wrist_roll.pos=+20.69 gripper.pos=+39.86
DEBUG 2026-08-19 06:11:57 [action #13] t=1.24s step=718 queue=38 dmax=1.327 | shoulder_pan.pos=-16.23 shoulder_lift.pos=-27.68 elbow_flex.pos=+35.77 wrist_flex.pos=+69.08 wrist_roll.pos=+20.53 gripper.pos=+39.69
DEBUG 2026-08-19 06:11:57 [action #14] t=1.27s step=719 queue=37 dmax=1.430 | shoulder_pan.pos=-16.15 shoulder_lift.pos=-26.95 elbow_flex.pos=+34.34 wrist_flex.pos=+68.80 wrist_roll.pos=+20.57 gripper.pos=+39.79
DEBUG 2026-08-19 06:11:57 [action #15] t=1.30s step=720 queue=36 dmax=1.714 | shoulder_pan.pos=-16.37 shoulder_lift.pos=-25.24 elbow_flex.pos=+33.56 wrist_flex.pos=+69.13 wrist_roll.pos=+20.49 gripper.pos=+39.79
DEBUG 2026-08-19 06:11:57 [action #16] t=1.34s step=721 queue=35 dmax=1.363 | shoulder_pan.pos=-16.58 shoulder_lift.pos=-23.88 elbow_flex.pos=+32.71 wrist_flex.pos=+69.07 wrist_roll.pos=+20.46 gripper.pos=+39.99
DEBUG 2026-08-19 06:11:57 [action #17] t=1.37s step=722 queue=34 dmax=1.757 | shoulder_pan.pos=-16.68 shoulder_lift.pos=-22.12 elbow_flex.pos=+32.75 wrist_flex.pos=+68.95 wrist_roll.pos=+20.48 gripper.pos=+40.02
DEBUG 2026-08-19 06:11:57 [action #18] t=1.41s step=723 queue=33 dmax=0.575 | shoulder_pan.pos=-17.02 shoulder_lift.pos=-21.55 elbow_flex.pos=+32.18 wrist_flex.pos=+68.85 wrist_roll.pos=+20.36 gripper.pos=+40.11
DEBUG 2026-08-19 06:11:57 [action #19] t=1.44s step=724 queue=32 dmax=1.448 | shoulder_pan.pos=-17.31 shoulder_lift.pos=-20.10 elbow_flex.pos=+31.67 wrist_flex.pos=+68.69 wrist_roll.pos=+20.33 gripper.pos=+40.10
DEBUG 2026-08-19 06:11:57 [action #20] t=1.47s step=725 queue=31 dmax=0.937 | shoulder_pan.pos=-17.33 shoulder_lift.pos=-19.16 elbow_flex.pos=+30.89 wrist_flex.pos=+68.79 wrist_roll.pos=+20.35 gripper.pos=+40.09
DEBUG 2026-08-19 06:11:57 [action #21] t=1.51s step=726 queue=30 dmax=1.045 | shoulder_pan.pos=-18.08 shoulder_lift.pos=-18.12 elbow_flex.pos=+30.37 wrist_flex.pos=+68.41 wrist_roll.pos=+20.11 gripper.pos=+40.15
DEBUG 2026-08-19 06:11:57 [chunk] received 50 actions, timesteps 0..49 | first: shoulder_pan.pos=-4.70 shoulder_lift.pos=-101.34 elbow_flex.pos=+89.13 wrist_flex.pos=+71.93 wrist_roll.pos=-0.35 gripper.pos=+1.75 | last: shoulder_pan.pos=-3.16 shoulder_lift.pos=-101.19 elbow_flex.pos=+84.00 wrist_flex.pos=+61.83 wrist_roll.pos=-1.51 gripper.pos=+1.16
DEBUG 2026-08-19 06:11:58 [chunk] received 50 actions, timesteps 726..775 | first: shoulder_pan.pos=-18.08 shoulder_lift.pos=-20.71 elbow_flex.pos=+33.51 wrist_flex.pos=+69.95 wrist_roll.pos=+17.99 gripper.pos=+38.61 | last: shoulder_pan.pos=-14.83 shoulder_lift.pos=+1.52 elbow_flex.pos=+23.69 wrist_flex.pos=+62.22 wrist_roll.pos=+11.83 gripper.pos=+12.47
DEBUG 2026-08-19 06:11:58 [action #22] t=2.38s step=727 queue=49 dmax=3.996 | shoulder_pan.pos=-18.38 shoulder_lift.pos=-20.28 elbow_flex.pos=+34.36 wrist_flex.pos=+70.10 wrist_roll.pos=+17.40 gripper.pos=+38.03
DEBUG 2026-08-19 06:11:58 [action #23] t=2.41s step=728 queue=48 dmax=1.063 | shoulder_pan.pos=-17.89 shoulder_lift.pos=-19.22 elbow_flex.pos=+33.35 wrist_flex.pos=+69.93 wrist_roll.pos=+16.64 gripper.pos=+38.43
DEBUG 2026-08-19 06:11:58 [action #24] t=2.44s step=729 queue=47 dmax=0.866 | shoulder_pan.pos=-17.89 shoulder_lift.pos=-18.35 elbow_flex.pos=+33.33 wrist_flex.pos=+70.32 wrist_roll.pos=+16.22 gripper.pos=+38.46
DEBUG 2026-08-19 06:11:58 [action #25] t=2.48s step=730 queue=46 dmax=0.993 | shoulder_pan.pos=-17.82 shoulder_lift.pos=-17.52 elbow_flex.pos=+34.33 wrist_flex.pos=+69.73 wrist_roll.pos=+15.62 gripper.pos=+38.56
DEBUG 2026-08-19 06:11:58 [action #26] t=2.51s step=731 queue=45 dmax=1.165 | shoulder_pan.pos=-17.56 shoulder_lift.pos=-16.52 elbow_flex.pos=+33.16 wrist_flex.pos=+69.56 wrist_roll.pos=+15.08 gripper.pos=+38.70
DEBUG 2026-08-19 06:11:58 [action #27] t=2.54s step=732 queue=44 dmax=1.120 | shoulder_pan.pos=-17.73 shoulder_lift.pos=-15.40 elbow_flex.pos=+33.16 wrist_flex.pos=+69.10 wrist_roll.pos=+14.69 gripper.pos=+38.51
DEBUG 2026-08-19 06:11:58 [action #28] t=2.58s step=733 queue=43 dmax=0.794 | shoulder_pan.pos=-17.68 shoulder_lift.pos=-14.60 elbow_flex.pos=+33.00 wrist_flex.pos=+69.15 wrist_roll.pos=+14.58 gripper.pos=+38.46
DEBUG 2026-08-19 06:11:58 [action #29] t=2.61s step=734 queue=42 dmax=0.667 | shoulder_pan.pos=-17.62 shoulder_lift.pos=-14.01 elbow_flex.pos=+32.89 wrist_flex.pos=+68.48 wrist_roll.pos=+14.48 gripper.pos=+38.31
DEBUG 2026-08-19 06:11:58 [action #30] t=2.64s step=735 queue=41 dmax=1.445 | shoulder_pan.pos=-17.48 shoulder_lift.pos=-12.57 elbow_flex.pos=+31.90 wrist_flex.pos=+68.45 wrist_roll.pos=+14.49 gripper.pos=+38.55
DEBUG 2026-08-19 06:11:58 [action #31] t=2.68s step=736 queue=40 dmax=0.613 | shoulder_pan.pos=-17.62 shoulder_lift.pos=-11.96 elbow_flex.pos=+31.73 wrist_flex.pos=+68.36 wrist_roll.pos=+14.31 gripper.pos=+38.48
DEBUG 2026-08-19 06:11:58 [action #32] t=2.71s step=737 queue=39 dmax=1.243 | shoulder_pan.pos=-17.53 shoulder_lift.pos=-10.71 elbow_flex.pos=+31.90 wrist_flex.pos=+67.92 wrist_roll.pos=+14.34 gripper.pos=+38.37
DEBUG 2026-08-19 06:11:58 [action #33] t=2.74s step=738 queue=38 dmax=0.466 | shoulder_pan.pos=-17.50 shoulder_lift.pos=-10.31 elbow_flex.pos=+32.15 wrist_flex.pos=+67.46 wrist_roll.pos=+14.19 gripper.pos=+38.17
DEBUG 2026-08-19 06:11:59 [action #34] t=2.78s step=739 queue=37 dmax=1.918 | shoulder_pan.pos=-17.30 shoulder_lift.pos=-8.39 elbow_flex.pos=+30.70 wrist_flex.pos=+67.28 wrist_roll.pos=+14.03 gripper.pos=+38.24
DEBUG 2026-08-19 06:11:59 [action #35] t=2.81s step=740 queue=36 dmax=1.451 | shoulder_pan.pos=-17.52 shoulder_lift.pos=-6.94 elbow_flex.pos=+30.29 wrist_flex.pos=+67.11 wrist_roll.pos=+13.92 gripper.pos=+38.03
DEBUG 2026-08-19 06:11:59 [action #36] t=2.84s step=741 queue=35 dmax=1.185 | shoulder_pan.pos=-17.43 shoulder_lift.pos=-5.75 elbow_flex.pos=+29.84 wrist_flex.pos=+66.67 wrist_roll.pos=+13.80 gripper.pos=+38.05
DEBUG 2026-08-19 06:11:59 [action #37] t=2.88s step=742 queue=34 dmax=0.720 | shoulder_pan.pos=-17.28 shoulder_lift.pos=-5.32 elbow_flex.pos=+29.25 wrist_flex.pos=+65.95 wrist_roll.pos=+13.49 gripper.pos=+38.11
DEBUG 2026-08-19 06:11:59 [action #38] t=2.91s step=743 queue=33 dmax=1.536 | shoulder_pan.pos=-17.29 shoulder_lift.pos=-3.78 elbow_flex.pos=+28.74 wrist_flex.pos=+65.62 wrist_roll.pos=+13.32 gripper.pos=+38.23
DEBUG 2026-08-19 06:11:59 [action #39] t=2.94s step=744 queue=32 dmax=1.042 | shoulder_pan.pos=-17.07 shoulder_lift.pos=-2.74 elbow_flex.pos=+28.70 wrist_flex.pos=+65.01 wrist_roll.pos=+13.27 gripper.pos=+38.09
DEBUG 2026-08-19 06:11:59 [action #40] t=2.98s step=745 queue=31 dmax=0.913 | shoulder_pan.pos=-17.24 shoulder_lift.pos=-1.89 elbow_flex.pos=+27.78 wrist_flex.pos=+64.47 wrist_roll.pos=+13.25 gripper.pos=+38.14
DEBUG 2026-08-19 06:11:59 [action #41] t=3.01s step=746 queue=30 dmax=0.967 | shoulder_pan.pos=-17.01 shoulder_lift.pos=-0.93 elbow_flex.pos=+27.44 wrist_flex.pos=+64.17 wrist_roll.pos=+13.04 gripper.pos=+38.23
DEBUG 2026-08-19 06:11:59 [action #42] t=3.04s step=747 queue=29 dmax=0.838 | shoulder_pan.pos=-17.06 shoulder_lift.pos=-0.09 elbow_flex.pos=+27.59 wrist_flex.pos=+63.96 wrist_roll.pos=+13.07 gripper.pos=+38.13
DEBUG 2026-08-19 06:11:59 [action #43] t=3.08s step=748 queue=28 dmax=1.044 | shoulder_pan.pos=-17.12 shoulder_lift.pos=+0.95 elbow_flex.pos=+27.29 wrist_flex.pos=+63.97 wrist_roll.pos=+13.13 gripper.pos=+38.24
DEBUG 2026-08-19 06:11:59 [chunk] received 50 actions, timesteps 726..775 | first: shoulder_pan.pos=-18.77 shoulder_lift.pos=-18.60 elbow_flex.pos=+31.47 wrist_flex.pos=+68.69 wrist_roll.pos=+15.53 gripper.pos=+39.27 | last: shoulder_pan.pos=-15.97 shoulder_lift.pos=+3.06 elbow_flex.pos=+23.79 wrist_flex.pos=+64.11 wrist_roll.pos=+12.19 gripper.pos=+8.58
DEBUG 2026-08-19 06:11:59 [action #44] t=3.11s step=749 queue=27 dmax=2.673 | shoulder_pan.pos=-17.14 shoulder_lift.pos=+1.34 elbow_flex.pos=+24.62 wrist_flex.pos=+65.77 wrist_roll.pos=+13.87 gripper.pos=+38.68
DEBUG 2026-08-19 06:11:59 [action #45] t=3.15s step=750 queue=26 dmax=1.003 | shoulder_pan.pos=-17.06 shoulder_lift.pos=+2.34 elbow_flex.pos=+24.24 wrist_flex.pos=+65.56 wrist_roll.pos=+13.89 gripper.pos=+38.44
DEBUG 2026-08-19 06:11:59 [action #46] t=3.18s step=751 queue=25 dmax=0.260 | shoulder_pan.pos=-16.99 shoulder_lift.pos=+2.59 elbow_flex.pos=+23.98 wrist_flex.pos=+65.43 wrist_roll.pos=+13.76 gripper.pos=+38.26
DEBUG 2026-08-19 06:11:59 [action #47] t=3.21s step=752 queue=24 dmax=0.879 | shoulder_pan.pos=-16.68 shoulder_lift.pos=+3.47 elbow_flex.pos=+23.42 wrist_flex.pos=+65.50 wrist_roll.pos=+13.77 gripper.pos=+37.89
DEBUG 2026-08-19 06:11:59 [action #48] t=3.25s step=753 queue=23 dmax=0.714 | shoulder_pan.pos=-16.73 shoulder_lift.pos=+3.90 elbow_flex.pos=+23.51 wrist_flex.pos=+65.29 wrist_roll.pos=+13.92 gripper.pos=+37.17
DEBUG 2026-08-19 06:11:59 [action #49] t=3.28s step=754 queue=22 dmax=1.144 | shoulder_pan.pos=-16.51 shoulder_lift.pos=+4.05 elbow_flex.pos=+23.02 wrist_flex.pos=+65.26 wrist_roll.pos=+13.82 gripper.pos=+36.03
DEBUG 2026-08-19 06:11:59 [action #50] t=3.31s step=755 queue=21 dmax=1.375 | shoulder_pan.pos=-16.31 shoulder_lift.pos=+4.37 elbow_flex.pos=+22.94 wrist_flex.pos=+64.94 wrist_roll.pos=+13.82 gripper.pos=+34.65
DEBUG 2026-08-19 06:11:59 [action #51] t=3.35s step=756 queue=20 dmax=1.424 | shoulder_pan.pos=-16.16 shoulder_lift.pos=+4.26 elbow_flex.pos=+23.44 wrist_flex.pos=+65.00 wrist_roll.pos=+13.87 gripper.pos=+33.23
DEBUG 2026-08-19 06:11:59 [action #52] t=3.38s step=757 queue=19 dmax=1.507 | shoulder_pan.pos=-16.10 shoulder_lift.pos=+5.33 elbow_flex.pos=+23.24 wrist_flex.pos=+64.74 wrist_roll.pos=+13.75 gripper.pos=+31.72
DEBUG 2026-08-19 06:11:59 [action #53] t=3.41s step=758 queue=18 dmax=1.845 | shoulder_pan.pos=-16.00 shoulder_lift.pos=+5.11 elbow_flex.pos=+23.45 wrist_flex.pos=+64.72 wrist_roll.pos=+13.91 gripper.pos=+29.88
DEBUG 2026-08-19 06:11:59 [action #54] t=3.45s step=759 queue=17 dmax=2.080 | shoulder_pan.pos=-15.77 shoulder_lift.pos=+5.14 elbow_flex.pos=+23.35 wrist_flex.pos=+64.78 wrist_roll.pos=+13.88 gripper.pos=+27.80
DEBUG 2026-08-19 06:11:59 [action #55] t=3.48s step=760 queue=16 dmax=2.391 | shoulder_pan.pos=-15.70 shoulder_lift.pos=+5.12 elbow_flex.pos=+23.15 wrist_flex.pos=+64.38 wrist_roll.pos=+13.85 gripper.pos=+25.41
DEBUG 2026-08-19 06:11:59 [action #56] t=3.51s step=761 queue=15 dmax=2.365 | shoulder_pan.pos=-15.44 shoulder_lift.pos=+4.44 elbow_flex.pos=+24.28 wrist_flex.pos=+64.20 wrist_roll.pos=+13.87 gripper.pos=+23.04
DEBUG 2026-08-19 06:11:59 [action #57] t=3.55s step=762 queue=14 dmax=2.192 | shoulder_pan.pos=-15.59 shoulder_lift.pos=+4.09 elbow_flex.pos=+24.13 wrist_flex.pos=+64.09 wrist_roll.pos=+13.86 gripper.pos=+20.85
DEBUG 2026-08-19 06:11:59 [action #58] t=3.58s step=763 queue=13 dmax=1.727 | shoulder_pan.pos=-15.32 shoulder_lift.pos=+4.79 elbow_flex.pos=+25.02 wrist_flex.pos=+64.08 wrist_roll.pos=+13.87 gripper.pos=+19.12
DEBUG 2026-08-19 06:11:59 [action #59] t=3.61s step=764 queue=12 dmax=1.316 | shoulder_pan.pos=-15.53 shoulder_lift.pos=+4.24 elbow_flex.pos=+24.25 wrist_flex.pos=+64.00 wrist_roll.pos=+13.66 gripper.pos=+17.80
DEBUG 2026-08-19 06:11:59 [action #60] t=3.65s step=765 queue=11 dmax=0.972 | shoulder_pan.pos=-15.51 shoulder_lift.pos=+4.37 elbow_flex.pos=+24.49 wrist_flex.pos=+63.82 wrist_roll.pos=+13.73 gripper.pos=+16.83
DEBUG 2026-08-19 06:11:59 [action #61] t=3.68s step=766 queue=10 dmax=0.694 | shoulder_pan.pos=-15.67 shoulder_lift.pos=+4.49 elbow_flex.pos=+24.85 wrist_flex.pos=+63.68 wrist_roll.pos=+13.65 gripper.pos=+16.14
DEBUG 2026-08-19 06:11:59 [action #62] t=3.71s step=767 queue=9 dmax=1.098 | shoulder_pan.pos=-15.56 shoulder_lift.pos=+4.03 elbow_flex.pos=+25.19 wrist_flex.pos=+63.66 wrist_roll.pos=+13.46 gripper.pos=+15.04
DEBUG 2026-08-19 06:11:59 [action #63] t=3.75s step=768 queue=8 dmax=0.847 | shoulder_pan.pos=-15.47 shoulder_lift.pos=+4.32 elbow_flex.pos=+24.66 wrist_flex.pos=+63.49 wrist_roll.pos=+13.45 gripper.pos=+14.19
DEBUG 2026-08-19 06:12:00 [action #64] t=3.78s step=769 queue=7 dmax=1.011 | shoulder_pan.pos=-15.75 shoulder_lift.pos=+4.31 elbow_flex.pos=+24.77 wrist_flex.pos=+63.48 wrist_roll.pos=+13.30 gripper.pos=+13.18
DEBUG 2026-08-19 06:12:00 [action #65] t=3.81s step=770 queue=6 dmax=1.065 | shoulder_pan.pos=-15.59 shoulder_lift.pos=+3.84 elbow_flex.pos=+24.59 wrist_flex.pos=+63.28 wrist_roll.pos=+13.14 gripper.pos=+12.12
DEBUG 2026-08-19 06:12:00 [action #66] t=3.85s step=771 queue=5 dmax=0.726 | shoulder_pan.pos=-15.72 shoulder_lift.pos=+3.39 elbow_flex.pos=+24.71 wrist_flex.pos=+63.17 wrist_roll.pos=+12.95 gripper.pos=+11.39
DEBUG 2026-08-19 06:12:00 [action #67] t=3.88s step=772 queue=4 dmax=0.683 | shoulder_pan.pos=-15.78 shoulder_lift.pos=+3.46 elbow_flex.pos=+24.42 wrist_flex.pos=+63.15 wrist_roll.pos=+12.79 gripper.pos=+10.71
DEBUG 2026-08-19 06:12:00 [action #68] t=3.91s step=773 queue=3 dmax=0.335 | shoulder_pan.pos=-15.56 shoulder_lift.pos=+3.31 elbow_flex.pos=+24.37 wrist_flex.pos=+63.38 wrist_roll.pos=+12.45 gripper.pos=+10.39
DEBUG 2026-08-19 06:12:00 [action #69] t=3.95s step=774 queue=2 dmax=0.565 | shoulder_pan.pos=-15.78 shoulder_lift.pos=+2.74 elbow_flex.pos=+23.88 wrist_flex.pos=+63.45 wrist_roll.pos=+12.31 gripper.pos=+9.93
DEBUG 2026-08-19 06:12:00 [chunk] received 50 actions, timesteps 747..796 | first: shoulder_pan.pos=-18.34 shoulder_lift.pos=-2.29 elbow_flex.pos=+26.92 wrist_flex.pos=+63.52 wrist_roll.pos=+14.62 gripper.pos=+39.20 | last: shoulder_pan.pos=-16.59 shoulder_lift.pos=-5.11 elbow_flex.pos=+16.06 wrist_flex.pos=+70.47 wrist_roll.pos=+6.45 gripper.pos=+8.54
DEBUG 2026-08-19 06:12:00 [action #70] t=3.98s step=775 queue=22 dmax=4.345 | shoulder_pan.pos=-16.84 shoulder_lift.pos=+7.09 elbow_flex.pos=+23.27 wrist_flex.pos=+63.04 wrist_roll.pos=+13.73 gripper.pos=+11.26
DEBUG 2026-08-19 06:12:00 [action #71] t=4.02s step=776 queue=21 dmax=1.454 | shoulder_pan.pos=-17.32 shoulder_lift.pos=+7.76 elbow_flex.pos=+21.81 wrist_flex.pos=+62.51 wrist_roll.pos=+14.33 gripper.pos=+11.34
DEBUG 2026-08-19 06:12:00 [action #72] t=4.05s step=777 queue=20 dmax=0.938 | shoulder_pan.pos=-17.27 shoulder_lift.pos=+8.22 elbow_flex.pos=+21.00 wrist_flex.pos=+62.77 wrist_roll.pos=+13.83 gripper.pos=+10.40
DEBUG 2026-08-19 06:12:00 [action #73] t=4.08s step=778 queue=19 dmax=0.608 | shoulder_pan.pos=-17.47 shoulder_lift.pos=+7.62 elbow_flex.pos=+21.49 wrist_flex.pos=+62.53 wrist_roll.pos=+13.83 gripper.pos=+10.36
DEBUG 2026-08-19 06:12:00 [action #74] t=4.12s step=779 queue=18 dmax=0.558 | shoulder_pan.pos=-17.36 shoulder_lift.pos=+8.12 elbow_flex.pos=+20.93 wrist_flex.pos=+62.79 wrist_roll.pos=+13.68 gripper.pos=+10.23
DEBUG 2026-08-19 06:12:00 [action #75] t=4.15s step=780 queue=17 dmax=0.442 | shoulder_pan.pos=-17.21 shoulder_lift.pos=+7.88 elbow_flex.pos=+20.49 wrist_flex.pos=+62.49 wrist_roll.pos=+13.63 gripper.pos=+10.25
DEBUG 2026-08-19 06:12:00 [action #76] t=4.18s step=781 queue=16 dmax=0.387 | shoulder_pan.pos=-17.35 shoulder_lift.pos=+7.97 elbow_flex.pos=+20.64 wrist_flex.pos=+62.64 wrist_roll.pos=+13.26 gripper.pos=+9.86
DEBUG 2026-08-19 06:12:00 [action #77] t=4.22s step=782 queue=15 dmax=1.035 | shoulder_pan.pos=-17.48 shoulder_lift.pos=+6.94 elbow_flex.pos=+20.63 wrist_flex.pos=+62.87 wrist_roll.pos=+13.25 gripper.pos=+9.80
DEBUG 2026-08-19 06:12:00 [action #78] t=4.25s step=783 queue=14 dmax=0.929 | shoulder_pan.pos=-17.65 shoulder_lift.pos=+6.01 elbow_flex.pos=+20.42 wrist_flex.pos=+63.06 wrist_roll.pos=+13.08 gripper.pos=+9.41
DEBUG 2026-08-19 06:12:00 [action #79] t=4.28s step=784 queue=13 dmax=0.799 | shoulder_pan.pos=-17.53 shoulder_lift.pos=+5.34 elbow_flex.pos=+19.62 wrist_flex.pos=+63.39 wrist_roll.pos=+13.04 gripper.pos=+9.24
DEBUG 2026-08-19 06:12:00 [action #80] t=4.32s step=785 queue=12 dmax=0.622 | shoulder_pan.pos=-17.12 shoulder_lift.pos=+5.33 elbow_flex.pos=+19.58 wrist_flex.pos=+63.99 wrist_roll.pos=+12.42 gripper.pos=+9.33
DEBUG 2026-08-19 06:12:00 [action #81] t=4.35s step=786 queue=11 dmax=0.810 | shoulder_pan.pos=-17.31 shoulder_lift.pos=+4.52 elbow_flex.pos=+18.78 wrist_flex.pos=+64.35 wrist_roll.pos=+12.25 gripper.pos=+8.99
DEBUG 2026-08-19 06:12:00 [action #82] t=4.38s step=787 queue=10 dmax=1.277 | shoulder_pan.pos=-17.19 shoulder_lift.pos=+3.25 elbow_flex.pos=+18.38 wrist_flex.pos=+64.68 wrist_roll.pos=+11.66 gripper.pos=+8.92
DEBUG 2026-08-19 06:12:00 [action #83] t=4.42s step=788 queue=9 dmax=1.221 | shoulder_pan.pos=-17.09 shoulder_lift.pos=+2.62 elbow_flex.pos=+17.15 wrist_flex.pos=+65.32 wrist_roll.pos=+11.20 gripper.pos=+8.91
DEBUG 2026-08-19 06:12:00 [action #84] t=4.45s step=789 queue=8 dmax=0.621 | shoulder_pan.pos=-16.79 shoulder_lift.pos=+2.58 elbow_flex.pos=+17.30 wrist_flex.pos=+65.79 wrist_roll.pos=+10.58 gripper.pos=+8.51
DEBUG 2026-08-19 06:12:00 [action #85] t=4.48s step=790 queue=7 dmax=0.842 | shoulder_pan.pos=-16.91 shoulder_lift.pos=+2.46 elbow_flex.pos=+16.62 wrist_flex.pos=+66.63 wrist_roll.pos=+10.27 gripper.pos=+8.42
DEBUG 2026-08-19 06:12:00 [action #86] t=4.52s step=791 queue=6 dmax=1.373 | shoulder_pan.pos=-16.95 shoulder_lift.pos=+1.09 elbow_flex.pos=+15.85 wrist_flex.pos=+66.87 wrist_roll.pos=+9.67 gripper.pos=+8.40
DEBUG 2026-08-19 06:12:00 [action #87] t=4.55s step=792 queue=5 dmax=1.491 | shoulder_pan.pos=-16.88 shoulder_lift.pos=-0.41 elbow_flex.pos=+15.71 wrist_flex.pos=+67.70 wrist_roll.pos=+9.03 gripper.pos=+8.51
DEBUG 2026-08-19 06:12:00 [action #88] t=4.58s step=793 queue=4 dmax=1.345 | shoulder_pan.pos=-17.18 shoulder_lift.pos=-1.75 elbow_flex.pos=+15.62 wrist_flex.pos=+68.18 wrist_roll.pos=+8.19 gripper.pos=+8.31
DEBUG 2026-08-19 06:12:00 [action #89] t=4.62s step=794 queue=3 dmax=1.306 | shoulder_pan.pos=-16.72 shoulder_lift.pos=-2.43 elbow_flex.pos=+15.62 wrist_flex.pos=+69.48 wrist_roll.pos=+7.59 gripper.pos=+8.54
DEBUG 2026-08-19 06:12:00 [action #90] t=4.65s step=795 queue=2 dmax=1.150 | shoulder_pan.pos=-17.27 shoulder_lift.pos=-3.58 elbow_flex.pos=+15.75 wrist_flex.pos=+69.81 wrist_roll.pos=+6.79 gripper.pos=+8.44
DEBUG 2026-08-19 06:12:00 [action #91] t=4.68s step=796 queue=1 dmax=1.529 | shoulder_pan.pos=-16.59 shoulder_lift.pos=-5.11 elbow_flex.pos=+16.06 wrist_flex.pos=+70.47 wrist_roll.pos=+6.45 gripper.pos=+8.54
DEBUG 2026-08-19 06:12:01 [chunk] received 50 actions, timesteps 774..823 | first: shoulder_pan.pos=-15.00 shoulder_lift.pos=+3.87 elbow_flex.pos=+21.63 wrist_flex.pos=+62.34 wrist_roll.pos=+12.82 gripper.pos=+16.54 | last: shoulder_pan.pos=-1.26 shoulder_lift.pos=-23.97 elbow_flex.pos=+10.07 wrist_flex.pos=+77.14 wrist_roll.pos=+3.70 gripper.pos=+5.07
DEBUG 2026-08-19 06:12:01 [action #92] t=4.89s step=797 queue=27 dmax=12.046 | shoulder_pan.pos=-11.73 shoulder_lift.pos=+6.94 elbow_flex.pos=+19.07 wrist_flex.pos=+62.38 wrist_roll.pos=+9.24 gripper.pos=+5.04
DEBUG 2026-08-19 06:12:01 [action #93] t=4.92s step=798 queue=26 dmax=0.551 | shoulder_pan.pos=-12.22 shoulder_lift.pos=+6.94 elbow_flex.pos=+18.52 wrist_flex.pos=+62.51 wrist_roll.pos=+8.85 gripper.pos=+5.28
DEBUG 2026-08-19 06:12:01 [action #94] t=4.95s step=799 queue=25 dmax=0.655 | shoulder_pan.pos=-11.91 shoulder_lift.pos=+6.45 elbow_flex.pos=+19.18 wrist_flex.pos=+63.06 wrist_roll.pos=+8.52 gripper.pos=+5.22
DEBUG 2026-08-19 06:12:01 [action #95] t=4.99s step=800 queue=24 dmax=0.758 | shoulder_pan.pos=-11.65 shoulder_lift.pos=+5.97 elbow_flex.pos=+18.42 wrist_flex.pos=+63.75 wrist_roll.pos=+8.26 gripper.pos=+5.45
DEBUG 2026-08-19 06:12:01 [action #96] t=5.02s step=801 queue=23 dmax=0.786 | shoulder_pan.pos=-11.98 shoulder_lift.pos=+5.22 elbow_flex.pos=+18.26 wrist_flex.pos=+64.54 wrist_roll.pos=+7.94 gripper.pos=+5.44
DEBUG 2026-08-19 06:12:01 [action #97] t=5.05s step=802 queue=22 dmax=1.301 | shoulder_pan.pos=-11.68 shoulder_lift.pos=+3.92 elbow_flex.pos=+17.86 wrist_flex.pos=+65.44 wrist_roll.pos=+7.63 gripper.pos=+5.30
DEBUG 2026-08-19 06:12:01 [action #98] t=5.09s step=803 queue=21 dmax=1.674 | shoulder_pan.pos=-11.40 shoulder_lift.pos=+2.25 elbow_flex.pos=+17.21 wrist_flex.pos=+66.00 wrist_roll.pos=+7.46 gripper.pos=+5.44
DEBUG 2026-08-19 06:12:01 [action #99] t=5.12s step=804 queue=20 dmax=1.037 | shoulder_pan.pos=-11.41 shoulder_lift.pos=+2.02 elbow_flex.pos=+16.87 wrist_flex.pos=+67.04 wrist_roll.pos=+6.93 gripper.pos=+5.53
DEBUG 2026-08-19 06:12:01 [action #100] t=5.15s step=805 queue=19 dmax=2.691 | shoulder_pan.pos=-11.42 shoulder_lift.pos=-0.67 elbow_flex.pos=+16.63 wrist_flex.pos=+68.11 wrist_roll.pos=+6.64 gripper.pos=+5.60
DEBUG 2026-08-19 06:12:01 [action #101] t=5.19s step=806 queue=18 dmax=2.002 | shoulder_pan.pos=-11.11 shoulder_lift.pos=-2.68 elbow_flex.pos=+15.85 wrist_flex.pos=+69.38 wrist_roll.pos=+6.44 gripper.pos=+5.68
DEBUG 2026-08-19 06:12:01 [action #102] t=5.22s step=807 queue=17 dmax=1.388 | shoulder_pan.pos=-11.01 shoulder_lift.pos=-4.06 elbow_flex.pos=+15.43 wrist_flex.pos=+70.46 wrist_roll.pos=+5.91 gripper.pos=+5.75
DEBUG 2026-08-19 06:12:01 [action #103] t=5.25s step=808 queue=16 dmax=1.773 | shoulder_pan.pos=-10.52 shoulder_lift.pos=-5.34 elbow_flex.pos=+13.66 wrist_flex.pos=+71.51 wrist_roll.pos=+5.52 gripper.pos=+5.79
DEBUG 2026-08-19 06:12:01 [action #104] t=5.29s step=809 queue=15 dmax=2.476 | shoulder_pan.pos=-10.16 shoulder_lift.pos=-7.81 elbow_flex.pos=+13.74 wrist_flex.pos=+72.42 wrist_roll.pos=+5.06 gripper.pos=+5.51
DEBUG 2026-08-19 06:12:01 [action #105] t=5.32s step=810 queue=14 dmax=1.761 | shoulder_pan.pos=-9.93 shoulder_lift.pos=-9.58 elbow_flex.pos=+13.03 wrist_flex.pos=+73.28 wrist_roll.pos=+4.78 gripper.pos=+5.60
DEBUG 2026-08-19 06:12:01 [action #106] t=5.35s step=811 queue=13 dmax=1.752 | shoulder_pan.pos=-9.74 shoulder_lift.pos=-11.33 elbow_flex.pos=+12.99 wrist_flex.pos=+73.97 wrist_roll.pos=+4.52 gripper.pos=+5.38
DEBUG 2026-08-19 06:12:01 [action #107] t=5.39s step=812 queue=12 dmax=2.106 | shoulder_pan.pos=-9.50 shoulder_lift.pos=-13.43 elbow_flex.pos=+12.32 wrist_flex.pos=+74.64 wrist_roll.pos=+4.54 gripper.pos=+5.36
DEBUG 2026-08-19 06:12:01 [action #108] t=5.42s step=813 queue=11 dmax=1.352 | shoulder_pan.pos=-8.89 shoulder_lift.pos=-14.79 elbow_flex.pos=+11.91 wrist_flex.pos=+75.24 wrist_roll.pos=+4.42 gripper.pos=+5.40
DEBUG 2026-08-19 06:12:01 [action #109] t=5.45s step=814 queue=10 dmax=1.837 | shoulder_pan.pos=-8.96 shoulder_lift.pos=-16.62 elbow_flex.pos=+12.36 wrist_flex.pos=+75.79 wrist_roll.pos=+4.38 gripper.pos=+5.41
DEBUG 2026-08-19 06:12:01 [action #110] t=5.49s step=815 queue=9 dmax=1.173 | shoulder_pan.pos=-8.10 shoulder_lift.pos=-17.25 elbow_flex.pos=+11.19 wrist_flex.pos=+76.38 wrist_roll.pos=+4.33 gripper.pos=+5.46
DEBUG 2026-08-19 06:12:01 [action #111] t=5.52s step=816 queue=8 dmax=2.043 | shoulder_pan.pos=-7.34 shoulder_lift.pos=-19.30 elbow_flex.pos=+11.61 wrist_flex.pos=+76.71 wrist_roll.pos=+4.20 gripper.pos=+5.21
DEBUG 2026-08-19 06:12:01 [action #112] t=5.55s step=817 queue=7 dmax=1.016 | shoulder_pan.pos=-6.43 shoulder_lift.pos=-20.31 elbow_flex.pos=+11.49 wrist_flex.pos=+76.90 wrist_roll.pos=+4.00 gripper.pos=+5.27
DEBUG 2026-08-19 06:12:01 [action #113] t=5.59s step=818 queue=6 dmax=1.076 | shoulder_pan.pos=-5.36 shoulder_lift.pos=-20.48 elbow_flex.pos=+10.67 wrist_flex.pos=+76.95 wrist_roll.pos=+3.83 gripper.pos=+5.27
DEBUG 2026-08-19 06:12:01 [action #114] t=5.62s step=819 queue=5 dmax=0.663 | shoulder_pan.pos=-4.84 shoulder_lift.pos=-21.14 elbow_flex.pos=+10.01 wrist_flex.pos=+77.10 wrist_roll.pos=+3.71 gripper.pos=+5.21
DEBUG 2026-08-19 06:12:01 [action #115] t=5.65s step=820 queue=4 dmax=1.259 | shoulder_pan.pos=-3.81 shoulder_lift.pos=-22.39 elbow_flex.pos=+9.50 wrist_flex.pos=+77.42 wrist_roll.pos=+3.65 gripper.pos=+5.17
DEBUG 2026-08-19 06:12:01 [action #116] t=5.69s step=821 queue=3 dmax=0.891 | shoulder_pan.pos=-2.92 shoulder_lift.pos=-22.22 elbow_flex.pos=+9.91 wrist_flex.pos=+77.68 wrist_roll.pos=+3.69 gripper.pos=+5.01
DEBUG 2026-08-19 06:12:01 [action #117] t=5.72s step=822 queue=2 dmax=0.960 | shoulder_pan.pos=-1.96 shoulder_lift.pos=-23.17 elbow_flex.pos=+9.09 wrist_flex.pos=+77.49 wrist_roll.pos=+3.62 gripper.pos=+5.10
DEBUG 2026-08-19 06:12:01 [chunk] received 50 actions, timesteps 796..845 | first: shoulder_pan.pos=-16.37 shoulder_lift.pos=+0.21 elbow_flex.pos=+17.03 wrist_flex.pos=+69.30 wrist_roll.pos=+5.80 gripper.pos=+7.61 | last: shoulder_pan.pos=+21.22 shoulder_lift.pos=-18.70 elbow_flex.pos=+5.94 wrist_flex.pos=+74.39 wrist_roll.pos=+1.09 gripper.pos=+6.85
DEBUG 2026-08-19 06:12:01 [action #118] t=5.76s step=823 queue=23 dmax=4.544 | shoulder_pan.pos=-6.51 shoulder_lift.pos=-23.97 elbow_flex.pos=+11.86 wrist_flex.pos=+78.84 wrist_roll.pos=+1.93 gripper.pos=+5.80
DEBUG 2026-08-19 06:12:02 [action #119] t=5.79s step=824 queue=22 dmax=0.864 | shoulder_pan.pos=-7.04 shoulder_lift.pos=-24.83 elbow_flex.pos=+12.07 wrist_flex.pos=+79.43 wrist_roll.pos=+1.18 gripper.pos=+6.34
DEBUG 2026-08-19 06:12:02 [action #120] t=5.82s step=825 queue=21 dmax=0.538 | shoulder_pan.pos=-6.62 shoulder_lift.pos=-25.31 elbow_flex.pos=+11.53 wrist_flex.pos=+79.84 wrist_roll.pos=+1.34 gripper.pos=+6.32
DEBUG 2026-08-19 06:12:02 [action #121] t=5.86s step=826 queue=20 dmax=1.475 | shoulder_pan.pos=-5.15 shoulder_lift.pos=-25.95 elbow_flex.pos=+12.61 wrist_flex.pos=+79.95 wrist_roll.pos=+1.27 gripper.pos=+6.45
DEBUG 2026-08-19 06:12:02 [action #122] t=5.89s step=827 queue=19 dmax=1.547 | shoulder_pan.pos=-3.60 shoulder_lift.pos=-26.66 elbow_flex.pos=+11.87 wrist_flex.pos=+79.84 wrist_roll.pos=+1.29 gripper.pos=+6.43
DEBUG 2026-08-19 06:12:02 [action #123] t=5.92s step=828 queue=18 dmax=1.696 | shoulder_pan.pos=-1.90 shoulder_lift.pos=-27.23 elbow_flex.pos=+11.47 wrist_flex.pos=+79.75 wrist_roll.pos=+1.41 gripper.pos=+6.56
DEBUG 2026-08-19 06:12:02 [action #124] t=5.96s step=829 queue=17 dmax=1.103 | shoulder_pan.pos=-0.80 shoulder_lift.pos=-26.69 elbow_flex.pos=+11.19 wrist_flex.pos=+79.63 wrist_roll.pos=+1.63 gripper.pos=+6.51
DEBUG 2026-08-19 06:12:02 [action #125] t=5.99s step=830 queue=16 dmax=1.793 | shoulder_pan.pos=+0.99 shoulder_lift.pos=-27.01 elbow_flex.pos=+11.77 wrist_flex.pos=+79.67 wrist_roll.pos=+1.61 gripper.pos=+6.38
DEBUG 2026-08-19 06:12:02 [action #126] t=6.02s step=831 queue=15 dmax=1.942 | shoulder_pan.pos=+2.94 shoulder_lift.pos=-26.95 elbow_flex.pos=+10.31 wrist_flex.pos=+79.72 wrist_roll.pos=+1.67 gripper.pos=+6.66
DEBUG 2026-08-19 06:12:02 [action #127] t=6.06s step=832 queue=14 dmax=1.212 | shoulder_pan.pos=+4.15 shoulder_lift.pos=-26.45 elbow_flex.pos=+11.42 wrist_flex.pos=+79.73 wrist_roll.pos=+1.54 gripper.pos=+6.67
DEBUG 2026-08-19 06:12:02 [action #128] t=6.09s step=833 queue=13 dmax=1.920 | shoulder_pan.pos=+6.07 shoulder_lift.pos=-25.97 elbow_flex.pos=+9.78 wrist_flex.pos=+79.39 wrist_roll.pos=+1.48 gripper.pos=+6.80
DEBUG 2026-08-19 06:12:02 [action #129] t=6.12s step=834 queue=12 dmax=1.649 | shoulder_pan.pos=+7.72 shoulder_lift.pos=-26.04 elbow_flex.pos=+9.95 wrist_flex.pos=+79.06 wrist_roll.pos=+1.47 gripper.pos=+6.63
DEBUG 2026-08-19 06:12:02 [action #130] t=6.16s step=835 queue=11 dmax=1.521 | shoulder_pan.pos=+9.24 shoulder_lift.pos=-26.03 elbow_flex.pos=+9.16 wrist_flex.pos=+79.06 wrist_roll.pos=+1.39 gripper.pos=+6.70
DEBUG 2026-08-19 06:12:02 [action #131] t=6.19s step=836 queue=10 dmax=1.714 | shoulder_pan.pos=+10.95 shoulder_lift.pos=-25.37 elbow_flex.pos=+8.45 wrist_flex.pos=+78.68 wrist_roll.pos=+1.36 gripper.pos=+6.72
DEBUG 2026-08-19 06:12:02 [action #132] t=6.22s step=837 queue=9 dmax=1.478 | shoulder_pan.pos=+12.43 shoulder_lift.pos=-25.09 elbow_flex.pos=+8.07 wrist_flex.pos=+78.46 wrist_roll.pos=+1.33 gripper.pos=+6.71
DEBUG 2026-08-19 06:12:02 [action #133] t=6.26s step=838 queue=8 dmax=1.253 | shoulder_pan.pos=+13.68 shoulder_lift.pos=-24.58 elbow_flex.pos=+7.92 wrist_flex.pos=+78.15 wrist_roll.pos=+1.38 gripper.pos=+6.87
DEBUG 2026-08-19 06:12:02 [action #134] t=6.29s step=839 queue=7 dmax=1.362 | shoulder_pan.pos=+15.04 shoulder_lift.pos=-24.66 elbow_flex.pos=+7.96 wrist_flex.pos=+77.72 wrist_roll.pos=+1.37 gripper.pos=+6.79
DEBUG 2026-08-19 06:12:02 [action #135] t=6.32s step=840 queue=6 dmax=1.064 | shoulder_pan.pos=+16.11 shoulder_lift.pos=-23.63 elbow_flex.pos=+7.20 wrist_flex.pos=+77.03 wrist_roll.pos=+1.39 gripper.pos=+6.87
DEBUG 2026-08-19 06:12:02 [action #136] t=6.36s step=841 queue=5 dmax=1.351 | shoulder_pan.pos=+17.46 shoulder_lift.pos=-23.25 elbow_flex.pos=+6.78 wrist_flex.pos=+76.52 wrist_roll.pos=+1.39 gripper.pos=+6.84
DEBUG 2026-08-19 06:12:02 [action #137] t=6.39s step=842 queue=4 dmax=0.917 | shoulder_pan.pos=+18.38 shoulder_lift.pos=-22.41 elbow_flex.pos=+7.23 wrist_flex.pos=+75.91 wrist_roll.pos=+1.33 gripper.pos=+6.88
DEBUG 2026-08-19 06:12:02 [action #138] t=6.42s step=843 queue=3 dmax=0.947 | shoulder_pan.pos=+19.32 shoulder_lift.pos=-21.80 elbow_flex.pos=+6.91 wrist_flex.pos=+75.36 wrist_roll.pos=+1.34 gripper.pos=+7.01
DEBUG 2026-08-19 06:12:02 [action #139] t=6.46s step=844 queue=2 dmax=1.371 | shoulder_pan.pos=+20.00 shoulder_lift.pos=-20.42 elbow_flex.pos=+6.34 wrist_flex.pos=+74.82 wrist_roll.pos=+1.40 gripper.pos=+6.83
DEBUG 2026-08-19 06:12:02 [action #140] t=6.49s step=845 queue=1 dmax=1.723 | shoulder_pan.pos=+21.22 shoulder_lift.pos=-18.70 elbow_flex.pos=+5.94 wrist_flex.pos=+74.39 wrist_roll.pos=+1.09 gripper.pos=+6.85
DEBUG 2026-08-19 06:12:02 [chunk] received 50 actions, timesteps 821..870 | first: shoulder_pan.pos=-5.97 shoulder_lift.pos=-26.72 elbow_flex.pos=+15.19 wrist_flex.pos=+78.03 wrist_roll.pos=+2.67 gripper.pos=+5.42 | last: shoulder_pan.pos=+33.88 shoulder_lift.pos=+5.34 elbow_flex.pos=-14.09 wrist_flex.pos=+73.11 wrist_roll.pos=+4.54 gripper.pos=+5.22
DEBUG 2026-08-19 06:12:02 [action #141] t=6.66s step=846 queue=25 dmax=11.320 | shoulder_pan.pos=+18.19 shoulder_lift.pos=-30.02 elbow_flex.pos=+11.77 wrist_flex.pos=+76.45 wrist_roll.pos=+4.07 gripper.pos=+5.07
DEBUG 2026-08-19 06:12:02 [action #142] t=6.69s step=847 queue=24 dmax=1.315 | shoulder_pan.pos=+18.73 shoulder_lift.pos=-28.99 elbow_flex.pos=+10.45 wrist_flex.pos=+76.26 wrist_roll.pos=+4.17 gripper.pos=+5.09
DEBUG 2026-08-19 06:12:02 [action #143] t=6.73s step=848 queue=23 dmax=1.102 | shoulder_pan.pos=+19.62 shoulder_lift.pos=-27.88 elbow_flex.pos=+9.68 wrist_flex.pos=+76.23 wrist_roll.pos=+4.10 gripper.pos=+5.09
DEBUG 2026-08-19 06:12:02 [action #144] t=6.76s step=849 queue=22 dmax=1.299 | shoulder_pan.pos=+20.52 shoulder_lift.pos=-26.93 elbow_flex.pos=+8.38 wrist_flex.pos=+75.94 wrist_roll.pos=+4.24 gripper.pos=+5.26
DEBUG 2026-08-19 06:12:03 [action #145] t=6.79s step=850 queue=21 dmax=2.054 | shoulder_pan.pos=+21.22 shoulder_lift.pos=-24.88 elbow_flex.pos=+7.22 wrist_flex.pos=+76.29 wrist_roll.pos=+4.22 gripper.pos=+5.02
DEBUG 2026-08-19 06:12:03 [action #146] t=6.83s step=851 queue=20 dmax=1.022 | shoulder_pan.pos=+21.97 shoulder_lift.pos=-23.86 elbow_flex.pos=+6.53 wrist_flex.pos=+76.06 wrist_roll.pos=+4.21 gripper.pos=+5.04
DEBUG 2026-08-19 06:12:03 [action #147] t=6.86s step=852 queue=19 dmax=1.989 | shoulder_pan.pos=+22.71 shoulder_lift.pos=-21.87 elbow_flex.pos=+4.88 wrist_flex.pos=+75.93 wrist_roll.pos=+4.27 gripper.pos=+5.09
DEBUG 2026-08-19 06:12:03 [action #148] t=6.89s step=853 queue=18 dmax=1.392 | shoulder_pan.pos=+23.54 shoulder_lift.pos=-20.48 elbow_flex.pos=+4.00 wrist_flex.pos=+75.60 wrist_roll.pos=+4.26 gripper.pos=+5.12
DEBUG 2026-08-19 06:12:03 [action #149] t=6.93s step=854 queue=17 dmax=2.003 | shoulder_pan.pos=+24.68 shoulder_lift.pos=-18.47 elbow_flex.pos=+2.92 wrist_flex.pos=+75.46 wrist_roll.pos=+4.28 gripper.pos=+4.93
DEBUG 2026-08-19 06:12:03 [action #150] t=6.96s step=855 queue=16 dmax=1.516 | shoulder_pan.pos=+25.27 shoulder_lift.pos=-17.41 elbow_flex.pos=+1.41 wrist_flex.pos=+75.34 wrist_roll.pos=+4.24 gripper.pos=+5.08
DEBUG 2026-08-19 06:12:03 [action #151] t=6.99s step=856 queue=15 dmax=2.003 | shoulder_pan.pos=+26.41 shoulder_lift.pos=-15.41 elbow_flex.pos=+0.31 wrist_flex.pos=+74.66 wrist_roll.pos=+4.35 gripper.pos=+5.10
DEBUG 2026-08-19 06:12:03 [action #152] t=7.03s step=857 queue=14 dmax=1.384 | shoulder_pan.pos=+27.02 shoulder_lift.pos=-14.04 elbow_flex.pos=-1.08 wrist_flex.pos=+74.44 wrist_roll.pos=+4.28 gripper.pos=+5.02
DEBUG 2026-08-19 06:12:03 [action #153] t=7.06s step=858 queue=13 dmax=1.048 | shoulder_pan.pos=+27.71 shoulder_lift.pos=-12.99 elbow_flex.pos=-1.50 wrist_flex.pos=+74.18 wrist_roll.pos=+4.15 gripper.pos=+5.08
DEBUG 2026-08-19 06:12:03 [action #154] t=7.09s step=859 queue=12 dmax=1.633 | shoulder_pan.pos=+28.34 shoulder_lift.pos=-11.36 elbow_flex.pos=-2.80 wrist_flex.pos=+73.88 wrist_roll.pos=+4.34 gripper.pos=+5.13
DEBUG 2026-08-19 06:12:03 [action #155] t=7.13s step=860 queue=11 dmax=1.275 | shoulder_pan.pos=+29.19 shoulder_lift.pos=-10.08 elbow_flex.pos=-3.93 wrist_flex.pos=+73.58 wrist_roll.pos=+4.40 gripper.pos=+5.06
DEBUG 2026-08-19 06:12:03 [action #156] t=7.16s step=861 queue=10 dmax=1.703 | shoulder_pan.pos=+29.64 shoulder_lift.pos=-8.38 elbow_flex.pos=-4.34 wrist_flex.pos=+73.61 wrist_roll.pos=+4.27 gripper.pos=+5.06
DEBUG 2026-08-19 06:12:03 [action #157] t=7.19s step=862 queue=9 dmax=1.665 | shoulder_pan.pos=+30.23 shoulder_lift.pos=-6.82 elbow_flex.pos=-6.01 wrist_flex.pos=+73.33 wrist_roll.pos=+4.36 gripper.pos=+5.04
DEBUG 2026-08-19 06:12:03 [action #158] t=7.23s step=863 queue=8 dmax=1.326 | shoulder_pan.pos=+30.86 shoulder_lift.pos=-5.49 elbow_flex.pos=-7.18 wrist_flex.pos=+73.41 wrist_roll.pos=+4.42 gripper.pos=+5.00
DEBUG 2026-08-19 06:12:03 [action #159] t=7.26s step=864 queue=7 dmax=1.813 | shoulder_pan.pos=+31.60 shoulder_lift.pos=-3.68 elbow_flex.pos=-7.73 wrist_flex.pos=+73.29 wrist_roll.pos=+4.39 gripper.pos=+5.10
DEBUG 2026-08-19 06:12:03 [action #160] t=7.29s step=865 queue=6 dmax=1.375 | shoulder_pan.pos=+31.99 shoulder_lift.pos=-2.31 elbow_flex.pos=-8.97 wrist_flex.pos=+73.07 wrist_roll.pos=+4.46 gripper.pos=+5.12
DEBUG 2026-08-19 06:12:03 [action #161] t=7.33s step=866 queue=5 dmax=0.958 | shoulder_pan.pos=+32.59 shoulder_lift.pos=-1.35 elbow_flex.pos=-9.61 wrist_flex.pos=+72.95 wrist_roll.pos=+4.44 gripper.pos=+5.33
DEBUG 2026-08-19 06:12:03 [action #162] t=7.36s step=867 queue=4 dmax=1.906 | shoulder_pan.pos=+32.88 shoulder_lift.pos=+0.56 elbow_flex.pos=-10.90 wrist_flex.pos=+73.03 wrist_roll.pos=+4.39 gripper.pos=+5.21
DEBUG 2026-08-19 06:12:03 [action #163] t=7.39s step=868 queue=3 dmax=1.646 | shoulder_pan.pos=+32.88 shoulder_lift.pos=+2.20 elbow_flex.pos=-11.84 wrist_flex.pos=+72.87 wrist_roll.pos=+4.48 gripper.pos=+5.28
DEBUG 2026-08-19 06:12:03 [action #164] t=7.43s step=869 queue=2 dmax=1.599 | shoulder_pan.pos=+33.33 shoulder_lift.pos=+3.80 elbow_flex.pos=-12.50 wrist_flex.pos=+73.01 wrist_roll.pos=+4.43 gripper.pos=+5.24
DEBUG 2026-08-19 06:12:03 [action #165] t=7.46s step=870 queue=1 dmax=1.586 | shoulder_pan.pos=+33.88 shoulder_lift.pos=+5.34 elbow_flex.pos=-14.09 wrist_flex.pos=+73.11 wrist_roll.pos=+4.54 gripper.pos=+5.22
DEBUG 2026-08-19 06:12:03 [chunk] received 50 actions, timesteps 845..894 | first: shoulder_pan.pos=+22.34 shoulder_lift.pos=-14.23 elbow_flex.pos=+3.06 wrist_flex.pos=+72.65 wrist_roll.pos=+1.44 gripper.pos=+4.92 | last: shoulder_pan.pos=+29.80 shoulder_lift.pos=+17.41 elbow_flex.pos=-13.45 wrist_flex.pos=+68.74 wrist_roll.pos=+2.96 gripper.pos=+33.04
DEBUG 2026-08-19 06:12:03 [action #166] t=7.53s step=871 queue=24 dmax=7.734 | shoulder_pan.pos=+29.29 shoulder_lift.pos=+13.07 elbow_flex.pos=-14.04 wrist_flex.pos=+66.91 wrist_roll.pos=+1.49 gripper.pos=+4.79
DEBUG 2026-08-19 06:12:03 [action #167] t=7.56s step=872 queue=23 dmax=0.569 | shoulder_pan.pos=+29.48 shoulder_lift.pos=+13.40 elbow_flex.pos=-14.47 wrist_flex.pos=+66.34 wrist_roll.pos=+1.54 gripper.pos=+4.83
DEBUG 2026-08-19 06:12:03 [action #168] t=7.60s step=873 queue=22 dmax=0.403 | shoulder_pan.pos=+29.54 shoulder_lift.pos=+13.80 elbow_flex.pos=-14.49 wrist_flex.pos=+65.97 wrist_roll.pos=+1.57 gripper.pos=+4.94
DEBUG 2026-08-19 06:12:03 [action #169] t=7.63s step=874 queue=21 dmax=0.947 | shoulder_pan.pos=+29.75 shoulder_lift.pos=+14.75 elbow_flex.pos=-14.60 wrist_flex.pos=+65.57 wrist_roll.pos=+1.54 gripper.pos=+5.05
DEBUG 2026-08-19 06:12:03 [action #170] t=7.66s step=875 queue=20 dmax=0.461 | shoulder_pan.pos=+29.91 shoulder_lift.pos=+14.80 elbow_flex.pos=-15.06 wrist_flex.pos=+65.37 wrist_roll.pos=+1.72 gripper.pos=+5.23
DEBUG 2026-08-19 06:12:03 [action #171] t=7.70s step=876 queue=19 dmax=0.690 | shoulder_pan.pos=+30.18 shoulder_lift.pos=+15.49 elbow_flex.pos=-15.27 wrist_flex.pos=+65.21 wrist_roll.pos=+1.74 gripper.pos=+5.62
DEBUG 2026-08-19 06:12:03 [action #172] t=7.73s step=877 queue=18 dmax=0.387 | shoulder_pan.pos=+30.43 shoulder_lift.pos=+15.59 elbow_flex.pos=-15.44 wrist_flex.pos=+65.35 wrist_roll.pos=+1.63 gripper.pos=+6.01
DEBUG 2026-08-19 06:12:04 [action #173] t=7.76s step=878 queue=17 dmax=1.018 | shoulder_pan.pos=+30.47 shoulder_lift.pos=+16.61 elbow_flex.pos=-15.96 wrist_flex.pos=+65.31 wrist_roll.pos=+1.78 gripper.pos=+6.92
DEBUG 2026-08-19 06:12:04 [action #174] t=7.80s step=879 queue=16 dmax=1.771 | shoulder_pan.pos=+30.28 shoulder_lift.pos=+16.60 elbow_flex.pos=-15.88 wrist_flex.pos=+65.37 wrist_roll.pos=+1.80 gripper.pos=+8.69
DEBUG 2026-08-19 06:12:04 [action #175] t=7.83s step=880 queue=15 dmax=2.164 | shoulder_pan.pos=+30.59 shoulder_lift.pos=+17.12 elbow_flex.pos=-16.20 wrist_flex.pos=+65.72 wrist_roll.pos=+1.87 gripper.pos=+10.85
DEBUG 2026-08-19 06:12:04 [action #176] t=7.86s step=881 queue=14 dmax=3.811 | shoulder_pan.pos=+30.34 shoulder_lift.pos=+17.27 elbow_flex.pos=-16.37 wrist_flex.pos=+65.96 wrist_roll.pos=+2.03 gripper.pos=+14.67
DEBUG 2026-08-19 06:12:04 [action #177] t=7.90s step=882 queue=13 dmax=3.780 | shoulder_pan.pos=+30.30 shoulder_lift.pos=+16.77 elbow_flex.pos=-16.08 wrist_flex.pos=+66.22 wrist_roll.pos=+2.14 gripper.pos=+18.45
DEBUG 2026-08-19 06:12:04 [action #178] t=7.93s step=883 queue=12 dmax=4.038 | shoulder_pan.pos=+30.08 shoulder_lift.pos=+16.63 elbow_flex.pos=-16.24 wrist_flex.pos=+66.39 wrist_roll.pos=+2.29 gripper.pos=+22.48
DEBUG 2026-08-19 06:12:04 [action #179] t=7.96s step=884 queue=11 dmax=3.101 | shoulder_pan.pos=+29.91 shoulder_lift.pos=+16.67 elbow_flex.pos=-15.89 wrist_flex.pos=+66.64 wrist_roll.pos=+2.41 gripper.pos=+25.58
DEBUG 2026-08-19 06:12:04 [action #180] t=8.00s step=885 queue=10 dmax=2.335 | shoulder_pan.pos=+29.88 shoulder_lift.pos=+16.75 elbow_flex.pos=-15.62 wrist_flex.pos=+66.88 wrist_roll.pos=+2.56 gripper.pos=+27.92
DEBUG 2026-08-19 06:12:04 [action #181] t=8.03s step=886 queue=9 dmax=1.357 | shoulder_pan.pos=+30.01 shoulder_lift.pos=+17.03 elbow_flex.pos=-15.69 wrist_flex.pos=+66.98 wrist_roll.pos=+2.57 gripper.pos=+29.28
DEBUG 2026-08-19 06:12:04 [action #182] t=8.06s step=887 queue=8 dmax=0.917 | shoulder_pan.pos=+29.84 shoulder_lift.pos=+17.43 elbow_flex.pos=-15.51 wrist_flex.pos=+67.23 wrist_roll.pos=+2.78 gripper.pos=+30.19
DEBUG 2026-08-19 06:12:04 [action #183] t=8.10s step=888 queue=7 dmax=0.286 | shoulder_pan.pos=+30.00 shoulder_lift.pos=+17.72 elbow_flex.pos=-15.39 wrist_flex.pos=+67.23 wrist_roll.pos=+2.85 gripper.pos=+30.41
DEBUG 2026-08-19 06:12:04 [action #184] t=8.13s step=889 queue=6 dmax=0.476 | shoulder_pan.pos=+30.10 shoulder_lift.pos=+17.98 elbow_flex.pos=-14.91 wrist_flex.pos=+67.43 wrist_roll.pos=+2.96 gripper.pos=+30.70
DEBUG 2026-08-19 06:12:04 [action #185] t=8.16s step=890 queue=5 dmax=0.217 | shoulder_pan.pos=+29.91 shoulder_lift.pos=+18.13 elbow_flex.pos=-15.13 wrist_flex.pos=+67.64 wrist_roll.pos=+2.87 gripper.pos=+30.90
DEBUG 2026-08-19 06:12:04 [action #186] t=8.20s step=891 queue=4 dmax=0.536 | shoulder_pan.pos=+29.93 shoulder_lift.pos=+18.08 elbow_flex.pos=-14.59 wrist_flex.pos=+67.90 wrist_roll.pos=+3.06 gripper.pos=+31.36
DEBUG 2026-08-19 06:12:04 [action #187] t=8.23s step=892 queue=3 dmax=0.572 | shoulder_pan.pos=+29.90 shoulder_lift.pos=+18.05 elbow_flex.pos=-14.12 wrist_flex.pos=+68.04 wrist_roll.pos=+3.00 gripper.pos=+31.94
DEBUG 2026-08-19 06:12:04 [action #188] t=8.26s step=893 queue=2 dmax=0.746 | shoulder_pan.pos=+29.76 shoulder_lift.pos=+17.89 elbow_flex.pos=-13.68 wrist_flex.pos=+68.41 wrist_roll.pos=+2.99 gripper.pos=+32.68
DEBUG 2026-08-19 06:12:04 [action #189] t=8.30s step=894 queue=1 dmax=0.487 | shoulder_pan.pos=+29.80 shoulder_lift.pos=+17.41 elbow_flex.pos=-13.45 wrist_flex.pos=+68.74 wrist_roll.pos=+2.96 gripper.pos=+33.04
DEBUG 2026-08-19 06:12:04 [chunk] received 50 actions, timesteps 870..919 | first: shoulder_pan.pos=+30.36 shoulder_lift.pos=+5.54 elbow_flex.pos=-11.29 wrist_flex.pos=+71.42 wrist_roll.pos=+4.33 gripper.pos=+4.79 | last: shoulder_pan.pos=+31.22 shoulder_lift.pos=+19.48 elbow_flex.pos=-20.80 wrist_flex.pos=+86.04 wrist_roll.pos=+5.87 gripper.pos=+34.40
DEBUG 2026-08-19 06:12:04 [action #190] t=8.40s step=895 queue=25 dmax=15.069 | shoulder_pan.pos=+33.08 shoulder_lift.pos=+18.81 elbow_flex.pos=-12.89 wrist_flex.pos=+67.35 wrist_roll.pos=+4.85 gripper.pos=+17.97
DEBUG 2026-08-19 06:12:04 [action #191] t=8.43s step=896 queue=24 dmax=3.000 | shoulder_pan.pos=+33.11 shoulder_lift.pos=+18.27 elbow_flex.pos=-12.97 wrist_flex.pos=+68.09 wrist_roll.pos=+4.98 gripper.pos=+20.97
DEBUG 2026-08-19 06:12:04 [action #192] t=8.46s step=897 queue=23 dmax=2.239 | shoulder_pan.pos=+33.12 shoulder_lift.pos=+18.42 elbow_flex.pos=-13.23 wrist_flex.pos=+68.77 wrist_roll.pos=+5.14 gripper.pos=+23.21
DEBUG 2026-08-19 06:12:04 [action #193] t=8.50s step=898 queue=22 dmax=1.642 | shoulder_pan.pos=+33.05 shoulder_lift.pos=+18.75 elbow_flex.pos=-13.51 wrist_flex.pos=+69.61 wrist_roll.pos=+5.28 gripper.pos=+24.85
DEBUG 2026-08-19 06:12:04 [action #194] t=8.53s step=899 queue=21 dmax=1.482 | shoulder_pan.pos=+33.06 shoulder_lift.pos=+18.63 elbow_flex.pos=-13.47 wrist_flex.pos=+70.56 wrist_roll.pos=+5.16 gripper.pos=+26.33
DEBUG 2026-08-19 06:12:04 [action #195] t=8.57s step=900 queue=20 dmax=1.594 | shoulder_pan.pos=+32.85 shoulder_lift.pos=+19.27 elbow_flex.pos=-13.43 wrist_flex.pos=+71.55 wrist_roll.pos=+5.36 gripper.pos=+27.93
DEBUG 2026-08-19 06:12:04 [action #196] t=8.60s step=901 queue=19 dmax=1.822 | shoulder_pan.pos=+32.91 shoulder_lift.pos=+19.42 elbow_flex.pos=-13.79 wrist_flex.pos=+72.50 wrist_roll.pos=+5.58 gripper.pos=+29.75
DEBUG 2026-08-19 06:12:04 [action #197] t=8.63s step=902 queue=18 dmax=1.707 | shoulder_pan.pos=+32.75 shoulder_lift.pos=+19.85 elbow_flex.pos=-13.64 wrist_flex.pos=+73.17 wrist_roll.pos=+5.60 gripper.pos=+31.46
DEBUG 2026-08-19 06:12:04 [action #198] t=8.67s step=903 queue=17 dmax=1.560 | shoulder_pan.pos=+32.94 shoulder_lift.pos=+19.95 elbow_flex.pos=-13.45 wrist_flex.pos=+73.91 wrist_roll.pos=+5.81 gripper.pos=+33.02
DEBUG 2026-08-19 06:12:04 [action #199] t=8.70s step=904 queue=16 dmax=1.005 | shoulder_pan.pos=+33.05 shoulder_lift.pos=+20.50 elbow_flex.pos=-14.37 wrist_flex.pos=+74.49 wrist_roll.pos=+5.86 gripper.pos=+34.02
DEBUG 2026-08-19 06:12:04 [action #200] t=8.73s step=905 queue=15 dmax=0.723 | shoulder_pan.pos=+33.03 shoulder_lift.pos=+20.65 elbow_flex.pos=-14.06 wrist_flex.pos=+75.02 wrist_roll.pos=+5.94 gripper.pos=+34.74
DEBUG 2026-08-19 06:12:05 [action #201] t=8.77s step=906 queue=14 dmax=0.568 | shoulder_pan.pos=+32.97 shoulder_lift.pos=+20.38 elbow_flex.pos=-14.30 wrist_flex.pos=+75.58 wrist_roll.pos=+5.94 gripper.pos=+35.10
DEBUG 2026-08-19 06:12:05 [action #202] t=8.80s step=907 queue=13 dmax=0.616 | shoulder_pan.pos=+33.03 shoulder_lift.pos=+20.19 elbow_flex.pos=-14.35 wrist_flex.pos=+76.20 wrist_roll.pos=+6.06 gripper.pos=+35.14
DEBUG 2026-08-19 06:12:05 [action #203] t=8.83s step=908 queue=12 dmax=0.695 | shoulder_pan.pos=+33.02 shoulder_lift.pos=+20.25 elbow_flex.pos=-14.98 wrist_flex.pos=+76.90 wrist_roll.pos=+6.09 gripper.pos=+35.15
DEBUG 2026-08-19 06:12:05 [action #204] t=8.87s step=909 queue=11 dmax=0.737 | shoulder_pan.pos=+32.90 shoulder_lift.pos=+20.35 elbow_flex.pos=-15.42 wrist_flex.pos=+77.63 wrist_roll.pos=+6.07 gripper.pos=+34.88
DEBUG 2026-08-19 06:12:05 [action #205] t=8.90s step=910 queue=10 dmax=0.777 | shoulder_pan.pos=+32.97 shoulder_lift.pos=+20.19 elbow_flex.pos=-16.19 wrist_flex.pos=+78.25 wrist_roll.pos=+6.02 gripper.pos=+34.51
DEBUG 2026-08-19 06:12:05 [action #206] t=8.93s step=911 queue=9 dmax=1.033 | shoulder_pan.pos=+32.88 shoulder_lift.pos=+20.05 elbow_flex.pos=-17.23 wrist_flex.pos=+79.00 wrist_roll.pos=+6.04 gripper.pos=+34.30
DEBUG 2026-08-19 06:12:05 [action #207] t=8.97s step=912 queue=8 dmax=0.705 | shoulder_pan.pos=+32.97 shoulder_lift.pos=+20.33 elbow_flex.pos=-17.44 wrist_flex.pos=+79.70 wrist_roll.pos=+6.05 gripper.pos=+34.30
DEBUG 2026-08-19 06:12:05 [action #208] t=9.00s step=913 queue=7 dmax=0.784 | shoulder_pan.pos=+32.71 shoulder_lift.pos=+20.33 elbow_flex.pos=-18.22 wrist_flex.pos=+80.46 wrist_roll.pos=+6.08 gripper.pos=+34.37
DEBUG 2026-08-19 06:12:05 [action #209] t=9.03s step=914 queue=6 dmax=0.861 | shoulder_pan.pos=+32.60 shoulder_lift.pos=+20.88 elbow_flex.pos=-18.30 wrist_flex.pos=+81.32 wrist_roll.pos=+6.01 gripper.pos=+34.50
DEBUG 2026-08-19 06:12:05 [action #210] t=9.07s step=915 queue=5 dmax=1.168 | shoulder_pan.pos=+32.50 shoulder_lift.pos=+20.46 elbow_flex.pos=-19.47 wrist_flex.pos=+82.12 wrist_roll.pos=+6.06 gripper.pos=+34.53
DEBUG 2026-08-19 06:12:05 [action #211] t=9.10s step=916 queue=4 dmax=0.696 | shoulder_pan.pos=+32.54 shoulder_lift.pos=+20.42 elbow_flex.pos=-19.34 wrist_flex.pos=+82.82 wrist_roll.pos=+5.99 gripper.pos=+34.49
DEBUG 2026-08-19 06:12:05 [action #212] t=9.13s step=917 queue=3 dmax=1.277 | shoulder_pan.pos=+32.18 shoulder_lift.pos=+20.10 elbow_flex.pos=-20.61 wrist_flex.pos=+83.74 wrist_roll.pos=+5.84 gripper.pos=+34.48
DEBUG 2026-08-19 06:12:05 [action #213] t=9.17s step=918 queue=2 dmax=1.022 | shoulder_pan.pos=+31.68 shoulder_lift.pos=+20.24 elbow_flex.pos=-20.96 wrist_flex.pos=+84.76 wrist_roll.pos=+5.87 gripper.pos=+34.50
DEBUG 2026-08-19 06:12:05 [action #214] t=9.20s step=919 queue=1 dmax=1.279 | shoulder_pan.pos=+31.22 shoulder_lift.pos=+19.48 elbow_flex.pos=-20.80 wrist_flex.pos=+86.04 wrist_roll.pos=+5.87 gripper.pos=+34.40
DEBUG 2026-08-19 06:12:05 [chunk] received 50 actions, timesteps 894..943 | first: shoulder_pan.pos=+31.87 shoulder_lift.pos=+18.56 elbow_flex.pos=-16.75 wrist_flex.pos=+68.16 wrist_roll.pos=+3.14 gripper.pos=+32.86 | last: shoulder_pan.pos=+5.42 shoulder_lift.pos=-39.19 elbow_flex.pos=+37.13 wrist_flex.pos=+72.93 wrist_roll.pos=+3.49 gripper.pos=+0.53
DEBUG 2026-08-19 06:12:05 [action #215] t=9.23s step=920 queue=24 dmax=14.575 | shoulder_pan.pos=+20.74 shoulder_lift.pos=+4.91 elbow_flex.pos=-24.85 wrist_flex.pos=+93.97 wrist_roll.pos=+3.21 gripper.pos=+20.08
DEBUG 2026-08-19 06:12:05 [action #216] t=9.27s step=921 queue=23 dmax=2.137 | shoulder_pan.pos=+20.05 shoulder_lift.pos=+3.39 elbow_flex.pos=-23.15 wrist_flex.pos=+94.36 wrist_roll.pos=+3.09 gripper.pos=+17.94
DEBUG 2026-08-19 06:12:05 [action #217] t=9.30s step=922 queue=22 dmax=2.553 | shoulder_pan.pos=+19.35 shoulder_lift.pos=+0.86 elbow_flex.pos=-21.39 wrist_flex.pos=+94.24 wrist_roll.pos=+3.10 gripper.pos=+15.39
DEBUG 2026-08-19 06:12:05 [action #218] t=9.33s step=923 queue=21 dmax=2.741 | shoulder_pan.pos=+18.93 shoulder_lift.pos=-0.76 elbow_flex.pos=-20.39 wrist_flex.pos=+94.06 wrist_roll.pos=+3.03 gripper.pos=+12.65
DEBUG 2026-08-19 06:12:05 [action #219] t=9.37s step=924 queue=20 dmax=2.756 | shoulder_pan.pos=+18.32 shoulder_lift.pos=-2.37 elbow_flex.pos=-18.86 wrist_flex.pos=+93.99 wrist_roll.pos=+3.13 gripper.pos=+9.89
DEBUG 2026-08-19 06:12:05 [action #220] t=9.40s step=925 queue=19 dmax=3.057 | shoulder_pan.pos=+17.46 shoulder_lift.pos=-4.42 elbow_flex.pos=-15.80 wrist_flex.pos=+93.55 wrist_roll.pos=+3.28 gripper.pos=+7.29
DEBUG 2026-08-19 06:12:05 [action #221] t=9.44s step=926 queue=18 dmax=2.695 | shoulder_pan.pos=+16.53 shoulder_lift.pos=-7.11 elbow_flex.pos=-13.56 wrist_flex.pos=+92.96 wrist_roll.pos=+3.28 gripper.pos=+5.35
DEBUG 2026-08-19 06:12:05 [action #222] t=9.47s step=927 queue=17 dmax=2.408 | shoulder_pan.pos=+15.63 shoulder_lift.pos=-9.40 elbow_flex.pos=-11.16 wrist_flex.pos=+92.49 wrist_roll.pos=+3.57 gripper.pos=+3.56
DEBUG 2026-08-19 06:12:05 [action #223] t=9.50s step=928 queue=16 dmax=3.781 | shoulder_pan.pos=+14.39 shoulder_lift.pos=-11.70 elbow_flex.pos=-7.37 wrist_flex.pos=+91.55 wrist_roll.pos=+3.50 gripper.pos=+2.55
DEBUG 2026-08-19 06:12:05 [action #224] t=9.54s step=929 queue=15 dmax=2.907 | shoulder_pan.pos=+13.95 shoulder_lift.pos=-13.83 elbow_flex.pos=-4.47 wrist_flex.pos=+89.58 wrist_roll.pos=+3.41 gripper.pos=+2.08
DEBUG 2026-08-19 06:12:05 [action #225] t=9.57s step=930 queue=14 dmax=3.647 | shoulder_pan.pos=+12.82 shoulder_lift.pos=-16.58 elbow_flex.pos=-0.82 wrist_flex.pos=+88.19 wrist_roll.pos=+3.54 gripper.pos=+1.93
DEBUG 2026-08-19 06:12:05 [action #226] t=9.60s step=931 queue=13 dmax=3.257 | shoulder_pan.pos=+12.49 shoulder_lift.pos=-18.04 elbow_flex.pos=+2.44 wrist_flex.pos=+86.71 wrist_roll.pos=+3.58 gripper.pos=+2.01
DEBUG 2026-08-19 06:12:05 [action #227] t=9.64s step=932 queue=12 dmax=3.934 | shoulder_pan.pos=+11.60 shoulder_lift.pos=-20.94 elbow_flex.pos=+6.37 wrist_flex.pos=+85.29 wrist_roll.pos=+3.57 gripper.pos=+2.36
DEBUG 2026-08-19 06:12:05 [action #228] t=9.67s step=933 queue=11 dmax=3.203 | shoulder_pan.pos=+10.83 shoulder_lift.pos=-22.20 elbow_flex.pos=+9.57 wrist_flex.pos=+83.88 wrist_roll.pos=+3.51 gripper.pos=+2.30
DEBUG 2026-08-19 06:12:05 [action #229] t=9.70s step=934 queue=10 dmax=2.064 | shoulder_pan.pos=+10.17 shoulder_lift.pos=-24.26 elbow_flex.pos=+11.63 wrist_flex.pos=+82.82 wrist_roll.pos=+3.63 gripper.pos=+1.92
DEBUG 2026-08-19 06:12:05 [action #230] t=9.74s step=935 queue=9 dmax=3.894 | shoulder_pan.pos=+9.67 shoulder_lift.pos=-25.77 elbow_flex.pos=+15.52 wrist_flex.pos=+81.42 wrist_roll.pos=+3.74 gripper.pos=+1.79
DEBUG 2026-08-19 06:12:06 [action #231] t=9.77s step=936 queue=8 dmax=2.532 | shoulder_pan.pos=+9.37 shoulder_lift.pos=-27.61 elbow_flex.pos=+18.05 wrist_flex.pos=+80.12 wrist_roll.pos=+3.55 gripper.pos=+1.24
DEBUG 2026-08-19 06:12:06 [action #232] t=9.80s step=937 queue=7 dmax=3.504 | shoulder_pan.pos=+8.78 shoulder_lift.pos=-29.06 elbow_flex.pos=+21.56 wrist_flex.pos=+78.77 wrist_roll.pos=+3.68 gripper.pos=+1.06
DEBUG 2026-08-19 06:12:06 [action #233] t=9.84s step=938 queue=6 dmax=2.690 | shoulder_pan.pos=+8.23 shoulder_lift.pos=-30.69 elbow_flex.pos=+24.25 wrist_flex.pos=+77.44 wrist_roll.pos=+3.82 gripper.pos=+0.79
DEBUG 2026-08-19 06:12:06 [action #234] t=9.87s step=939 queue=5 dmax=2.798 | shoulder_pan.pos=+7.87 shoulder_lift.pos=-32.27 elbow_flex.pos=+27.04 wrist_flex.pos=+76.24 wrist_roll.pos=+3.71 gripper.pos=+0.92
DEBUG 2026-08-19 06:12:06 [action #235] t=9.90s step=940 queue=4 dmax=2.292 | shoulder_pan.pos=+7.14 shoulder_lift.pos=-33.33 elbow_flex.pos=+29.34 wrist_flex.pos=+75.15 wrist_roll.pos=+3.62 gripper.pos=+0.70
DEBUG 2026-08-19 06:12:06 [action #236] t=9.94s step=941 queue=3 dmax=3.325 | shoulder_pan.pos=+6.55 shoulder_lift.pos=-35.62 elbow_flex.pos=+32.66 wrist_flex.pos=+74.29 wrist_roll.pos=+3.80 gripper.pos=+0.74
DEBUG 2026-08-19 06:12:06 [action #237] t=9.97s step=942 queue=2 dmax=2.594 | shoulder_pan.pos=+6.00 shoulder_lift.pos=-37.71 elbow_flex.pos=+35.25 wrist_flex.pos=+73.51 wrist_roll.pos=+3.68 gripper.pos=+0.64
DEBUG 2026-08-19 06:12:06 [action #238] t=10.00s step=943 queue=1 dmax=1.872 | shoulder_pan.pos=+5.42 shoulder_lift.pos=-39.19 elbow_flex.pos=+37.13 wrist_flex.pos=+72.93 wrist_roll.pos=+3.49 gripper.pos=+0.53
DEBUG 2026-08-19 06:12:06 [chunk] received 50 actions, timesteps 919..968 | first: shoulder_pan.pos=+27.21 shoulder_lift.pos=+12.38 elbow_flex.pos=-19.06 wrist_flex.pos=+88.18 wrist_roll.pos=+7.09 gripper.pos=+35.48 | last: shoulder_pan.pos=+0.26 shoulder_lift.pos=-65.34 elbow_flex.pos=+58.02 wrist_flex.pos=+70.00 wrist_roll.pos=+5.42 gripper.pos=+3.23
DEBUG 2026-08-19 06:12:06 [action #239] t=10.10s step=944 queue=25 dmax=21.452 | shoulder_pan.pos=+7.32 shoulder_lift.pos=-25.68 elbow_flex.pos=+15.68 wrist_flex.pos=+87.09 wrist_roll.pos=+4.93 gripper.pos=+4.59
DEBUG 2026-08-19 06:12:06 [action #240] t=10.14s step=945 queue=24 dmax=2.658 | shoulder_pan.pos=+6.23 shoulder_lift.pos=-27.47 elbow_flex.pos=+18.33 wrist_flex.pos=+85.86 wrist_roll.pos=+4.85 gripper.pos=+3.49
DEBUG 2026-08-19 06:12:06 [action #241] t=10.17s step=946 queue=23 dmax=3.015 | shoulder_pan.pos=+5.39 shoulder_lift.pos=-29.33 elbow_flex.pos=+21.35 wrist_flex.pos=+84.35 wrist_roll.pos=+4.96 gripper.pos=+2.49
DEBUG 2026-08-19 06:12:06 [action #242] t=10.20s step=947 queue=22 dmax=2.470 | shoulder_pan.pos=+4.84 shoulder_lift.pos=-31.01 elbow_flex.pos=+23.82 wrist_flex.pos=+82.96 wrist_roll.pos=+4.91 gripper.pos=+1.99
DEBUG 2026-08-19 06:12:06 [action #243] t=10.24s step=948 queue=21 dmax=2.363 | shoulder_pan.pos=+4.18 shoulder_lift.pos=-33.15 elbow_flex.pos=+26.18 wrist_flex.pos=+81.16 wrist_roll.pos=+4.94 gripper.pos=+1.76
DEBUG 2026-08-19 06:12:06 [action #244] t=10.27s step=949 queue=20 dmax=2.873 | shoulder_pan.pos=+3.67 shoulder_lift.pos=-34.73 elbow_flex.pos=+29.05 wrist_flex.pos=+79.57 wrist_roll.pos=+5.03 gripper.pos=+1.81
DEBUG 2026-08-19 06:12:06 [action #245] t=10.30s step=950 queue=19 dmax=2.837 | shoulder_pan.pos=+3.22 shoulder_lift.pos=-36.66 elbow_flex.pos=+31.89 wrist_flex.pos=+77.94 wrist_roll.pos=+5.03 gripper.pos=+2.09
DEBUG 2026-08-19 06:12:06 [action #246] t=10.34s step=951 queue=18 dmax=2.538 | shoulder_pan.pos=+2.67 shoulder_lift.pos=-38.26 elbow_flex.pos=+34.43 wrist_flex.pos=+76.65 wrist_roll.pos=+4.95 gripper.pos=+2.16
DEBUG 2026-08-19 06:12:06 [action #247] t=10.37s step=952 queue=17 dmax=2.098 | shoulder_pan.pos=+2.35 shoulder_lift.pos=-40.36 elbow_flex.pos=+36.43 wrist_flex.pos=+75.38 wrist_roll.pos=+5.09 gripper.pos=+2.21
DEBUG 2026-08-19 06:12:06 [action #248] t=10.40s step=953 queue=16 dmax=2.301 | shoulder_pan.pos=+2.01 shoulder_lift.pos=-41.79 elbow_flex.pos=+38.73 wrist_flex.pos=+74.28 wrist_roll.pos=+5.08 gripper.pos=+2.43
DEBUG 2026-08-19 06:12:06 [action #249] t=10.44s step=954 queue=15 dmax=1.776 | shoulder_pan.pos=+1.77 shoulder_lift.pos=-43.46 elbow_flex.pos=+40.50 wrist_flex.pos=+73.13 wrist_roll.pos=+5.28 gripper.pos=+2.53
DEBUG 2026-08-19 06:12:06 [action #250] t=10.47s step=955 queue=14 dmax=1.979 | shoulder_pan.pos=+1.16 shoulder_lift.pos=-44.98 elbow_flex.pos=+42.48 wrist_flex.pos=+72.24 wrist_roll.pos=+5.36 gripper.pos=+2.65
DEBUG 2026-08-19 06:12:06 [action #251] t=10.51s step=956 queue=13 dmax=1.807 | shoulder_pan.pos=+0.92 shoulder_lift.pos=-46.58 elbow_flex.pos=+44.29 wrist_flex.pos=+71.68 wrist_roll.pos=+5.47 gripper.pos=+2.70
DEBUG 2026-08-19 06:12:06 [action #252] t=10.54s step=957 queue=12 dmax=1.757 | shoulder_pan.pos=+1.06 shoulder_lift.pos=-48.34 elbow_flex.pos=+45.20 wrist_flex.pos=+71.05 wrist_roll.pos=+5.56 gripper.pos=+2.77
DEBUG 2026-08-19 06:12:06 [action #253] t=10.57s step=958 queue=11 dmax=2.002 | shoulder_pan.pos=+0.68 shoulder_lift.pos=-49.81 elbow_flex.pos=+47.21 wrist_flex.pos=+70.71 wrist_roll.pos=+5.44 gripper.pos=+2.87
DEBUG 2026-08-19 06:12:06 [action #254] t=10.61s step=959 queue=10 dmax=2.227 | shoulder_pan.pos=+0.56 shoulder_lift.pos=-52.03 elbow_flex.pos=+48.83 wrist_flex.pos=+70.36 wrist_roll.pos=+5.46 gripper.pos=+2.94
DEBUG 2026-08-19 06:12:06 [action #255] t=10.64s step=960 queue=9 dmax=0.933 | shoulder_pan.pos=+0.54 shoulder_lift.pos=-52.97 elbow_flex.pos=+48.87 wrist_flex.pos=+70.21 wrist_roll.pos=+5.40 gripper.pos=+3.07
DEBUG 2026-08-19 06:12:06 [action #256] t=10.67s step=961 queue=8 dmax=2.031 | shoulder_pan.pos=+0.44 shoulder_lift.pos=-55.00 elbow_flex.pos=+50.40 wrist_flex.pos=+69.96 wrist_roll.pos=+5.49 gripper.pos=+3.06
DEBUG 2026-08-19 06:12:06 [action #257] t=10.71s step=962 queue=7 dmax=1.918 | shoulder_pan.pos=+0.36 shoulder_lift.pos=-55.64 elbow_flex.pos=+52.31 wrist_flex.pos=+69.85 wrist_roll.pos=+5.38 gripper.pos=+3.10
DEBUG 2026-08-19 06:12:06 [action #258] t=10.74s step=963 queue=6 dmax=1.724 | shoulder_pan.pos=+0.37 shoulder_lift.pos=-57.37 elbow_flex.pos=+53.03 wrist_flex.pos=+70.02 wrist_roll.pos=+5.42 gripper.pos=+3.11
DEBUG 2026-08-19 06:12:07 [action #259] t=10.77s step=964 queue=5 dmax=1.375 | shoulder_pan.pos=+0.17 shoulder_lift.pos=-58.74 elbow_flex.pos=+53.74 wrist_flex.pos=+69.70 wrist_roll.pos=+5.55 gripper.pos=+3.08
DEBUG 2026-08-19 06:12:07 [action #260] t=10.81s step=965 queue=4 dmax=1.830 | shoulder_pan.pos=+0.21 shoulder_lift.pos=-60.07 elbow_flex.pos=+55.57 wrist_flex.pos=+69.88 wrist_roll.pos=+5.54 gripper.pos=+3.08
DEBUG 2026-08-19 06:12:07 [action #261] t=10.84s step=966 queue=3 dmax=1.410 | shoulder_pan.pos=+0.13 shoulder_lift.pos=-61.48 elbow_flex.pos=+56.16 wrist_flex.pos=+69.89 wrist_roll.pos=+5.49 gripper.pos=+3.10
DEBUG 2026-08-19 06:12:07 [action #262] t=10.87s step=967 queue=2 dmax=2.721 | shoulder_pan.pos=+0.23 shoulder_lift.pos=-64.20 elbow_flex.pos=+57.57 wrist_flex.pos=+70.08 wrist_roll.pos=+5.58 gripper.pos=+3.17
DEBUG 2026-08-19 06:12:07 [action #263] t=10.91s step=968 queue=1 dmax=1.143 | shoulder_pan.pos=+0.26 shoulder_lift.pos=-65.34 elbow_flex.pos=+58.02 wrist_flex.pos=+70.00 wrist_roll.pos=+5.42 gripper.pos=+3.23
DEBUG 2026-08-19 06:12:07 [chunk] received 50 actions, timesteps 943..992 | first: shoulder_pan.pos=+5.00 shoulder_lift.pos=-40.60 elbow_flex.pos=+40.43 wrist_flex.pos=+71.16 wrist_roll.pos=+3.82 gripper.pos=+0.82 | last: shoulder_pan.pos=+0.78 shoulder_lift.pos=-107.19 elbow_flex.pos=+89.43 wrist_flex.pos=+74.92 wrist_roll.pos=-2.49 gripper.pos=+1.24
DEBUG 2026-08-19 06:12:07 [action #264] t=10.97s step=969 queue=24 dmax=12.905 | shoulder_pan.pos=-1.50 shoulder_lift.pos=-74.23 elbow_flex.pos=+70.93 wrist_flex.pos=+62.55 wrist_roll.pos=-0.14 gripper.pos=+1.37
DEBUG 2026-08-19 06:12:07 [action #265] t=11.01s step=970 queue=23 dmax=1.500 | shoulder_pan.pos=-1.77 shoulder_lift.pos=-75.51 elbow_flex.pos=+72.43 wrist_flex.pos=+62.57 wrist_roll.pos=-0.59 gripper.pos=+1.30
DEBUG 2026-08-19 06:12:07 [action #266] t=11.04s step=971 queue=22 dmax=1.738 | shoulder_pan.pos=-1.69 shoulder_lift.pos=-77.25 elbow_flex.pos=+73.26 wrist_flex.pos=+62.70 wrist_roll.pos=-1.06 gripper.pos=+1.25
DEBUG 2026-08-19 06:12:07 [action #267] t=11.07s step=972 queue=21 dmax=2.084 | shoulder_pan.pos=-1.95 shoulder_lift.pos=-79.33 elbow_flex.pos=+74.39 wrist_flex.pos=+62.94 wrist_roll.pos=-1.38 gripper.pos=+1.30
DEBUG 2026-08-19 06:12:07 [action #268] t=11.11s step=973 queue=20 dmax=1.660 | shoulder_pan.pos=-1.52 shoulder_lift.pos=-80.61 elbow_flex.pos=+76.05 wrist_flex.pos=+63.00 wrist_roll.pos=-1.64 gripper.pos=+1.36
DEBUG 2026-08-19 06:12:07 [action #269] t=11.14s step=974 queue=19 dmax=2.176 | shoulder_pan.pos=-1.26 shoulder_lift.pos=-82.79 elbow_flex.pos=+77.37 wrist_flex.pos=+63.36 wrist_roll.pos=-1.76 gripper.pos=+1.26
DEBUG 2026-08-19 06:12:07 [action #270] t=11.17s step=975 queue=18 dmax=1.342 | shoulder_pan.pos=-1.13 shoulder_lift.pos=-84.13 elbow_flex.pos=+78.56 wrist_flex.pos=+63.29 wrist_roll.pos=-1.89 gripper.pos=+1.28
DEBUG 2026-08-19 06:12:07 [action #271] t=11.21s step=976 queue=17 dmax=1.840 | shoulder_pan.pos=-1.00 shoulder_lift.pos=-85.97 elbow_flex.pos=+79.78 wrist_flex.pos=+63.79 wrist_roll.pos=-2.19 gripper.pos=+1.23
DEBUG 2026-08-19 06:12:07 [action #272] t=11.24s step=977 queue=16 dmax=1.038 | shoulder_pan.pos=-0.92 shoulder_lift.pos=-87.01 elbow_flex.pos=+80.50 wrist_flex.pos=+63.68 wrist_roll.pos=-2.09 gripper.pos=+1.24
DEBUG 2026-08-19 06:12:07 [action #273] t=11.27s step=978 queue=15 dmax=2.150 | shoulder_pan.pos=-0.95 shoulder_lift.pos=-89.16 elbow_flex.pos=+81.77 wrist_flex.pos=+64.09 wrist_roll.pos=-2.32 gripper.pos=+1.15
DEBUG 2026-08-19 06:12:07 [action #274] t=11.31s step=979 queue=14 dmax=2.511 | shoulder_pan.pos=-0.31 shoulder_lift.pos=-91.67 elbow_flex.pos=+83.58 wrist_flex.pos=+64.32 wrist_roll.pos=-2.21 gripper.pos=+1.30
DEBUG 2026-08-19 06:12:07 [action #275] t=11.34s step=980 queue=13 dmax=1.505 | shoulder_pan.pos=+0.04 shoulder_lift.pos=-93.17 elbow_flex.pos=+84.06 wrist_flex.pos=+64.49 wrist_roll.pos=-2.19 gripper.pos=+1.38
DEBUG 2026-08-19 06:12:07 [action #276] t=11.37s step=981 queue=12 dmax=1.682 | shoulder_pan.pos=+0.20 shoulder_lift.pos=-94.86 elbow_flex.pos=+85.38 wrist_flex.pos=+64.76 wrist_roll.pos=-2.16 gripper.pos=+1.21
DEBUG 2026-08-19 06:12:07 [action #277] t=11.41s step=982 queue=11 dmax=1.738 | shoulder_pan.pos=+0.70 shoulder_lift.pos=-96.59 elbow_flex.pos=+86.17 wrist_flex.pos=+65.17 wrist_roll.pos=-2.11 gripper.pos=+1.31
DEBUG 2026-08-19 06:12:07 [action #278] t=11.44s step=983 queue=10 dmax=1.488 | shoulder_pan.pos=+0.93 shoulder_lift.pos=-98.08 elbow_flex.pos=+87.04 wrist_flex.pos=+65.93 wrist_roll.pos=-2.17 gripper.pos=+1.41
DEBUG 2026-08-19 06:12:07 [action #279] t=11.47s step=984 queue=9 dmax=1.323 | shoulder_pan.pos=+1.00 shoulder_lift.pos=-99.40 elbow_flex.pos=+86.62 wrist_flex.pos=+66.97 wrist_roll.pos=-2.23 gripper.pos=+1.20
DEBUG 2026-08-19 06:12:07 [action #280] t=11.51s step=985 queue=8 dmax=1.623 | shoulder_pan.pos=+1.27 shoulder_lift.pos=-101.03 elbow_flex.pos=+87.83 wrist_flex.pos=+67.42 wrist_roll.pos=-2.21 gripper.pos=+1.18
DEBUG 2026-08-19 06:12:07 [action #281] t=11.54s step=986 queue=7 dmax=1.507 | shoulder_pan.pos=+1.31 shoulder_lift.pos=-102.53 elbow_flex.pos=+88.17 wrist_flex.pos=+68.44 wrist_roll.pos=-2.14 gripper.pos=+1.21
DEBUG 2026-08-19 06:12:07 [action #282] t=11.58s step=987 queue=6 dmax=0.986 | shoulder_pan.pos=+1.10 shoulder_lift.pos=-103.44 elbow_flex.pos=+88.97 wrist_flex.pos=+69.43 wrist_roll.pos=-2.39 gripper.pos=+1.41
DEBUG 2026-08-19 06:12:07 [action #283] t=11.61s step=988 queue=5 dmax=1.238 | shoulder_pan.pos=+1.12 shoulder_lift.pos=-104.41 elbow_flex.pos=+88.76 wrist_flex.pos=+70.67 wrist_roll.pos=-2.60 gripper.pos=+1.21
DEBUG 2026-08-19 06:12:07 [action #284] t=11.64s step=989 queue=4 dmax=1.041 | shoulder_pan.pos=+0.79 shoulder_lift.pos=-104.58 elbow_flex.pos=+88.92 wrist_flex.pos=+71.71 wrist_roll.pos=-2.85 gripper.pos=+1.26
DEBUG 2026-08-19 06:12:07 [action #285] t=11.68s step=990 queue=3 dmax=1.385 | shoulder_pan.pos=+0.75 shoulder_lift.pos=-105.82 elbow_flex.pos=+88.50 wrist_flex.pos=+73.09 wrist_roll.pos=-2.79 gripper.pos=+1.53
DEBUG 2026-08-19 06:12:07 [action #286] t=11.71s step=991 queue=2 dmax=0.942 | shoulder_pan.pos=+0.79 shoulder_lift.pos=-106.52 elbow_flex.pos=+89.44 wrist_flex.pos=+73.77 wrist_roll.pos=-2.70 gripper.pos=+1.31
DEBUG 2026-08-19 06:12:07 [action #287] t=11.74s step=992 queue=1 dmax=1.150 | shoulder_pan.pos=+0.78 shoulder_lift.pos=-107.19 elbow_flex.pos=+89.43 wrist_flex.pos=+74.92 wrist_roll.pos=-2.49 gripper.pos=+1.24
DEBUG 2026-08-19 06:12:08 [chunk] received 50 actions, timesteps 968..1017 | first: shoulder_pan.pos=-0.42 shoulder_lift.pos=-65.27 elbow_flex.pos=+62.46 wrist_flex.pos=+68.23 wrist_roll.pos=+4.78 gripper.pos=+1.98 | last: shoulder_pan.pos=-6.53 shoulder_lift.pos=-102.27 elbow_flex.pos=+91.36 wrist_flex.pos=+77.36 wrist_roll.pos=-1.78 gripper.pos=+1.00
DEBUG 2026-08-19 06:12:08 [action #288] t=11.84s step=993 queue=25 dmax=7.707 | shoulder_pan.pos=-6.93 shoulder_lift.pos=-104.39 elbow_flex.pos=+87.69 wrist_flex.pos=+76.65 wrist_roll.pos=-2.35 gripper.pos=+1.20
DEBUG 2026-08-19 06:12:08 [action #289] t=11.88s step=994 queue=24 dmax=0.653 | shoulder_pan.pos=-6.88 shoulder_lift.pos=-105.04 elbow_flex.pos=+87.29 wrist_flex.pos=+77.29 wrist_roll.pos=-2.27 gripper.pos=+1.21
DEBUG 2026-08-19 06:12:08 [action #290] t=11.91s step=995 queue=23 dmax=0.651 | shoulder_pan.pos=-6.91 shoulder_lift.pos=-104.53 elbow_flex.pos=+87.08 wrist_flex.pos=+77.94 wrist_roll.pos=-2.27 gripper.pos=+1.35
DEBUG 2026-08-19 06:12:08 [action #291] t=11.94s step=996 queue=22 dmax=0.445 | shoulder_pan.pos=-7.18 shoulder_lift.pos=-104.14 elbow_flex.pos=+87.34 wrist_flex.pos=+78.39 wrist_roll.pos=-2.09 gripper.pos=+1.24
DEBUG 2026-08-19 06:12:08 [action #292] t=11.98s step=997 queue=21 dmax=0.925 | shoulder_pan.pos=-6.98 shoulder_lift.pos=-103.21 elbow_flex.pos=+87.51 wrist_flex.pos=+78.46 wrist_roll.pos=-2.08 gripper.pos=+1.31
DEBUG 2026-08-19 06:12:08 [action #293] t=12.01s step=998 queue=20 dmax=0.364 | shoulder_pan.pos=-6.91 shoulder_lift.pos=-103.58 elbow_flex.pos=+87.63 wrist_flex.pos=+78.51 wrist_roll.pos=-2.09 gripper.pos=+1.27
DEBUG 2026-08-19 06:12:08 [action #294] t=12.04s step=999 queue=19 dmax=0.591 | shoulder_pan.pos=-6.82 shoulder_lift.pos=-103.48 elbow_flex.pos=+88.22 wrist_flex.pos=+78.28 wrist_roll.pos=-2.02 gripper.pos=+1.29
DEBUG 2026-08-19 06:12:08 [action #295] t=12.08s step=1000 queue=18 dmax=0.922 | shoulder_pan.pos=-6.70 shoulder_lift.pos=-102.56 elbow_flex.pos=+88.27 wrist_flex.pos=+78.10 wrist_roll.pos=-2.12 gripper.pos=+1.23
DEBUG 2026-08-19 06:12:08 [action #296] t=12.11s step=1001 queue=17 dmax=0.316 | shoulder_pan.pos=-6.90 shoulder_lift.pos=-102.87 elbow_flex.pos=+88.51 wrist_flex.pos=+78.17 wrist_roll.pos=-1.98 gripper.pos=+1.10
DEBUG 2026-08-19 06:12:08 [action #297] t=12.14s step=1002 queue=16 dmax=0.529 | shoulder_pan.pos=-6.79 shoulder_lift.pos=-103.14 elbow_flex.pos=+89.04 wrist_flex.pos=+78.04 wrist_roll.pos=-2.14 gripper.pos=+1.11
DEBUG 2026-08-19 06:12:08 [action #298] t=12.18s step=1003 queue=15 dmax=0.190 | shoulder_pan.pos=-6.74 shoulder_lift.pos=-103.22 elbow_flex.pos=+88.85 wrist_flex.pos=+77.88 wrist_roll.pos=-2.22 gripper.pos=+1.15
DEBUG 2026-08-19 06:12:08 [action #299] t=12.21s step=1004 queue=14 dmax=0.332 | shoulder_pan.pos=-6.90 shoulder_lift.pos=-102.89 elbow_flex.pos=+88.89 wrist_flex.pos=+77.66 wrist_roll.pos=-2.30 gripper.pos=+1.22
DEBUG 2026-08-19 06:12:08 [action #300] t=12.24s step=1005 queue=13 dmax=0.465 | shoulder_pan.pos=-6.76 shoulder_lift.pos=-102.63 elbow_flex.pos=+89.36 wrist_flex.pos=+77.56 wrist_roll.pos=-2.45 gripper.pos=+1.14
DEBUG 2026-08-19 06:12:08 [action #301] t=12.28s step=1006 queue=12 dmax=0.359 | shoulder_pan.pos=-6.70 shoulder_lift.pos=-102.99 elbow_flex.pos=+89.11 wrist_flex.pos=+77.53 wrist_roll.pos=-2.57 gripper.pos=+1.22
DEBUG 2026-08-19 06:12:08 [action #302] t=12.31s step=1007 queue=11 dmax=0.659 | shoulder_pan.pos=-6.61 shoulder_lift.pos=-102.77 elbow_flex.pos=+89.76 wrist_flex.pos=+77.90 wrist_roll.pos=-2.88 gripper.pos=+1.06
DEBUG 2026-08-19 06:12:08 [action #303] t=12.34s step=1008 queue=10 dmax=0.568 | shoulder_pan.pos=-6.67 shoulder_lift.pos=-102.84 elbow_flex.pos=+90.33 wrist_flex.pos=+77.87 wrist_roll.pos=-2.77 gripper.pos=+1.13
DEBUG 2026-08-19 06:12:08 [action #304] t=12.38s step=1009 queue=9 dmax=0.777 | shoulder_pan.pos=-6.42 shoulder_lift.pos=-102.07 elbow_flex.pos=+89.83 wrist_flex.pos=+77.87 wrist_roll.pos=-2.94 gripper.pos=+1.07
DEBUG 2026-08-19 06:12:08 [action #305] t=12.41s step=1010 queue=8 dmax=0.712 | shoulder_pan.pos=-6.56 shoulder_lift.pos=-102.78 elbow_flex.pos=+90.07 wrist_flex.pos=+77.48 wrist_roll.pos=-2.98 gripper.pos=+1.24
DEBUG 2026-08-19 06:12:08 [action #306] t=12.44s step=1011 queue=7 dmax=0.305 | shoulder_pan.pos=-6.48 shoulder_lift.pos=-102.81 elbow_flex.pos=+89.77 wrist_flex.pos=+77.71 wrist_roll.pos=-2.93 gripper.pos=+1.04
DEBUG 2026-08-19 06:12:08 [action #307] t=12.48s step=1012 queue=6 dmax=0.319 | shoulder_pan.pos=-6.54 shoulder_lift.pos=-102.63 elbow_flex.pos=+90.08 wrist_flex.pos=+77.71 wrist_roll.pos=-2.83 gripper.pos=+0.99
DEBUG 2026-08-19 06:12:08 [action #308] t=12.51s step=1013 queue=5 dmax=0.523 | shoulder_pan.pos=-6.47 shoulder_lift.pos=-102.37 elbow_flex.pos=+90.61 wrist_flex.pos=+77.60 wrist_roll.pos=-2.70 gripper.pos=+1.10
DEBUG 2026-08-19 06:12:08 [action #309] t=12.54s step=1014 queue=4 dmax=0.345 | shoulder_pan.pos=-6.82 shoulder_lift.pos=-102.38 elbow_flex.pos=+90.67 wrist_flex.pos=+77.52 wrist_roll.pos=-2.53 gripper.pos=+1.13
DEBUG 2026-08-19 06:12:08 [action #310] t=12.58s step=1015 queue=3 dmax=0.659 | shoulder_pan.pos=-6.42 shoulder_lift.pos=-101.72 elbow_flex.pos=+90.27 wrist_flex.pos=+77.48 wrist_roll.pos=-2.40 gripper.pos=+0.90
DEBUG 2026-08-19 06:12:08 [action #311] t=12.61s step=1016 queue=2 dmax=0.307 | shoulder_pan.pos=-6.34 shoulder_lift.pos=-101.75 elbow_flex.pos=+90.43 wrist_flex.pos=+77.57 wrist_roll.pos=-2.09 gripper.pos=+0.94
DEBUG 2026-08-19 06:12:08 [action #312] t=12.65s step=1017 queue=1 dmax=0.933 | shoulder_pan.pos=-6.53 shoulder_lift.pos=-102.27 elbow_flex.pos=+91.36 wrist_flex.pos=+77.36 wrist_roll.pos=-1.78 gripper.pos=+1.00
DEBUG 2026-08-19 06:12:08 [chunk] received 50 actions, timesteps 992..1041 | first: shoulder_pan.pos=-1.84 shoulder_lift.pos=-103.13 elbow_flex.pos=+89.94 wrist_flex.pos=+75.50 wrist_roll.pos=-3.83 gripper.pos=+0.92 | last: shoulder_pan.pos=-4.88 shoulder_lift.pos=-103.31 elbow_flex.pos=+90.55 wrist_flex.pos=+78.10 wrist_roll.pos=-3.73 gripper.pos=+1.03
INFO 2026-08-19 06:12:08 Final action sent: shoulder_pan.pos=-6.53 shoulder_lift.pos=-102.27 elbow_flex.pos=+91.36 wrist_flex.pos=+77.36 wrist_roll.pos=-1.78 gripper.pos=+1.00
DEBUG 2026-08-19 06:12:08 === episode end | 12.7s | converged=True | actions=312 ===
