INFO 2026-08-20 06:23:47 strator.py:1333 Decomposing high-level prompt (round 1): 'put everything away'
INFO 2026-08-20 06:23:47 strator.py:1072 Saved VLM frame: runs/run_2026-08-20_06-23-01/01/decompose_20260820_062347.png
  Generated 30 tokens in 3.3s (9.2 tok/s)

Identification output:
{
  "visible_objects": [
    "stuffed animal",
    "banana",
    "tray",
    "table"
  ]
}
INFO 2026-08-20 06:23:51 estrator.py:742 Identified objects (4): ['stuffed animal', 'banana', 'tray', 'table']
  Generated 71 tokens in 4.6s (15.4 tok/s)
INFO 2026-08-20 06:23:55 estrator.py:747 Raw VLM decomposition output (258 chars): '{\n  "visible_objects": ["stuffed animal", "banana", "tray", "table"],\n  "excluded_objects": [],\n  "completed_objects": [],\n  "allowed_objects": ["stuffed animal", "banana"],\n  "subtasks": ["put the stuffed animal in the tray", "put the banana in the tray"]\n}'

Visible: ['stuffed animal', 'banana', 'tray', 'table']
Excluded: []
Completed: []
Allowed: ['stuffed animal', 'banana']

Parsed 2 sub-tasks:
  1. put the stuffed animal in the tray
  2. put the banana in the tray
INFO 2026-08-20 06:23:55 strator.py:1351 Sub-task queue (2):
INFO 2026-08-20 06:23:55 strator.py:1353   1. put the stuffed animal in the tray
INFO 2026-08-20 06:23:55 strator.py:1353   2. put the banana in the tray
INFO 2026-08-20 06:23:55 strator.py:1404 [1] Executing sub-task: 'put the stuffed animal in the tray' (1 retries left)
INFO 2026-08-20 06:23:55 ent_loop.py:567 Control loop started | task: 'put the stuffed animal in the tray' | duration: 30.0s
INFO 2026-08-20 06:23:55 ent_loop.py:514 Action receiver thread started
INFO 2026-08-20 06:24:14 ent_loop.py:755 Episode finished: 19.0s, converged=True, max_displacement=169.4197, actions=511
INFO 2026-08-20 06:24:14 ent_loop.py:346 Returning to home position...
INFO 2026-08-20 06:24:16 ent_loop.py:359 Home position reached.
INFO 2026-08-20 06:24:19 strator.py:1103 Saved VLM eval clip (32 frames) to runs/run_2026-08-20_06-23-01/01
INFO 2026-08-20 06:24:19 strator.py:1518 Evaluation observation: video clip (32 frames over 18.9s of a 19.0s episode, 1.64 fps)
  Generated 22 tokens in 1.8s (12.4 tok/s)
INFO 2026-08-20 06:24:21 estrator.py:828 Raw eval output: {"success": true, "reason": "The stuffed animal is now inside the tray as instructed."}
INFO 2026-08-20 06:24:21 strator.py:1558 VLM judgement: success=True | failure_type=RETRY | The stuffed animal is now inside the tray as instructed.
INFO 2026-08-20 06:24:21 strator.py:1404 [2] Executing sub-task: 'put the banana in the tray' (1 retries left)
INFO 2026-08-20 06:24:21 ent_loop.py:567 Control loop started | task: 'put the banana in the tray' | duration: 30.0s
INFO 2026-08-20 06:24:21 ent_loop.py:514 Action receiver thread started
INFO 2026-08-20 06:24:39 ent_loop.py:755 Episode finished: 17.7s, converged=True, max_displacement=218.6305, actions=478
INFO 2026-08-20 06:24:39 ent_loop.py:346 Returning to home position...
INFO 2026-08-20 06:24:41 ent_loop.py:359 Home position reached.
INFO 2026-08-20 06:24:43 strator.py:1103 Saved VLM eval clip (32 frames) to runs/run_2026-08-20_06-23-01/01
INFO 2026-08-20 06:24:43 strator.py:1518 Evaluation observation: video clip (32 frames over 17.6s of a 17.7s episode, 1.77 fps)
  Generated 21 tokens in 1.7s (12.3 tok/s)
INFO 2026-08-20 06:24:45 estrator.py:828 Raw eval output: {"success": true, "reason": "The banana is now on the tray as instructed."}
INFO 2026-08-20 06:24:45 strator.py:1558 VLM judgement: success=True | failure_type=RETRY | The banana is now on the tray as instructed.
INFO 2026-08-20 06:24:45 strator.py:1686 Running final evaluation against the original prompt...
INFO 2026-08-20 06:24:46 strator.py:1072 Saved VLM frame: runs/run_2026-08-20_06-23-01/01/final_eval_20260820_062446.png
  Generated 129 tokens in 8.5s (15.2 tok/s)

Scene survey output:
{
  "object_locations": [
    {
      "object": "banana",
      "evidence": "lying on top of a brown plush toy, which is inside the tray's rim",
      "support": "tray"
    },
    {
      "object": "plush toy",
      "evidence": "lying inside the tray's rim, beneath the banana",
      "support": "tray"
    },
    {
      "object": "pouch",
      "evidence": "lying on the bare table, to the left of the tray",
      "support": "table"
    }
  ]
}
INFO 2026-08-20 06:24:54 estrator.py:861 Final-eval surveyed 3 object(s):
INFO 2026-08-20 06:24:54 estrator.py:863   banana -> tray (lying on top of a brown plush toy, which is inside the tray's rim)
INFO 2026-08-20 06:24:54 estrator.py:863   plush toy -> tray (lying inside the tray's rim, beneath the banana)
INFO 2026-08-20 06:24:54 estrator.py:863   pouch -> table (lying on the bare table, to the left of the tray)
  Generated 143 tokens in 9.1s (15.7 tok/s)
INFO 2026-08-20 06:25:03 estrator.py:910 Raw final-judge output: {
  "object_status": [
    {
      "object": "banana",
      "location": "tray",
      "required": "tray",
      "ok": true
    },
    {
      "object": "plush toy",
      "location": "tray",
      "required": "tray",
      "ok": true
    },
    {
      "object": "pouch",
      "location": "table",
      "required": "tray",
      "ok": false
    }
  ],
  "reason": "The pouch is on the table instead of on the tray, so the instruction was not fully accomplished.",
  "success": false
}
WARNING 2026-08-20 06:25:03 strator.py:1705 Final evaluator reported 1 object(s) away from the table that no completed sub-task ever moved: ['plush toy']. Nothing in this task could have moved them, so the claim is rejected and the round is judged incomplete.
INFO 2026-08-20 06:25:03 strator.py:1726 FINAL VLM judgement for 'put everything away' (round 1): success=False | plush toy reported away from the table, but no sub-task ever moved it — treating it as still on the table and the task as incomplete.
INFO 2026-08-20 06:25:03 strator.py:1731   [ok ] banana: tray (required: tray)
INFO 2026-08-20 06:25:03 strator.py:1731   [BAD] plush toy: tray (required: tray)
INFO 2026-08-20 06:25:03 strator.py:1731   [BAD] pouch: table (required: tray)
INFO 2026-08-20 06:25:03 strator.py:1745 Round 1 complete for: 'put everything away'
INFO 2026-08-20 06:25:03 strator.py:1746   Completed 2/2 sub-tasks planned this round: ['put the stuffed animal in the tray', 'put the banana in the tray']
INFO 2026-08-20 06:25:03 strator.py:1259 Carrying 2 completed sub-task(s) into the re-decompose: ['put the stuffed animal in the tray', 'put the banana in the tray']
INFO 2026-08-20 06:25:03 strator.py:1261 Retry context passed to the planner:
A previous attempt at this same instruction was judged INCOMPLETE by the evaluator, who reported:
These objects are not yet where the instruction requires them:
- plush toy: currently tray, should be tray
- pouch: currently table, should be tray

These sub-tasks were already executed and verified complete in the previous attempt:
- put the stuffed animal in the tray
- put the banana in the tray
The objects they name are already at their destinations. Put those objects in completed_objects, NOT in allowed_objects, and do not plan any sub-task for them.

The camera image shows the CURRENT scene, after that attempt. The image is GROUND TRUTH: where the evaluator's report and the image disagree, believe the image.

Plan only the work that still REMAINS to satisfy the original instruction. If an object is already at its destination in the image, list it in completed_objects — do not put it in allowed_objects and do not give it a sub-task. Do not move any object the instruction says to leave alone; those go in excluded_objects.

Remember the invariant: every object in allowed_objects gets exactly one sub-task. Never return an empty subtasks list while allowed_objects is non-empty — an object that needs no action belongs in completed_objects.
WARNING 2026-08-20 06:25:03 strator.py:1262 Final evaluation judged 'put everything away' INCOMPLETE: plush toy reported away from the table, but no sub-task ever moved it — treating it as still on the table and the task as incomplete. — running the whole loop again.
INFO 2026-08-20 06:25:03 strator.py:1202 ============================================================
INFO 2026-08-20 06:25:03 strator.py:1203 ROUND 2 for 'put everything away' — re-decomposing against the current scene (0 retry round(s) left after this one).
INFO 2026-08-20 06:25:03 strator.py:1206 ============================================================
INFO 2026-08-20 06:25:03 strator.py:1333 Decomposing high-level prompt (round 2): 'put everything away'
INFO 2026-08-20 06:25:03 strator.py:1072 Saved VLM frame: runs/run_2026-08-20_06-23-01/01/decompose_round2_20260820_062503.png
  Generated 39 tokens in 2.5s (15.4 tok/s)

Identification output:
{
  "visible_objects": [
    "table",
    "banana",
    "toy",
    "tray",
    "pouch",
    "kumquat"
  ]
}
INFO 2026-08-20 06:25:06 estrator.py:742 Identified objects (6): ['table', 'banana', 'toy', 'tray', 'pouch', 'kumquat']
  Generated 90 tokens in 5.9s (15.2 tok/s)
INFO 2026-08-20 06:25:12 estrator.py:747 Raw VLM decomposition output (278 chars): '{\n  "visible_objects": ["table", "banana", "toy", "tray", "pouch", "kumquat"],\n  "excluded_objects": [],\n  "completed_objects": ["toy", "banana"],\n  "allowed_objects": ["pouch", "kumquat"],\n  "subtasks": [\n    "put the pouch on the tray",\n    "put the kumquat on the tray"\n  ]\n}'

Visible: ['table', 'banana', 'toy', 'tray', 'pouch', 'kumquat']
Excluded: []
Completed: ['toy', 'banana']
Allowed: ['pouch', 'kumquat']

Parsed 2 sub-tasks:
  1. put the pouch on the tray
  2. put the kumquat on the tray
INFO 2026-08-20 06:25:12 strator.py:1351 Sub-task queue (2):
INFO 2026-08-20 06:25:12 strator.py:1353   1. put the pouch on the tray
INFO 2026-08-20 06:25:12 strator.py:1353   2. put the kumquat on the tray
INFO 2026-08-20 06:25:12 strator.py:1404 [1] Executing sub-task: 'put the pouch on the tray' (1 retries left)
INFO 2026-08-20 06:25:12 ent_loop.py:567 Control loop started | task: 'put the pouch on the tray' | duration: 30.0s
INFO 2026-08-20 06:25:12 ent_loop.py:514 Action receiver thread started
INFO 2026-08-20 06:25:31 ent_loop.py:755 Episode finished: 19.1s, converged=True, max_displacement=221.6703, actions=516
INFO 2026-08-20 06:25:31 ent_loop.py:346 Returning to home position...
INFO 2026-08-20 06:25:33 ent_loop.py:359 Home position reached.
INFO 2026-08-20 06:25:36 strator.py:1103 Saved VLM eval clip (32 frames) to runs/run_2026-08-20_06-23-01/01
INFO 2026-08-20 06:25:36 strator.py:1518 Evaluation observation: video clip (32 frames over 18.8s of a 19.1s episode, 1.65 fps)
  Generated 21 tokens in 1.7s (12.2 tok/s)
INFO 2026-08-20 06:25:38 estrator.py:828 Raw eval output: {"success": true, "reason": "The pouch is now on the tray as instructed."}
INFO 2026-08-20 06:25:38 strator.py:1558 VLM judgement: success=True | failure_type=RETRY | The pouch is now on the tray as instructed.
INFO 2026-08-20 06:25:38 strator.py:1404 [2] Executing sub-task: 'put the kumquat on the tray' (1 retries left)
INFO 2026-08-20 06:25:38 ent_loop.py:567 Control loop started | task: 'put the kumquat on the tray' | duration: 30.0s
INFO 2026-08-20 06:25:38 ent_loop.py:514 Action receiver thread started
[INTERJECT] ABORT requested — stopping current action...
INFO 2026-08-20 06:25:44 ent_loop.py:755 Episode finished: 6.3s, converged=False, max_displacement=2.0647, actions=114
WARNING 2026-08-20 06:25:44 strator.py:1324 ABORT requested during sub-task 'put the kumquat on the tray' — abandoning high-level task 'put everything away' and returning to the prompt.
INFO 2026-08-20 06:25:44 ent_loop.py:346 Returning to home position...
INFO 2026-08-20 06:25:46 ent_loop.py:359 Home position reached.
INFO 2026-08-20 06:25:46 strator.py:1624   Completed before the abort: ['put the pouch on the tray']
