DEBUG 2026-09-03 09:27:53 === episode start | task: 'put the cylinder on the tray' | duration: 50.0s ===
DEBUG 2026-09-03 09:27:54 [chunk] dropped stale chunk (ts0=736 > max_sent=0)
DEBUG 2026-09-03 09:27:55 [chunk] received 50 actions, timesteps 0..49 | first: shoulder_pan.pos=-4.67 shoulder_lift.pos=-102.04 elbow_flex.pos=+88.67 wrist_flex.pos=+74.26 wrist_roll.pos=+0.08 gripper.pos=+0.74 | last: shoulder_pan.pos=-4.45 shoulder_lift.pos=-99.80 elbow_flex.pos=+78.92 wrist_flex.pos=+71.20 wrist_roll.pos=+0.01 gripper.pos=+0.81
DEBUG 2026-09-03 09:27:55 [action #1] t=1.77s step=0 queue=50 dmax=n/a | shoulder_pan.pos=-4.67 shoulder_lift.pos=-102.04 elbow_flex.pos=+88.67 wrist_flex.pos=+74.26 wrist_roll.pos=+0.08 gripper.pos=+0.74
DEBUG 2026-09-03 09:27:55 [action #2] t=1.81s step=1 queue=49 dmax=0.294 | shoulder_pan.pos=-4.97 shoulder_lift.pos=-101.83 elbow_flex.pos=+88.54 wrist_flex.pos=+74.12 wrist_roll.pos=+0.04 gripper.pos=+0.81
DEBUG 2026-09-03 09:27:55 [action #3] t=1.84s step=2 queue=48 dmax=0.449 | shoulder_pan.pos=-5.26 shoulder_lift.pos=-101.64 elbow_flex.pos=+88.09 wrist_flex.pos=+73.99 wrist_roll.pos=+0.07 gripper.pos=+0.84
DEBUG 2026-09-03 09:27:55 [action #4] t=1.87s step=3 queue=47 dmax=0.653 | shoulder_pan.pos=-5.55 shoulder_lift.pos=-102.30 elbow_flex.pos=+88.12 wrist_flex.pos=+73.86 wrist_roll.pos=+0.01 gripper.pos=+0.80
DEBUG 2026-09-03 09:27:55 [action #5] t=1.91s step=4 queue=46 dmax=0.408 | shoulder_pan.pos=-5.96 shoulder_lift.pos=-102.15 elbow_flex.pos=+88.47 wrist_flex.pos=+73.88 wrist_roll.pos=+0.03 gripper.pos=+0.87
DEBUG 2026-09-03 09:27:55 [action #6] t=1.94s step=5 queue=45 dmax=0.546 | shoulder_pan.pos=-6.50 shoulder_lift.pos=-101.96 elbow_flex.pos=+87.96 wrist_flex.pos=+73.70 wrist_roll.pos=+0.07 gripper.pos=+0.79
DEBUG 2026-09-03 09:27:55 [action #7] t=1.97s step=6 queue=44 dmax=0.468 | shoulder_pan.pos=-6.97 shoulder_lift.pos=-102.22 elbow_flex.pos=+88.08 wrist_flex.pos=+73.70 wrist_roll.pos=+0.04 gripper.pos=+0.78
DEBUG 2026-09-03 09:27:55 [action #8] t=2.01s step=7 queue=43 dmax=0.217 | shoulder_pan.pos=-7.18 shoulder_lift.pos=-102.00 elbow_flex.pos=+88.16 wrist_flex.pos=+73.83 wrist_roll.pos=+0.10 gripper.pos=+0.89
DEBUG 2026-09-03 09:27:55 [action #9] t=2.04s step=8 queue=42 dmax=0.365 | shoulder_pan.pos=-7.44 shoulder_lift.pos=-101.83 elbow_flex.pos=+87.80 wrist_flex.pos=+73.87 wrist_roll.pos=+0.09 gripper.pos=+0.84
DEBUG 2026-09-03 09:27:55 [action #10] t=2.07s step=9 queue=41 dmax=0.375 | shoulder_pan.pos=-7.39 shoulder_lift.pos=-102.21 elbow_flex.pos=+87.81 wrist_flex.pos=+73.71 wrist_roll.pos=+0.13 gripper.pos=+0.84
DEBUG 2026-09-03 09:27:55 [action #11] t=2.11s step=10 queue=40 dmax=0.212 | shoulder_pan.pos=-7.20 shoulder_lift.pos=-102.17 elbow_flex.pos=+87.60 wrist_flex.pos=+73.58 wrist_roll.pos=+0.08 gripper.pos=+0.84
DEBUG 2026-09-03 09:27:56 [action #12] t=2.14s step=11 queue=39 dmax=0.609 | shoulder_pan.pos=-7.37 shoulder_lift.pos=-101.56 elbow_flex.pos=+87.76 wrist_flex.pos=+73.56 wrist_roll.pos=+0.17 gripper.pos=+0.71
DEBUG 2026-09-03 09:27:56 [action #13] t=2.17s step=12 queue=38 dmax=0.156 | shoulder_pan.pos=-7.37 shoulder_lift.pos=-101.64 elbow_flex.pos=+87.92 wrist_flex.pos=+73.62 wrist_roll.pos=+0.16 gripper.pos=+0.73
DEBUG 2026-09-03 09:27:56 [action #14] t=2.21s step=13 queue=37 dmax=0.619 | shoulder_pan.pos=-7.23 shoulder_lift.pos=-102.04 elbow_flex.pos=+87.30 wrist_flex.pos=+73.70 wrist_roll.pos=+0.16 gripper.pos=+0.94
DEBUG 2026-09-03 09:27:56 [action #15] t=2.24s step=14 queue=36 dmax=0.486 | shoulder_pan.pos=-7.45 shoulder_lift.pos=-101.75 elbow_flex.pos=+87.78 wrist_flex.pos=+73.53 wrist_roll.pos=+0.15 gripper.pos=+0.86
DEBUG 2026-09-03 09:27:56 [action #16] t=2.27s step=15 queue=35 dmax=0.351 | shoulder_pan.pos=-7.10 shoulder_lift.pos=-101.56 elbow_flex.pos=+87.73 wrist_flex.pos=+73.36 wrist_roll.pos=+0.13 gripper.pos=+0.80
DEBUG 2026-09-03 09:27:56 [action #17] t=2.31s step=16 queue=34 dmax=0.503 | shoulder_pan.pos=-7.02 shoulder_lift.pos=-102.06 elbow_flex.pos=+87.87 wrist_flex.pos=+73.31 wrist_roll.pos=+0.12 gripper.pos=+0.80
DEBUG 2026-09-03 09:27:56 [action #18] t=2.34s step=17 queue=33 dmax=0.387 | shoulder_pan.pos=-6.63 shoulder_lift.pos=-102.06 elbow_flex.pos=+87.84 wrist_flex.pos=+72.96 wrist_roll.pos=+0.08 gripper.pos=+0.86
DEBUG 2026-09-03 09:27:56 [action #19] t=2.37s step=18 queue=32 dmax=0.443 | shoulder_pan.pos=-6.43 shoulder_lift.pos=-101.61 elbow_flex.pos=+87.81 wrist_flex.pos=+72.84 wrist_roll.pos=+0.09 gripper.pos=+0.81
DEBUG 2026-09-03 09:27:56 [action #20] t=2.41s step=19 queue=31 dmax=0.468 | shoulder_pan.pos=-6.28 shoulder_lift.pos=-101.57 elbow_flex.pos=+87.92 wrist_flex.pos=+72.37 wrist_roll.pos=+0.06 gripper.pos=+0.97
DEBUG 2026-09-03 09:27:56 [action #21] t=2.44s step=20 queue=30 dmax=0.323 | shoulder_pan.pos=-6.40 shoulder_lift.pos=-101.90 elbow_flex.pos=+88.21 wrist_flex.pos=+72.18 wrist_roll.pos=-0.10 gripper.pos=+0.88
DEBUG 2026-09-03 09:27:56 [action #22] t=2.47s step=21 queue=29 dmax=0.503 | shoulder_pan.pos=-6.13 shoulder_lift.pos=-102.01 elbow_flex.pos=+88.06 wrist_flex.pos=+71.68 wrist_roll.pos=-0.02 gripper.pos=+0.97
DEBUG 2026-09-03 09:27:56 [action #23] t=2.51s step=22 queue=28 dmax=0.350 | shoulder_pan.pos=-6.24 shoulder_lift.pos=-101.66 elbow_flex.pos=+88.06 wrist_flex.pos=+71.39 wrist_roll.pos=-0.06 gripper.pos=+0.91
DEBUG 2026-09-03 09:27:56 [action #24] t=2.54s step=23 queue=27 dmax=0.568 | shoulder_pan.pos=-6.13 shoulder_lift.pos=-101.75 elbow_flex.pos=+87.79 wrist_flex.pos=+70.82 wrist_roll.pos=+0.04 gripper.pos=+0.94
DEBUG 2026-09-03 09:27:56 [action #25] t=2.57s step=24 queue=26 dmax=0.619 | shoulder_pan.pos=-6.06 shoulder_lift.pos=-101.77 elbow_flex.pos=+88.06 wrist_flex.pos=+70.20 wrist_roll.pos=+0.00 gripper.pos=+0.94
DEBUG 2026-09-03 09:27:56 [action #26] t=2.61s step=25 queue=25 dmax=0.335 | shoulder_pan.pos=-6.17 shoulder_lift.pos=-101.96 elbow_flex.pos=+88.30 wrist_flex.pos=+69.87 wrist_roll.pos=+0.08 gripper.pos=+0.85
DEBUG 2026-09-03 09:27:56 [action #27] t=2.64s step=26 queue=24 dmax=0.575 | shoulder_pan.pos=-5.97 shoulder_lift.pos=-102.29 elbow_flex.pos=+88.16 wrist_flex.pos=+69.29 wrist_roll.pos=+0.10 gripper.pos=+0.79
DEBUG 2026-09-03 09:27:56 [action #28] t=2.68s step=27 queue=23 dmax=0.680 | shoulder_pan.pos=-6.09 shoulder_lift.pos=-101.61 elbow_flex.pos=+87.96 wrist_flex.pos=+69.26 wrist_roll.pos=+0.09 gripper.pos=+0.89
DEBUG 2026-09-03 09:27:56 [action #29] t=2.71s step=28 queue=22 dmax=0.488 | shoulder_pan.pos=-5.74 shoulder_lift.pos=-102.05 elbow_flex.pos=+87.69 wrist_flex.pos=+68.77 wrist_roll.pos=+0.08 gripper.pos=+0.82
DEBUG 2026-09-03 09:27:56 [action #30] t=2.74s step=29 queue=21 dmax=0.199 | shoulder_pan.pos=-5.68 shoulder_lift.pos=-102.25 elbow_flex.pos=+87.68 wrist_flex.pos=+68.69 wrist_roll.pos=+0.09 gripper.pos=+0.89
DEBUG 2026-09-03 09:27:56 [action #31] t=2.78s step=30 queue=20 dmax=0.340 | shoulder_pan.pos=-5.37 shoulder_lift.pos=-101.99 elbow_flex.pos=+87.44 wrist_flex.pos=+68.35 wrist_roll.pos=+0.11 gripper.pos=+0.91
DEBUG 2026-09-03 09:27:56 [chunk] received 50 actions, timesteps 3..52 | first: shoulder_pan.pos=-5.17 shoulder_lift.pos=-101.05 elbow_flex.pos=+88.82 wrist_flex.pos=+73.61 wrist_roll.pos=+0.21 gripper.pos=+0.97 | last: shoulder_pan.pos=-3.82 shoulder_lift.pos=-90.33 elbow_flex.pos=+74.43 wrist_flex.pos=+69.94 wrist_roll.pos=-0.60 gripper.pos=+1.05
DEBUG 2026-09-03 09:27:56 [action #32] t=2.81s step=31 queue=22 dmax=0.836 | shoulder_pan.pos=-5.33 shoulder_lift.pos=-101.87 elbow_flex.pos=+86.60 wrist_flex.pos=+68.83 wrist_roll.pos=+0.03 gripper.pos=+0.91
DEBUG 2026-09-03 09:27:56 [action #33] t=2.84s step=32 queue=21 dmax=0.421 | shoulder_pan.pos=-5.14 shoulder_lift.pos=-101.45 elbow_flex.pos=+86.65 wrist_flex.pos=+68.76 wrist_roll.pos=-0.04 gripper.pos=+1.02
DEBUG 2026-09-03 09:27:56 [action #34] t=2.88s step=33 queue=20 dmax=0.326 | shoulder_pan.pos=-5.16 shoulder_lift.pos=-101.49 elbow_flex.pos=+86.33 wrist_flex.pos=+68.91 wrist_roll.pos=+0.06 gripper.pos=+0.97
DEBUG 2026-09-03 09:27:56 [action #35] t=2.91s step=34 queue=19 dmax=0.261 | shoulder_pan.pos=-5.09 shoulder_lift.pos=-101.72 elbow_flex.pos=+86.07 wrist_flex.pos=+68.83 wrist_roll.pos=+0.07 gripper.pos=+0.91
DEBUG 2026-09-03 09:27:56 [action #36] t=2.94s step=35 queue=18 dmax=0.254 | shoulder_pan.pos=-4.98 shoulder_lift.pos=-101.46 elbow_flex.pos=+85.99 wrist_flex.pos=+68.94 wrist_roll.pos=+0.04 gripper.pos=+0.89
DEBUG 2026-09-03 09:27:56 [action #37] t=2.98s step=36 queue=17 dmax=0.687 | shoulder_pan.pos=-4.86 shoulder_lift.pos=-101.28 elbow_flex.pos=+85.30 wrist_flex.pos=+68.98 wrist_roll.pos=+0.06 gripper.pos=+0.89
DEBUG 2026-09-03 09:27:56 [action #38] t=3.01s step=37 queue=16 dmax=0.357 | shoulder_pan.pos=-4.84 shoulder_lift.pos=-101.64 elbow_flex.pos=+85.48 wrist_flex.pos=+69.05 wrist_roll.pos=+0.04 gripper.pos=+0.92
DEBUG 2026-09-03 09:27:56 [action #39] t=3.04s step=38 queue=15 dmax=0.462 | shoulder_pan.pos=-4.89 shoulder_lift.pos=-101.18 elbow_flex.pos=+85.10 wrist_flex.pos=+69.17 wrist_roll.pos=+0.04 gripper.pos=+0.90
DEBUG 2026-09-03 09:27:56 [action #40] t=3.08s step=39 queue=14 dmax=0.351 | shoulder_pan.pos=-4.82 shoulder_lift.pos=-101.53 elbow_flex.pos=+85.35 wrist_flex.pos=+69.28 wrist_roll.pos=+0.05 gripper.pos=+0.91
DEBUG 2026-09-03 09:27:56 [action #41] t=3.11s step=40 queue=13 dmax=0.731 | shoulder_pan.pos=-4.93 shoulder_lift.pos=-101.38 elbow_flex.pos=+84.62 wrist_flex.pos=+69.35 wrist_roll.pos=+0.04 gripper.pos=+0.84
DEBUG 2026-09-03 09:27:57 [action #42] t=3.14s step=41 queue=12 dmax=0.610 | shoulder_pan.pos=-4.87 shoulder_lift.pos=-100.77 elbow_flex.pos=+84.45 wrist_flex.pos=+69.39 wrist_roll.pos=+0.04 gripper.pos=+0.89
DEBUG 2026-09-03 09:27:57 [action #43] t=3.18s step=42 queue=11 dmax=0.556 | shoulder_pan.pos=-4.79 shoulder_lift.pos=-100.75 elbow_flex.pos=+83.89 wrist_flex.pos=+69.49 wrist_roll.pos=+0.06 gripper.pos=+0.85
DEBUG 2026-09-03 09:27:57 [action #44] t=3.21s step=43 queue=10 dmax=0.328 | shoulder_pan.pos=-4.76 shoulder_lift.pos=-100.85 elbow_flex.pos=+83.56 wrist_flex.pos=+69.71 wrist_roll.pos=-0.02 gripper.pos=+0.80
DEBUG 2026-09-03 09:27:57 [action #45] t=3.24s step=44 queue=9 dmax=0.287 | shoulder_pan.pos=-4.71 shoulder_lift.pos=-100.92 elbow_flex.pos=+83.28 wrist_flex.pos=+69.91 wrist_roll.pos=-0.04 gripper.pos=+0.91
DEBUG 2026-09-03 09:27:57 [action #46] t=3.28s step=45 queue=8 dmax=0.628 | shoulder_pan.pos=-4.65 shoulder_lift.pos=-100.29 elbow_flex.pos=+82.93 wrist_flex.pos=+70.19 wrist_roll.pos=-0.01 gripper.pos=+0.94
DEBUG 2026-09-03 09:27:57 [action #47] t=3.31s step=46 queue=7 dmax=0.862 | shoulder_pan.pos=-4.46 shoulder_lift.pos=-99.75 elbow_flex.pos=+82.07 wrist_flex.pos=+70.20 wrist_roll.pos=-0.10 gripper.pos=+0.96
DEBUG 2026-09-03 09:27:57 [action #48] t=3.34s step=47 queue=6 dmax=0.662 | shoulder_pan.pos=-4.49 shoulder_lift.pos=-99.37 elbow_flex.pos=+81.41 wrist_flex.pos=+70.56 wrist_roll.pos=-0.10 gripper.pos=+0.85
DEBUG 2026-09-03 09:27:57 [action #49] t=3.38s step=48 queue=5 dmax=0.996 | shoulder_pan.pos=-4.40 shoulder_lift.pos=-98.38 elbow_flex.pos=+80.41 wrist_flex.pos=+70.51 wrist_roll.pos=-0.15 gripper.pos=+0.91
DEBUG 2026-09-03 09:27:57 [action #50] t=3.41s step=49 queue=4 dmax=1.166 | shoulder_pan.pos=-4.15 shoulder_lift.pos=-97.26 elbow_flex.pos=+79.24 wrist_flex.pos=+70.50 wrist_roll.pos=-0.22 gripper.pos=+0.84
DEBUG 2026-09-03 09:27:57 [action #51] t=3.44s step=50 queue=3 dmax=2.981 | shoulder_pan.pos=-4.05 shoulder_lift.pos=-94.28 elbow_flex.pos=+77.86 wrist_flex.pos=+70.12 wrist_roll.pos=-0.42 gripper.pos=+0.85
DEBUG 2026-09-03 09:27:57 [action #52] t=3.48s step=51 queue=2 dmax=2.208 | shoulder_pan.pos=-3.99 shoulder_lift.pos=-92.08 elbow_flex.pos=+76.07 wrist_flex.pos=+69.94 wrist_roll.pos=-0.51 gripper.pos=+0.97
DEBUG 2026-09-03 09:27:57 [action #53] t=3.51s step=52 queue=1 dmax=1.743 | shoulder_pan.pos=-3.82 shoulder_lift.pos=-90.33 elbow_flex.pos=+74.43 wrist_flex.pos=+69.94 wrist_roll.pos=-0.60 gripper.pos=+1.05
DEBUG 2026-09-03 09:27:57 [chunk] received 50 actions, timesteps 30..79 | first: shoulder_pan.pos=-6.07 shoulder_lift.pos=-102.18 elbow_flex.pos=+88.16 wrist_flex.pos=+68.53 wrist_roll.pos=-0.10 gripper.pos=+0.75 | last: shoulder_pan.pos=-4.88 shoulder_lift.pos=-74.15 elbow_flex.pos=+61.43 wrist_flex.pos=+68.66 wrist_roll.pos=-1.51 gripper.pos=+0.80
DEBUG 2026-09-03 09:27:57 [action #54] t=3.75s step=53 queue=27 dmax=12.013 | shoulder_pan.pos=-5.50 shoulder_lift.pos=-102.34 elbow_flex.pos=+83.23 wrist_flex.pos=+69.08 wrist_roll.pos=-0.24 gripper.pos=+0.71
DEBUG 2026-09-03 09:27:57 [action #55] t=3.78s step=54 queue=26 dmax=0.523 | shoulder_pan.pos=-5.71 shoulder_lift.pos=-102.62 elbow_flex.pos=+82.74 wrist_flex.pos=+69.60 wrist_roll.pos=-0.27 gripper.pos=+0.71
DEBUG 2026-09-03 09:27:57 [action #56] t=3.81s step=55 queue=25 dmax=0.594 | shoulder_pan.pos=-5.79 shoulder_lift.pos=-102.44 elbow_flex.pos=+82.14 wrist_flex.pos=+70.12 wrist_roll.pos=-0.21 gripper.pos=+0.64
DEBUG 2026-09-03 09:27:57 [action #57] t=3.85s step=56 queue=24 dmax=0.532 | shoulder_pan.pos=-5.89 shoulder_lift.pos=-102.84 elbow_flex.pos=+81.93 wrist_flex.pos=+70.65 wrist_roll.pos=-0.10 gripper.pos=+0.79
DEBUG 2026-09-03 09:27:57 [action #58] t=3.88s step=57 queue=23 dmax=0.828 | shoulder_pan.pos=-5.95 shoulder_lift.pos=-102.94 elbow_flex.pos=+81.10 wrist_flex.pos=+71.28 wrist_roll.pos=-0.10 gripper.pos=+0.71
DEBUG 2026-09-03 09:27:57 [action #59] t=3.91s step=58 queue=22 dmax=0.498 | shoulder_pan.pos=-5.91 shoulder_lift.pos=-102.50 elbow_flex.pos=+80.60 wrist_flex.pos=+71.54 wrist_roll.pos=-0.10 gripper.pos=+0.80
DEBUG 2026-09-03 09:27:57 [action #60] t=3.95s step=59 queue=21 dmax=0.331 | shoulder_pan.pos=-5.90 shoulder_lift.pos=-102.56 elbow_flex.pos=+80.31 wrist_flex.pos=+71.88 wrist_roll.pos=-0.18 gripper.pos=+0.80
DEBUG 2026-09-03 09:27:57 [action #61] t=3.98s step=60 queue=20 dmax=0.666 | shoulder_pan.pos=-5.91 shoulder_lift.pos=-102.06 elbow_flex.pos=+79.64 wrist_flex.pos=+72.20 wrist_roll.pos=-0.24 gripper.pos=+0.70
DEBUG 2026-09-03 09:27:57 [action #62] t=4.01s step=61 queue=19 dmax=0.352 | shoulder_pan.pos=-5.88 shoulder_lift.pos=-101.71 elbow_flex.pos=+79.58 wrist_flex.pos=+72.15 wrist_roll.pos=-0.26 gripper.pos=+0.86
DEBUG 2026-09-03 09:27:57 [action #63] t=4.05s step=62 queue=18 dmax=0.203 | shoulder_pan.pos=-5.67 shoulder_lift.pos=-101.59 elbow_flex.pos=+79.58 wrist_flex.pos=+72.13 wrist_roll.pos=-0.30 gripper.pos=+0.81
DEBUG 2026-09-03 09:27:57 [action #64] t=4.08s step=63 queue=17 dmax=0.774 | shoulder_pan.pos=-5.58 shoulder_lift.pos=-100.82 elbow_flex.pos=+78.86 wrist_flex.pos=+71.77 wrist_roll.pos=-0.34 gripper.pos=+0.79
DEBUG 2026-09-03 09:27:57 [action #65] t=4.11s step=64 queue=16 dmax=0.354 | shoulder_pan.pos=-5.44 shoulder_lift.pos=-100.51 elbow_flex.pos=+78.86 wrist_flex.pos=+71.42 wrist_roll.pos=-0.37 gripper.pos=+0.81
DEBUG 2026-09-03 09:27:58 [action #66] t=4.15s step=65 queue=15 dmax=1.610 | shoulder_pan.pos=-5.57 shoulder_lift.pos=-98.90 elbow_flex.pos=+77.28 wrist_flex.pos=+70.97 wrist_roll.pos=-0.39 gripper.pos=+0.74
DEBUG 2026-09-03 09:27:58 [action #67] t=4.18s step=66 queue=14 dmax=1.324 | shoulder_pan.pos=-5.63 shoulder_lift.pos=-97.57 elbow_flex.pos=+76.70 wrist_flex.pos=+70.60 wrist_roll.pos=-0.43 gripper.pos=+0.78
DEBUG 2026-09-03 09:27:58 [action #68] t=4.21s step=67 queue=13 dmax=1.689 | shoulder_pan.pos=-5.67 shoulder_lift.pos=-95.89 elbow_flex.pos=+75.38 wrist_flex.pos=+70.11 wrist_roll.pos=-0.52 gripper.pos=+0.67
DEBUG 2026-09-03 09:27:58 [action #69] t=4.25s step=68 queue=12 dmax=2.111 | shoulder_pan.pos=-5.56 shoulder_lift.pos=-93.77 elbow_flex.pos=+74.57 wrist_flex.pos=+69.69 wrist_roll.pos=-0.49 gripper.pos=+0.60
DEBUG 2026-09-03 09:27:58 [action #70] t=4.28s step=69 queue=11 dmax=1.577 | shoulder_pan.pos=-5.41 shoulder_lift.pos=-92.20 elbow_flex.pos=+73.23 wrist_flex.pos=+69.24 wrist_roll.pos=-0.56 gripper.pos=+0.77
DEBUG 2026-09-03 09:27:58 [action #71] t=4.31s step=70 queue=10 dmax=2.479 | shoulder_pan.pos=-5.19 shoulder_lift.pos=-89.72 elbow_flex.pos=+72.12 wrist_flex.pos=+69.07 wrist_roll.pos=-0.68 gripper.pos=+0.81
DEBUG 2026-09-03 09:27:58 [action #72] t=4.35s step=71 queue=9 dmax=2.390 | shoulder_pan.pos=-5.34 shoulder_lift.pos=-87.33 elbow_flex.pos=+70.38 wrist_flex.pos=+68.81 wrist_roll.pos=-0.74 gripper.pos=+0.73
DEBUG 2026-09-03 09:27:58 [action #73] t=4.38s step=72 queue=8 dmax=1.423 | shoulder_pan.pos=-5.47 shoulder_lift.pos=-85.90 elbow_flex.pos=+69.87 wrist_flex.pos=+68.71 wrist_roll.pos=-0.78 gripper.pos=+0.85
DEBUG 2026-09-03 09:27:58 [action #74] t=4.41s step=73 queue=7 dmax=1.858 | shoulder_pan.pos=-5.12 shoulder_lift.pos=-84.05 elbow_flex.pos=+68.57 wrist_flex.pos=+68.75 wrist_roll.pos=-0.77 gripper.pos=+0.71
DEBUG 2026-09-03 09:27:58 [action #75] t=4.45s step=74 queue=6 dmax=1.596 | shoulder_pan.pos=-5.09 shoulder_lift.pos=-82.45 elbow_flex.pos=+67.73 wrist_flex.pos=+68.63 wrist_roll.pos=-0.97 gripper.pos=+0.84
DEBUG 2026-09-03 09:27:58 [action #76] t=4.48s step=75 queue=5 dmax=1.571 | shoulder_pan.pos=-4.93 shoulder_lift.pos=-80.88 elbow_flex.pos=+66.28 wrist_flex.pos=+68.64 wrist_roll.pos=-1.06 gripper.pos=+0.79
DEBUG 2026-09-03 09:27:58 [action #77] t=4.51s step=76 queue=4 dmax=1.645 | shoulder_pan.pos=-5.15 shoulder_lift.pos=-79.23 elbow_flex.pos=+65.28 wrist_flex.pos=+68.68 wrist_roll.pos=-1.19 gripper.pos=+0.79
DEBUG 2026-09-03 09:27:58 [chunk] received 50 actions, timesteps 52..101 | first: shoulder_pan.pos=-3.86 shoulder_lift.pos=-91.16 elbow_flex.pos=+73.50 wrist_flex.pos=+69.50 wrist_roll.pos=-0.01 gripper.pos=+0.85 | last: shoulder_pan.pos=-7.73 shoulder_lift.pos=-51.31 elbow_flex.pos=+51.36 wrist_flex.pos=+72.48 wrist_roll.pos=-1.89 gripper.pos=+31.66
DEBUG 2026-09-03 09:27:58 [action #78] t=4.55s step=77 queue=25 dmax=17.393 | shoulder_pan.pos=-5.81 shoulder_lift.pos=-61.84 elbow_flex.pos=+55.08 wrist_flex.pos=+69.37 wrist_roll.pos=-1.75 gripper.pos=+5.36
DEBUG 2026-09-03 09:27:58 [action #79] t=4.58s step=78 queue=24 dmax=1.536 | shoulder_pan.pos=-5.94 shoulder_lift.pos=-60.30 elbow_flex.pos=+54.76 wrist_flex.pos=+69.56 wrist_roll.pos=-1.58 gripper.pos=+6.80
DEBUG 2026-09-03 09:27:58 [action #80] t=4.61s step=79 queue=23 dmax=1.361 | shoulder_pan.pos=-6.02 shoulder_lift.pos=-59.19 elbow_flex.pos=+54.24 wrist_flex.pos=+69.71 wrist_roll.pos=-1.75 gripper.pos=+8.16
DEBUG 2026-09-03 09:27:58 [action #81] t=4.65s step=80 queue=22 dmax=6.379 | shoulder_pan.pos=-6.59 shoulder_lift.pos=-52.81 elbow_flex.pos=+51.35 wrist_flex.pos=+70.69 wrist_roll.pos=-1.91 gripper.pos=+13.06
DEBUG 2026-09-03 09:27:58 [action #82] t=4.68s step=81 queue=21 dmax=1.892 | shoulder_pan.pos=-6.51 shoulder_lift.pos=-52.90 elbow_flex.pos=+50.88 wrist_flex.pos=+70.92 wrist_roll.pos=-1.87 gripper.pos=+14.95
DEBUG 2026-09-03 09:27:58 [action #83] t=4.72s step=82 queue=20 dmax=1.840 | shoulder_pan.pos=-6.64 shoulder_lift.pos=-53.28 elbow_flex.pos=+50.86 wrist_flex.pos=+71.49 wrist_roll.pos=-1.94 gripper.pos=+16.79
DEBUG 2026-09-03 09:27:58 [action #84] t=4.75s step=83 queue=19 dmax=1.602 | shoulder_pan.pos=-6.59 shoulder_lift.pos=-53.18 elbow_flex.pos=+51.15 wrist_flex.pos=+71.96 wrist_roll.pos=-1.96 gripper.pos=+18.39
DEBUG 2026-09-03 09:27:58 [action #85] t=4.78s step=84 queue=18 dmax=1.451 | shoulder_pan.pos=-6.74 shoulder_lift.pos=-53.46 elbow_flex.pos=+51.13 wrist_flex.pos=+72.39 wrist_roll.pos=-2.02 gripper.pos=+19.84
DEBUG 2026-09-03 09:27:58 [action #86] t=4.82s step=85 queue=17 dmax=1.104 | shoulder_pan.pos=-6.67 shoulder_lift.pos=-53.62 elbow_flex.pos=+51.19 wrist_flex.pos=+72.91 wrist_roll.pos=-2.00 gripper.pos=+20.95
DEBUG 2026-09-03 09:27:58 [action #87] t=4.85s step=86 queue=16 dmax=0.989 | shoulder_pan.pos=-6.95 shoulder_lift.pos=-53.91 elbow_flex.pos=+51.66 wrist_flex.pos=+73.33 wrist_roll.pos=-2.21 gripper.pos=+21.94
DEBUG 2026-09-03 09:27:58 [action #88] t=4.88s step=87 queue=15 dmax=0.681 | shoulder_pan.pos=-6.95 shoulder_lift.pos=-54.34 elbow_flex.pos=+51.46 wrist_flex.pos=+73.74 wrist_roll.pos=-2.24 gripper.pos=+22.62
DEBUG 2026-09-03 09:27:58 [action #89] t=4.92s step=88 queue=14 dmax=0.628 | shoulder_pan.pos=-7.20 shoulder_lift.pos=-54.34 elbow_flex.pos=+52.01 wrist_flex.pos=+74.13 wrist_roll.pos=-2.27 gripper.pos=+23.25
DEBUG 2026-09-03 09:27:58 [action #90] t=4.95s step=89 queue=13 dmax=0.517 | shoulder_pan.pos=-7.36 shoulder_lift.pos=-54.86 elbow_flex.pos=+51.72 wrist_flex.pos=+74.33 wrist_roll.pos=-2.39 gripper.pos=+23.70
DEBUG 2026-09-03 09:27:58 [action #91] t=4.98s step=90 queue=12 dmax=0.923 | shoulder_pan.pos=-7.53 shoulder_lift.pos=-54.48 elbow_flex.pos=+51.69 wrist_flex.pos=+74.25 wrist_roll.pos=-2.35 gripper.pos=+24.62
DEBUG 2026-09-03 09:27:58 [action #92] t=5.02s step=91 queue=11 dmax=0.727 | shoulder_pan.pos=-7.32 shoulder_lift.pos=-55.03 elbow_flex.pos=+50.97 wrist_flex.pos=+74.16 wrist_roll.pos=-2.42 gripper.pos=+25.12
DEBUG 2026-09-03 09:27:58 [action #93] t=5.05s step=92 queue=10 dmax=1.564 | shoulder_pan.pos=-7.48 shoulder_lift.pos=-54.43 elbow_flex.pos=+51.95 wrist_flex.pos=+74.18 wrist_roll.pos=-2.33 gripper.pos=+26.69
DEBUG 2026-09-03 09:27:58 [action #94] t=5.08s step=93 queue=9 dmax=1.468 | shoulder_pan.pos=-7.60 shoulder_lift.pos=-54.42 elbow_flex.pos=+52.44 wrist_flex.pos=+74.08 wrist_roll.pos=-2.37 gripper.pos=+28.15
DEBUG 2026-09-03 09:27:58 [action #95] t=5.12s step=94 queue=8 dmax=1.202 | shoulder_pan.pos=-7.36 shoulder_lift.pos=-54.48 elbow_flex.pos=+52.03 wrist_flex.pos=+73.95 wrist_roll.pos=-2.17 gripper.pos=+29.36
DEBUG 2026-09-03 09:27:59 [action #96] t=5.15s step=95 queue=7 dmax=1.043 | shoulder_pan.pos=-7.45 shoulder_lift.pos=-53.86 elbow_flex.pos=+51.77 wrist_flex.pos=+74.02 wrist_roll.pos=-1.99 gripper.pos=+30.40
DEBUG 2026-09-03 09:27:59 [action #97] t=5.18s step=96 queue=6 dmax=0.413 | shoulder_pan.pos=-7.42 shoulder_lift.pos=-53.69 elbow_flex.pos=+52.13 wrist_flex.pos=+73.79 wrist_roll.pos=-1.98 gripper.pos=+30.81
DEBUG 2026-09-03 09:27:59 [action #98] t=5.22s step=97 queue=5 dmax=0.457 | shoulder_pan.pos=-7.31 shoulder_lift.pos=-54.15 elbow_flex.pos=+52.28 wrist_flex.pos=+73.64 wrist_roll.pos=-1.87 gripper.pos=+31.04
DEBUG 2026-09-03 09:27:59 [action #99] t=5.25s step=98 queue=4 dmax=0.585 | shoulder_pan.pos=-7.25 shoulder_lift.pos=-53.57 elbow_flex.pos=+51.91 wrist_flex.pos=+73.28 wrist_roll.pos=-1.95 gripper.pos=+31.26
DEBUG 2026-09-03 09:27:59 [action #100] t=5.28s step=99 queue=3 dmax=0.809 | shoulder_pan.pos=-7.35 shoulder_lift.pos=-52.76 elbow_flex.pos=+52.01 wrist_flex.pos=+73.24 wrist_roll.pos=-1.92 gripper.pos=+31.34
DEBUG 2026-09-03 09:27:59 [action #101] t=5.32s step=100 queue=2 dmax=0.509 | shoulder_pan.pos=-7.58 shoulder_lift.pos=-52.51 elbow_flex.pos=+51.51 wrist_flex.pos=+72.73 wrist_roll.pos=-1.83 gripper.pos=+31.41
DEBUG 2026-09-03 09:27:59 [action #102] t=5.35s step=101 queue=1 dmax=1.200 | shoulder_pan.pos=-7.73 shoulder_lift.pos=-51.31 elbow_flex.pos=+51.36 wrist_flex.pos=+72.48 wrist_roll.pos=-1.89 gripper.pos=+31.66
DEBUG 2026-09-03 09:27:59 [chunk] received 50 actions, timesteps 76..125 | first: shoulder_pan.pos=-4.74 shoulder_lift.pos=-79.79 elbow_flex.pos=+68.12 wrist_flex.pos=+69.64 wrist_roll.pos=-0.74 gripper.pos=+0.74 | last: shoulder_pan.pos=-6.67 shoulder_lift.pos=-39.62 elbow_flex.pos=+50.69 wrist_flex.pos=+68.56 wrist_roll.pos=-1.15 gripper.pos=+33.10
DEBUG 2026-09-03 09:27:59 [action #103] t=5.45s step=102 queue=24 dmax=6.439 | shoulder_pan.pos=-5.25 shoulder_lift.pos=-57.75 elbow_flex.pos=+57.13 wrist_flex.pos=+71.49 wrist_roll.pos=-1.26 gripper.pos=+27.70
DEBUG 2026-09-03 09:27:59 [action #104] t=5.48s step=103 queue=23 dmax=1.182 | shoulder_pan.pos=-5.42 shoulder_lift.pos=-56.57 elbow_flex.pos=+56.35 wrist_flex.pos=+71.37 wrist_roll.pos=-1.30 gripper.pos=+28.73
DEBUG 2026-09-03 09:27:59 [action #105] t=5.52s step=104 queue=22 dmax=0.912 | shoulder_pan.pos=-5.78 shoulder_lift.pos=-56.11 elbow_flex.pos=+55.98 wrist_flex.pos=+71.67 wrist_roll.pos=-1.25 gripper.pos=+29.64
DEBUG 2026-09-03 09:27:59 [action #106] t=5.55s step=105 queue=21 dmax=0.977 | shoulder_pan.pos=-5.88 shoulder_lift.pos=-55.34 elbow_flex.pos=+55.95 wrist_flex.pos=+71.78 wrist_roll.pos=-1.31 gripper.pos=+30.62
DEBUG 2026-09-03 09:27:59 [action #107] t=5.58s step=106 queue=20 dmax=1.225 | shoulder_pan.pos=-5.86 shoulder_lift.pos=-54.11 elbow_flex.pos=+55.31 wrist_flex.pos=+71.78 wrist_roll.pos=-1.40 gripper.pos=+31.20
DEBUG 2026-09-03 09:27:59 [action #108] t=5.62s step=107 queue=19 dmax=0.874 | shoulder_pan.pos=-6.10 shoulder_lift.pos=-53.24 elbow_flex.pos=+55.09 wrist_flex.pos=+71.88 wrist_roll.pos=-1.33 gripper.pos=+31.52
DEBUG 2026-09-03 09:27:59 [action #109] t=5.65s step=108 queue=18 dmax=0.897 | shoulder_pan.pos=-6.13 shoulder_lift.pos=-52.51 elbow_flex.pos=+54.20 wrist_flex.pos=+71.92 wrist_roll.pos=-1.30 gripper.pos=+31.52
DEBUG 2026-09-03 09:27:59 [action #110] t=5.68s step=109 queue=17 dmax=1.030 | shoulder_pan.pos=-6.08 shoulder_lift.pos=-51.48 elbow_flex.pos=+53.96 wrist_flex.pos=+72.00 wrist_roll.pos=-1.28 gripper.pos=+31.27
DEBUG 2026-09-03 09:27:59 [action #111] t=5.72s step=110 queue=16 dmax=0.832 | shoulder_pan.pos=-6.51 shoulder_lift.pos=-50.77 elbow_flex.pos=+53.12 wrist_flex.pos=+71.97 wrist_roll.pos=-1.22 gripper.pos=+31.07
DEBUG 2026-09-03 09:27:59 [action #112] t=5.75s step=111 queue=15 dmax=1.541 | shoulder_pan.pos=-6.41 shoulder_lift.pos=-49.23 elbow_flex.pos=+52.72 wrist_flex.pos=+71.83 wrist_roll.pos=-1.17 gripper.pos=+30.90
DEBUG 2026-09-03 09:27:59 [action #113] t=5.78s step=112 queue=14 dmax=0.279 | shoulder_pan.pos=-6.45 shoulder_lift.pos=-49.12 elbow_flex.pos=+52.86 wrist_flex.pos=+71.55 wrist_roll.pos=-1.03 gripper.pos=+31.15
DEBUG 2026-09-03 09:27:59 [action #114] t=5.82s step=113 queue=13 dmax=0.383 | shoulder_pan.pos=-6.25 shoulder_lift.pos=-48.73 elbow_flex.pos=+52.69 wrist_flex.pos=+71.36 wrist_roll.pos=-0.95 gripper.pos=+31.38
DEBUG 2026-09-03 09:27:59 [action #115] t=5.85s step=114 queue=12 dmax=0.831 | shoulder_pan.pos=-6.42 shoulder_lift.pos=-47.90 elbow_flex.pos=+52.83 wrist_flex.pos=+71.28 wrist_roll.pos=-0.86 gripper.pos=+31.55
DEBUG 2026-09-03 09:27:59 [action #116] t=5.89s step=115 queue=11 dmax=0.685 | shoulder_pan.pos=-6.61 shoulder_lift.pos=-47.26 elbow_flex.pos=+52.14 wrist_flex.pos=+71.07 wrist_roll.pos=-0.92 gripper.pos=+31.98
DEBUG 2026-09-03 09:27:59 [action #117] t=5.92s step=116 queue=10 dmax=0.337 | shoulder_pan.pos=-6.53 shoulder_lift.pos=-47.25 elbow_flex.pos=+52.48 wrist_flex.pos=+70.76 wrist_roll.pos=-0.97 gripper.pos=+32.23
DEBUG 2026-09-03 09:27:59 [action #118] t=5.95s step=117 queue=9 dmax=1.258 | shoulder_pan.pos=-6.36 shoulder_lift.pos=-45.99 elbow_flex.pos=+52.60 wrist_flex.pos=+70.33 wrist_roll.pos=-1.00 gripper.pos=+32.47
DEBUG 2026-09-03 09:27:59 [action #119] t=5.99s step=118 queue=8 dmax=0.307 | shoulder_pan.pos=-6.67 shoulder_lift.pos=-45.74 elbow_flex.pos=+52.59 wrist_flex.pos=+70.08 wrist_roll.pos=-1.00 gripper.pos=+32.70
DEBUG 2026-09-03 09:27:59 [action #120] t=6.02s step=119 queue=7 dmax=0.396 | shoulder_pan.pos=-6.55 shoulder_lift.pos=-45.50 elbow_flex.pos=+52.19 wrist_flex.pos=+69.93 wrist_roll.pos=-1.03 gripper.pos=+32.87
DEBUG 2026-09-03 09:27:59 [action #121] t=6.05s step=120 queue=6 dmax=1.072 | shoulder_pan.pos=-6.48 shoulder_lift.pos=-44.43 elbow_flex.pos=+52.53 wrist_flex.pos=+69.20 wrist_roll.pos=-1.09 gripper.pos=+33.02
DEBUG 2026-09-03 09:27:59 [action #122] t=6.09s step=121 queue=5 dmax=0.289 | shoulder_pan.pos=-6.71 shoulder_lift.pos=-44.60 elbow_flex.pos=+52.24 wrist_flex.pos=+69.10 wrist_roll.pos=-1.04 gripper.pos=+32.84
DEBUG 2026-09-03 09:27:59 [action #123] t=6.12s step=122 queue=4 dmax=0.987 | shoulder_pan.pos=-6.79 shoulder_lift.pos=-43.61 elbow_flex.pos=+52.97 wrist_flex.pos=+68.88 wrist_roll.pos=-1.12 gripper.pos=+32.94
DEBUG 2026-09-03 09:28:00 [action #124] t=6.15s step=123 queue=3 dmax=0.926 | shoulder_pan.pos=-6.82 shoulder_lift.pos=-42.69 elbow_flex.pos=+52.34 wrist_flex.pos=+68.84 wrist_roll.pos=-1.05 gripper.pos=+33.04
DEBUG 2026-09-03 09:28:00 [action #125] t=6.19s step=124 queue=2 dmax=0.765 | shoulder_pan.pos=-6.89 shoulder_lift.pos=-41.92 elbow_flex.pos=+51.88 wrist_flex.pos=+68.96 wrist_roll.pos=-1.19 gripper.pos=+33.17
DEBUG 2026-09-03 09:28:00 [action #126] t=6.22s step=125 queue=1 dmax=2.304 | shoulder_pan.pos=-6.67 shoulder_lift.pos=-39.62 elbow_flex.pos=+50.69 wrist_flex.pos=+68.56 wrist_roll.pos=-1.15 gripper.pos=+33.10
DEBUG 2026-09-03 09:28:00 [chunk] received 50 actions, timesteps 101..150 | first: shoulder_pan.pos=-7.30 shoulder_lift.pos=-48.80 elbow_flex.pos=+50.23 wrist_flex.pos=+73.06 wrist_roll.pos=-2.13 gripper.pos=+32.96 | last: shoulder_pan.pos=-9.43 shoulder_lift.pos=-3.05 elbow_flex.pos=+29.86 wrist_flex.pos=+69.80 wrist_roll.pos=-1.63 gripper.pos=+36.79
DEBUG 2026-09-03 09:28:00 [action #127] t=6.32s step=126 queue=25 dmax=14.868 | shoulder_pan.pos=-8.33 shoulder_lift.pos=-24.75 elbow_flex.pos=+40.17 wrist_flex.pos=+72.38 wrist_roll.pos=-2.13 gripper.pos=+37.23
DEBUG 2026-09-03 09:28:00 [action #128] t=6.35s step=127 queue=24 dmax=1.853 | shoulder_pan.pos=-8.16 shoulder_lift.pos=-22.90 elbow_flex.pos=+39.82 wrist_flex.pos=+72.04 wrist_roll.pos=-2.09 gripper.pos=+37.43
DEBUG 2026-09-03 09:28:00 [action #129] t=6.39s step=128 queue=23 dmax=0.767 | shoulder_pan.pos=-8.24 shoulder_lift.pos=-22.23 elbow_flex.pos=+39.05 wrist_flex.pos=+71.99 wrist_roll.pos=-2.13 gripper.pos=+37.52
DEBUG 2026-09-03 09:28:00 [action #130] t=6.42s step=129 queue=22 dmax=0.660 | shoulder_pan.pos=-8.51 shoulder_lift.pos=-21.57 elbow_flex.pos=+38.98 wrist_flex.pos=+71.66 wrist_roll.pos=-2.19 gripper.pos=+37.71
DEBUG 2026-09-03 09:28:00 [action #131] t=6.45s step=130 queue=21 dmax=1.614 | shoulder_pan.pos=-8.31 shoulder_lift.pos=-19.95 elbow_flex.pos=+38.38 wrist_flex.pos=+71.98 wrist_roll.pos=-2.09 gripper.pos=+37.49
DEBUG 2026-09-03 09:28:00 [action #132] t=6.49s step=131 queue=20 dmax=0.514 | shoulder_pan.pos=-8.30 shoulder_lift.pos=-19.44 elbow_flex.pos=+38.15 wrist_flex.pos=+71.75 wrist_roll.pos=-2.13 gripper.pos=+37.34
DEBUG 2026-09-03 09:28:00 [action #133] t=6.52s step=132 queue=19 dmax=1.602 | shoulder_pan.pos=-8.49 shoulder_lift.pos=-17.84 elbow_flex.pos=+37.45 wrist_flex.pos=+71.57 wrist_roll.pos=-2.02 gripper.pos=+37.15
DEBUG 2026-09-03 09:28:00 [action #134] t=6.55s step=133 queue=18 dmax=0.603 | shoulder_pan.pos=-8.81 shoulder_lift.pos=-17.86 elbow_flex.pos=+36.85 wrist_flex.pos=+71.67 wrist_roll.pos=-2.11 gripper.pos=+37.25
DEBUG 2026-09-03 09:28:00 [action #135] t=6.59s step=134 queue=17 dmax=1.235 | shoulder_pan.pos=-8.66 shoulder_lift.pos=-16.63 elbow_flex.pos=+36.22 wrist_flex.pos=+71.28 wrist_roll.pos=-2.01 gripper.pos=+37.15
DEBUG 2026-09-03 09:28:00 [action #136] t=6.62s step=135 queue=16 dmax=0.210 | shoulder_pan.pos=-8.62 shoulder_lift.pos=-16.48 elbow_flex.pos=+36.01 wrist_flex.pos=+71.23 wrist_roll.pos=-2.08 gripper.pos=+37.16
DEBUG 2026-09-03 09:28:00 [action #137] t=6.65s step=136 queue=15 dmax=1.510 | shoulder_pan.pos=-8.94 shoulder_lift.pos=-14.97 elbow_flex.pos=+35.09 wrist_flex.pos=+70.97 wrist_roll.pos=-2.06 gripper.pos=+37.10
DEBUG 2026-09-03 09:28:00 [action #138] t=6.69s step=137 queue=14 dmax=1.023 | shoulder_pan.pos=-9.09 shoulder_lift.pos=-13.94 elbow_flex.pos=+34.64 wrist_flex.pos=+70.99 wrist_roll.pos=-2.08 gripper.pos=+37.11
DEBUG 2026-09-03 09:28:00 [action #139] t=6.72s step=138 queue=13 dmax=0.644 | shoulder_pan.pos=-9.08 shoulder_lift.pos=-13.43 elbow_flex.pos=+34.00 wrist_flex.pos=+70.75 wrist_roll.pos=-1.95 gripper.pos=+37.04
DEBUG 2026-09-03 09:28:00 [action #140] t=6.76s step=139 queue=12 dmax=0.784 | shoulder_pan.pos=-8.99 shoulder_lift.pos=-12.65 elbow_flex.pos=+33.85 wrist_flex.pos=+70.70 wrist_roll.pos=-1.99 gripper.pos=+36.98
DEBUG 2026-09-03 09:28:00 [action #141] t=6.79s step=140 queue=11 dmax=1.116 | shoulder_pan.pos=-9.21 shoulder_lift.pos=-11.53 elbow_flex.pos=+33.29 wrist_flex.pos=+70.49 wrist_roll.pos=-1.86 gripper.pos=+37.00
DEBUG 2026-09-03 09:28:00 [action #142] t=6.82s step=141 queue=10 dmax=0.248 | shoulder_pan.pos=-9.03 shoulder_lift.pos=-11.28 elbow_flex.pos=+33.13 wrist_flex.pos=+70.36 wrist_roll.pos=-1.82 gripper.pos=+37.01
DEBUG 2026-09-03 09:28:00 [action #143] t=6.86s step=142 queue=9 dmax=1.193 | shoulder_pan.pos=-9.14 shoulder_lift.pos=-10.09 elbow_flex.pos=+32.90 wrist_flex.pos=+70.19 wrist_roll.pos=-1.85 gripper.pos=+36.86
DEBUG 2026-09-03 09:28:00 [action #144] t=6.89s step=143 queue=8 dmax=0.713 | shoulder_pan.pos=-9.08 shoulder_lift.pos=-9.47 elbow_flex.pos=+32.18 wrist_flex.pos=+69.88 wrist_roll.pos=-1.82 gripper.pos=+36.93
DEBUG 2026-09-03 09:28:00 [action #145] t=6.92s step=144 queue=7 dmax=0.790 | shoulder_pan.pos=-9.12 shoulder_lift.pos=-8.68 elbow_flex.pos=+31.90 wrist_flex.pos=+70.02 wrist_roll.pos=-1.80 gripper.pos=+36.84
DEBUG 2026-09-03 09:28:00 [action #146] t=6.96s step=145 queue=6 dmax=0.714 | shoulder_pan.pos=-9.05 shoulder_lift.pos=-7.97 elbow_flex.pos=+31.63 wrist_flex.pos=+69.91 wrist_roll.pos=-1.78 gripper.pos=+36.99
DEBUG 2026-09-03 09:28:00 [action #147] t=6.99s step=146 queue=5 dmax=0.915 | shoulder_pan.pos=-8.96 shoulder_lift.pos=-7.06 elbow_flex.pos=+31.84 wrist_flex.pos=+69.45 wrist_roll.pos=-1.71 gripper.pos=+36.82
DEBUG 2026-09-03 09:28:00 [action #148] t=7.02s step=147 queue=4 dmax=1.149 | shoulder_pan.pos=-9.09 shoulder_lift.pos=-5.91 elbow_flex.pos=+31.20 wrist_flex.pos=+69.63 wrist_roll.pos=-1.70 gripper.pos=+36.86
DEBUG 2026-09-03 09:28:00 [action #149] t=7.06s step=148 queue=3 dmax=0.505 | shoulder_pan.pos=-8.93 shoulder_lift.pos=-5.40 elbow_flex.pos=+30.82 wrist_flex.pos=+69.98 wrist_roll.pos=-1.64 gripper.pos=+36.79
DEBUG 2026-09-03 09:28:00 [action #150] t=7.09s step=149 queue=2 dmax=1.784 | shoulder_pan.pos=-9.41 shoulder_lift.pos=-3.62 elbow_flex.pos=+31.22 wrist_flex.pos=+69.73 wrist_roll.pos=-1.74 gripper.pos=+36.86
DEBUG 2026-09-03 09:28:00 [action #151] t=7.12s step=150 queue=1 dmax=1.363 | shoulder_pan.pos=-9.43 shoulder_lift.pos=-3.05 elbow_flex.pos=+29.86 wrist_flex.pos=+69.80 wrist_roll.pos=-1.63 gripper.pos=+36.79
DEBUG 2026-09-03 09:28:01 [chunk] received 50 actions, timesteps 125..174 | first: shoulder_pan.pos=-6.81 shoulder_lift.pos=-40.93 elbow_flex.pos=+51.21 wrist_flex.pos=+68.62 wrist_roll.pos=-1.22 gripper.pos=+34.85 | last: shoulder_pan.pos=-5.60 shoulder_lift.pos=+0.02 elbow_flex.pos=+33.95 wrist_flex.pos=+64.53 wrist_roll.pos=-1.35 gripper.pos=+14.34
DEBUG 2026-09-03 09:28:01 [action #152] t=7.22s step=151 queue=24 dmax=14.334 | shoulder_pan.pos=-6.46 shoulder_lift.pos=-17.18 elbow_flex.pos=+44.19 wrist_flex.pos=+64.24 wrist_roll.pos=-1.03 gripper.pos=+38.26
DEBUG 2026-09-03 09:28:01 [action #153] t=7.26s step=152 queue=23 dmax=1.063 | shoulder_pan.pos=-6.10 shoulder_lift.pos=-16.36 elbow_flex.pos=+43.13 wrist_flex.pos=+64.29 wrist_roll.pos=-1.12 gripper.pos=+38.31
DEBUG 2026-09-03 09:28:01 [action #154] t=7.29s step=153 queue=22 dmax=1.551 | shoulder_pan.pos=-6.14 shoulder_lift.pos=-14.81 elbow_flex.pos=+43.44 wrist_flex.pos=+64.00 wrist_roll.pos=-0.95 gripper.pos=+38.23
DEBUG 2026-09-03 09:28:01 [action #155] t=7.32s step=154 queue=21 dmax=2.042 | shoulder_pan.pos=-5.91 shoulder_lift.pos=-12.77 elbow_flex.pos=+42.31 wrist_flex.pos=+63.93 wrist_roll.pos=-0.88 gripper.pos=+38.35
DEBUG 2026-09-03 09:28:01 [action #156] t=7.36s step=155 queue=20 dmax=1.057 | shoulder_pan.pos=-6.02 shoulder_lift.pos=-11.72 elbow_flex.pos=+41.79 wrist_flex.pos=+64.20 wrist_roll.pos=-0.95 gripper.pos=+38.28
DEBUG 2026-09-03 09:28:01 [action #157] t=7.39s step=156 queue=19 dmax=1.203 | shoulder_pan.pos=-6.11 shoulder_lift.pos=-10.51 elbow_flex.pos=+40.76 wrist_flex.pos=+64.34 wrist_roll.pos=-0.99 gripper.pos=+38.24
DEBUG 2026-09-03 09:28:01 [action #158] t=7.42s step=157 queue=18 dmax=1.388 | shoulder_pan.pos=-5.69 shoulder_lift.pos=-9.12 elbow_flex.pos=+39.75 wrist_flex.pos=+63.90 wrist_roll.pos=-1.10 gripper.pos=+38.40
DEBUG 2026-09-03 09:28:01 [action #159] t=7.46s step=158 queue=17 dmax=0.583 | shoulder_pan.pos=-5.71 shoulder_lift.pos=-8.96 elbow_flex.pos=+40.33 wrist_flex.pos=+64.29 wrist_roll.pos=-0.89 gripper.pos=+38.28
DEBUG 2026-09-03 09:28:01 [action #160] t=7.49s step=159 queue=16 dmax=1.444 | shoulder_pan.pos=-6.13 shoulder_lift.pos=-7.51 elbow_flex.pos=+39.75 wrist_flex.pos=+63.73 wrist_roll.pos=-0.92 gripper.pos=+38.25
DEBUG 2026-09-03 09:28:01 [action #161] t=7.52s step=160 queue=15 dmax=2.060 | shoulder_pan.pos=-5.86 shoulder_lift.pos=-5.45 elbow_flex.pos=+38.72 wrist_flex.pos=+63.85 wrist_roll.pos=-0.81 gripper.pos=+38.33
DEBUG 2026-09-03 09:28:01 [action #162] t=7.56s step=161 queue=14 dmax=0.675 | shoulder_pan.pos=-5.87 shoulder_lift.pos=-6.13 elbow_flex.pos=+38.59 wrist_flex.pos=+64.04 wrist_roll.pos=-0.92 gripper.pos=+38.32
DEBUG 2026-09-03 09:28:01 [action #163] t=7.59s step=162 queue=13 dmax=0.864 | shoulder_pan.pos=-5.95 shoulder_lift.pos=-5.26 elbow_flex.pos=+38.08 wrist_flex.pos=+64.22 wrist_roll.pos=-0.84 gripper.pos=+38.32
DEBUG 2026-09-03 09:28:01 [action #164] t=7.62s step=163 queue=12 dmax=0.707 | shoulder_pan.pos=-5.93 shoulder_lift.pos=-4.56 elbow_flex.pos=+38.00 wrist_flex.pos=+63.92 wrist_roll.pos=-0.93 gripper.pos=+38.29
DEBUG 2026-09-03 09:28:01 [action #165] t=7.66s step=164 queue=11 dmax=1.676 | shoulder_pan.pos=-5.95 shoulder_lift.pos=-2.88 elbow_flex.pos=+37.27 wrist_flex.pos=+64.04 wrist_roll.pos=-0.91 gripper.pos=+38.04
DEBUG 2026-09-03 09:28:01 [action #166] t=7.69s step=165 queue=10 dmax=1.000 | shoulder_pan.pos=-6.10 shoulder_lift.pos=-2.31 elbow_flex.pos=+36.27 wrist_flex.pos=+64.24 wrist_roll.pos=-0.94 gripper.pos=+37.18
DEBUG 2026-09-03 09:28:01 [action #167] t=7.73s step=166 queue=9 dmax=1.423 | shoulder_pan.pos=-5.89 shoulder_lift.pos=-2.45 elbow_flex.pos=+36.36 wrist_flex.pos=+64.33 wrist_roll.pos=-1.12 gripper.pos=+35.76
DEBUG 2026-09-03 09:28:01 [action #168] t=7.76s step=167 queue=8 dmax=2.648 | shoulder_pan.pos=-5.95 shoulder_lift.pos=-2.16 elbow_flex.pos=+35.56 wrist_flex.pos=+64.46 wrist_roll.pos=-0.93 gripper.pos=+33.11
DEBUG 2026-09-03 09:28:01 [action #169] t=7.79s step=168 queue=7 dmax=2.621 | shoulder_pan.pos=-6.06 shoulder_lift.pos=-1.54 elbow_flex.pos=+35.04 wrist_flex.pos=+64.48 wrist_roll.pos=-1.24 gripper.pos=+30.49
DEBUG 2026-09-03 09:28:01 [action #170] t=7.83s step=169 queue=6 dmax=2.911 | shoulder_pan.pos=-6.14 shoulder_lift.pos=-1.76 elbow_flex.pos=+34.50 wrist_flex.pos=+64.52 wrist_roll.pos=-0.99 gripper.pos=+27.58
DEBUG 2026-09-03 09:28:01 [action #171] t=7.86s step=170 queue=5 dmax=3.136 | shoulder_pan.pos=-5.84 shoulder_lift.pos=-1.06 elbow_flex.pos=+34.81 wrist_flex.pos=+64.52 wrist_roll.pos=-1.00 gripper.pos=+24.44
DEBUG 2026-09-03 09:28:01 [action #172] t=7.89s step=171 queue=4 dmax=2.796 | shoulder_pan.pos=-6.07 shoulder_lift.pos=-0.24 elbow_flex.pos=+34.87 wrist_flex.pos=+64.72 wrist_roll.pos=-1.23 gripper.pos=+21.65
DEBUG 2026-09-03 09:28:01 [action #173] t=7.93s step=172 queue=3 dmax=2.697 | shoulder_pan.pos=-5.88 shoulder_lift.pos=-0.90 elbow_flex.pos=+34.02 wrist_flex.pos=+64.73 wrist_roll.pos=-0.95 gripper.pos=+18.95
DEBUG 2026-09-03 09:28:01 [action #174] t=7.96s step=173 queue=2 dmax=2.325 | shoulder_pan.pos=-5.86 shoulder_lift.pos=-0.70 elbow_flex.pos=+34.61 wrist_flex.pos=+64.53 wrist_roll.pos=-1.23 gripper.pos=+16.63
DEBUG 2026-09-03 09:28:01 [action #175] t=7.99s step=174 queue=1 dmax=2.281 | shoulder_pan.pos=-5.60 shoulder_lift.pos=+0.02 elbow_flex.pos=+33.95 wrist_flex.pos=+64.53 wrist_roll.pos=-1.35 gripper.pos=+14.34
DEBUG 2026-09-03 09:28:02 [chunk] received 50 actions, timesteps 150..199 | first: shoulder_pan.pos=-8.28 shoulder_lift.pos=-2.12 elbow_flex.pos=+30.64 wrist_flex.pos=+70.77 wrist_roll.pos=-1.73 gripper.pos=+39.71 | last: shoulder_pan.pos=+0.21 shoulder_lift.pos=-6.88 elbow_flex.pos=-3.87 wrist_flex.pos=+91.91 wrist_roll.pos=-3.88 gripper.pos=+8.90
DEBUG 2026-09-03 09:28:02 [action #176] t=8.16s step=175 queue=25 dmax=9.373 | shoulder_pan.pos=-7.51 shoulder_lift.pos=+1.93 elbow_flex.pos=+24.57 wrist_flex.pos=+72.12 wrist_roll.pos=-2.45 gripper.pos=+9.00
DEBUG 2026-09-03 09:28:02 [action #177] t=8.19s step=176 queue=24 dmax=0.932 | shoulder_pan.pos=-7.58 shoulder_lift.pos=+2.10 elbow_flex.pos=+23.64 wrist_flex.pos=+72.83 wrist_roll.pos=-2.67 gripper.pos=+8.70
DEBUG 2026-09-03 09:28:02 [action #178] t=8.23s step=177 queue=23 dmax=1.424 | shoulder_pan.pos=-7.98 shoulder_lift.pos=+1.65 elbow_flex.pos=+22.22 wrist_flex.pos=+73.20 wrist_roll.pos=-2.93 gripper.pos=+8.63
DEBUG 2026-09-03 09:28:02 [action #179] t=8.26s step=178 queue=22 dmax=0.999 | shoulder_pan.pos=-8.10 shoulder_lift.pos=+1.01 elbow_flex.pos=+22.85 wrist_flex.pos=+74.20 wrist_roll.pos=-3.25 gripper.pos=+8.00
DEBUG 2026-09-03 09:28:02 [action #180] t=8.29s step=179 queue=21 dmax=1.077 | shoulder_pan.pos=-8.02 shoulder_lift.pos=+1.15 elbow_flex.pos=+21.80 wrist_flex.pos=+75.27 wrist_roll.pos=-3.50 gripper.pos=+8.00
DEBUG 2026-09-03 09:28:02 [action #181] t=8.33s step=180 queue=20 dmax=1.980 | shoulder_pan.pos=-8.36 shoulder_lift.pos=+0.46 elbow_flex.pos=+19.82 wrist_flex.pos=+76.50 wrist_roll.pos=-3.87 gripper.pos=+7.73
DEBUG 2026-09-03 09:28:02 [action #182] t=8.36s step=181 queue=19 dmax=1.809 | shoulder_pan.pos=-8.36 shoulder_lift.pos=+1.27 elbow_flex.pos=+18.01 wrist_flex.pos=+77.79 wrist_roll.pos=-4.10 gripper.pos=+7.96
DEBUG 2026-09-03 09:28:02 [action #183] t=8.40s step=182 queue=18 dmax=1.381 | shoulder_pan.pos=-8.41 shoulder_lift.pos=+0.11 elbow_flex.pos=+17.80 wrist_flex.pos=+79.17 wrist_roll.pos=-4.38 gripper.pos=+7.84
DEBUG 2026-09-03 09:28:02 [action #184] t=8.43s step=183 queue=17 dmax=1.653 | shoulder_pan.pos=-8.47 shoulder_lift.pos=-0.15 elbow_flex.pos=+16.15 wrist_flex.pos=+80.38 wrist_roll.pos=-4.19 gripper.pos=+8.07
DEBUG 2026-09-03 09:28:02 [action #185] t=8.46s step=184 queue=16 dmax=1.225 | shoulder_pan.pos=-8.00 shoulder_lift.pos=-1.38 elbow_flex.pos=+15.32 wrist_flex.pos=+81.36 wrist_roll.pos=-4.07 gripper.pos=+8.51
DEBUG 2026-09-03 09:28:02 [action #186] t=8.50s step=185 queue=15 dmax=1.636 | shoulder_pan.pos=-8.00 shoulder_lift.pos=-1.28 elbow_flex.pos=+13.69 wrist_flex.pos=+82.41 wrist_roll.pos=-4.02 gripper.pos=+8.48
DEBUG 2026-09-03 09:28:02 [action #187] t=8.53s step=186 queue=14 dmax=1.825 | shoulder_pan.pos=-8.06 shoulder_lift.pos=-1.49 elbow_flex.pos=+11.86 wrist_flex.pos=+83.65 wrist_roll.pos=-4.14 gripper.pos=+8.43
DEBUG 2026-09-03 09:28:02 [action #188] t=8.56s step=187 queue=13 dmax=1.175 | shoulder_pan.pos=-7.93 shoulder_lift.pos=-2.35 elbow_flex.pos=+10.69 wrist_flex.pos=+84.65 wrist_roll.pos=-4.07 gripper.pos=+8.36
DEBUG 2026-09-03 09:28:02 [action #189] t=8.60s step=188 queue=12 dmax=2.124 | shoulder_pan.pos=-7.76 shoulder_lift.pos=-1.88 elbow_flex.pos=+8.56 wrist_flex.pos=+85.99 wrist_roll.pos=-4.17 gripper.pos=+8.32
DEBUG 2026-09-03 09:28:02 [action #190] t=8.63s step=189 queue=11 dmax=1.928 | shoulder_pan.pos=-7.64 shoulder_lift.pos=-1.78 elbow_flex.pos=+6.64 wrist_flex.pos=+87.08 wrist_roll.pos=-4.09 gripper.pos=+8.37
DEBUG 2026-09-03 09:28:02 [action #191] t=8.66s step=190 queue=10 dmax=1.314 | shoulder_pan.pos=-7.30 shoulder_lift.pos=-3.10 elbow_flex.pos=+5.51 wrist_flex.pos=+88.11 wrist_roll.pos=-4.31 gripper.pos=+8.47
DEBUG 2026-09-03 09:28:02 [action #192] t=8.70s step=191 queue=9 dmax=1.752 | shoulder_pan.pos=-6.94 shoulder_lift.pos=-3.93 elbow_flex.pos=+3.76 wrist_flex.pos=+88.79 wrist_roll.pos=-4.19 gripper.pos=+8.54
DEBUG 2026-09-03 09:28:02 [action #193] t=8.73s step=192 queue=8 dmax=1.443 | shoulder_pan.pos=-6.45 shoulder_lift.pos=-3.50 elbow_flex.pos=+2.32 wrist_flex.pos=+89.70 wrist_roll.pos=-4.20 gripper.pos=+8.48
DEBUG 2026-09-03 09:28:02 [action #194] t=8.76s step=193 queue=7 dmax=1.703 | shoulder_pan.pos=-5.62 shoulder_lift.pos=-4.40 elbow_flex.pos=+0.61 wrist_flex.pos=+90.43 wrist_roll.pos=-4.17 gripper.pos=+8.54
DEBUG 2026-09-03 09:28:02 [action #195] t=8.80s step=194 queue=6 dmax=1.548 | shoulder_pan.pos=-4.78 shoulder_lift.pos=-5.95 elbow_flex.pos=-0.08 wrist_flex.pos=+90.73 wrist_roll.pos=-4.14 gripper.pos=+8.55
DEBUG 2026-09-03 09:28:02 [action #196] t=8.83s step=195 queue=5 dmax=0.765 | shoulder_pan.pos=-4.01 shoulder_lift.pos=-6.24 elbow_flex.pos=-0.52 wrist_flex.pos=+91.28 wrist_roll.pos=-4.22 gripper.pos=+8.54
DEBUG 2026-09-03 09:28:02 [action #197] t=8.86s step=196 queue=4 dmax=1.532 | shoulder_pan.pos=-2.88 shoulder_lift.pos=-6.18 elbow_flex.pos=-2.05 wrist_flex.pos=+91.50 wrist_roll.pos=-3.92 gripper.pos=+8.68
DEBUG 2026-09-03 09:28:02 [action #198] t=8.90s step=197 queue=3 dmax=0.922 | shoulder_pan.pos=-1.95 shoulder_lift.pos=-6.34 elbow_flex.pos=-2.69 wrist_flex.pos=+91.72 wrist_roll.pos=-4.02 gripper.pos=+8.67
DEBUG 2026-09-03 09:28:02 [action #199] t=8.93s step=198 queue=2 dmax=1.212 | shoulder_pan.pos=-0.96 shoulder_lift.pos=-7.12 elbow_flex.pos=-3.90 wrist_flex.pos=+91.88 wrist_roll.pos=-3.94 gripper.pos=+8.84
DEBUG 2026-09-03 09:28:02 [action #200] t=8.96s step=199 queue=1 dmax=1.162 | shoulder_pan.pos=+0.21 shoulder_lift.pos=-6.88 elbow_flex.pos=-3.87 wrist_flex.pos=+91.91 wrist_roll.pos=-3.88 gripper.pos=+8.90
DEBUG 2026-09-03 09:28:02 [chunk] received 50 actions, timesteps 174..223 | first: shoulder_pan.pos=-6.03 shoulder_lift.pos=-0.04 elbow_flex.pos=+32.02 wrist_flex.pos=+65.49 wrist_roll.pos=-1.82 gripper.pos=+14.93 | last: shoulder_pan.pos=+17.36 shoulder_lift.pos=-9.48 elbow_flex.pos=-3.44 wrist_flex.pos=+80.51 wrist_roll.pos=-2.80 gripper.pos=+11.34
DEBUG 2026-09-03 09:28:02 [action #201] t=9.10s step=200 queue=24 dmax=17.174 | shoulder_pan.pos=-3.72 shoulder_lift.pos=-11.46 elbow_flex.pos=+13.31 wrist_flex.pos=+82.39 wrist_roll.pos=-3.43 gripper.pos=+10.62
DEBUG 2026-09-03 09:28:02 [action #202] t=9.13s step=201 queue=23 dmax=1.240 | shoulder_pan.pos=-3.50 shoulder_lift.pos=-12.43 elbow_flex.pos=+12.07 wrist_flex.pos=+83.00 wrist_roll.pos=-3.57 gripper.pos=+10.66
DEBUG 2026-09-03 09:28:03 [action #203] t=9.16s step=202 queue=22 dmax=0.820 | shoulder_pan.pos=-3.08 shoulder_lift.pos=-13.25 elbow_flex.pos=+11.44 wrist_flex.pos=+83.76 wrist_roll.pos=-3.57 gripper.pos=+10.65
DEBUG 2026-09-03 09:28:03 [action #204] t=9.20s step=203 queue=21 dmax=1.248 | shoulder_pan.pos=-2.34 shoulder_lift.pos=-12.79 elbow_flex.pos=+10.20 wrist_flex.pos=+84.02 wrist_roll.pos=-3.39 gripper.pos=+10.57
DEBUG 2026-09-03 09:28:03 [action #205] t=9.23s step=204 queue=20 dmax=1.676 | shoulder_pan.pos=-1.35 shoulder_lift.pos=-14.46 elbow_flex.pos=+9.25 wrist_flex.pos=+84.77 wrist_roll.pos=-3.40 gripper.pos=+10.93
DEBUG 2026-09-03 09:28:03 [action #206] t=9.26s step=205 queue=19 dmax=1.353 | shoulder_pan.pos=+0.01 shoulder_lift.pos=-14.55 elbow_flex.pos=+9.33 wrist_flex.pos=+85.08 wrist_roll.pos=-3.31 gripper.pos=+10.69
DEBUG 2026-09-03 09:28:03 [action #207] t=9.30s step=206 queue=18 dmax=1.877 | shoulder_pan.pos=+1.45 shoulder_lift.pos=-14.69 elbow_flex.pos=+7.45 wrist_flex.pos=+85.00 wrist_roll.pos=-3.19 gripper.pos=+10.81
DEBUG 2026-09-03 09:28:03 [action #208] t=9.33s step=207 queue=17 dmax=0.872 | shoulder_pan.pos=+2.32 shoulder_lift.pos=-15.37 elbow_flex.pos=+6.76 wrist_flex.pos=+85.09 wrist_roll.pos=-3.02 gripper.pos=+10.79
DEBUG 2026-09-03 09:28:03 [action #209] t=9.36s step=208 queue=16 dmax=1.622 | shoulder_pan.pos=+3.95 shoulder_lift.pos=-14.78 elbow_flex.pos=+6.45 wrist_flex.pos=+85.25 wrist_roll.pos=-2.86 gripper.pos=+10.72
DEBUG 2026-09-03 09:28:03 [action #210] t=9.40s step=209 queue=15 dmax=1.150 | shoulder_pan.pos=+4.91 shoulder_lift.pos=-15.56 elbow_flex.pos=+5.30 wrist_flex.pos=+85.25 wrist_roll.pos=-3.06 gripper.pos=+10.87
DEBUG 2026-09-03 09:28:03 [action #211] t=9.43s step=210 queue=14 dmax=1.420 | shoulder_pan.pos=+6.33 shoulder_lift.pos=-15.36 elbow_flex.pos=+4.81 wrist_flex.pos=+85.26 wrist_roll.pos=-2.75 gripper.pos=+10.88
DEBUG 2026-09-03 09:28:03 [action #212] t=9.47s step=211 queue=13 dmax=0.883 | shoulder_pan.pos=+7.21 shoulder_lift.pos=-15.73 elbow_flex.pos=+3.96 wrist_flex.pos=+85.26 wrist_roll.pos=-2.58 gripper.pos=+11.07
DEBUG 2026-09-03 09:28:03 [action #213] t=9.50s step=212 queue=12 dmax=1.257 | shoulder_pan.pos=+8.47 shoulder_lift.pos=-15.51 elbow_flex.pos=+3.37 wrist_flex.pos=+85.05 wrist_roll.pos=-2.76 gripper.pos=+11.07
DEBUG 2026-09-03 09:28:03 [action #214] t=9.53s step=213 queue=11 dmax=1.506 | shoulder_pan.pos=+9.73 shoulder_lift.pos=-16.37 elbow_flex.pos=+1.86 wrist_flex.pos=+84.83 wrist_roll.pos=-2.55 gripper.pos=+10.94
DEBUG 2026-09-03 09:28:03 [action #215] t=9.57s step=214 queue=10 dmax=1.564 | shoulder_pan.pos=+10.92 shoulder_lift.pos=-14.80 elbow_flex.pos=+1.98 wrist_flex.pos=+84.90 wrist_roll.pos=-2.44 gripper.pos=+11.14
DEBUG 2026-09-03 09:28:03 [action #216] t=9.60s step=215 queue=9 dmax=1.587 | shoulder_pan.pos=+11.52 shoulder_lift.pos=-16.39 elbow_flex.pos=+1.09 wrist_flex.pos=+84.76 wrist_roll.pos=-2.42 gripper.pos=+11.15
DEBUG 2026-09-03 09:28:03 [action #217] t=9.63s step=216 queue=8 dmax=2.041 | shoulder_pan.pos=+12.08 shoulder_lift.pos=-15.94 elbow_flex.pos=-0.95 wrist_flex.pos=+84.73 wrist_roll.pos=-2.41 gripper.pos=+11.20
DEBUG 2026-09-03 09:28:03 [action #218] t=9.67s step=217 queue=7 dmax=0.701 | shoulder_pan.pos=+12.78 shoulder_lift.pos=-15.46 elbow_flex.pos=-0.61 wrist_flex.pos=+84.56 wrist_roll.pos=-2.36 gripper.pos=+11.01
DEBUG 2026-09-03 09:28:03 [action #219] t=9.70s step=218 queue=6 dmax=0.717 | shoulder_pan.pos=+13.19 shoulder_lift.pos=-14.75 elbow_flex.pos=-1.26 wrist_flex.pos=+84.10 wrist_roll.pos=-2.61 gripper.pos=+11.35
DEBUG 2026-09-03 09:28:03 [action #220] t=9.73s step=219 queue=5 dmax=0.890 | shoulder_pan.pos=+13.92 shoulder_lift.pos=-13.85 elbow_flex.pos=-1.33 wrist_flex.pos=+83.99 wrist_roll.pos=-2.49 gripper.pos=+11.43
DEBUG 2026-09-03 09:28:03 [action #221] t=9.77s step=220 queue=4 dmax=0.709 | shoulder_pan.pos=+14.55 shoulder_lift.pos=-14.32 elbow_flex.pos=-1.88 wrist_flex.pos=+83.28 wrist_roll.pos=-2.53 gripper.pos=+11.23
DEBUG 2026-09-03 09:28:03 [action #222] t=9.80s step=221 queue=3 dmax=1.566 | shoulder_pan.pos=+15.66 shoulder_lift.pos=-12.75 elbow_flex.pos=-2.66 wrist_flex.pos=+82.55 wrist_roll.pos=-2.66 gripper.pos=+11.23
DEBUG 2026-09-03 09:28:03 [action #223] t=9.83s step=222 queue=2 dmax=1.222 | shoulder_pan.pos=+16.29 shoulder_lift.pos=-11.53 elbow_flex.pos=-2.67 wrist_flex.pos=+81.93 wrist_roll.pos=-2.73 gripper.pos=+11.38
DEBUG 2026-09-03 09:28:03 [action #224] t=9.87s step=223 queue=1 dmax=2.043 | shoulder_pan.pos=+17.36 shoulder_lift.pos=-9.48 elbow_flex.pos=-3.44 wrist_flex.pos=+80.51 wrist_roll.pos=-2.80 gripper.pos=+11.34
DEBUG 2026-09-03 09:28:03 [chunk] received 50 actions, timesteps 199..248 | first: shoulder_pan.pos=+3.21 shoulder_lift.pos=-6.88 elbow_flex.pos=-7.00 wrist_flex.pos=+95.04 wrist_roll.pos=-3.65 gripper.pos=+8.63 | last: shoulder_pan.pos=+33.45 shoulder_lift.pos=+20.87 elbow_flex.pos=-29.30 wrist_flex.pos=+74.79 wrist_roll.pos=-6.14 gripper.pos=+9.86
DEBUG 2026-09-03 09:28:03 [action #225] t=9.97s step=224 queue=25 dmax=12.177 | shoulder_pan.pos=+27.04 shoulder_lift.pos=-2.56 elbow_flex.pos=-15.62 wrist_flex.pos=+83.81 wrist_roll.pos=-1.99 gripper.pos=+9.52
DEBUG 2026-09-03 09:28:03 [action #226] t=10.00s step=225 queue=24 dmax=0.884 | shoulder_pan.pos=+27.68 shoulder_lift.pos=-1.78 elbow_flex.pos=-16.12 wrist_flex.pos=+82.93 wrist_roll.pos=-1.86 gripper.pos=+9.55
DEBUG 2026-09-03 09:28:03 [action #227] t=10.03s step=226 queue=23 dmax=0.827 | shoulder_pan.pos=+28.51 shoulder_lift.pos=-1.15 elbow_flex.pos=-16.22 wrist_flex.pos=+82.21 wrist_roll.pos=-2.01 gripper.pos=+9.64
DEBUG 2026-09-03 09:28:03 [action #228] t=10.07s step=227 queue=22 dmax=0.850 | shoulder_pan.pos=+28.92 shoulder_lift.pos=-1.19 elbow_flex.pos=-16.54 wrist_flex.pos=+81.36 wrist_roll.pos=-2.01 gripper.pos=+9.73
DEBUG 2026-09-03 09:28:03 [action #229] t=10.10s step=228 queue=21 dmax=0.842 | shoulder_pan.pos=+29.77 shoulder_lift.pos=-0.63 elbow_flex.pos=-16.90 wrist_flex.pos=+80.84 wrist_roll.pos=-2.07 gripper.pos=+9.64
DEBUG 2026-09-03 09:28:03 [action #230] t=10.13s step=229 queue=20 dmax=0.875 | shoulder_pan.pos=+29.88 shoulder_lift.pos=+0.24 elbow_flex.pos=-17.00 wrist_flex.pos=+80.04 wrist_roll.pos=-2.41 gripper.pos=+9.81
DEBUG 2026-09-03 09:28:04 [action #231] t=10.17s step=230 queue=19 dmax=1.162 | shoulder_pan.pos=+30.77 shoulder_lift.pos=+0.95 elbow_flex.pos=-17.73 wrist_flex.pos=+78.88 wrist_roll.pos=-2.38 gripper.pos=+9.87
DEBUG 2026-09-03 09:28:04 [action #232] t=10.20s step=231 queue=18 dmax=1.638 | shoulder_pan.pos=+30.89 shoulder_lift.pos=+2.59 elbow_flex.pos=-17.66 wrist_flex.pos=+78.14 wrist_roll.pos=-2.79 gripper.pos=+9.72
DEBUG 2026-09-03 09:28:04 [action #233] t=10.23s step=232 queue=17 dmax=1.173 | shoulder_pan.pos=+31.43 shoulder_lift.pos=+3.18 elbow_flex.pos=-18.84 wrist_flex.pos=+77.78 wrist_roll.pos=-3.00 gripper.pos=+9.72
DEBUG 2026-09-03 09:28:04 [action #234] t=10.27s step=233 queue=16 dmax=0.820 | shoulder_pan.pos=+31.63 shoulder_lift.pos=+3.66 elbow_flex.pos=-18.30 wrist_flex.pos=+76.96 wrist_roll.pos=-2.98 gripper.pos=+9.69
DEBUG 2026-09-03 09:28:04 [action #235] t=10.30s step=234 queue=15 dmax=1.531 | shoulder_pan.pos=+31.87 shoulder_lift.pos=+5.14 elbow_flex.pos=-19.83 wrist_flex.pos=+76.39 wrist_roll.pos=-2.99 gripper.pos=+9.74
DEBUG 2026-09-03 09:28:04 [action #236] t=10.33s step=235 queue=14 dmax=1.344 | shoulder_pan.pos=+31.85 shoulder_lift.pos=+6.49 elbow_flex.pos=-20.67 wrist_flex.pos=+76.50 wrist_roll.pos=-3.22 gripper.pos=+9.81
DEBUG 2026-09-03 09:28:04 [action #237] t=10.37s step=236 queue=13 dmax=1.592 | shoulder_pan.pos=+31.81 shoulder_lift.pos=+8.08 elbow_flex.pos=-21.80 wrist_flex.pos=+76.49 wrist_roll.pos=-3.38 gripper.pos=+9.64
DEBUG 2026-09-03 09:28:04 [action #238] t=10.40s step=237 queue=12 dmax=0.662 | shoulder_pan.pos=+31.98 shoulder_lift.pos=+8.29 elbow_flex.pos=-21.14 wrist_flex.pos=+76.34 wrist_roll.pos=-3.45 gripper.pos=+9.78
DEBUG 2026-09-03 09:28:04 [action #239] t=10.43s step=238 queue=11 dmax=2.025 | shoulder_pan.pos=+32.27 shoulder_lift.pos=+10.08 elbow_flex.pos=-23.16 wrist_flex.pos=+76.22 wrist_roll.pos=-3.66 gripper.pos=+9.59
DEBUG 2026-09-03 09:28:04 [action #240] t=10.47s step=239 queue=10 dmax=0.603 | shoulder_pan.pos=+32.23 shoulder_lift.pos=+10.69 elbow_flex.pos=-22.99 wrist_flex.pos=+76.24 wrist_roll.pos=-3.87 gripper.pos=+9.70
DEBUG 2026-09-03 09:28:04 [action #241] t=10.50s step=240 queue=9 dmax=2.187 | shoulder_pan.pos=+32.73 shoulder_lift.pos=+12.87 elbow_flex.pos=-24.46 wrist_flex.pos=+76.43 wrist_roll.pos=-4.20 gripper.pos=+9.82
DEBUG 2026-09-03 09:28:04 [action #242] t=10.54s step=241 queue=8 dmax=1.292 | shoulder_pan.pos=+32.85 shoulder_lift.pos=+14.17 elbow_flex.pos=-25.67 wrist_flex.pos=+76.23 wrist_roll.pos=-4.45 gripper.pos=+9.76
DEBUG 2026-09-03 09:28:04 [action #243] t=10.57s step=242 queue=7 dmax=0.657 | shoulder_pan.pos=+32.55 shoulder_lift.pos=+14.82 elbow_flex.pos=-25.96 wrist_flex.pos=+76.16 wrist_roll.pos=-4.82 gripper.pos=+9.79
DEBUG 2026-09-03 09:28:04 [action #244] t=10.60s step=243 queue=6 dmax=1.526 | shoulder_pan.pos=+32.85 shoulder_lift.pos=+16.35 elbow_flex.pos=-27.22 wrist_flex.pos=+75.96 wrist_roll.pos=-4.92 gripper.pos=+9.74
DEBUG 2026-09-03 09:28:04 [action #245] t=10.64s step=244 queue=5 dmax=0.654 | shoulder_pan.pos=+32.98 shoulder_lift.pos=+16.35 elbow_flex.pos=-27.88 wrist_flex.pos=+75.52 wrist_roll.pos=-5.47 gripper.pos=+9.85
DEBUG 2026-09-03 09:28:04 [action #246] t=10.67s step=245 queue=4 dmax=1.734 | shoulder_pan.pos=+33.29 shoulder_lift.pos=+18.08 elbow_flex.pos=-27.60 wrist_flex.pos=+75.20 wrist_roll.pos=-5.68 gripper.pos=+9.73
DEBUG 2026-09-03 09:28:04 [action #247] t=10.70s step=246 queue=3 dmax=1.124 | shoulder_pan.pos=+33.17 shoulder_lift.pos=+18.83 elbow_flex.pos=-28.73 wrist_flex.pos=+74.93 wrist_roll.pos=-5.69 gripper.pos=+9.95
DEBUG 2026-09-03 09:28:04 [action #248] t=10.74s step=247 queue=2 dmax=1.322 | shoulder_pan.pos=+33.16 shoulder_lift.pos=+20.15 elbow_flex.pos=-28.76 wrist_flex.pos=+74.96 wrist_roll.pos=-6.03 gripper.pos=+9.69
DEBUG 2026-09-03 09:28:04 [action #249] t=10.77s step=248 queue=1 dmax=0.719 | shoulder_pan.pos=+33.45 shoulder_lift.pos=+20.87 elbow_flex.pos=-29.30 wrist_flex.pos=+74.79 wrist_roll.pos=-6.14 gripper.pos=+9.86
DEBUG 2026-09-03 09:28:04 [chunk] received 50 actions, timesteps 223..272 | first: shoulder_pan.pos=+17.61 shoulder_lift.pos=-11.66 elbow_flex.pos=-3.13 wrist_flex.pos=+81.96 wrist_roll.pos=-3.51 gripper.pos=+8.81 | last: shoulder_pan.pos=+36.58 shoulder_lift.pos=+26.39 elbow_flex.pos=-19.92 wrist_flex.pos=+69.06 wrist_roll.pos=-4.07 gripper.pos=+18.79
DEBUG 2026-09-03 09:28:04 [action #250] t=10.87s step=249 queue=24 dmax=11.738 | shoulder_pan.pos=+31.20 shoulder_lift.pos=+13.85 elbow_flex.pos=-17.56 wrist_flex.pos=+68.56 wrist_roll.pos=-3.25 gripper.pos=+9.47
DEBUG 2026-09-03 09:28:04 [action #251] t=10.90s step=250 queue=23 dmax=0.805 | shoulder_pan.pos=+31.84 shoulder_lift.pos=+14.66 elbow_flex.pos=-17.56 wrist_flex.pos=+69.23 wrist_roll.pos=-3.37 gripper.pos=+9.58
DEBUG 2026-09-03 09:28:04 [action #252] t=10.94s step=251 queue=22 dmax=1.872 | shoulder_pan.pos=+32.05 shoulder_lift.pos=+16.53 elbow_flex.pos=-19.04 wrist_flex.pos=+69.21 wrist_roll.pos=-3.39 gripper.pos=+9.56
DEBUG 2026-09-03 09:28:04 [action #253] t=10.97s step=252 queue=21 dmax=1.113 | shoulder_pan.pos=+32.04 shoulder_lift.pos=+17.64 elbow_flex.pos=-19.90 wrist_flex.pos=+69.76 wrist_roll.pos=-3.64 gripper.pos=+9.59
DEBUG 2026-09-03 09:28:04 [action #254] t=11.00s step=253 queue=20 dmax=0.843 | shoulder_pan.pos=+32.44 shoulder_lift.pos=+18.11 elbow_flex.pos=-20.74 wrist_flex.pos=+69.80 wrist_roll.pos=-3.73 gripper.pos=+9.56
DEBUG 2026-09-03 09:28:04 [action #255] t=11.04s step=254 queue=19 dmax=1.239 | shoulder_pan.pos=+32.60 shoulder_lift.pos=+19.35 elbow_flex.pos=-20.92 wrist_flex.pos=+70.07 wrist_roll.pos=-3.65 gripper.pos=+9.61
DEBUG 2026-09-03 09:28:04 [action #256] t=11.07s step=255 queue=18 dmax=0.575 | shoulder_pan.pos=+33.17 shoulder_lift.pos=+19.82 elbow_flex.pos=-20.92 wrist_flex.pos=+70.15 wrist_roll.pos=-3.70 gripper.pos=+9.55
DEBUG 2026-09-03 09:28:04 [action #257] t=11.10s step=256 queue=17 dmax=1.646 | shoulder_pan.pos=+33.50 shoulder_lift.pos=+21.47 elbow_flex.pos=-22.38 wrist_flex.pos=+70.00 wrist_roll.pos=-3.80 gripper.pos=+9.63
DEBUG 2026-09-03 09:28:05 [action #258] t=11.14s step=257 queue=16 dmax=0.541 | shoulder_pan.pos=+34.04 shoulder_lift.pos=+21.57 elbow_flex.pos=-21.97 wrist_flex.pos=+69.91 wrist_roll.pos=-3.78 gripper.pos=+9.74
DEBUG 2026-09-03 09:28:05 [action #259] t=11.17s step=258 queue=15 dmax=0.495 | shoulder_pan.pos=+34.53 shoulder_lift.pos=+21.95 elbow_flex.pos=-21.53 wrist_flex.pos=+69.61 wrist_roll.pos=-3.87 gripper.pos=+9.54
DEBUG 2026-09-03 09:28:05 [action #260] t=11.20s step=259 queue=14 dmax=1.291 | shoulder_pan.pos=+35.09 shoulder_lift.pos=+23.24 elbow_flex.pos=-21.80 wrist_flex.pos=+69.64 wrist_roll.pos=-3.88 gripper.pos=+9.57
DEBUG 2026-09-03 09:28:05 [action #261] t=11.24s step=260 queue=13 dmax=0.559 | shoulder_pan.pos=+35.39 shoulder_lift.pos=+22.68 elbow_flex.pos=-21.75 wrist_flex.pos=+69.31 wrist_roll.pos=-3.74 gripper.pos=+9.57
DEBUG 2026-09-03 09:28:05 [action #262] t=11.27s step=261 queue=12 dmax=1.225 | shoulder_pan.pos=+35.33 shoulder_lift.pos=+23.90 elbow_flex.pos=-20.91 wrist_flex.pos=+69.04 wrist_roll.pos=-3.84 gripper.pos=+9.39
DEBUG 2026-09-03 09:28:05 [action #263] t=11.30s step=262 queue=11 dmax=0.344 | shoulder_pan.pos=+35.65 shoulder_lift.pos=+23.72 elbow_flex.pos=-21.25 wrist_flex.pos=+68.74 wrist_roll.pos=-3.80 gripper.pos=+9.53
DEBUG 2026-09-03 09:28:05 [action #264] t=11.34s step=263 queue=10 dmax=0.323 | shoulder_pan.pos=+35.81 shoulder_lift.pos=+24.04 elbow_flex.pos=-21.57 wrist_flex.pos=+68.68 wrist_roll.pos=-3.90 gripper.pos=+9.40
DEBUG 2026-09-03 09:28:05 [action #265] t=11.37s step=264 queue=9 dmax=1.499 | shoulder_pan.pos=+35.89 shoulder_lift.pos=+23.74 elbow_flex.pos=-20.07 wrist_flex.pos=+68.58 wrist_roll.pos=-3.99 gripper.pos=+9.59
DEBUG 2026-09-03 09:28:05 [action #266] t=11.40s step=265 queue=8 dmax=0.804 | shoulder_pan.pos=+36.40 shoulder_lift.pos=+24.55 elbow_flex.pos=-19.64 wrist_flex.pos=+68.44 wrist_roll.pos=-4.04 gripper.pos=+9.62
DEBUG 2026-09-03 09:28:05 [action #267] t=11.44s step=266 queue=7 dmax=0.555 | shoulder_pan.pos=+36.67 shoulder_lift.pos=+23.99 elbow_flex.pos=-19.30 wrist_flex.pos=+68.19 wrist_roll.pos=-4.15 gripper.pos=+10.17
DEBUG 2026-09-03 09:28:05 [action #268] t=11.47s step=267 queue=6 dmax=0.744 | shoulder_pan.pos=+36.38 shoulder_lift.pos=+23.84 elbow_flex.pos=-19.57 wrist_flex.pos=+68.16 wrist_roll.pos=-4.00 gripper.pos=+10.92
DEBUG 2026-09-03 09:28:05 [action #269] t=11.51s step=268 queue=5 dmax=0.935 | shoulder_pan.pos=+36.46 shoulder_lift.pos=+24.78 elbow_flex.pos=-19.63 wrist_flex.pos=+68.33 wrist_roll.pos=-4.21 gripper.pos=+11.68
DEBUG 2026-09-03 09:28:05 [action #270] t=11.54s step=269 queue=4 dmax=1.973 | shoulder_pan.pos=+36.51 shoulder_lift.pos=+25.18 elbow_flex.pos=-19.20 wrist_flex.pos=+68.44 wrist_roll.pos=-4.07 gripper.pos=+13.66
DEBUG 2026-09-03 09:28:05 [action #271] t=11.57s step=270 queue=3 dmax=1.814 | shoulder_pan.pos=+36.49 shoulder_lift.pos=+26.00 elbow_flex.pos=-19.69 wrist_flex.pos=+68.76 wrist_roll.pos=-3.96 gripper.pos=+15.47
DEBUG 2026-09-03 09:28:05 [action #272] t=11.61s step=271 queue=2 dmax=1.779 | shoulder_pan.pos=+36.83 shoulder_lift.pos=+26.29 elbow_flex.pos=-19.66 wrist_flex.pos=+69.09 wrist_roll.pos=-3.96 gripper.pos=+17.25
DEBUG 2026-09-03 09:28:05 [action #273] t=11.64s step=272 queue=1 dmax=1.537 | shoulder_pan.pos=+36.58 shoulder_lift.pos=+26.39 elbow_flex.pos=-19.92 wrist_flex.pos=+69.06 wrist_roll.pos=-4.07 gripper.pos=+18.79
DEBUG 2026-09-03 09:28:05 [chunk] received 50 actions, timesteps 248..297 | first: shoulder_pan.pos=+30.52 shoulder_lift.pos=+20.05 elbow_flex.pos=-25.70 wrist_flex.pos=+74.27 wrist_roll.pos=-5.09 gripper.pos=+11.11 | last: shoulder_pan.pos=+29.09 shoulder_lift.pos=+23.93 elbow_flex.pos=-41.39 wrist_flex.pos=+95.63 wrist_roll.pos=-2.37 gripper.pos=+35.54
DEBUG 2026-09-03 09:28:05 [action #274] t=11.81s step=273 queue=25 dmax=10.769 | shoulder_pan.pos=+32.73 shoulder_lift.pos=+25.66 elbow_flex.pos=-22.61 wrist_flex.pos=+70.95 wrist_roll.pos=-5.73 gripper.pos=+29.56
DEBUG 2026-09-03 09:28:05 [action #275] t=11.84s step=274 queue=24 dmax=1.596 | shoulder_pan.pos=+32.80 shoulder_lift.pos=+25.12 elbow_flex.pos=-22.83 wrist_flex.pos=+71.23 wrist_roll.pos=-5.46 gripper.pos=+31.15
DEBUG 2026-09-03 09:28:05 [action #276] t=11.87s step=275 queue=23 dmax=1.405 | shoulder_pan.pos=+32.56 shoulder_lift.pos=+25.80 elbow_flex.pos=-22.42 wrist_flex.pos=+71.53 wrist_roll.pos=-5.48 gripper.pos=+32.56
DEBUG 2026-09-03 09:28:05 [action #277] t=11.91s step=276 queue=22 dmax=1.041 | shoulder_pan.pos=+32.52 shoulder_lift.pos=+25.82 elbow_flex.pos=-22.75 wrist_flex.pos=+71.95 wrist_roll.pos=-5.24 gripper.pos=+33.60
DEBUG 2026-09-03 09:28:05 [action #278] t=11.94s step=277 queue=21 dmax=0.641 | shoulder_pan.pos=+32.41 shoulder_lift.pos=+25.87 elbow_flex.pos=-22.80 wrist_flex.pos=+72.37 wrist_roll.pos=-5.15 gripper.pos=+34.24
DEBUG 2026-09-03 09:28:05 [action #279] t=11.97s step=278 queue=20 dmax=0.471 | shoulder_pan.pos=+32.12 shoulder_lift.pos=+25.74 elbow_flex.pos=-22.97 wrist_flex.pos=+72.84 wrist_roll.pos=-5.03 gripper.pos=+34.44
DEBUG 2026-09-03 09:28:05 [action #280] t=12.01s step=279 queue=19 dmax=0.587 | shoulder_pan.pos=+32.45 shoulder_lift.pos=+25.97 elbow_flex.pos=-23.56 wrist_flex.pos=+73.40 wrist_roll.pos=-5.00 gripper.pos=+34.64
DEBUG 2026-09-03 09:28:05 [action #281] t=12.04s step=280 queue=18 dmax=0.522 | shoulder_pan.pos=+32.34 shoulder_lift.pos=+26.08 elbow_flex.pos=-23.50 wrist_flex.pos=+73.92 wrist_roll.pos=-4.84 gripper.pos=+34.90
DEBUG 2026-09-03 09:28:05 [action #282] t=12.07s step=281 queue=17 dmax=0.908 | shoulder_pan.pos=+32.48 shoulder_lift.pos=+25.17 elbow_flex.pos=-23.91 wrist_flex.pos=+74.40 wrist_roll.pos=-4.72 gripper.pos=+34.83
DEBUG 2026-09-03 09:28:05 [action #283] t=12.11s step=282 queue=16 dmax=0.778 | shoulder_pan.pos=+32.12 shoulder_lift.pos=+25.91 elbow_flex.pos=-24.54 wrist_flex.pos=+75.18 wrist_roll.pos=-4.74 gripper.pos=+35.17
DEBUG 2026-09-03 09:28:06 [action #284] t=12.14s step=283 queue=15 dmax=0.841 | shoulder_pan.pos=+32.29 shoulder_lift.pos=+25.55 elbow_flex.pos=-25.09 wrist_flex.pos=+76.02 wrist_roll.pos=-4.70 gripper.pos=+35.56
DEBUG 2026-09-03 09:28:06 [action #285] t=12.17s step=284 queue=14 dmax=0.939 | shoulder_pan.pos=+32.26 shoulder_lift.pos=+25.21 elbow_flex.pos=-25.64 wrist_flex.pos=+76.96 wrist_roll.pos=-4.63 gripper.pos=+35.90
DEBUG 2026-09-03 09:28:06 [action #286] t=12.21s step=285 queue=13 dmax=0.907 | shoulder_pan.pos=+32.28 shoulder_lift.pos=+25.97 elbow_flex.pos=-25.95 wrist_flex.pos=+77.87 wrist_roll.pos=-4.62 gripper.pos=+36.34
DEBUG 2026-09-03 09:28:06 [action #287] t=12.24s step=286 queue=12 dmax=1.081 | shoulder_pan.pos=+32.03 shoulder_lift.pos=+25.51 elbow_flex.pos=-26.80 wrist_flex.pos=+78.95 wrist_roll.pos=-4.54 gripper.pos=+36.60
DEBUG 2026-09-03 09:28:06 [action #288] t=12.27s step=287 queue=11 dmax=1.111 | shoulder_pan.pos=+32.08 shoulder_lift.pos=+25.26 elbow_flex.pos=-27.22 wrist_flex.pos=+80.06 wrist_roll.pos=-4.42 gripper.pos=+36.65
DEBUG 2026-09-03 09:28:06 [action #289] t=12.31s step=288 queue=10 dmax=1.432 | shoulder_pan.pos=+31.82 shoulder_lift.pos=+25.14 elbow_flex.pos=-28.34 wrist_flex.pos=+81.49 wrist_roll.pos=-4.41 gripper.pos=+36.38
DEBUG 2026-09-03 09:28:06 [action #290] t=12.34s step=289 queue=9 dmax=1.372 | shoulder_pan.pos=+31.82 shoulder_lift.pos=+25.25 elbow_flex.pos=-29.41 wrist_flex.pos=+82.87 wrist_roll.pos=-4.18 gripper.pos=+36.24
DEBUG 2026-09-03 09:28:06 [action #291] t=12.37s step=290 queue=8 dmax=1.537 | shoulder_pan.pos=+31.72 shoulder_lift.pos=+25.02 elbow_flex.pos=-30.59 wrist_flex.pos=+84.40 wrist_roll.pos=-4.09 gripper.pos=+36.09
DEBUG 2026-09-03 09:28:06 [action #292] t=12.41s step=291 queue=7 dmax=1.561 | shoulder_pan.pos=+31.27 shoulder_lift.pos=+24.79 elbow_flex.pos=-31.86 wrist_flex.pos=+85.96 wrist_roll.pos=-3.78 gripper.pos=+35.97
DEBUG 2026-09-03 09:28:06 [action #293] t=12.44s step=292 queue=6 dmax=1.572 | shoulder_pan.pos=+31.15 shoulder_lift.pos=+24.68 elbow_flex.pos=-33.39 wrist_flex.pos=+87.54 wrist_roll.pos=-3.59 gripper.pos=+35.95
DEBUG 2026-09-03 09:28:06 [action #294] t=12.47s step=293 queue=5 dmax=1.883 | shoulder_pan.pos=+30.86 shoulder_lift.pos=+24.91 elbow_flex.pos=-35.27 wrist_flex.pos=+89.35 wrist_roll.pos=-3.34 gripper.pos=+36.02
DEBUG 2026-09-03 09:28:06 [action #295] t=12.51s step=294 queue=4 dmax=1.661 | shoulder_pan.pos=+30.63 shoulder_lift.pos=+24.17 elbow_flex.pos=-36.46 wrist_flex.pos=+91.01 wrist_roll.pos=-3.03 gripper.pos=+35.85
DEBUG 2026-09-03 09:28:06 [action #296] t=12.54s step=295 queue=3 dmax=1.903 | shoulder_pan.pos=+30.05 shoulder_lift.pos=+24.78 elbow_flex.pos=-38.19 wrist_flex.pos=+92.91 wrist_roll.pos=-2.76 gripper.pos=+35.97
DEBUG 2026-09-03 09:28:06 [action #297] t=12.58s step=296 queue=2 dmax=1.777 | shoulder_pan.pos=+29.70 shoulder_lift.pos=+24.19 elbow_flex.pos=-39.97 wrist_flex.pos=+94.24 wrist_roll.pos=-2.61 gripper.pos=+35.66
DEBUG 2026-09-03 09:28:06 [action #298] t=12.61s step=297 queue=1 dmax=1.423 | shoulder_pan.pos=+29.09 shoulder_lift.pos=+23.93 elbow_flex.pos=-41.39 wrist_flex.pos=+95.63 wrist_roll.pos=-2.37 gripper.pos=+35.54
DEBUG 2026-09-03 09:28:06 [chunk] received 50 actions, timesteps 272..321 | first: shoulder_pan.pos=+29.52 shoulder_lift.pos=+22.36 elbow_flex.pos=-21.63 wrist_flex.pos=+67.95 wrist_roll.pos=-4.73 gripper.pos=+16.90 | last: shoulder_pan.pos=+17.05 shoulder_lift.pos=+9.05 elbow_flex.pos=-26.51 wrist_flex.pos=+100.55 wrist_roll.pos=+2.45 gripper.pos=+34.25
DEBUG 2026-09-03 09:28:06 [action #299] t=12.68s step=298 queue=24 dmax=20.892 | shoulder_pan.pos=+26.26 shoulder_lift.pos=+18.00 elbow_flex.pos=-20.50 wrist_flex.pos=+83.31 wrist_roll.pos=-3.60 gripper.pos=+35.44
DEBUG 2026-09-03 09:28:06 [action #300] t=12.71s step=299 queue=23 dmax=1.315 | shoulder_pan.pos=+25.75 shoulder_lift.pos=+18.49 elbow_flex.pos=-21.81 wrist_flex.pos=+84.58 wrist_roll.pos=-3.55 gripper.pos=+35.53
DEBUG 2026-09-03 09:28:06 [action #301] t=12.74s step=300 queue=22 dmax=1.315 | shoulder_pan.pos=+25.33 shoulder_lift.pos=+18.35 elbow_flex.pos=-22.99 wrist_flex.pos=+85.90 wrist_roll.pos=-3.36 gripper.pos=+35.47
DEBUG 2026-09-03 09:28:06 [action #302] t=12.78s step=301 queue=21 dmax=1.495 | shoulder_pan.pos=+24.92 shoulder_lift.pos=+18.22 elbow_flex.pos=-24.12 wrist_flex.pos=+87.39 wrist_roll.pos=-3.36 gripper.pos=+35.65
DEBUG 2026-09-03 09:28:06 [action #303] t=12.81s step=302 queue=20 dmax=1.623 | shoulder_pan.pos=+24.35 shoulder_lift.pos=+18.13 elbow_flex.pos=-25.74 wrist_flex.pos=+88.97 wrist_roll.pos=-3.02 gripper.pos=+36.00
DEBUG 2026-09-03 09:28:06 [action #304] t=12.84s step=303 queue=19 dmax=1.631 | shoulder_pan.pos=+24.10 shoulder_lift.pos=+18.09 elbow_flex.pos=-27.03 wrist_flex.pos=+90.60 wrist_roll.pos=-2.69 gripper.pos=+36.43
DEBUG 2026-09-03 09:28:06 [action #305] t=12.88s step=304 queue=18 dmax=1.317 | shoulder_pan.pos=+23.74 shoulder_lift.pos=+17.83 elbow_flex.pos=-27.99 wrist_flex.pos=+91.91 wrist_roll.pos=-2.12 gripper.pos=+36.75
DEBUG 2026-09-03 09:28:06 [action #306] t=12.91s step=305 queue=17 dmax=1.369 | shoulder_pan.pos=+23.55 shoulder_lift.pos=+18.10 elbow_flex.pos=-29.36 wrist_flex.pos=+93.00 wrist_roll.pos=-1.51 gripper.pos=+36.82
DEBUG 2026-09-03 09:28:06 [action #307] t=12.94s step=306 queue=16 dmax=1.181 | shoulder_pan.pos=+23.11 shoulder_lift.pos=+17.48 elbow_flex.pos=-30.54 wrist_flex.pos=+93.83 wrist_roll.pos=-0.91 gripper.pos=+36.76
DEBUG 2026-09-03 09:28:06 [action #308] t=12.98s step=307 queue=15 dmax=1.013 | shoulder_pan.pos=+23.14 shoulder_lift.pos=+17.08 elbow_flex.pos=-30.20 wrist_flex.pos=+94.84 wrist_roll.pos=-0.48 gripper.pos=+36.61
DEBUG 2026-09-03 09:28:06 [action #309] t=13.01s step=308 queue=14 dmax=0.687 | shoulder_pan.pos=+22.65 shoulder_lift.pos=+17.70 elbow_flex.pos=-30.61 wrist_flex.pos=+95.53 wrist_roll.pos=-0.08 gripper.pos=+36.27
DEBUG 2026-09-03 09:28:06 [action #310] t=13.04s step=309 queue=13 dmax=0.616 | shoulder_pan.pos=+22.55 shoulder_lift.pos=+17.42 elbow_flex.pos=-30.72 wrist_flex.pos=+96.11 wrist_roll.pos=+0.54 gripper.pos=+36.11
DEBUG 2026-09-03 09:28:06 [action #311] t=13.08s step=310 queue=12 dmax=0.679 | shoulder_pan.pos=+22.00 shoulder_lift.pos=+16.84 elbow_flex.pos=-31.35 wrist_flex.pos=+96.69 wrist_roll.pos=+1.22 gripper.pos=+35.83
DEBUG 2026-09-03 09:28:06 [action #312] t=13.11s step=311 queue=11 dmax=0.549 | shoulder_pan.pos=+21.62 shoulder_lift.pos=+16.64 elbow_flex.pos=-31.60 wrist_flex.pos=+97.24 wrist_roll.pos=+1.69 gripper.pos=+35.43
DEBUG 2026-09-03 09:28:07 [action #313] t=13.14s step=312 queue=10 dmax=0.605 | shoulder_pan.pos=+21.20 shoulder_lift.pos=+16.03 elbow_flex.pos=-31.31 wrist_flex.pos=+97.81 wrist_roll.pos=+2.04 gripper.pos=+35.05
DEBUG 2026-09-03 09:28:07 [action #314] t=13.18s step=313 queue=9 dmax=0.711 | shoulder_pan.pos=+20.90 shoulder_lift.pos=+16.53 elbow_flex.pos=-32.02 wrist_flex.pos=+98.51 wrist_roll.pos=+2.31 gripper.pos=+35.16
DEBUG 2026-09-03 09:28:07 [action #315] t=13.21s step=314 queue=8 dmax=0.690 | shoulder_pan.pos=+20.75 shoulder_lift.pos=+16.09 elbow_flex.pos=-31.38 wrist_flex.pos=+99.20 wrist_roll.pos=+2.51 gripper.pos=+35.32
DEBUG 2026-09-03 09:28:07 [action #316] t=13.24s step=315 queue=7 dmax=1.157 | shoulder_pan.pos=+20.30 shoulder_lift.pos=+14.93 elbow_flex.pos=-31.16 wrist_flex.pos=+99.65 wrist_roll.pos=+2.65 gripper.pos=+35.13
DEBUG 2026-09-03 09:28:07 [action #317] t=13.28s step=316 queue=6 dmax=0.561 | shoulder_pan.pos=+19.91 shoulder_lift.pos=+14.37 elbow_flex.pos=-31.11 wrist_flex.pos=+100.20 wrist_roll.pos=+2.70 gripper.pos=+35.29
DEBUG 2026-09-03 09:28:07 [action #318] t=13.31s step=317 queue=5 dmax=0.661 | shoulder_pan.pos=+19.24 shoulder_lift.pos=+14.02 elbow_flex.pos=-30.86 wrist_flex.pos=+100.46 wrist_roll.pos=+2.62 gripper.pos=+35.29
DEBUG 2026-09-03 09:28:07 [action #319] t=13.34s step=318 queue=4 dmax=1.093 | shoulder_pan.pos=+18.80 shoulder_lift.pos=+12.93 elbow_flex.pos=-30.10 wrist_flex.pos=+100.84 wrist_roll.pos=+2.66 gripper.pos=+34.93
DEBUG 2026-09-03 09:28:07 [action #320] t=13.38s step=319 queue=3 dmax=1.002 | shoulder_pan.pos=+18.27 shoulder_lift.pos=+11.93 elbow_flex.pos=-29.37 wrist_flex.pos=+100.73 wrist_roll.pos=+2.54 gripper.pos=+34.81
DEBUG 2026-09-03 09:28:07 [action #321] t=13.41s step=320 queue=2 dmax=1.269 | shoulder_pan.pos=+17.89 shoulder_lift.pos=+10.66 elbow_flex.pos=-28.26 wrist_flex.pos=+100.75 wrist_roll.pos=+2.46 gripper.pos=+34.60
DEBUG 2026-09-03 09:28:07 [action #322] t=13.44s step=321 queue=1 dmax=1.752 | shoulder_pan.pos=+17.05 shoulder_lift.pos=+9.05 elbow_flex.pos=-26.51 wrist_flex.pos=+100.55 wrist_roll.pos=+2.45 gripper.pos=+34.25
DEBUG 2026-09-03 09:28:07 [chunk] received 50 actions, timesteps 297..346 | first: shoulder_pan.pos=+28.66 shoulder_lift.pos=+22.29 elbow_flex.pos=-35.73 wrist_flex.pos=+98.78 wrist_roll.pos=-2.51 gripper.pos=+36.88 | last: shoulder_pan.pos=+0.06 shoulder_lift.pos=-58.55 elbow_flex.pos=+49.33 wrist_flex.pos=+75.57 wrist_roll.pos=+2.56 gripper.pos=+2.59
DEBUG 2026-09-03 09:28:07 [action #323] t=13.58s step=322 queue=25 dmax=29.804 | shoulder_pan.pos=+9.86 shoulder_lift.pos=-20.05 elbow_flex.pos=+3.30 wrist_flex.pos=+93.76 wrist_roll.pos=+0.16 gripper.pos=+28.14
DEBUG 2026-09-03 09:28:07 [action #324] t=13.61s step=323 queue=24 dmax=1.918 | shoulder_pan.pos=+8.91 shoulder_lift.pos=-21.51 elbow_flex.pos=+5.22 wrist_flex.pos=+93.10 wrist_roll.pos=+0.38 gripper.pos=+26.85
DEBUG 2026-09-03 09:28:07 [action #325] t=13.65s step=324 queue=23 dmax=2.620 | shoulder_pan.pos=+8.09 shoulder_lift.pos=-23.77 elbow_flex.pos=+7.84 wrist_flex.pos=+92.60 wrist_roll.pos=+0.18 gripper.pos=+25.46
DEBUG 2026-09-03 09:28:07 [action #326] t=13.68s step=325 queue=22 dmax=1.927 | shoulder_pan.pos=+7.12 shoulder_lift.pos=-25.70 elbow_flex.pos=+9.50 wrist_flex.pos=+91.90 wrist_roll.pos=+0.57 gripper.pos=+23.97
DEBUG 2026-09-03 09:28:07 [action #327] t=13.71s step=326 queue=21 dmax=2.283 | shoulder_pan.pos=+6.62 shoulder_lift.pos=-27.26 elbow_flex.pos=+11.78 wrist_flex.pos=+91.47 wrist_roll.pos=+0.55 gripper.pos=+22.15
DEBUG 2026-09-03 09:28:07 [action #328] t=13.75s step=327 queue=20 dmax=2.207 | shoulder_pan.pos=+6.21 shoulder_lift.pos=-29.01 elbow_flex.pos=+13.99 wrist_flex.pos=+90.56 wrist_roll.pos=+0.66 gripper.pos=+19.98
DEBUG 2026-09-03 09:28:07 [action #329] t=13.78s step=328 queue=19 dmax=2.388 | shoulder_pan.pos=+5.47 shoulder_lift.pos=-30.49 elbow_flex.pos=+15.70 wrist_flex.pos=+89.90 wrist_roll.pos=+0.70 gripper.pos=+17.59
DEBUG 2026-09-03 09:28:07 [action #330] t=13.81s step=329 queue=18 dmax=2.250 | shoulder_pan.pos=+5.24 shoulder_lift.pos=-31.54 elbow_flex.pos=+17.73 wrist_flex.pos=+89.47 wrist_roll.pos=+0.82 gripper.pos=+15.34
DEBUG 2026-09-03 09:28:07 [action #331] t=13.85s step=330 queue=17 dmax=2.337 | shoulder_pan.pos=+4.74 shoulder_lift.pos=-32.62 elbow_flex.pos=+18.51 wrist_flex.pos=+88.54 wrist_roll.pos=+0.75 gripper.pos=+13.00
DEBUG 2026-09-03 09:28:07 [action #332] t=13.88s step=331 queue=16 dmax=1.883 | shoulder_pan.pos=+4.33 shoulder_lift.pos=-33.82 elbow_flex.pos=+20.26 wrist_flex.pos=+87.97 wrist_roll.pos=+0.72 gripper.pos=+11.12
DEBUG 2026-09-03 09:28:07 [action #333] t=13.91s step=332 queue=15 dmax=1.844 | shoulder_pan.pos=+4.13 shoulder_lift.pos=-35.67 elbow_flex.pos=+21.46 wrist_flex.pos=+87.10 wrist_roll.pos=+0.81 gripper.pos=+9.49
DEBUG 2026-09-03 09:28:07 [action #334] t=13.95s step=333 queue=14 dmax=1.755 | shoulder_pan.pos=+3.40 shoulder_lift.pos=-36.94 elbow_flex.pos=+23.22 wrist_flex.pos=+86.24 wrist_roll.pos=+0.86 gripper.pos=+8.46
DEBUG 2026-09-03 09:28:07 [action #335] t=13.98s step=334 queue=13 dmax=2.533 | shoulder_pan.pos=+2.93 shoulder_lift.pos=-38.30 elbow_flex.pos=+25.75 wrist_flex.pos=+85.06 wrist_roll.pos=+0.94 gripper.pos=+7.71
DEBUG 2026-09-03 09:28:07 [action #336] t=14.01s step=335 queue=12 dmax=1.907 | shoulder_pan.pos=+2.21 shoulder_lift.pos=-39.81 elbow_flex.pos=+27.66 wrist_flex.pos=+84.16 wrist_roll.pos=+1.09 gripper.pos=+7.25
DEBUG 2026-09-03 09:28:07 [action #337] t=14.05s step=336 queue=11 dmax=1.910 | shoulder_pan.pos=+1.80 shoulder_lift.pos=-41.03 elbow_flex.pos=+29.57 wrist_flex.pos=+83.03 wrist_roll.pos=+1.28 gripper.pos=+6.63
DEBUG 2026-09-03 09:28:07 [action #338] t=14.08s step=337 queue=10 dmax=2.256 | shoulder_pan.pos=+1.42 shoulder_lift.pos=-43.09 elbow_flex.pos=+31.82 wrist_flex.pos=+81.91 wrist_roll.pos=+1.51 gripper.pos=+6.22
DEBUG 2026-09-03 09:28:07 [action #339] t=14.11s step=338 queue=9 dmax=2.430 | shoulder_pan.pos=+0.88 shoulder_lift.pos=-44.44 elbow_flex.pos=+34.25 wrist_flex.pos=+81.02 wrist_roll.pos=+1.60 gripper.pos=+5.77
DEBUG 2026-09-03 09:28:08 [action #340] t=14.15s step=339 queue=8 dmax=1.768 | shoulder_pan.pos=+0.62 shoulder_lift.pos=-45.83 elbow_flex.pos=+36.02 wrist_flex.pos=+80.22 wrist_roll.pos=+1.77 gripper.pos=+5.42
DEBUG 2026-09-03 09:28:08 [action #341] t=14.18s step=340 queue=7 dmax=2.057 | shoulder_pan.pos=+0.17 shoulder_lift.pos=-47.69 elbow_flex.pos=+38.08 wrist_flex.pos=+79.59 wrist_roll.pos=+1.97 gripper.pos=+5.15
DEBUG 2026-09-03 09:28:08 [action #342] t=14.21s step=341 queue=6 dmax=1.804 | shoulder_pan.pos=-0.08 shoulder_lift.pos=-49.05 elbow_flex.pos=+39.88 wrist_flex.pos=+79.15 wrist_roll.pos=+2.19 gripper.pos=+4.83
DEBUG 2026-09-03 09:28:08 [action #343] t=14.25s step=342 queue=5 dmax=1.489 | shoulder_pan.pos=+0.02 shoulder_lift.pos=-50.54 elbow_flex.pos=+41.15 wrist_flex.pos=+78.60 wrist_roll.pos=+2.52 gripper.pos=+4.23
DEBUG 2026-09-03 09:28:08 [action #344] t=14.28s step=343 queue=4 dmax=2.097 | shoulder_pan.pos=-0.21 shoulder_lift.pos=-52.35 elbow_flex.pos=+43.24 wrist_flex.pos=+78.00 wrist_roll.pos=+2.51 gripper.pos=+3.92
DEBUG 2026-09-03 09:28:08 [action #345] t=14.31s step=344 queue=3 dmax=2.047 | shoulder_pan.pos=-0.19 shoulder_lift.pos=-54.40 elbow_flex.pos=+45.23 wrist_flex.pos=+77.37 wrist_roll.pos=+2.56 gripper.pos=+3.23
DEBUG 2026-09-03 09:28:08 [chunk] received 50 actions, timesteps 321..370 | first: shoulder_pan.pos=+14.68 shoulder_lift.pos=+3.36 elbow_flex.pos=-19.62 wrist_flex.pos=+101.18 wrist_roll.pos=+1.89 gripper.pos=+33.57 | last: shoulder_pan.pos=-3.52 shoulder_lift.pos=-81.57 elbow_flex.pos=+73.02 wrist_flex.pos=+66.82 wrist_roll.pos=-1.29 gripper.pos=-0.04
DEBUG 2026-09-03 09:28:08 [action #346] t=14.35s step=345 queue=2 dmax=2.068 | shoulder_pan.pos=-0.04 shoulder_lift.pos=-56.41 elbow_flex.pos=+47.30 wrist_flex.pos=+76.38 wrist_roll.pos=+2.51 gripper.pos=+2.88
DEBUG 2026-09-03 09:28:08 [action #347] t=14.38s step=346 queue=25 dmax=8.798 | shoulder_pan.pos=-2.66 shoulder_lift.pos=-50.90 elbow_flex.pos=+38.50 wrist_flex.pos=+78.50 wrist_roll.pos=+2.71 gripper.pos=+2.08
DEBUG 2026-09-03 09:28:08 [action #348] t=14.41s step=347 queue=24 dmax=3.374 | shoulder_pan.pos=-4.15 shoulder_lift.pos=-48.83 elbow_flex.pos=+35.13 wrist_flex.pos=+79.42 wrist_roll.pos=+2.66 gripper.pos=+2.02
DEBUG 2026-09-03 09:28:08 [action #349] t=14.45s step=348 queue=23 dmax=2.069 | shoulder_pan.pos=-4.86 shoulder_lift.pos=-50.75 elbow_flex.pos=+37.20 wrist_flex.pos=+79.05 wrist_roll.pos=+2.48 gripper.pos=+2.34
DEBUG 2026-09-03 09:28:08 [action #350] t=14.48s step=349 queue=22 dmax=1.660 | shoulder_pan.pos=-5.19 shoulder_lift.pos=-52.05 elbow_flex.pos=+38.85 wrist_flex.pos=+78.89 wrist_roll.pos=+2.20 gripper.pos=+2.40
DEBUG 2026-09-03 09:28:08 [action #351] t=14.52s step=350 queue=21 dmax=1.490 | shoulder_pan.pos=-5.59 shoulder_lift.pos=-53.31 elbow_flex.pos=+40.35 wrist_flex.pos=+78.45 wrist_roll.pos=+1.86 gripper.pos=+2.48
DEBUG 2026-09-03 09:28:08 [action #352] t=14.55s step=351 queue=20 dmax=1.711 | shoulder_pan.pos=-5.83 shoulder_lift.pos=-54.62 elbow_flex.pos=+42.06 wrist_flex.pos=+78.32 wrist_roll.pos=+1.73 gripper.pos=+2.27
DEBUG 2026-09-03 09:28:08 [action #353] t=14.58s step=352 queue=19 dmax=1.514 | shoulder_pan.pos=-5.72 shoulder_lift.pos=-56.14 elbow_flex.pos=+43.10 wrist_flex.pos=+78.15 wrist_roll.pos=+1.67 gripper.pos=+2.28
DEBUG 2026-09-03 09:28:08 [action #354] t=14.62s step=353 queue=18 dmax=1.703 | shoulder_pan.pos=-5.98 shoulder_lift.pos=-57.57 elbow_flex.pos=+44.80 wrist_flex.pos=+77.86 wrist_roll.pos=+1.85 gripper.pos=+2.28
DEBUG 2026-09-03 09:28:08 [action #355] t=14.65s step=354 queue=17 dmax=1.233 | shoulder_pan.pos=-5.99 shoulder_lift.pos=-58.80 elbow_flex.pos=+45.86 wrist_flex.pos=+77.48 wrist_roll.pos=+1.79 gripper.pos=+2.43
DEBUG 2026-09-03 09:28:08 [action #356] t=14.68s step=355 queue=16 dmax=2.179 | shoulder_pan.pos=-6.06 shoulder_lift.pos=-60.39 elbow_flex.pos=+48.04 wrist_flex.pos=+77.07 wrist_roll.pos=+1.85 gripper.pos=+2.29
DEBUG 2026-09-03 09:28:08 [action #357] t=14.72s step=356 queue=15 dmax=1.608 | shoulder_pan.pos=-6.38 shoulder_lift.pos=-61.82 elbow_flex.pos=+49.65 wrist_flex.pos=+76.29 wrist_roll.pos=+1.87 gripper.pos=+2.11
DEBUG 2026-09-03 09:28:08 [action #358] t=14.75s step=357 queue=14 dmax=2.223 | shoulder_pan.pos=-6.45 shoulder_lift.pos=-63.39 elbow_flex.pos=+51.87 wrist_flex.pos=+75.46 wrist_roll.pos=+1.82 gripper.pos=+1.80
DEBUG 2026-09-03 09:28:08 [action #359] t=14.78s step=358 queue=13 dmax=1.594 | shoulder_pan.pos=-6.26 shoulder_lift.pos=-64.50 elbow_flex.pos=+53.46 wrist_flex.pos=+74.40 wrist_roll.pos=+1.70 gripper.pos=+1.35
DEBUG 2026-09-03 09:28:08 [action #360] t=14.82s step=359 queue=12 dmax=2.294 | shoulder_pan.pos=-6.21 shoulder_lift.pos=-66.30 elbow_flex.pos=+55.76 wrist_flex.pos=+73.02 wrist_roll.pos=+1.67 gripper.pos=+1.04
DEBUG 2026-09-03 09:28:08 [action #361] t=14.85s step=360 queue=11 dmax=1.351 | shoulder_pan.pos=-5.82 shoulder_lift.pos=-67.32 elbow_flex.pos=+56.84 wrist_flex.pos=+71.67 wrist_roll.pos=+1.82 gripper.pos=+0.26
DEBUG 2026-09-03 09:28:08 [action #362] t=14.88s step=361 queue=10 dmax=2.364 | shoulder_pan.pos=-5.45 shoulder_lift.pos=-68.50 elbow_flex.pos=+59.21 wrist_flex.pos=+70.44 wrist_roll.pos=+1.75 gripper.pos=+0.12
DEBUG 2026-09-03 09:28:08 [action #363] t=14.92s step=362 queue=9 dmax=2.161 | shoulder_pan.pos=-5.22 shoulder_lift.pos=-69.84 elbow_flex.pos=+61.37 wrist_flex.pos=+69.15 wrist_roll.pos=+1.59 gripper.pos=-0.12
DEBUG 2026-09-03 09:28:08 [action #364] t=14.95s step=363 queue=8 dmax=1.115 | shoulder_pan.pos=-4.97 shoulder_lift.pos=-70.70 elbow_flex.pos=+62.48 wrist_flex.pos=+68.16 wrist_roll.pos=+1.42 gripper.pos=+0.07
DEBUG 2026-09-03 09:28:08 [action #365] t=14.98s step=364 queue=7 dmax=1.681 | shoulder_pan.pos=-4.40 shoulder_lift.pos=-72.33 elbow_flex.pos=+64.16 wrist_flex.pos=+67.55 wrist_roll.pos=+1.10 gripper.pos=-0.38
DEBUG 2026-09-03 09:28:08 [action #366] t=15.02s step=365 queue=6 dmax=1.211 | shoulder_pan.pos=-4.16 shoulder_lift.pos=-73.28 elbow_flex.pos=+65.38 wrist_flex.pos=+67.20 wrist_roll.pos=+0.67 gripper.pos=-0.37
DEBUG 2026-09-03 09:28:08 [action #367] t=15.05s step=366 queue=5 dmax=1.444 | shoulder_pan.pos=-4.04 shoulder_lift.pos=-74.73 elbow_flex.pos=+66.78 wrist_flex.pos=+66.81 wrist_roll.pos=+0.41 gripper.pos=-0.42
DEBUG 2026-09-03 09:28:08 [action #368] t=15.08s step=367 queue=4 dmax=1.764 | shoulder_pan.pos=-3.89 shoulder_lift.pos=-76.41 elbow_flex.pos=+68.54 wrist_flex.pos=+66.81 wrist_roll.pos=-0.22 gripper.pos=-0.19
DEBUG 2026-09-03 09:28:08 [action #369] t=15.12s step=368 queue=3 dmax=1.229 | shoulder_pan.pos=-3.36 shoulder_lift.pos=-77.64 elbow_flex.pos=+69.18 wrist_flex.pos=+66.71 wrist_roll.pos=-0.67 gripper.pos=-0.19
DEBUG 2026-09-03 09:28:09 [action #370] t=15.15s step=369 queue=2 dmax=2.156 | shoulder_pan.pos=-3.31 shoulder_lift.pos=-79.79 elbow_flex.pos=+70.62 wrist_flex.pos=+66.74 wrist_roll.pos=-0.90 gripper.pos=+0.06
DEBUG 2026-09-03 09:28:09 [action #371] t=15.18s step=370 queue=1 dmax=2.405 | shoulder_pan.pos=-3.52 shoulder_lift.pos=-81.57 elbow_flex.pos=+73.02 wrist_flex.pos=+66.82 wrist_roll.pos=-1.29 gripper.pos=-0.04
DEBUG 2026-09-03 09:28:09 [chunk] received 50 actions, timesteps 344..393 | first: shoulder_pan.pos=-1.49 shoulder_lift.pos=-53.50 elbow_flex.pos=+45.73 wrist_flex.pos=+76.45 wrist_roll.pos=+1.27 gripper.pos=+2.04 | last: shoulder_pan.pos=-3.31 shoulder_lift.pos=-103.93 elbow_flex.pos=+86.80 wrist_flex.pos=+80.06 wrist_roll.pos=-1.52 gripper.pos=+0.68
DEBUG 2026-09-03 09:28:09 [action #372] t=15.28s step=371 queue=23 dmax=12.858 | shoulder_pan.pos=-3.54 shoulder_lift.pos=-94.43 elbow_flex.pos=+81.50 wrist_flex.pos=+68.78 wrist_roll.pos=-2.02 gripper.pos=+0.35
DEBUG 2026-09-03 09:28:09 [action #373] t=15.32s step=372 queue=22 dmax=1.741 | shoulder_pan.pos=-3.45 shoulder_lift.pos=-96.17 elbow_flex.pos=+81.91 wrist_flex.pos=+69.67 wrist_roll.pos=-1.89 gripper.pos=+0.35
DEBUG 2026-09-03 09:28:09 [action #374] t=15.35s step=373 queue=21 dmax=1.609 | shoulder_pan.pos=-3.53 shoulder_lift.pos=-97.78 elbow_flex.pos=+82.73 wrist_flex.pos=+70.37 wrist_roll.pos=-1.82 gripper.pos=+0.46
DEBUG 2026-09-03 09:28:09 [action #375] t=15.38s step=374 queue=20 dmax=1.716 | shoulder_pan.pos=-3.66 shoulder_lift.pos=-99.35 elbow_flex.pos=+84.45 wrist_flex.pos=+71.43 wrist_roll.pos=-1.70 gripper.pos=+0.40
DEBUG 2026-09-03 09:28:09 [action #376] t=15.42s step=375 queue=19 dmax=1.206 | shoulder_pan.pos=-3.56 shoulder_lift.pos=-100.56 elbow_flex.pos=+84.48 wrist_flex.pos=+72.56 wrist_roll.pos=-1.69 gripper.pos=+0.19
DEBUG 2026-09-03 09:28:09 [action #377] t=15.45s step=376 queue=18 dmax=1.550 | shoulder_pan.pos=-3.99 shoulder_lift.pos=-102.11 elbow_flex.pos=+85.52 wrist_flex.pos=+73.94 wrist_roll.pos=-1.63 gripper.pos=+0.46
DEBUG 2026-09-03 09:28:09 [action #378] t=15.48s step=377 queue=17 dmax=1.281 | shoulder_pan.pos=-3.84 shoulder_lift.pos=-102.87 elbow_flex.pos=+84.57 wrist_flex.pos=+75.22 wrist_roll.pos=-1.64 gripper.pos=+0.44
DEBUG 2026-09-03 09:28:09 [action #379] t=15.52s step=378 queue=16 dmax=1.341 | shoulder_pan.pos=-3.63 shoulder_lift.pos=-104.21 elbow_flex.pos=+85.53 wrist_flex.pos=+76.33 wrist_roll.pos=-1.71 gripper.pos=+0.45
DEBUG 2026-09-03 09:28:09 [action #380] t=15.55s step=379 queue=15 dmax=0.799 | shoulder_pan.pos=-3.57 shoulder_lift.pos=-104.25 elbow_flex.pos=+85.73 wrist_flex.pos=+77.13 wrist_roll.pos=-1.72 gripper.pos=+0.49
DEBUG 2026-09-03 09:28:09 [action #381] t=15.59s step=380 queue=14 dmax=0.420 | shoulder_pan.pos=-3.22 shoulder_lift.pos=-104.53 elbow_flex.pos=+86.05 wrist_flex.pos=+77.55 wrist_roll.pos=-1.69 gripper.pos=+0.63
DEBUG 2026-09-03 09:28:09 [action #382] t=15.62s step=381 queue=13 dmax=0.372 | shoulder_pan.pos=-2.96 shoulder_lift.pos=-104.16 elbow_flex.pos=+86.10 wrist_flex.pos=+77.92 wrist_roll.pos=-1.67 gripper.pos=+0.39
DEBUG 2026-09-03 09:28:09 [action #383] t=15.65s step=382 queue=12 dmax=0.066 | shoulder_pan.pos=-2.97 shoulder_lift.pos=-104.11 elbow_flex.pos=+86.10 wrist_flex.pos=+77.98 wrist_roll.pos=-1.65 gripper.pos=+0.43
DEBUG 2026-09-03 09:28:09 [action #384] t=15.69s step=383 queue=11 dmax=0.501 | shoulder_pan.pos=-3.20 shoulder_lift.pos=-103.61 elbow_flex.pos=+86.34 wrist_flex.pos=+78.35 wrist_roll.pos=-1.71 gripper.pos=+0.38
DEBUG 2026-09-03 09:28:09 [action #385] t=15.72s step=384 queue=10 dmax=0.454 | shoulder_pan.pos=-2.74 shoulder_lift.pos=-103.96 elbow_flex.pos=+86.55 wrist_flex.pos=+78.45 wrist_roll.pos=-1.81 gripper.pos=+0.44
DEBUG 2026-09-03 09:28:09 [action #386] t=15.75s step=385 queue=9 dmax=0.722 | shoulder_pan.pos=-2.96 shoulder_lift.pos=-103.24 elbow_flex.pos=+86.51 wrist_flex.pos=+78.81 wrist_roll.pos=-2.14 gripper.pos=+0.36
DEBUG 2026-09-03 09:28:09 [action #387] t=15.79s step=386 queue=8 dmax=0.474 | shoulder_pan.pos=-2.80 shoulder_lift.pos=-103.71 elbow_flex.pos=+86.35 wrist_flex.pos=+78.97 wrist_roll.pos=-2.24 gripper.pos=+0.55
DEBUG 2026-09-03 09:28:09 [action #388] t=15.82s step=387 queue=7 dmax=0.334 | shoulder_pan.pos=-2.87 shoulder_lift.pos=-104.05 elbow_flex.pos=+86.42 wrist_flex.pos=+79.17 wrist_roll.pos=-2.18 gripper.pos=+0.61
DEBUG 2026-09-03 09:28:09 [action #389] t=15.85s step=388 queue=6 dmax=0.428 | shoulder_pan.pos=-3.11 shoulder_lift.pos=-103.66 elbow_flex.pos=+86.85 wrist_flex.pos=+79.35 wrist_roll.pos=-2.12 gripper.pos=+0.60
DEBUG 2026-09-03 09:28:09 [action #390] t=15.89s step=389 queue=5 dmax=0.242 | shoulder_pan.pos=-2.95 shoulder_lift.pos=-103.62 elbow_flex.pos=+86.76 wrist_flex.pos=+79.58 wrist_roll.pos=-1.88 gripper.pos=+0.42
DEBUG 2026-09-03 09:28:09 [action #391] t=15.92s step=390 queue=4 dmax=0.302 | shoulder_pan.pos=-3.21 shoulder_lift.pos=-103.93 elbow_flex.pos=+86.67 wrist_flex.pos=+79.60 wrist_roll.pos=-1.83 gripper.pos=+0.60
DEBUG 2026-09-03 09:28:09 [action #392] t=15.95s step=391 queue=3 dmax=0.190 | shoulder_pan.pos=-3.27 shoulder_lift.pos=-103.86 elbow_flex.pos=+86.65 wrist_flex.pos=+79.77 wrist_roll.pos=-1.64 gripper.pos=+0.64
DEBUG 2026-09-03 09:28:09 [action #393] t=15.99s step=392 queue=2 dmax=0.406 | shoulder_pan.pos=-3.20 shoulder_lift.pos=-103.45 elbow_flex.pos=+86.67 wrist_flex.pos=+79.90 wrist_roll.pos=-1.80 gripper.pos=+0.64
DEBUG 2026-09-03 09:28:09 [action #394] t=16.02s step=393 queue=1 dmax=0.485 | shoulder_pan.pos=-3.31 shoulder_lift.pos=-103.93 elbow_flex.pos=+86.80 wrist_flex.pos=+80.06 wrist_roll.pos=-1.52 gripper.pos=+0.68
DEBUG 2026-09-03 09:28:10 [chunk] received 50 actions, timesteps 370..419 | first: shoulder_pan.pos=-3.97 shoulder_lift.pos=-83.64 elbow_flex.pos=+74.42 wrist_flex.pos=+66.56 wrist_roll.pos=-0.92 gripper.pos=-0.06 | last: shoulder_pan.pos=-5.61 shoulder_lift.pos=-101.84 elbow_flex.pos=+88.91 wrist_flex.pos=+77.52 wrist_roll.pos=-3.40 gripper.pos=-0.39
DEBUG 2026-09-03 09:28:10 [action #395] t=16.15s step=394 queue=26 dmax=4.676 | shoulder_pan.pos=-4.57 shoulder_lift.pos=-102.00 elbow_flex.pos=+89.14 wrist_flex.pos=+75.38 wrist_roll.pos=-1.46 gripper.pos=-0.40
DEBUG 2026-09-03 09:28:10 [action #396] t=16.19s step=395 queue=25 dmax=0.492 | shoulder_pan.pos=-4.67 shoulder_lift.pos=-102.33 elbow_flex.pos=+88.65 wrist_flex.pos=+75.70 wrist_roll.pos=-1.50 gripper.pos=-0.46
DEBUG 2026-09-03 09:28:10 [action #397] t=16.22s step=396 queue=24 dmax=0.173 | shoulder_pan.pos=-4.84 shoulder_lift.pos=-102.36 elbow_flex.pos=+88.74 wrist_flex.pos=+75.85 wrist_roll.pos=-1.46 gripper.pos=-0.34
DEBUG 2026-09-03 09:28:10 [action #398] t=16.25s step=397 queue=23 dmax=0.452 | shoulder_pan.pos=-4.98 shoulder_lift.pos=-102.35 elbow_flex.pos=+89.19 wrist_flex.pos=+76.12 wrist_roll.pos=-1.44 gripper.pos=-0.47
DEBUG 2026-09-03 09:28:10 [action #399] t=16.29s step=398 queue=22 dmax=0.378 | shoulder_pan.pos=-5.36 shoulder_lift.pos=-102.40 elbow_flex.pos=+89.40 wrist_flex.pos=+76.39 wrist_roll.pos=-1.56 gripper.pos=-0.35
DEBUG 2026-09-03 09:28:10 [action #400] t=16.32s step=399 queue=21 dmax=0.332 | shoulder_pan.pos=-5.21 shoulder_lift.pos=-102.74 elbow_flex.pos=+89.08 wrist_flex.pos=+76.56 wrist_roll.pos=-1.40 gripper.pos=-0.36
DEBUG 2026-09-03 09:28:10 [action #401] t=16.35s step=400 queue=20 dmax=0.862 | shoulder_pan.pos=-5.36 shoulder_lift.pos=-101.87 elbow_flex.pos=+89.15 wrist_flex.pos=+76.69 wrist_roll.pos=-1.40 gripper.pos=-0.48
DEBUG 2026-09-03 09:28:10 [action #402] t=16.39s step=401 queue=19 dmax=0.137 | shoulder_pan.pos=-5.28 shoulder_lift.pos=-101.92 elbow_flex.pos=+89.03 wrist_flex.pos=+76.82 wrist_roll.pos=-1.38 gripper.pos=-0.47
DEBUG 2026-09-03 09:28:10 [action #403] t=16.42s step=402 queue=18 dmax=0.200 | shoulder_pan.pos=-5.08 shoulder_lift.pos=-101.76 elbow_flex.pos=+89.11 wrist_flex.pos=+76.75 wrist_roll.pos=-1.43 gripper.pos=-0.41
DEBUG 2026-09-03 09:28:10 [action #404] t=16.45s step=403 queue=17 dmax=0.294 | shoulder_pan.pos=-5.15 shoulder_lift.pos=-101.46 elbow_flex.pos=+88.95 wrist_flex.pos=+76.93 wrist_roll.pos=-1.41 gripper.pos=-0.40
DEBUG 2026-09-03 09:28:10 [action #405] t=16.49s step=404 queue=16 dmax=0.748 | shoulder_pan.pos=-5.05 shoulder_lift.pos=-102.21 elbow_flex.pos=+89.31 wrist_flex.pos=+76.95 wrist_roll.pos=-1.43 gripper.pos=-0.44
DEBUG 2026-09-03 09:28:10 [action #406] t=16.52s step=405 queue=15 dmax=0.319 | shoulder_pan.pos=-5.14 shoulder_lift.pos=-102.53 elbow_flex.pos=+89.36 wrist_flex.pos=+76.94 wrist_roll.pos=-1.46 gripper.pos=-0.47
DEBUG 2026-09-03 09:28:10 [action #407] t=16.55s step=406 queue=14 dmax=0.438 | shoulder_pan.pos=-5.10 shoulder_lift.pos=-102.37 elbow_flex.pos=+88.92 wrist_flex.pos=+77.08 wrist_roll.pos=-1.47 gripper.pos=-0.40
DEBUG 2026-09-03 09:28:10 [action #408] t=16.59s step=407 queue=13 dmax=0.640 | shoulder_pan.pos=-5.22 shoulder_lift.pos=-101.83 elbow_flex.pos=+89.56 wrist_flex.pos=+77.26 wrist_roll.pos=-1.72 gripper.pos=-0.44
DEBUG 2026-09-03 09:28:10 [action #409] t=16.62s step=408 queue=12 dmax=0.338 | shoulder_pan.pos=-5.30 shoulder_lift.pos=-102.17 elbow_flex.pos=+89.41 wrist_flex.pos=+77.55 wrist_roll.pos=-1.78 gripper.pos=-0.50
DEBUG 2026-09-03 09:28:10 [action #410] t=16.65s step=409 queue=11 dmax=0.380 | shoulder_pan.pos=-5.15 shoulder_lift.pos=-102.07 elbow_flex.pos=+89.29 wrist_flex.pos=+77.17 wrist_roll.pos=-1.81 gripper.pos=-0.42
DEBUG 2026-09-03 09:28:10 [action #411] t=16.69s step=410 queue=10 dmax=0.390 | shoulder_pan.pos=-5.42 shoulder_lift.pos=-101.68 elbow_flex.pos=+89.45 wrist_flex.pos=+77.29 wrist_roll.pos=-1.94 gripper.pos=-0.39
DEBUG 2026-09-03 09:28:10 [action #412] t=16.72s step=411 queue=9 dmax=0.146 | shoulder_pan.pos=-5.53 shoulder_lift.pos=-101.74 elbow_flex.pos=+89.42 wrist_flex.pos=+77.44 wrist_roll.pos=-1.98 gripper.pos=-0.45
DEBUG 2026-09-03 09:28:10 [action #413] t=16.76s step=412 queue=8 dmax=0.228 | shoulder_pan.pos=-5.62 shoulder_lift.pos=-101.97 elbow_flex.pos=+89.49 wrist_flex.pos=+77.52 wrist_roll.pos=-2.14 gripper.pos=-0.44
DEBUG 2026-09-03 09:28:10 [action #414] t=16.79s step=413 queue=7 dmax=0.121 | shoulder_pan.pos=-5.50 shoulder_lift.pos=-102.02 elbow_flex.pos=+89.55 wrist_flex.pos=+77.40 wrist_roll.pos=-2.26 gripper.pos=-0.50
DEBUG 2026-09-03 09:28:10 [action #415] t=16.82s step=414 queue=6 dmax=0.388 | shoulder_pan.pos=-5.50 shoulder_lift.pos=-101.63 elbow_flex.pos=+89.74 wrist_flex.pos=+77.46 wrist_roll.pos=-2.47 gripper.pos=-0.43
DEBUG 2026-09-03 09:28:10 [action #416] t=16.86s step=415 queue=5 dmax=0.402 | shoulder_pan.pos=-5.56 shoulder_lift.pos=-101.85 elbow_flex.pos=+89.34 wrist_flex.pos=+77.50 wrist_roll.pos=-2.71 gripper.pos=-0.47
DEBUG 2026-09-03 09:28:10 [action #417] t=16.89s step=416 queue=4 dmax=0.287 | shoulder_pan.pos=-5.61 shoulder_lift.pos=-101.78 elbow_flex.pos=+89.19 wrist_flex.pos=+77.63 wrist_roll.pos=-2.99 gripper.pos=-0.54
DEBUG 2026-09-03 09:28:10 [action #418] t=16.92s step=417 queue=3 dmax=0.242 | shoulder_pan.pos=-5.67 shoulder_lift.pos=-101.98 elbow_flex.pos=+89.03 wrist_flex.pos=+77.58 wrist_roll.pos=-3.24 gripper.pos=-0.50
DEBUG 2026-09-03 09:28:10 [action #419] t=16.96s step=418 queue=2 dmax=0.244 | shoulder_pan.pos=-5.69 shoulder_lift.pos=-101.88 elbow_flex.pos=+88.79 wrist_flex.pos=+77.51 wrist_roll.pos=-3.31 gripper.pos=-0.30
DEBUG 2026-09-03 09:28:10 [chunk] received 50 actions, timesteps 393..442 | first: shoulder_pan.pos=-3.01 shoulder_lift.pos=-102.54 elbow_flex.pos=+88.33 wrist_flex.pos=+78.02 wrist_roll.pos=-1.28 gripper.pos=+0.35 | last: shoulder_pan.pos=-5.23 shoulder_lift.pos=-102.67 elbow_flex.pos=+89.03 wrist_flex.pos=+78.02 wrist_roll.pos=-1.41 gripper.pos=+0.22
INFO 2026-09-03 09:28:16 Final action sent: shoulder_pan.pos=-5.69 shoulder_lift.pos=-101.88 elbow_flex.pos=+88.79 wrist_flex.pos=+77.51 wrist_roll.pos=-3.31 gripper.pos=-0.30
DEBUG 2026-09-03 09:28:16 === episode end | 22.7s | converged=True | actions=419 ===
