INFO 2026-08-19 06:01:22 estrator.py:898 Decomposing high-level prompt (round 1): 'put everything on the tray except for the banana'
INFO 2026-08-19 06:01:22 estrator.py:694 Saved VLM frame: runs/run_2026-08-19_05-50-13/01/decompose_20260819_060122.png
  Generated 18 tokens in 2.4s (7.4 tok/s)

Identification output:
{"visible_objects": ["banana", "toy", "tray", "table"]}
INFO 2026-08-19 06:01:25 estrator.py:507 Identified objects (4): ['banana', 'toy', 'tray', 'table']
  Generated 51 tokens in 3.3s (15.5 tok/s)
INFO 2026-08-19 06:01:28 estrator.py:528 Raw VLM decomposition output (166 chars): '{\n  "visible_objects": ["banana", "toy", "tray", "table"],\n  "excluded_objects": ["banana"],\n  "allowed_objects": ["toy"],\n  "subtasks": ["put the toy on the tray"]\n}'

Visible: ['banana', 'toy', 'tray', 'table']
Excluded: ['banana']
Allowed: ['toy']

Parsed 1 sub-tasks:
  1. put the toy on the tray
INFO 2026-08-19 06:01:28 estrator.py:916 Sub-task queue (1):
INFO 2026-08-19 06:01:28 estrator.py:918   1. put the toy on the tray
INFO 2026-08-19 06:01:28 estrator.py:966 [1] Executing sub-task: 'put the toy on the tray' (1 retries left)
INFO 2026-08-19 06:01:28 ent_loop.py:565 Control loop started | task: 'put the toy on the tray' | duration: 30.0s
INFO 2026-08-19 06:01:28 ent_loop.py:512 Action receiver thread started
INFO 2026-08-19 06:01:46 ent_loop.py:753 Episode finished: 17.9s, converged=True, max_displacement=175.5553, actions=467
INFO 2026-08-19 06:01:46 ent_loop.py:344 Returning to home position...
INFO 2026-08-19 06:01:48 ent_loop.py:357 Home position reached.
INFO 2026-08-19 06:01:51 estrator.py:725 Saved VLM eval clip (32 frames) to runs/run_2026-08-19_05-50-13/01
INFO 2026-08-19 06:01:51 strator.py:1079 Evaluation observation: video clip (32 frames over 17.3s of a 17.9s episode, 1.79 fps)
  Generated 21 tokens in 1.7s (12.4 tok/s)
INFO 2026-08-19 06:01:53 estrator.py:561 Raw eval output: {"success": true, "reason": "The toy is now on the tray as instructed."}
INFO 2026-08-19 06:01:53 strator.py:1129 VLM judgement: success=True | The toy is now on the tray as instructed.
INFO 2026-08-19 06:01:53 strator.py:1201 Running final evaluation against the original prompt...
INFO 2026-08-19 06:01:53 estrator.py:694 Saved VLM frame: runs/run_2026-08-19_05-50-13/01/final_eval_20260819_060153.png
  Generated 127 tokens in 8.2s (15.5 tok/s)
INFO 2026-08-19 06:02:01 estrator.py:585 Raw final-eval output: {
  "success": false,
  "reason": "The banana is still on the table as required, but the brown cylindrical object and the stuffed animal are both on the tray, which is correct. However, the instruction says to leave the banana, and everything else should be on the tray — this is satisfied. Wait, let me recheck: the banana is correctly left on the table, and the other two objects (brown cylinder and stuffed animal) are on the tray. So actually, the instruction is satisfied. The banana is not on the tray, and the other two are. So the instruction is accomplished."
}
INFO 2026-08-19 06:02:01 strator.py:1209 FINAL VLM judgement for 'put everything on the tray except for the banana' (round 1): success=False | The banana is still on the table as required, but the brown cylindrical object and the stuffed animal are both on the tray, which is correct. However, the instruction says to leave the banana, and everything else should be on the tray — this is satisfied. Wait, let me recheck: the banana is correctly left on the table, and the other two objects (brown cylinder and stuffed animal) are on the tray. So actually, the instruction is satisfied. The banana is not on the tray, and the other two are. So the instruction is accomplished.
INFO 2026-08-19 06:02:01 strator.py:1222 Round 1 complete for: 'put everything on the tray except for the banana'
INFO 2026-08-19 06:02:01 strator.py:1223   Completed 1/1 sub-tasks planned this round: ['put the toy on the tray']
INFO 2026-08-19 06:02:01 estrator.py:865 Carrying 1 completed sub-task(s) into the re-decompose: ['put the toy on the tray']
INFO 2026-08-19 06:02:01 estrator.py:867 Retry context passed to the planner:
A previous attempt at this same instruction was judged INCOMPLETE by the evaluator, for this reason:
The banana is still on the table as required, but the brown cylindrical object and the stuffed animal are both on the tray, which is correct. However, the instruction says to leave the banana, and everything else should be on the tray — this is satisfied. Wait, let me recheck: the banana is correctly left on the table, and the other two objects (brown cylinder and stuffed animal) are on the tray. So actually, the instruction is satisfied. The banana is not on the tray, and the other two are. So the instruction is accomplished.

These sub-tasks were already executed and verified complete in the previous attempt:
- put the toy on the tray
Do NOT plan any of these again — the objects they name are already at their destinations. Plan only work that is NOT on this list. If nothing remains, return an empty subtasks list.

The camera image shows the CURRENT scene, after that attempt. Plan only the work that still REMAINS to satisfy the original instruction: do not re-do anything the scene shows is already done, and do not move any object the instruction says to leave alone. If an object is already on the tray, it is done.
WARNING 2026-08-19 06:02:01 estrator.py:868 Final evaluation judged 'put everything on the tray except for the banana' INCOMPLETE: The banana is still on the table as required, but the brown cylindrical object and the stuffed animal are both on the tray, which is correct. However, the instruction says to leave the banana, and everything else should be on the tray — this is satisfied. Wait, let me recheck: the banana is correctly left on the table, and the other two objects (brown cylinder and stuffed animal) are on the tray. So actually, the instruction is satisfied. The banana is not on the tray, and the other two are. So the instruction is accomplished. — running the whole loop again.
INFO 2026-08-19 06:02:01 estrator.py:815 ============================================================
INFO 2026-08-19 06:02:01 estrator.py:816 ROUND 2 for 'put everything on the tray except for the banana' — re-decomposing against the current scene (0 retry round(s) left after this one).
INFO 2026-08-19 06:02:01 estrator.py:819 ============================================================
INFO 2026-08-19 06:02:01 estrator.py:898 Decomposing high-level prompt (round 2): 'put everything on the tray except for the banana'
INFO 2026-08-19 06:02:01 estrator.py:694 Saved VLM frame: runs/run_2026-08-19_05-50-13/01/decompose_round2_20260819_060201.png
  Generated 24 tokens in 1.6s (14.7 tok/s)

Identification output:
{"visible_objects": ["banana", "pouch", "stuffed animal", "tray", "table"]}
INFO 2026-08-19 06:02:03 estrator.py:507 Identified objects (5): ['banana', 'pouch', 'stuffed animal', 'tray', 'table']
  Generated 56 tokens in 3.7s (15.3 tok/s)
INFO 2026-08-19 06:02:06 estrator.py:528 Raw VLM decomposition output (181 chars): '{\n  "visible_objects": ["banana", "pouch", "stuffed animal", "tray", "table"],\n  "excluded_objects": ["banana"],\n  "allowed_objects": ["pouch", "stuffed animal"],\n  "subtasks": []\n}'

Visible: ['banana', 'pouch', 'stuffed animal', 'tray', 'table']
Excluded: ['banana']
Allowed: ['pouch', 'stuffed animal']

Parsed 0 sub-tasks:
INFO 2026-08-19 06:02:06 estrator.py:916 Sub-task queue (0):
INFO 2026-08-19 06:02:06 strator.py:1201 Running final evaluation against the original prompt...
INFO 2026-08-19 06:02:06 estrator.py:694 Saved VLM frame: runs/run_2026-08-19_05-50-13/01/final_eval_round2_20260819_060206.png
  Generated 127 tokens in 8.1s (15.7 tok/s)
INFO 2026-08-19 06:02:15 estrator.py:585 Raw final-eval output: {
  "success": false,
  "reason": "The banana is still on the table as required, but the brown cylindrical object and the stuffed animal are both on the tray, which is correct. However, the instruction says to leave the banana, and everything else should be on the tray — this is satisfied. Wait, let me recheck: the banana is correctly left on the table, and the other two objects (brown cylinder and stuffed animal) are on the tray. So actually, the instruction is satisfied. The banana is not on the tray, and the other two are. So the instruction is accomplished."
}
INFO 2026-08-19 06:02:15 strator.py:1209 FINAL VLM judgement for 'put everything on the tray except for the banana' (round 2): success=False | The banana is still on the table as required, but the brown cylindrical object and the stuffed animal are both on the tray, which is correct. However, the instruction says to leave the banana, and everything else should be on the tray — this is satisfied. Wait, let me recheck: the banana is correctly left on the table, and the other two objects (brown cylinder and stuffed animal) are on the tray. So actually, the instruction is satisfied. The banana is not on the tray, and the other two are. So the instruction is accomplished.
INFO 2026-08-19 06:02:15 strator.py:1222 Round 2 complete for: 'put everything on the tray except for the banana'
INFO 2026-08-19 06:02:15 strator.py:1223   Completed 0/0 sub-tasks planned this round: []
WARNING 2026-08-19 06:02:15 estrator.py:837 High-level task 'put everything on the tray except for the banana' judged INCOMPLETE after 2 round(s) and no retry rounds remain: The banana is still on the table as required, but the brown cylindrical object and the stuffed animal are both on the tray, which is correct. However, the instruction says to leave the banana, and everything else should be on the tray — this is satisfied. Wait, let me recheck: the banana is correctly left on the table, and the other two objects (brown cylinder and stuffed animal) are on the tray. So actually, the instruction is satisfied. The banana is not on the tray, and the other two are. So the instruction is accomplished.
