DEBUG 2026-08-19 06:36:06 === episode start | task: 'put the toy on the tray' | duration: 30.0s ===
DEBUG 2026-08-19 06:36:07 [chunk] received 50 actions, timesteps 0..49 | first: shoulder_pan.pos=-4.86 shoulder_lift.pos=-101.66 elbow_flex.pos=+88.32 wrist_flex.pos=+73.32 wrist_roll.pos=-0.76 gripper.pos=+1.41 | last: shoulder_pan.pos=+0.01 shoulder_lift.pos=-102.68 elbow_flex.pos=+83.03 wrist_flex.pos=+64.79 wrist_roll.pos=-1.22 gripper.pos=+0.97
DEBUG 2026-08-19 06:36:07 [action #1] t=1.04s step=0 queue=50 dmax=n/a | shoulder_pan.pos=-4.86 shoulder_lift.pos=-101.66 elbow_flex.pos=+88.32 wrist_flex.pos=+73.32 wrist_roll.pos=-0.76 gripper.pos=+1.41
DEBUG 2026-08-19 06:36:07 [action #2] t=1.07s step=1 queue=49 dmax=0.560 | shoulder_pan.pos=-4.81 shoulder_lift.pos=-101.51 elbow_flex.pos=+88.44 wrist_flex.pos=+72.76 wrist_roll.pos=-0.79 gripper.pos=+1.41
DEBUG 2026-08-19 06:36:07 [action #3] t=1.10s step=2 queue=48 dmax=0.793 | shoulder_pan.pos=-4.87 shoulder_lift.pos=-101.06 elbow_flex.pos=+88.51 wrist_flex.pos=+71.96 wrist_roll.pos=-0.84 gripper.pos=+1.42
DEBUG 2026-08-19 06:36:07 [action #4] t=1.14s step=3 queue=47 dmax=0.681 | shoulder_pan.pos=-4.79 shoulder_lift.pos=-101.17 elbow_flex.pos=+88.14 wrist_flex.pos=+71.28 wrist_roll.pos=-0.88 gripper.pos=+1.42
DEBUG 2026-08-19 06:36:07 [action #5] t=1.17s step=4 queue=46 dmax=0.355 | shoulder_pan.pos=-4.77 shoulder_lift.pos=-101.50 elbow_flex.pos=+88.17 wrist_flex.pos=+70.93 wrist_roll.pos=-0.85 gripper.pos=+1.43
DEBUG 2026-08-19 06:36:07 [action #6] t=1.20s step=5 queue=45 dmax=0.405 | shoulder_pan.pos=-4.98 shoulder_lift.pos=-101.81 elbow_flex.pos=+88.48 wrist_flex.pos=+70.52 wrist_roll.pos=-0.88 gripper.pos=+1.33
DEBUG 2026-08-19 06:36:07 [action #7] t=1.24s step=6 queue=44 dmax=0.328 | shoulder_pan.pos=-4.83 shoulder_lift.pos=-102.14 elbow_flex.pos=+88.32 wrist_flex.pos=+70.45 wrist_roll.pos=-0.85 gripper.pos=+1.40
DEBUG 2026-08-19 06:36:07 [action #8] t=1.27s step=7 queue=43 dmax=0.404 | shoulder_pan.pos=-5.06 shoulder_lift.pos=-101.86 elbow_flex.pos=+87.92 wrist_flex.pos=+70.07 wrist_roll.pos=-0.90 gripper.pos=+1.33
DEBUG 2026-08-19 06:36:07 [action #9] t=1.30s step=8 queue=42 dmax=0.272 | shoulder_pan.pos=-4.79 shoulder_lift.pos=-102.11 elbow_flex.pos=+87.74 wrist_flex.pos=+70.16 wrist_roll.pos=-0.87 gripper.pos=+1.36
DEBUG 2026-08-19 06:36:07 [action #10] t=1.34s step=9 queue=41 dmax=0.369 | shoulder_pan.pos=-4.92 shoulder_lift.pos=-102.43 elbow_flex.pos=+87.93 wrist_flex.pos=+69.79 wrist_roll.pos=-0.85 gripper.pos=+1.36
DEBUG 2026-08-19 06:36:07 [action #11] t=1.37s step=10 queue=40 dmax=0.510 | shoulder_pan.pos=-5.13 shoulder_lift.pos=-102.94 elbow_flex.pos=+87.56 wrist_flex.pos=+69.42 wrist_roll.pos=-0.91 gripper.pos=+1.30
DEBUG 2026-08-19 06:36:07 [action #12] t=1.40s step=11 queue=39 dmax=1.079 | shoulder_pan.pos=-5.03 shoulder_lift.pos=-101.86 elbow_flex.pos=+88.15 wrist_flex.pos=+69.05 wrist_roll.pos=-0.81 gripper.pos=+1.17
DEBUG 2026-08-19 06:36:07 [action #13] t=1.44s step=12 queue=38 dmax=0.576 | shoulder_pan.pos=-5.06 shoulder_lift.pos=-102.37 elbow_flex.pos=+87.58 wrist_flex.pos=+68.72 wrist_roll.pos=-0.88 gripper.pos=+1.26
DEBUG 2026-08-19 06:36:07 [action #14] t=1.47s step=13 queue=37 dmax=0.646 | shoulder_pan.pos=-5.05 shoulder_lift.pos=-103.02 elbow_flex.pos=+88.04 wrist_flex.pos=+68.08 wrist_roll.pos=-0.97 gripper.pos=+1.24
DEBUG 2026-08-19 06:36:07 [action #15] t=1.50s step=14 queue=36 dmax=0.354 | shoulder_pan.pos=-4.96 shoulder_lift.pos=-103.37 elbow_flex.pos=+88.14 wrist_flex.pos=+67.86 wrist_roll.pos=-0.86 gripper.pos=+1.24
DEBUG 2026-08-19 06:36:07 [action #16] t=1.54s step=15 queue=35 dmax=0.930 | shoulder_pan.pos=-5.22 shoulder_lift.pos=-102.59 elbow_flex.pos=+87.21 wrist_flex.pos=+67.36 wrist_roll.pos=-0.91 gripper.pos=+1.20
DEBUG 2026-08-19 06:36:07 [action #17] t=1.57s step=16 queue=34 dmax=0.640 | shoulder_pan.pos=-5.35 shoulder_lift.pos=-102.46 elbow_flex.pos=+87.85 wrist_flex.pos=+66.80 wrist_roll.pos=-0.94 gripper.pos=+1.14
DEBUG 2026-08-19 06:36:07 [action #18] t=1.61s step=17 queue=33 dmax=0.433 | shoulder_pan.pos=-4.91 shoulder_lift.pos=-102.83 elbow_flex.pos=+87.48 wrist_flex.pos=+66.38 wrist_roll.pos=-1.00 gripper.pos=+1.12
DEBUG 2026-08-19 06:36:07 [action #19] t=1.64s step=18 queue=32 dmax=0.436 | shoulder_pan.pos=-5.05 shoulder_lift.pos=-103.07 elbow_flex.pos=+87.34 wrist_flex.pos=+65.94 wrist_roll.pos=-0.88 gripper.pos=+1.13
DEBUG 2026-08-19 06:36:07 [action #20] t=1.67s step=19 queue=31 dmax=0.426 | shoulder_pan.pos=-5.02 shoulder_lift.pos=-103.43 elbow_flex.pos=+87.41 wrist_flex.pos=+65.52 wrist_roll.pos=-0.91 gripper.pos=+1.22
DEBUG 2026-08-19 06:36:07 [action #21] t=1.71s step=20 queue=30 dmax=0.427 | shoulder_pan.pos=-5.18 shoulder_lift.pos=-103.01 elbow_flex.pos=+87.74 wrist_flex.pos=+65.45 wrist_roll.pos=-0.87 gripper.pos=+1.15
DEBUG 2026-08-19 06:36:07 [action #22] t=1.74s step=21 queue=29 dmax=0.832 | shoulder_pan.pos=-4.81 shoulder_lift.pos=-103.26 elbow_flex.pos=+86.91 wrist_flex.pos=+65.15 wrist_roll.pos=-0.95 gripper.pos=+1.18
DEBUG 2026-08-19 06:36:07 [action #23] t=1.77s step=22 queue=28 dmax=0.306 | shoulder_pan.pos=-5.11 shoulder_lift.pos=-103.00 elbow_flex.pos=+86.73 wrist_flex.pos=+64.89 wrist_roll.pos=-0.99 gripper.pos=+1.16
DEBUG 2026-08-19 06:36:07 [action #24] t=1.81s step=23 queue=27 dmax=0.604 | shoulder_pan.pos=-5.04 shoulder_lift.pos=-102.83 elbow_flex.pos=+86.13 wrist_flex.pos=+64.59 wrist_roll.pos=-1.03 gripper.pos=+1.20
DEBUG 2026-08-19 06:36:07 [action #25] t=1.84s step=24 queue=26 dmax=0.513 | shoulder_pan.pos=-5.06 shoulder_lift.pos=-103.34 elbow_flex.pos=+86.25 wrist_flex.pos=+64.58 wrist_roll.pos=-0.97 gripper.pos=+1.16
DEBUG 2026-08-19 06:36:07 [action #26] t=1.87s step=25 queue=25 dmax=0.410 | shoulder_pan.pos=-4.81 shoulder_lift.pos=-102.93 elbow_flex.pos=+85.87 wrist_flex.pos=+64.21 wrist_roll.pos=-0.97 gripper.pos=+1.08
DEBUG 2026-08-19 06:36:07 [action #27] t=1.91s step=26 queue=24 dmax=0.305 | shoulder_pan.pos=-5.05 shoulder_lift.pos=-103.20 elbow_flex.pos=+85.57 wrist_flex.pos=+64.30 wrist_roll.pos=-1.02 gripper.pos=+1.19
DEBUG 2026-08-19 06:36:08 [action #28] t=1.94s step=27 queue=23 dmax=0.516 | shoulder_pan.pos=-4.92 shoulder_lift.pos=-102.92 elbow_flex.pos=+85.05 wrist_flex.pos=+64.03 wrist_roll.pos=-1.10 gripper.pos=+1.21
DEBUG 2026-08-19 06:36:08 [action #29] t=1.97s step=28 queue=22 dmax=0.228 | shoulder_pan.pos=-5.08 shoulder_lift.pos=-103.14 elbow_flex.pos=+84.82 wrist_flex.pos=+64.24 wrist_roll.pos=-1.01 gripper.pos=+1.10
DEBUG 2026-08-19 06:36:08 [action #30] t=2.01s step=29 queue=21 dmax=0.410 | shoulder_pan.pos=-5.00 shoulder_lift.pos=-102.73 elbow_flex.pos=+84.98 wrist_flex.pos=+64.17 wrist_roll.pos=-0.93 gripper.pos=+1.20
DEBUG 2026-08-19 06:36:08 [action #31] t=2.04s step=30 queue=20 dmax=0.685 | shoulder_pan.pos=-4.87 shoulder_lift.pos=-102.04 elbow_flex.pos=+84.82 wrist_flex.pos=+64.13 wrist_roll.pos=-1.09 gripper.pos=+1.06
DEBUG 2026-08-19 06:36:08 [action #32] t=2.07s step=31 queue=19 dmax=0.798 | shoulder_pan.pos=-4.69 shoulder_lift.pos=-102.84 elbow_flex.pos=+84.81 wrist_flex.pos=+64.19 wrist_roll.pos=-1.15 gripper.pos=+1.14
DEBUG 2026-08-19 06:36:08 [action #33] t=2.11s step=32 queue=18 dmax=0.484 | shoulder_pan.pos=-4.55 shoulder_lift.pos=-103.05 elbow_flex.pos=+84.33 wrist_flex.pos=+64.03 wrist_roll.pos=-1.19 gripper.pos=+1.11
DEBUG 2026-08-19 06:36:08 [action #34] t=2.14s step=33 queue=17 dmax=0.755 | shoulder_pan.pos=-4.49 shoulder_lift.pos=-102.51 elbow_flex.pos=+85.08 wrist_flex.pos=+64.15 wrist_roll.pos=-1.15 gripper.pos=+1.16
DEBUG 2026-08-19 06:36:08 [action #35] t=2.17s step=34 queue=16 dmax=0.516 | shoulder_pan.pos=-4.49 shoulder_lift.pos=-103.03 elbow_flex.pos=+84.64 wrist_flex.pos=+64.16 wrist_roll.pos=-1.18 gripper.pos=+1.05
DEBUG 2026-08-19 06:36:08 [action #36] t=2.21s step=35 queue=15 dmax=1.198 | shoulder_pan.pos=-3.77 shoulder_lift.pos=-102.77 elbow_flex.pos=+83.45 wrist_flex.pos=+64.07 wrist_roll.pos=-1.26 gripper.pos=+0.95
DEBUG 2026-08-19 06:36:08 [action #37] t=2.24s step=36 queue=14 dmax=1.085 | shoulder_pan.pos=-3.64 shoulder_lift.pos=-102.87 elbow_flex.pos=+84.53 wrist_flex.pos=+64.09 wrist_roll.pos=-1.08 gripper.pos=+1.03
DEBUG 2026-08-19 06:36:08 [action #38] t=2.27s step=37 queue=13 dmax=0.743 | shoulder_pan.pos=-3.20 shoulder_lift.pos=-102.51 elbow_flex.pos=+83.79 wrist_flex.pos=+64.28 wrist_roll.pos=-1.34 gripper.pos=+1.07
DEBUG 2026-08-19 06:36:08 [action #39] t=2.31s step=38 queue=12 dmax=0.578 | shoulder_pan.pos=-2.63 shoulder_lift.pos=-101.94 elbow_flex.pos=+84.32 wrist_flex.pos=+64.42 wrist_roll.pos=-1.14 gripper.pos=+1.11
DEBUG 2026-08-19 06:36:08 [chunk] received 50 actions, timesteps 14..63 | first: shoulder_pan.pos=-4.71 shoulder_lift.pos=-100.65 elbow_flex.pos=+89.09 wrist_flex.pos=+66.27 wrist_roll.pos=-1.06 gripper.pos=+1.13 | last: shoulder_pan.pos=-6.51 shoulder_lift.pos=-100.39 elbow_flex.pos=+81.03 wrist_flex.pos=+61.28 wrist_roll.pos=-1.50 gripper.pos=+0.45
DEBUG 2026-08-19 06:36:08 [action #40] t=2.34s step=39 queue=25 dmax=3.193 | shoulder_pan.pos=-3.63 shoulder_lift.pos=-101.84 elbow_flex.pos=+85.71 wrist_flex.pos=+61.23 wrist_roll.pos=-1.21 gripper.pos=+0.75
DEBUG 2026-08-19 06:36:08 [action #41] t=2.37s step=40 queue=24 dmax=0.371 | shoulder_pan.pos=-3.48 shoulder_lift.pos=-101.50 elbow_flex.pos=+85.34 wrist_flex.pos=+61.24 wrist_roll.pos=-1.25 gripper.pos=+0.79
DEBUG 2026-08-19 06:36:08 [action #42] t=2.41s step=41 queue=23 dmax=0.481 | shoulder_pan.pos=-3.27 shoulder_lift.pos=-101.98 elbow_flex.pos=+84.88 wrist_flex.pos=+61.25 wrist_roll.pos=-1.31 gripper.pos=+0.74
DEBUG 2026-08-19 06:36:08 [action #43] t=2.44s step=42 queue=22 dmax=0.362 | shoulder_pan.pos=-3.19 shoulder_lift.pos=-101.80 elbow_flex.pos=+84.52 wrist_flex.pos=+61.17 wrist_roll.pos=-1.26 gripper.pos=+0.87
DEBUG 2026-08-19 06:36:08 [action #44] t=2.47s step=43 queue=21 dmax=0.195 | shoulder_pan.pos=-3.15 shoulder_lift.pos=-101.67 elbow_flex.pos=+84.71 wrist_flex.pos=+61.11 wrist_roll.pos=-1.32 gripper.pos=+0.80
DEBUG 2026-08-19 06:36:08 [action #45] t=2.51s step=44 queue=20 dmax=0.598 | shoulder_pan.pos=-3.11 shoulder_lift.pos=-101.37 elbow_flex.pos=+84.11 wrist_flex.pos=+61.05 wrist_roll.pos=-1.32 gripper.pos=+0.68
DEBUG 2026-08-19 06:36:08 [action #46] t=2.54s step=45 queue=19 dmax=0.244 | shoulder_pan.pos=-3.04 shoulder_lift.pos=-101.51 elbow_flex.pos=+83.99 wrist_flex.pos=+61.30 wrist_roll.pos=-1.25 gripper.pos=+0.75
DEBUG 2026-08-19 06:36:08 [action #47] t=2.58s step=46 queue=18 dmax=0.214 | shoulder_pan.pos=-3.25 shoulder_lift.pos=-101.54 elbow_flex.pos=+84.07 wrist_flex.pos=+61.42 wrist_roll.pos=-1.22 gripper.pos=+0.64
DEBUG 2026-08-19 06:36:08 [action #48] t=2.61s step=47 queue=17 dmax=0.914 | shoulder_pan.pos=-3.21 shoulder_lift.pos=-101.98 elbow_flex.pos=+83.16 wrist_flex.pos=+61.48 wrist_roll.pos=-1.29 gripper.pos=+0.77
DEBUG 2026-08-19 06:36:08 [action #49] t=2.64s step=48 queue=16 dmax=0.689 | shoulder_pan.pos=-3.23 shoulder_lift.pos=-101.29 elbow_flex.pos=+83.45 wrist_flex.pos=+61.40 wrist_roll.pos=-1.31 gripper.pos=+0.78
DEBUG 2026-08-19 06:36:08 [action #50] t=2.68s step=49 queue=15 dmax=0.708 | shoulder_pan.pos=-3.43 shoulder_lift.pos=-101.60 elbow_flex.pos=+82.74 wrist_flex.pos=+61.57 wrist_roll.pos=-1.34 gripper.pos=+0.71
DEBUG 2026-08-19 06:36:08 [action #51] t=2.71s step=50 queue=14 dmax=1.514 | shoulder_pan.pos=-4.94 shoulder_lift.pos=-100.89 elbow_flex.pos=+82.73 wrist_flex.pos=+60.34 wrist_roll.pos=-1.38 gripper.pos=+0.42
DEBUG 2026-08-19 06:36:08 [action #52] t=2.74s step=51 queue=13 dmax=0.446 | shoulder_pan.pos=-4.98 shoulder_lift.pos=-101.34 elbow_flex.pos=+82.50 wrist_flex.pos=+60.46 wrist_roll.pos=-1.36 gripper.pos=+0.57
DEBUG 2026-08-19 06:36:08 [action #53] t=2.78s step=52 queue=12 dmax=0.748 | shoulder_pan.pos=-5.07 shoulder_lift.pos=-100.59 elbow_flex.pos=+82.44 wrist_flex.pos=+60.68 wrist_roll.pos=-1.40 gripper.pos=+0.46
DEBUG 2026-08-19 06:36:08 [action #54] t=2.81s step=53 queue=11 dmax=0.426 | shoulder_pan.pos=-4.91 shoulder_lift.pos=-100.91 elbow_flex.pos=+82.87 wrist_flex.pos=+60.71 wrist_roll.pos=-1.58 gripper.pos=+0.65
DEBUG 2026-08-19 06:36:08 [action #55] t=2.84s step=54 queue=10 dmax=0.459 | shoulder_pan.pos=-5.00 shoulder_lift.pos=-101.32 elbow_flex.pos=+82.41 wrist_flex.pos=+60.59 wrist_roll.pos=-1.43 gripper.pos=+0.59
DEBUG 2026-08-19 06:36:08 [action #56] t=2.88s step=55 queue=9 dmax=0.625 | shoulder_pan.pos=-5.14 shoulder_lift.pos=-100.69 elbow_flex.pos=+82.17 wrist_flex.pos=+60.52 wrist_roll.pos=-1.40 gripper.pos=+0.52
DEBUG 2026-08-19 06:36:08 [action #57] t=2.91s step=56 queue=8 dmax=0.447 | shoulder_pan.pos=-5.17 shoulder_lift.pos=-101.14 elbow_flex.pos=+81.99 wrist_flex.pos=+60.68 wrist_roll.pos=-1.33 gripper.pos=+0.34
DEBUG 2026-08-19 06:36:09 [action #58] t=2.94s step=57 queue=7 dmax=0.570 | shoulder_pan.pos=-4.90 shoulder_lift.pos=-101.04 elbow_flex.pos=+81.42 wrist_flex.pos=+60.59 wrist_roll.pos=-1.40 gripper.pos=+0.59
DEBUG 2026-08-19 06:36:09 [action #59] t=2.98s step=58 queue=6 dmax=0.469 | shoulder_pan.pos=-4.91 shoulder_lift.pos=-101.51 elbow_flex.pos=+81.47 wrist_flex.pos=+60.77 wrist_roll.pos=-1.39 gripper.pos=+0.34
DEBUG 2026-08-19 06:36:09 [action #60] t=3.01s step=59 queue=5 dmax=0.757 | shoulder_pan.pos=-5.66 shoulder_lift.pos=-100.75 elbow_flex.pos=+81.53 wrist_flex.pos=+60.87 wrist_roll.pos=-1.34 gripper.pos=+0.42
DEBUG 2026-08-19 06:36:09 [action #61] t=3.04s step=60 queue=4 dmax=0.266 | shoulder_pan.pos=-5.66 shoulder_lift.pos=-100.52 elbow_flex.pos=+81.26 wrist_flex.pos=+61.07 wrist_roll.pos=-1.41 gripper.pos=+0.25
DEBUG 2026-08-19 06:36:09 [action #62] t=3.08s step=61 queue=3 dmax=0.248 | shoulder_pan.pos=-5.81 shoulder_lift.pos=-100.61 elbow_flex.pos=+81.07 wrist_flex.pos=+61.23 wrist_roll.pos=-1.52 gripper.pos=+0.50
DEBUG 2026-08-19 06:36:09 [action #63] t=3.11s step=62 queue=2 dmax=0.522 | shoulder_pan.pos=-6.12 shoulder_lift.pos=-100.09 elbow_flex.pos=+80.84 wrist_flex.pos=+61.36 wrist_roll.pos=-1.44 gripper.pos=+0.38
DEBUG 2026-08-19 06:36:09 [action #64] t=3.14s step=63 queue=1 dmax=0.395 | shoulder_pan.pos=-6.51 shoulder_lift.pos=-100.39 elbow_flex.pos=+81.03 wrist_flex.pos=+61.28 wrist_roll.pos=-1.50 gripper.pos=+0.45
DEBUG 2026-08-19 06:36:09 [chunk] received 50 actions, timesteps 38..87 | first: shoulder_pan.pos=-4.32 shoulder_lift.pos=-100.14 elbow_flex.pos=+83.80 wrist_flex.pos=+63.02 wrist_roll.pos=-1.25 gripper.pos=+1.10 | last: shoulder_pan.pos=-6.41 shoulder_lift.pos=-65.31 elbow_flex.pos=+57.16 wrist_flex.pos=+63.44 wrist_roll.pos=-3.39 gripper.pos=+0.69
DEBUG 2026-08-19 06:36:09 [action #65] t=3.41s step=64 queue=24 dmax=2.980 | shoulder_pan.pos=-4.83 shoulder_lift.pos=-100.57 elbow_flex.pos=+79.55 wrist_flex.pos=+64.26 wrist_roll.pos=-1.53 gripper.pos=+0.79
DEBUG 2026-08-19 06:36:09 [action #66] t=3.44s step=65 queue=23 dmax=0.314 | shoulder_pan.pos=-4.79 shoulder_lift.pos=-100.78 elbow_flex.pos=+79.87 wrist_flex.pos=+64.00 wrist_roll.pos=-1.54 gripper.pos=+0.87
DEBUG 2026-08-19 06:36:09 [action #67] t=3.48s step=66 queue=22 dmax=0.723 | shoulder_pan.pos=-4.75 shoulder_lift.pos=-100.06 elbow_flex.pos=+79.27 wrist_flex.pos=+63.88 wrist_roll.pos=-1.48 gripper.pos=+0.81
DEBUG 2026-08-19 06:36:09 [action #68] t=3.51s step=67 queue=21 dmax=0.724 | shoulder_pan.pos=-4.92 shoulder_lift.pos=-99.34 elbow_flex.pos=+78.85 wrist_flex.pos=+64.01 wrist_roll.pos=-1.46 gripper.pos=+0.73
DEBUG 2026-08-19 06:36:09 [action #69] t=3.55s step=68 queue=20 dmax=0.683 | shoulder_pan.pos=-4.77 shoulder_lift.pos=-99.06 elbow_flex.pos=+78.16 wrist_flex.pos=+63.96 wrist_roll.pos=-1.50 gripper.pos=+0.71
DEBUG 2026-08-19 06:36:09 [action #70] t=3.58s step=69 queue=19 dmax=2.038 | shoulder_pan.pos=-4.77 shoulder_lift.pos=-97.02 elbow_flex.pos=+77.60 wrist_flex.pos=+64.06 wrist_roll.pos=-1.58 gripper.pos=+0.93
DEBUG 2026-08-19 06:36:09 [action #71] t=3.61s step=70 queue=18 dmax=1.520 | shoulder_pan.pos=-4.72 shoulder_lift.pos=-95.50 elbow_flex.pos=+76.44 wrist_flex.pos=+63.94 wrist_roll.pos=-1.46 gripper.pos=+0.77
DEBUG 2026-08-19 06:36:09 [action #72] t=3.65s step=71 queue=17 dmax=2.007 | shoulder_pan.pos=-5.13 shoulder_lift.pos=-93.49 elbow_flex.pos=+75.57 wrist_flex.pos=+63.95 wrist_roll.pos=-1.55 gripper.pos=+0.81
DEBUG 2026-08-19 06:36:09 [action #73] t=3.68s step=72 queue=16 dmax=2.617 | shoulder_pan.pos=-5.17 shoulder_lift.pos=-90.87 elbow_flex.pos=+73.42 wrist_flex.pos=+63.74 wrist_roll.pos=-1.60 gripper.pos=+0.84
DEBUG 2026-08-19 06:36:09 [action #74] t=3.71s step=73 queue=15 dmax=3.208 | shoulder_pan.pos=-5.29 shoulder_lift.pos=-87.67 elbow_flex.pos=+71.36 wrist_flex.pos=+63.63 wrist_roll.pos=-1.61 gripper.pos=+0.77
DEBUG 2026-08-19 06:36:09 [action #75] t=3.75s step=74 queue=14 dmax=2.925 | shoulder_pan.pos=-5.53 shoulder_lift.pos=-84.74 elbow_flex.pos=+69.62 wrist_flex.pos=+63.79 wrist_roll.pos=-1.52 gripper.pos=+0.77
DEBUG 2026-08-19 06:36:09 [action #76] t=3.78s step=75 queue=13 dmax=1.931 | shoulder_pan.pos=-5.66 shoulder_lift.pos=-82.81 elbow_flex.pos=+69.24 wrist_flex.pos=+63.59 wrist_roll.pos=-1.59 gripper.pos=+0.78
DEBUG 2026-08-19 06:36:09 [action #77] t=3.81s step=76 queue=12 dmax=1.836 | shoulder_pan.pos=-5.55 shoulder_lift.pos=-80.97 elbow_flex.pos=+68.38 wrist_flex.pos=+63.56 wrist_roll.pos=-1.66 gripper.pos=+0.70
DEBUG 2026-08-19 06:36:09 [action #78] t=3.85s step=77 queue=11 dmax=1.675 | shoulder_pan.pos=-5.78 shoulder_lift.pos=-79.74 elbow_flex.pos=+66.70 wrist_flex.pos=+63.74 wrist_roll.pos=-1.66 gripper.pos=+0.78
DEBUG 2026-08-19 06:36:09 [action #79] t=3.88s step=78 queue=10 dmax=1.266 | shoulder_pan.pos=-5.74 shoulder_lift.pos=-78.48 elbow_flex.pos=+65.58 wrist_flex.pos=+63.38 wrist_roll.pos=-1.73 gripper.pos=+0.52
DEBUG 2026-08-19 06:36:10 [action #80] t=3.91s step=79 queue=9 dmax=2.417 | shoulder_pan.pos=-6.06 shoulder_lift.pos=-76.06 elbow_flex.pos=+64.81 wrist_flex.pos=+63.40 wrist_roll.pos=-1.81 gripper.pos=+0.63
DEBUG 2026-08-19 06:36:10 [action #81] t=3.95s step=80 queue=8 dmax=2.028 | shoulder_pan.pos=-6.14 shoulder_lift.pos=-74.03 elbow_flex.pos=+64.10 wrist_flex.pos=+63.20 wrist_roll.pos=-2.09 gripper.pos=+0.58
DEBUG 2026-08-19 06:36:10 [action #82] t=3.98s step=81 queue=7 dmax=1.806 | shoulder_pan.pos=-5.94 shoulder_lift.pos=-72.42 elbow_flex.pos=+62.30 wrist_flex.pos=+63.05 wrist_roll.pos=-2.38 gripper.pos=+0.89
DEBUG 2026-08-19 06:36:10 [action #83] t=4.01s step=82 queue=6 dmax=1.547 | shoulder_pan.pos=-5.88 shoulder_lift.pos=-70.87 elbow_flex.pos=+61.49 wrist_flex.pos=+63.29 wrist_roll.pos=-2.62 gripper.pos=+0.62
DEBUG 2026-08-19 06:36:10 [action #84] t=4.05s step=83 queue=5 dmax=1.288 | shoulder_pan.pos=-6.19 shoulder_lift.pos=-69.58 elbow_flex.pos=+60.25 wrist_flex.pos=+63.15 wrist_roll.pos=-2.78 gripper.pos=+0.88
DEBUG 2026-08-19 06:36:10 [action #85] t=4.08s step=84 queue=4 dmax=1.741 | shoulder_pan.pos=-6.14 shoulder_lift.pos=-67.84 elbow_flex.pos=+59.63 wrist_flex.pos=+63.35 wrist_roll.pos=-2.87 gripper.pos=+0.76
DEBUG 2026-08-19 06:36:10 [action #86] t=4.11s step=85 queue=3 dmax=1.156 | shoulder_pan.pos=-6.42 shoulder_lift.pos=-66.69 elbow_flex.pos=+58.77 wrist_flex.pos=+63.44 wrist_roll.pos=-3.03 gripper.pos=+0.82
DEBUG 2026-08-19 06:36:10 [action #87] t=4.15s step=86 queue=2 dmax=1.250 | shoulder_pan.pos=-6.29 shoulder_lift.pos=-65.78 elbow_flex.pos=+57.52 wrist_flex.pos=+63.52 wrist_roll.pos=-3.11 gripper.pos=+0.73
DEBUG 2026-08-19 06:36:10 [action #88] t=4.18s step=87 queue=1 dmax=0.470 | shoulder_pan.pos=-6.41 shoulder_lift.pos=-65.31 elbow_flex.pos=+57.16 wrist_flex.pos=+63.44 wrist_roll.pos=-3.39 gripper.pos=+0.69
DEBUG 2026-08-19 06:36:10 [chunk] received 50 actions, timesteps 63..112 | first: shoulder_pan.pos=-6.52 shoulder_lift.pos=-99.56 elbow_flex.pos=+81.89 wrist_flex.pos=+59.94 wrist_roll.pos=-0.92 gripper.pos=+0.28 | last: shoulder_pan.pos=-1.86 shoulder_lift.pos=-51.88 elbow_flex.pos=+48.47 wrist_flex.pos=+67.86 wrist_roll.pos=-0.70 gripper.pos=+14.40
DEBUG 2026-08-19 06:36:10 [action #89] t=4.35s step=88 queue=25 dmax=6.083 | shoulder_pan.pos=-3.63 shoulder_lift.pos=-59.23 elbow_flex.pos=+54.58 wrist_flex.pos=+62.81 wrist_roll.pos=-3.39 gripper.pos=+0.28
DEBUG 2026-08-19 06:36:10 [action #90] t=4.38s step=89 queue=24 dmax=1.710 | shoulder_pan.pos=-3.02 shoulder_lift.pos=-58.81 elbow_flex.pos=+52.87 wrist_flex.pos=+63.85 wrist_roll.pos=-3.49 gripper.pos=+0.23
DEBUG 2026-08-19 06:36:10 [action #91] t=4.41s step=90 queue=23 dmax=1.142 | shoulder_pan.pos=-2.97 shoulder_lift.pos=-58.07 elbow_flex.pos=+52.03 wrist_flex.pos=+64.99 wrist_roll.pos=-3.62 gripper.pos=+0.28
DEBUG 2026-08-19 06:36:10 [action #92] t=4.45s step=91 queue=22 dmax=1.036 | shoulder_pan.pos=-2.37 shoulder_lift.pos=-58.06 elbow_flex.pos=+50.99 wrist_flex.pos=+65.79 wrist_roll.pos=-3.61 gripper.pos=+0.26
DEBUG 2026-08-19 06:36:10 [action #93] t=4.48s step=92 queue=21 dmax=0.699 | shoulder_pan.pos=-2.16 shoulder_lift.pos=-57.60 elbow_flex.pos=+50.49 wrist_flex.pos=+66.49 wrist_roll.pos=-3.58 gripper.pos=+0.24
DEBUG 2026-08-19 06:36:10 [action #94] t=4.51s step=93 queue=20 dmax=0.773 | shoulder_pan.pos=-2.10 shoulder_lift.pos=-57.39 elbow_flex.pos=+49.72 wrist_flex.pos=+66.82 wrist_roll.pos=-3.42 gripper.pos=+0.23
DEBUG 2026-08-19 06:36:10 [action #95] t=4.55s step=94 queue=19 dmax=0.406 | shoulder_pan.pos=-1.86 shoulder_lift.pos=-57.16 elbow_flex.pos=+49.31 wrist_flex.pos=+66.88 wrist_roll.pos=-3.39 gripper.pos=+0.30
DEBUG 2026-08-19 06:36:10 [action #96] t=4.58s step=95 queue=18 dmax=0.335 | shoulder_pan.pos=-1.95 shoulder_lift.pos=-56.82 elbow_flex.pos=+49.64 wrist_flex.pos=+67.00 wrist_roll.pos=-3.31 gripper.pos=+0.24
DEBUG 2026-08-19 06:36:10 [action #97] t=4.62s step=96 queue=17 dmax=0.430 | shoulder_pan.pos=-1.90 shoulder_lift.pos=-56.52 elbow_flex.pos=+49.21 wrist_flex.pos=+66.98 wrist_roll.pos=-3.21 gripper.pos=+0.22
DEBUG 2026-08-19 06:36:10 [action #98] t=4.65s step=97 queue=16 dmax=0.439 | shoulder_pan.pos=-1.75 shoulder_lift.pos=-56.21 elbow_flex.pos=+48.77 wrist_flex.pos=+67.03 wrist_roll.pos=-3.23 gripper.pos=+0.26
DEBUG 2026-08-19 06:36:10 [action #99] t=4.68s step=98 queue=15 dmax=0.204 | shoulder_pan.pos=-1.72 shoulder_lift.pos=-56.05 elbow_flex.pos=+48.61 wrist_flex.pos=+66.87 wrist_roll.pos=-3.03 gripper.pos=+0.35
DEBUG 2026-08-19 06:36:10 [action #100] t=4.72s step=99 queue=14 dmax=0.454 | shoulder_pan.pos=-1.63 shoulder_lift.pos=-55.60 elbow_flex.pos=+48.21 wrist_flex.pos=+66.93 wrist_roll.pos=-2.97 gripper.pos=+0.42
DEBUG 2026-08-19 06:36:10 [action #101] t=4.75s step=100 queue=13 dmax=0.224 | shoulder_pan.pos=-1.82 shoulder_lift.pos=-55.53 elbow_flex.pos=+48.32 wrist_flex.pos=+66.95 wrist_roll.pos=-2.93 gripper.pos=+0.64
DEBUG 2026-08-19 06:36:10 [action #102] t=4.78s step=101 queue=12 dmax=0.731 | shoulder_pan.pos=-1.83 shoulder_lift.pos=-54.80 elbow_flex.pos=+48.36 wrist_flex.pos=+67.09 wrist_roll.pos=-2.84 gripper.pos=+0.98
DEBUG 2026-08-19 06:36:10 [action #103] t=4.82s step=102 queue=11 dmax=0.643 | shoulder_pan.pos=-1.92 shoulder_lift.pos=-54.40 elbow_flex.pos=+47.71 wrist_flex.pos=+67.26 wrist_roll.pos=-2.77 gripper.pos=+1.25
DEBUG 2026-08-19 06:36:10 [action #104] t=4.85s step=103 queue=10 dmax=0.730 | shoulder_pan.pos=-2.02 shoulder_lift.pos=-54.61 elbow_flex.pos=+47.66 wrist_flex.pos=+67.38 wrist_roll.pos=-2.70 gripper.pos=+1.98
DEBUG 2026-08-19 06:36:10 [action #105] t=4.88s step=104 queue=9 dmax=1.407 | shoulder_pan.pos=-1.90 shoulder_lift.pos=-55.03 elbow_flex.pos=+47.44 wrist_flex.pos=+67.63 wrist_roll.pos=-2.69 gripper.pos=+3.39
DEBUG 2026-08-19 06:36:11 [action #106] t=4.92s step=105 queue=8 dmax=1.926 | shoulder_pan.pos=-1.94 shoulder_lift.pos=-54.30 elbow_flex.pos=+47.55 wrist_flex.pos=+67.83 wrist_roll.pos=-2.62 gripper.pos=+5.31
DEBUG 2026-08-19 06:36:11 [action #107] t=4.95s step=106 queue=7 dmax=2.405 | shoulder_pan.pos=-1.91 shoulder_lift.pos=-53.66 elbow_flex.pos=+47.34 wrist_flex.pos=+67.91 wrist_roll.pos=-2.58 gripper.pos=+7.72
DEBUG 2026-08-19 06:36:11 [action #108] t=4.98s step=107 queue=6 dmax=2.198 | shoulder_pan.pos=-1.87 shoulder_lift.pos=-53.63 elbow_flex.pos=+47.98 wrist_flex.pos=+67.98 wrist_roll.pos=-2.31 gripper.pos=+9.92
DEBUG 2026-08-19 06:36:11 [action #109] t=5.02s step=108 queue=5 dmax=1.572 | shoulder_pan.pos=-2.09 shoulder_lift.pos=-53.08 elbow_flex.pos=+47.49 wrist_flex.pos=+68.04 wrist_roll.pos=-2.17 gripper.pos=+11.49
DEBUG 2026-08-19 06:36:11 [action #110] t=5.05s step=109 queue=4 dmax=1.164 | shoulder_pan.pos=-1.90 shoulder_lift.pos=-52.87 elbow_flex.pos=+48.38 wrist_flex.pos=+68.00 wrist_roll.pos=-1.80 gripper.pos=+12.65
DEBUG 2026-08-19 06:36:11 [action #111] t=5.08s step=110 queue=3 dmax=0.657 | shoulder_pan.pos=-1.88 shoulder_lift.pos=-52.53 elbow_flex.pos=+48.47 wrist_flex.pos=+67.98 wrist_roll.pos=-1.48 gripper.pos=+13.31
DEBUG 2026-08-19 06:36:11 [action #112] t=5.12s step=111 queue=2 dmax=0.578 | shoulder_pan.pos=-2.02 shoulder_lift.pos=-52.39 elbow_flex.pos=+48.42 wrist_flex.pos=+67.79 wrist_roll.pos=-1.05 gripper.pos=+13.89
DEBUG 2026-08-19 06:36:11 [action #113] t=5.15s step=112 queue=1 dmax=0.517 | shoulder_pan.pos=-1.86 shoulder_lift.pos=-51.88 elbow_flex.pos=+48.47 wrist_flex.pos=+67.86 wrist_roll.pos=-0.70 gripper.pos=+14.40
DEBUG 2026-08-19 06:36:11 [chunk] received 50 actions, timesteps 87..136 | first: shoulder_pan.pos=-5.14 shoulder_lift.pos=-63.59 elbow_flex.pos=+59.77 wrist_flex.pos=+63.70 wrist_roll.pos=-3.28 gripper.pos=+0.33 | last: shoulder_pan.pos=-5.34 shoulder_lift.pos=-31.66 elbow_flex.pos=+41.31 wrist_flex.pos=+64.85 wrist_roll.pos=-0.21 gripper.pos=+35.89
DEBUG 2026-08-19 06:36:11 [action #114] t=5.45s step=113 queue=24 dmax=13.410 | shoulder_pan.pos=-4.91 shoulder_lift.pos=-49.64 elbow_flex.pos=+44.80 wrist_flex.pos=+70.05 wrist_roll.pos=-2.56 gripper.pos=+27.81
DEBUG 2026-08-19 06:36:11 [action #115] t=5.49s step=114 queue=23 dmax=2.209 | shoulder_pan.pos=-4.93 shoulder_lift.pos=-48.84 elbow_flex.pos=+44.09 wrist_flex.pos=+70.24 wrist_roll.pos=-2.50 gripper.pos=+30.02
DEBUG 2026-08-19 06:36:11 [action #116] t=5.52s step=115 queue=22 dmax=1.642 | shoulder_pan.pos=-5.16 shoulder_lift.pos=-48.34 elbow_flex.pos=+44.10 wrist_flex.pos=+69.94 wrist_roll.pos=-2.38 gripper.pos=+31.66
DEBUG 2026-08-19 06:36:11 [action #117] t=5.55s step=116 queue=21 dmax=1.079 | shoulder_pan.pos=-4.87 shoulder_lift.pos=-48.08 elbow_flex.pos=+45.05 wrist_flex.pos=+69.61 wrist_roll.pos=-2.19 gripper.pos=+32.74
DEBUG 2026-08-19 06:36:11 [action #118] t=5.59s step=117 queue=20 dmax=0.790 | shoulder_pan.pos=-4.93 shoulder_lift.pos=-47.29 elbow_flex.pos=+44.90 wrist_flex.pos=+69.29 wrist_roll.pos=-1.99 gripper.pos=+33.35
DEBUG 2026-08-19 06:36:11 [action #119] t=5.62s step=118 queue=19 dmax=1.161 | shoulder_pan.pos=-4.98 shoulder_lift.pos=-46.13 elbow_flex.pos=+45.26 wrist_flex.pos=+69.06 wrist_roll.pos=-1.85 gripper.pos=+34.03
DEBUG 2026-08-19 06:36:11 [action #120] t=5.65s step=119 queue=18 dmax=0.905 | shoulder_pan.pos=-4.96 shoulder_lift.pos=-45.23 elbow_flex.pos=+44.97 wrist_flex.pos=+68.96 wrist_roll.pos=-1.66 gripper.pos=+34.70
DEBUG 2026-08-19 06:36:11 [action #121] t=5.69s step=120 queue=17 dmax=1.146 | shoulder_pan.pos=-4.59 shoulder_lift.pos=-44.08 elbow_flex.pos=+44.60 wrist_flex.pos=+68.72 wrist_roll.pos=-1.64 gripper.pos=+35.29
DEBUG 2026-08-19 06:36:11 [action #122] t=5.72s step=121 queue=16 dmax=1.005 | shoulder_pan.pos=-4.83 shoulder_lift.pos=-43.08 elbow_flex.pos=+45.29 wrist_flex.pos=+68.63 wrist_roll.pos=-1.37 gripper.pos=+36.24
DEBUG 2026-08-19 06:36:11 [action #123] t=5.75s step=122 queue=15 dmax=1.232 | shoulder_pan.pos=-4.74 shoulder_lift.pos=-41.84 elbow_flex.pos=+44.83 wrist_flex.pos=+68.19 wrist_roll.pos=-1.22 gripper.pos=+36.96
DEBUG 2026-08-19 06:36:11 [action #124] t=5.79s step=123 queue=14 dmax=1.024 | shoulder_pan.pos=-4.75 shoulder_lift.pos=-40.82 elbow_flex.pos=+44.01 wrist_flex.pos=+68.12 wrist_roll.pos=-1.13 gripper.pos=+37.35
DEBUG 2026-08-19 06:36:11 [action #125] t=5.82s step=124 queue=13 dmax=0.389 | shoulder_pan.pos=-5.00 shoulder_lift.pos=-40.48 elbow_flex.pos=+44.40 wrist_flex.pos=+67.93 wrist_roll.pos=-1.04 gripper.pos=+37.40
DEBUG 2026-08-19 06:36:11 [action #126] t=5.85s step=125 queue=12 dmax=1.153 | shoulder_pan.pos=-4.77 shoulder_lift.pos=-39.32 elbow_flex.pos=+44.01 wrist_flex.pos=+67.55 wrist_roll.pos=-0.87 gripper.pos=+37.21
DEBUG 2026-08-19 06:36:11 [action #127] t=5.89s step=126 queue=11 dmax=1.168 | shoulder_pan.pos=-4.82 shoulder_lift.pos=-38.15 elbow_flex.pos=+44.42 wrist_flex.pos=+67.36 wrist_roll.pos=-0.79 gripper.pos=+37.11
DEBUG 2026-08-19 06:36:12 [action #128] t=5.92s step=127 queue=10 dmax=0.670 | shoulder_pan.pos=-5.05 shoulder_lift.pos=-38.05 elbow_flex.pos=+43.75 wrist_flex.pos=+67.01 wrist_roll.pos=-0.72 gripper.pos=+36.91
DEBUG 2026-08-19 06:36:12 [action #129] t=5.95s step=128 queue=9 dmax=1.032 | shoulder_pan.pos=-4.83 shoulder_lift.pos=-37.02 elbow_flex.pos=+43.22 wrist_flex.pos=+66.93 wrist_roll.pos=-0.61 gripper.pos=+36.44
DEBUG 2026-08-19 06:36:12 [action #130] t=5.99s step=129 queue=8 dmax=0.575 | shoulder_pan.pos=-5.02 shoulder_lift.pos=-36.69 elbow_flex.pos=+43.80 wrist_flex.pos=+66.61 wrist_roll.pos=-0.55 gripper.pos=+36.57
DEBUG 2026-08-19 06:36:12 [action #131] t=6.02s step=130 queue=7 dmax=0.846 | shoulder_pan.pos=-5.06 shoulder_lift.pos=-36.00 elbow_flex.pos=+42.95 wrist_flex.pos=+66.34 wrist_roll.pos=-0.51 gripper.pos=+36.51
DEBUG 2026-08-19 06:36:12 [action #132] t=6.05s step=131 queue=6 dmax=0.823 | shoulder_pan.pos=-4.88 shoulder_lift.pos=-35.18 elbow_flex.pos=+42.69 wrist_flex.pos=+66.13 wrist_roll.pos=-0.46 gripper.pos=+36.37
DEBUG 2026-08-19 06:36:12 [action #133] t=6.09s step=132 queue=5 dmax=0.535 | shoulder_pan.pos=-5.15 shoulder_lift.pos=-34.65 elbow_flex.pos=+42.47 wrist_flex.pos=+66.03 wrist_roll.pos=-0.40 gripper.pos=+36.29
DEBUG 2026-08-19 06:36:12 [action #134] t=6.12s step=133 queue=4 dmax=0.783 | shoulder_pan.pos=-5.21 shoulder_lift.pos=-33.86 elbow_flex.pos=+42.13 wrist_flex.pos=+65.72 wrist_roll.pos=-0.37 gripper.pos=+36.07
DEBUG 2026-08-19 06:36:12 [action #135] t=6.15s step=134 queue=3 dmax=0.883 | shoulder_pan.pos=-5.34 shoulder_lift.pos=-32.98 elbow_flex.pos=+41.89 wrist_flex.pos=+65.48 wrist_roll.pos=-0.34 gripper.pos=+35.94
DEBUG 2026-08-19 06:36:12 [action #136] t=6.19s step=135 queue=2 dmax=0.406 | shoulder_pan.pos=-5.35 shoulder_lift.pos=-32.57 elbow_flex.pos=+41.76 wrist_flex.pos=+65.23 wrist_roll.pos=-0.22 gripper.pos=+35.89
DEBUG 2026-08-19 06:36:12 [action #137] t=6.22s step=136 queue=1 dmax=0.912 | shoulder_pan.pos=-5.34 shoulder_lift.pos=-31.66 elbow_flex.pos=+41.31 wrist_flex.pos=+64.85 wrist_roll.pos=-0.21 gripper.pos=+35.89
DEBUG 2026-08-19 06:36:12 [chunk] received 50 actions, timesteps 112..161 | first: shoulder_pan.pos=-1.18 shoulder_lift.pos=-48.42 elbow_flex.pos=+46.18 wrist_flex.pos=+67.90 wrist_roll.pos=-0.16 gripper.pos=+17.33 | last: shoulder_pan.pos=-3.05 shoulder_lift.pos=-34.57 elbow_flex.pos=+43.44 wrist_flex.pos=+65.81 wrist_roll.pos=+2.04 gripper.pos=+37.17
DEBUG 2026-08-19 06:36:12 [action #138] t=6.42s step=137 queue=25 dmax=17.155 | shoulder_pan.pos=-1.66 shoulder_lift.pos=-48.82 elbow_flex.pos=+47.92 wrist_flex.pos=+68.87 wrist_roll.pos=+1.72 gripper.pos=+37.55
DEBUG 2026-08-19 06:36:12 [action #139] t=6.45s step=138 queue=24 dmax=0.494 | shoulder_pan.pos=-1.51 shoulder_lift.pos=-48.32 elbow_flex.pos=+47.88 wrist_flex.pos=+68.70 wrist_roll.pos=+1.75 gripper.pos=+37.69
DEBUG 2026-08-19 06:36:12 [action #140] t=6.49s step=139 queue=23 dmax=0.418 | shoulder_pan.pos=-1.72 shoulder_lift.pos=-48.06 elbow_flex.pos=+48.30 wrist_flex.pos=+68.51 wrist_roll.pos=+1.82 gripper.pos=+37.72
DEBUG 2026-08-19 06:36:12 [action #141] t=6.52s step=140 queue=22 dmax=1.741 | shoulder_pan.pos=-1.64 shoulder_lift.pos=-46.32 elbow_flex.pos=+47.71 wrist_flex.pos=+68.48 wrist_roll.pos=+1.74 gripper.pos=+37.66
DEBUG 2026-08-19 06:36:12 [action #142] t=6.56s step=141 queue=21 dmax=0.692 | shoulder_pan.pos=-1.51 shoulder_lift.pos=-45.63 elbow_flex.pos=+47.38 wrist_flex.pos=+68.42 wrist_roll.pos=+1.85 gripper.pos=+37.48
DEBUG 2026-08-19 06:36:12 [action #143] t=6.59s step=142 queue=20 dmax=0.336 | shoulder_pan.pos=-1.84 shoulder_lift.pos=-45.48 elbow_flex.pos=+47.45 wrist_flex.pos=+68.39 wrist_roll.pos=+1.98 gripper.pos=+37.49
DEBUG 2026-08-19 06:36:12 [action #144] t=6.62s step=143 queue=19 dmax=0.284 | shoulder_pan.pos=-1.89 shoulder_lift.pos=-45.51 elbow_flex.pos=+47.54 wrist_flex.pos=+68.10 wrist_roll.pos=+1.82 gripper.pos=+37.50
DEBUG 2026-08-19 06:36:12 [action #145] t=6.66s step=144 queue=18 dmax=0.995 | shoulder_pan.pos=-1.82 shoulder_lift.pos=-44.52 elbow_flex.pos=+47.05 wrist_flex.pos=+68.17 wrist_roll.pos=+1.87 gripper.pos=+37.40
DEBUG 2026-08-19 06:36:12 [action #146] t=6.69s step=145 queue=17 dmax=0.307 | shoulder_pan.pos=-1.85 shoulder_lift.pos=-44.54 elbow_flex.pos=+47.35 wrist_flex.pos=+68.24 wrist_roll.pos=+1.94 gripper.pos=+37.47
DEBUG 2026-08-19 06:36:12 [action #147] t=6.72s step=146 queue=16 dmax=0.919 | shoulder_pan.pos=-2.03 shoulder_lift.pos=-43.62 elbow_flex.pos=+46.82 wrist_flex.pos=+68.57 wrist_roll.pos=+2.00 gripper.pos=+37.46
DEBUG 2026-08-19 06:36:12 [action #148] t=6.76s step=147 queue=15 dmax=0.366 | shoulder_pan.pos=-2.39 shoulder_lift.pos=-43.55 elbow_flex.pos=+46.81 wrist_flex.pos=+68.60 wrist_roll.pos=+1.99 gripper.pos=+37.44
DEBUG 2026-08-19 06:36:12 [action #149] t=6.79s step=148 queue=14 dmax=0.908 | shoulder_pan.pos=-2.76 shoulder_lift.pos=-42.64 elbow_flex.pos=+47.09 wrist_flex.pos=+68.56 wrist_roll.pos=+2.03 gripper.pos=+37.36
DEBUG 2026-08-19 06:36:12 [action #150] t=6.82s step=149 queue=13 dmax=0.264 | shoulder_pan.pos=-2.63 shoulder_lift.pos=-42.82 elbow_flex.pos=+46.83 wrist_flex.pos=+68.59 wrist_roll.pos=+2.01 gripper.pos=+37.40
DEBUG 2026-08-19 06:36:12 [action #151] t=6.86s step=150 queue=12 dmax=0.617 | shoulder_pan.pos=-3.08 shoulder_lift.pos=-42.20 elbow_flex.pos=+46.73 wrist_flex.pos=+68.58 wrist_roll.pos=+2.02 gripper.pos=+37.49
DEBUG 2026-08-19 06:36:12 [action #152] t=6.89s step=151 queue=11 dmax=0.396 | shoulder_pan.pos=-3.35 shoulder_lift.pos=-42.60 elbow_flex.pos=+46.79 wrist_flex.pos=+68.39 wrist_roll.pos=+2.06 gripper.pos=+37.37
DEBUG 2026-08-19 06:36:13 [action #153] t=6.92s step=152 queue=10 dmax=1.377 | shoulder_pan.pos=-3.15 shoulder_lift.pos=-41.22 elbow_flex.pos=+46.34 wrist_flex.pos=+68.50 wrist_roll.pos=+1.96 gripper.pos=+37.49
DEBUG 2026-08-19 06:36:13 [action #154] t=6.96s step=153 queue=9 dmax=0.351 | shoulder_pan.pos=-2.91 shoulder_lift.pos=-41.44 elbow_flex.pos=+46.20 wrist_flex.pos=+68.39 wrist_roll.pos=+2.15 gripper.pos=+37.14
DEBUG 2026-08-19 06:36:13 [action #155] t=6.99s step=154 queue=8 dmax=0.332 | shoulder_pan.pos=-3.03 shoulder_lift.pos=-41.11 elbow_flex.pos=+45.99 wrist_flex.pos=+68.32 wrist_roll.pos=+2.06 gripper.pos=+37.23
DEBUG 2026-08-19 06:36:13 [action #156] t=7.02s step=155 queue=7 dmax=0.787 | shoulder_pan.pos=-3.19 shoulder_lift.pos=-40.32 elbow_flex.pos=+45.40 wrist_flex.pos=+68.28 wrist_roll.pos=+2.09 gripper.pos=+37.07
DEBUG 2026-08-19 06:36:13 [action #157] t=7.06s step=156 queue=6 dmax=0.255 | shoulder_pan.pos=-3.09 shoulder_lift.pos=-40.11 elbow_flex.pos=+45.60 wrist_flex.pos=+68.03 wrist_roll.pos=+2.05 gripper.pos=+37.18
DEBUG 2026-08-19 06:36:13 [action #158] t=7.09s step=157 queue=5 dmax=1.424 | shoulder_pan.pos=-2.94 shoulder_lift.pos=-38.69 elbow_flex.pos=+45.09 wrist_flex.pos=+67.59 wrist_roll.pos=+2.09 gripper.pos=+37.16
DEBUG 2026-08-19 06:36:13 [action #159] t=7.12s step=158 queue=4 dmax=0.472 | shoulder_pan.pos=-3.09 shoulder_lift.pos=-38.22 elbow_flex.pos=+44.66 wrist_flex.pos=+67.19 wrist_roll.pos=+2.07 gripper.pos=+37.10
DEBUG 2026-08-19 06:36:13 [action #160] t=7.16s step=159 queue=3 dmax=1.692 | shoulder_pan.pos=-3.20 shoulder_lift.pos=-36.52 elbow_flex.pos=+43.96 wrist_flex.pos=+66.66 wrist_roll.pos=+2.08 gripper.pos=+37.02
DEBUG 2026-08-19 06:36:13 [action #161] t=7.19s step=160 queue=2 dmax=0.915 | shoulder_pan.pos=-3.35 shoulder_lift.pos=-35.61 elbow_flex.pos=+43.98 wrist_flex.pos=+66.26 wrist_roll.pos=+2.11 gripper.pos=+37.05
DEBUG 2026-08-19 06:36:13 [action #162] t=7.22s step=161 queue=1 dmax=1.036 | shoulder_pan.pos=-3.05 shoulder_lift.pos=-34.57 elbow_flex.pos=+43.44 wrist_flex.pos=+65.81 wrist_roll.pos=+2.04 gripper.pos=+37.17
DEBUG 2026-08-19 06:36:13 [chunk] received 50 actions, timesteps 136..185 | first: shoulder_pan.pos=-4.41 shoulder_lift.pos=-28.55 elbow_flex.pos=+41.17 wrist_flex.pos=+64.15 wrist_roll.pos=-1.15 gripper.pos=+38.34 | last: shoulder_pan.pos=-3.26 shoulder_lift.pos=-9.31 elbow_flex.pos=+29.13 wrist_flex.pos=+63.01 wrist_roll.pos=-1.64 gripper.pos=+10.55
DEBUG 2026-08-19 06:36:13 [action #163] t=7.32s step=162 queue=24 dmax=25.608 | shoulder_pan.pos=-4.33 shoulder_lift.pos=-8.96 elbow_flex.pos=+34.19 wrist_flex.pos=+61.22 wrist_roll.pos=-1.01 gripper.pos=+35.36
DEBUG 2026-08-19 06:36:13 [action #164] t=7.36s step=163 queue=23 dmax=1.691 | shoulder_pan.pos=-4.28 shoulder_lift.pos=-8.64 elbow_flex.pos=+34.07 wrist_flex.pos=+60.84 wrist_roll.pos=-1.11 gripper.pos=+33.66
DEBUG 2026-08-19 06:36:13 [action #165] t=7.39s step=164 queue=22 dmax=1.925 | shoulder_pan.pos=-4.19 shoulder_lift.pos=-7.85 elbow_flex.pos=+34.00 wrist_flex.pos=+60.58 wrist_roll.pos=-0.94 gripper.pos=+31.74
DEBUG 2026-08-19 06:36:13 [action #166] t=7.42s step=165 queue=21 dmax=1.767 | shoulder_pan.pos=-4.17 shoulder_lift.pos=-7.62 elbow_flex.pos=+34.39 wrist_flex.pos=+60.53 wrist_roll.pos=-1.01 gripper.pos=+29.97
DEBUG 2026-08-19 06:36:13 [action #167] t=7.46s step=166 queue=20 dmax=1.746 | shoulder_pan.pos=-4.19 shoulder_lift.pos=-6.77 elbow_flex.pos=+33.61 wrist_flex.pos=+60.26 wrist_roll.pos=-0.89 gripper.pos=+28.23
DEBUG 2026-08-19 06:36:13 [action #168] t=7.49s step=167 queue=19 dmax=2.083 | shoulder_pan.pos=-4.19 shoulder_lift.pos=-6.77 elbow_flex.pos=+33.33 wrist_flex.pos=+60.21 wrist_roll.pos=-0.91 gripper.pos=+26.14
DEBUG 2026-08-19 06:36:13 [action #169] t=7.53s step=168 queue=18 dmax=1.960 | shoulder_pan.pos=-4.13 shoulder_lift.pos=-6.98 elbow_flex.pos=+33.72 wrist_flex.pos=+60.39 wrist_roll.pos=-0.88 gripper.pos=+24.18
DEBUG 2026-08-19 06:36:13 [action #170] t=7.56s step=169 queue=17 dmax=1.893 | shoulder_pan.pos=-4.20 shoulder_lift.pos=-6.97 elbow_flex.pos=+33.19 wrist_flex.pos=+60.17 wrist_roll.pos=-1.01 gripper.pos=+22.29
DEBUG 2026-08-19 06:36:13 [action #171] t=7.59s step=170 queue=16 dmax=1.854 | shoulder_pan.pos=-3.93 shoulder_lift.pos=-6.92 elbow_flex.pos=+32.89 wrist_flex.pos=+60.39 wrist_roll.pos=-0.75 gripper.pos=+20.44
DEBUG 2026-08-19 06:36:13 [action #172] t=7.63s step=171 queue=15 dmax=1.394 | shoulder_pan.pos=-3.97 shoulder_lift.pos=-6.23 elbow_flex.pos=+32.92 wrist_flex.pos=+60.17 wrist_roll.pos=-0.98 gripper.pos=+19.04
DEBUG 2026-08-19 06:36:13 [action #173] t=7.66s step=172 queue=14 dmax=1.324 | shoulder_pan.pos=-3.91 shoulder_lift.pos=-6.13 elbow_flex.pos=+32.83 wrist_flex.pos=+60.20 wrist_roll.pos=-0.98 gripper.pos=+17.72
DEBUG 2026-08-19 06:36:13 [action #174] t=7.69s step=173 queue=13 dmax=1.205 | shoulder_pan.pos=-3.77 shoulder_lift.pos=-6.55 elbow_flex.pos=+32.61 wrist_flex.pos=+60.58 wrist_roll.pos=-1.03 gripper.pos=+16.51
DEBUG 2026-08-19 06:36:13 [action #175] t=7.73s step=174 queue=12 dmax=1.029 | shoulder_pan.pos=-3.58 shoulder_lift.pos=-6.64 elbow_flex.pos=+33.02 wrist_flex.pos=+60.49 wrist_roll.pos=-0.87 gripper.pos=+15.49
DEBUG 2026-08-19 06:36:13 [action #176] t=7.76s step=175 queue=11 dmax=1.016 | shoulder_pan.pos=-3.66 shoulder_lift.pos=-6.42 elbow_flex.pos=+33.31 wrist_flex.pos=+60.31 wrist_roll.pos=-0.99 gripper.pos=+14.47
DEBUG 2026-08-19 06:36:13 [action #177] t=7.79s step=176 queue=10 dmax=0.903 | shoulder_pan.pos=-3.50 shoulder_lift.pos=-6.15 elbow_flex.pos=+32.83 wrist_flex.pos=+60.35 wrist_roll.pos=-0.98 gripper.pos=+13.57
DEBUG 2026-08-19 06:36:13 [action #178] t=7.83s step=177 queue=9 dmax=0.921 | shoulder_pan.pos=-3.87 shoulder_lift.pos=-6.74 elbow_flex.pos=+32.15 wrist_flex.pos=+60.54 wrist_roll.pos=-1.21 gripper.pos=+12.65
DEBUG 2026-08-19 06:36:13 [action #179] t=7.86s step=178 queue=8 dmax=0.453 | shoulder_pan.pos=-3.89 shoulder_lift.pos=-6.28 elbow_flex.pos=+32.31 wrist_flex.pos=+60.65 wrist_roll.pos=-1.07 gripper.pos=+12.21
DEBUG 2026-08-19 06:36:13 [action #180] t=7.89s step=179 queue=7 dmax=0.463 | shoulder_pan.pos=-3.74 shoulder_lift.pos=-6.62 elbow_flex.pos=+31.86 wrist_flex.pos=+60.19 wrist_roll.pos=-1.14 gripper.pos=+11.75
DEBUG 2026-08-19 06:36:14 [action #181] t=7.93s step=180 queue=6 dmax=0.446 | shoulder_pan.pos=-3.87 shoulder_lift.pos=-6.47 elbow_flex.pos=+32.16 wrist_flex.pos=+60.64 wrist_roll.pos=-1.11 gripper.pos=+11.31
DEBUG 2026-08-19 06:36:14 [action #182] t=7.96s step=181 queue=5 dmax=0.836 | shoulder_pan.pos=-3.63 shoulder_lift.pos=-6.81 elbow_flex.pos=+31.33 wrist_flex.pos=+60.88 wrist_roll.pos=-1.31 gripper.pos=+10.92
DEBUG 2026-08-19 06:36:14 [action #183] t=7.99s step=182 queue=4 dmax=0.502 | shoulder_pan.pos=-3.63 shoulder_lift.pos=-7.10 elbow_flex.pos=+31.04 wrist_flex.pos=+61.38 wrist_roll.pos=-1.42 gripper.pos=+10.69
DEBUG 2026-08-19 06:36:14 [action #184] t=8.03s step=183 queue=3 dmax=0.698 | shoulder_pan.pos=-3.58 shoulder_lift.pos=-7.52 elbow_flex.pos=+30.34 wrist_flex.pos=+61.69 wrist_roll.pos=-1.44 gripper.pos=+10.73
DEBUG 2026-08-19 06:36:14 [action #185] t=8.06s step=184 queue=2 dmax=0.822 | shoulder_pan.pos=-3.39 shoulder_lift.pos=-8.01 elbow_flex.pos=+29.52 wrist_flex.pos=+62.37 wrist_roll.pos=-1.70 gripper.pos=+10.69
DEBUG 2026-08-19 06:36:14 [action #186] t=8.09s step=185 queue=1 dmax=1.297 | shoulder_pan.pos=-3.26 shoulder_lift.pos=-9.31 elbow_flex.pos=+29.13 wrist_flex.pos=+63.01 wrist_roll.pos=-1.64 gripper.pos=+10.55
DEBUG 2026-08-19 06:36:14 [chunk] received 50 actions, timesteps 161..210 | first: shoulder_pan.pos=-3.46 shoulder_lift.pos=-34.59 elbow_flex.pos=+42.60 wrist_flex.pos=+66.57 wrist_roll.pos=+1.40 gripper.pos=+38.20 | last: shoulder_pan.pos=-0.08 shoulder_lift.pos=-6.82 elbow_flex.pos=+29.95 wrist_flex.pos=+62.35 wrist_roll.pos=+1.66 gripper.pos=+9.71
DEBUG 2026-08-19 06:36:14 [action #187] t=8.23s step=186 queue=25 dmax=26.260 | shoulder_pan.pos=-2.70 shoulder_lift.pos=-9.51 elbow_flex.pos=+33.11 wrist_flex.pos=+61.52 wrist_roll.pos=+0.71 gripper.pos=+36.81
DEBUG 2026-08-19 06:36:14 [action #188] t=8.26s step=187 queue=24 dmax=0.701 | shoulder_pan.pos=-2.60 shoulder_lift.pos=-8.81 elbow_flex.pos=+33.17 wrist_flex.pos=+61.47 wrist_roll.pos=+0.86 gripper.pos=+37.05
DEBUG 2026-08-19 06:36:14 [action #189] t=8.29s step=188 queue=23 dmax=0.620 | shoulder_pan.pos=-2.47 shoulder_lift.pos=-8.19 elbow_flex.pos=+33.22 wrist_flex.pos=+61.38 wrist_roll.pos=+0.68 gripper.pos=+36.86
DEBUG 2026-08-19 06:36:14 [action #190] t=8.33s step=189 queue=22 dmax=1.130 | shoulder_pan.pos=-2.58 shoulder_lift.pos=-7.06 elbow_flex.pos=+32.64 wrist_flex.pos=+61.40 wrist_roll.pos=+0.82 gripper.pos=+36.64
DEBUG 2026-08-19 06:36:14 [action #191] t=8.36s step=190 queue=21 dmax=0.719 | shoulder_pan.pos=-2.45 shoulder_lift.pos=-6.74 elbow_flex.pos=+32.39 wrist_flex.pos=+61.48 wrist_roll.pos=+0.85 gripper.pos=+35.92
DEBUG 2026-08-19 06:36:14 [action #192] t=8.39s step=191 queue=20 dmax=1.514 | shoulder_pan.pos=-2.40 shoulder_lift.pos=-5.64 elbow_flex.pos=+32.21 wrist_flex.pos=+61.64 wrist_roll.pos=+0.81 gripper.pos=+34.41
DEBUG 2026-08-19 06:36:14 [action #193] t=8.43s step=192 queue=19 dmax=2.235 | shoulder_pan.pos=-2.11 shoulder_lift.pos=-6.37 elbow_flex.pos=+31.42 wrist_flex.pos=+61.69 wrist_roll.pos=+0.79 gripper.pos=+32.17
DEBUG 2026-08-19 06:36:14 [action #194] t=8.46s step=193 queue=18 dmax=2.681 | shoulder_pan.pos=-2.01 shoulder_lift.pos=-5.69 elbow_flex.pos=+32.33 wrist_flex.pos=+61.58 wrist_roll.pos=+1.05 gripper.pos=+29.49
DEBUG 2026-08-19 06:36:14 [action #195] t=8.49s step=194 queue=17 dmax=2.643 | shoulder_pan.pos=-2.17 shoulder_lift.pos=-5.15 elbow_flex.pos=+33.03 wrist_flex.pos=+61.59 wrist_roll.pos=+1.17 gripper.pos=+26.85
DEBUG 2026-08-19 06:36:14 [action #196] t=8.53s step=195 queue=16 dmax=2.947 | shoulder_pan.pos=-1.86 shoulder_lift.pos=-5.71 elbow_flex.pos=+32.04 wrist_flex.pos=+61.44 wrist_roll.pos=+1.45 gripper.pos=+23.90
DEBUG 2026-08-19 06:36:14 [action #197] t=8.56s step=196 queue=15 dmax=2.553 | shoulder_pan.pos=-1.94 shoulder_lift.pos=-5.13 elbow_flex.pos=+32.95 wrist_flex.pos=+61.56 wrist_roll.pos=+1.35 gripper.pos=+21.35
DEBUG 2026-08-19 06:36:14 [action #198] t=8.60s step=197 queue=14 dmax=2.565 | shoulder_pan.pos=-1.82 shoulder_lift.pos=-5.71 elbow_flex.pos=+32.62 wrist_flex.pos=+61.76 wrist_roll.pos=+1.63 gripper.pos=+18.78
DEBUG 2026-08-19 06:36:14 [action #199] t=8.63s step=198 queue=13 dmax=1.702 | shoulder_pan.pos=-1.59 shoulder_lift.pos=-5.68 elbow_flex.pos=+32.50 wrist_flex.pos=+61.54 wrist_roll.pos=+1.64 gripper.pos=+17.08
DEBUG 2026-08-19 06:36:14 [action #200] t=8.66s step=199 queue=12 dmax=1.299 | shoulder_pan.pos=-1.49 shoulder_lift.pos=-5.65 elbow_flex.pos=+31.67 wrist_flex.pos=+61.32 wrist_roll.pos=+1.75 gripper.pos=+15.78
DEBUG 2026-08-19 06:36:14 [action #201] t=8.70s step=200 queue=11 dmax=0.742 | shoulder_pan.pos=-1.24 shoulder_lift.pos=-5.53 elbow_flex.pos=+32.40 wrist_flex.pos=+61.56 wrist_roll.pos=+1.75 gripper.pos=+15.04
DEBUG 2026-08-19 06:36:14 [action #202] t=8.73s step=201 queue=10 dmax=0.458 | shoulder_pan.pos=-1.04 shoulder_lift.pos=-5.61 elbow_flex.pos=+32.08 wrist_flex.pos=+61.61 wrist_roll.pos=+1.83 gripper.pos=+14.58
DEBUG 2026-08-19 06:36:14 [action #203] t=8.76s step=202 queue=9 dmax=0.850 | shoulder_pan.pos=-1.05 shoulder_lift.pos=-5.77 elbow_flex.pos=+32.14 wrist_flex.pos=+61.56 wrist_roll.pos=+1.74 gripper.pos=+13.73
DEBUG 2026-08-19 06:36:14 [action #204] t=8.80s step=203 queue=8 dmax=0.831 | shoulder_pan.pos=-0.92 shoulder_lift.pos=-5.82 elbow_flex.pos=+31.98 wrist_flex.pos=+61.74 wrist_roll.pos=+1.78 gripper.pos=+12.90
DEBUG 2026-08-19 06:36:14 [action #205] t=8.83s step=204 queue=7 dmax=0.722 | shoulder_pan.pos=-0.69 shoulder_lift.pos=-6.18 elbow_flex.pos=+31.38 wrist_flex.pos=+61.63 wrist_roll.pos=+1.96 gripper.pos=+12.18
DEBUG 2026-08-19 06:36:14 [action #206] t=8.86s step=205 queue=6 dmax=0.713 | shoulder_pan.pos=-0.50 shoulder_lift.pos=-6.73 elbow_flex.pos=+31.59 wrist_flex.pos=+61.71 wrist_roll.pos=+1.87 gripper.pos=+11.47
DEBUG 2026-08-19 06:36:14 [action #207] t=8.90s step=206 queue=5 dmax=0.665 | shoulder_pan.pos=-0.55 shoulder_lift.pos=-6.33 elbow_flex.pos=+30.93 wrist_flex.pos=+61.57 wrist_roll.pos=+1.92 gripper.pos=+10.82
DEBUG 2026-08-19 06:36:15 [action #208] t=8.93s step=207 queue=4 dmax=0.421 | shoulder_pan.pos=-0.41 shoulder_lift.pos=-6.35 elbow_flex.pos=+31.28 wrist_flex.pos=+61.64 wrist_roll.pos=+1.71 gripper.pos=+10.40
DEBUG 2026-08-19 06:36:15 [action #209] t=8.96s step=208 queue=3 dmax=0.851 | shoulder_pan.pos=-0.30 shoulder_lift.pos=-6.74 elbow_flex.pos=+30.43 wrist_flex.pos=+61.79 wrist_roll.pos=+1.76 gripper.pos=+10.10
DEBUG 2026-08-19 06:36:15 [action #210] t=9.00s step=209 queue=2 dmax=0.701 | shoulder_pan.pos=-0.29 shoulder_lift.pos=-6.26 elbow_flex.pos=+29.73 wrist_flex.pos=+62.17 wrist_roll.pos=+1.76 gripper.pos=+10.00
DEBUG 2026-08-19 06:36:15 [action #211] t=9.03s step=210 queue=1 dmax=0.556 | shoulder_pan.pos=-0.08 shoulder_lift.pos=-6.82 elbow_flex.pos=+29.95 wrist_flex.pos=+62.35 wrist_roll.pos=+1.66 gripper.pos=+9.71
DEBUG 2026-08-19 06:36:15 [chunk] received 50 actions, timesteps 185..234 | first: shoulder_pan.pos=-3.25 shoulder_lift.pos=-8.98 elbow_flex.pos=+28.79 wrist_flex.pos=+62.63 wrist_roll.pos=-2.13 gripper.pos=+7.57 | last: shoulder_pan.pos=+33.06 shoulder_lift.pos=+5.88 elbow_flex.pos=-12.98 wrist_flex.pos=+73.61 wrist_roll.pos=-4.09 gripper.pos=+7.48
DEBUG 2026-08-19 06:36:15 [action #212] t=9.10s step=211 queue=24 dmax=17.219 | shoulder_pan.pos=+8.94 shoulder_lift.pos=-24.04 elbow_flex.pos=+13.88 wrist_flex.pos=+76.92 wrist_roll.pos=-5.16 gripper.pos=+7.11
DEBUG 2026-08-19 06:36:15 [action #213] t=9.13s step=212 queue=23 dmax=1.400 | shoulder_pan.pos=+10.34 shoulder_lift.pos=-23.63 elbow_flex.pos=+13.32 wrist_flex.pos=+76.68 wrist_roll.pos=-5.22 gripper.pos=+7.26
DEBUG 2026-08-19 06:36:15 [action #214] t=9.16s step=213 queue=22 dmax=1.271 | shoulder_pan.pos=+11.61 shoulder_lift.pos=-23.92 elbow_flex.pos=+12.95 wrist_flex.pos=+76.37 wrist_roll.pos=-5.18 gripper.pos=+7.17
DEBUG 2026-08-19 06:36:15 [action #215] t=9.20s step=214 queue=21 dmax=1.442 | shoulder_pan.pos=+13.05 shoulder_lift.pos=-24.04 elbow_flex.pos=+12.66 wrist_flex.pos=+76.35 wrist_roll.pos=-5.08 gripper.pos=+7.18
DEBUG 2026-08-19 06:36:15 [action #216] t=9.23s step=215 queue=20 dmax=1.183 | shoulder_pan.pos=+14.24 shoulder_lift.pos=-23.87 elbow_flex.pos=+12.24 wrist_flex.pos=+76.18 wrist_roll.pos=-4.96 gripper.pos=+7.29
DEBUG 2026-08-19 06:36:15 [action #217] t=9.26s step=216 queue=19 dmax=1.471 | shoulder_pan.pos=+15.71 shoulder_lift.pos=-23.89 elbow_flex.pos=+11.26 wrist_flex.pos=+75.91 wrist_roll.pos=-4.76 gripper.pos=+7.20
DEBUG 2026-08-19 06:36:15 [action #218] t=9.30s step=217 queue=18 dmax=1.558 | shoulder_pan.pos=+17.27 shoulder_lift.pos=-23.31 elbow_flex.pos=+11.02 wrist_flex.pos=+75.58 wrist_roll.pos=-4.69 gripper.pos=+7.16
DEBUG 2026-08-19 06:36:15 [action #219] t=9.33s step=218 queue=17 dmax=1.217 | shoulder_pan.pos=+18.48 shoulder_lift.pos=-22.68 elbow_flex.pos=+10.76 wrist_flex.pos=+75.20 wrist_roll.pos=-4.62 gripper.pos=+7.38
DEBUG 2026-08-19 06:36:15 [action #220] t=9.36s step=219 queue=16 dmax=1.304 | shoulder_pan.pos=+19.79 shoulder_lift.pos=-22.91 elbow_flex.pos=+10.08 wrist_flex.pos=+74.88 wrist_roll.pos=-4.38 gripper.pos=+7.26
DEBUG 2026-08-19 06:36:15 [action #221] t=9.40s step=220 queue=15 dmax=1.191 | shoulder_pan.pos=+20.98 shoulder_lift.pos=-22.47 elbow_flex.pos=+9.67 wrist_flex.pos=+74.46 wrist_roll.pos=-4.26 gripper.pos=+7.28
DEBUG 2026-08-19 06:36:15 [action #222] t=9.43s step=221 queue=14 dmax=1.358 | shoulder_pan.pos=+22.17 shoulder_lift.pos=-21.11 elbow_flex.pos=+8.93 wrist_flex.pos=+74.35 wrist_roll.pos=-4.01 gripper.pos=+7.18
DEBUG 2026-08-19 06:36:15 [action #223] t=9.46s step=222 queue=13 dmax=1.512 | shoulder_pan.pos=+23.68 shoulder_lift.pos=-20.26 elbow_flex.pos=+7.95 wrist_flex.pos=+74.06 wrist_roll.pos=-3.82 gripper.pos=+7.25
DEBUG 2026-08-19 06:36:15 [action #224] t=9.50s step=223 queue=12 dmax=1.244 | shoulder_pan.pos=+24.93 shoulder_lift.pos=-19.50 elbow_flex.pos=+7.30 wrist_flex.pos=+73.77 wrist_roll.pos=-3.80 gripper.pos=+7.19
DEBUG 2026-08-19 06:36:15 [action #225] t=9.53s step=224 queue=11 dmax=1.836 | shoulder_pan.pos=+26.22 shoulder_lift.pos=-17.67 elbow_flex.pos=+5.86 wrist_flex.pos=+73.31 wrist_roll.pos=-3.81 gripper.pos=+7.26
DEBUG 2026-08-19 06:36:15 [action #226] t=9.56s step=225 queue=10 dmax=1.956 | shoulder_pan.pos=+27.28 shoulder_lift.pos=-15.71 elbow_flex.pos=+4.58 wrist_flex.pos=+73.09 wrist_roll.pos=-3.83 gripper.pos=+7.31
DEBUG 2026-08-19 06:36:15 [action #227] t=9.60s step=226 queue=9 dmax=1.839 | shoulder_pan.pos=+28.20 shoulder_lift.pos=-13.87 elbow_flex.pos=+2.87 wrist_flex.pos=+72.79 wrist_roll.pos=-3.76 gripper.pos=+7.28
DEBUG 2026-08-19 06:36:15 [action #228] t=9.63s step=227 queue=8 dmax=1.847 | shoulder_pan.pos=+29.07 shoulder_lift.pos=-12.03 elbow_flex.pos=+1.04 wrist_flex.pos=+72.95 wrist_roll.pos=-3.87 gripper.pos=+7.26
DEBUG 2026-08-19 06:36:15 [action #229] t=9.67s step=228 queue=7 dmax=2.918 | shoulder_pan.pos=+29.66 shoulder_lift.pos=-9.11 elbow_flex.pos=-0.91 wrist_flex.pos=+72.95 wrist_roll.pos=-3.78 gripper.pos=+7.36
DEBUG 2026-08-19 06:36:15 [action #230] t=9.70s step=229 queue=6 dmax=2.426 | shoulder_pan.pos=+30.46 shoulder_lift.pos=-6.68 elbow_flex.pos=-2.95 wrist_flex.pos=+73.05 wrist_roll.pos=-3.73 gripper.pos=+7.28
DEBUG 2026-08-19 06:36:15 [action #231] t=9.73s step=230 queue=5 dmax=2.375 | shoulder_pan.pos=+31.08 shoulder_lift.pos=-4.31 elbow_flex.pos=-4.99 wrist_flex.pos=+73.02 wrist_roll.pos=-3.74 gripper.pos=+7.51
DEBUG 2026-08-19 06:36:15 [action #232] t=9.77s step=231 queue=4 dmax=2.632 | shoulder_pan.pos=+31.76 shoulder_lift.pos=-1.68 elbow_flex.pos=-7.18 wrist_flex.pos=+72.96 wrist_roll.pos=-3.76 gripper.pos=+7.41
DEBUG 2026-08-19 06:36:15 [action #233] t=9.80s step=232 queue=3 dmax=2.834 | shoulder_pan.pos=+32.20 shoulder_lift.pos=+1.16 elbow_flex.pos=-9.08 wrist_flex.pos=+73.12 wrist_roll.pos=-3.89 gripper.pos=+7.44
DEBUG 2026-08-19 06:36:15 [action #234] t=9.83s step=233 queue=2 dmax=2.822 | shoulder_pan.pos=+32.57 shoulder_lift.pos=+3.98 elbow_flex.pos=-11.21 wrist_flex.pos=+73.31 wrist_roll.pos=-3.97 gripper.pos=+7.50
DEBUG 2026-08-19 06:36:15 [action #235] t=9.87s step=234 queue=1 dmax=1.903 | shoulder_pan.pos=+33.06 shoulder_lift.pos=+5.88 elbow_flex.pos=-12.98 wrist_flex.pos=+73.61 wrist_roll.pos=-4.09 gripper.pos=+7.48
DEBUG 2026-08-19 06:36:16 [chunk] received 50 actions, timesteps 210..259 | first: shoulder_pan.pos=+0.27 shoulder_lift.pos=-4.52 elbow_flex.pos=+28.31 wrist_flex.pos=+61.83 wrist_roll.pos=+1.58 gripper.pos=+7.27 | last: shoulder_pan.pos=+32.40 shoulder_lift.pos=+4.40 elbow_flex.pos=-13.84 wrist_flex.pos=+74.50 wrist_roll.pos=-1.64 gripper.pos=+8.40
DEBUG 2026-08-19 06:36:16 [action #236] t=10.00s step=235 queue=25 dmax=29.451 | shoulder_pan.pos=+12.99 shoulder_lift.pos=-21.14 elbow_flex.pos=+16.47 wrist_flex.pos=+74.78 wrist_roll.pos=-2.71 gripper.pos=+7.78
DEBUG 2026-08-19 06:36:16 [action #237] t=10.03s step=236 queue=24 dmax=1.059 | shoulder_pan.pos=+14.05 shoulder_lift.pos=-21.72 elbow_flex.pos=+15.58 wrist_flex.pos=+74.76 wrist_roll.pos=-2.70 gripper.pos=+7.86
DEBUG 2026-08-19 06:36:16 [action #238] t=10.07s step=237 queue=23 dmax=1.269 | shoulder_pan.pos=+15.32 shoulder_lift.pos=-21.92 elbow_flex.pos=+14.92 wrist_flex.pos=+75.07 wrist_roll.pos=-2.59 gripper.pos=+7.87
DEBUG 2026-08-19 06:36:16 [action #239] t=10.10s step=238 queue=22 dmax=1.313 | shoulder_pan.pos=+16.49 shoulder_lift.pos=-21.62 elbow_flex.pos=+13.60 wrist_flex.pos=+74.97 wrist_roll.pos=-2.45 gripper.pos=+7.86
DEBUG 2026-08-19 06:36:16 [action #240] t=10.13s step=239 queue=21 dmax=1.411 | shoulder_pan.pos=+17.75 shoulder_lift.pos=-21.90 elbow_flex.pos=+12.19 wrist_flex.pos=+75.27 wrist_roll.pos=-2.35 gripper.pos=+7.89
DEBUG 2026-08-19 06:36:16 [action #241] t=10.17s step=240 queue=20 dmax=1.059 | shoulder_pan.pos=+18.81 shoulder_lift.pos=-21.19 elbow_flex.pos=+11.30 wrist_flex.pos=+75.39 wrist_roll.pos=-1.89 gripper.pos=+7.97
DEBUG 2026-08-19 06:36:16 [action #242] t=10.20s step=241 queue=19 dmax=1.562 | shoulder_pan.pos=+19.85 shoulder_lift.pos=-21.18 elbow_flex.pos=+9.74 wrist_flex.pos=+75.34 wrist_roll.pos=-1.76 gripper.pos=+8.02
DEBUG 2026-08-19 06:36:16 [action #243] t=10.23s step=242 queue=18 dmax=1.293 | shoulder_pan.pos=+20.83 shoulder_lift.pos=-21.33 elbow_flex.pos=+8.44 wrist_flex.pos=+75.54 wrist_roll.pos=-1.51 gripper.pos=+7.94
DEBUG 2026-08-19 06:36:16 [action #244] t=10.27s step=243 queue=17 dmax=1.205 | shoulder_pan.pos=+22.04 shoulder_lift.pos=-20.46 elbow_flex.pos=+7.42 wrist_flex.pos=+75.45 wrist_roll.pos=-1.43 gripper.pos=+8.04
DEBUG 2026-08-19 06:36:16 [action #245] t=10.30s step=244 queue=16 dmax=1.478 | shoulder_pan.pos=+22.81 shoulder_lift.pos=-20.21 elbow_flex.pos=+5.94 wrist_flex.pos=+75.47 wrist_roll.pos=-1.30 gripper.pos=+8.13
DEBUG 2026-08-19 06:36:16 [action #246] t=10.33s step=245 queue=15 dmax=1.039 | shoulder_pan.pos=+23.45 shoulder_lift.pos=-19.34 elbow_flex.pos=+4.90 wrist_flex.pos=+75.65 wrist_roll.pos=-1.23 gripper.pos=+8.02
DEBUG 2026-08-19 06:36:16 [action #247] t=10.37s step=246 queue=14 dmax=1.140 | shoulder_pan.pos=+24.41 shoulder_lift.pos=-18.20 elbow_flex.pos=+3.77 wrist_flex.pos=+75.46 wrist_roll.pos=-1.12 gripper.pos=+8.20
DEBUG 2026-08-19 06:36:16 [action #248] t=10.40s step=247 queue=13 dmax=1.254 | shoulder_pan.pos=+25.56 shoulder_lift.pos=-16.95 elbow_flex.pos=+2.52 wrist_flex.pos=+75.15 wrist_roll.pos=-1.11 gripper.pos=+8.25
DEBUG 2026-08-19 06:36:16 [action #249] t=10.43s step=248 queue=12 dmax=1.456 | shoulder_pan.pos=+26.03 shoulder_lift.pos=-15.87 elbow_flex.pos=+1.06 wrist_flex.pos=+75.13 wrist_roll.pos=-1.20 gripper.pos=+8.16
DEBUG 2026-08-19 06:36:16 [action #250] t=10.47s step=249 queue=11 dmax=2.177 | shoulder_pan.pos=+26.96 shoulder_lift.pos=-14.14 elbow_flex.pos=-1.11 wrist_flex.pos=+75.02 wrist_roll.pos=-1.11 gripper.pos=+8.22
DEBUG 2026-08-19 06:36:16 [action #251] t=10.50s step=250 queue=10 dmax=1.839 | shoulder_pan.pos=+27.73 shoulder_lift.pos=-12.30 elbow_flex.pos=-2.01 wrist_flex.pos=+75.03 wrist_roll.pos=-1.03 gripper.pos=+8.24
DEBUG 2026-08-19 06:36:16 [action #252] t=10.53s step=251 queue=9 dmax=1.883 | shoulder_pan.pos=+28.34 shoulder_lift.pos=-10.42 elbow_flex.pos=-2.80 wrist_flex.pos=+74.77 wrist_roll.pos=-1.17 gripper.pos=+8.25
DEBUG 2026-08-19 06:36:16 [action #253] t=10.57s step=252 queue=8 dmax=1.643 | shoulder_pan.pos=+28.91 shoulder_lift.pos=-9.25 elbow_flex.pos=-4.44 wrist_flex.pos=+74.70 wrist_roll.pos=-1.01 gripper.pos=+8.22
DEBUG 2026-08-19 06:36:16 [action #254] t=10.60s step=253 queue=7 dmax=2.229 | shoulder_pan.pos=+29.46 shoulder_lift.pos=-7.02 elbow_flex.pos=-5.22 wrist_flex.pos=+74.49 wrist_roll.pos=-1.06 gripper.pos=+8.21
DEBUG 2026-08-19 06:36:16 [action #255] t=10.63s step=254 queue=6 dmax=1.797 | shoulder_pan.pos=+29.91 shoulder_lift.pos=-5.23 elbow_flex.pos=-6.47 wrist_flex.pos=+74.50 wrist_roll.pos=-1.10 gripper.pos=+8.31
DEBUG 2026-08-19 06:36:16 [action #256] t=10.67s step=255 queue=5 dmax=2.139 | shoulder_pan.pos=+30.47 shoulder_lift.pos=-3.09 elbow_flex.pos=-8.35 wrist_flex.pos=+74.52 wrist_roll.pos=-1.05 gripper.pos=+8.33
DEBUG 2026-08-19 06:36:16 [action #257] t=10.70s step=256 queue=4 dmax=1.740 | shoulder_pan.pos=+31.03 shoulder_lift.pos=-1.35 elbow_flex.pos=-9.61 wrist_flex.pos=+74.19 wrist_roll.pos=-1.24 gripper.pos=+8.29
DEBUG 2026-08-19 06:36:16 [action #258] t=10.74s step=257 queue=3 dmax=2.541 | shoulder_pan.pos=+31.56 shoulder_lift.pos=+1.19 elbow_flex.pos=-11.41 wrist_flex.pos=+74.60 wrist_roll.pos=-1.38 gripper.pos=+8.37
DEBUG 2026-08-19 06:36:16 [action #259] t=10.77s step=258 queue=2 dmax=1.561 | shoulder_pan.pos=+31.91 shoulder_lift.pos=+2.76 elbow_flex.pos=-12.49 wrist_flex.pos=+74.42 wrist_roll.pos=-1.46 gripper.pos=+8.27
DEBUG 2026-08-19 06:36:16 [action #260] t=10.80s step=259 queue=1 dmax=1.643 | shoulder_pan.pos=+32.40 shoulder_lift.pos=+4.40 elbow_flex.pos=-13.84 wrist_flex.pos=+74.50 wrist_roll.pos=-1.64 gripper.pos=+8.40
DEBUG 2026-08-19 06:36:16 [chunk] received 50 actions, timesteps 234..283 | first: shoulder_pan.pos=+31.28 shoulder_lift.pos=+3.83 elbow_flex.pos=-13.96 wrist_flex.pos=+71.65 wrist_roll.pos=-4.49 gripper.pos=+5.81 | last: shoulder_pan.pos=+30.11 shoulder_lift.pos=+18.98 elbow_flex.pos=-22.68 wrist_flex.pos=+80.72 wrist_roll.pos=-3.35 gripper.pos=+33.83
DEBUG 2026-08-19 06:36:16 [action #261] t=10.90s step=260 queue=24 dmax=14.764 | shoulder_pan.pos=+34.16 shoulder_lift.pos=+19.16 elbow_flex.pos=-18.83 wrist_flex.pos=+67.46 wrist_roll.pos=-4.08 gripper.pos=+10.66
DEBUG 2026-08-19 06:36:17 [action #262] t=10.94s step=261 queue=23 dmax=1.895 | shoulder_pan.pos=+33.92 shoulder_lift.pos=+19.54 elbow_flex.pos=-18.28 wrist_flex.pos=+67.26 wrist_roll.pos=-3.93 gripper.pos=+12.56
DEBUG 2026-08-19 06:36:17 [action #263] t=10.97s step=262 queue=22 dmax=1.865 | shoulder_pan.pos=+33.87 shoulder_lift.pos=+19.54 elbow_flex.pos=-18.31 wrist_flex.pos=+67.39 wrist_roll.pos=-3.97 gripper.pos=+14.43
DEBUG 2026-08-19 06:36:17 [action #264] t=11.00s step=263 queue=21 dmax=2.466 | shoulder_pan.pos=+33.77 shoulder_lift.pos=+19.66 elbow_flex.pos=-18.17 wrist_flex.pos=+67.52 wrist_roll.pos=-3.94 gripper.pos=+16.89
DEBUG 2026-08-19 06:36:17 [action #265] t=11.04s step=264 queue=20 dmax=2.745 | shoulder_pan.pos=+33.69 shoulder_lift.pos=+19.56 elbow_flex.pos=-17.91 wrist_flex.pos=+67.68 wrist_roll.pos=-3.92 gripper.pos=+19.64
DEBUG 2026-08-19 06:36:17 [action #266] t=11.07s step=265 queue=19 dmax=3.546 | shoulder_pan.pos=+33.46 shoulder_lift.pos=+19.63 elbow_flex.pos=-17.91 wrist_flex.pos=+67.73 wrist_roll.pos=-3.88 gripper.pos=+23.18
DEBUG 2026-08-19 06:36:17 [action #267] t=11.10s step=266 queue=18 dmax=3.483 | shoulder_pan.pos=+33.13 shoulder_lift.pos=+20.09 elbow_flex.pos=-16.74 wrist_flex.pos=+67.86 wrist_roll.pos=-3.86 gripper.pos=+26.66
DEBUG 2026-08-19 06:36:17 [action #268] t=11.14s step=267 queue=17 dmax=2.742 | shoulder_pan.pos=+32.85 shoulder_lift.pos=+20.15 elbow_flex.pos=-17.19 wrist_flex.pos=+68.06 wrist_roll.pos=-3.76 gripper.pos=+29.41
DEBUG 2026-08-19 06:36:17 [action #269] t=11.17s step=268 queue=16 dmax=1.793 | shoulder_pan.pos=+32.60 shoulder_lift.pos=+20.17 elbow_flex.pos=-16.98 wrist_flex.pos=+68.40 wrist_roll.pos=-3.74 gripper.pos=+31.20
DEBUG 2026-08-19 06:36:17 [action #270] t=11.20s step=269 queue=15 dmax=1.058 | shoulder_pan.pos=+32.51 shoulder_lift.pos=+20.26 elbow_flex.pos=-16.78 wrist_flex.pos=+68.83 wrist_roll.pos=-3.70 gripper.pos=+32.26
DEBUG 2026-08-19 06:36:17 [action #271] t=11.24s step=270 queue=14 dmax=0.515 | shoulder_pan.pos=+32.53 shoulder_lift.pos=+20.13 elbow_flex.pos=-16.62 wrist_flex.pos=+69.35 wrist_roll.pos=-3.63 gripper.pos=+32.75
DEBUG 2026-08-19 06:36:17 [action #272] t=11.27s step=271 queue=13 dmax=0.571 | shoulder_pan.pos=+32.48 shoulder_lift.pos=+19.58 elbow_flex.pos=-16.72 wrist_flex.pos=+69.92 wrist_roll.pos=-3.55 gripper.pos=+32.78
DEBUG 2026-08-19 06:36:17 [action #273] t=11.30s step=272 queue=12 dmax=0.700 | shoulder_pan.pos=+32.20 shoulder_lift.pos=+19.22 elbow_flex.pos=-16.83 wrist_flex.pos=+70.62 wrist_roll.pos=-3.53 gripper.pos=+32.95
DEBUG 2026-08-19 06:36:17 [action #274] t=11.34s step=273 queue=11 dmax=0.702 | shoulder_pan.pos=+32.04 shoulder_lift.pos=+19.81 elbow_flex.pos=-17.30 wrist_flex.pos=+71.32 wrist_roll.pos=-3.43 gripper.pos=+33.31
DEBUG 2026-08-19 06:36:17 [action #275] t=11.37s step=274 queue=10 dmax=0.707 | shoulder_pan.pos=+31.89 shoulder_lift.pos=+19.74 elbow_flex.pos=-17.95 wrist_flex.pos=+72.03 wrist_roll.pos=-3.36 gripper.pos=+33.44
DEBUG 2026-08-19 06:36:17 [action #276] t=11.40s step=275 queue=9 dmax=0.684 | shoulder_pan.pos=+31.74 shoulder_lift.pos=+19.63 elbow_flex.pos=-17.63 wrist_flex.pos=+72.71 wrist_roll.pos=-3.37 gripper.pos=+33.70
DEBUG 2026-08-19 06:36:17 [action #277] t=11.44s step=276 queue=8 dmax=0.758 | shoulder_pan.pos=+31.58 shoulder_lift.pos=+18.95 elbow_flex.pos=-18.39 wrist_flex.pos=+73.41 wrist_roll.pos=-3.29 gripper.pos=+33.82
DEBUG 2026-08-19 06:36:17 [action #278] t=11.47s step=277 queue=7 dmax=0.817 | shoulder_pan.pos=+31.48 shoulder_lift.pos=+19.31 elbow_flex.pos=-18.73 wrist_flex.pos=+74.23 wrist_roll.pos=-3.29 gripper.pos=+33.91
DEBUG 2026-08-19 06:36:17 [action #279] t=11.50s step=278 queue=6 dmax=0.904 | shoulder_pan.pos=+31.62 shoulder_lift.pos=+20.03 elbow_flex.pos=-19.63 wrist_flex.pos=+75.01 wrist_roll.pos=-3.38 gripper.pos=+33.82
DEBUG 2026-08-19 06:36:17 [action #280] t=11.54s step=279 queue=5 dmax=0.894 | shoulder_pan.pos=+31.31 shoulder_lift.pos=+19.99 elbow_flex.pos=-19.95 wrist_flex.pos=+75.90 wrist_roll.pos=-3.32 gripper.pos=+33.92
DEBUG 2026-08-19 06:36:17 [action #281] t=11.57s step=280 queue=4 dmax=0.949 | shoulder_pan.pos=+31.18 shoulder_lift.pos=+19.56 elbow_flex.pos=-20.59 wrist_flex.pos=+76.85 wrist_roll.pos=-3.34 gripper.pos=+33.92
DEBUG 2026-08-19 06:36:17 [action #282] t=11.60s step=281 queue=3 dmax=1.229 | shoulder_pan.pos=+30.77 shoulder_lift.pos=+19.26 elbow_flex.pos=-21.36 wrist_flex.pos=+78.08 wrist_roll.pos=-3.32 gripper.pos=+33.87
DEBUG 2026-08-19 06:36:17 [action #283] t=11.64s step=282 queue=2 dmax=1.275 | shoulder_pan.pos=+30.50 shoulder_lift.pos=+19.49 elbow_flex.pos=-22.16 wrist_flex.pos=+79.35 wrist_roll.pos=-3.38 gripper.pos=+33.98
DEBUG 2026-08-19 06:36:17 [action #284] t=11.67s step=283 queue=1 dmax=1.369 | shoulder_pan.pos=+30.11 shoulder_lift.pos=+18.98 elbow_flex.pos=-22.68 wrist_flex.pos=+80.72 wrist_roll.pos=-3.35 gripper.pos=+33.83
DEBUG 2026-08-19 06:36:17 [chunk] received 50 actions, timesteps 259..308 | first: shoulder_pan.pos=+31.99 shoulder_lift.pos=+1.94 elbow_flex.pos=-13.76 wrist_flex.pos=+72.82 wrist_roll.pos=-0.61 gripper.pos=+6.00 | last: shoulder_pan.pos=+30.73 shoulder_lift.pos=+17.85 elbow_flex.pos=-21.66 wrist_flex.pos=+79.78 wrist_roll.pos=+0.67 gripper.pos=+35.23
DEBUG 2026-08-19 06:36:17 [action #285] t=11.74s step=284 queue=25 dmax=28.014 | shoulder_pan.pos=+33.47 shoulder_lift.pos=+17.87 elbow_flex.pos=-17.65 wrist_flex.pos=+65.66 wrist_roll.pos=+0.19 gripper.pos=+5.81
DEBUG 2026-08-19 06:36:17 [action #286] t=11.77s step=285 queue=24 dmax=0.188 | shoulder_pan.pos=+33.35 shoulder_lift.pos=+17.86 elbow_flex.pos=-17.46 wrist_flex.pos=+65.74 wrist_roll.pos=+0.21 gripper.pos=+5.76
DEBUG 2026-08-19 06:36:17 [action #287] t=11.81s step=286 queue=23 dmax=0.774 | shoulder_pan.pos=+33.49 shoulder_lift.pos=+18.64 elbow_flex.pos=-17.03 wrist_flex.pos=+65.74 wrist_roll.pos=+0.33 gripper.pos=+5.93
DEBUG 2026-08-19 06:36:17 [action #288] t=11.84s step=287 queue=22 dmax=0.592 | shoulder_pan.pos=+33.41 shoulder_lift.pos=+18.83 elbow_flex.pos=-17.62 wrist_flex.pos=+65.53 wrist_roll.pos=+0.39 gripper.pos=+6.30
DEBUG 2026-08-19 06:36:17 [action #289] t=11.87s step=288 queue=21 dmax=0.356 | shoulder_pan.pos=+33.17 shoulder_lift.pos=+18.52 elbow_flex.pos=-17.73 wrist_flex.pos=+65.69 wrist_roll.pos=+0.39 gripper.pos=+6.65
DEBUG 2026-08-19 06:36:17 [action #290] t=11.91s step=289 queue=20 dmax=1.099 | shoulder_pan.pos=+32.89 shoulder_lift.pos=+18.56 elbow_flex.pos=-17.04 wrist_flex.pos=+65.85 wrist_roll.pos=+0.31 gripper.pos=+7.75
DEBUG 2026-08-19 06:36:18 [action #291] t=11.94s step=290 queue=19 dmax=2.537 | shoulder_pan.pos=+32.67 shoulder_lift.pos=+18.03 elbow_flex.pos=-18.51 wrist_flex.pos=+65.92 wrist_roll.pos=+0.08 gripper.pos=+10.29
DEBUG 2026-08-19 06:36:18 [action #292] t=11.97s step=291 queue=18 dmax=1.924 | shoulder_pan.pos=+32.75 shoulder_lift.pos=+18.39 elbow_flex.pos=-17.07 wrist_flex.pos=+66.16 wrist_roll.pos=+0.45 gripper.pos=+12.21
DEBUG 2026-08-19 06:36:18 [action #293] t=12.01s step=292 queue=17 dmax=2.559 | shoulder_pan.pos=+32.82 shoulder_lift.pos=+19.29 elbow_flex.pos=-16.97 wrist_flex.pos=+66.38 wrist_roll.pos=+0.41 gripper.pos=+14.77
DEBUG 2026-08-19 06:36:18 [action #294] t=12.04s step=293 queue=16 dmax=2.302 | shoulder_pan.pos=+32.50 shoulder_lift.pos=+19.15 elbow_flex.pos=-17.07 wrist_flex.pos=+66.71 wrist_roll.pos=+0.54 gripper.pos=+17.07
DEBUG 2026-08-19 06:36:18 [action #295] t=12.07s step=294 queue=15 dmax=2.459 | shoulder_pan.pos=+32.01 shoulder_lift.pos=+18.42 elbow_flex.pos=-17.41 wrist_flex.pos=+67.27 wrist_roll.pos=+0.41 gripper.pos=+19.53
DEBUG 2026-08-19 06:36:18 [action #296] t=12.11s step=295 queue=14 dmax=2.836 | shoulder_pan.pos=+31.97 shoulder_lift.pos=+18.62 elbow_flex.pos=-17.48 wrist_flex.pos=+67.91 wrist_roll.pos=+0.49 gripper.pos=+22.37
DEBUG 2026-08-19 06:36:18 [action #297] t=12.14s step=296 queue=13 dmax=2.676 | shoulder_pan.pos=+31.85 shoulder_lift.pos=+18.27 elbow_flex.pos=-17.71 wrist_flex.pos=+68.53 wrist_roll.pos=+0.43 gripper.pos=+25.05
DEBUG 2026-08-19 06:36:18 [action #298] t=12.17s step=297 queue=12 dmax=2.842 | shoulder_pan.pos=+31.97 shoulder_lift.pos=+18.51 elbow_flex.pos=-16.96 wrist_flex.pos=+69.19 wrist_roll.pos=+0.52 gripper.pos=+27.89
DEBUG 2026-08-19 06:36:18 [action #299] t=12.21s step=298 queue=11 dmax=2.260 | shoulder_pan.pos=+31.94 shoulder_lift.pos=+19.16 elbow_flex.pos=-16.84 wrist_flex.pos=+69.75 wrist_roll.pos=+0.63 gripper.pos=+30.15
DEBUG 2026-08-19 06:36:18 [action #300] t=12.24s step=299 queue=10 dmax=2.150 | shoulder_pan.pos=+31.73 shoulder_lift.pos=+19.51 elbow_flex.pos=-18.25 wrist_flex.pos=+70.38 wrist_roll.pos=+0.63 gripper.pos=+32.30
DEBUG 2026-08-19 06:36:18 [action #301] t=12.27s step=300 queue=9 dmax=1.630 | shoulder_pan.pos=+31.56 shoulder_lift.pos=+18.44 elbow_flex.pos=-18.03 wrist_flex.pos=+71.25 wrist_roll.pos=+0.70 gripper.pos=+33.93
DEBUG 2026-08-19 06:36:18 [action #302] t=12.31s step=301 queue=8 dmax=0.921 | shoulder_pan.pos=+31.85 shoulder_lift.pos=+18.88 elbow_flex.pos=-17.57 wrist_flex.pos=+71.90 wrist_roll.pos=+0.57 gripper.pos=+34.85
DEBUG 2026-08-19 06:36:18 [action #303] t=12.34s step=302 queue=7 dmax=1.811 | shoulder_pan.pos=+31.79 shoulder_lift.pos=+18.95 elbow_flex.pos=-19.38 wrist_flex.pos=+72.59 wrist_roll.pos=+0.64 gripper.pos=+35.07
DEBUG 2026-08-19 06:36:18 [action #304] t=12.38s step=303 queue=6 dmax=0.745 | shoulder_pan.pos=+31.71 shoulder_lift.pos=+18.85 elbow_flex.pos=-18.63 wrist_flex.pos=+73.33 wrist_roll.pos=+0.71 gripper.pos=+35.03
DEBUG 2026-08-19 06:36:18 [action #305] t=12.41s step=304 queue=5 dmax=1.060 | shoulder_pan.pos=+31.69 shoulder_lift.pos=+18.19 elbow_flex.pos=-19.24 wrist_flex.pos=+74.39 wrist_roll.pos=+0.80 gripper.pos=+34.78
DEBUG 2026-08-19 06:36:18 [action #306] t=12.44s step=305 queue=4 dmax=1.238 | shoulder_pan.pos=+31.52 shoulder_lift.pos=+18.26 elbow_flex.pos=-19.07 wrist_flex.pos=+75.63 wrist_roll.pos=+0.64 gripper.pos=+34.59
DEBUG 2026-08-19 06:36:18 [action #307] t=12.48s step=306 queue=3 dmax=1.436 | shoulder_pan.pos=+31.17 shoulder_lift.pos=+18.13 elbow_flex.pos=-20.41 wrist_flex.pos=+77.06 wrist_roll.pos=+0.60 gripper.pos=+34.77
DEBUG 2026-08-19 06:36:18 [action #308] t=12.51s step=307 queue=2 dmax=1.494 | shoulder_pan.pos=+30.94 shoulder_lift.pos=+17.57 elbow_flex.pos=-21.23 wrist_flex.pos=+78.56 wrist_roll.pos=+0.75 gripper.pos=+34.97
DEBUG 2026-08-19 06:36:18 [action #309] t=12.54s step=308 queue=1 dmax=1.220 | shoulder_pan.pos=+30.73 shoulder_lift.pos=+17.85 elbow_flex.pos=-21.66 wrist_flex.pos=+79.78 wrist_roll.pos=+0.67 gripper.pos=+35.23
DEBUG 2026-08-19 06:36:18 [chunk] received 50 actions, timesteps 283..332 | first: shoulder_pan.pos=+28.09 shoulder_lift.pos=+18.14 elbow_flex.pos=-21.63 wrist_flex.pos=+79.90 wrist_roll.pos=-2.88 gripper.pos=+35.53 | last: shoulder_pan.pos=+0.21 shoulder_lift.pos=-69.96 elbow_flex.pos=+49.57 wrist_flex.pos=+78.02 wrist_roll.pos=+4.39 gripper.pos=+1.53
DEBUG 2026-08-19 06:36:18 [action #310] t=12.61s step=309 queue=24 dmax=31.826 | shoulder_pan.pos=+12.66 shoulder_lift.pos=-7.21 elbow_flex.pos=-18.36 wrist_flex.pos=+97.21 wrist_roll.pos=-2.64 gripper.pos=+3.40
DEBUG 2026-08-19 06:36:18 [action #311] t=12.64s step=310 queue=23 dmax=4.017 | shoulder_pan.pos=+11.58 shoulder_lift.pos=-10.09 elbow_flex.pos=-14.35 wrist_flex.pos=+96.88 wrist_roll.pos=-2.39 gripper.pos=+2.52
DEBUG 2026-08-19 06:36:18 [action #312] t=12.68s step=311 queue=22 dmax=3.579 | shoulder_pan.pos=+10.44 shoulder_lift.pos=-13.37 elbow_flex.pos=-10.77 wrist_flex.pos=+96.35 wrist_roll.pos=-2.27 gripper.pos=+1.84
DEBUG 2026-08-19 06:36:18 [action #313] t=12.71s step=312 queue=21 dmax=3.396 | shoulder_pan.pos=+9.42 shoulder_lift.pos=-16.07 elbow_flex.pos=-7.37 wrist_flex.pos=+95.51 wrist_roll.pos=-1.87 gripper.pos=+1.06
DEBUG 2026-08-19 06:36:18 [action #314] t=12.74s step=313 queue=20 dmax=3.677 | shoulder_pan.pos=+8.21 shoulder_lift.pos=-19.09 elbow_flex.pos=-3.70 wrist_flex.pos=+94.68 wrist_roll.pos=-1.49 gripper.pos=+1.32
DEBUG 2026-08-19 06:36:18 [action #315] t=12.78s step=314 queue=19 dmax=4.511 | shoulder_pan.pos=+7.30 shoulder_lift.pos=-22.19 elbow_flex.pos=+0.81 wrist_flex.pos=+93.25 wrist_roll.pos=-1.10 gripper.pos=+1.14
DEBUG 2026-08-19 06:36:18 [action #316] t=12.81s step=315 queue=18 dmax=3.968 | shoulder_pan.pos=+6.46 shoulder_lift.pos=-25.21 elbow_flex.pos=+4.78 wrist_flex.pos=+92.04 wrist_roll.pos=-0.69 gripper.pos=+1.16
DEBUG 2026-08-19 06:36:18 [action #317] t=12.84s step=316 queue=17 dmax=3.378 | shoulder_pan.pos=+5.68 shoulder_lift.pos=-28.00 elbow_flex.pos=+8.16 wrist_flex.pos=+90.71 wrist_roll.pos=-0.52 gripper.pos=+1.39
DEBUG 2026-08-19 06:36:18 [action #318] t=12.88s step=317 queue=16 dmax=4.516 | shoulder_pan.pos=+4.87 shoulder_lift.pos=-31.47 elbow_flex.pos=+12.68 wrist_flex.pos=+89.34 wrist_roll.pos=-0.20 gripper.pos=+1.36
DEBUG 2026-08-19 06:36:18 [action #319] t=12.91s step=318 queue=15 dmax=3.157 | shoulder_pan.pos=+4.30 shoulder_lift.pos=-34.09 elbow_flex.pos=+15.83 wrist_flex.pos=+88.26 wrist_roll.pos=+0.06 gripper.pos=+1.49
DEBUG 2026-08-19 06:36:19 [action #320] t=12.94s step=319 queue=14 dmax=3.742 | shoulder_pan.pos=+3.99 shoulder_lift.pos=-36.99 elbow_flex.pos=+19.57 wrist_flex.pos=+87.01 wrist_roll.pos=+0.32 gripper.pos=+1.50
DEBUG 2026-08-19 06:36:19 [action #321] t=12.98s step=320 queue=13 dmax=2.391 | shoulder_pan.pos=+3.47 shoulder_lift.pos=-39.38 elbow_flex.pos=+21.92 wrist_flex.pos=+85.82 wrist_roll.pos=+0.59 gripper.pos=+1.51
DEBUG 2026-08-19 06:36:19 [action #322] t=13.01s step=321 queue=12 dmax=3.556 | shoulder_pan.pos=+3.42 shoulder_lift.pos=-42.23 elbow_flex.pos=+25.48 wrist_flex.pos=+84.86 wrist_roll.pos=+1.02 gripper.pos=+1.39
DEBUG 2026-08-19 06:36:19 [action #323] t=13.04s step=322 queue=11 dmax=3.295 | shoulder_pan.pos=+3.26 shoulder_lift.pos=-45.53 elbow_flex.pos=+28.13 wrist_flex.pos=+83.95 wrist_roll.pos=+1.31 gripper.pos=+1.53
DEBUG 2026-08-19 06:36:19 [action #324] t=13.08s step=323 queue=10 dmax=2.844 | shoulder_pan.pos=+2.83 shoulder_lift.pos=-47.94 elbow_flex.pos=+30.97 wrist_flex.pos=+83.08 wrist_roll.pos=+1.95 gripper.pos=+1.37
DEBUG 2026-08-19 06:36:19 [action #325] t=13.11s step=324 queue=9 dmax=1.871 | shoulder_pan.pos=+2.57 shoulder_lift.pos=-49.59 elbow_flex.pos=+32.84 wrist_flex.pos=+82.32 wrist_roll.pos=+2.26 gripper.pos=+1.43
DEBUG 2026-08-19 06:36:19 [action #326] t=13.14s step=325 queue=8 dmax=3.046 | shoulder_pan.pos=+2.47 shoulder_lift.pos=-52.64 elbow_flex.pos=+34.71 wrist_flex.pos=+81.57 wrist_roll.pos=+2.52 gripper.pos=+1.44
DEBUG 2026-08-19 06:36:19 [action #327] t=13.18s step=326 queue=7 dmax=3.022 | shoulder_pan.pos=+2.28 shoulder_lift.pos=-55.41 elbow_flex.pos=+37.73 wrist_flex.pos=+81.12 wrist_roll.pos=+2.69 gripper.pos=+1.47
DEBUG 2026-08-19 06:36:19 [action #328] t=13.21s step=327 queue=6 dmax=2.818 | shoulder_pan.pos=+2.09 shoulder_lift.pos=-58.23 elbow_flex.pos=+39.51 wrist_flex.pos=+80.52 wrist_roll.pos=+3.07 gripper.pos=+1.49
DEBUG 2026-08-19 06:36:19 [action #329] t=13.24s step=328 queue=5 dmax=2.586 | shoulder_pan.pos=+1.60 shoulder_lift.pos=-60.81 elbow_flex.pos=+42.05 wrist_flex.pos=+80.00 wrist_roll.pos=+3.28 gripper.pos=+1.43
DEBUG 2026-08-19 06:36:19 [action #330] t=13.28s step=329 queue=4 dmax=2.415 | shoulder_pan.pos=+1.40 shoulder_lift.pos=-63.23 elbow_flex.pos=+43.62 wrist_flex.pos=+79.52 wrist_roll.pos=+3.54 gripper.pos=+1.50
DEBUG 2026-08-19 06:36:19 [action #331] t=13.31s step=330 queue=3 dmax=1.983 | shoulder_pan.pos=+0.84 shoulder_lift.pos=-65.21 elbow_flex.pos=+45.10 wrist_flex.pos=+78.88 wrist_roll.pos=+3.63 gripper.pos=+1.44
DEBUG 2026-08-19 06:36:19 [action #332] t=13.34s step=331 queue=2 dmax=2.512 | shoulder_pan.pos=+0.58 shoulder_lift.pos=-67.55 elbow_flex.pos=+47.61 wrist_flex.pos=+78.75 wrist_roll.pos=+3.93 gripper.pos=+1.60
DEBUG 2026-08-19 06:36:19 [action #333] t=13.38s step=332 queue=1 dmax=2.416 | shoulder_pan.pos=+0.21 shoulder_lift.pos=-69.96 elbow_flex.pos=+49.57 wrist_flex.pos=+78.02 wrist_roll.pos=+4.39 gripper.pos=+1.53
DEBUG 2026-08-19 06:36:19 [chunk] received 50 actions, timesteps 308..357 | first: shoulder_pan.pos=+27.47 shoulder_lift.pos=+18.18 elbow_flex.pos=-21.79 wrist_flex.pos=+79.24 wrist_roll.pos=+0.61 gripper.pos=+34.97 | last: shoulder_pan.pos=+1.89 shoulder_lift.pos=-68.48 elbow_flex.pos=+55.93 wrist_flex.pos=+74.30 wrist_roll.pos=+5.87 gripper.pos=+0.58
DEBUG 2026-08-19 06:36:19 [action #334] t=13.51s step=333 queue=25 dmax=65.702 | shoulder_pan.pos=+14.41 shoulder_lift.pos=-4.26 elbow_flex.pos=-15.37 wrist_flex.pos=+97.87 wrist_roll.pos=+1.18 gripper.pos=+1.98
DEBUG 2026-08-19 06:36:19 [action #335] t=13.55s step=334 queue=24 dmax=3.208 | shoulder_pan.pos=+13.30 shoulder_lift.pos=-6.87 elbow_flex.pos=-12.16 wrist_flex.pos=+97.58 wrist_roll.pos=+1.23 gripper.pos=+0.82
DEBUG 2026-08-19 06:36:19 [action #336] t=13.58s step=335 queue=23 dmax=2.927 | shoulder_pan.pos=+12.52 shoulder_lift.pos=-9.59 elbow_flex.pos=-9.24 wrist_flex.pos=+97.29 wrist_roll.pos=+1.37 gripper.pos=+0.35
DEBUG 2026-08-19 06:36:19 [action #337] t=13.61s step=336 queue=22 dmax=3.379 | shoulder_pan.pos=+11.49 shoulder_lift.pos=-12.48 elbow_flex.pos=-5.86 wrist_flex.pos=+96.63 wrist_roll.pos=+1.43 gripper.pos=+0.49
DEBUG 2026-08-19 06:36:19 [action #338] t=13.65s step=337 queue=21 dmax=3.423 | shoulder_pan.pos=+10.78 shoulder_lift.pos=-15.45 elbow_flex.pos=-2.43 wrist_flex.pos=+95.83 wrist_roll.pos=+1.57 gripper.pos=+0.36
DEBUG 2026-08-19 06:36:19 [action #339] t=13.68s step=338 queue=20 dmax=4.131 | shoulder_pan.pos=+9.83 shoulder_lift.pos=-19.00 elbow_flex.pos=+1.70 wrist_flex.pos=+94.67 wrist_roll.pos=+1.52 gripper.pos=+0.60
DEBUG 2026-08-19 06:36:19 [action #340] t=13.71s step=339 queue=19 dmax=3.721 | shoulder_pan.pos=+9.22 shoulder_lift.pos=-21.81 elbow_flex.pos=+5.42 wrist_flex.pos=+93.21 wrist_roll.pos=+1.80 gripper.pos=+0.75
DEBUG 2026-08-19 06:36:19 [action #341] t=13.75s step=340 queue=18 dmax=3.924 | shoulder_pan.pos=+8.71 shoulder_lift.pos=-25.01 elbow_flex.pos=+9.34 wrist_flex.pos=+91.51 wrist_roll.pos=+1.68 gripper.pos=+0.60
DEBUG 2026-08-19 06:36:19 [action #342] t=13.78s step=341 queue=17 dmax=3.990 | shoulder_pan.pos=+7.99 shoulder_lift.pos=-28.44 elbow_flex.pos=+13.33 wrist_flex.pos=+89.64 wrist_roll.pos=+1.83 gripper.pos=+0.52
DEBUG 2026-08-19 06:36:19 [action #343] t=13.81s step=342 queue=16 dmax=3.841 | shoulder_pan.pos=+7.50 shoulder_lift.pos=-31.05 elbow_flex.pos=+17.17 wrist_flex.pos=+87.82 wrist_roll.pos=+1.84 gripper.pos=+0.52
DEBUG 2026-08-19 06:36:19 [action #344] t=13.85s step=343 queue=15 dmax=3.561 | shoulder_pan.pos=+7.58 shoulder_lift.pos=-34.61 elbow_flex.pos=+19.99 wrist_flex.pos=+86.29 wrist_roll.pos=+2.07 gripper.pos=+0.33
DEBUG 2026-08-19 06:36:19 [action #345] t=13.88s step=344 queue=14 dmax=4.278 | shoulder_pan.pos=+6.80 shoulder_lift.pos=-37.42 elbow_flex.pos=+24.27 wrist_flex.pos=+84.86 wrist_roll.pos=+2.18 gripper.pos=+0.43
DEBUG 2026-08-19 06:36:20 [action #346] t=13.91s step=345 queue=13 dmax=3.298 | shoulder_pan.pos=+6.38 shoulder_lift.pos=-40.27 elbow_flex.pos=+27.56 wrist_flex.pos=+83.33 wrist_roll.pos=+2.32 gripper.pos=+0.47
DEBUG 2026-08-19 06:36:20 [action #347] t=13.95s step=346 queue=12 dmax=3.233 | shoulder_pan.pos=+5.92 shoulder_lift.pos=-43.50 elbow_flex.pos=+30.78 wrist_flex.pos=+82.17 wrist_roll.pos=+2.55 gripper.pos=+0.65
DEBUG 2026-08-19 06:36:20 [action #348] t=13.98s step=347 queue=11 dmax=3.260 | shoulder_pan.pos=+5.40 shoulder_lift.pos=-45.84 elbow_flex.pos=+34.04 wrist_flex.pos=+80.96 wrist_roll.pos=+2.84 gripper.pos=+0.72
DEBUG 2026-08-19 06:36:20 [action #349] t=14.01s step=348 queue=10 dmax=3.088 | shoulder_pan.pos=+4.74 shoulder_lift.pos=-48.93 elbow_flex.pos=+36.94 wrist_flex.pos=+79.94 wrist_roll.pos=+3.18 gripper.pos=+0.71
DEBUG 2026-08-19 06:36:20 [action #350] t=14.05s step=349 queue=9 dmax=2.663 | shoulder_pan.pos=+4.41 shoulder_lift.pos=-51.50 elbow_flex.pos=+39.60 wrist_flex.pos=+79.13 wrist_roll.pos=+3.37 gripper.pos=+0.62
DEBUG 2026-08-19 06:36:20 [action #351] t=14.08s step=350 queue=8 dmax=2.262 | shoulder_pan.pos=+4.03 shoulder_lift.pos=-53.76 elbow_flex.pos=+41.86 wrist_flex.pos=+78.50 wrist_roll.pos=+3.74 gripper.pos=+0.64
DEBUG 2026-08-19 06:36:20 [action #352] t=14.11s step=351 queue=7 dmax=2.197 | shoulder_pan.pos=+3.49 shoulder_lift.pos=-55.71 elbow_flex.pos=+44.06 wrist_flex.pos=+77.77 wrist_roll.pos=+4.18 gripper.pos=+0.63
DEBUG 2026-08-19 06:36:20 [action #353] t=14.15s step=352 queue=6 dmax=2.371 | shoulder_pan.pos=+3.17 shoulder_lift.pos=-57.56 elbow_flex.pos=+46.43 wrist_flex.pos=+77.53 wrist_roll.pos=+4.26 gripper.pos=+0.61
DEBUG 2026-08-19 06:36:20 [action #354] t=14.18s step=353 queue=5 dmax=2.435 | shoulder_pan.pos=+2.64 shoulder_lift.pos=-60.00 elbow_flex.pos=+48.31 wrist_flex.pos=+76.75 wrist_roll.pos=+4.50 gripper.pos=+0.60
DEBUG 2026-08-19 06:36:20 [action #355] t=14.21s step=354 queue=4 dmax=2.400 | shoulder_pan.pos=+2.27 shoulder_lift.pos=-62.40 elbow_flex.pos=+50.10 wrist_flex.pos=+76.19 wrist_roll.pos=+4.55 gripper.pos=+0.61
DEBUG 2026-08-19 06:36:20 [action #356] t=14.25s step=355 queue=3 dmax=2.475 | shoulder_pan.pos=+2.28 shoulder_lift.pos=-64.23 elbow_flex.pos=+52.58 wrist_flex.pos=+75.68 wrist_roll.pos=+4.96 gripper.pos=+0.51
DEBUG 2026-08-19 06:36:20 [action #357] t=14.28s step=356 queue=2 dmax=2.089 | shoulder_pan.pos=+1.89 shoulder_lift.pos=-66.32 elbow_flex.pos=+54.66 wrist_flex.pos=+74.85 wrist_roll.pos=+5.36 gripper.pos=+0.58
DEBUG 2026-08-19 06:36:20 [action #358] t=14.31s step=357 queue=1 dmax=2.157 | shoulder_pan.pos=+1.89 shoulder_lift.pos=-68.48 elbow_flex.pos=+55.93 wrist_flex.pos=+74.30 wrist_roll.pos=+5.87 gripper.pos=+0.58
DEBUG 2026-08-19 06:36:20 [chunk] received 50 actions, timesteps 332..381 | first: shoulder_pan.pos=+0.03 shoulder_lift.pos=-71.33 elbow_flex.pos=+54.34 wrist_flex.pos=+77.68 wrist_roll.pos=+4.00 gripper.pos=+1.64 | last: shoulder_pan.pos=-1.12 shoulder_lift.pos=-101.14 elbow_flex.pos=+88.82 wrist_flex.pos=+77.98 wrist_roll.pos=-2.98 gripper.pos=+1.10
DEBUG 2026-08-19 06:36:20 [action #359] t=14.38s step=358 queue=24 dmax=31.777 | shoulder_pan.pos=-3.90 shoulder_lift.pos=-100.25 elbow_flex.pos=+84.14 wrist_flex.pos=+74.93 wrist_roll.pos=-0.83 gripper.pos=+1.21
DEBUG 2026-08-19 06:36:20 [action #360] t=14.42s step=359 queue=23 dmax=1.131 | shoulder_pan.pos=-3.63 shoulder_lift.pos=-99.64 elbow_flex.pos=+83.90 wrist_flex.pos=+74.63 wrist_roll.pos=-1.96 gripper.pos=+1.30
DEBUG 2026-08-19 06:36:20 [action #361] t=14.45s step=360 queue=22 dmax=1.006 | shoulder_pan.pos=-3.84 shoulder_lift.pos=-99.66 elbow_flex.pos=+84.76 wrist_flex.pos=+74.43 wrist_roll.pos=-2.97 gripper.pos=+1.29
DEBUG 2026-08-19 06:36:20 [action #362] t=14.48s step=361 queue=21 dmax=1.241 | shoulder_pan.pos=-3.66 shoulder_lift.pos=-100.07 elbow_flex.pos=+86.00 wrist_flex.pos=+74.03 wrist_roll.pos=-3.42 gripper.pos=+1.21
DEBUG 2026-08-19 06:36:20 [action #363] t=14.52s step=362 queue=20 dmax=0.906 | shoulder_pan.pos=-3.55 shoulder_lift.pos=-99.56 elbow_flex.pos=+85.10 wrist_flex.pos=+74.08 wrist_roll.pos=-3.57 gripper.pos=+1.35
DEBUG 2026-08-19 06:36:20 [action #364] t=14.55s step=363 queue=19 dmax=1.161 | shoulder_pan.pos=-3.30 shoulder_lift.pos=-99.13 elbow_flex.pos=+86.26 wrist_flex.pos=+74.10 wrist_roll.pos=-3.37 gripper.pos=+1.19
DEBUG 2026-08-19 06:36:20 [action #365] t=14.58s step=364 queue=18 dmax=1.009 | shoulder_pan.pos=-2.69 shoulder_lift.pos=-100.14 elbow_flex.pos=+86.09 wrist_flex.pos=+74.37 wrist_roll.pos=-3.21 gripper.pos=+1.10
DEBUG 2026-08-19 06:36:20 [action #366] t=14.62s step=365 queue=17 dmax=0.502 | shoulder_pan.pos=-2.73 shoulder_lift.pos=-100.07 elbow_flex.pos=+86.55 wrist_flex.pos=+74.65 wrist_roll.pos=-2.71 gripper.pos=+1.31
DEBUG 2026-08-19 06:36:20 [action #367] t=14.65s step=366 queue=16 dmax=0.618 | shoulder_pan.pos=-2.11 shoulder_lift.pos=-100.58 elbow_flex.pos=+86.73 wrist_flex.pos=+75.03 wrist_roll.pos=-2.10 gripper.pos=+1.27
DEBUG 2026-08-19 06:36:20 [action #368] t=14.68s step=367 queue=15 dmax=0.533 | shoulder_pan.pos=-1.66 shoulder_lift.pos=-100.38 elbow_flex.pos=+86.77 wrist_flex.pos=+75.51 wrist_roll.pos=-1.57 gripper.pos=+1.22
DEBUG 2026-08-19 06:36:20 [action #369] t=14.72s step=368 queue=14 dmax=0.993 | shoulder_pan.pos=-1.09 shoulder_lift.pos=-100.72 elbow_flex.pos=+87.15 wrist_flex.pos=+76.51 wrist_roll.pos=-1.32 gripper.pos=+1.18
DEBUG 2026-08-19 06:36:20 [action #370] t=14.75s step=369 queue=13 dmax=0.965 | shoulder_pan.pos=-1.06 shoulder_lift.pos=-99.76 elbow_flex.pos=+87.55 wrist_flex.pos=+77.14 wrist_roll.pos=-0.98 gripper.pos=+1.23
DEBUG 2026-08-19 06:36:20 [action #371] t=14.78s step=370 queue=12 dmax=0.602 | shoulder_pan.pos=-0.70 shoulder_lift.pos=-99.96 elbow_flex.pos=+86.95 wrist_flex.pos=+77.34 wrist_roll.pos=-0.69 gripper.pos=+1.05
DEBUG 2026-08-19 06:36:20 [action #372] t=14.82s step=371 queue=11 dmax=0.302 | shoulder_pan.pos=-0.85 shoulder_lift.pos=-99.75 elbow_flex.pos=+86.93 wrist_flex.pos=+77.64 wrist_roll.pos=-0.53 gripper.pos=+1.04
DEBUG 2026-08-19 06:36:20 [action #373] t=14.85s step=372 queue=10 dmax=0.585 | shoulder_pan.pos=-0.73 shoulder_lift.pos=-100.15 elbow_flex.pos=+87.51 wrist_flex.pos=+77.54 wrist_roll.pos=-0.29 gripper.pos=+1.02
DEBUG 2026-08-19 06:36:20 [action #374] t=14.88s step=373 queue=9 dmax=0.812 | shoulder_pan.pos=-0.69 shoulder_lift.pos=-100.11 elbow_flex.pos=+86.70 wrist_flex.pos=+78.06 wrist_roll.pos=-0.36 gripper.pos=+1.00
DEBUG 2026-08-19 06:36:21 [action #375] t=14.92s step=374 queue=8 dmax=1.018 | shoulder_pan.pos=-0.91 shoulder_lift.pos=-100.28 elbow_flex.pos=+87.72 wrist_flex.pos=+77.76 wrist_roll.pos=-0.62 gripper.pos=+1.16
DEBUG 2026-08-19 06:36:21 [action #376] t=14.95s step=375 queue=7 dmax=0.183 | shoulder_pan.pos=-0.99 shoulder_lift.pos=-100.46 elbow_flex.pos=+87.77 wrist_flex.pos=+77.66 wrist_roll.pos=-0.67 gripper.pos=+0.98
DEBUG 2026-08-19 06:36:21 [action #377] t=14.98s step=376 queue=6 dmax=0.469 | shoulder_pan.pos=-1.39 shoulder_lift.pos=-99.99 elbow_flex.pos=+87.84 wrist_flex.pos=+77.72 wrist_roll.pos=-1.06 gripper.pos=+1.13
DEBUG 2026-08-19 06:36:21 [action #378] t=15.02s step=377 queue=5 dmax=0.769 | shoulder_pan.pos=-1.32 shoulder_lift.pos=-99.98 elbow_flex.pos=+88.61 wrist_flex.pos=+77.69 wrist_roll.pos=-1.37 gripper.pos=+1.19
DEBUG 2026-08-19 06:36:21 [action #379] t=15.05s step=378 queue=4 dmax=0.389 | shoulder_pan.pos=-1.16 shoulder_lift.pos=-100.24 elbow_flex.pos=+88.22 wrist_flex.pos=+77.75 wrist_roll.pos=-1.71 gripper.pos=+0.93
DEBUG 2026-08-19 06:36:21 [action #380] t=15.08s step=379 queue=3 dmax=0.457 | shoulder_pan.pos=-1.30 shoulder_lift.pos=-100.11 elbow_flex.pos=+88.20 wrist_flex.pos=+77.84 wrist_roll.pos=-2.17 gripper.pos=+1.12
DEBUG 2026-08-19 06:36:21 [action #381] t=15.12s step=380 queue=2 dmax=0.479 | shoulder_pan.pos=-1.35 shoulder_lift.pos=-99.82 elbow_flex.pos=+88.26 wrist_flex.pos=+78.06 wrist_roll.pos=-2.65 gripper.pos=+1.13
DEBUG 2026-08-19 06:36:21 [action #382] t=15.15s step=381 queue=1 dmax=1.324 | shoulder_pan.pos=-1.12 shoulder_lift.pos=-101.14 elbow_flex.pos=+88.82 wrist_flex.pos=+77.98 wrist_roll.pos=-2.98 gripper.pos=+1.10
DEBUG 2026-08-19 06:36:21 [chunk] received 50 actions, timesteps 357..406 | first: shoulder_pan.pos=+1.11 shoulder_lift.pos=-66.03 elbow_flex.pos=+55.22 wrist_flex.pos=+75.58 wrist_roll.pos=+4.91 gripper.pos=+1.12 | last: shoulder_pan.pos=-0.79 shoulder_lift.pos=-102.76 elbow_flex.pos=+88.83 wrist_flex.pos=+77.26 wrist_roll.pos=-2.29 gripper.pos=+1.00
DEBUG 2026-08-19 06:36:21 [action #383] t=15.18s step=382 queue=25 dmax=5.998 | shoulder_pan.pos=-3.75 shoulder_lift.pos=-100.77 elbow_flex.pos=+82.82 wrist_flex.pos=+73.87 wrist_roll.pos=+0.87 gripper.pos=+0.42
DEBUG 2026-08-19 06:36:21 [action #384] t=15.22s step=383 queue=24 dmax=0.686 | shoulder_pan.pos=-3.76 shoulder_lift.pos=-101.45 elbow_flex.pos=+82.73 wrist_flex.pos=+73.96 wrist_roll.pos=+0.66 gripper.pos=+0.43
DEBUG 2026-08-19 06:36:21 [action #385] t=15.25s step=384 queue=23 dmax=1.592 | shoulder_pan.pos=-3.79 shoulder_lift.pos=-101.36 elbow_flex.pos=+84.32 wrist_flex.pos=+74.01 wrist_roll.pos=+0.39 gripper.pos=+0.34
DEBUG 2026-08-19 06:36:21 [action #386] t=15.28s step=385 queue=22 dmax=0.707 | shoulder_pan.pos=-3.52 shoulder_lift.pos=-102.07 elbow_flex.pos=+84.53 wrist_flex.pos=+74.49 wrist_roll.pos=-0.12 gripper.pos=+0.47
DEBUG 2026-08-19 06:36:21 [action #387] t=15.32s step=386 queue=21 dmax=0.444 | shoulder_pan.pos=-3.91 shoulder_lift.pos=-101.87 elbow_flex.pos=+84.97 wrist_flex.pos=+74.93 wrist_roll.pos=-0.38 gripper.pos=+0.31
DEBUG 2026-08-19 06:36:21 [action #388] t=15.35s step=387 queue=20 dmax=0.362 | shoulder_pan.pos=-3.73 shoulder_lift.pos=-102.13 elbow_flex.pos=+84.76 wrist_flex.pos=+75.00 wrist_roll.pos=-0.74 gripper.pos=+0.63
DEBUG 2026-08-19 06:36:21 [action #389] t=15.38s step=388 queue=19 dmax=0.788 | shoulder_pan.pos=-3.87 shoulder_lift.pos=-102.73 elbow_flex.pos=+84.95 wrist_flex.pos=+75.78 wrist_roll.pos=-1.18 gripper.pos=+0.68
DEBUG 2026-08-19 06:36:21 [action #390] t=15.42s step=389 queue=18 dmax=0.631 | shoulder_pan.pos=-3.81 shoulder_lift.pos=-102.10 elbow_flex.pos=+84.86 wrist_flex.pos=+76.07 wrist_roll.pos=-1.41 gripper.pos=+0.83
DEBUG 2026-08-19 06:36:21 [action #391] t=15.45s step=390 queue=17 dmax=1.198 | shoulder_pan.pos=-4.01 shoulder_lift.pos=-103.29 elbow_flex.pos=+85.69 wrist_flex.pos=+76.95 wrist_roll.pos=-1.92 gripper.pos=+0.64
DEBUG 2026-08-19 06:36:21 [action #392] t=15.49s step=391 queue=16 dmax=1.652 | shoulder_pan.pos=-3.96 shoulder_lift.pos=-101.64 elbow_flex.pos=+85.23 wrist_flex.pos=+76.97 wrist_roll.pos=-2.39 gripper.pos=+0.50
DEBUG 2026-08-19 06:36:21 [action #393] t=15.52s step=392 queue=15 dmax=0.999 | shoulder_pan.pos=-4.13 shoulder_lift.pos=-102.37 elbow_flex.pos=+86.23 wrist_flex.pos=+77.36 wrist_roll.pos=-2.83 gripper.pos=+0.55
DEBUG 2026-08-19 06:36:21 [action #394] t=15.55s step=393 queue=14 dmax=0.503 | shoulder_pan.pos=-3.62 shoulder_lift.pos=-101.95 elbow_flex.pos=+86.49 wrist_flex.pos=+77.10 wrist_roll.pos=-3.01 gripper.pos=+0.45
DEBUG 2026-08-19 06:36:21 [action #395] t=15.59s step=394 queue=13 dmax=0.819 | shoulder_pan.pos=-3.97 shoulder_lift.pos=-101.40 elbow_flex.pos=+87.31 wrist_flex.pos=+77.09 wrist_roll.pos=-3.11 gripper.pos=+0.47
DEBUG 2026-08-19 06:36:21 [action #396] t=15.62s step=395 queue=12 dmax=0.700 | shoulder_pan.pos=-3.69 shoulder_lift.pos=-102.10 elbow_flex.pos=+87.49 wrist_flex.pos=+77.15 wrist_roll.pos=-3.00 gripper.pos=+0.52
DEBUG 2026-08-19 06:36:21 [action #397] t=15.65s step=396 queue=11 dmax=0.393 | shoulder_pan.pos=-3.87 shoulder_lift.pos=-102.06 elbow_flex.pos=+87.14 wrist_flex.pos=+77.36 wrist_roll.pos=-2.82 gripper.pos=+0.91
DEBUG 2026-08-19 06:36:21 [action #398] t=15.69s step=397 queue=10 dmax=0.787 | shoulder_pan.pos=-3.51 shoulder_lift.pos=-101.93 elbow_flex.pos=+87.93 wrist_flex.pos=+77.28 wrist_roll.pos=-2.83 gripper.pos=+0.80
DEBUG 2026-08-19 06:36:21 [action #399] t=15.72s step=398 queue=9 dmax=0.755 | shoulder_pan.pos=-3.01 shoulder_lift.pos=-102.69 elbow_flex.pos=+88.56 wrist_flex.pos=+77.52 wrist_roll.pos=-2.46 gripper.pos=+0.84
DEBUG 2026-08-19 06:36:21 [action #400] t=15.75s step=399 queue=8 dmax=0.267 | shoulder_pan.pos=-2.81 shoulder_lift.pos=-102.42 elbow_flex.pos=+88.35 wrist_flex.pos=+77.46 wrist_roll.pos=-2.39 gripper.pos=+0.96
DEBUG 2026-08-19 06:36:21 [action #401] t=15.79s step=400 queue=7 dmax=0.820 | shoulder_pan.pos=-2.56 shoulder_lift.pos=-101.60 elbow_flex.pos=+88.49 wrist_flex.pos=+77.29 wrist_roll.pos=-2.30 gripper.pos=+1.08
DEBUG 2026-08-19 06:36:21 [action #402] t=15.82s step=401 queue=6 dmax=0.728 | shoulder_pan.pos=-1.83 shoulder_lift.pos=-102.13 elbow_flex.pos=+88.57 wrist_flex.pos=+77.41 wrist_roll.pos=-2.32 gripper.pos=+1.07
DEBUG 2026-08-19 06:36:21 [action #403] t=15.85s step=402 queue=5 dmax=1.010 | shoulder_pan.pos=-1.25 shoulder_lift.pos=-101.12 elbow_flex.pos=+88.70 wrist_flex.pos=+77.46 wrist_roll.pos=-2.26 gripper.pos=+1.13
DEBUG 2026-08-19 06:36:21 [action #404] t=15.89s step=403 queue=4 dmax=1.625 | shoulder_pan.pos=-1.32 shoulder_lift.pos=-102.75 elbow_flex.pos=+88.44 wrist_flex.pos=+77.31 wrist_roll.pos=-2.13 gripper.pos=+0.93
DEBUG 2026-08-19 06:36:22 [action #405] t=15.92s step=404 queue=3 dmax=0.781 | shoulder_pan.pos=-1.25 shoulder_lift.pos=-102.36 elbow_flex.pos=+87.66 wrist_flex.pos=+77.44 wrist_roll.pos=-2.13 gripper.pos=+0.87
DEBUG 2026-08-19 06:36:22 [action #406] t=15.95s step=405 queue=2 dmax=0.986 | shoulder_pan.pos=-1.19 shoulder_lift.pos=-102.11 elbow_flex.pos=+88.64 wrist_flex.pos=+77.48 wrist_roll.pos=-2.32 gripper.pos=+1.08
DEBUG 2026-08-19 06:36:22 [action #407] t=15.99s step=406 queue=1 dmax=0.650 | shoulder_pan.pos=-0.79 shoulder_lift.pos=-102.76 elbow_flex.pos=+88.83 wrist_flex.pos=+77.26 wrist_roll.pos=-2.29 gripper.pos=+1.00
DEBUG 2026-08-19 06:36:22 [chunk] received 50 actions, timesteps 381..430 | first: shoulder_pan.pos=-1.18 shoulder_lift.pos=-101.16 elbow_flex.pos=+88.76 wrist_flex.pos=+77.44 wrist_roll.pos=-1.65 gripper.pos=+0.70 | last: shoulder_pan.pos=-2.44 shoulder_lift.pos=-102.47 elbow_flex.pos=+90.09 wrist_flex.pos=+77.92 wrist_roll.pos=-1.60 gripper.pos=+0.33
DEBUG 2026-08-19 06:36:22 [action #408] t=16.09s step=407 queue=24 dmax=1.211 | shoulder_pan.pos=-2.00 shoulder_lift.pos=-101.55 elbow_flex.pos=+89.99 wrist_flex.pos=+78.15 wrist_roll.pos=-1.60 gripper.pos=+0.43
DEBUG 2026-08-19 06:36:22 [action #409] t=16.12s step=408 queue=23 dmax=0.728 | shoulder_pan.pos=-2.10 shoulder_lift.pos=-102.28 elbow_flex.pos=+90.15 wrist_flex.pos=+78.17 wrist_roll.pos=-1.64 gripper.pos=+0.36
DEBUG 2026-08-19 06:36:22 [action #410] t=16.15s step=409 queue=22 dmax=0.460 | shoulder_pan.pos=-1.98 shoulder_lift.pos=-102.24 elbow_flex.pos=+89.69 wrist_flex.pos=+78.34 wrist_roll.pos=-1.64 gripper.pos=+0.38
DEBUG 2026-08-19 06:36:22 [action #411] t=16.19s step=410 queue=21 dmax=0.335 | shoulder_pan.pos=-2.10 shoulder_lift.pos=-102.46 elbow_flex.pos=+90.02 wrist_flex.pos=+78.11 wrist_roll.pos=-1.63 gripper.pos=+0.40
DEBUG 2026-08-19 06:36:22 [action #412] t=16.22s step=411 queue=20 dmax=0.301 | shoulder_pan.pos=-2.04 shoulder_lift.pos=-102.23 elbow_flex.pos=+89.72 wrist_flex.pos=+78.16 wrist_roll.pos=-1.55 gripper.pos=+0.57
DEBUG 2026-08-19 06:36:22 [action #413] t=16.25s step=412 queue=19 dmax=0.601 | shoulder_pan.pos=-2.14 shoulder_lift.pos=-102.00 elbow_flex.pos=+90.32 wrist_flex.pos=+78.12 wrist_roll.pos=-1.58 gripper.pos=+0.40
DEBUG 2026-08-19 06:36:22 [action #414] t=16.29s step=413 queue=18 dmax=0.911 | shoulder_pan.pos=-2.13 shoulder_lift.pos=-102.38 elbow_flex.pos=+89.41 wrist_flex.pos=+78.07 wrist_roll.pos=-1.68 gripper.pos=+0.50
DEBUG 2026-08-19 06:36:22 [action #415] t=16.32s step=414 queue=17 dmax=0.639 | shoulder_pan.pos=-2.26 shoulder_lift.pos=-101.75 elbow_flex.pos=+90.05 wrist_flex.pos=+78.00 wrist_roll.pos=-1.71 gripper.pos=+0.35
DEBUG 2026-08-19 06:36:22 [action #416] t=16.35s step=415 queue=16 dmax=1.311 | shoulder_pan.pos=-2.13 shoulder_lift.pos=-103.06 elbow_flex.pos=+90.46 wrist_flex.pos=+78.32 wrist_roll.pos=-1.63 gripper.pos=+0.49
DEBUG 2026-08-19 06:36:22 [action #417] t=16.39s step=416 queue=15 dmax=0.893 | shoulder_pan.pos=-2.55 shoulder_lift.pos=-102.17 elbow_flex.pos=+89.81 wrist_flex.pos=+78.06 wrist_roll.pos=-1.66 gripper.pos=+0.20
DEBUG 2026-08-19 06:36:22 [action #418] t=16.42s step=417 queue=14 dmax=0.572 | shoulder_pan.pos=-1.97 shoulder_lift.pos=-101.88 elbow_flex.pos=+90.35 wrist_flex.pos=+78.26 wrist_roll.pos=-1.52 gripper.pos=+0.68
DEBUG 2026-08-19 06:36:22 [action #419] t=16.46s step=418 queue=13 dmax=0.499 | shoulder_pan.pos=-2.22 shoulder_lift.pos=-102.15 elbow_flex.pos=+89.85 wrist_flex.pos=+77.97 wrist_roll.pos=-1.71 gripper.pos=+0.51
DEBUG 2026-08-19 06:36:22 [action #420] t=16.49s step=419 queue=12 dmax=0.455 | shoulder_pan.pos=-2.30 shoulder_lift.pos=-101.85 elbow_flex.pos=+90.31 wrist_flex.pos=+78.19 wrist_roll.pos=-1.61 gripper.pos=+0.49
DEBUG 2026-08-19 06:36:22 [action #421] t=16.52s step=420 queue=11 dmax=0.217 | shoulder_pan.pos=-2.26 shoulder_lift.pos=-102.07 elbow_flex.pos=+90.34 wrist_flex.pos=+78.15 wrist_roll.pos=-1.68 gripper.pos=+0.48
DEBUG 2026-08-19 06:36:22 [action #422] t=16.56s step=421 queue=10 dmax=0.249 | shoulder_pan.pos=-2.32 shoulder_lift.pos=-102.11 elbow_flex.pos=+90.10 wrist_flex.pos=+77.98 wrist_roll.pos=-1.67 gripper.pos=+0.50
DEBUG 2026-08-19 06:36:22 [action #423] t=16.59s step=422 queue=9 dmax=0.326 | shoulder_pan.pos=-2.12 shoulder_lift.pos=-102.44 elbow_flex.pos=+90.40 wrist_flex.pos=+78.20 wrist_roll.pos=-1.64 gripper.pos=+0.48
DEBUG 2026-08-19 06:36:22 [action #424] t=16.62s step=423 queue=8 dmax=0.429 | shoulder_pan.pos=-1.95 shoulder_lift.pos=-102.41 elbow_flex.pos=+90.04 wrist_flex.pos=+77.77 wrist_roll.pos=-1.67 gripper.pos=+0.30
DEBUG 2026-08-19 06:36:22 [action #425] t=16.66s step=424 queue=7 dmax=0.192 | shoulder_pan.pos=-2.14 shoulder_lift.pos=-102.23 elbow_flex.pos=+90.08 wrist_flex.pos=+77.93 wrist_roll.pos=-1.66 gripper.pos=+0.37
DEBUG 2026-08-19 06:36:22 [action #426] t=16.69s step=425 queue=6 dmax=0.331 | shoulder_pan.pos=-2.13 shoulder_lift.pos=-102.26 elbow_flex.pos=+90.41 wrist_flex.pos=+78.10 wrist_roll.pos=-1.68 gripper.pos=+0.39
DEBUG 2026-08-19 06:36:22 [action #427] t=16.72s step=426 queue=5 dmax=0.385 | shoulder_pan.pos=-2.20 shoulder_lift.pos=-101.87 elbow_flex.pos=+90.08 wrist_flex.pos=+78.15 wrist_roll.pos=-1.63 gripper.pos=+0.53
DEBUG 2026-08-19 06:36:22 [action #428] t=16.76s step=427 queue=4 dmax=0.839 | shoulder_pan.pos=-2.05 shoulder_lift.pos=-102.71 elbow_flex.pos=+90.04 wrist_flex.pos=+78.06 wrist_roll.pos=-1.62 gripper.pos=+0.33
DEBUG 2026-08-19 06:36:22 [action #429] t=16.79s step=428 queue=3 dmax=0.206 | shoulder_pan.pos=-2.16 shoulder_lift.pos=-102.51 elbow_flex.pos=+89.95 wrist_flex.pos=+78.07 wrist_roll.pos=-1.69 gripper.pos=+0.30
DEBUG 2026-08-19 06:36:22 [action #430] t=16.82s step=429 queue=2 dmax=0.258 | shoulder_pan.pos=-2.03 shoulder_lift.pos=-102.46 elbow_flex.pos=+89.70 wrist_flex.pos=+77.99 wrist_roll.pos=-1.54 gripper.pos=+0.29
DEBUG 2026-08-19 06:36:22 [action #431] t=16.86s step=430 queue=1 dmax=0.408 | shoulder_pan.pos=-2.44 shoulder_lift.pos=-102.47 elbow_flex.pos=+90.09 wrist_flex.pos=+77.92 wrist_roll.pos=-1.60 gripper.pos=+0.33
DEBUG 2026-08-19 06:36:23 [chunk] received 50 actions, timesteps 406..455 | first: shoulder_pan.pos=-1.52 shoulder_lift.pos=-102.96 elbow_flex.pos=+90.00 wrist_flex.pos=+77.02 wrist_roll.pos=-2.47 gripper.pos=+0.26 | last: shoulder_pan.pos=-2.42 shoulder_lift.pos=-102.63 elbow_flex.pos=+90.99 wrist_flex.pos=+77.80 wrist_roll.pos=-2.34 gripper.pos=+0.23
DEBUG 2026-08-19 06:36:23 [action #432] t=16.96s step=431 queue=25 dmax=0.840 | shoulder_pan.pos=-2.31 shoulder_lift.pos=-102.97 elbow_flex.pos=+90.93 wrist_flex.pos=+77.55 wrist_roll.pos=-2.38 gripper.pos=+0.22
DEBUG 2026-08-19 06:36:23 [action #433] t=16.99s step=432 queue=24 dmax=0.331 | shoulder_pan.pos=-2.29 shoulder_lift.pos=-103.30 elbow_flex.pos=+90.60 wrist_flex.pos=+77.50 wrist_roll.pos=-2.34 gripper.pos=+0.31
DEBUG 2026-08-19 06:36:23 [action #434] t=17.02s step=433 queue=23 dmax=0.408 | shoulder_pan.pos=-2.46 shoulder_lift.pos=-102.97 elbow_flex.pos=+91.01 wrist_flex.pos=+77.47 wrist_roll.pos=-2.33 gripper.pos=+0.32
DEBUG 2026-08-19 06:36:23 [action #435] t=17.06s step=434 queue=22 dmax=0.437 | shoulder_pan.pos=-2.52 shoulder_lift.pos=-103.16 elbow_flex.pos=+90.57 wrist_flex.pos=+77.47 wrist_roll.pos=-2.37 gripper.pos=+0.41
DEBUG 2026-08-19 06:36:23 [action #436] t=17.09s step=435 queue=21 dmax=0.279 | shoulder_pan.pos=-2.48 shoulder_lift.pos=-102.88 elbow_flex.pos=+90.83 wrist_flex.pos=+77.38 wrist_roll.pos=-2.39 gripper.pos=+0.25
DEBUG 2026-08-19 06:36:23 [action #437] t=17.12s step=436 queue=20 dmax=0.359 | shoulder_pan.pos=-2.38 shoulder_lift.pos=-103.24 elbow_flex.pos=+90.70 wrist_flex.pos=+77.47 wrist_roll.pos=-2.36 gripper.pos=+0.33
DEBUG 2026-08-19 06:36:23 [action #438] t=17.16s step=437 queue=19 dmax=0.150 | shoulder_pan.pos=-2.25 shoulder_lift.pos=-103.30 elbow_flex.pos=+90.55 wrist_flex.pos=+77.54 wrist_roll.pos=-2.46 gripper.pos=+0.35
DEBUG 2026-08-19 06:36:23 [action #439] t=17.19s step=438 queue=18 dmax=0.297 | shoulder_pan.pos=-2.33 shoulder_lift.pos=-103.00 elbow_flex.pos=+90.68 wrist_flex.pos=+77.48 wrist_roll.pos=-2.46 gripper.pos=+0.41
DEBUG 2026-08-19 06:36:23 [action #440] t=17.22s step=439 queue=17 dmax=0.567 | shoulder_pan.pos=-2.24 shoulder_lift.pos=-102.44 elbow_flex.pos=+90.29 wrist_flex.pos=+77.49 wrist_roll.pos=-2.43 gripper.pos=+0.31
DEBUG 2026-08-19 06:36:23 [chunk] received 50 actions, timesteps 430..479 | first: shoulder_pan.pos=-2.12 shoulder_lift.pos=-102.05 elbow_flex.pos=+89.82 wrist_flex.pos=+77.20 wrist_roll.pos=-1.95 gripper.pos=+0.44 | last: shoulder_pan.pos=-2.52 shoulder_lift.pos=-102.80 elbow_flex.pos=+90.03 wrist_flex.pos=+77.84 wrist_roll.pos=-1.71 gripper.pos=+0.39
INFO 2026-08-19 06:36:23 Final action sent: shoulder_pan.pos=-2.24 shoulder_lift.pos=-102.44 elbow_flex.pos=+90.29 wrist_flex.pos=+77.49 wrist_roll.pos=-2.43 gripper.pos=+0.31
DEBUG 2026-08-19 06:36:23 === episode end | 17.7s | converged=True | actions=440 ===
