DEBUG 2026-09-03 09:37:38 === episode start | task: 'put the brown cylinder on the tray' | duration: 50.0s ===
DEBUG 2026-09-03 09:37:38 [chunk] received 50 actions, timesteps 0..49 | first: shoulder_pan.pos=-4.22 shoulder_lift.pos=-102.20 elbow_flex.pos=+87.09 wrist_flex.pos=+73.02 wrist_roll.pos=-1.07 gripper.pos=+1.01 | last: shoulder_pan.pos=-4.90 shoulder_lift.pos=-96.87 elbow_flex.pos=+69.21 wrist_flex.pos=+69.27 wrist_roll.pos=-1.80 gripper.pos=+0.88
DEBUG 2026-09-03 09:37:38 [action #1] t=0.90s step=0 queue=50 dmax=n/a | shoulder_pan.pos=-4.22 shoulder_lift.pos=-102.20 elbow_flex.pos=+87.09 wrist_flex.pos=+73.02 wrist_roll.pos=-1.07 gripper.pos=+1.01
DEBUG 2026-09-03 09:37:39 [action #2] t=0.94s step=1 queue=49 dmax=0.633 | shoulder_pan.pos=-4.54 shoulder_lift.pos=-102.05 elbow_flex.pos=+86.70 wrist_flex.pos=+72.39 wrist_roll.pos=-1.16 gripper.pos=+0.99
DEBUG 2026-09-03 09:37:39 [action #3] t=0.97s step=2 queue=48 dmax=0.913 | shoulder_pan.pos=-4.39 shoulder_lift.pos=-102.33 elbow_flex.pos=+86.45 wrist_flex.pos=+71.48 wrist_roll.pos=-1.22 gripper.pos=+1.00
DEBUG 2026-09-03 09:37:39 [action #4] t=1.00s step=3 queue=47 dmax=0.980 | shoulder_pan.pos=-4.36 shoulder_lift.pos=-102.34 elbow_flex.pos=+86.80 wrist_flex.pos=+70.50 wrist_roll.pos=-1.18 gripper.pos=+0.81
DEBUG 2026-09-03 09:37:39 [action #5] t=1.04s step=4 queue=46 dmax=0.854 | shoulder_pan.pos=-4.71 shoulder_lift.pos=-102.54 elbow_flex.pos=+86.72 wrist_flex.pos=+69.64 wrist_roll.pos=-1.24 gripper.pos=+0.91
DEBUG 2026-09-03 09:37:39 [action #6] t=1.07s step=5 queue=45 dmax=1.199 | shoulder_pan.pos=-4.28 shoulder_lift.pos=-102.41 elbow_flex.pos=+86.78 wrist_flex.pos=+68.45 wrist_roll.pos=-1.23 gripper.pos=+1.01
DEBUG 2026-09-03 09:37:39 [action #7] t=1.10s step=6 queue=44 dmax=0.980 | shoulder_pan.pos=-4.27 shoulder_lift.pos=-102.26 elbow_flex.pos=+86.76 wrist_flex.pos=+67.47 wrist_roll.pos=-1.25 gripper.pos=+0.90
DEBUG 2026-09-03 09:37:39 [action #8] t=1.14s step=7 queue=43 dmax=0.865 | shoulder_pan.pos=-4.41 shoulder_lift.pos=-101.84 elbow_flex.pos=+86.57 wrist_flex.pos=+66.60 wrist_roll.pos=-1.31 gripper.pos=+1.02
DEBUG 2026-09-03 09:37:39 [action #9] t=1.17s step=8 queue=42 dmax=0.974 | shoulder_pan.pos=-4.55 shoulder_lift.pos=-102.20 elbow_flex.pos=+85.59 wrist_flex.pos=+65.76 wrist_roll.pos=-1.19 gripper.pos=+0.93
DEBUG 2026-09-03 09:37:39 [action #10] t=1.20s step=9 queue=41 dmax=0.961 | shoulder_pan.pos=-4.63 shoulder_lift.pos=-102.93 elbow_flex.pos=+86.56 wrist_flex.pos=+64.94 wrist_roll.pos=-1.27 gripper.pos=+0.89
DEBUG 2026-09-03 09:37:39 [action #11] t=1.24s step=10 queue=40 dmax=0.742 | shoulder_pan.pos=-4.44 shoulder_lift.pos=-102.19 elbow_flex.pos=+86.30 wrist_flex.pos=+64.53 wrist_roll.pos=-1.27 gripper.pos=+1.02
DEBUG 2026-09-03 09:37:39 [action #12] t=1.27s step=11 queue=39 dmax=0.412 | shoulder_pan.pos=-4.56 shoulder_lift.pos=-102.24 elbow_flex.pos=+85.89 wrist_flex.pos=+64.19 wrist_roll.pos=-1.27 gripper.pos=+1.05
DEBUG 2026-09-03 09:37:39 [action #13] t=1.30s step=12 queue=38 dmax=0.175 | shoulder_pan.pos=-4.52 shoulder_lift.pos=-102.07 elbow_flex.pos=+85.76 wrist_flex.pos=+64.09 wrist_roll.pos=-1.33 gripper.pos=+1.00
DEBUG 2026-09-03 09:37:39 [action #14] t=1.34s step=13 queue=37 dmax=0.793 | shoulder_pan.pos=-4.55 shoulder_lift.pos=-102.48 elbow_flex.pos=+84.97 wrist_flex.pos=+63.76 wrist_roll.pos=-1.23 gripper.pos=+0.85
DEBUG 2026-09-03 09:37:39 [action #15] t=1.37s step=14 queue=36 dmax=0.327 | shoulder_pan.pos=-4.48 shoulder_lift.pos=-102.50 elbow_flex.pos=+85.30 wrist_flex.pos=+64.02 wrist_roll.pos=-1.26 gripper.pos=+1.10
DEBUG 2026-09-03 09:37:39 [action #16] t=1.40s step=15 queue=35 dmax=0.342 | shoulder_pan.pos=-4.73 shoulder_lift.pos=-102.27 elbow_flex.pos=+84.95 wrist_flex.pos=+64.11 wrist_roll.pos=-1.31 gripper.pos=+0.91
DEBUG 2026-09-03 09:37:39 [action #17] t=1.44s step=16 queue=34 dmax=0.521 | shoulder_pan.pos=-4.64 shoulder_lift.pos=-102.49 elbow_flex.pos=+84.43 wrist_flex.pos=+64.10 wrist_roll.pos=-1.44 gripper.pos=+1.03
DEBUG 2026-09-03 09:37:39 [action #18] t=1.47s step=17 queue=33 dmax=0.662 | shoulder_pan.pos=-4.72 shoulder_lift.pos=-101.91 elbow_flex.pos=+83.77 wrist_flex.pos=+64.53 wrist_roll.pos=-1.32 gripper.pos=+1.14
DEBUG 2026-09-03 09:37:39 [action #19] t=1.51s step=18 queue=32 dmax=0.900 | shoulder_pan.pos=-4.95 shoulder_lift.pos=-102.81 elbow_flex.pos=+84.16 wrist_flex.pos=+64.68 wrist_roll.pos=-1.37 gripper.pos=+1.04
DEBUG 2026-09-03 09:37:39 [action #20] t=1.54s step=19 queue=31 dmax=0.297 | shoulder_pan.pos=-5.01 shoulder_lift.pos=-102.51 elbow_flex.pos=+84.22 wrist_flex.pos=+64.95 wrist_roll.pos=-1.31 gripper.pos=+1.19
DEBUG 2026-09-03 09:37:39 [action #21] t=1.57s step=20 queue=30 dmax=1.474 | shoulder_pan.pos=-5.12 shoulder_lift.pos=-102.52 elbow_flex.pos=+82.75 wrist_flex.pos=+65.15 wrist_roll.pos=-1.42 gripper.pos=+1.02
DEBUG 2026-09-03 09:37:39 [action #22] t=1.61s step=21 queue=29 dmax=0.254 | shoulder_pan.pos=-5.30 shoulder_lift.pos=-102.33 elbow_flex.pos=+82.74 wrist_flex.pos=+65.40 wrist_roll.pos=-1.32 gripper.pos=+1.02
DEBUG 2026-09-03 09:37:39 [action #23] t=1.64s step=22 queue=28 dmax=0.797 | shoulder_pan.pos=-5.43 shoulder_lift.pos=-102.38 elbow_flex.pos=+81.95 wrist_flex.pos=+65.39 wrist_roll.pos=-1.37 gripper.pos=+0.92
DEBUG 2026-09-03 09:37:39 [action #24] t=1.67s step=23 queue=27 dmax=0.305 | shoulder_pan.pos=-5.39 shoulder_lift.pos=-102.27 elbow_flex.pos=+81.66 wrist_flex.pos=+65.70 wrist_roll.pos=-1.35 gripper.pos=+1.00
DEBUG 2026-09-03 09:37:39 [action #25] t=1.71s step=24 queue=26 dmax=0.537 | shoulder_pan.pos=-5.47 shoulder_lift.pos=-102.10 elbow_flex.pos=+82.20 wrist_flex.pos=+65.89 wrist_roll.pos=-1.38 gripper.pos=+0.96
DEBUG 2026-09-03 09:37:39 [action #26] t=1.74s step=25 queue=25 dmax=1.142 | shoulder_pan.pos=-5.46 shoulder_lift.pos=-102.30 elbow_flex.pos=+81.06 wrist_flex.pos=+66.01 wrist_roll.pos=-1.42 gripper.pos=+1.00
DEBUG 2026-09-03 09:37:39 [action #27] t=1.77s step=26 queue=24 dmax=0.676 | shoulder_pan.pos=-5.42 shoulder_lift.pos=-101.63 elbow_flex.pos=+80.58 wrist_flex.pos=+66.26 wrist_roll.pos=-1.38 gripper.pos=+1.27
DEBUG 2026-09-03 09:37:39 [action #28] t=1.81s step=27 queue=23 dmax=0.788 | shoulder_pan.pos=-5.54 shoulder_lift.pos=-102.41 elbow_flex.pos=+80.21 wrist_flex.pos=+66.46 wrist_roll.pos=-1.36 gripper.pos=+1.07
DEBUG 2026-09-03 09:37:39 [action #29] t=1.84s step=28 queue=22 dmax=0.486 | shoulder_pan.pos=-5.38 shoulder_lift.pos=-101.93 elbow_flex.pos=+80.06 wrist_flex.pos=+66.76 wrist_roll.pos=-1.32 gripper.pos=+1.15
DEBUG 2026-09-03 09:37:39 [action #30] t=1.87s step=29 queue=21 dmax=0.313 | shoulder_pan.pos=-5.42 shoulder_lift.pos=-101.90 elbow_flex.pos=+79.74 wrist_flex.pos=+66.96 wrist_roll.pos=-1.44 gripper.pos=+1.19
DEBUG 2026-09-03 09:37:39 [action #31] t=1.91s step=30 queue=20 dmax=0.251 | shoulder_pan.pos=-5.34 shoulder_lift.pos=-101.97 elbow_flex.pos=+79.51 wrist_flex.pos=+67.21 wrist_roll.pos=-1.47 gripper.pos=+0.99
DEBUG 2026-09-03 09:37:40 [action #32] t=1.94s step=31 queue=19 dmax=0.626 | shoulder_pan.pos=-5.11 shoulder_lift.pos=-101.65 elbow_flex.pos=+78.89 wrist_flex.pos=+67.31 wrist_roll.pos=-1.43 gripper.pos=+1.07
DEBUG 2026-09-03 09:37:40 [chunk] received 50 actions, timesteps 3..52 | first: shoulder_pan.pos=-3.84 shoulder_lift.pos=-100.52 elbow_flex.pos=+86.43 wrist_flex.pos=+69.96 wrist_roll.pos=-1.12 gripper.pos=+1.00 | last: shoulder_pan.pos=-4.94 shoulder_lift.pos=-79.35 elbow_flex.pos=+60.51 wrist_flex.pos=+67.06 wrist_roll.pos=-2.79 gripper.pos=+0.72
DEBUG 2026-09-03 09:37:40 [action #33] t=1.97s step=32 queue=21 dmax=1.466 | shoulder_pan.pos=-4.75 shoulder_lift.pos=-100.46 elbow_flex.pos=+77.42 wrist_flex.pos=+67.52 wrist_roll.pos=-1.50 gripper.pos=+1.08
DEBUG 2026-09-03 09:37:40 [action #34] t=2.01s step=33 queue=20 dmax=0.865 | shoulder_pan.pos=-4.89 shoulder_lift.pos=-100.50 elbow_flex.pos=+76.55 wrist_flex.pos=+67.66 wrist_roll.pos=-1.40 gripper.pos=+1.03
DEBUG 2026-09-03 09:37:40 [action #35] t=2.04s step=34 queue=19 dmax=0.375 | shoulder_pan.pos=-4.99 shoulder_lift.pos=-100.41 elbow_flex.pos=+76.18 wrist_flex.pos=+67.83 wrist_roll.pos=-1.43 gripper.pos=+0.98
DEBUG 2026-09-03 09:37:40 [action #36] t=2.07s step=35 queue=18 dmax=0.599 | shoulder_pan.pos=-5.10 shoulder_lift.pos=-100.17 elbow_flex.pos=+75.58 wrist_flex.pos=+68.24 wrist_roll.pos=-1.72 gripper.pos=+0.99
DEBUG 2026-09-03 09:37:40 [action #37] t=2.11s step=36 queue=17 dmax=0.236 | shoulder_pan.pos=-4.89 shoulder_lift.pos=-100.19 elbow_flex.pos=+75.35 wrist_flex.pos=+68.33 wrist_roll.pos=-1.71 gripper.pos=+1.00
DEBUG 2026-09-03 09:37:40 [action #38] t=2.14s step=37 queue=16 dmax=0.676 | shoulder_pan.pos=-4.82 shoulder_lift.pos=-99.52 elbow_flex.pos=+74.72 wrist_flex.pos=+68.48 wrist_roll.pos=-1.66 gripper.pos=+0.80
DEBUG 2026-09-03 09:37:40 [action #39] t=2.17s step=38 queue=15 dmax=0.827 | shoulder_pan.pos=-4.71 shoulder_lift.pos=-98.96 elbow_flex.pos=+73.89 wrist_flex.pos=+68.49 wrist_roll.pos=-1.68 gripper.pos=+0.90
DEBUG 2026-09-03 09:37:40 [action #40] t=2.21s step=39 queue=14 dmax=0.285 | shoulder_pan.pos=-5.00 shoulder_lift.pos=-99.05 elbow_flex.pos=+73.80 wrist_flex.pos=+68.64 wrist_roll.pos=-1.73 gripper.pos=+0.74
DEBUG 2026-09-03 09:37:40 [action #41] t=2.24s step=40 queue=13 dmax=0.617 | shoulder_pan.pos=-4.91 shoulder_lift.pos=-98.43 elbow_flex.pos=+73.50 wrist_flex.pos=+68.48 wrist_roll.pos=-1.74 gripper.pos=+0.97
DEBUG 2026-09-03 09:37:40 [action #42] t=2.27s step=41 queue=12 dmax=0.904 | shoulder_pan.pos=-4.91 shoulder_lift.pos=-97.75 elbow_flex.pos=+72.59 wrist_flex.pos=+68.42 wrist_roll.pos=-1.78 gripper.pos=+0.91
DEBUG 2026-09-03 09:37:40 [action #43] t=2.31s step=42 queue=11 dmax=0.552 | shoulder_pan.pos=-5.05 shoulder_lift.pos=-97.20 elbow_flex.pos=+72.04 wrist_flex.pos=+68.39 wrist_roll.pos=-1.79 gripper.pos=+0.86
DEBUG 2026-09-03 09:37:40 [action #44] t=2.34s step=43 queue=10 dmax=1.195 | shoulder_pan.pos=-4.76 shoulder_lift.pos=-96.01 elbow_flex.pos=+71.53 wrist_flex.pos=+68.31 wrist_roll.pos=-1.79 gripper.pos=+0.92
DEBUG 2026-09-03 09:37:40 [action #45] t=2.38s step=44 queue=9 dmax=0.932 | shoulder_pan.pos=-4.76 shoulder_lift.pos=-95.08 elbow_flex.pos=+70.74 wrist_flex.pos=+68.01 wrist_roll.pos=-1.76 gripper.pos=+0.87
DEBUG 2026-09-03 09:37:40 [action #46] t=2.41s step=45 queue=8 dmax=0.973 | shoulder_pan.pos=-4.87 shoulder_lift.pos=-94.19 elbow_flex.pos=+69.77 wrist_flex.pos=+68.05 wrist_roll.pos=-1.78 gripper.pos=+0.84
DEBUG 2026-09-03 09:37:40 [action #47] t=2.44s step=46 queue=7 dmax=0.959 | shoulder_pan.pos=-4.81 shoulder_lift.pos=-93.23 elbow_flex.pos=+69.06 wrist_flex.pos=+67.85 wrist_roll.pos=-1.94 gripper.pos=+0.83
DEBUG 2026-09-03 09:37:40 [action #48] t=2.48s step=47 queue=6 dmax=1.716 | shoulder_pan.pos=-4.77 shoulder_lift.pos=-91.52 elbow_flex.pos=+67.86 wrist_flex.pos=+67.97 wrist_roll.pos=-1.95 gripper.pos=+0.86
DEBUG 2026-09-03 09:37:40 [action #49] t=2.51s step=48 queue=5 dmax=1.442 | shoulder_pan.pos=-4.81 shoulder_lift.pos=-90.21 elbow_flex.pos=+66.42 wrist_flex.pos=+67.84 wrist_roll.pos=-1.99 gripper.pos=+0.86
DEBUG 2026-09-03 09:37:40 [action #50] t=2.54s step=49 queue=4 dmax=2.006 | shoulder_pan.pos=-4.80 shoulder_lift.pos=-88.20 elbow_flex.pos=+65.43 wrist_flex.pos=+67.74 wrist_roll.pos=-2.10 gripper.pos=+0.86
DEBUG 2026-09-03 09:37:40 [action #51] t=2.58s step=50 queue=3 dmax=5.032 | shoulder_pan.pos=-4.90 shoulder_lift.pos=-83.17 elbow_flex.pos=+62.65 wrist_flex.pos=+66.92 wrist_roll.pos=-2.49 gripper.pos=+0.85
DEBUG 2026-09-03 09:37:40 [action #52] t=2.61s step=51 queue=2 dmax=2.622 | shoulder_pan.pos=-4.95 shoulder_lift.pos=-80.55 elbow_flex.pos=+61.49 wrist_flex.pos=+67.24 wrist_roll.pos=-2.54 gripper.pos=+0.81
DEBUG 2026-09-03 09:37:40 [action #53] t=2.64s step=52 queue=1 dmax=1.202 | shoulder_pan.pos=-4.94 shoulder_lift.pos=-79.35 elbow_flex.pos=+60.51 wrist_flex.pos=+67.06 wrist_roll.pos=-2.79 gripper.pos=+0.72
DEBUG 2026-09-03 09:37:41 [chunk] received 50 actions, timesteps 31..80 | first: shoulder_pan.pos=-5.09 shoulder_lift.pos=-100.27 elbow_flex.pos=+76.30 wrist_flex.pos=+67.10 wrist_roll.pos=-1.21 gripper.pos=+1.13 | last: shoulder_pan.pos=-8.02 shoulder_lift.pos=-56.29 elbow_flex.pos=+43.03 wrist_flex.pos=+74.28 wrist_roll.pos=-3.95 gripper.pos=+4.06
DEBUG 2026-09-03 09:37:41 [action #54] t=3.01s step=53 queue=28 dmax=6.592 | shoulder_pan.pos=-5.90 shoulder_lift.pos=-85.26 elbow_flex.pos=+67.10 wrist_flex.pos=+68.60 wrist_roll.pos=-3.52 gripper.pos=+1.17
DEBUG 2026-09-03 09:37:41 [action #55] t=3.04s step=54 queue=27 dmax=2.590 | shoulder_pan.pos=-5.94 shoulder_lift.pos=-82.67 elbow_flex.pos=+65.71 wrist_flex.pos=+68.24 wrist_roll.pos=-3.62 gripper.pos=+0.96
DEBUG 2026-09-03 09:37:41 [action #56] t=3.08s step=55 queue=26 dmax=2.212 | shoulder_pan.pos=-6.17 shoulder_lift.pos=-80.46 elbow_flex.pos=+64.87 wrist_flex.pos=+68.31 wrist_roll.pos=-3.73 gripper.pos=+1.01
DEBUG 2026-09-03 09:37:41 [action #57] t=3.11s step=56 queue=25 dmax=1.769 | shoulder_pan.pos=-6.05 shoulder_lift.pos=-78.69 elbow_flex.pos=+63.32 wrist_flex.pos=+68.24 wrist_roll.pos=-3.80 gripper.pos=+1.08
DEBUG 2026-09-03 09:37:41 [action #58] t=3.14s step=57 queue=24 dmax=1.435 | shoulder_pan.pos=-6.04 shoulder_lift.pos=-77.26 elbow_flex.pos=+62.32 wrist_flex.pos=+68.34 wrist_roll.pos=-3.77 gripper.pos=+0.99
DEBUG 2026-09-03 09:37:41 [action #59] t=3.18s step=58 queue=23 dmax=1.771 | shoulder_pan.pos=-6.22 shoulder_lift.pos=-76.23 elbow_flex.pos=+60.55 wrist_flex.pos=+68.42 wrist_roll.pos=-3.91 gripper.pos=+0.83
DEBUG 2026-09-03 09:37:41 [action #60] t=3.21s step=59 queue=22 dmax=1.361 | shoulder_pan.pos=-6.13 shoulder_lift.pos=-74.87 elbow_flex.pos=+60.41 wrist_flex.pos=+68.46 wrist_roll.pos=-3.81 gripper.pos=+1.05
DEBUG 2026-09-03 09:37:41 [action #61] t=3.24s step=60 queue=21 dmax=1.097 | shoulder_pan.pos=-6.45 shoulder_lift.pos=-73.78 elbow_flex.pos=+59.46 wrist_flex.pos=+68.50 wrist_roll.pos=-3.84 gripper.pos=+0.95
DEBUG 2026-09-03 09:37:41 [action #62] t=3.28s step=61 queue=20 dmax=1.661 | shoulder_pan.pos=-6.62 shoulder_lift.pos=-72.85 elbow_flex.pos=+57.80 wrist_flex.pos=+68.74 wrist_roll.pos=-3.80 gripper.pos=+0.88
DEBUG 2026-09-03 09:37:41 [action #63] t=3.31s step=62 queue=19 dmax=0.957 | shoulder_pan.pos=-6.58 shoulder_lift.pos=-71.89 elbow_flex.pos=+57.24 wrist_flex.pos=+69.10 wrist_roll.pos=-3.92 gripper.pos=+1.04
DEBUG 2026-09-03 09:37:41 [action #64] t=3.35s step=63 queue=18 dmax=0.884 | shoulder_pan.pos=-6.64 shoulder_lift.pos=-71.01 elbow_flex.pos=+56.39 wrist_flex.pos=+69.43 wrist_roll.pos=-3.98 gripper.pos=+0.99
DEBUG 2026-09-03 09:37:41 [action #65] t=3.38s step=64 queue=17 dmax=1.336 | shoulder_pan.pos=-6.85 shoulder_lift.pos=-70.20 elbow_flex.pos=+55.05 wrist_flex.pos=+69.59 wrist_roll.pos=-3.92 gripper.pos=+0.96
DEBUG 2026-09-03 09:37:41 [action #66] t=3.41s step=65 queue=16 dmax=0.786 | shoulder_pan.pos=-6.89 shoulder_lift.pos=-69.41 elbow_flex.pos=+54.86 wrist_flex.pos=+69.90 wrist_roll.pos=-3.98 gripper.pos=+0.88
DEBUG 2026-09-03 09:37:41 [action #67] t=3.45s step=66 queue=15 dmax=0.930 | shoulder_pan.pos=-6.86 shoulder_lift.pos=-68.77 elbow_flex.pos=+53.93 wrist_flex.pos=+69.87 wrist_roll.pos=-4.00 gripper.pos=+0.98
DEBUG 2026-09-03 09:37:41 [action #68] t=3.48s step=67 queue=14 dmax=0.560 | shoulder_pan.pos=-6.99 shoulder_lift.pos=-68.29 elbow_flex.pos=+53.37 wrist_flex.pos=+69.90 wrist_roll.pos=-3.96 gripper.pos=+0.90
DEBUG 2026-09-03 09:37:41 [action #69] t=3.51s step=68 queue=13 dmax=1.172 | shoulder_pan.pos=-7.21 shoulder_lift.pos=-67.11 elbow_flex.pos=+52.82 wrist_flex.pos=+69.96 wrist_roll.pos=-3.85 gripper.pos=+0.79
DEBUG 2026-09-03 09:37:41 [action #70] t=3.55s step=69 queue=12 dmax=0.779 | shoulder_pan.pos=-7.28 shoulder_lift.pos=-66.62 elbow_flex.pos=+52.04 wrist_flex.pos=+69.93 wrist_roll.pos=-3.85 gripper.pos=+1.00
DEBUG 2026-09-03 09:37:41 [action #71] t=3.58s step=70 queue=11 dmax=0.459 | shoulder_pan.pos=-7.22 shoulder_lift.pos=-66.17 elbow_flex.pos=+51.94 wrist_flex.pos=+70.13 wrist_roll.pos=-3.89 gripper.pos=+0.97
DEBUG 2026-09-03 09:37:41 [action #72] t=3.61s step=71 queue=10 dmax=1.060 | shoulder_pan.pos=-7.06 shoulder_lift.pos=-65.11 elbow_flex.pos=+50.88 wrist_flex.pos=+70.44 wrist_roll.pos=-3.90 gripper.pos=+0.84
DEBUG 2026-09-03 09:37:41 [action #73] t=3.65s step=72 queue=9 dmax=1.151 | shoulder_pan.pos=-7.34 shoulder_lift.pos=-64.34 elbow_flex.pos=+49.72 wrist_flex.pos=+70.63 wrist_roll.pos=-3.87 gripper.pos=+0.94
DEBUG 2026-09-03 09:37:41 [action #74] t=3.68s step=73 queue=8 dmax=0.700 | shoulder_pan.pos=-7.62 shoulder_lift.pos=-63.64 elbow_flex.pos=+49.35 wrist_flex.pos=+71.21 wrist_roll.pos=-3.83 gripper.pos=+0.96
DEBUG 2026-09-03 09:37:41 [action #75] t=3.71s step=74 queue=7 dmax=0.925 | shoulder_pan.pos=-7.62 shoulder_lift.pos=-62.92 elbow_flex.pos=+48.43 wrist_flex.pos=+71.87 wrist_roll.pos=-3.79 gripper.pos=+0.78
DEBUG 2026-09-03 09:37:41 [action #76] t=3.75s step=75 queue=6 dmax=0.886 | shoulder_pan.pos=-7.89 shoulder_lift.pos=-62.24 elbow_flex.pos=+47.54 wrist_flex.pos=+72.35 wrist_roll.pos=-3.77 gripper.pos=+0.82
DEBUG 2026-09-03 09:37:41 [action #77] t=3.78s step=76 queue=5 dmax=1.004 | shoulder_pan.pos=-7.80 shoulder_lift.pos=-61.24 elbow_flex.pos=+47.22 wrist_flex.pos=+72.98 wrist_roll.pos=-3.71 gripper.pos=+0.90
DEBUG 2026-09-03 09:37:41 [action #78] t=3.81s step=77 queue=4 dmax=1.159 | shoulder_pan.pos=-8.10 shoulder_lift.pos=-60.57 elbow_flex.pos=+46.06 wrist_flex.pos=+73.45 wrist_roll.pos=-3.80 gripper.pos=+0.95
DEBUG 2026-09-03 09:37:41 [action #79] t=3.85s step=78 queue=3 dmax=0.916 | shoulder_pan.pos=-8.05 shoulder_lift.pos=-59.66 elbow_flex.pos=+45.30 wrist_flex.pos=+73.67 wrist_roll.pos=-3.89 gripper.pos=+1.62
DEBUG 2026-09-03 09:37:41 [action #80] t=3.88s step=79 queue=2 dmax=2.019 | shoulder_pan.pos=-8.15 shoulder_lift.pos=-57.64 elbow_flex.pos=+44.15 wrist_flex.pos=+74.03 wrist_roll.pos=-3.87 gripper.pos=+2.73
DEBUG 2026-09-03 09:37:41 [action #81] t=3.91s step=80 queue=1 dmax=1.348 | shoulder_pan.pos=-8.02 shoulder_lift.pos=-56.29 elbow_flex.pos=+43.03 wrist_flex.pos=+74.28 wrist_roll.pos=-3.95 gripper.pos=+4.06
DEBUG 2026-09-03 09:37:42 [chunk] received 50 actions, timesteps 52..101 | first: shoulder_pan.pos=-3.95 shoulder_lift.pos=-77.64 elbow_flex.pos=+59.43 wrist_flex.pos=+68.61 wrist_roll.pos=-2.63 gripper.pos=+1.04 | last: shoulder_pan.pos=-5.15 shoulder_lift.pos=-41.62 elbow_flex.pos=+34.70 wrist_flex.pos=+77.81 wrist_roll.pos=-2.34 gripper.pos=+27.39
DEBUG 2026-09-03 09:37:42 [action #82] t=4.05s step=81 queue=21 dmax=4.184 | shoulder_pan.pos=-3.84 shoulder_lift.pos=-58.75 elbow_flex.pos=+44.24 wrist_flex.pos=+75.93 wrist_roll.pos=-2.99 gripper.pos=+1.66
DEBUG 2026-09-03 09:37:42 [action #83] t=4.08s step=82 queue=20 dmax=1.886 | shoulder_pan.pos=-3.58 shoulder_lift.pos=-56.87 elbow_flex.pos=+42.37 wrist_flex.pos=+76.00 wrist_roll.pos=-3.06 gripper.pos=+2.04
DEBUG 2026-09-03 09:37:42 [action #84] t=4.11s step=83 queue=19 dmax=1.703 | shoulder_pan.pos=-3.51 shoulder_lift.pos=-55.17 elbow_flex.pos=+41.60 wrist_flex.pos=+75.93 wrist_roll.pos=-3.05 gripper.pos=+2.87
DEBUG 2026-09-03 09:37:42 [action #85] t=4.15s step=84 queue=18 dmax=2.233 | shoulder_pan.pos=-3.61 shoulder_lift.pos=-52.93 elbow_flex.pos=+39.98 wrist_flex.pos=+76.10 wrist_roll.pos=-2.99 gripper.pos=+3.62
DEBUG 2026-09-03 09:37:42 [action #86] t=4.18s step=85 queue=17 dmax=1.221 | shoulder_pan.pos=-3.92 shoulder_lift.pos=-51.71 elbow_flex.pos=+39.03 wrist_flex.pos=+76.11 wrist_roll.pos=-2.85 gripper.pos=+4.27
DEBUG 2026-09-03 09:37:42 [action #87] t=4.22s step=86 queue=16 dmax=1.732 | shoulder_pan.pos=-4.20 shoulder_lift.pos=-49.98 elbow_flex.pos=+38.15 wrist_flex.pos=+76.06 wrist_roll.pos=-2.97 gripper.pos=+4.61
DEBUG 2026-09-03 09:37:42 [action #88] t=4.25s step=87 queue=15 dmax=1.410 | shoulder_pan.pos=-4.16 shoulder_lift.pos=-48.57 elbow_flex.pos=+37.65 wrist_flex.pos=+75.94 wrist_roll.pos=-2.90 gripper.pos=+4.85
DEBUG 2026-09-03 09:37:42 [action #89] t=4.28s step=88 queue=14 dmax=1.018 | shoulder_pan.pos=-4.60 shoulder_lift.pos=-47.67 elbow_flex.pos=+36.63 wrist_flex.pos=+76.08 wrist_roll.pos=-2.82 gripper.pos=+5.13
DEBUG 2026-09-03 09:37:42 [action #90] t=4.32s step=89 queue=13 dmax=0.851 | shoulder_pan.pos=-4.42 shoulder_lift.pos=-46.82 elbow_flex.pos=+35.85 wrist_flex.pos=+76.01 wrist_roll.pos=-2.88 gripper.pos=+5.77
DEBUG 2026-09-03 09:37:42 [action #91] t=4.35s step=90 queue=12 dmax=1.721 | shoulder_pan.pos=-4.75 shoulder_lift.pos=-45.43 elbow_flex.pos=+35.52 wrist_flex.pos=+76.27 wrist_roll.pos=-2.84 gripper.pos=+7.49
DEBUG 2026-09-03 09:37:42 [action #92] t=4.38s step=91 queue=11 dmax=2.636 | shoulder_pan.pos=-4.90 shoulder_lift.pos=-44.53 elbow_flex.pos=+35.30 wrist_flex.pos=+76.70 wrist_roll.pos=-2.87 gripper.pos=+10.12
DEBUG 2026-09-03 09:37:42 [action #93] t=4.42s step=92 queue=10 dmax=3.498 | shoulder_pan.pos=-4.83 shoulder_lift.pos=-44.56 elbow_flex.pos=+35.27 wrist_flex.pos=+77.59 wrist_roll.pos=-2.85 gripper.pos=+13.62
DEBUG 2026-09-03 09:37:42 [action #94] t=4.45s step=93 queue=9 dmax=3.878 | shoulder_pan.pos=-4.95 shoulder_lift.pos=-44.03 elbow_flex.pos=+34.50 wrist_flex.pos=+77.99 wrist_roll.pos=-2.92 gripper.pos=+17.50
DEBUG 2026-09-03 09:37:42 [action #95] t=4.48s step=94 queue=8 dmax=3.386 | shoulder_pan.pos=-4.75 shoulder_lift.pos=-43.54 elbow_flex.pos=+34.96 wrist_flex.pos=+78.18 wrist_roll.pos=-2.96 gripper.pos=+20.88
DEBUG 2026-09-03 09:37:42 [action #96] t=4.52s step=95 queue=7 dmax=2.336 | shoulder_pan.pos=-4.52 shoulder_lift.pos=-43.68 elbow_flex.pos=+35.65 wrist_flex.pos=+77.94 wrist_roll.pos=-2.81 gripper.pos=+23.22
DEBUG 2026-09-03 09:37:42 [action #97] t=4.55s step=96 queue=6 dmax=1.561 | shoulder_pan.pos=-4.81 shoulder_lift.pos=-42.77 elbow_flex.pos=+35.38 wrist_flex.pos=+77.88 wrist_roll.pos=-2.73 gripper.pos=+24.78
DEBUG 2026-09-03 09:37:42 [action #98] t=4.58s step=97 queue=5 dmax=0.540 | shoulder_pan.pos=-4.84 shoulder_lift.pos=-42.34 elbow_flex.pos=+35.62 wrist_flex.pos=+77.75 wrist_roll.pos=-2.67 gripper.pos=+25.32
DEBUG 2026-09-03 09:37:42 [action #99] t=4.62s step=98 queue=4 dmax=0.625 | shoulder_pan.pos=-4.83 shoulder_lift.pos=-42.97 elbow_flex.pos=+35.33 wrist_flex.pos=+77.61 wrist_roll.pos=-2.57 gripper.pos=+25.71
DEBUG 2026-09-03 09:37:42 [action #100] t=4.65s step=99 queue=3 dmax=0.964 | shoulder_pan.pos=-5.27 shoulder_lift.pos=-42.00 elbow_flex.pos=+35.68 wrist_flex.pos=+77.67 wrist_roll.pos=-2.46 gripper.pos=+26.16
DEBUG 2026-09-03 09:37:42 [action #101] t=4.68s step=100 queue=2 dmax=0.571 | shoulder_pan.pos=-4.91 shoulder_lift.pos=-42.01 elbow_flex.pos=+35.63 wrist_flex.pos=+77.62 wrist_roll.pos=-2.46 gripper.pos=+26.73
DEBUG 2026-09-03 09:37:42 [action #102] t=4.72s step=101 queue=1 dmax=0.937 | shoulder_pan.pos=-5.15 shoulder_lift.pos=-41.62 elbow_flex.pos=+34.70 wrist_flex.pos=+77.81 wrist_roll.pos=-2.34 gripper.pos=+27.39
DEBUG 2026-09-03 09:37:43 [chunk] received 50 actions, timesteps 80..129 | first: shoulder_pan.pos=-5.65 shoulder_lift.pos=-56.60 elbow_flex.pos=+43.56 wrist_flex.pos=+75.90 wrist_roll.pos=-3.63 gripper.pos=+4.92 | last: shoulder_pan.pos=-6.30 shoulder_lift.pos=-27.50 elbow_flex.pos=+40.90 wrist_flex.pos=+73.88 wrist_roll.pos=-2.59 gripper.pos=+38.89
DEBUG 2026-09-03 09:37:43 [action #103] t=4.95s step=102 queue=28 dmax=12.715 | shoulder_pan.pos=-5.84 shoulder_lift.pos=-51.76 elbow_flex.pos=+47.41 wrist_flex.pos=+77.73 wrist_roll.pos=-3.20 gripper.pos=+31.08
DEBUG 2026-09-03 09:37:43 [action #104] t=4.98s step=103 queue=27 dmax=0.592 | shoulder_pan.pos=-5.87 shoulder_lift.pos=-51.35 elbow_flex.pos=+47.54 wrist_flex.pos=+77.63 wrist_roll.pos=-3.13 gripper.pos=+31.67
DEBUG 2026-09-03 09:37:43 [action #105] t=5.02s step=104 queue=26 dmax=0.695 | shoulder_pan.pos=-5.56 shoulder_lift.pos=-50.66 elbow_flex.pos=+47.50 wrist_flex.pos=+77.63 wrist_roll.pos=-3.11 gripper.pos=+31.98
DEBUG 2026-09-03 09:37:43 [action #106] t=5.05s step=105 queue=25 dmax=0.364 | shoulder_pan.pos=-5.84 shoulder_lift.pos=-50.37 elbow_flex.pos=+47.62 wrist_flex.pos=+77.41 wrist_roll.pos=-3.03 gripper.pos=+32.35
DEBUG 2026-09-03 09:37:43 [action #107] t=5.08s step=106 queue=24 dmax=0.504 | shoulder_pan.pos=-5.76 shoulder_lift.pos=-49.87 elbow_flex.pos=+47.29 wrist_flex.pos=+77.62 wrist_roll.pos=-3.00 gripper.pos=+32.74
DEBUG 2026-09-03 09:37:43 [action #108] t=5.12s step=107 queue=23 dmax=1.129 | shoulder_pan.pos=-5.91 shoulder_lift.pos=-48.74 elbow_flex.pos=+47.34 wrist_flex.pos=+77.39 wrist_roll.pos=-2.98 gripper.pos=+33.37
DEBUG 2026-09-03 09:37:43 [action #109] t=5.15s step=108 queue=22 dmax=0.812 | shoulder_pan.pos=-5.65 shoulder_lift.pos=-47.93 elbow_flex.pos=+46.98 wrist_flex.pos=+77.29 wrist_roll.pos=-2.93 gripper.pos=+33.82
DEBUG 2026-09-03 09:37:43 [action #110] t=5.18s step=109 queue=21 dmax=0.733 | shoulder_pan.pos=-5.96 shoulder_lift.pos=-47.60 elbow_flex.pos=+46.89 wrist_flex.pos=+77.14 wrist_roll.pos=-2.92 gripper.pos=+34.56
DEBUG 2026-09-03 09:37:43 [action #111] t=5.22s step=110 queue=20 dmax=0.874 | shoulder_pan.pos=-5.78 shoulder_lift.pos=-47.56 elbow_flex.pos=+47.58 wrist_flex.pos=+77.20 wrist_roll.pos=-3.10 gripper.pos=+35.43
DEBUG 2026-09-03 09:37:43 [action #112] t=5.25s step=111 queue=19 dmax=1.278 | shoulder_pan.pos=-6.29 shoulder_lift.pos=-46.66 elbow_flex.pos=+46.88 wrist_flex.pos=+77.37 wrist_roll.pos=-2.98 gripper.pos=+36.71
DEBUG 2026-09-03 09:37:43 [action #113] t=5.28s step=112 queue=18 dmax=1.431 | shoulder_pan.pos=-6.16 shoulder_lift.pos=-45.23 elbow_flex.pos=+47.56 wrist_flex.pos=+76.89 wrist_roll.pos=-3.17 gripper.pos=+37.54
DEBUG 2026-09-03 09:37:43 [action #114] t=5.32s step=113 queue=17 dmax=2.660 | shoulder_pan.pos=-6.06 shoulder_lift.pos=-44.06 elbow_flex.pos=+44.90 wrist_flex.pos=+76.73 wrist_roll.pos=-3.22 gripper.pos=+38.50
DEBUG 2026-09-03 09:37:43 [action #115] t=5.35s step=114 queue=16 dmax=1.294 | shoulder_pan.pos=-6.28 shoulder_lift.pos=-42.77 elbow_flex.pos=+46.03 wrist_flex.pos=+76.79 wrist_roll.pos=-3.21 gripper.pos=+38.73
DEBUG 2026-09-03 09:37:43 [action #116] t=5.39s step=115 queue=15 dmax=1.198 | shoulder_pan.pos=-6.37 shoulder_lift.pos=-41.57 elbow_flex.pos=+45.58 wrist_flex.pos=+76.51 wrist_roll.pos=-3.18 gripper.pos=+38.76
DEBUG 2026-09-03 09:37:43 [action #117] t=5.42s step=116 queue=14 dmax=0.837 | shoulder_pan.pos=-6.29 shoulder_lift.pos=-41.02 elbow_flex.pos=+44.74 wrist_flex.pos=+76.60 wrist_roll.pos=-3.14 gripper.pos=+38.81
DEBUG 2026-09-03 09:37:43 [action #118] t=5.45s step=117 queue=13 dmax=1.358 | shoulder_pan.pos=-6.36 shoulder_lift.pos=-39.66 elbow_flex.pos=+44.73 wrist_flex.pos=+76.28 wrist_roll.pos=-3.07 gripper.pos=+38.68
DEBUG 2026-09-03 09:37:43 [action #119] t=5.49s step=118 queue=12 dmax=1.128 | shoulder_pan.pos=-6.40 shoulder_lift.pos=-38.54 elbow_flex.pos=+44.04 wrist_flex.pos=+76.24 wrist_roll.pos=-3.20 gripper.pos=+38.57
DEBUG 2026-09-03 09:37:43 [action #120] t=5.52s step=119 queue=11 dmax=0.882 | shoulder_pan.pos=-6.23 shoulder_lift.pos=-37.65 elbow_flex.pos=+43.68 wrist_flex.pos=+75.85 wrist_roll.pos=-3.10 gripper.pos=+38.60
DEBUG 2026-09-03 09:37:43 [action #121] t=5.55s step=120 queue=10 dmax=0.626 | shoulder_pan.pos=-6.35 shoulder_lift.pos=-37.03 elbow_flex.pos=+43.84 wrist_flex.pos=+75.85 wrist_roll.pos=-3.11 gripper.pos=+38.70
DEBUG 2026-09-03 09:37:43 [action #122] t=5.59s step=121 queue=9 dmax=0.682 | shoulder_pan.pos=-6.49 shoulder_lift.pos=-36.35 elbow_flex.pos=+43.38 wrist_flex.pos=+76.12 wrist_roll.pos=-2.97 gripper.pos=+38.71
DEBUG 2026-09-03 09:37:43 [action #123] t=5.62s step=122 queue=8 dmax=0.991 | shoulder_pan.pos=-6.17 shoulder_lift.pos=-35.35 elbow_flex.pos=+43.71 wrist_flex.pos=+75.49 wrist_roll.pos=-2.94 gripper.pos=+38.73
DEBUG 2026-09-03 09:37:43 [action #124] t=5.65s step=123 queue=7 dmax=1.095 | shoulder_pan.pos=-6.22 shoulder_lift.pos=-34.26 elbow_flex.pos=+42.99 wrist_flex.pos=+75.13 wrist_roll.pos=-2.89 gripper.pos=+38.75
DEBUG 2026-09-03 09:37:43 [action #125] t=5.69s step=124 queue=6 dmax=1.236 | shoulder_pan.pos=-6.14 shoulder_lift.pos=-33.02 elbow_flex.pos=+43.50 wrist_flex.pos=+75.07 wrist_roll.pos=-2.85 gripper.pos=+38.76
DEBUG 2026-09-03 09:37:43 [action #126] t=5.72s step=125 queue=5 dmax=0.860 | shoulder_pan.pos=-6.24 shoulder_lift.pos=-32.48 elbow_flex.pos=+42.64 wrist_flex.pos=+74.78 wrist_roll.pos=-2.78 gripper.pos=+38.80
DEBUG 2026-09-03 09:37:43 [action #127] t=5.75s step=126 queue=4 dmax=1.301 | shoulder_pan.pos=-6.15 shoulder_lift.pos=-31.18 elbow_flex.pos=+42.04 wrist_flex.pos=+74.52 wrist_roll.pos=-2.75 gripper.pos=+38.92
DEBUG 2026-09-03 09:37:43 [action #128] t=5.79s step=127 queue=3 dmax=1.263 | shoulder_pan.pos=-6.11 shoulder_lift.pos=-29.91 elbow_flex.pos=+42.47 wrist_flex.pos=+74.45 wrist_roll.pos=-2.76 gripper.pos=+38.84
DEBUG 2026-09-03 09:37:43 [action #129] t=5.82s step=128 queue=2 dmax=0.751 | shoulder_pan.pos=-6.41 shoulder_lift.pos=-29.16 elbow_flex.pos=+42.14 wrist_flex.pos=+74.36 wrist_roll.pos=-2.62 gripper.pos=+38.76
DEBUG 2026-09-03 09:37:43 [chunk] received 50 actions, timesteps 101..150 | first: shoulder_pan.pos=-4.86 shoulder_lift.pos=-42.22 elbow_flex.pos=+37.13 wrist_flex.pos=+78.24 wrist_roll.pos=-2.67 gripper.pos=+28.93 | last: shoulder_pan.pos=-7.65 shoulder_lift.pos=-15.48 elbow_flex.pos=+39.74 wrist_flex.pos=+65.57 wrist_roll.pos=+1.52 gripper.pos=+42.75
DEBUG 2026-09-03 09:37:43 [action #130] t=5.85s step=129 queue=22 dmax=4.390 | shoulder_pan.pos=-6.06 shoulder_lift.pos=-33.55 elbow_flex.pos=+42.33 wrist_flex.pos=+76.19 wrist_roll.pos=+0.01 gripper.pos=+40.58
DEBUG 2026-09-03 09:37:43 [action #131] t=5.89s step=130 queue=21 dmax=1.241 | shoulder_pan.pos=-6.11 shoulder_lift.pos=-34.79 elbow_flex.pos=+42.93 wrist_flex.pos=+76.57 wrist_roll.pos=+1.19 gripper.pos=+41.39
DEBUG 2026-09-03 09:37:44 [action #132] t=5.92s step=131 queue=20 dmax=0.563 | shoulder_pan.pos=-6.02 shoulder_lift.pos=-34.23 elbow_flex.pos=+43.41 wrist_flex.pos=+76.28 wrist_roll.pos=+1.26 gripper.pos=+41.36
DEBUG 2026-09-03 09:37:44 [action #133] t=5.95s step=132 queue=19 dmax=1.236 | shoulder_pan.pos=-6.42 shoulder_lift.pos=-32.99 elbow_flex.pos=+43.56 wrist_flex.pos=+75.80 wrist_roll.pos=+1.37 gripper.pos=+41.28
DEBUG 2026-09-03 09:37:44 [action #134] t=5.99s step=133 queue=18 dmax=1.489 | shoulder_pan.pos=-6.28 shoulder_lift.pos=-32.03 elbow_flex.pos=+42.07 wrist_flex.pos=+75.23 wrist_roll.pos=+1.35 gripper.pos=+41.31
DEBUG 2026-09-03 09:37:44 [action #135] t=6.02s step=134 queue=17 dmax=1.886 | shoulder_pan.pos=-6.48 shoulder_lift.pos=-30.15 elbow_flex.pos=+42.61 wrist_flex.pos=+74.92 wrist_roll.pos=+1.46 gripper.pos=+41.36
DEBUG 2026-09-03 09:37:44 [action #136] t=6.05s step=135 queue=16 dmax=1.091 | shoulder_pan.pos=-6.30 shoulder_lift.pos=-29.05 elbow_flex.pos=+42.21 wrist_flex.pos=+74.45 wrist_roll.pos=+1.45 gripper.pos=+41.39
DEBUG 2026-09-03 09:37:44 [action #137] t=6.09s step=136 queue=15 dmax=1.282 | shoulder_pan.pos=-6.78 shoulder_lift.pos=-27.77 elbow_flex.pos=+41.98 wrist_flex.pos=+74.23 wrist_roll.pos=+1.44 gripper.pos=+41.33
DEBUG 2026-09-03 09:37:44 [action #138] t=6.12s step=137 queue=14 dmax=0.904 | shoulder_pan.pos=-6.62 shoulder_lift.pos=-26.87 elbow_flex.pos=+41.35 wrist_flex.pos=+74.03 wrist_roll.pos=+1.36 gripper.pos=+41.48
DEBUG 2026-09-03 09:37:44 [action #139] t=6.15s step=138 queue=13 dmax=0.726 | shoulder_pan.pos=-6.58 shoulder_lift.pos=-26.14 elbow_flex.pos=+41.03 wrist_flex.pos=+73.74 wrist_roll.pos=+1.39 gripper.pos=+41.39
DEBUG 2026-09-03 09:37:44 [action #140] t=6.19s step=139 queue=12 dmax=1.865 | shoulder_pan.pos=-6.79 shoulder_lift.pos=-24.28 elbow_flex.pos=+40.35 wrist_flex.pos=+73.31 wrist_roll.pos=+1.34 gripper.pos=+41.47
DEBUG 2026-09-03 09:37:44 [action #141] t=6.22s step=140 queue=11 dmax=0.545 | shoulder_pan.pos=-7.33 shoulder_lift.pos=-23.76 elbow_flex.pos=+40.69 wrist_flex.pos=+72.83 wrist_roll.pos=+1.31 gripper.pos=+41.55
DEBUG 2026-09-03 09:37:44 [action #142] t=6.25s step=141 queue=10 dmax=1.584 | shoulder_pan.pos=-7.18 shoulder_lift.pos=-22.17 elbow_flex.pos=+40.46 wrist_flex.pos=+72.65 wrist_roll.pos=+1.34 gripper.pos=+41.69
DEBUG 2026-09-03 09:37:44 [action #143] t=6.29s step=142 queue=9 dmax=0.912 | shoulder_pan.pos=-7.26 shoulder_lift.pos=-21.68 elbow_flex.pos=+39.54 wrist_flex.pos=+71.91 wrist_roll.pos=+1.41 gripper.pos=+41.84
DEBUG 2026-09-03 09:37:44 [action #144] t=6.32s step=143 queue=8 dmax=0.845 | shoulder_pan.pos=-7.36 shoulder_lift.pos=-20.83 elbow_flex.pos=+39.99 wrist_flex.pos=+71.08 wrist_roll.pos=+1.49 gripper.pos=+41.94
DEBUG 2026-09-03 09:37:44 [action #145] t=6.36s step=144 queue=7 dmax=0.758 | shoulder_pan.pos=-7.29 shoulder_lift.pos=-20.38 elbow_flex.pos=+39.41 wrist_flex.pos=+70.32 wrist_roll.pos=+1.42 gripper.pos=+41.97
DEBUG 2026-09-03 09:37:44 [action #146] t=6.39s step=145 queue=6 dmax=1.049 | shoulder_pan.pos=-7.36 shoulder_lift.pos=-19.33 elbow_flex.pos=+39.79 wrist_flex.pos=+69.53 wrist_roll.pos=+1.43 gripper.pos=+42.14
DEBUG 2026-09-03 09:37:44 [action #147] t=6.42s step=146 queue=5 dmax=1.190 | shoulder_pan.pos=-7.56 shoulder_lift.pos=-18.56 elbow_flex.pos=+40.31 wrist_flex.pos=+68.34 wrist_roll.pos=+1.38 gripper.pos=+42.29
DEBUG 2026-09-03 09:37:44 [action #148] t=6.46s step=147 queue=4 dmax=1.132 | shoulder_pan.pos=-7.39 shoulder_lift.pos=-17.42 elbow_flex.pos=+39.97 wrist_flex.pos=+67.39 wrist_roll.pos=+1.48 gripper.pos=+42.43
DEBUG 2026-09-03 09:37:44 [action #149] t=6.49s step=148 queue=3 dmax=0.926 | shoulder_pan.pos=-7.56 shoulder_lift.pos=-16.50 elbow_flex.pos=+39.70 wrist_flex.pos=+66.60 wrist_roll.pos=+1.50 gripper.pos=+42.45
DEBUG 2026-09-03 09:37:44 [action #150] t=6.52s step=149 queue=2 dmax=0.932 | shoulder_pan.pos=-7.50 shoulder_lift.pos=-15.57 elbow_flex.pos=+40.06 wrist_flex.pos=+66.01 wrist_roll.pos=+1.58 gripper.pos=+42.70
DEBUG 2026-09-03 09:37:44 [action #151] t=6.56s step=150 queue=1 dmax=0.446 | shoulder_pan.pos=-7.65 shoulder_lift.pos=-15.48 elbow_flex.pos=+39.74 wrist_flex.pos=+65.57 wrist_roll.pos=+1.52 gripper.pos=+42.75
DEBUG 2026-09-03 09:37:44 [chunk] received 50 actions, timesteps 128..177 | first: shoulder_pan.pos=-6.45 shoulder_lift.pos=-29.38 elbow_flex.pos=+43.42 wrist_flex.pos=+74.65 wrist_roll.pos=-2.70 gripper.pos=+41.16 | last: shoulder_pan.pos=-0.95 shoulder_lift.pos=-12.33 elbow_flex.pos=+24.38 wrist_flex.pos=+76.53 wrist_roll.pos=-4.23 gripper.pos=+13.29
DEBUG 2026-09-03 09:37:44 [action #152] t=6.72s step=151 queue=27 dmax=9.431 | shoulder_pan.pos=-6.58 shoulder_lift.pos=-6.05 elbow_flex.pos=+34.95 wrist_flex.pos=+68.66 wrist_roll.pos=-3.29 gripper.pos=+40.80
DEBUG 2026-09-03 09:37:44 [action #153] t=6.76s step=152 queue=26 dmax=0.757 | shoulder_pan.pos=-6.82 shoulder_lift.pos=-5.29 elbow_flex.pos=+35.33 wrist_flex.pos=+68.42 wrist_roll.pos=-3.23 gripper.pos=+40.46
DEBUG 2026-09-03 09:37:44 [action #154] t=6.79s step=153 queue=25 dmax=0.918 | shoulder_pan.pos=-6.26 shoulder_lift.pos=-5.92 elbow_flex.pos=+34.68 wrist_flex.pos=+68.05 wrist_roll.pos=-3.56 gripper.pos=+39.54
DEBUG 2026-09-03 09:37:44 [action #155] t=6.82s step=154 queue=24 dmax=1.608 | shoulder_pan.pos=-6.39 shoulder_lift.pos=-4.58 elbow_flex.pos=+34.57 wrist_flex.pos=+67.75 wrist_roll.pos=-3.61 gripper.pos=+37.93
DEBUG 2026-09-03 09:37:44 [action #156] t=6.86s step=155 queue=23 dmax=2.403 | shoulder_pan.pos=-6.20 shoulder_lift.pos=-4.92 elbow_flex.pos=+34.94 wrist_flex.pos=+67.88 wrist_roll.pos=-3.61 gripper.pos=+35.53
DEBUG 2026-09-03 09:37:44 [action #157] t=6.89s step=156 queue=22 dmax=2.766 | shoulder_pan.pos=-6.05 shoulder_lift.pos=-4.93 elbow_flex.pos=+34.74 wrist_flex.pos=+67.79 wrist_roll.pos=-3.65 gripper.pos=+32.77
DEBUG 2026-09-03 09:37:45 [action #158] t=6.92s step=157 queue=21 dmax=3.190 | shoulder_pan.pos=-6.20 shoulder_lift.pos=-4.59 elbow_flex.pos=+34.82 wrist_flex.pos=+67.92 wrist_roll.pos=-3.77 gripper.pos=+29.57
DEBUG 2026-09-03 09:37:45 [action #159] t=6.96s step=158 queue=20 dmax=3.336 | shoulder_pan.pos=-6.05 shoulder_lift.pos=-4.23 elbow_flex.pos=+35.09 wrist_flex.pos=+67.89 wrist_roll.pos=-3.78 gripper.pos=+26.24
DEBUG 2026-09-03 09:37:45 [action #160] t=6.99s step=159 queue=19 dmax=3.585 | shoulder_pan.pos=-5.81 shoulder_lift.pos=-5.44 elbow_flex.pos=+33.95 wrist_flex.pos=+67.87 wrist_roll.pos=-3.76 gripper.pos=+22.65
DEBUG 2026-09-03 09:37:45 [action #161] t=7.02s step=160 queue=18 dmax=2.949 | shoulder_pan.pos=-5.63 shoulder_lift.pos=-4.71 elbow_flex.pos=+33.92 wrist_flex.pos=+67.80 wrist_roll.pos=-3.83 gripper.pos=+19.71
DEBUG 2026-09-03 09:37:45 [action #162] t=7.06s step=161 queue=17 dmax=2.480 | shoulder_pan.pos=-5.50 shoulder_lift.pos=-4.50 elbow_flex.pos=+34.62 wrist_flex.pos=+67.30 wrist_roll.pos=-4.12 gripper.pos=+17.23
DEBUG 2026-09-03 09:37:45 [action #163] t=7.09s step=162 queue=16 dmax=1.949 | shoulder_pan.pos=-5.19 shoulder_lift.pos=-5.19 elbow_flex.pos=+34.30 wrist_flex.pos=+67.54 wrist_roll.pos=-3.95 gripper.pos=+15.28
DEBUG 2026-09-03 09:37:45 [action #164] t=7.12s step=163 queue=15 dmax=1.248 | shoulder_pan.pos=-5.23 shoulder_lift.pos=-6.44 elbow_flex.pos=+34.40 wrist_flex.pos=+67.55 wrist_roll.pos=-4.19 gripper.pos=+14.11
DEBUG 2026-09-03 09:37:45 [action #165] t=7.16s step=164 queue=14 dmax=1.085 | shoulder_pan.pos=-5.00 shoulder_lift.pos=-5.35 elbow_flex.pos=+34.76 wrist_flex.pos=+67.78 wrist_roll.pos=-4.04 gripper.pos=+13.50
DEBUG 2026-09-03 09:37:45 [action #166] t=7.19s step=165 queue=13 dmax=1.434 | shoulder_pan.pos=-5.01 shoulder_lift.pos=-6.03 elbow_flex.pos=+33.32 wrist_flex.pos=+67.99 wrist_roll.pos=-3.95 gripper.pos=+13.15
DEBUG 2026-09-03 09:37:45 [action #167] t=7.22s step=166 queue=12 dmax=0.513 | shoulder_pan.pos=-5.32 shoulder_lift.pos=-5.70 elbow_flex.pos=+32.81 wrist_flex.pos=+68.38 wrist_roll.pos=-4.20 gripper.pos=+13.14
DEBUG 2026-09-03 09:37:45 [action #168] t=7.26s step=167 queue=11 dmax=0.674 | shoulder_pan.pos=-4.65 shoulder_lift.pos=-6.28 elbow_flex.pos=+32.83 wrist_flex.pos=+68.50 wrist_roll.pos=-4.19 gripper.pos=+13.27
DEBUG 2026-09-03 09:37:45 [action #169] t=7.29s step=168 queue=10 dmax=1.145 | shoulder_pan.pos=-4.58 shoulder_lift.pos=-6.89 elbow_flex.pos=+31.69 wrist_flex.pos=+68.97 wrist_roll.pos=-4.32 gripper.pos=+13.12
DEBUG 2026-09-03 09:37:45 [action #170] t=7.32s step=169 queue=9 dmax=0.966 | shoulder_pan.pos=-4.35 shoulder_lift.pos=-7.85 elbow_flex.pos=+31.67 wrist_flex.pos=+69.81 wrist_roll.pos=-4.35 gripper.pos=+13.28
DEBUG 2026-09-03 09:37:45 [action #171] t=7.36s step=170 queue=8 dmax=1.530 | shoulder_pan.pos=-4.02 shoulder_lift.pos=-8.96 elbow_flex.pos=+30.14 wrist_flex.pos=+70.67 wrist_roll.pos=-4.33 gripper.pos=+13.41
DEBUG 2026-09-03 09:37:45 [action #172] t=7.39s step=171 queue=7 dmax=0.707 | shoulder_pan.pos=-3.61 shoulder_lift.pos=-9.26 elbow_flex.pos=+30.16 wrist_flex.pos=+71.38 wrist_roll.pos=-4.50 gripper.pos=+13.53
DEBUG 2026-09-03 09:37:45 [action #173] t=7.43s step=172 queue=6 dmax=1.211 | shoulder_pan.pos=-3.66 shoulder_lift.pos=-8.68 elbow_flex.pos=+28.95 wrist_flex.pos=+72.38 wrist_roll.pos=-4.34 gripper.pos=+13.37
DEBUG 2026-09-03 09:37:45 [action #174] t=7.46s step=173 queue=5 dmax=1.161 | shoulder_pan.pos=-2.89 shoulder_lift.pos=-9.26 elbow_flex.pos=+27.79 wrist_flex.pos=+73.17 wrist_roll.pos=-4.25 gripper.pos=+13.39
DEBUG 2026-09-03 09:37:45 [action #175] t=7.49s step=174 queue=4 dmax=1.641 | shoulder_pan.pos=-2.51 shoulder_lift.pos=-10.90 elbow_flex.pos=+27.40 wrist_flex.pos=+74.04 wrist_roll.pos=-4.41 gripper.pos=+13.35
DEBUG 2026-09-03 09:37:45 [action #176] t=7.53s step=175 queue=3 dmax=1.283 | shoulder_pan.pos=-2.35 shoulder_lift.pos=-9.97 elbow_flex.pos=+26.12 wrist_flex.pos=+74.78 wrist_roll.pos=-4.26 gripper.pos=+13.22
DEBUG 2026-09-03 09:37:45 [action #177] t=7.56s step=176 queue=2 dmax=1.942 | shoulder_pan.pos=-1.52 shoulder_lift.pos=-11.91 elbow_flex.pos=+25.35 wrist_flex.pos=+75.61 wrist_roll.pos=-4.27 gripper.pos=+13.15
DEBUG 2026-09-03 09:37:45 [action #178] t=7.59s step=177 queue=1 dmax=0.977 | shoulder_pan.pos=-0.95 shoulder_lift.pos=-12.33 elbow_flex.pos=+24.38 wrist_flex.pos=+76.53 wrist_roll.pos=-4.23 gripper.pos=+13.29
DEBUG 2026-09-03 09:37:45 [chunk] received 50 actions, timesteps 150..199 | first: shoulder_pan.pos=-6.49 shoulder_lift.pos=-13.74 elbow_flex.pos=+38.11 wrist_flex.pos=+65.80 wrist_roll.pos=+0.17 gripper.pos=+38.92 | last: shoulder_pan.pos=+10.48 shoulder_lift.pos=-13.83 elbow_flex.pos=+1.49 wrist_flex.pos=+86.48 wrist_roll.pos=-1.68 gripper.pos=+13.20
DEBUG 2026-09-03 09:37:45 [action #179] t=7.63s step=178 queue=22 dmax=6.361 | shoulder_pan.pos=-3.11 shoulder_lift.pos=-6.62 elbow_flex.pos=+25.82 wrist_flex.pos=+70.17 wrist_roll.pos=-1.60 gripper.pos=+13.94
DEBUG 2026-09-03 09:37:45 [action #180] t=7.66s step=179 queue=21 dmax=1.697 | shoulder_pan.pos=-2.82 shoulder_lift.pos=-5.84 elbow_flex.pos=+24.12 wrist_flex.pos=+71.65 wrist_roll.pos=-1.79 gripper.pos=+13.36
DEBUG 2026-09-03 09:37:45 [action #181] t=7.69s step=180 queue=20 dmax=1.966 | shoulder_pan.pos=-2.23 shoulder_lift.pos=-6.11 elbow_flex.pos=+22.16 wrist_flex.pos=+72.92 wrist_roll.pos=-1.77 gripper.pos=+13.24
DEBUG 2026-09-03 09:37:45 [action #182] t=7.73s step=181 queue=19 dmax=1.359 | shoulder_pan.pos=-2.11 shoulder_lift.pos=-6.80 elbow_flex.pos=+21.04 wrist_flex.pos=+74.28 wrist_roll.pos=-1.96 gripper.pos=+13.17
DEBUG 2026-09-03 09:37:45 [action #183] t=7.76s step=182 queue=18 dmax=2.314 | shoulder_pan.pos=-1.79 shoulder_lift.pos=-6.64 elbow_flex.pos=+18.73 wrist_flex.pos=+75.78 wrist_roll.pos=-1.90 gripper.pos=+13.08
DEBUG 2026-09-03 09:37:45 [action #184] t=7.79s step=183 queue=17 dmax=1.891 | shoulder_pan.pos=-1.41 shoulder_lift.pos=-7.38 elbow_flex.pos=+16.84 wrist_flex.pos=+77.01 wrist_roll.pos=-1.84 gripper.pos=+13.06
DEBUG 2026-09-03 09:37:45 [action #185] t=7.83s step=184 queue=16 dmax=2.003 | shoulder_pan.pos=-0.77 shoulder_lift.pos=-7.40 elbow_flex.pos=+14.84 wrist_flex.pos=+78.44 wrist_roll.pos=-2.01 gripper.pos=+13.16
DEBUG 2026-09-03 09:37:45 [action #186] t=7.86s step=185 queue=15 dmax=1.648 | shoulder_pan.pos=-0.95 shoulder_lift.pos=-8.16 elbow_flex.pos=+13.19 wrist_flex.pos=+80.06 wrist_roll.pos=-2.01 gripper.pos=+13.21
DEBUG 2026-09-03 09:37:45 [action #187] t=7.89s step=186 queue=14 dmax=1.497 | shoulder_pan.pos=-0.43 shoulder_lift.pos=-8.80 elbow_flex.pos=+11.69 wrist_flex.pos=+81.32 wrist_roll.pos=-1.90 gripper.pos=+13.17
DEBUG 2026-09-03 09:37:46 [action #188] t=7.93s step=187 queue=13 dmax=2.829 | shoulder_pan.pos=+0.13 shoulder_lift.pos=-8.71 elbow_flex.pos=+8.86 wrist_flex.pos=+82.67 wrist_roll.pos=-1.90 gripper.pos=+13.25
DEBUG 2026-09-03 09:37:46 [action #189] t=7.96s step=188 queue=12 dmax=0.966 | shoulder_pan.pos=+0.99 shoulder_lift.pos=-8.75 elbow_flex.pos=+8.21 wrist_flex.pos=+83.64 wrist_roll.pos=-2.12 gripper.pos=+13.03
DEBUG 2026-09-03 09:37:46 [action #190] t=7.99s step=189 queue=11 dmax=1.445 | shoulder_pan.pos=+1.06 shoulder_lift.pos=-8.61 elbow_flex.pos=+6.77 wrist_flex.pos=+84.54 wrist_roll.pos=-2.16 gripper.pos=+13.12
DEBUG 2026-09-03 09:37:46 [action #191] t=8.03s step=190 queue=10 dmax=1.250 | shoulder_pan.pos=+1.98 shoulder_lift.pos=-9.44 elbow_flex.pos=+5.52 wrist_flex.pos=+85.33 wrist_roll.pos=-2.28 gripper.pos=+13.05
DEBUG 2026-09-03 09:37:46 [action #192] t=8.06s step=191 queue=9 dmax=1.321 | shoulder_pan.pos=+2.71 shoulder_lift.pos=-9.69 elbow_flex.pos=+4.20 wrist_flex.pos=+85.97 wrist_roll.pos=-2.28 gripper.pos=+13.08
DEBUG 2026-09-03 09:37:46 [action #193] t=8.09s step=192 queue=8 dmax=1.391 | shoulder_pan.pos=+3.84 shoulder_lift.pos=-10.06 elbow_flex.pos=+2.80 wrist_flex.pos=+86.66 wrist_roll.pos=-2.16 gripper.pos=+13.08
DEBUG 2026-09-03 09:37:46 [action #194] t=8.13s step=193 queue=7 dmax=0.768 | shoulder_pan.pos=+4.49 shoulder_lift.pos=-10.82 elbow_flex.pos=+2.35 wrist_flex.pos=+87.08 wrist_roll.pos=-2.11 gripper.pos=+13.12
DEBUG 2026-09-03 09:37:46 [action #195] t=8.16s step=194 queue=6 dmax=1.052 | shoulder_pan.pos=+5.55 shoulder_lift.pos=-10.76 elbow_flex.pos=+1.80 wrist_flex.pos=+87.26 wrist_roll.pos=-2.14 gripper.pos=+13.11
DEBUG 2026-09-03 09:37:46 [action #196] t=8.19s step=195 queue=5 dmax=1.325 | shoulder_pan.pos=+6.17 shoulder_lift.pos=-12.08 elbow_flex.pos=+1.75 wrist_flex.pos=+87.43 wrist_roll.pos=-2.20 gripper.pos=+13.10
DEBUG 2026-09-03 09:37:46 [action #197] t=8.23s step=196 queue=4 dmax=1.050 | shoulder_pan.pos=+7.22 shoulder_lift.pos=-11.55 elbow_flex.pos=+1.32 wrist_flex.pos=+87.28 wrist_roll.pos=-2.09 gripper.pos=+13.11
DEBUG 2026-09-03 09:37:46 [action #198] t=8.26s step=197 queue=3 dmax=1.319 | shoulder_pan.pos=+8.34 shoulder_lift.pos=-12.87 elbow_flex.pos=+1.75 wrist_flex.pos=+87.24 wrist_roll.pos=-2.10 gripper.pos=+13.19
DEBUG 2026-09-03 09:37:46 [action #199] t=8.29s step=198 queue=2 dmax=1.208 | shoulder_pan.pos=+9.55 shoulder_lift.pos=-13.71 elbow_flex.pos=+1.60 wrist_flex.pos=+86.95 wrist_roll.pos=-2.02 gripper.pos=+13.15
DEBUG 2026-09-03 09:37:46 [action #200] t=8.33s step=199 queue=1 dmax=0.936 | shoulder_pan.pos=+10.48 shoulder_lift.pos=-13.83 elbow_flex.pos=+1.49 wrist_flex.pos=+86.48 wrist_roll.pos=-1.68 gripper.pos=+13.20
DEBUG 2026-09-03 09:37:46 [chunk] received 50 actions, timesteps 177..226 | first: shoulder_pan.pos=-3.40 shoulder_lift.pos=-9.06 elbow_flex.pos=+23.11 wrist_flex.pos=+76.24 wrist_roll.pos=-4.61 gripper.pos=+11.05 | last: shoulder_pan.pos=+28.39 shoulder_lift.pos=+6.94 elbow_flex.pos=-14.32 wrist_flex.pos=+80.54 wrist_roll.pos=-1.43 gripper.pos=+12.21
DEBUG 2026-09-03 09:37:46 [action #201] t=8.50s step=200 queue=27 dmax=5.681 | shoulder_pan.pos=+14.18 shoulder_lift.pos=-19.51 elbow_flex.pos=+3.62 wrist_flex.pos=+86.30 wrist_roll.pos=-3.50 gripper.pos=+11.85
DEBUG 2026-09-03 09:37:46 [action #202] t=8.53s step=201 queue=26 dmax=0.594 | shoulder_pan.pos=+14.48 shoulder_lift.pos=-19.34 elbow_flex.pos=+4.21 wrist_flex.pos=+85.73 wrist_roll.pos=-3.51 gripper.pos=+12.11
DEBUG 2026-09-03 09:37:46 [action #203] t=8.56s step=202 queue=25 dmax=0.877 | shoulder_pan.pos=+15.36 shoulder_lift.pos=-18.94 elbow_flex.pos=+4.23 wrist_flex.pos=+85.55 wrist_roll.pos=-3.48 gripper.pos=+11.84
DEBUG 2026-09-03 09:37:46 [action #204] t=8.60s step=203 queue=24 dmax=0.619 | shoulder_pan.pos=+15.48 shoulder_lift.pos=-19.56 elbow_flex.pos=+3.98 wrist_flex.pos=+85.44 wrist_roll.pos=-3.37 gripper.pos=+11.86
DEBUG 2026-09-03 09:37:46 [action #205] t=8.63s step=204 queue=23 dmax=1.291 | shoulder_pan.pos=+16.77 shoulder_lift.pos=-18.70 elbow_flex.pos=+3.02 wrist_flex.pos=+84.84 wrist_roll.pos=-3.17 gripper.pos=+11.97
DEBUG 2026-09-03 09:37:46 [action #206] t=8.66s step=205 queue=22 dmax=0.969 | shoulder_pan.pos=+16.96 shoulder_lift.pos=-19.67 elbow_flex.pos=+3.36 wrist_flex.pos=+84.22 wrist_roll.pos=-3.15 gripper.pos=+12.10
DEBUG 2026-09-03 09:37:46 [action #207] t=8.70s step=206 queue=21 dmax=1.514 | shoulder_pan.pos=+18.11 shoulder_lift.pos=-18.15 elbow_flex.pos=+3.04 wrist_flex.pos=+83.49 wrist_roll.pos=-3.23 gripper.pos=+11.90
DEBUG 2026-09-03 09:37:46 [action #208] t=8.73s step=207 queue=20 dmax=1.099 | shoulder_pan.pos=+18.75 shoulder_lift.pos=-17.06 elbow_flex.pos=+2.17 wrist_flex.pos=+82.78 wrist_roll.pos=-3.12 gripper.pos=+11.93
DEBUG 2026-09-03 09:37:46 [action #209] t=8.76s step=208 queue=19 dmax=0.925 | shoulder_pan.pos=+19.29 shoulder_lift.pos=-16.57 elbow_flex.pos=+1.25 wrist_flex.pos=+82.39 wrist_roll.pos=-3.11 gripper.pos=+11.96
DEBUG 2026-09-03 09:37:46 [action #210] t=8.80s step=209 queue=18 dmax=0.597 | shoulder_pan.pos=+19.88 shoulder_lift.pos=-15.97 elbow_flex.pos=+0.69 wrist_flex.pos=+82.27 wrist_roll.pos=-3.10 gripper.pos=+12.13
DEBUG 2026-09-03 09:37:46 [action #211] t=8.83s step=210 queue=17 dmax=1.356 | shoulder_pan.pos=+20.43 shoulder_lift.pos=-14.87 elbow_flex.pos=-0.66 wrist_flex.pos=+81.60 wrist_roll.pos=-2.94 gripper.pos=+12.08
DEBUG 2026-09-03 09:37:46 [action #212] t=8.86s step=211 queue=16 dmax=1.053 | shoulder_pan.pos=+20.89 shoulder_lift.pos=-13.82 elbow_flex.pos=-1.68 wrist_flex.pos=+81.52 wrist_roll.pos=-2.75 gripper.pos=+11.98
DEBUG 2026-09-03 09:37:46 [action #213] t=8.90s step=212 queue=15 dmax=1.561 | shoulder_pan.pos=+21.41 shoulder_lift.pos=-12.26 elbow_flex.pos=-3.13 wrist_flex.pos=+81.06 wrist_roll.pos=-2.59 gripper.pos=+12.11
DEBUG 2026-09-03 09:37:47 [action #214] t=8.93s step=213 queue=14 dmax=0.430 | shoulder_pan.pos=+21.84 shoulder_lift.pos=-12.57 elbow_flex.pos=-2.72 wrist_flex.pos=+81.01 wrist_roll.pos=-2.75 gripper.pos=+12.27
DEBUG 2026-09-03 09:37:47 [action #215] t=8.96s step=214 queue=13 dmax=3.047 | shoulder_pan.pos=+22.18 shoulder_lift.pos=-9.53 elbow_flex.pos=-3.07 wrist_flex.pos=+80.87 wrist_roll.pos=-2.40 gripper.pos=+12.28
DEBUG 2026-09-03 09:37:47 [action #216] t=9.00s step=215 queue=12 dmax=1.863 | shoulder_pan.pos=+22.90 shoulder_lift.pos=-9.36 elbow_flex.pos=-4.93 wrist_flex.pos=+80.82 wrist_roll.pos=-2.52 gripper.pos=+12.12
DEBUG 2026-09-03 09:37:47 [action #217] t=9.03s step=216 queue=11 dmax=2.113 | shoulder_pan.pos=+23.09 shoulder_lift.pos=-7.25 elbow_flex.pos=-6.26 wrist_flex.pos=+80.57 wrist_roll.pos=-2.28 gripper.pos=+12.12
DEBUG 2026-09-03 09:37:47 [action #218] t=9.06s step=217 queue=10 dmax=0.955 | shoulder_pan.pos=+23.71 shoulder_lift.pos=-6.30 elbow_flex.pos=-6.95 wrist_flex.pos=+80.48 wrist_roll.pos=-2.19 gripper.pos=+12.11
DEBUG 2026-09-03 09:37:47 [action #219] t=9.10s step=218 queue=9 dmax=1.410 | shoulder_pan.pos=+24.24 shoulder_lift.pos=-4.88 elbow_flex.pos=-7.99 wrist_flex.pos=+80.18 wrist_roll.pos=-2.23 gripper.pos=+12.20
DEBUG 2026-09-03 09:37:47 [action #220] t=9.13s step=219 queue=8 dmax=2.113 | shoulder_pan.pos=+24.53 shoulder_lift.pos=-2.77 elbow_flex.pos=-9.04 wrist_flex.pos=+80.37 wrist_roll.pos=-2.16 gripper.pos=+12.23
DEBUG 2026-09-03 09:37:47 [action #221] t=9.16s step=220 queue=7 dmax=1.150 | shoulder_pan.pos=+25.55 shoulder_lift.pos=-2.11 elbow_flex.pos=-7.89 wrist_flex.pos=+80.22 wrist_roll.pos=-2.43 gripper.pos=+12.38
DEBUG 2026-09-03 09:37:47 [action #222] t=9.20s step=221 queue=6 dmax=2.585 | shoulder_pan.pos=+25.42 shoulder_lift.pos=+0.01 elbow_flex.pos=-10.48 wrist_flex.pos=+80.36 wrist_roll.pos=-2.02 gripper.pos=+12.20
DEBUG 2026-09-03 09:37:47 [action #223] t=9.23s step=222 queue=5 dmax=1.189 | shoulder_pan.pos=+26.30 shoulder_lift.pos=+1.20 elbow_flex.pos=-11.19 wrist_flex.pos=+80.59 wrist_roll.pos=-2.13 gripper.pos=+12.07
DEBUG 2026-09-03 09:37:47 [action #224] t=9.26s step=223 queue=4 dmax=2.307 | shoulder_pan.pos=+26.67 shoulder_lift.pos=+3.50 elbow_flex.pos=-12.70 wrist_flex.pos=+80.25 wrist_roll.pos=-2.04 gripper.pos=+12.29
DEBUG 2026-09-03 09:37:47 [action #225] t=9.30s step=224 queue=3 dmax=0.811 | shoulder_pan.pos=+27.48 shoulder_lift.pos=+3.75 elbow_flex.pos=-13.09 wrist_flex.pos=+80.18 wrist_roll.pos=-1.83 gripper.pos=+12.29
DEBUG 2026-09-03 09:37:47 [action #226] t=9.33s step=225 queue=2 dmax=2.267 | shoulder_pan.pos=+28.00 shoulder_lift.pos=+6.01 elbow_flex.pos=-14.44 wrist_flex.pos=+80.58 wrist_roll.pos=-1.46 gripper.pos=+12.16
DEBUG 2026-09-03 09:37:47 [chunk] received 50 actions, timesteps 199..248 | first: shoulder_pan.pos=+11.96 shoulder_lift.pos=-12.16 elbow_flex.pos=-4.20 wrist_flex.pos=+88.22 wrist_roll.pos=-1.84 gripper.pos=+12.35 | last: shoulder_pan.pos=+34.49 shoulder_lift.pos=+17.22 elbow_flex.pos=-19.01 wrist_flex.pos=+73.49 wrist_roll.pos=+1.55 gripper.pos=+12.64
DEBUG 2026-09-03 09:37:47 [action #227] t=9.37s step=226 queue=23 dmax=4.891 | shoulder_pan.pos=+30.66 shoulder_lift.pos=+1.12 elbow_flex.pos=-11.24 wrist_flex.pos=+77.79 wrist_roll.pos=+0.35 gripper.pos=+12.22
DEBUG 2026-09-03 09:37:47 [action #228] t=9.40s step=227 queue=22 dmax=1.530 | shoulder_pan.pos=+31.76 shoulder_lift.pos=-0.24 elbow_flex.pos=-10.43 wrist_flex.pos=+76.26 wrist_roll.pos=+1.13 gripper.pos=+12.24
DEBUG 2026-09-03 09:37:47 [action #229] t=9.43s step=228 queue=21 dmax=1.127 | shoulder_pan.pos=+32.12 shoulder_lift.pos=+0.52 elbow_flex.pos=-11.56 wrist_flex.pos=+76.04 wrist_roll.pos=+1.24 gripper.pos=+12.44
DEBUG 2026-09-03 09:37:47 [action #230] t=9.47s step=229 queue=20 dmax=1.455 | shoulder_pan.pos=+32.37 shoulder_lift.pos=+1.98 elbow_flex.pos=-12.15 wrist_flex.pos=+75.78 wrist_roll.pos=+1.47 gripper.pos=+12.05
DEBUG 2026-09-03 09:37:47 [action #231] t=9.50s step=230 queue=19 dmax=0.654 | shoulder_pan.pos=+32.73 shoulder_lift.pos=+2.63 elbow_flex.pos=-12.69 wrist_flex.pos=+75.54 wrist_roll.pos=+1.52 gripper.pos=+12.39
DEBUG 2026-09-03 09:37:47 [action #232] t=9.53s step=231 queue=18 dmax=2.094 | shoulder_pan.pos=+32.36 shoulder_lift.pos=+4.73 elbow_flex.pos=-13.01 wrist_flex.pos=+75.48 wrist_roll.pos=+1.62 gripper.pos=+12.27
DEBUG 2026-09-03 09:37:47 [action #233] t=9.57s step=232 queue=17 dmax=1.611 | shoulder_pan.pos=+32.79 shoulder_lift.pos=+5.30 elbow_flex.pos=-14.62 wrist_flex.pos=+75.55 wrist_roll.pos=+1.66 gripper.pos=+12.34
DEBUG 2026-09-03 09:37:47 [action #234] t=9.60s step=233 queue=16 dmax=1.396 | shoulder_pan.pos=+32.73 shoulder_lift.pos=+6.69 elbow_flex.pos=-15.10 wrist_flex.pos=+75.56 wrist_roll.pos=+1.61 gripper.pos=+12.26
DEBUG 2026-09-03 09:37:47 [action #235] t=9.63s step=234 queue=15 dmax=1.182 | shoulder_pan.pos=+33.24 shoulder_lift.pos=+7.87 elbow_flex.pos=-15.47 wrist_flex.pos=+75.32 wrist_roll.pos=+1.53 gripper.pos=+12.36
DEBUG 2026-09-03 09:37:47 [action #236] t=9.67s step=235 queue=14 dmax=0.949 | shoulder_pan.pos=+33.18 shoulder_lift.pos=+8.53 elbow_flex.pos=-16.41 wrist_flex.pos=+75.12 wrist_roll.pos=+1.48 gripper.pos=+12.11
DEBUG 2026-09-03 09:37:47 [action #237] t=9.70s step=236 queue=13 dmax=0.850 | shoulder_pan.pos=+33.35 shoulder_lift.pos=+9.38 elbow_flex.pos=-16.18 wrist_flex.pos=+75.42 wrist_roll.pos=+1.65 gripper.pos=+12.28
DEBUG 2026-09-03 09:37:47 [action #238] t=9.73s step=237 queue=12 dmax=0.946 | shoulder_pan.pos=+33.55 shoulder_lift.pos=+10.01 elbow_flex.pos=-17.13 wrist_flex.pos=+75.14 wrist_roll.pos=+1.64 gripper.pos=+12.22
DEBUG 2026-09-03 09:37:47 [action #239] t=9.77s step=238 queue=11 dmax=1.003 | shoulder_pan.pos=+33.63 shoulder_lift.pos=+11.01 elbow_flex.pos=-17.29 wrist_flex.pos=+75.06 wrist_roll.pos=+1.57 gripper.pos=+12.40
DEBUG 2026-09-03 09:37:47 [action #240] t=9.80s step=239 queue=10 dmax=1.550 | shoulder_pan.pos=+33.72 shoulder_lift.pos=+12.56 elbow_flex.pos=-17.88 wrist_flex.pos=+75.03 wrist_roll.pos=+1.66 gripper.pos=+12.25
DEBUG 2026-09-03 09:37:47 [action #241] t=9.83s step=240 queue=9 dmax=0.476 | shoulder_pan.pos=+33.91 shoulder_lift.pos=+12.09 elbow_flex.pos=-18.04 wrist_flex.pos=+75.18 wrist_roll.pos=+1.55 gripper.pos=+12.17
DEBUG 2026-09-03 09:37:47 [action #242] t=9.87s step=241 queue=8 dmax=1.616 | shoulder_pan.pos=+33.90 shoulder_lift.pos=+13.70 elbow_flex.pos=-18.67 wrist_flex.pos=+74.92 wrist_roll.pos=+1.57 gripper.pos=+12.29
DEBUG 2026-09-03 09:37:47 [action #243] t=9.90s step=242 queue=7 dmax=0.638 | shoulder_pan.pos=+34.27 shoulder_lift.pos=+13.64 elbow_flex.pos=-18.03 wrist_flex.pos=+75.04 wrist_roll.pos=+1.52 gripper.pos=+12.18
DEBUG 2026-09-03 09:37:48 [action #244] t=9.93s step=243 queue=6 dmax=0.638 | shoulder_pan.pos=+34.40 shoulder_lift.pos=+14.27 elbow_flex.pos=-18.25 wrist_flex.pos=+74.67 wrist_roll.pos=+1.67 gripper.pos=+12.27
DEBUG 2026-09-03 09:37:48 [action #245] t=9.97s step=244 queue=5 dmax=0.824 | shoulder_pan.pos=+34.44 shoulder_lift.pos=+15.10 elbow_flex.pos=-18.66 wrist_flex.pos=+74.49 wrist_roll.pos=+1.49 gripper.pos=+12.21
DEBUG 2026-09-03 09:37:48 [action #246] t=10.00s step=245 queue=4 dmax=1.299 | shoulder_pan.pos=+34.34 shoulder_lift.pos=+16.40 elbow_flex.pos=-18.22 wrist_flex.pos=+74.11 wrist_roll.pos=+1.46 gripper.pos=+12.50
DEBUG 2026-09-03 09:37:48 [action #247] t=10.03s step=246 queue=3 dmax=0.807 | shoulder_pan.pos=+34.64 shoulder_lift.pos=+15.59 elbow_flex.pos=-18.63 wrist_flex.pos=+73.91 wrist_roll.pos=+1.50 gripper.pos=+12.35
DEBUG 2026-09-03 09:37:48 [action #248] t=10.07s step=247 queue=2 dmax=1.513 | shoulder_pan.pos=+34.43 shoulder_lift.pos=+17.10 elbow_flex.pos=-18.47 wrist_flex.pos=+73.68 wrist_roll.pos=+1.40 gripper.pos=+12.35
DEBUG 2026-09-03 09:37:48 [action #249] t=10.10s step=248 queue=1 dmax=0.542 | shoulder_pan.pos=+34.49 shoulder_lift.pos=+17.22 elbow_flex.pos=-19.01 wrist_flex.pos=+73.49 wrist_roll.pos=+1.55 gripper.pos=+12.64
DEBUG 2026-09-03 09:37:48 [chunk] received 50 actions, timesteps 224..273 | first: shoulder_pan.pos=+27.69 shoulder_lift.pos=-2.80 elbow_flex.pos=-10.06 wrist_flex.pos=+78.79 wrist_roll.pos=-1.47 gripper.pos=+11.43 | last: shoulder_pan.pos=+35.83 shoulder_lift.pos=+13.87 elbow_flex.pos=-3.03 wrist_flex.pos=+58.63 wrist_roll.pos=+0.52 gripper.pos=+34.49
DEBUG 2026-09-03 09:37:48 [action #250] t=10.27s step=249 queue=25 dmax=11.966 | shoulder_pan.pos=+35.93 shoulder_lift.pos=+5.26 elbow_flex.pos=-8.22 wrist_flex.pos=+66.53 wrist_roll.pos=-0.16 gripper.pos=+11.38
DEBUG 2026-09-03 09:37:48 [action #251] t=10.30s step=250 queue=24 dmax=1.312 | shoulder_pan.pos=+35.84 shoulder_lift.pos=+6.57 elbow_flex.pos=-8.20 wrist_flex.pos=+66.39 wrist_roll.pos=-0.09 gripper.pos=+11.47
DEBUG 2026-09-03 09:37:48 [action #252] t=10.34s step=251 queue=23 dmax=0.376 | shoulder_pan.pos=+35.98 shoulder_lift.pos=+6.87 elbow_flex.pos=-8.42 wrist_flex.pos=+66.01 wrist_roll.pos=+0.12 gripper.pos=+11.52
DEBUG 2026-09-03 09:37:48 [action #253] t=10.37s step=252 queue=22 dmax=0.450 | shoulder_pan.pos=+36.16 shoulder_lift.pos=+7.32 elbow_flex.pos=-8.27 wrist_flex.pos=+65.80 wrist_roll.pos=+0.14 gripper.pos=+11.53
DEBUG 2026-09-03 09:37:48 [action #254] t=10.40s step=253 queue=21 dmax=0.801 | shoulder_pan.pos=+36.21 shoulder_lift.pos=+8.12 elbow_flex.pos=-8.39 wrist_flex.pos=+65.55 wrist_roll.pos=+0.27 gripper.pos=+11.59
DEBUG 2026-09-03 09:37:48 [action #255] t=10.44s step=254 queue=20 dmax=0.794 | shoulder_pan.pos=+36.19 shoulder_lift.pos=+8.92 elbow_flex.pos=-8.81 wrist_flex.pos=+65.24 wrist_roll.pos=+0.33 gripper.pos=+11.42
DEBUG 2026-09-03 09:37:48 [action #256] t=10.47s step=255 queue=19 dmax=0.449 | shoulder_pan.pos=+36.49 shoulder_lift.pos=+9.37 elbow_flex.pos=-8.67 wrist_flex.pos=+64.93 wrist_roll.pos=+0.37 gripper.pos=+11.51
DEBUG 2026-09-03 09:37:48 [action #257] t=10.50s step=256 queue=18 dmax=0.962 | shoulder_pan.pos=+36.51 shoulder_lift.pos=+10.33 elbow_flex.pos=-8.31 wrist_flex.pos=+64.54 wrist_roll.pos=+0.37 gripper.pos=+11.64
DEBUG 2026-09-03 09:37:48 [action #258] t=10.54s step=257 queue=17 dmax=0.501 | shoulder_pan.pos=+36.78 shoulder_lift.pos=+10.42 elbow_flex.pos=-8.65 wrist_flex.pos=+64.04 wrist_roll.pos=+0.32 gripper.pos=+11.47
DEBUG 2026-09-03 09:37:48 [action #259] t=10.57s step=258 queue=16 dmax=0.829 | shoulder_pan.pos=+36.51 shoulder_lift.pos=+11.25 elbow_flex.pos=-8.29 wrist_flex.pos=+63.68 wrist_roll.pos=+0.30 gripper.pos=+11.54
DEBUG 2026-09-03 09:37:48 [action #260] t=10.60s step=259 queue=15 dmax=0.662 | shoulder_pan.pos=+36.83 shoulder_lift.pos=+11.91 elbow_flex.pos=-7.89 wrist_flex.pos=+63.28 wrist_roll.pos=+0.44 gripper.pos=+11.48
DEBUG 2026-09-03 09:37:48 [action #261] t=10.64s step=260 queue=14 dmax=0.640 | shoulder_pan.pos=+36.85 shoulder_lift.pos=+11.95 elbow_flex.pos=-7.99 wrist_flex.pos=+62.64 wrist_roll.pos=+0.47 gripper.pos=+11.54
DEBUG 2026-09-03 09:37:48 [action #262] t=10.67s step=261 queue=13 dmax=0.813 | shoulder_pan.pos=+36.95 shoulder_lift.pos=+12.76 elbow_flex.pos=-7.70 wrist_flex.pos=+62.12 wrist_roll.pos=+0.41 gripper.pos=+11.66
DEBUG 2026-09-03 09:37:48 [action #263] t=10.70s step=262 queue=12 dmax=0.790 | shoulder_pan.pos=+36.74 shoulder_lift.pos=+13.55 elbow_flex.pos=-7.36 wrist_flex.pos=+61.50 wrist_roll.pos=+0.40 gripper.pos=+11.54
DEBUG 2026-09-03 09:37:48 [action #264] t=10.74s step=263 queue=11 dmax=0.789 | shoulder_pan.pos=+37.01 shoulder_lift.pos=+13.72 elbow_flex.pos=-6.57 wrist_flex.pos=+60.83 wrist_roll.pos=+0.38 gripper.pos=+11.78
DEBUG 2026-09-03 09:37:48 [action #265] t=10.77s step=264 queue=10 dmax=0.672 | shoulder_pan.pos=+36.91 shoulder_lift.pos=+14.21 elbow_flex.pos=-6.95 wrist_flex.pos=+60.16 wrist_roll.pos=+0.42 gripper.pos=+12.35
DEBUG 2026-09-03 09:37:48 [action #266] t=10.80s step=265 queue=9 dmax=1.266 | shoulder_pan.pos=+36.95 shoulder_lift.pos=+14.30 elbow_flex.pos=-5.68 wrist_flex.pos=+59.71 wrist_roll.pos=+0.43 gripper.pos=+13.09
DEBUG 2026-09-03 09:37:48 [action #267] t=10.84s step=266 queue=8 dmax=2.324 | shoulder_pan.pos=+36.67 shoulder_lift.pos=+14.23 elbow_flex.pos=-5.86 wrist_flex.pos=+59.01 wrist_roll.pos=+0.55 gripper.pos=+15.42
DEBUG 2026-09-03 09:37:48 [action #268] t=10.87s step=267 queue=7 dmax=4.331 | shoulder_pan.pos=+36.58 shoulder_lift.pos=+13.99 elbow_flex.pos=-5.20 wrist_flex.pos=+58.48 wrist_roll.pos=+0.44 gripper.pos=+19.75
DEBUG 2026-09-03 09:37:48 [action #269] t=10.90s step=268 queue=6 dmax=4.820 | shoulder_pan.pos=+36.34 shoulder_lift.pos=+14.56 elbow_flex.pos=-5.01 wrist_flex.pos=+58.51 wrist_roll.pos=+0.44 gripper.pos=+24.57
DEBUG 2026-09-03 09:37:49 [action #270] t=10.94s step=269 queue=5 dmax=3.981 | shoulder_pan.pos=+36.47 shoulder_lift.pos=+13.76 elbow_flex.pos=-4.32 wrist_flex.pos=+58.95 wrist_roll.pos=+0.35 gripper.pos=+28.55
DEBUG 2026-09-03 09:37:49 [action #271] t=10.97s step=270 queue=4 dmax=2.614 | shoulder_pan.pos=+36.35 shoulder_lift.pos=+14.14 elbow_flex.pos=-3.78 wrist_flex.pos=+58.77 wrist_roll.pos=+0.53 gripper.pos=+31.16
DEBUG 2026-09-03 09:37:49 [action #272] t=11.00s step=271 queue=3 dmax=1.449 | shoulder_pan.pos=+36.00 shoulder_lift.pos=+14.55 elbow_flex.pos=-3.68 wrist_flex.pos=+58.52 wrist_roll.pos=+0.55 gripper.pos=+32.61
DEBUG 2026-09-03 09:37:49 [action #273] t=11.04s step=272 queue=2 dmax=0.962 | shoulder_pan.pos=+35.95 shoulder_lift.pos=+14.03 elbow_flex.pos=-3.39 wrist_flex.pos=+58.36 wrist_roll.pos=+0.39 gripper.pos=+33.57
DEBUG 2026-09-03 09:37:49 [action #274] t=11.07s step=273 queue=1 dmax=0.922 | shoulder_pan.pos=+35.83 shoulder_lift.pos=+13.87 elbow_flex.pos=-3.03 wrist_flex.pos=+58.63 wrist_roll.pos=+0.52 gripper.pos=+34.49
DEBUG 2026-09-03 09:37:49 [chunk] received 50 actions, timesteps 248..297 | first: shoulder_pan.pos=+29.62 shoulder_lift.pos=+13.59 elbow_flex.pos=-16.95 wrist_flex.pos=+72.04 wrist_roll.pos=+1.28 gripper.pos=+12.08 | last: shoulder_pan.pos=+27.82 shoulder_lift.pos=+4.76 elbow_flex.pos=-15.63 wrist_flex.pos=+88.12 wrist_roll.pos=+3.72 gripper.pos=+35.34
DEBUG 2026-09-03 09:37:49 [action #275] t=11.14s step=274 queue=24 dmax=9.413 | shoulder_pan.pos=+32.86 shoulder_lift.pos=+16.54 elbow_flex.pos=-8.61 wrist_flex.pos=+68.04 wrist_roll.pos=+2.26 gripper.pos=+36.46
DEBUG 2026-09-03 09:37:49 [action #276] t=11.17s step=275 queue=23 dmax=0.234 | shoulder_pan.pos=+32.95 shoulder_lift.pos=+16.47 elbow_flex.pos=-8.68 wrist_flex.pos=+68.23 wrist_roll.pos=+2.36 gripper.pos=+36.22
DEBUG 2026-09-03 09:37:49 [action #277] t=11.20s step=276 queue=22 dmax=0.401 | shoulder_pan.pos=+33.11 shoulder_lift.pos=+16.22 elbow_flex.pos=-9.06 wrist_flex.pos=+68.51 wrist_roll.pos=+2.36 gripper.pos=+35.82
DEBUG 2026-09-03 09:37:49 [action #278] t=11.24s step=277 queue=21 dmax=0.461 | shoulder_pan.pos=+33.32 shoulder_lift.pos=+16.12 elbow_flex.pos=-8.70 wrist_flex.pos=+68.80 wrist_roll.pos=+2.50 gripper.pos=+35.36
DEBUG 2026-09-03 09:37:49 [action #279] t=11.27s step=278 queue=20 dmax=0.594 | shoulder_pan.pos=+33.32 shoulder_lift.pos=+15.53 elbow_flex.pos=-9.17 wrist_flex.pos=+69.17 wrist_roll.pos=+2.41 gripper.pos=+35.17
DEBUG 2026-09-03 09:37:49 [action #280] t=11.30s step=279 queue=19 dmax=0.443 | shoulder_pan.pos=+33.45 shoulder_lift.pos=+15.66 elbow_flex.pos=-9.07 wrist_flex.pos=+69.61 wrist_roll.pos=+2.59 gripper.pos=+35.01
DEBUG 2026-09-03 09:37:49 [action #281] t=11.34s step=280 queue=18 dmax=0.628 | shoulder_pan.pos=+33.36 shoulder_lift.pos=+15.36 elbow_flex.pos=-9.70 wrist_flex.pos=+70.09 wrist_roll.pos=+2.68 gripper.pos=+34.96
DEBUG 2026-09-03 09:37:49 [action #282] t=11.37s step=281 queue=17 dmax=0.697 | shoulder_pan.pos=+33.28 shoulder_lift.pos=+14.98 elbow_flex.pos=-9.92 wrist_flex.pos=+70.78 wrist_roll.pos=+2.74 gripper.pos=+35.02
DEBUG 2026-09-03 09:37:49 [action #283] t=11.41s step=282 queue=16 dmax=0.645 | shoulder_pan.pos=+33.38 shoulder_lift.pos=+14.47 elbow_flex.pos=-9.69 wrist_flex.pos=+71.43 wrist_roll.pos=+2.73 gripper.pos=+35.08
DEBUG 2026-09-03 09:37:49 [action #284] t=11.44s step=283 queue=15 dmax=0.707 | shoulder_pan.pos=+33.12 shoulder_lift.pos=+14.32 elbow_flex.pos=-10.30 wrist_flex.pos=+72.13 wrist_roll.pos=+2.89 gripper.pos=+35.04
DEBUG 2026-09-03 09:37:49 [action #285] t=11.47s step=284 queue=14 dmax=0.793 | shoulder_pan.pos=+32.82 shoulder_lift.pos=+13.52 elbow_flex.pos=-10.05 wrist_flex.pos=+72.92 wrist_roll.pos=+2.99 gripper.pos=+35.02
DEBUG 2026-09-03 09:37:49 [action #286] t=11.51s step=285 queue=13 dmax=0.950 | shoulder_pan.pos=+32.75 shoulder_lift.pos=+12.72 elbow_flex.pos=-10.68 wrist_flex.pos=+73.87 wrist_roll.pos=+3.08 gripper.pos=+35.18
DEBUG 2026-09-03 09:37:49 [action #287] t=11.54s step=286 queue=12 dmax=1.085 | shoulder_pan.pos=+32.34 shoulder_lift.pos=+11.69 elbow_flex.pos=-10.96 wrist_flex.pos=+74.96 wrist_roll.pos=+3.07 gripper.pos=+35.20
DEBUG 2026-09-03 09:37:49 [action #288] t=11.57s step=287 queue=11 dmax=0.985 | shoulder_pan.pos=+31.97 shoulder_lift.pos=+11.19 elbow_flex.pos=-10.83 wrist_flex.pos=+75.94 wrist_roll.pos=+3.11 gripper.pos=+35.49
DEBUG 2026-09-03 09:37:49 [action #289] t=11.61s step=288 queue=10 dmax=1.352 | shoulder_pan.pos=+31.38 shoulder_lift.pos=+10.23 elbow_flex.pos=-10.64 wrist_flex.pos=+77.29 wrist_roll.pos=+3.02 gripper.pos=+35.66
DEBUG 2026-09-03 09:37:49 [action #290] t=11.64s step=289 queue=9 dmax=1.283 | shoulder_pan.pos=+31.00 shoulder_lift.pos=+9.61 elbow_flex.pos=-11.21 wrist_flex.pos=+78.58 wrist_roll.pos=+3.08 gripper.pos=+35.79
DEBUG 2026-09-03 09:37:49 [action #291] t=11.67s step=290 queue=8 dmax=1.280 | shoulder_pan.pos=+30.51 shoulder_lift.pos=+8.83 elbow_flex.pos=-11.60 wrist_flex.pos=+79.86 wrist_roll.pos=+3.11 gripper.pos=+35.68
DEBUG 2026-09-03 09:37:49 [action #292] t=11.71s step=291 queue=7 dmax=1.147 | shoulder_pan.pos=+30.25 shoulder_lift.pos=+8.00 elbow_flex.pos=-12.34 wrist_flex.pos=+81.00 wrist_roll.pos=+3.11 gripper.pos=+35.54
DEBUG 2026-09-03 09:37:49 [action #293] t=11.74s step=292 queue=6 dmax=1.236 | shoulder_pan.pos=+29.96 shoulder_lift.pos=+7.80 elbow_flex.pos=-12.52 wrist_flex.pos=+82.24 wrist_roll.pos=+3.24 gripper.pos=+35.64
DEBUG 2026-09-03 09:37:49 [action #294] t=11.77s step=293 queue=5 dmax=1.032 | shoulder_pan.pos=+29.40 shoulder_lift.pos=+7.16 elbow_flex.pos=-12.90 wrist_flex.pos=+83.27 wrist_roll.pos=+3.24 gripper.pos=+35.48
DEBUG 2026-09-03 09:37:49 [action #295] t=11.81s step=294 queue=4 dmax=1.128 | shoulder_pan.pos=+29.25 shoulder_lift.pos=+6.44 elbow_flex.pos=-13.38 wrist_flex.pos=+84.40 wrist_roll.pos=+3.33 gripper.pos=+35.56
DEBUG 2026-09-03 09:37:49 [action #296] t=11.84s step=295 queue=3 dmax=1.252 | shoulder_pan.pos=+29.00 shoulder_lift.pos=+5.91 elbow_flex.pos=-14.07 wrist_flex.pos=+85.65 wrist_roll.pos=+3.52 gripper.pos=+35.41
DEBUG 2026-09-03 09:37:49 [action #297] t=11.87s step=296 queue=2 dmax=1.189 | shoulder_pan.pos=+28.38 shoulder_lift.pos=+5.27 elbow_flex.pos=-14.72 wrist_flex.pos=+86.84 wrist_roll.pos=+3.57 gripper.pos=+35.34
DEBUG 2026-09-03 09:37:49 [action #298] t=11.91s step=297 queue=1 dmax=1.283 | shoulder_pan.pos=+27.82 shoulder_lift.pos=+4.76 elbow_flex.pos=-15.63 wrist_flex.pos=+88.12 wrist_roll.pos=+3.72 gripper.pos=+35.34
DEBUG 2026-09-03 09:37:50 [chunk] received 50 actions, timesteps 273..322 | first: shoulder_pan.pos=+30.06 shoulder_lift.pos=+11.33 elbow_flex.pos=-3.61 wrist_flex.pos=+59.86 wrist_roll.pos=+1.25 gripper.pos=+34.45 | last: shoulder_pan.pos=+14.17 shoulder_lift.pos=-24.41 elbow_flex.pos=+12.24 wrist_flex.pos=+89.66 wrist_roll.pos=+4.83 gripper.pos=+12.27
DEBUG 2026-09-03 09:37:50 [action #299] t=12.04s step=298 queue=25 dmax=12.133 | shoulder_pan.pos=+30.71 shoulder_lift.pos=+3.09 elbow_flex.pos=-3.50 wrist_flex.pos=+76.28 wrist_roll.pos=+1.39 gripper.pos=+36.01
DEBUG 2026-09-03 09:37:50 [action #300] t=12.07s step=299 queue=24 dmax=1.967 | shoulder_pan.pos=+30.58 shoulder_lift.pos=+2.99 elbow_flex.pos=-5.01 wrist_flex.pos=+78.25 wrist_roll.pos=+1.48 gripper.pos=+35.97
DEBUG 2026-09-03 09:37:50 [action #301] t=12.11s step=300 queue=23 dmax=2.212 | shoulder_pan.pos=+30.13 shoulder_lift.pos=+3.39 elbow_flex.pos=-6.25 wrist_flex.pos=+80.46 wrist_roll.pos=+1.42 gripper.pos=+35.92
DEBUG 2026-09-03 09:37:50 [action #302] t=12.14s step=301 queue=22 dmax=2.087 | shoulder_pan.pos=+29.72 shoulder_lift.pos=+3.02 elbow_flex.pos=-6.97 wrist_flex.pos=+82.55 wrist_roll.pos=+1.47 gripper.pos=+35.84
DEBUG 2026-09-03 09:37:50 [action #303] t=12.17s step=302 queue=21 dmax=1.767 | shoulder_pan.pos=+29.23 shoulder_lift.pos=+2.33 elbow_flex.pos=-7.87 wrist_flex.pos=+84.31 wrist_roll.pos=+1.48 gripper.pos=+35.76
DEBUG 2026-09-03 09:37:50 [action #304] t=12.21s step=303 queue=20 dmax=1.622 | shoulder_pan.pos=+28.81 shoulder_lift.pos=+2.54 elbow_flex.pos=-9.11 wrist_flex.pos=+85.94 wrist_roll.pos=+1.45 gripper.pos=+35.71
DEBUG 2026-09-03 09:37:50 [action #305] t=12.24s step=304 queue=19 dmax=1.407 | shoulder_pan.pos=+28.42 shoulder_lift.pos=+1.50 elbow_flex.pos=-8.84 wrist_flex.pos=+87.34 wrist_roll.pos=+1.56 gripper.pos=+35.73
DEBUG 2026-09-03 09:37:50 [action #306] t=12.27s step=305 queue=18 dmax=0.970 | shoulder_pan.pos=+27.92 shoulder_lift.pos=+1.20 elbow_flex.pos=-9.62 wrist_flex.pos=+88.31 wrist_roll.pos=+1.62 gripper.pos=+35.78
DEBUG 2026-09-03 09:37:50 [action #307] t=12.31s step=306 queue=17 dmax=1.031 | shoulder_pan.pos=+27.73 shoulder_lift.pos=+0.17 elbow_flex.pos=-8.97 wrist_flex.pos=+89.13 wrist_roll.pos=+1.76 gripper.pos=+35.63
DEBUG 2026-09-03 09:37:50 [action #308] t=12.34s step=307 queue=16 dmax=0.842 | shoulder_pan.pos=+27.17 shoulder_lift.pos=-0.67 elbow_flex.pos=-8.61 wrist_flex.pos=+89.73 wrist_roll.pos=+1.93 gripper.pos=+35.53
DEBUG 2026-09-03 09:37:50 [action #309] t=12.38s step=308 queue=15 dmax=1.047 | shoulder_pan.pos=+26.69 shoulder_lift.pos=-1.72 elbow_flex.pos=-7.63 wrist_flex.pos=+90.19 wrist_roll.pos=+2.10 gripper.pos=+35.41
DEBUG 2026-09-03 09:37:50 [action #310] t=12.41s step=309 queue=14 dmax=1.592 | shoulder_pan.pos=+26.16 shoulder_lift.pos=-3.31 elbow_flex.pos=-7.85 wrist_flex.pos=+90.29 wrist_roll.pos=+2.15 gripper.pos=+35.05
DEBUG 2026-09-03 09:37:50 [action #311] t=12.44s step=310 queue=13 dmax=1.207 | shoulder_pan.pos=+25.65 shoulder_lift.pos=-4.52 elbow_flex.pos=-6.79 wrist_flex.pos=+90.67 wrist_roll.pos=+2.43 gripper.pos=+35.01
DEBUG 2026-09-03 09:37:50 [action #312] t=12.48s step=311 queue=12 dmax=1.308 | shoulder_pan.pos=+25.00 shoulder_lift.pos=-5.79 elbow_flex.pos=-5.49 wrist_flex.pos=+90.77 wrist_roll.pos=+2.61 gripper.pos=+34.81
DEBUG 2026-09-03 09:37:50 [action #313] t=12.51s step=312 queue=11 dmax=1.711 | shoulder_pan.pos=+24.09 shoulder_lift.pos=-7.50 elbow_flex.pos=-3.83 wrist_flex.pos=+90.85 wrist_roll.pos=+2.94 gripper.pos=+34.59
DEBUG 2026-09-03 09:37:50 [action #314] t=12.54s step=313 queue=10 dmax=1.890 | shoulder_pan.pos=+23.55 shoulder_lift.pos=-9.39 elbow_flex.pos=-2.36 wrist_flex.pos=+90.89 wrist_roll.pos=+3.30 gripper.pos=+34.25
DEBUG 2026-09-03 09:37:50 [action #315] t=12.58s step=314 queue=9 dmax=1.902 | shoulder_pan.pos=+22.52 shoulder_lift.pos=-11.29 elbow_flex.pos=-0.62 wrist_flex.pos=+90.72 wrist_roll.pos=+3.55 gripper.pos=+33.67
DEBUG 2026-09-03 09:37:50 [action #316] t=12.61s step=315 queue=8 dmax=1.789 | shoulder_pan.pos=+21.40 shoulder_lift.pos=-12.69 elbow_flex.pos=+1.17 wrist_flex.pos=+90.65 wrist_roll.pos=+3.87 gripper.pos=+32.69
DEBUG 2026-09-03 09:37:50 [action #317] t=12.64s step=316 queue=7 dmax=1.860 | shoulder_pan.pos=+20.50 shoulder_lift.pos=-14.55 elbow_flex.pos=+2.69 wrist_flex.pos=+90.67 wrist_roll.pos=+4.29 gripper.pos=+31.03
DEBUG 2026-09-03 09:37:50 [action #318] t=12.68s step=317 queue=6 dmax=2.337 | shoulder_pan.pos=+19.45 shoulder_lift.pos=-16.24 elbow_flex.pos=+4.57 wrist_flex.pos=+90.59 wrist_roll.pos=+4.47 gripper.pos=+28.69
DEBUG 2026-09-03 09:37:50 [action #319] t=12.71s step=318 queue=5 dmax=2.952 | shoulder_pan.pos=+18.35 shoulder_lift.pos=-17.89 elbow_flex.pos=+5.81 wrist_flex.pos=+90.52 wrist_roll.pos=+4.55 gripper.pos=+25.74
DEBUG 2026-09-03 09:37:50 [action #320] t=12.74s step=319 queue=4 dmax=3.441 | shoulder_pan.pos=+17.31 shoulder_lift.pos=-19.50 elbow_flex.pos=+7.58 wrist_flex.pos=+90.42 wrist_roll.pos=+4.59 gripper.pos=+22.30
DEBUG 2026-09-03 09:37:50 [action #321] t=12.78s step=320 queue=3 dmax=3.670 | shoulder_pan.pos=+16.36 shoulder_lift.pos=-21.09 elbow_flex.pos=+9.12 wrist_flex.pos=+90.37 wrist_roll.pos=+4.66 gripper.pos=+18.63
DEBUG 2026-09-03 09:37:50 [action #322] t=12.81s step=321 queue=2 dmax=3.525 | shoulder_pan.pos=+15.35 shoulder_lift.pos=-22.68 elbow_flex.pos=+10.74 wrist_flex.pos=+90.24 wrist_roll.pos=+4.87 gripper.pos=+15.10
DEBUG 2026-09-03 09:37:50 [action #323] t=12.84s step=322 queue=1 dmax=2.828 | shoulder_pan.pos=+14.17 shoulder_lift.pos=-24.41 elbow_flex.pos=+12.24 wrist_flex.pos=+89.66 wrist_roll.pos=+4.83 gripper.pos=+12.27
DEBUG 2026-09-03 09:37:51 [chunk] received 50 actions, timesteps 297..346 | first: shoulder_pan.pos=+28.78 shoulder_lift.pos=-3.04 elbow_flex.pos=-9.21 wrist_flex.pos=+91.64 wrist_roll.pos=+3.70 gripper.pos=+35.78 | last: shoulder_pan.pos=-0.86 shoulder_lift.pos=-77.57 elbow_flex.pos=+65.45 wrist_flex.pos=+69.76 wrist_roll.pos=+5.61 gripper.pos=+1.89
DEBUG 2026-09-03 09:37:51 [action #324] t=13.01s step=323 queue=24 dmax=7.265 | shoulder_pan.pos=+8.79 shoulder_lift.pos=-31.67 elbow_flex.pos=+12.07 wrist_flex.pos=+93.01 wrist_roll.pos=+3.52 gripper.pos=+7.54
DEBUG 2026-09-03 09:37:51 [action #325] t=13.04s step=324 queue=23 dmax=1.815 | shoulder_pan.pos=+8.06 shoulder_lift.pos=-32.85 elbow_flex.pos=+13.89 wrist_flex.pos=+92.51 wrist_roll.pos=+3.65 gripper.pos=+5.74
DEBUG 2026-09-03 09:37:51 [action #326] t=13.08s step=325 queue=22 dmax=1.664 | shoulder_pan.pos=+7.62 shoulder_lift.pos=-34.04 elbow_flex.pos=+15.10 wrist_flex.pos=+92.17 wrist_roll.pos=+3.51 gripper.pos=+4.08
DEBUG 2026-09-03 09:37:51 [action #327] t=13.11s step=326 queue=21 dmax=1.731 | shoulder_pan.pos=+6.99 shoulder_lift.pos=-35.36 elbow_flex.pos=+16.83 wrist_flex.pos=+91.47 wrist_roll.pos=+3.45 gripper.pos=+2.96
DEBUG 2026-09-03 09:37:51 [action #328] t=13.15s step=327 queue=20 dmax=2.030 | shoulder_pan.pos=+6.53 shoulder_lift.pos=-37.39 elbow_flex.pos=+18.71 wrist_flex.pos=+90.60 wrist_roll.pos=+3.43 gripper.pos=+2.33
DEBUG 2026-09-03 09:37:51 [action #329] t=13.18s step=328 queue=19 dmax=2.356 | shoulder_pan.pos=+5.79 shoulder_lift.pos=-38.98 elbow_flex.pos=+21.06 wrist_flex.pos=+89.70 wrist_roll.pos=+3.46 gripper.pos=+1.92
DEBUG 2026-09-03 09:37:51 [action #330] t=13.21s step=329 queue=18 dmax=2.430 | shoulder_pan.pos=+5.11 shoulder_lift.pos=-40.92 elbow_flex.pos=+23.49 wrist_flex.pos=+88.76 wrist_roll.pos=+3.69 gripper.pos=+1.79
DEBUG 2026-09-03 09:37:51 [action #331] t=13.25s step=330 queue=17 dmax=2.717 | shoulder_pan.pos=+4.46 shoulder_lift.pos=-43.21 elbow_flex.pos=+26.21 wrist_flex.pos=+87.38 wrist_roll.pos=+4.04 gripper.pos=+1.60
DEBUG 2026-09-03 09:37:51 [action #332] t=13.28s step=331 queue=16 dmax=2.727 | shoulder_pan.pos=+3.79 shoulder_lift.pos=-44.84 elbow_flex.pos=+28.94 wrist_flex.pos=+86.16 wrist_roll.pos=+4.11 gripper.pos=+1.69
DEBUG 2026-09-03 09:37:51 [action #333] t=13.31s step=332 queue=15 dmax=2.768 | shoulder_pan.pos=+3.42 shoulder_lift.pos=-47.55 elbow_flex.pos=+31.70 wrist_flex.pos=+85.06 wrist_roll.pos=+4.17 gripper.pos=+1.41
DEBUG 2026-09-03 09:37:51 [action #334] t=13.35s step=333 queue=14 dmax=2.794 | shoulder_pan.pos=+3.07 shoulder_lift.pos=-49.18 elbow_flex.pos=+34.50 wrist_flex.pos=+83.54 wrist_roll.pos=+4.09 gripper.pos=+1.64
DEBUG 2026-09-03 09:37:51 [action #335] t=13.38s step=334 queue=13 dmax=2.586 | shoulder_pan.pos=+2.72 shoulder_lift.pos=-51.76 elbow_flex.pos=+37.06 wrist_flex.pos=+81.99 wrist_roll.pos=+4.11 gripper.pos=+1.65
DEBUG 2026-09-03 09:37:51 [action #336] t=13.41s step=335 queue=12 dmax=2.334 | shoulder_pan.pos=+2.39 shoulder_lift.pos=-53.44 elbow_flex.pos=+39.40 wrist_flex.pos=+80.45 wrist_roll.pos=+4.04 gripper.pos=+1.71
DEBUG 2026-09-03 09:37:51 [action #337] t=13.45s step=336 queue=11 dmax=3.262 | shoulder_pan.pos=+1.97 shoulder_lift.pos=-55.59 elbow_flex.pos=+42.66 wrist_flex.pos=+78.73 wrist_roll.pos=+4.22 gripper.pos=+1.73
DEBUG 2026-09-03 09:37:51 [action #338] t=13.48s step=337 queue=10 dmax=2.087 | shoulder_pan.pos=+1.61 shoulder_lift.pos=-57.19 elbow_flex.pos=+44.75 wrist_flex.pos=+77.18 wrist_roll.pos=+4.17 gripper.pos=+1.73
DEBUG 2026-09-03 09:37:51 [action #339] t=13.51s step=338 queue=9 dmax=2.813 | shoulder_pan.pos=+1.44 shoulder_lift.pos=-59.77 elbow_flex.pos=+47.56 wrist_flex.pos=+76.04 wrist_roll.pos=+4.34 gripper.pos=+1.58
DEBUG 2026-09-03 09:37:51 [action #340] t=13.55s step=339 queue=8 dmax=2.547 | shoulder_pan.pos=+1.27 shoulder_lift.pos=-62.29 elbow_flex.pos=+50.11 wrist_flex.pos=+75.10 wrist_roll.pos=+4.22 gripper.pos=+1.79
DEBUG 2026-09-03 09:37:51 [action #341] t=13.58s step=340 queue=7 dmax=2.123 | shoulder_pan.pos=+0.83 shoulder_lift.pos=-64.22 elbow_flex.pos=+52.23 wrist_flex.pos=+74.22 wrist_roll.pos=+4.32 gripper.pos=+1.76
DEBUG 2026-09-03 09:37:51 [action #342] t=13.61s step=341 queue=6 dmax=2.783 | shoulder_pan.pos=+0.55 shoulder_lift.pos=-66.79 elbow_flex.pos=+55.01 wrist_flex.pos=+73.25 wrist_roll.pos=+4.44 gripper.pos=+1.79
DEBUG 2026-09-03 09:37:51 [action #343] t=13.65s step=342 queue=5 dmax=2.011 | shoulder_pan.pos=+0.40 shoulder_lift.pos=-68.80 elbow_flex.pos=+56.68 wrist_flex.pos=+72.58 wrist_roll.pos=+4.66 gripper.pos=+1.88
DEBUG 2026-09-03 09:37:51 [action #344] t=13.68s step=343 queue=4 dmax=2.996 | shoulder_pan.pos=+0.09 shoulder_lift.pos=-71.28 elbow_flex.pos=+59.68 wrist_flex.pos=+71.85 wrist_roll.pos=+4.78 gripper.pos=+1.78
DEBUG 2026-09-03 09:37:51 [action #345] t=13.71s step=344 queue=3 dmax=2.532 | shoulder_pan.pos=-0.10 shoulder_lift.pos=-73.81 elbow_flex.pos=+61.68 wrist_flex.pos=+71.44 wrist_roll.pos=+5.11 gripper.pos=+1.81
DEBUG 2026-09-03 09:37:51 [action #346] t=13.75s step=345 queue=2 dmax=2.212 | shoulder_pan.pos=-0.48 shoulder_lift.pos=-75.91 elbow_flex.pos=+63.89 wrist_flex.pos=+70.75 wrist_roll.pos=+5.29 gripper.pos=+1.83
DEBUG 2026-09-03 09:37:51 [action #347] t=13.78s step=346 queue=1 dmax=1.663 | shoulder_pan.pos=-0.86 shoulder_lift.pos=-77.57 elbow_flex.pos=+65.45 wrist_flex.pos=+69.76 wrist_roll.pos=+5.61 gripper.pos=+1.89
DEBUG 2026-09-03 09:37:51 [chunk] received 50 actions, timesteps 322..371 | first: shoulder_pan.pos=+11.04 shoulder_lift.pos=-30.08 elbow_flex.pos=+19.18 wrist_flex.pos=+88.70 wrist_roll.pos=+3.90 gripper.pos=+5.22 | last: shoulder_pan.pos=-6.07 shoulder_lift.pos=-104.55 elbow_flex.pos=+83.67 wrist_flex.pos=+74.44 wrist_roll.pos=+0.75 gripper.pos=+0.61
DEBUG 2026-09-03 09:37:51 [action #348] t=13.88s step=347 queue=25 dmax=9.316 | shoulder_pan.pos=-2.65 shoulder_lift.pos=-68.25 elbow_flex.pos=+61.96 wrist_flex.pos=+67.15 wrist_roll.pos=+2.82 gripper.pos=+1.00
DEBUG 2026-09-03 09:37:51 [action #349] t=13.91s step=348 queue=24 dmax=1.848 | shoulder_pan.pos=-2.67 shoulder_lift.pos=-70.10 elbow_flex.pos=+63.63 wrist_flex.pos=+66.55 wrist_roll.pos=+2.65 gripper.pos=+0.87
DEBUG 2026-09-03 09:37:52 [action #350] t=13.95s step=349 queue=23 dmax=2.263 | shoulder_pan.pos=-2.52 shoulder_lift.pos=-72.36 elbow_flex.pos=+65.43 wrist_flex.pos=+66.14 wrist_roll.pos=+2.55 gripper.pos=+0.64
DEBUG 2026-09-03 09:37:52 [action #351] t=13.98s step=350 queue=22 dmax=2.068 | shoulder_pan.pos=-2.96 shoulder_lift.pos=-74.43 elbow_flex.pos=+66.40 wrist_flex.pos=+65.84 wrist_roll.pos=+2.48 gripper.pos=+0.42
DEBUG 2026-09-03 09:37:52 [action #352] t=14.01s step=351 queue=21 dmax=2.259 | shoulder_pan.pos=-3.08 shoulder_lift.pos=-76.69 elbow_flex.pos=+68.01 wrist_flex.pos=+65.55 wrist_roll.pos=+2.71 gripper.pos=+0.41
DEBUG 2026-09-03 09:37:52 [action #353] t=14.05s step=352 queue=20 dmax=1.509 | shoulder_pan.pos=-3.14 shoulder_lift.pos=-78.20 elbow_flex.pos=+68.79 wrist_flex.pos=+65.01 wrist_roll.pos=+2.75 gripper.pos=+0.56
DEBUG 2026-09-03 09:37:52 [action #354] t=14.08s step=353 queue=19 dmax=2.459 | shoulder_pan.pos=-3.03 shoulder_lift.pos=-80.66 elbow_flex.pos=+70.64 wrist_flex.pos=+64.49 wrist_roll.pos=+2.69 gripper.pos=+0.76
DEBUG 2026-09-03 09:37:52 [action #355] t=14.12s step=354 queue=18 dmax=1.920 | shoulder_pan.pos=-3.30 shoulder_lift.pos=-82.58 elbow_flex.pos=+71.60 wrist_flex.pos=+63.80 wrist_roll.pos=+2.70 gripper.pos=+0.62
DEBUG 2026-09-03 09:37:52 [action #356] t=14.15s step=355 queue=17 dmax=1.613 | shoulder_pan.pos=-3.26 shoulder_lift.pos=-84.19 elbow_flex.pos=+73.19 wrist_flex.pos=+63.48 wrist_roll.pos=+2.60 gripper.pos=+0.61
DEBUG 2026-09-03 09:37:52 [action #357] t=14.18s step=356 queue=16 dmax=2.207 | shoulder_pan.pos=-3.56 shoulder_lift.pos=-86.40 elbow_flex.pos=+74.71 wrist_flex.pos=+63.09 wrist_roll.pos=+2.63 gripper.pos=+0.79
DEBUG 2026-09-03 09:37:52 [action #358] t=14.22s step=357 queue=15 dmax=1.715 | shoulder_pan.pos=-3.86 shoulder_lift.pos=-88.11 elbow_flex.pos=+75.29 wrist_flex.pos=+62.99 wrist_roll.pos=+2.60 gripper.pos=+0.68
DEBUG 2026-09-03 09:37:52 [action #359] t=14.25s step=358 queue=14 dmax=1.268 | shoulder_pan.pos=-4.37 shoulder_lift.pos=-89.38 elbow_flex.pos=+76.46 wrist_flex.pos=+63.18 wrist_roll.pos=+2.58 gripper.pos=+0.84
DEBUG 2026-09-03 09:37:52 [action #360] t=14.28s step=359 queue=13 dmax=2.649 | shoulder_pan.pos=-4.74 shoulder_lift.pos=-92.03 elbow_flex.pos=+77.78 wrist_flex.pos=+63.15 wrist_roll.pos=+2.87 gripper.pos=+0.80
DEBUG 2026-09-03 09:37:52 [action #361] t=14.32s step=360 queue=12 dmax=1.482 | shoulder_pan.pos=-4.87 shoulder_lift.pos=-93.51 elbow_flex.pos=+78.67 wrist_flex.pos=+63.31 wrist_roll.pos=+2.89 gripper.pos=+0.76
DEBUG 2026-09-03 09:37:52 [action #362] t=14.35s step=361 queue=11 dmax=1.612 | shoulder_pan.pos=-5.13 shoulder_lift.pos=-95.13 elbow_flex.pos=+79.78 wrist_flex.pos=+63.85 wrist_roll.pos=+2.67 gripper.pos=+0.75
DEBUG 2026-09-03 09:37:52 [action #363] t=14.38s step=362 queue=10 dmax=1.918 | shoulder_pan.pos=-5.40 shoulder_lift.pos=-97.04 elbow_flex.pos=+81.14 wrist_flex.pos=+64.16 wrist_roll.pos=+2.73 gripper.pos=+0.76
DEBUG 2026-09-03 09:37:52 [action #364] t=14.42s step=363 queue=9 dmax=2.062 | shoulder_pan.pos=-5.21 shoulder_lift.pos=-99.11 elbow_flex.pos=+82.38 wrist_flex.pos=+64.91 wrist_roll.pos=+2.61 gripper.pos=+0.70
DEBUG 2026-09-03 09:37:52 [action #365] t=14.45s step=364 queue=8 dmax=1.872 | shoulder_pan.pos=-5.37 shoulder_lift.pos=-100.98 elbow_flex.pos=+83.35 wrist_flex.pos=+66.21 wrist_roll.pos=+2.15 gripper.pos=+0.77
DEBUG 2026-09-03 09:37:52 [action #366] t=14.48s step=365 queue=7 dmax=1.810 | shoulder_pan.pos=-5.52 shoulder_lift.pos=-102.00 elbow_flex.pos=+83.34 wrist_flex.pos=+68.02 wrist_roll.pos=+1.45 gripper.pos=+0.80
DEBUG 2026-09-03 09:37:52 [action #367] t=14.52s step=366 queue=6 dmax=1.533 | shoulder_pan.pos=-5.58 shoulder_lift.pos=-102.62 elbow_flex.pos=+82.90 wrist_flex.pos=+69.55 wrist_roll.pos=+0.99 gripper.pos=+0.62
DEBUG 2026-09-03 09:37:52 [action #368] t=14.55s step=367 queue=5 dmax=1.572 | shoulder_pan.pos=-5.64 shoulder_lift.pos=-103.46 elbow_flex.pos=+83.77 wrist_flex.pos=+71.12 wrist_roll.pos=+0.42 gripper.pos=+0.60
DEBUG 2026-09-03 09:37:52 [action #369] t=14.58s step=368 queue=4 dmax=0.961 | shoulder_pan.pos=-5.58 shoulder_lift.pos=-103.61 elbow_flex.pos=+83.94 wrist_flex.pos=+72.08 wrist_roll.pos=+0.48 gripper.pos=+0.63
DEBUG 2026-09-03 09:37:52 [action #370] t=14.62s step=369 queue=3 dmax=1.245 | shoulder_pan.pos=-5.72 shoulder_lift.pos=-104.40 elbow_flex.pos=+83.47 wrist_flex.pos=+73.33 wrist_roll.pos=+0.70 gripper.pos=+0.60
DEBUG 2026-09-03 09:37:52 [action #371] t=14.65s step=370 queue=2 dmax=0.642 | shoulder_pan.pos=-5.89 shoulder_lift.pos=-104.34 elbow_flex.pos=+84.07 wrist_flex.pos=+73.97 wrist_roll.pos=+0.53 gripper.pos=+0.58
DEBUG 2026-09-03 09:37:52 [action #372] t=14.68s step=371 queue=1 dmax=0.472 | shoulder_pan.pos=-6.07 shoulder_lift.pos=-104.55 elbow_flex.pos=+83.67 wrist_flex.pos=+74.44 wrist_roll.pos=+0.75 gripper.pos=+0.61
DEBUG 2026-09-03 09:37:52 [chunk] received 50 actions, timesteps 346..395 | first: shoulder_pan.pos=-0.45 shoulder_lift.pos=-80.49 elbow_flex.pos=+68.66 wrist_flex.pos=+69.65 wrist_roll.pos=+4.06 gripper.pos=+1.37 | last: shoulder_pan.pos=-3.78 shoulder_lift.pos=-102.55 elbow_flex.pos=+89.02 wrist_flex.pos=+78.17 wrist_roll.pos=-2.83 gripper.pos=+0.43
DEBUG 2026-09-03 09:37:52 [action #373] t=14.78s step=372 queue=24 dmax=4.909 | shoulder_pan.pos=-4.23 shoulder_lift.pos=-102.81 elbow_flex.pos=+86.85 wrist_flex.pos=+79.35 wrist_roll.pos=-3.15 gripper.pos=+0.53
DEBUG 2026-09-03 09:37:52 [action #374] t=14.82s step=373 queue=23 dmax=0.474 | shoulder_pan.pos=-3.75 shoulder_lift.pos=-102.73 elbow_flex.pos=+86.95 wrist_flex.pos=+79.41 wrist_roll.pos=-3.19 gripper.pos=+0.35
DEBUG 2026-09-03 09:37:52 [action #375] t=14.85s step=374 queue=22 dmax=0.218 | shoulder_pan.pos=-3.92 shoulder_lift.pos=-102.64 elbow_flex.pos=+86.80 wrist_flex.pos=+79.23 wrist_roll.pos=-2.97 gripper.pos=+0.37
DEBUG 2026-09-03 09:37:52 [action #376] t=14.88s step=375 queue=21 dmax=1.039 | shoulder_pan.pos=-3.91 shoulder_lift.pos=-103.40 elbow_flex.pos=+87.83 wrist_flex.pos=+78.95 wrist_roll.pos=-2.88 gripper.pos=+0.21
DEBUG 2026-09-03 09:37:53 [action #377] t=14.92s step=376 queue=20 dmax=0.896 | shoulder_pan.pos=-3.97 shoulder_lift.pos=-102.51 elbow_flex.pos=+87.68 wrist_flex.pos=+78.96 wrist_roll.pos=-2.67 gripper.pos=+0.47
DEBUG 2026-09-03 09:37:53 [action #378] t=14.95s step=377 queue=19 dmax=0.252 | shoulder_pan.pos=-4.04 shoulder_lift.pos=-102.26 elbow_flex.pos=+87.77 wrist_flex.pos=+78.83 wrist_roll.pos=-2.62 gripper.pos=+0.41
DEBUG 2026-09-03 09:37:53 [action #379] t=14.98s step=378 queue=18 dmax=0.503 | shoulder_pan.pos=-4.11 shoulder_lift.pos=-102.75 elbow_flex.pos=+88.27 wrist_flex.pos=+78.68 wrist_roll.pos=-2.67 gripper.pos=+0.39
DEBUG 2026-09-03 09:37:53 [action #380] t=15.02s step=379 queue=17 dmax=0.427 | shoulder_pan.pos=-4.11 shoulder_lift.pos=-102.32 elbow_flex.pos=+88.29 wrist_flex.pos=+78.64 wrist_roll.pos=-2.60 gripper.pos=+0.36
DEBUG 2026-09-03 09:37:53 [action #381] t=15.05s step=380 queue=16 dmax=0.966 | shoulder_pan.pos=-4.19 shoulder_lift.pos=-102.82 elbow_flex.pos=+89.26 wrist_flex.pos=+78.71 wrist_roll.pos=-2.59 gripper.pos=+0.34
DEBUG 2026-09-03 09:37:53 [action #382] t=15.08s step=381 queue=15 dmax=0.513 | shoulder_pan.pos=-4.27 shoulder_lift.pos=-102.45 elbow_flex.pos=+88.74 wrist_flex.pos=+78.76 wrist_roll.pos=-2.66 gripper.pos=+0.48
DEBUG 2026-09-03 09:37:53 [action #383] t=15.12s step=382 queue=14 dmax=0.504 | shoulder_pan.pos=-4.55 shoulder_lift.pos=-102.95 elbow_flex.pos=+88.72 wrist_flex.pos=+78.57 wrist_roll.pos=-2.62 gripper.pos=+0.44
DEBUG 2026-09-03 09:37:53 [action #384] t=15.15s step=383 queue=13 dmax=1.372 | shoulder_pan.pos=-4.34 shoulder_lift.pos=-102.30 elbow_flex.pos=+90.09 wrist_flex.pos=+78.41 wrist_roll.pos=-2.69 gripper.pos=+0.44
DEBUG 2026-09-03 09:37:53 [action #385] t=15.19s step=384 queue=12 dmax=1.519 | shoulder_pan.pos=-4.16 shoulder_lift.pos=-102.37 elbow_flex.pos=+88.57 wrist_flex.pos=+78.54 wrist_roll.pos=-2.67 gripper.pos=+0.46
DEBUG 2026-09-03 09:37:53 [action #386] t=15.22s step=385 queue=11 dmax=0.509 | shoulder_pan.pos=-4.23 shoulder_lift.pos=-102.19 elbow_flex.pos=+89.08 wrist_flex.pos=+78.48 wrist_roll.pos=-2.59 gripper.pos=+0.46
DEBUG 2026-09-03 09:37:53 [action #387] t=15.25s step=386 queue=10 dmax=0.571 | shoulder_pan.pos=-4.58 shoulder_lift.pos=-102.76 elbow_flex.pos=+89.27 wrist_flex.pos=+78.38 wrist_roll.pos=-2.59 gripper.pos=+0.35
DEBUG 2026-09-03 09:37:53 [action #388] t=15.29s step=387 queue=9 dmax=0.239 | shoulder_pan.pos=-4.56 shoulder_lift.pos=-103.00 elbow_flex.pos=+89.33 wrist_flex.pos=+78.48 wrist_roll.pos=-2.64 gripper.pos=+0.46
DEBUG 2026-09-03 09:37:53 [action #389] t=15.32s step=388 queue=8 dmax=1.136 | shoulder_pan.pos=-4.45 shoulder_lift.pos=-101.86 elbow_flex.pos=+88.92 wrist_flex.pos=+78.42 wrist_roll.pos=-2.67 gripper.pos=+0.56
DEBUG 2026-09-03 09:37:53 [action #390] t=15.35s step=389 queue=7 dmax=0.513 | shoulder_pan.pos=-3.94 shoulder_lift.pos=-102.07 elbow_flex.pos=+88.99 wrist_flex.pos=+78.34 wrist_roll.pos=-2.74 gripper.pos=+0.45
DEBUG 2026-09-03 09:37:53 [action #391] t=15.39s step=390 queue=6 dmax=0.524 | shoulder_pan.pos=-3.96 shoulder_lift.pos=-102.60 elbow_flex.pos=+88.90 wrist_flex.pos=+78.31 wrist_roll.pos=-2.68 gripper.pos=+0.56
DEBUG 2026-09-03 09:37:53 [action #392] t=15.42s step=391 queue=5 dmax=0.781 | shoulder_pan.pos=-3.70 shoulder_lift.pos=-102.51 elbow_flex.pos=+89.68 wrist_flex.pos=+78.21 wrist_roll.pos=-2.72 gripper.pos=+0.42
DEBUG 2026-09-03 09:37:53 [action #393] t=15.45s step=392 queue=4 dmax=0.799 | shoulder_pan.pos=-3.77 shoulder_lift.pos=-102.39 elbow_flex.pos=+88.88 wrist_flex.pos=+78.19 wrist_roll.pos=-2.73 gripper.pos=+0.45
DEBUG 2026-09-03 09:37:53 [action #394] t=15.49s step=393 queue=3 dmax=0.408 | shoulder_pan.pos=-3.95 shoulder_lift.pos=-101.98 elbow_flex.pos=+88.64 wrist_flex.pos=+78.23 wrist_roll.pos=-2.76 gripper.pos=+0.44
DEBUG 2026-09-03 09:37:53 [action #395] t=15.52s step=394 queue=2 dmax=0.191 | shoulder_pan.pos=-3.76 shoulder_lift.pos=-101.87 elbow_flex.pos=+88.74 wrist_flex.pos=+78.07 wrist_roll.pos=-2.71 gripper.pos=+0.36
DEBUG 2026-09-03 09:37:53 [action #396] t=15.55s step=395 queue=1 dmax=0.674 | shoulder_pan.pos=-3.78 shoulder_lift.pos=-102.55 elbow_flex.pos=+89.02 wrist_flex.pos=+78.17 wrist_roll.pos=-2.83 gripper.pos=+0.43
DEBUG 2026-09-03 09:37:53 [chunk] received 50 actions, timesteps 371..420 | first: shoulder_pan.pos=-6.26 shoulder_lift.pos=-102.25 elbow_flex.pos=+85.43 wrist_flex.pos=+76.96 wrist_roll.pos=+0.72 gripper.pos=+0.24 | last: shoulder_pan.pos=-3.52 shoulder_lift.pos=-102.53 elbow_flex.pos=+86.60 wrist_flex.pos=+77.75 wrist_roll.pos=-2.06 gripper.pos=+0.23
DEBUG 2026-09-03 09:37:53 [action #397] t=15.79s step=396 queue=25 dmax=2.736 | shoulder_pan.pos=-3.46 shoulder_lift.pos=-102.21 elbow_flex.pos=+86.28 wrist_flex.pos=+77.73 wrist_roll.pos=-1.87 gripper.pos=+0.21
DEBUG 2026-09-03 09:37:53 [action #398] t=15.82s step=397 queue=24 dmax=0.788 | shoulder_pan.pos=-3.46 shoulder_lift.pos=-102.41 elbow_flex.pos=+87.07 wrist_flex.pos=+77.74 wrist_roll.pos=-1.95 gripper.pos=+0.16
DEBUG 2026-09-03 09:37:53 [action #399] t=15.85s step=398 queue=23 dmax=0.736 | shoulder_pan.pos=-3.62 shoulder_lift.pos=-102.56 elbow_flex.pos=+86.33 wrist_flex.pos=+77.66 wrist_roll.pos=-2.03 gripper.pos=+0.22
DEBUG 2026-09-03 09:37:53 [action #400] t=15.89s step=399 queue=22 dmax=0.350 | shoulder_pan.pos=-3.61 shoulder_lift.pos=-102.48 elbow_flex.pos=+86.68 wrist_flex.pos=+77.64 wrist_roll.pos=-2.08 gripper.pos=+0.18
DEBUG 2026-09-03 09:37:54 [action #401] t=15.92s step=400 queue=21 dmax=0.196 | shoulder_pan.pos=-3.41 shoulder_lift.pos=-102.59 elbow_flex.pos=+86.63 wrist_flex.pos=+77.59 wrist_roll.pos=-2.23 gripper.pos=+0.24
DEBUG 2026-09-03 09:37:54 [action #402] t=15.95s step=401 queue=20 dmax=0.533 | shoulder_pan.pos=-3.48 shoulder_lift.pos=-102.06 elbow_flex.pos=+86.47 wrist_flex.pos=+77.69 wrist_roll.pos=-2.34 gripper.pos=+0.23
DEBUG 2026-09-03 09:37:54 [action #403] t=15.99s step=402 queue=19 dmax=0.199 | shoulder_pan.pos=-3.68 shoulder_lift.pos=-102.14 elbow_flex.pos=+86.56 wrist_flex.pos=+77.61 wrist_roll.pos=-2.48 gripper.pos=+0.25
DEBUG 2026-09-03 09:37:54 [action #404] t=16.02s step=403 queue=18 dmax=0.340 | shoulder_pan.pos=-3.43 shoulder_lift.pos=-102.48 elbow_flex.pos=+86.56 wrist_flex.pos=+77.76 wrist_roll.pos=-2.50 gripper.pos=+0.19
DEBUG 2026-09-03 09:37:54 [action #405] t=16.05s step=404 queue=17 dmax=0.316 | shoulder_pan.pos=-3.62 shoulder_lift.pos=-102.16 elbow_flex.pos=+86.74 wrist_flex.pos=+77.80 wrist_roll.pos=-2.55 gripper.pos=+0.24
DEBUG 2026-09-03 09:37:54 [action #406] t=16.09s step=405 queue=16 dmax=0.422 | shoulder_pan.pos=-3.53 shoulder_lift.pos=-102.38 elbow_flex.pos=+86.32 wrist_flex.pos=+77.72 wrist_roll.pos=-2.45 gripper.pos=+0.23
DEBUG 2026-09-03 09:37:54 [action #407] t=16.12s step=406 queue=15 dmax=0.316 | shoulder_pan.pos=-3.67 shoulder_lift.pos=-102.06 elbow_flex.pos=+86.46 wrist_flex.pos=+77.70 wrist_roll.pos=-2.54 gripper.pos=+0.21
DEBUG 2026-09-03 09:37:54 [action #408] t=16.16s step=407 queue=14 dmax=0.491 | shoulder_pan.pos=-3.56 shoulder_lift.pos=-101.95 elbow_flex.pos=+86.95 wrist_flex.pos=+77.79 wrist_roll.pos=-2.55 gripper.pos=+0.25
DEBUG 2026-09-03 09:37:54 [action #409] t=16.19s step=408 queue=13 dmax=0.711 | shoulder_pan.pos=-3.63 shoulder_lift.pos=-102.22 elbow_flex.pos=+86.24 wrist_flex.pos=+77.73 wrist_roll.pos=-2.42 gripper.pos=+0.18
DEBUG 2026-09-03 09:37:54 [action #410] t=16.22s step=409 queue=12 dmax=0.143 | shoulder_pan.pos=-3.76 shoulder_lift.pos=-102.14 elbow_flex.pos=+86.38 wrist_flex.pos=+77.72 wrist_roll.pos=-2.40 gripper.pos=+0.21
DEBUG 2026-09-03 09:37:54 [action #411] t=16.26s step=410 queue=11 dmax=0.287 | shoulder_pan.pos=-3.48 shoulder_lift.pos=-102.26 elbow_flex.pos=+86.42 wrist_flex.pos=+77.71 wrist_roll.pos=-2.30 gripper.pos=+0.21
DEBUG 2026-09-03 09:37:54 [action #412] t=16.29s step=411 queue=10 dmax=0.336 | shoulder_pan.pos=-3.74 shoulder_lift.pos=-102.08 elbow_flex.pos=+86.76 wrist_flex.pos=+77.68 wrist_roll.pos=-2.28 gripper.pos=+0.17
DEBUG 2026-09-03 09:37:54 [action #413] t=16.32s step=412 queue=9 dmax=0.456 | shoulder_pan.pos=-3.48 shoulder_lift.pos=-102.53 elbow_flex.pos=+86.35 wrist_flex.pos=+77.68 wrist_roll.pos=-2.22 gripper.pos=+0.22
DEBUG 2026-09-03 09:37:54 [action #414] t=16.36s step=413 queue=8 dmax=0.535 | shoulder_pan.pos=-3.58 shoulder_lift.pos=-102.00 elbow_flex.pos=+86.29 wrist_flex.pos=+77.72 wrist_roll.pos=-2.14 gripper.pos=+0.14
DEBUG 2026-09-03 09:37:54 [action #415] t=16.39s step=414 queue=7 dmax=0.132 | shoulder_pan.pos=-3.60 shoulder_lift.pos=-101.90 elbow_flex.pos=+86.40 wrist_flex.pos=+77.66 wrist_roll.pos=-2.24 gripper.pos=+0.27
DEBUG 2026-09-03 09:37:54 [action #416] t=16.42s step=415 queue=6 dmax=0.142 | shoulder_pan.pos=-3.46 shoulder_lift.pos=-102.03 elbow_flex.pos=+86.38 wrist_flex.pos=+77.74 wrist_roll.pos=-2.21 gripper.pos=+0.16
DEBUG 2026-09-03 09:37:54 [action #417] t=16.46s step=416 queue=5 dmax=0.143 | shoulder_pan.pos=-3.44 shoulder_lift.pos=-101.88 elbow_flex.pos=+86.48 wrist_flex.pos=+77.68 wrist_roll.pos=-2.20 gripper.pos=+0.23
DEBUG 2026-09-03 09:37:54 [action #418] t=16.49s step=417 queue=4 dmax=0.147 | shoulder_pan.pos=-3.59 shoulder_lift.pos=-101.78 elbow_flex.pos=+86.39 wrist_flex.pos=+77.75 wrist_roll.pos=-2.16 gripper.pos=+0.21
DEBUG 2026-09-03 09:37:54 [action #419] t=16.52s step=418 queue=3 dmax=0.257 | shoulder_pan.pos=-3.45 shoulder_lift.pos=-102.03 elbow_flex.pos=+86.40 wrist_flex.pos=+77.56 wrist_roll.pos=-2.12 gripper.pos=+0.21
DEBUG 2026-09-03 09:37:54 [action #420] t=16.56s step=419 queue=2 dmax=0.694 | shoulder_pan.pos=-3.58 shoulder_lift.pos=-102.73 elbow_flex.pos=+86.84 wrist_flex.pos=+77.79 wrist_roll.pos=-2.11 gripper.pos=+0.14
DEBUG 2026-09-03 09:37:54 [action #421] t=16.59s step=420 queue=1 dmax=0.235 | shoulder_pan.pos=-3.52 shoulder_lift.pos=-102.53 elbow_flex.pos=+86.60 wrist_flex.pos=+77.75 wrist_roll.pos=-2.06 gripper.pos=+0.23
DEBUG 2026-09-03 09:37:54 [chunk] received 50 actions, timesteps 395..444 | first: shoulder_pan.pos=-3.82 shoulder_lift.pos=-102.81 elbow_flex.pos=+89.16 wrist_flex.pos=+77.59 wrist_roll.pos=-2.07 gripper.pos=+0.30 | last: shoulder_pan.pos=-4.06 shoulder_lift.pos=-102.39 elbow_flex.pos=+88.54 wrist_flex.pos=+77.88 wrist_roll.pos=-2.13 gripper.pos=+0.23
INFO 2026-09-03 09:38:00 Final action sent: shoulder_pan.pos=-3.52 shoulder_lift.pos=-102.53 elbow_flex.pos=+86.60 wrist_flex.pos=+77.75 wrist_roll.pos=-2.06 gripper.pos=+0.23
DEBUG 2026-09-03 09:38:00 === episode end | 22.6s | converged=True | actions=421 ===
