INFO 2026-08-19 07:20:35 strator.py:1224 Decomposing high-level prompt (round 1): 'put everything on the tray except for the banana'
INFO 2026-08-19 07:20:36 strator.py:1003 Saved VLM frame: runs/run_2026-08-19_07-17-03/01/decompose_20260819_072035.png
  Generated 28 tokens in 3.1s (9.0 tok/s)

Identification output:
{
  "visible_objects": [
    "banana",
    "toy",
    "tray",
    "table"
  ]
}
INFO 2026-08-19 07:20:39 estrator.py:726 Identified objects (4): ['banana', 'toy', 'tray', 'table']
  Generated 57 tokens in 3.8s (15.1 tok/s)
INFO 2026-08-19 07:20:43 estrator.py:731 Raw VLM decomposition output (193 chars): '{\n  "visible_objects": ["banana", "toy", "tray", "table"],\n  "excluded_objects": ["banana"],\n  "completed_objects": [],\n  "allowed_objects": ["toy"],\n  "subtasks": ["put the toy on the tray"]\n}'

Visible: ['banana', 'toy', 'tray', 'table']
Excluded: ['banana']
Completed: []
Allowed: ['toy']

Parsed 1 sub-tasks:
  1. put the toy on the tray
INFO 2026-08-19 07:20:43 strator.py:1242 Sub-task queue (1):
INFO 2026-08-19 07:20:43 strator.py:1244   1. put the toy on the tray
INFO 2026-08-19 07:20:43 strator.py:1292 [1] Executing sub-task: 'put the toy on the tray' (1 retries left)
INFO 2026-08-19 07:20:43 ent_loop.py:565 Control loop started | task: 'put the toy on the tray' | duration: 30.0s
INFO 2026-08-19 07:20:43 ent_loop.py:512 Action receiver thread started
INFO 2026-08-19 07:21:06 ent_loop.py:753 Episode finished: 23.8s, converged=True, max_displacement=194.1450, actions=628
INFO 2026-08-19 07:21:06 ent_loop.py:344 Returning to home position...
INFO 2026-08-19 07:21:08 ent_loop.py:357 Home position reached.
INFO 2026-08-19 07:21:11 strator.py:1034 Saved VLM eval clip (32 frames) to runs/run_2026-08-19_07-17-03/01
INFO 2026-08-19 07:21:11 strator.py:1405 Evaluation observation: video clip (32 frames over 23.7s of a 23.8s episode, 1.31 fps)
  Generated 21 tokens in 1.8s (12.0 tok/s)
INFO 2026-08-19 07:21:13 estrator.py:812 Raw eval output: {"success": true, "reason": "The toy is now on the tray as instructed."}
INFO 2026-08-19 07:21:13 strator.py:1455 VLM judgement: success=True | The toy is now on the tray as instructed.
INFO 2026-08-19 07:21:13 strator.py:1527 Running final evaluation against the original prompt...
INFO 2026-08-19 07:21:13 strator.py:1003 Saved VLM frame: runs/run_2026-08-19_07-17-03/01/final_eval_20260819_072113.png
  Generated 142 tokens in 9.4s (15.2 tok/s)

Scene survey output:
{
  "object_locations": [
    {
      "object": "banana",
      "evidence": "lying on the bare table to the left of the orange robot arm, not touching the tray",
      "support": "table"
    },
    {
      "object": "pouch",
      "evidence": "lying on the bare table to the left of the robot arm, not touching the tray",
      "support": "table"
    },
    {
      "object": "plush toy",
      "evidence": "lying inside the tray's rim, on the tray, with its body within the rim",
      "support": "tray"
    }
  ]
}
INFO 2026-08-19 07:21:23 estrator.py:845 Final-eval surveyed 3 object(s):
INFO 2026-08-19 07:21:23 estrator.py:847   banana -> table (lying on the bare table to the left of the orange robot arm, not touching the tray)
INFO 2026-08-19 07:21:23 estrator.py:847   pouch -> table (lying on the bare table to the left of the robot arm, not touching the tray)
INFO 2026-08-19 07:21:23 estrator.py:847   plush toy -> tray (lying inside the tray's rim, on the tray, with its body within the rim)
  Generated 142 tokens in 9.3s (15.2 tok/s)
INFO 2026-08-19 07:21:32 estrator.py:894 Raw final-judge output: {
  "object_status": [
    {
      "object": "banana",
      "location": "table",
      "required": "table",
      "ok": true
    },
    {
      "object": "pouch",
      "location": "table",
      "required": "tray",
      "ok": false
    },
    {
      "object": "plush toy",
      "location": "tray",
      "required": "tray",
      "ok": true
    }
  ],
  "reason": "The pouch is still on the table instead of on the tray, so the instruction was not fully accomplished.",
  "success": false
}
INFO 2026-08-19 07:21:32 strator.py:1567 FINAL VLM judgement for 'put everything on the tray except for the banana' (round 1): success=False | The pouch is still on the table instead of on the tray, so the instruction was not fully accomplished.
INFO 2026-08-19 07:21:32 strator.py:1572   [ok ] banana: table (required: table)
INFO 2026-08-19 07:21:32 strator.py:1572   [BAD] pouch: table (required: tray)
INFO 2026-08-19 07:21:32 strator.py:1572   [ok ] plush toy: tray (required: tray)
INFO 2026-08-19 07:21:32 strator.py:1586 Round 1 complete for: 'put everything on the tray except for the banana'
INFO 2026-08-19 07:21:32 strator.py:1587   Completed 1/1 sub-tasks planned this round: ['put the toy on the tray']
INFO 2026-08-19 07:21:32 strator.py:1190 Carrying 1 completed sub-task(s) into the re-decompose: ['put the toy on the tray']
INFO 2026-08-19 07:21:32 strator.py:1192 Retry context passed to the planner:
A previous attempt at this same instruction was judged INCOMPLETE by the evaluator, who reported:
These objects are not yet where the instruction requires them:
- pouch: currently table, should be tray

These sub-tasks were already executed and verified complete in the previous attempt:
- put the toy on the tray
The objects they name are already at their destinations. Put those objects in completed_objects, NOT in allowed_objects, and do not plan any sub-task for them.

The camera image shows the CURRENT scene, after that attempt. The image is GROUND TRUTH: where the evaluator's report and the image disagree, believe the image.

Plan only the work that still REMAINS to satisfy the original instruction. If an object is already at its destination in the image, list it in completed_objects — do not put it in allowed_objects and do not give it a sub-task. Do not move any object the instruction says to leave alone; those go in excluded_objects.

Remember the invariant: every object in allowed_objects gets exactly one sub-task. Never return an empty subtasks list while allowed_objects is non-empty — an object that needs no action belongs in completed_objects.
WARNING 2026-08-19 07:21:32 strator.py:1193 Final evaluation judged 'put everything on the tray except for the banana' INCOMPLETE: The pouch is still on the table instead of on the tray, so the instruction was not fully accomplished. — running the whole loop again.
INFO 2026-08-19 07:21:32 strator.py:1133 ============================================================
INFO 2026-08-19 07:21:32 strator.py:1134 ROUND 2 for 'put everything on the tray except for the banana' — re-decomposing against the current scene (0 retry round(s) left after this one).
INFO 2026-08-19 07:21:32 strator.py:1137 ============================================================
INFO 2026-08-19 07:21:32 strator.py:1224 Decomposing high-level prompt (round 2): 'put everything on the tray except for the banana'
INFO 2026-08-19 07:21:32 strator.py:1003 Saved VLM frame: runs/run_2026-08-19_07-17-03/01/decompose_round2_20260819_072132.png
  Generated 35 tokens in 2.4s (14.8 tok/s)

Identification output:
{
  "visible_objects": [
    "banana",
    "cylinder",
    "plush toy",
    "tray",
    "table"
  ]
}
INFO 2026-08-19 07:21:34 estrator.py:726 Identified objects (5): ['banana', 'cylinder', 'plush toy', 'tray', 'table']
  Generated 68 tokens in 4.5s (15.1 tok/s)
INFO 2026-08-19 07:21:39 estrator.py:731 Raw VLM decomposition output (232 chars): '{\n  "visible_objects": ["banana", "cylinder", "plush toy", "tray", "table"],\n  "excluded_objects": ["banana"],\n  "completed_objects": ["plush toy"],\n  "allowed_objects": ["cylinder"],\n  "subtasks": ["put the cylinder on the tray"]\n}'

Visible: ['banana', 'cylinder', 'plush toy', 'tray', 'table']
Excluded: ['banana']
Completed: ['plush toy']
Allowed: ['cylinder']

Parsed 1 sub-tasks:
  1. put the cylinder on the tray
INFO 2026-08-19 07:21:39 strator.py:1242 Sub-task queue (1):
INFO 2026-08-19 07:21:39 strator.py:1244   1. put the cylinder on the tray
INFO 2026-08-19 07:21:39 strator.py:1292 [1] Executing sub-task: 'put the cylinder on the tray' (1 retries left)
INFO 2026-08-19 07:21:39 ent_loop.py:565 Control loop started | task: 'put the cylinder on the tray' | duration: 30.0s
INFO 2026-08-19 07:21:39 ent_loop.py:512 Action receiver thread started
INFO 2026-08-19 07:22:06 ent_loop.py:753 Episode finished: 27.3s, converged=True, max_displacement=215.6556, actions=708
INFO 2026-08-19 07:22:06 ent_loop.py:344 Returning to home position...
INFO 2026-08-19 07:22:08 ent_loop.py:357 Home position reached.
INFO 2026-08-19 07:22:11 strator.py:1034 Saved VLM eval clip (32 frames) to runs/run_2026-08-19_07-17-03/01
INFO 2026-08-19 07:22:11 strator.py:1405 Evaluation observation: video clip (32 frames over 27.1s of a 27.3s episode, 1.15 fps)
  Generated 21 tokens in 1.7s (12.5 tok/s)
INFO 2026-08-19 07:22:13 estrator.py:812 Raw eval output: {"success": true, "reason": "The cylinder is now on the tray as instructed."}
INFO 2026-08-19 07:22:13 strator.py:1455 VLM judgement: success=True | The cylinder is now on the tray as instructed.
INFO 2026-08-19 07:22:13 strator.py:1527 Running final evaluation against the original prompt...
INFO 2026-08-19 07:22:13 strator.py:1003 Saved VLM frame: runs/run_2026-08-19_07-17-03/01/final_eval_round2_20260819_072213.png
  Generated 154 tokens in 10.3s (15.0 tok/s)

Scene survey output:
{
  "object_locations": [
    {
      "object": "banana",
      "evidence": "on the bare table to the left of the orange robot arm, not touching the tray",
      "support": "table"
    },
    {
      "object": "plush toy",
      "evidence": "lying inside the tray's rim, its body within the rim, with its head and horns sticking out to the right",
      "support": "tray"
    },
    {
      "object": "brown object",
      "evidence": "lying on top of the plush toy, inside the tray's rim, extending from the left side of the toy",
      "support": "plush toy"
    }
  ]
}
INFO 2026-08-19 07:22:23 estrator.py:845 Final-eval surveyed 3 object(s):
INFO 2026-08-19 07:22:23 estrator.py:847   banana -> table (on the bare table to the left of the orange robot arm, not touching the tray)
INFO 2026-08-19 07:22:23 estrator.py:847   plush toy -> tray (lying inside the tray's rim, its body within the rim, with its head and horns sticking out to the right)
INFO 2026-08-19 07:22:23 estrator.py:847   brown object -> plush toy (lying on top of the plush toy, inside the tray's rim, extending from the left side of the toy)
  Generated 139 tokens in 9.1s (15.3 tok/s)
INFO 2026-08-19 07:22:32 estrator.py:894 Raw final-judge output: {
  "object_status": [
    {
      "object": "banana",
      "location": "table",
      "required": "table",
      "ok": true
    },
    {
      "object": "plush toy",
      "location": "tray",
      "required": "tray",
      "ok": true
    },
    {
      "object": "brown object",
      "location": "plush toy",
      "required": "tray",
      "ok": false
    }
  ],
  "reason": "The brown object is still on the plush toy instead of being on the tray.",
  "success": false
}
WARNING 2026-08-19 07:22:33 strator.py:1546 Final evaluator reported 1 object(s) away from the table that no completed sub-task ever moved: ['brown object']. Nothing in this task could have moved them, so the claim is rejected and the round is judged incomplete.
INFO 2026-08-19 07:22:33 strator.py:1567 FINAL VLM judgement for 'put everything on the tray except for the banana' (round 2): success=False | brown object reported away from the table, but no sub-task ever moved it — treating it as still on the table and the task as incomplete.
INFO 2026-08-19 07:22:33 strator.py:1572   [ok ] banana: table (required: table)
INFO 2026-08-19 07:22:33 strator.py:1572   [ok ] plush toy: tray (required: tray)
INFO 2026-08-19 07:22:33 strator.py:1572   [BAD] brown object: plush toy (required: tray)
INFO 2026-08-19 07:22:33 strator.py:1586 Round 2 complete for: 'put everything on the tray except for the banana'
INFO 2026-08-19 07:22:33 strator.py:1587   Completed 1/1 sub-tasks planned this round: ['put the cylinder on the tray']
WARNING 2026-08-19 07:22:33 strator.py:1156 High-level task 'put everything on the tray except for the banana' judged INCOMPLETE after 2 round(s) and no retry rounds remain: brown object reported away from the table, but no sub-task ever moved it — treating it as still on the table and the task as incomplete.
