DEBUG 2026-09-03 09:42:03 === episode start | task: 'put the purse on the tray' | duration: 50.0s ===
DEBUG 2026-09-03 09:42:04 [chunk] dropped stale chunk (ts0=496 > max_sent=0)
DEBUG 2026-09-03 09:42:05 [chunk] received 50 actions, timesteps 0..49 | first: shoulder_pan.pos=-5.40 shoulder_lift.pos=-100.44 elbow_flex.pos=+88.28 wrist_flex.pos=+74.05 wrist_roll.pos=-1.03 gripper.pos=+1.42 | last: shoulder_pan.pos=-34.85 shoulder_lift.pos=-103.19 elbow_flex.pos=+88.69 wrist_flex.pos=+75.28 wrist_roll.pos=-1.20 gripper.pos=+0.91
DEBUG 2026-09-03 09:42:05 [action #1] t=1.81s step=0 queue=50 dmax=n/a | shoulder_pan.pos=-5.40 shoulder_lift.pos=-100.44 elbow_flex.pos=+88.28 wrist_flex.pos=+74.05 wrist_roll.pos=-1.03 gripper.pos=+1.42
DEBUG 2026-09-03 09:42:05 [action #2] t=1.84s step=1 queue=49 dmax=0.425 | shoulder_pan.pos=-5.82 shoulder_lift.pos=-100.31 elbow_flex.pos=+88.10 wrist_flex.pos=+74.21 wrist_roll.pos=-0.96 gripper.pos=+1.42
DEBUG 2026-09-03 09:42:05 [action #3] t=1.87s step=2 queue=48 dmax=0.616 | shoulder_pan.pos=-6.44 shoulder_lift.pos=-100.83 elbow_flex.pos=+87.80 wrist_flex.pos=+74.42 wrist_roll.pos=-1.04 gripper.pos=+1.40
DEBUG 2026-09-03 09:42:05 [action #4] t=1.91s step=3 queue=47 dmax=0.601 | shoulder_pan.pos=-7.04 shoulder_lift.pos=-101.03 elbow_flex.pos=+87.95 wrist_flex.pos=+74.50 wrist_roll.pos=-1.01 gripper.pos=+1.36
DEBUG 2026-09-03 09:42:05 [action #5] t=1.94s step=4 queue=46 dmax=0.907 | shoulder_pan.pos=-7.95 shoulder_lift.pos=-100.93 elbow_flex.pos=+87.81 wrist_flex.pos=+74.72 wrist_roll.pos=-0.96 gripper.pos=+1.39
DEBUG 2026-09-03 09:42:05 [action #6] t=1.97s step=5 queue=45 dmax=0.517 | shoulder_pan.pos=-8.46 shoulder_lift.pos=-101.25 elbow_flex.pos=+88.00 wrist_flex.pos=+74.96 wrist_roll.pos=-0.99 gripper.pos=+1.34
DEBUG 2026-09-03 09:42:05 [action #7] t=2.01s step=6 queue=44 dmax=0.571 | shoulder_pan.pos=-8.94 shoulder_lift.pos=-101.82 elbow_flex.pos=+88.32 wrist_flex.pos=+75.18 wrist_roll.pos=-1.01 gripper.pos=+1.33
DEBUG 2026-09-03 09:42:05 [action #8] t=2.04s step=7 queue=43 dmax=0.851 | shoulder_pan.pos=-9.79 shoulder_lift.pos=-101.48 elbow_flex.pos=+87.73 wrist_flex.pos=+75.44 wrist_roll.pos=-0.99 gripper.pos=+1.27
DEBUG 2026-09-03 09:42:05 [action #9] t=2.07s step=8 queue=42 dmax=0.394 | shoulder_pan.pos=-9.83 shoulder_lift.pos=-101.87 elbow_flex.pos=+87.94 wrist_flex.pos=+75.63 wrist_roll.pos=-0.99 gripper.pos=+1.30
DEBUG 2026-09-03 09:42:05 [action #10] t=2.11s step=9 queue=41 dmax=0.268 | shoulder_pan.pos=-9.95 shoulder_lift.pos=-102.14 elbow_flex.pos=+87.77 wrist_flex.pos=+75.75 wrist_roll.pos=-1.02 gripper.pos=+1.34
DEBUG 2026-09-03 09:42:05 [action #11] t=2.14s step=10 queue=40 dmax=0.391 | shoulder_pan.pos=-10.20 shoulder_lift.pos=-101.94 elbow_flex.pos=+88.16 wrist_flex.pos=+76.07 wrist_roll.pos=-0.99 gripper.pos=+1.34
DEBUG 2026-09-03 09:42:05 [action #12] t=2.17s step=11 queue=39 dmax=0.363 | shoulder_pan.pos=-10.40 shoulder_lift.pos=-101.93 elbow_flex.pos=+88.52 wrist_flex.pos=+76.14 wrist_roll.pos=-0.97 gripper.pos=+1.19
DEBUG 2026-09-03 09:42:05 [action #13] t=2.21s step=12 queue=38 dmax=0.544 | shoulder_pan.pos=-10.69 shoulder_lift.pos=-101.77 elbow_flex.pos=+87.98 wrist_flex.pos=+76.33 wrist_roll.pos=-0.86 gripper.pos=+1.14
DEBUG 2026-09-03 09:42:06 [action #14] t=2.24s step=13 queue=37 dmax=0.502 | shoulder_pan.pos=-11.13 shoulder_lift.pos=-102.27 elbow_flex.pos=+88.40 wrist_flex.pos=+76.69 wrist_roll.pos=-0.86 gripper.pos=+1.21
DEBUG 2026-09-03 09:42:06 [action #15] t=2.28s step=14 queue=36 dmax=0.509 | shoulder_pan.pos=-11.64 shoulder_lift.pos=-102.40 elbow_flex.pos=+87.93 wrist_flex.pos=+76.85 wrist_roll.pos=-0.87 gripper.pos=+1.17
DEBUG 2026-09-03 09:42:06 [action #16] t=2.31s step=15 queue=35 dmax=0.699 | shoulder_pan.pos=-12.26 shoulder_lift.pos=-101.70 elbow_flex.pos=+87.79 wrist_flex.pos=+77.20 wrist_roll.pos=-0.84 gripper.pos=+1.17
DEBUG 2026-09-03 09:42:06 [action #17] t=2.34s step=16 queue=34 dmax=0.639 | shoulder_pan.pos=-12.90 shoulder_lift.pos=-102.33 elbow_flex.pos=+87.74 wrist_flex.pos=+77.25 wrist_roll.pos=-0.85 gripper.pos=+1.15
DEBUG 2026-09-03 09:42:06 [action #18] t=2.38s step=17 queue=33 dmax=0.805 | shoulder_pan.pos=-13.71 shoulder_lift.pos=-102.20 elbow_flex.pos=+87.48 wrist_flex.pos=+77.36 wrist_roll.pos=-0.73 gripper.pos=+1.20
DEBUG 2026-09-03 09:42:06 [action #19] t=2.41s step=18 queue=32 dmax=0.635 | shoulder_pan.pos=-14.34 shoulder_lift.pos=-101.67 elbow_flex.pos=+87.78 wrist_flex.pos=+77.32 wrist_roll.pos=-0.76 gripper.pos=+1.27
DEBUG 2026-09-03 09:42:06 [action #20] t=2.44s step=19 queue=31 dmax=1.203 | shoulder_pan.pos=-15.54 shoulder_lift.pos=-102.63 elbow_flex.pos=+87.67 wrist_flex.pos=+77.34 wrist_roll.pos=-0.81 gripper.pos=+1.29
DEBUG 2026-09-03 09:42:06 [action #21] t=2.48s step=20 queue=30 dmax=0.552 | shoulder_pan.pos=-16.10 shoulder_lift.pos=-102.53 elbow_flex.pos=+87.60 wrist_flex.pos=+77.37 wrist_roll.pos=-0.75 gripper.pos=+1.26
DEBUG 2026-09-03 09:42:06 [action #22] t=2.51s step=21 queue=29 dmax=1.165 | shoulder_pan.pos=-17.26 shoulder_lift.pos=-102.60 elbow_flex.pos=+87.78 wrist_flex.pos=+77.19 wrist_roll.pos=-0.82 gripper.pos=+1.24
DEBUG 2026-09-03 09:42:06 [action #23] t=2.54s step=22 queue=28 dmax=0.888 | shoulder_pan.pos=-18.15 shoulder_lift.pos=-102.73 elbow_flex.pos=+87.65 wrist_flex.pos=+76.97 wrist_roll.pos=-0.88 gripper.pos=+1.40
DEBUG 2026-09-03 09:42:06 [action #24] t=2.58s step=23 queue=27 dmax=0.758 | shoulder_pan.pos=-18.91 shoulder_lift.pos=-102.57 elbow_flex.pos=+88.12 wrist_flex.pos=+77.04 wrist_roll.pos=-0.86 gripper.pos=+1.28
DEBUG 2026-09-03 09:42:06 [action #25] t=2.61s step=24 queue=26 dmax=1.087 | shoulder_pan.pos=-19.99 shoulder_lift.pos=-102.85 elbow_flex.pos=+87.63 wrist_flex.pos=+76.96 wrist_roll.pos=-0.87 gripper.pos=+1.29
DEBUG 2026-09-03 09:42:06 [action #26] t=2.64s step=25 queue=25 dmax=0.576 | shoulder_pan.pos=-20.57 shoulder_lift.pos=-103.35 elbow_flex.pos=+88.01 wrist_flex.pos=+76.75 wrist_roll.pos=-0.85 gripper.pos=+1.28
DEBUG 2026-09-03 09:42:06 [action #27] t=2.68s step=26 queue=24 dmax=0.709 | shoulder_pan.pos=-21.28 shoulder_lift.pos=-103.12 elbow_flex.pos=+88.07 wrist_flex.pos=+77.03 wrist_roll.pos=-0.85 gripper.pos=+1.42
DEBUG 2026-09-03 09:42:06 [action #28] t=2.71s step=27 queue=23 dmax=0.563 | shoulder_pan.pos=-21.84 shoulder_lift.pos=-103.16 elbow_flex.pos=+88.03 wrist_flex.pos=+76.61 wrist_roll.pos=-0.87 gripper.pos=+1.39
DEBUG 2026-09-03 09:42:06 [action #29] t=2.74s step=28 queue=22 dmax=0.826 | shoulder_pan.pos=-22.67 shoulder_lift.pos=-102.88 elbow_flex.pos=+87.58 wrist_flex.pos=+76.63 wrist_roll.pos=-0.81 gripper.pos=+1.34
DEBUG 2026-09-03 09:42:06 [action #30] t=2.78s step=29 queue=21 dmax=0.659 | shoulder_pan.pos=-23.33 shoulder_lift.pos=-103.18 elbow_flex.pos=+87.43 wrist_flex.pos=+76.64 wrist_roll.pos=-0.77 gripper.pos=+1.40
DEBUG 2026-09-03 09:42:06 [chunk] received 50 actions, timesteps 3..52 | first: shoulder_pan.pos=-6.15 shoulder_lift.pos=-99.83 elbow_flex.pos=+88.05 wrist_flex.pos=+74.35 wrist_roll.pos=-1.04 gripper.pos=+1.36 | last: shoulder_pan.pos=-32.60 shoulder_lift.pos=-103.53 elbow_flex.pos=+88.57 wrist_flex.pos=+73.79 wrist_roll.pos=-2.12 gripper.pos=+0.95
DEBUG 2026-09-03 09:42:06 [action #31] t=2.81s step=30 queue=23 dmax=2.052 | shoulder_pan.pos=-25.38 shoulder_lift.pos=-102.86 elbow_flex.pos=+87.74 wrist_flex.pos=+76.23 wrist_roll.pos=-0.94 gripper.pos=+1.16
DEBUG 2026-09-03 09:42:06 [action #32] t=2.84s step=31 queue=22 dmax=0.339 | shoulder_pan.pos=-25.72 shoulder_lift.pos=-102.65 elbow_flex.pos=+87.76 wrist_flex.pos=+76.13 wrist_roll.pos=-0.89 gripper.pos=+1.39
DEBUG 2026-09-03 09:42:06 [action #33] t=2.88s step=32 queue=21 dmax=0.627 | shoulder_pan.pos=-26.24 shoulder_lift.pos=-103.27 elbow_flex.pos=+87.70 wrist_flex.pos=+76.22 wrist_roll.pos=-0.93 gripper.pos=+1.19
DEBUG 2026-09-03 09:42:06 [action #34] t=2.91s step=33 queue=20 dmax=0.530 | shoulder_pan.pos=-26.77 shoulder_lift.pos=-103.38 elbow_flex.pos=+87.98 wrist_flex.pos=+76.05 wrist_roll.pos=-0.90 gripper.pos=+1.21
DEBUG 2026-09-03 09:42:06 [action #35] t=2.94s step=34 queue=19 dmax=0.472 | shoulder_pan.pos=-27.24 shoulder_lift.pos=-103.36 elbow_flex.pos=+87.58 wrist_flex.pos=+76.02 wrist_roll.pos=-0.92 gripper.pos=+1.14
DEBUG 2026-09-03 09:42:06 [action #36] t=2.98s step=35 queue=18 dmax=0.527 | shoulder_pan.pos=-27.77 shoulder_lift.pos=-102.89 elbow_flex.pos=+88.03 wrist_flex.pos=+76.12 wrist_roll.pos=-0.99 gripper.pos=+1.20
DEBUG 2026-09-03 09:42:06 [action #37] t=3.01s step=36 queue=17 dmax=0.407 | shoulder_pan.pos=-28.18 shoulder_lift.pos=-103.19 elbow_flex.pos=+87.80 wrist_flex.pos=+75.96 wrist_roll.pos=-0.99 gripper.pos=+1.25
DEBUG 2026-09-03 09:42:06 [action #38] t=3.05s step=37 queue=16 dmax=0.575 | shoulder_pan.pos=-28.75 shoulder_lift.pos=-103.19 elbow_flex.pos=+87.75 wrist_flex.pos=+75.90 wrist_roll.pos=-0.92 gripper.pos=+1.16
DEBUG 2026-09-03 09:42:06 [action #39] t=3.08s step=38 queue=15 dmax=0.362 | shoulder_pan.pos=-29.11 shoulder_lift.pos=-103.37 elbow_flex.pos=+87.81 wrist_flex.pos=+75.74 wrist_roll.pos=-1.00 gripper.pos=+1.13
DEBUG 2026-09-03 09:42:06 [action #40] t=3.11s step=39 queue=14 dmax=0.402 | shoulder_pan.pos=-29.51 shoulder_lift.pos=-103.09 elbow_flex.pos=+88.21 wrist_flex.pos=+75.89 wrist_roll.pos=-0.98 gripper.pos=+1.22
DEBUG 2026-09-03 09:42:06 [action #41] t=3.15s step=40 queue=13 dmax=0.414 | shoulder_pan.pos=-29.93 shoulder_lift.pos=-103.29 elbow_flex.pos=+87.82 wrist_flex.pos=+75.80 wrist_roll.pos=-0.98 gripper.pos=+1.12
DEBUG 2026-09-03 09:42:06 [action #42] t=3.18s step=41 queue=12 dmax=0.556 | shoulder_pan.pos=-30.48 shoulder_lift.pos=-103.07 elbow_flex.pos=+88.31 wrist_flex.pos=+75.71 wrist_roll.pos=-0.93 gripper.pos=+1.19
DEBUG 2026-09-03 09:42:06 [action #43] t=3.21s step=42 queue=11 dmax=0.347 | shoulder_pan.pos=-30.83 shoulder_lift.pos=-102.74 elbow_flex.pos=+88.33 wrist_flex.pos=+75.63 wrist_roll.pos=-1.01 gripper.pos=+1.21
DEBUG 2026-09-03 09:42:07 [action #44] t=3.25s step=43 queue=10 dmax=0.380 | shoulder_pan.pos=-31.21 shoulder_lift.pos=-102.97 elbow_flex.pos=+88.26 wrist_flex.pos=+75.67 wrist_roll.pos=-1.05 gripper.pos=+1.19
DEBUG 2026-09-03 09:42:07 [action #45] t=3.28s step=44 queue=9 dmax=0.394 | shoulder_pan.pos=-31.60 shoulder_lift.pos=-103.09 elbow_flex.pos=+88.33 wrist_flex.pos=+75.56 wrist_roll.pos=-1.04 gripper.pos=+1.09
DEBUG 2026-09-03 09:42:07 [action #46] t=3.31s step=45 queue=8 dmax=0.231 | shoulder_pan.pos=-31.83 shoulder_lift.pos=-102.94 elbow_flex.pos=+88.37 wrist_flex.pos=+75.47 wrist_roll.pos=-1.10 gripper.pos=+1.05
DEBUG 2026-09-03 09:42:07 [action #47] t=3.35s step=46 queue=7 dmax=0.537 | shoulder_pan.pos=-32.37 shoulder_lift.pos=-102.91 elbow_flex.pos=+88.22 wrist_flex.pos=+75.27 wrist_roll.pos=-1.16 gripper.pos=+1.00
DEBUG 2026-09-03 09:42:07 [action #48] t=3.38s step=47 queue=6 dmax=0.219 | shoulder_pan.pos=-32.59 shoulder_lift.pos=-102.76 elbow_flex.pos=+88.24 wrist_flex.pos=+75.13 wrist_roll.pos=-1.21 gripper.pos=+1.03
DEBUG 2026-09-03 09:42:07 [action #49] t=3.41s step=48 queue=5 dmax=0.301 | shoulder_pan.pos=-32.68 shoulder_lift.pos=-102.97 elbow_flex.pos=+88.42 wrist_flex.pos=+74.83 wrist_roll.pos=-1.31 gripper.pos=+0.95
DEBUG 2026-09-03 09:42:07 [action #50] t=3.45s step=49 queue=4 dmax=0.279 | shoulder_pan.pos=-32.96 shoulder_lift.pos=-103.01 elbow_flex.pos=+88.32 wrist_flex.pos=+74.75 wrist_roll.pos=-1.46 gripper.pos=+0.88
DEBUG 2026-09-03 09:42:07 [action #51] t=3.48s step=50 queue=3 dmax=0.732 | shoulder_pan.pos=-32.23 shoulder_lift.pos=-102.67 elbow_flex.pos=+88.58 wrist_flex.pos=+74.14 wrist_roll.pos=-1.76 gripper.pos=+0.86
DEBUG 2026-09-03 09:42:07 [action #52] t=3.51s step=51 queue=2 dmax=0.213 | shoulder_pan.pos=-32.36 shoulder_lift.pos=-102.61 elbow_flex.pos=+88.80 wrist_flex.pos=+74.00 wrist_roll.pos=-1.94 gripper.pos=+0.86
DEBUG 2026-09-03 09:42:07 [action #53] t=3.55s step=52 queue=1 dmax=0.921 | shoulder_pan.pos=-32.60 shoulder_lift.pos=-103.53 elbow_flex.pos=+88.57 wrist_flex.pos=+73.79 wrist_roll.pos=-2.12 gripper.pos=+0.95
DEBUG 2026-09-03 09:42:07 [chunk] received 50 actions, timesteps 28..77 | first: shoulder_pan.pos=-23.94 shoulder_lift.pos=-102.01 elbow_flex.pos=+87.84 wrist_flex.pos=+76.28 wrist_roll.pos=-1.11 gripper.pos=+1.32 | last: shoulder_pan.pos=-38.96 shoulder_lift.pos=-101.32 elbow_flex.pos=+89.03 wrist_flex.pos=+70.63 wrist_roll.pos=-1.70 gripper.pos=+1.09
DEBUG 2026-09-03 09:42:07 [action #54] t=3.78s step=53 queue=25 dmax=2.424 | shoulder_pan.pos=-34.72 shoulder_lift.pos=-102.34 elbow_flex.pos=+87.30 wrist_flex.pos=+76.21 wrist_roll.pos=-1.18 gripper.pos=+1.20
DEBUG 2026-09-03 09:42:07 [action #55] t=3.81s step=54 queue=24 dmax=0.427 | shoulder_pan.pos=-34.98 shoulder_lift.pos=-102.39 elbow_flex.pos=+86.87 wrist_flex.pos=+76.11 wrist_roll.pos=-1.21 gripper.pos=+1.07
DEBUG 2026-09-03 09:42:07 [action #56] t=3.85s step=55 queue=23 dmax=0.753 | shoulder_pan.pos=-35.27 shoulder_lift.pos=-101.63 elbow_flex.pos=+87.46 wrist_flex.pos=+75.99 wrist_roll.pos=-1.13 gripper.pos=+1.22
DEBUG 2026-09-03 09:42:07 [action #57] t=3.88s step=56 queue=22 dmax=0.270 | shoulder_pan.pos=-35.55 shoulder_lift.pos=-101.42 elbow_flex.pos=+87.27 wrist_flex.pos=+76.22 wrist_roll.pos=-1.21 gripper.pos=+1.12
DEBUG 2026-09-03 09:42:07 [action #58] t=3.91s step=57 queue=21 dmax=0.370 | shoulder_pan.pos=-35.92 shoulder_lift.pos=-101.57 elbow_flex.pos=+87.47 wrist_flex.pos=+76.04 wrist_roll.pos=-1.18 gripper.pos=+1.14
DEBUG 2026-09-03 09:42:07 [action #59] t=3.95s step=58 queue=20 dmax=0.392 | shoulder_pan.pos=-35.96 shoulder_lift.pos=-101.97 elbow_flex.pos=+87.45 wrist_flex.pos=+75.98 wrist_roll.pos=-1.14 gripper.pos=+1.13
DEBUG 2026-09-03 09:42:07 [action #60] t=3.98s step=59 queue=19 dmax=0.517 | shoulder_pan.pos=-36.04 shoulder_lift.pos=-101.45 elbow_flex.pos=+87.32 wrist_flex.pos=+75.91 wrist_roll.pos=-1.14 gripper.pos=+1.10
DEBUG 2026-09-03 09:42:07 [action #61] t=4.01s step=60 queue=18 dmax=0.389 | shoulder_pan.pos=-36.26 shoulder_lift.pos=-101.67 elbow_flex.pos=+86.94 wrist_flex.pos=+75.63 wrist_roll.pos=-1.14 gripper.pos=+1.23
DEBUG 2026-09-03 09:42:07 [action #62] t=4.05s step=61 queue=17 dmax=0.241 | shoulder_pan.pos=-36.43 shoulder_lift.pos=-101.46 elbow_flex.pos=+86.97 wrist_flex.pos=+75.39 wrist_roll.pos=-1.08 gripper.pos=+1.09
DEBUG 2026-09-03 09:42:07 [action #63] t=4.08s step=62 queue=16 dmax=0.130 | shoulder_pan.pos=-36.51 shoulder_lift.pos=-101.33 elbow_flex.pos=+87.03 wrist_flex.pos=+75.47 wrist_roll.pos=-1.18 gripper.pos=+1.16
DEBUG 2026-09-03 09:42:07 [action #64] t=4.11s step=63 queue=15 dmax=0.315 | shoulder_pan.pos=-36.72 shoulder_lift.pos=-101.59 elbow_flex.pos=+87.34 wrist_flex.pos=+75.41 wrist_roll.pos=-1.10 gripper.pos=+1.04
DEBUG 2026-09-03 09:42:07 [action #65] t=4.15s step=64 queue=14 dmax=0.508 | shoulder_pan.pos=-36.85 shoulder_lift.pos=-102.10 elbow_flex.pos=+87.09 wrist_flex.pos=+75.28 wrist_roll.pos=-1.20 gripper.pos=+1.14
DEBUG 2026-09-03 09:42:07 [action #66] t=4.18s step=65 queue=13 dmax=0.803 | shoulder_pan.pos=-36.97 shoulder_lift.pos=-101.30 elbow_flex.pos=+87.29 wrist_flex.pos=+75.20 wrist_roll.pos=-1.16 gripper.pos=+1.09
DEBUG 2026-09-03 09:42:08 [action #67] t=4.22s step=66 queue=12 dmax=0.459 | shoulder_pan.pos=-37.06 shoulder_lift.pos=-101.72 elbow_flex.pos=+87.75 wrist_flex.pos=+74.92 wrist_roll.pos=-1.10 gripper.pos=+1.09
DEBUG 2026-09-03 09:42:08 [action #68] t=4.25s step=67 queue=11 dmax=0.425 | shoulder_pan.pos=-37.25 shoulder_lift.pos=-101.30 elbow_flex.pos=+87.42 wrist_flex.pos=+74.78 wrist_roll.pos=-1.12 gripper.pos=+1.17
DEBUG 2026-09-03 09:42:08 [action #69] t=4.28s step=68 queue=10 dmax=0.524 | shoulder_pan.pos=-37.47 shoulder_lift.pos=-101.82 elbow_flex.pos=+87.81 wrist_flex.pos=+74.61 wrist_roll.pos=-1.22 gripper.pos=+1.16
DEBUG 2026-09-03 09:42:08 [action #70] t=4.32s step=69 queue=9 dmax=0.271 | shoulder_pan.pos=-37.74 shoulder_lift.pos=-101.99 elbow_flex.pos=+87.66 wrist_flex.pos=+74.35 wrist_roll.pos=-1.21 gripper.pos=+1.10
DEBUG 2026-09-03 09:42:08 [action #71] t=4.35s step=70 queue=8 dmax=0.726 | shoulder_pan.pos=-37.78 shoulder_lift.pos=-101.27 elbow_flex.pos=+87.89 wrist_flex.pos=+74.16 wrist_roll.pos=-1.20 gripper.pos=+1.16
DEBUG 2026-09-03 09:42:08 [action #72] t=4.38s step=71 queue=7 dmax=0.496 | shoulder_pan.pos=-38.16 shoulder_lift.pos=-101.76 elbow_flex.pos=+87.42 wrist_flex.pos=+73.75 wrist_roll.pos=-1.22 gripper.pos=+1.03
DEBUG 2026-09-03 09:42:08 [action #73] t=4.42s step=72 queue=6 dmax=0.672 | shoulder_pan.pos=-38.35 shoulder_lift.pos=-102.08 elbow_flex.pos=+88.09 wrist_flex.pos=+73.36 wrist_roll.pos=-1.34 gripper.pos=+1.13
DEBUG 2026-09-03 09:42:08 [action #74] t=4.45s step=73 queue=5 dmax=0.623 | shoulder_pan.pos=-38.40 shoulder_lift.pos=-101.46 elbow_flex.pos=+88.22 wrist_flex.pos=+72.84 wrist_roll.pos=-1.31 gripper.pos=+1.20
DEBUG 2026-09-03 09:42:08 [action #75] t=4.48s step=74 queue=4 dmax=0.353 | shoulder_pan.pos=-38.38 shoulder_lift.pos=-101.81 elbow_flex.pos=+88.57 wrist_flex.pos=+72.49 wrist_roll.pos=-1.33 gripper.pos=+0.96
DEBUG 2026-09-03 09:42:08 [action #76] t=4.52s step=75 queue=3 dmax=0.676 | shoulder_pan.pos=-38.71 shoulder_lift.pos=-101.43 elbow_flex.pos=+88.11 wrist_flex.pos=+71.81 wrist_roll.pos=-1.43 gripper.pos=+1.07
DEBUG 2026-09-03 09:42:08 [action #77] t=4.55s step=76 queue=2 dmax=0.841 | shoulder_pan.pos=-38.91 shoulder_lift.pos=-102.27 elbow_flex.pos=+88.85 wrist_flex.pos=+71.16 wrist_roll.pos=-1.51 gripper.pos=+1.09
DEBUG 2026-09-03 09:42:08 [action #78] t=4.58s step=77 queue=1 dmax=0.946 | shoulder_pan.pos=-38.96 shoulder_lift.pos=-101.32 elbow_flex.pos=+89.03 wrist_flex.pos=+70.63 wrist_roll.pos=-1.70 gripper.pos=+1.09
DEBUG 2026-09-03 09:42:08 [chunk] received 50 actions, timesteps 52..101 | first: shoulder_pan.pos=-39.44 shoulder_lift.pos=-101.90 elbow_flex.pos=+88.78 wrist_flex.pos=+74.28 wrist_roll.pos=-1.67 gripper.pos=+1.43 | last: shoulder_pan.pos=-42.13 shoulder_lift.pos=-101.31 elbow_flex.pos=+87.57 wrist_flex.pos=+60.55 wrist_roll.pos=-2.67 gripper.pos=+1.22
DEBUG 2026-09-03 09:42:08 [action #79] t=4.68s step=78 queue=24 dmax=4.456 | shoulder_pan.pos=-42.16 shoulder_lift.pos=-101.58 elbow_flex.pos=+88.36 wrist_flex.pos=+66.18 wrist_roll.pos=-1.70 gripper.pos=+1.44
DEBUG 2026-09-03 09:42:08 [action #80] t=4.72s step=79 queue=23 dmax=0.666 | shoulder_pan.pos=-42.05 shoulder_lift.pos=-102.24 elbow_flex.pos=+89.01 wrist_flex.pos=+65.51 wrist_roll.pos=-1.75 gripper.pos=+1.52
DEBUG 2026-09-03 09:42:08 [action #81] t=4.75s step=80 queue=22 dmax=0.582 | shoulder_pan.pos=-42.06 shoulder_lift.pos=-102.11 elbow_flex.pos=+89.48 wrist_flex.pos=+64.93 wrist_roll.pos=-1.82 gripper.pos=+1.52
DEBUG 2026-09-03 09:42:08 [action #82] t=4.78s step=81 queue=21 dmax=0.788 | shoulder_pan.pos=-41.99 shoulder_lift.pos=-101.32 elbow_flex.pos=+88.79 wrist_flex.pos=+64.42 wrist_roll.pos=-1.72 gripper.pos=+1.46
DEBUG 2026-09-03 09:42:08 [action #83] t=4.82s step=82 queue=20 dmax=0.477 | shoulder_pan.pos=-41.89 shoulder_lift.pos=-101.03 elbow_flex.pos=+89.27 wrist_flex.pos=+63.98 wrist_roll.pos=-1.77 gripper.pos=+1.45
DEBUG 2026-09-03 09:42:08 [action #84] t=4.85s step=83 queue=19 dmax=0.856 | shoulder_pan.pos=-41.83 shoulder_lift.pos=-101.47 elbow_flex.pos=+89.39 wrist_flex.pos=+63.12 wrist_roll.pos=-1.75 gripper.pos=+1.38
DEBUG 2026-09-03 09:42:08 [action #85] t=4.88s step=84 queue=18 dmax=0.581 | shoulder_pan.pos=-41.74 shoulder_lift.pos=-101.90 elbow_flex.pos=+88.90 wrist_flex.pos=+62.54 wrist_roll.pos=-1.74 gripper.pos=+1.43
DEBUG 2026-09-03 09:42:08 [action #86] t=4.92s step=85 queue=17 dmax=0.358 | shoulder_pan.pos=-41.61 shoulder_lift.pos=-101.59 elbow_flex.pos=+89.08 wrist_flex.pos=+62.18 wrist_roll.pos=-1.77 gripper.pos=+1.46
DEBUG 2026-09-03 09:42:08 [action #87] t=4.95s step=86 queue=16 dmax=0.442 | shoulder_pan.pos=-41.69 shoulder_lift.pos=-101.93 elbow_flex.pos=+89.02 wrist_flex.pos=+61.74 wrist_roll.pos=-1.82 gripper.pos=+1.49
DEBUG 2026-09-03 09:42:08 [action #88] t=4.98s step=87 queue=15 dmax=0.794 | shoulder_pan.pos=-41.53 shoulder_lift.pos=-101.14 elbow_flex.pos=+88.81 wrist_flex.pos=+61.30 wrist_roll.pos=-1.79 gripper.pos=+1.39
DEBUG 2026-09-03 09:42:08 [action #89] t=5.02s step=88 queue=14 dmax=0.246 | shoulder_pan.pos=-41.60 shoulder_lift.pos=-101.07 elbow_flex.pos=+89.06 wrist_flex.pos=+61.12 wrist_roll.pos=-1.82 gripper.pos=+1.38
DEBUG 2026-09-03 09:42:08 [action #90] t=5.05s step=89 queue=13 dmax=0.524 | shoulder_pan.pos=-41.65 shoulder_lift.pos=-101.60 elbow_flex.pos=+88.86 wrist_flex.pos=+60.97 wrist_roll.pos=-1.86 gripper.pos=+1.44
DEBUG 2026-09-03 09:42:08 [action #91] t=5.08s step=90 queue=12 dmax=0.138 | shoulder_pan.pos=-41.63 shoulder_lift.pos=-101.53 elbow_flex.pos=+88.97 wrist_flex.pos=+60.84 wrist_roll.pos=-1.84 gripper.pos=+1.55
DEBUG 2026-09-03 09:42:08 [action #92] t=5.12s step=91 queue=11 dmax=0.436 | shoulder_pan.pos=-41.65 shoulder_lift.pos=-101.09 elbow_flex.pos=+89.24 wrist_flex.pos=+60.66 wrist_roll.pos=-1.86 gripper.pos=+1.44
DEBUG 2026-09-03 09:42:08 [action #93] t=5.15s step=92 queue=10 dmax=0.456 | shoulder_pan.pos=-41.93 shoulder_lift.pos=-101.55 elbow_flex.pos=+89.10 wrist_flex.pos=+60.67 wrist_roll.pos=-1.95 gripper.pos=+1.40
DEBUG 2026-09-03 09:42:08 [action #94] t=5.19s step=93 queue=9 dmax=0.648 | shoulder_pan.pos=-41.78 shoulder_lift.pos=-101.72 elbow_flex.pos=+88.46 wrist_flex.pos=+60.44 wrist_roll.pos=-1.91 gripper.pos=+1.31
DEBUG 2026-09-03 09:42:09 [action #95] t=5.22s step=94 queue=8 dmax=0.350 | shoulder_pan.pos=-41.88 shoulder_lift.pos=-101.37 elbow_flex.pos=+88.59 wrist_flex.pos=+60.46 wrist_roll.pos=-1.88 gripper.pos=+1.46
DEBUG 2026-09-03 09:42:09 [action #96] t=5.25s step=95 queue=7 dmax=0.515 | shoulder_pan.pos=-41.91 shoulder_lift.pos=-101.36 elbow_flex.pos=+88.08 wrist_flex.pos=+60.39 wrist_roll.pos=-2.03 gripper.pos=+1.11
DEBUG 2026-09-03 09:42:09 [action #97] t=5.29s step=96 queue=6 dmax=0.338 | shoulder_pan.pos=-41.81 shoulder_lift.pos=-101.22 elbow_flex.pos=+87.74 wrist_flex.pos=+60.37 wrist_roll.pos=-2.03 gripper.pos=+1.18
DEBUG 2026-09-03 09:42:09 [action #98] t=5.32s step=97 queue=5 dmax=0.154 | shoulder_pan.pos=-41.95 shoulder_lift.pos=-101.31 elbow_flex.pos=+87.87 wrist_flex.pos=+60.52 wrist_roll.pos=-2.08 gripper.pos=+1.20
DEBUG 2026-09-03 09:42:09 [action #99] t=5.35s step=98 queue=4 dmax=0.304 | shoulder_pan.pos=-42.03 shoulder_lift.pos=-101.61 elbow_flex.pos=+88.06 wrist_flex.pos=+60.47 wrist_roll.pos=-2.15 gripper.pos=+1.28
DEBUG 2026-09-03 09:42:09 [action #100] t=5.39s step=99 queue=3 dmax=0.424 | shoulder_pan.pos=-41.96 shoulder_lift.pos=-101.19 elbow_flex.pos=+87.66 wrist_flex.pos=+60.54 wrist_roll.pos=-2.17 gripper.pos=+1.27
DEBUG 2026-09-03 09:42:09 [action #101] t=5.42s step=100 queue=2 dmax=0.326 | shoulder_pan.pos=-41.95 shoulder_lift.pos=-101.21 elbow_flex.pos=+87.98 wrist_flex.pos=+60.66 wrist_roll.pos=-2.50 gripper.pos=+1.29
DEBUG 2026-09-03 09:42:09 [chunk] received 50 actions, timesteps 77..126 | first: shoulder_pan.pos=-41.94 shoulder_lift.pos=-101.43 elbow_flex.pos=+89.79 wrist_flex.pos=+70.11 wrist_roll.pos=-2.08 gripper.pos=+1.24 | last: shoulder_pan.pos=-43.24 shoulder_lift.pos=-101.48 elbow_flex.pos=+86.83 wrist_flex.pos=+59.50 wrist_roll.pos=-4.55 gripper.pos=+1.31
DEBUG 2026-09-03 09:42:09 [action #102] t=5.45s step=101 queue=26 dmax=1.289 | shoulder_pan.pos=-43.24 shoulder_lift.pos=-101.48 elbow_flex.pos=+89.21 wrist_flex.pos=+61.79 wrist_roll.pos=-2.73 gripper.pos=+1.11
DEBUG 2026-09-03 09:42:09 [action #103] t=5.49s step=102 queue=25 dmax=0.949 | shoulder_pan.pos=-43.85 shoulder_lift.pos=-101.84 elbow_flex.pos=+90.16 wrist_flex.pos=+61.80 wrist_roll.pos=-2.77 gripper.pos=+1.11
DEBUG 2026-09-03 09:42:09 [action #104] t=5.52s step=103 queue=24 dmax=0.596 | shoulder_pan.pos=-43.59 shoulder_lift.pos=-101.25 elbow_flex.pos=+89.81 wrist_flex.pos=+61.35 wrist_roll.pos=-2.76 gripper.pos=+1.09
DEBUG 2026-09-03 09:42:09 [action #105] t=5.55s step=104 queue=23 dmax=0.409 | shoulder_pan.pos=-43.79 shoulder_lift.pos=-101.51 elbow_flex.pos=+89.99 wrist_flex.pos=+60.94 wrist_roll.pos=-2.68 gripper.pos=+1.17
DEBUG 2026-09-03 09:42:09 [action #106] t=5.59s step=105 queue=22 dmax=0.430 | shoulder_pan.pos=-43.60 shoulder_lift.pos=-101.39 elbow_flex.pos=+89.76 wrist_flex.pos=+60.51 wrist_roll.pos=-2.70 gripper.pos=+1.12
DEBUG 2026-09-03 09:42:09 [action #107] t=5.62s step=106 queue=21 dmax=0.286 | shoulder_pan.pos=-43.72 shoulder_lift.pos=-101.42 elbow_flex.pos=+89.59 wrist_flex.pos=+60.22 wrist_roll.pos=-2.69 gripper.pos=+1.18
DEBUG 2026-09-03 09:42:09 [action #108] t=5.65s step=107 queue=20 dmax=0.214 | shoulder_pan.pos=-43.77 shoulder_lift.pos=-101.45 elbow_flex.pos=+89.81 wrist_flex.pos=+60.09 wrist_roll.pos=-2.75 gripper.pos=+1.27
DEBUG 2026-09-03 09:42:09 [action #109] t=5.69s step=108 queue=19 dmax=0.377 | shoulder_pan.pos=-43.87 shoulder_lift.pos=-101.43 elbow_flex.pos=+89.43 wrist_flex.pos=+59.84 wrist_roll.pos=-2.83 gripper.pos=+1.23
DEBUG 2026-09-03 09:42:09 [action #110] t=5.72s step=109 queue=18 dmax=0.178 | shoulder_pan.pos=-43.83 shoulder_lift.pos=-101.61 elbow_flex.pos=+89.55 wrist_flex.pos=+59.71 wrist_roll.pos=-2.88 gripper.pos=+1.12
DEBUG 2026-09-03 09:42:09 [action #111] t=5.75s step=110 queue=17 dmax=0.231 | shoulder_pan.pos=-43.78 shoulder_lift.pos=-101.69 elbow_flex.pos=+89.78 wrist_flex.pos=+59.61 wrist_roll.pos=-3.04 gripper.pos=+1.12
DEBUG 2026-09-03 09:42:09 [action #112] t=5.79s step=111 queue=16 dmax=0.602 | shoulder_pan.pos=-43.73 shoulder_lift.pos=-101.37 elbow_flex.pos=+89.18 wrist_flex.pos=+59.68 wrist_roll.pos=-3.05 gripper.pos=+1.20
DEBUG 2026-09-03 09:42:09 [action #113] t=5.82s step=112 queue=15 dmax=0.409 | shoulder_pan.pos=-43.80 shoulder_lift.pos=-101.59 elbow_flex.pos=+88.77 wrist_flex.pos=+59.54 wrist_roll.pos=-3.17 gripper.pos=+1.15
DEBUG 2026-09-03 09:42:09 [action #114] t=5.85s step=113 queue=14 dmax=0.215 | shoulder_pan.pos=-43.70 shoulder_lift.pos=-101.37 elbow_flex.pos=+88.58 wrist_flex.pos=+59.71 wrist_roll.pos=-3.20 gripper.pos=+1.19
DEBUG 2026-09-03 09:42:09 [action #115] t=5.89s step=114 queue=13 dmax=0.353 | shoulder_pan.pos=-43.71 shoulder_lift.pos=-101.52 elbow_flex.pos=+88.94 wrist_flex.pos=+59.68 wrist_roll.pos=-3.29 gripper.pos=+1.11
DEBUG 2026-09-03 09:42:09 [action #116] t=5.92s step=115 queue=12 dmax=0.491 | shoulder_pan.pos=-43.61 shoulder_lift.pos=-101.14 elbow_flex.pos=+88.44 wrist_flex.pos=+59.53 wrist_roll.pos=-3.30 gripper.pos=+1.06
DEBUG 2026-09-03 09:42:09 [action #117] t=5.95s step=116 queue=11 dmax=0.482 | shoulder_pan.pos=-43.45 shoulder_lift.pos=-101.62 elbow_flex.pos=+88.41 wrist_flex.pos=+59.56 wrist_roll.pos=-3.26 gripper.pos=+1.10
DEBUG 2026-09-03 09:42:09 [action #118] t=5.99s step=117 queue=10 dmax=0.207 | shoulder_pan.pos=-43.55 shoulder_lift.pos=-101.83 elbow_flex.pos=+88.27 wrist_flex.pos=+59.50 wrist_roll.pos=-3.21 gripper.pos=+1.21
DEBUG 2026-09-03 09:42:09 [action #119] t=6.02s step=118 queue=9 dmax=0.837 | shoulder_pan.pos=-43.34 shoulder_lift.pos=-100.99 elbow_flex.pos=+88.00 wrist_flex.pos=+59.63 wrist_roll.pos=-3.32 gripper.pos=+1.11
DEBUG 2026-09-03 09:42:09 [action #120] t=6.05s step=119 queue=8 dmax=0.798 | shoulder_pan.pos=-43.44 shoulder_lift.pos=-101.79 elbow_flex.pos=+87.90 wrist_flex.pos=+59.80 wrist_roll.pos=-3.33 gripper.pos=+1.09
DEBUG 2026-09-03 09:42:09 [action #121] t=6.09s step=120 queue=7 dmax=0.622 | shoulder_pan.pos=-43.31 shoulder_lift.pos=-101.17 elbow_flex.pos=+87.40 wrist_flex.pos=+59.82 wrist_roll.pos=-3.44 gripper.pos=+1.07
DEBUG 2026-09-03 09:42:09 [action #122] t=6.12s step=121 queue=6 dmax=0.416 | shoulder_pan.pos=-43.42 shoulder_lift.pos=-101.58 elbow_flex.pos=+87.69 wrist_flex.pos=+59.88 wrist_roll.pos=-3.54 gripper.pos=+1.13
DEBUG 2026-09-03 09:42:09 [action #123] t=6.15s step=122 queue=5 dmax=0.499 | shoulder_pan.pos=-43.21 shoulder_lift.pos=-101.09 elbow_flex.pos=+87.36 wrist_flex.pos=+59.80 wrist_roll.pos=-3.64 gripper.pos=+1.00
DEBUG 2026-09-03 09:42:09 [action #124] t=6.19s step=123 queue=4 dmax=0.367 | shoulder_pan.pos=-43.25 shoulder_lift.pos=-101.26 elbow_flex.pos=+86.99 wrist_flex.pos=+59.97 wrist_roll.pos=-3.86 gripper.pos=+1.09
DEBUG 2026-09-03 09:42:10 [action #125] t=6.22s step=124 queue=3 dmax=0.262 | shoulder_pan.pos=-43.26 shoulder_lift.pos=-101.31 elbow_flex.pos=+86.87 wrist_flex.pos=+59.99 wrist_roll.pos=-4.13 gripper.pos=+1.12
DEBUG 2026-09-03 09:42:10 [action #126] t=6.25s step=125 queue=2 dmax=0.370 | shoulder_pan.pos=-43.17 shoulder_lift.pos=-100.94 elbow_flex.pos=+86.83 wrist_flex.pos=+59.81 wrist_roll.pos=-4.32 gripper.pos=+1.18
DEBUG 2026-09-03 09:42:10 [chunk] received 50 actions, timesteps 100..149 | first: shoulder_pan.pos=-41.68 shoulder_lift.pos=-100.97 elbow_flex.pos=+87.25 wrist_flex.pos=+59.82 wrist_roll.pos=-1.74 gripper.pos=+1.18 | last: shoulder_pan.pos=-42.01 shoulder_lift.pos=-60.44 elbow_flex.pos=+60.00 wrist_flex.pos=+51.72 wrist_roll.pos=-4.84 gripper.pos=+1.19
INFO 2026-09-03 09:42:13 Final action sent: shoulder_pan.pos=-43.17 shoulder_lift.pos=-100.94 elbow_flex.pos=+86.83 wrist_flex.pos=+59.81 wrist_roll.pos=-4.32 gripper.pos=+1.18
DEBUG 2026-09-03 09:42:13 === episode end | 9.7s | converged=True | actions=126 ===
