INFO 2026-08-06 23:20:42 estrator.py:696 Decomposing high-level prompt: 'put everything on the tray except for the toy'
INFO 2026-08-06 23:20:42 estrator.py:615 Saved VLM frame: runs/run_2026-08-06_23-04-44/07/decompose_20260806_232042.png
  Generated 25 tokens in 1.9s (13.4 tok/s)

Identification output:
{"visible_objects": ["stuffed animal", "banana", "pen case", "tray", "robot arm"]}
INFO 2026-08-06 23:20:44 estrator.py:454 Identified objects (5): ['stuffed animal', 'banana', 'pen case', 'tray', 'robot arm']
  Generated 78 tokens in 5.3s (14.8 tok/s)
INFO 2026-08-06 23:20:49 estrator.py:473 Raw VLM decomposition output (263 chars): '{\n  "visible_objects": ["stuffed animal", "banana", "pen case", "tray", "robot arm"],\n  "excluded_objects": ["stuffed animal"],\n  "allowed_objects": ["banana", "pen case"],\n  "subtasks": [\n    "put the banana on the tray",\n    "put the pen case on the tray"\n  ]\n}'

Visible: ['stuffed animal', 'banana', 'pen case', 'tray', 'robot arm']
Excluded: ['stuffed animal']
Allowed: ['banana', 'pen case']

Parsed 2 sub-tasks:
  1. put the banana on the tray
  2. put the pen case on the tray
INFO 2026-08-06 23:20:49 estrator.py:714 Sub-task queue (2):
INFO 2026-08-06 23:20:49 estrator.py:716   1. put the banana on the tray
INFO 2026-08-06 23:20:49 estrator.py:716   2. put the pen case on the tray
INFO 2026-08-06 23:20:49 estrator.py:764 [1] Executing sub-task: 'put the banana on the tray' (1 retries left)
INFO 2026-08-06 23:20:49 ent_loop.py:453 Control loop started | task: 'put the banana on the tray' | duration: 30.0s
INFO 2026-08-06 23:20:49 ent_loop.py:411 Action receiver thread started
INFO 2026-08-06 23:21:19 ent_loop.py:464 Episode timeout (30.0s)
INFO 2026-08-06 23:21:19 ent_loop.py:620 Episode finished: 30.4s, converged=False, max_displacement=185.1414, actions=865
INFO 2026-08-06 23:21:19 ent_loop.py:266 Returning to home position...
INFO 2026-08-06 23:21:21 ent_loop.py:279 Home position reached.
INFO 2026-08-06 23:21:24 estrator.py:646 Saved VLM eval clip (32 frames) to runs/run_2026-08-06_23-04-44/07
INFO 2026-08-06 23:21:24 estrator.py:877 Evaluation observation: video clip (32 frames over 29.9s of a 30.4s episode, 1.04 fps)
  Generated 21 tokens in 1.8s (11.6 tok/s)
INFO 2026-08-06 23:21:26 estrator.py:506 Raw eval output: {"success": true, "reason": "The banana is now on the tray as instructed."}
INFO 2026-08-06 23:21:26 estrator.py:926 VLM judgement: success=True | The banana is now on the tray as instructed.
INFO 2026-08-06 23:21:26 estrator.py:764 [2] Executing sub-task: 'put the pen case on the tray' (1 retries left)
INFO 2026-08-06 23:21:26 ent_loop.py:453 Control loop started | task: 'put the pen case on the tray' | duration: 30.0s
INFO 2026-08-06 23:21:26 ent_loop.py:411 Action receiver thread started
[INTERJECT] SKIP requested — stopping current action...
INFO 2026-08-06 23:21:52 ent_loop.py:620 Episode finished: 25.6s, converged=False, max_displacement=223.6089, actions=699
INFO 2026-08-06 23:21:52 estrator.py:777 User skipped sub-task: 'put the pen case on the tray' (1 attempt(s) left)
INFO 2026-08-06 23:21:52 ent_loop.py:266 Returning to home position...
INFO 2026-08-06 23:21:54 ent_loop.py:279 Home position reached.
INFO 2026-08-06 23:21:54 estrator.py:764 [2] Executing sub-task: 'put the pen case on the tray' (0 retries left)
INFO 2026-08-06 23:21:54 ent_loop.py:453 Control loop started | task: 'put the pen case on the tray' | duration: 30.0s
INFO 2026-08-06 23:21:54 ent_loop.py:411 Action receiver thread started
INFO 2026-08-06 23:22:09 ent_loop.py:620 Episode finished: 15.0s, converged=True, max_displacement=113.0394, actions=388
INFO 2026-08-06 23:22:09 ent_loop.py:266 Returning to home position...
INFO 2026-08-06 23:22:11 ent_loop.py:279 Home position reached.
INFO 2026-08-06 23:22:14 estrator.py:646 Saved VLM eval clip (32 frames) to runs/run_2026-08-06_23-04-44/07
INFO 2026-08-06 23:22:14 estrator.py:877 Evaluation observation: video clip (32 frames over 14.5s of a 15.0s episode, 2.14 fps)
  Generated 25 tokens in 2.1s (11.9 tok/s)
INFO 2026-08-06 23:22:16 estrator.py:506 Raw eval output: {"success": false, "reason": "The pen case is still on the table, not on the tray."}
INFO 2026-08-06 23:22:16 estrator.py:926 VLM judgement: success=False | The pen case is still on the table, not on the tray.
WARNING 2026-08-06 23:22:16 estrator.py:955 Sub-task 'put the pen case on the tray' failed after all retries.
INFO 2026-08-06 23:22:16 estrator.py:964 Triggering replan (0 replan(s) left after this)...
INFO 2026-08-06 23:22:16 estrator.py:965   Completed so far: ['put the banana on the tray']
INFO 2026-08-06 23:22:16 estrator.py:966   Failed: 'put the pen case on the tray' — The pen case is still on the table, not on the tray.
INFO 2026-08-06 23:22:16 estrator.py:967   Remaining (discarded): []

[REPLAN] Sub-task 'put the pen case on the tray' failed after all retries: The pen case is still on the table, not on the tray.
[REPLAN] Additional context for the planner (Enter for none, 'q' to abort): WARNING 2026-08-06 23:22:43 estrator.py:691 ABORT requested at the replan prompt — abandoning high-level task 'put everything on the tray except for the toy' and returning to the prompt.
INFO 2026-08-06 23:22:43 ent_loop.py:266 Returning to home position...
INFO 2026-08-06 23:22:45 ent_loop.py:279 Home position reached.
INFO 2026-08-06 23:22:45 estrator.py:978   Completed before the abort: ['put the banana on the tray']
