DEBUG 2026-09-03 10:07:57 === episode start | task: 'put the cylinder on the tray' | duration: 50.0s ===
DEBUG 2026-09-03 10:07:58 [chunk] received 50 actions, timesteps 0..49 | first: shoulder_pan.pos=-4.37 shoulder_lift.pos=-102.55 elbow_flex.pos=+89.39 wrist_flex.pos=+77.32 wrist_roll.pos=-0.26 gripper.pos=+0.84 | last: shoulder_pan.pos=-4.40 shoulder_lift.pos=-102.54 elbow_flex.pos=+89.58 wrist_flex.pos=+77.50 wrist_roll.pos=-0.47 gripper.pos=+1.04
DEBUG 2026-09-03 10:07:58 [action #1] t=0.97s step=0 queue=50 dmax=n/a | shoulder_pan.pos=-4.37 shoulder_lift.pos=-102.55 elbow_flex.pos=+89.39 wrist_flex.pos=+77.32 wrist_roll.pos=-0.26 gripper.pos=+0.84
DEBUG 2026-09-03 10:07:58 [action #2] t=1.00s step=1 queue=49 dmax=0.311 | shoulder_pan.pos=-4.06 shoulder_lift.pos=-102.80 elbow_flex.pos=+89.37 wrist_flex.pos=+77.54 wrist_roll.pos=-0.22 gripper.pos=+0.92
DEBUG 2026-09-03 10:07:58 [action #3] t=1.04s step=2 queue=48 dmax=0.364 | shoulder_pan.pos=-4.22 shoulder_lift.pos=-102.44 elbow_flex.pos=+89.56 wrist_flex.pos=+77.66 wrist_roll.pos=-0.39 gripper.pos=+0.96
DEBUG 2026-09-03 10:07:58 [action #4] t=1.07s step=3 queue=47 dmax=0.565 | shoulder_pan.pos=-4.37 shoulder_lift.pos=-102.15 elbow_flex.pos=+88.99 wrist_flex.pos=+77.63 wrist_roll.pos=-0.32 gripper.pos=+0.94
DEBUG 2026-09-03 10:07:58 [action #5] t=1.10s step=4 queue=46 dmax=1.117 | shoulder_pan.pos=-4.33 shoulder_lift.pos=-102.17 elbow_flex.pos=+90.11 wrist_flex.pos=+77.96 wrist_roll.pos=-0.29 gripper.pos=+0.92
DEBUG 2026-09-03 10:07:58 [action #6] t=1.14s step=5 queue=45 dmax=0.824 | shoulder_pan.pos=-4.36 shoulder_lift.pos=-102.05 elbow_flex.pos=+89.28 wrist_flex.pos=+77.76 wrist_roll.pos=-0.32 gripper.pos=+0.96
DEBUG 2026-09-03 10:07:58 [action #7] t=1.17s step=6 queue=44 dmax=0.902 | shoulder_pan.pos=-4.21 shoulder_lift.pos=-102.39 elbow_flex.pos=+90.19 wrist_flex.pos=+77.62 wrist_roll.pos=-0.29 gripper.pos=+1.06
DEBUG 2026-09-03 10:07:58 [action #8] t=1.20s step=7 queue=43 dmax=0.231 | shoulder_pan.pos=-4.27 shoulder_lift.pos=-102.35 elbow_flex.pos=+89.96 wrist_flex.pos=+77.63 wrist_roll.pos=-0.32 gripper.pos=+1.00
DEBUG 2026-09-03 10:07:59 [action #9] t=1.24s step=8 queue=42 dmax=0.602 | shoulder_pan.pos=-4.28 shoulder_lift.pos=-102.95 elbow_flex.pos=+89.92 wrist_flex.pos=+77.66 wrist_roll.pos=-0.29 gripper.pos=+1.11
DEBUG 2026-09-03 10:07:59 [action #10] t=1.27s step=9 queue=41 dmax=0.501 | shoulder_pan.pos=-4.46 shoulder_lift.pos=-102.45 elbow_flex.pos=+90.01 wrist_flex.pos=+77.76 wrist_roll.pos=-0.32 gripper.pos=+1.09
DEBUG 2026-09-03 10:07:59 [action #11] t=1.30s step=10 queue=40 dmax=0.203 | shoulder_pan.pos=-4.42 shoulder_lift.pos=-102.51 elbow_flex.pos=+89.85 wrist_flex.pos=+77.74 wrist_roll.pos=-0.36 gripper.pos=+0.89
DEBUG 2026-09-03 10:07:59 [action #12] t=1.34s step=11 queue=39 dmax=0.515 | shoulder_pan.pos=-4.22 shoulder_lift.pos=-103.02 elbow_flex.pos=+89.48 wrist_flex.pos=+77.65 wrist_roll.pos=-0.29 gripper.pos=+0.96
DEBUG 2026-09-03 10:07:59 [action #13] t=1.37s step=12 queue=38 dmax=0.814 | shoulder_pan.pos=-4.25 shoulder_lift.pos=-102.21 elbow_flex.pos=+89.70 wrist_flex.pos=+77.59 wrist_roll.pos=-0.35 gripper.pos=+0.90
DEBUG 2026-09-03 10:07:59 [action #14] t=1.40s step=13 queue=37 dmax=0.342 | shoulder_pan.pos=-4.40 shoulder_lift.pos=-102.27 elbow_flex.pos=+90.04 wrist_flex.pos=+77.68 wrist_roll.pos=-0.33 gripper.pos=+1.05
DEBUG 2026-09-03 10:07:59 [action #15] t=1.44s step=14 queue=36 dmax=0.318 | shoulder_pan.pos=-4.59 shoulder_lift.pos=-102.59 elbow_flex.pos=+89.82 wrist_flex.pos=+77.77 wrist_roll.pos=-0.27 gripper.pos=+0.99
DEBUG 2026-09-03 10:07:59 [action #16] t=1.47s step=15 queue=35 dmax=0.235 | shoulder_pan.pos=-4.48 shoulder_lift.pos=-102.50 elbow_flex.pos=+89.74 wrist_flex.pos=+77.53 wrist_roll.pos=-0.39 gripper.pos=+0.90
DEBUG 2026-09-03 10:07:59 [action #17] t=1.50s step=16 queue=34 dmax=0.376 | shoulder_pan.pos=-4.36 shoulder_lift.pos=-102.12 elbow_flex.pos=+89.62 wrist_flex.pos=+77.64 wrist_roll.pos=-0.36 gripper.pos=+1.04
DEBUG 2026-09-03 10:07:59 [action #18] t=1.54s step=17 queue=33 dmax=0.201 | shoulder_pan.pos=-4.46 shoulder_lift.pos=-102.32 elbow_flex.pos=+89.42 wrist_flex.pos=+77.73 wrist_roll.pos=-0.39 gripper.pos=+1.02
DEBUG 2026-09-03 10:07:59 [action #19] t=1.57s step=18 queue=32 dmax=0.370 | shoulder_pan.pos=-4.58 shoulder_lift.pos=-102.69 elbow_flex.pos=+89.52 wrist_flex.pos=+77.61 wrist_roll.pos=-0.36 gripper.pos=+0.99
DEBUG 2026-09-03 10:07:59 [action #20] t=1.61s step=19 queue=31 dmax=0.637 | shoulder_pan.pos=-4.40 shoulder_lift.pos=-102.05 elbow_flex.pos=+89.66 wrist_flex.pos=+77.76 wrist_roll.pos=-0.38 gripper.pos=+0.95
DEBUG 2026-09-03 10:07:59 [action #21] t=1.64s step=20 queue=30 dmax=0.372 | shoulder_pan.pos=-4.38 shoulder_lift.pos=-102.42 elbow_flex.pos=+89.45 wrist_flex.pos=+77.85 wrist_roll.pos=-0.27 gripper.pos=+0.95
DEBUG 2026-09-03 10:07:59 [action #22] t=1.67s step=21 queue=29 dmax=0.483 | shoulder_pan.pos=-4.42 shoulder_lift.pos=-102.09 elbow_flex.pos=+88.97 wrist_flex.pos=+77.75 wrist_roll.pos=-0.29 gripper.pos=+1.02
DEBUG 2026-09-03 10:07:59 [action #23] t=1.71s step=22 queue=28 dmax=0.473 | shoulder_pan.pos=-4.39 shoulder_lift.pos=-102.56 elbow_flex.pos=+89.22 wrist_flex.pos=+77.80 wrist_roll.pos=-0.32 gripper.pos=+1.01
DEBUG 2026-09-03 10:07:59 [action #24] t=1.74s step=23 queue=27 dmax=0.294 | shoulder_pan.pos=-4.31 shoulder_lift.pos=-102.27 elbow_flex.pos=+88.99 wrist_flex.pos=+77.59 wrist_roll.pos=-0.30 gripper.pos=+0.95
DEBUG 2026-09-03 10:07:59 [action #25] t=1.77s step=24 queue=26 dmax=0.837 | shoulder_pan.pos=-4.29 shoulder_lift.pos=-102.73 elbow_flex.pos=+89.83 wrist_flex.pos=+77.69 wrist_roll.pos=-0.30 gripper.pos=+1.08
DEBUG 2026-09-03 10:07:59 [action #26] t=1.81s step=25 queue=25 dmax=0.322 | shoulder_pan.pos=-4.33 shoulder_lift.pos=-102.41 elbow_flex.pos=+89.83 wrist_flex.pos=+77.66 wrist_roll.pos=-0.27 gripper.pos=+0.89
DEBUG 2026-09-03 10:07:59 [action #27] t=1.84s step=26 queue=24 dmax=0.527 | shoulder_pan.pos=-4.29 shoulder_lift.pos=-102.93 elbow_flex.pos=+89.49 wrist_flex.pos=+77.54 wrist_roll.pos=-0.35 gripper.pos=+0.95
DEBUG 2026-09-03 10:07:59 [action #28] t=1.87s step=27 queue=23 dmax=0.415 | shoulder_pan.pos=-4.64 shoulder_lift.pos=-102.52 elbow_flex.pos=+89.29 wrist_flex.pos=+77.74 wrist_roll.pos=-0.26 gripper.pos=+0.93
DEBUG 2026-09-03 10:07:59 [action #29] t=1.91s step=28 queue=22 dmax=0.160 | shoulder_pan.pos=-4.49 shoulder_lift.pos=-102.61 elbow_flex.pos=+89.13 wrist_flex.pos=+77.69 wrist_roll.pos=-0.29 gripper.pos=+0.94
DEBUG 2026-09-03 10:07:59 [action #30] t=1.94s step=29 queue=21 dmax=0.832 | shoulder_pan.pos=-4.59 shoulder_lift.pos=-102.33 elbow_flex.pos=+89.96 wrist_flex.pos=+77.77 wrist_roll.pos=-0.31 gripper.pos=+0.95
DEBUG 2026-09-03 10:07:59 [action #31] t=1.97s step=30 queue=20 dmax=0.174 | shoulder_pan.pos=-4.42 shoulder_lift.pos=-102.32 elbow_flex.pos=+89.80 wrist_flex.pos=+77.61 wrist_roll.pos=-0.32 gripper.pos=+0.85
DEBUG 2026-09-03 10:07:59 [action #32] t=2.01s step=31 queue=19 dmax=0.354 | shoulder_pan.pos=-4.34 shoulder_lift.pos=-102.51 elbow_flex.pos=+89.44 wrist_flex.pos=+77.49 wrist_roll.pos=-0.28 gripper.pos=+1.01
DEBUG 2026-09-03 10:07:59 [chunk] received 50 actions, timesteps 3..52 | first: shoulder_pan.pos=-4.62 shoulder_lift.pos=-103.23 elbow_flex.pos=+90.11 wrist_flex.pos=+77.76 wrist_roll.pos=-0.15 gripper.pos=+0.71 | last: shoulder_pan.pos=-5.01 shoulder_lift.pos=-102.66 elbow_flex.pos=+89.24 wrist_flex.pos=+78.05 wrist_roll.pos=-0.16 gripper.pos=+0.88
DEBUG 2026-09-03 10:07:59 [action #33] t=2.04s step=32 queue=21 dmax=0.906 | shoulder_pan.pos=-4.65 shoulder_lift.pos=-102.63 elbow_flex.pos=+90.35 wrist_flex.pos=+77.80 wrist_roll.pos=-0.27 gripper.pos=+0.80
DEBUG 2026-09-03 10:07:59 [action #34] t=2.07s step=33 queue=20 dmax=0.435 | shoulder_pan.pos=-4.77 shoulder_lift.pos=-102.31 elbow_flex.pos=+89.91 wrist_flex.pos=+77.99 wrist_roll.pos=-0.30 gripper.pos=+0.87
DEBUG 2026-09-03 10:07:59 [action #35] t=2.11s step=34 queue=19 dmax=0.424 | shoulder_pan.pos=-4.71 shoulder_lift.pos=-102.74 elbow_flex.pos=+89.91 wrist_flex.pos=+77.89 wrist_roll.pos=-0.29 gripper.pos=+0.86
DEBUG 2026-09-03 10:07:59 [action #36] t=2.14s step=35 queue=18 dmax=0.102 | shoulder_pan.pos=-4.71 shoulder_lift.pos=-102.64 elbow_flex.pos=+89.91 wrist_flex.pos=+77.85 wrist_roll.pos=-0.36 gripper.pos=+0.81
DEBUG 2026-09-03 10:07:59 [action #37] t=2.17s step=36 queue=17 dmax=0.405 | shoulder_pan.pos=-4.90 shoulder_lift.pos=-102.46 elbow_flex.pos=+89.51 wrist_flex.pos=+77.89 wrist_roll.pos=-0.27 gripper.pos=+0.98
DEBUG 2026-09-03 10:07:59 [action #38] t=2.21s step=37 queue=16 dmax=0.378 | shoulder_pan.pos=-4.79 shoulder_lift.pos=-102.42 elbow_flex.pos=+89.88 wrist_flex.pos=+77.77 wrist_roll.pos=-0.33 gripper.pos=+0.97
DEBUG 2026-09-03 10:08:00 [action #39] t=2.24s step=38 queue=15 dmax=0.415 | shoulder_pan.pos=-4.91 shoulder_lift.pos=-102.84 elbow_flex.pos=+90.23 wrist_flex.pos=+77.82 wrist_roll.pos=-0.32 gripper.pos=+1.01
DEBUG 2026-09-03 10:08:00 [action #40] t=2.27s step=39 queue=14 dmax=0.735 | shoulder_pan.pos=-4.74 shoulder_lift.pos=-102.57 elbow_flex.pos=+89.50 wrist_flex.pos=+77.85 wrist_roll.pos=-0.29 gripper.pos=+0.87
DEBUG 2026-09-03 10:08:00 [action #41] t=2.31s step=40 queue=13 dmax=0.438 | shoulder_pan.pos=-4.95 shoulder_lift.pos=-102.46 elbow_flex.pos=+89.94 wrist_flex.pos=+77.70 wrist_roll.pos=-0.30 gripper.pos=+0.77
DEBUG 2026-09-03 10:08:00 [action #42] t=2.34s step=41 queue=12 dmax=0.277 | shoulder_pan.pos=-4.76 shoulder_lift.pos=-102.45 elbow_flex.pos=+89.93 wrist_flex.pos=+77.98 wrist_roll.pos=-0.34 gripper.pos=+0.90
DEBUG 2026-09-03 10:08:00 [action #43] t=2.37s step=42 queue=11 dmax=0.329 | shoulder_pan.pos=-4.98 shoulder_lift.pos=-102.12 elbow_flex.pos=+90.23 wrist_flex.pos=+77.85 wrist_roll.pos=-0.29 gripper.pos=+0.74
DEBUG 2026-09-03 10:08:00 [action #44] t=2.41s step=43 queue=10 dmax=0.577 | shoulder_pan.pos=-4.90 shoulder_lift.pos=-102.64 elbow_flex.pos=+89.65 wrist_flex.pos=+77.84 wrist_roll.pos=-0.30 gripper.pos=+0.85
DEBUG 2026-09-03 10:08:00 [action #45] t=2.44s step=44 queue=9 dmax=0.095 | shoulder_pan.pos=-4.84 shoulder_lift.pos=-102.56 elbow_flex.pos=+89.75 wrist_flex.pos=+77.92 wrist_roll.pos=-0.23 gripper.pos=+0.93
DEBUG 2026-09-03 10:08:00 [action #46] t=2.47s step=45 queue=8 dmax=0.419 | shoulder_pan.pos=-4.79 shoulder_lift.pos=-102.47 elbow_flex.pos=+89.33 wrist_flex.pos=+77.86 wrist_roll.pos=-0.29 gripper.pos=+0.90
DEBUG 2026-09-03 10:08:00 [action #47] t=2.51s step=46 queue=7 dmax=0.267 | shoulder_pan.pos=-4.81 shoulder_lift.pos=-102.62 elbow_flex.pos=+89.59 wrist_flex.pos=+77.80 wrist_roll.pos=-0.29 gripper.pos=+0.91
DEBUG 2026-09-03 10:08:00 [action #48] t=2.54s step=47 queue=6 dmax=0.418 | shoulder_pan.pos=-4.88 shoulder_lift.pos=-102.52 elbow_flex.pos=+90.01 wrist_flex.pos=+77.80 wrist_roll.pos=-0.31 gripper.pos=+0.91
DEBUG 2026-09-03 10:08:00 [action #49] t=2.58s step=48 queue=5 dmax=0.160 | shoulder_pan.pos=-4.82 shoulder_lift.pos=-102.38 elbow_flex.pos=+90.17 wrist_flex.pos=+77.85 wrist_roll.pos=-0.33 gripper.pos=+1.01
DEBUG 2026-09-03 10:08:00 [action #50] t=2.61s step=49 queue=4 dmax=0.155 | shoulder_pan.pos=-4.83 shoulder_lift.pos=-102.38 elbow_flex.pos=+90.02 wrist_flex.pos=+77.93 wrist_roll.pos=-0.32 gripper.pos=+0.86
DEBUG 2026-09-03 10:08:00 [action #51] t=2.64s step=50 queue=3 dmax=0.501 | shoulder_pan.pos=-4.87 shoulder_lift.pos=-102.87 elbow_flex.pos=+89.52 wrist_flex.pos=+77.98 wrist_roll.pos=-0.25 gripper.pos=+0.77
DEBUG 2026-09-03 10:08:00 [action #52] t=2.68s step=51 queue=2 dmax=0.370 | shoulder_pan.pos=-4.95 shoulder_lift.pos=-102.50 elbow_flex.pos=+89.77 wrist_flex.pos=+78.16 wrist_roll.pos=-0.31 gripper.pos=+0.74
DEBUG 2026-09-03 10:08:00 [action #53] t=2.71s step=52 queue=1 dmax=0.538 | shoulder_pan.pos=-5.01 shoulder_lift.pos=-102.66 elbow_flex.pos=+89.24 wrist_flex.pos=+78.05 wrist_roll.pos=-0.16 gripper.pos=+0.88
DEBUG 2026-09-03 10:08:01 [chunk] received 50 actions, timesteps 52..101 | first: shoulder_pan.pos=-4.55 shoulder_lift.pos=-103.35 elbow_flex.pos=+89.62 wrist_flex.pos=+77.69 wrist_roll.pos=-0.41 gripper.pos=+0.97 | last: shoulder_pan.pos=-4.69 shoulder_lift.pos=-103.26 elbow_flex.pos=+89.83 wrist_flex.pos=+77.77 wrist_roll.pos=-0.42 gripper.pos=+0.87
DEBUG 2026-09-03 10:08:01 [action #54] t=3.65s step=53 queue=49 dmax=0.553 | shoulder_pan.pos=-4.47 shoulder_lift.pos=-102.11 elbow_flex.pos=+89.31 wrist_flex.pos=+77.91 wrist_roll.pos=-0.42 gripper.pos=+0.92
DEBUG 2026-09-03 10:08:01 [action #55] t=3.68s step=54 queue=48 dmax=0.690 | shoulder_pan.pos=-4.67 shoulder_lift.pos=-102.80 elbow_flex.pos=+89.53 wrist_flex.pos=+77.83 wrist_roll.pos=-0.37 gripper.pos=+0.86
DEBUG 2026-09-03 10:08:01 [action #56] t=3.71s step=55 queue=47 dmax=0.495 | shoulder_pan.pos=-4.26 shoulder_lift.pos=-102.31 elbow_flex.pos=+89.13 wrist_flex.pos=+78.05 wrist_roll.pos=-0.25 gripper.pos=+0.91
DEBUG 2026-09-03 10:08:01 [action #57] t=3.75s step=56 queue=46 dmax=0.513 | shoulder_pan.pos=-4.72 shoulder_lift.pos=-102.82 elbow_flex.pos=+89.42 wrist_flex.pos=+78.16 wrist_roll.pos=-0.43 gripper.pos=+0.84
DEBUG 2026-09-03 10:08:01 [action #58] t=3.78s step=57 queue=45 dmax=0.278 | shoulder_pan.pos=-4.44 shoulder_lift.pos=-102.88 elbow_flex.pos=+89.18 wrist_flex.pos=+78.03 wrist_roll.pos=-0.34 gripper.pos=+1.01
DEBUG 2026-09-03 10:08:01 [action #59] t=3.81s step=58 queue=44 dmax=0.359 | shoulder_pan.pos=-4.31 shoulder_lift.pos=-102.52 elbow_flex.pos=+89.08 wrist_flex.pos=+78.02 wrist_roll.pos=-0.34 gripper.pos=+0.86
DEBUG 2026-09-03 10:08:01 [action #60] t=3.85s step=59 queue=43 dmax=0.531 | shoulder_pan.pos=-4.65 shoulder_lift.pos=-102.64 elbow_flex.pos=+88.55 wrist_flex.pos=+77.99 wrist_roll.pos=-0.24 gripper.pos=+0.91
DEBUG 2026-09-03 10:08:01 [action #61] t=3.88s step=60 queue=42 dmax=0.860 | shoulder_pan.pos=-4.60 shoulder_lift.pos=-102.79 elbow_flex.pos=+89.41 wrist_flex.pos=+78.02 wrist_roll.pos=-0.40 gripper.pos=+1.09
DEBUG 2026-09-03 10:08:01 [action #62] t=3.91s step=61 queue=41 dmax=0.415 | shoulder_pan.pos=-4.47 shoulder_lift.pos=-102.37 elbow_flex.pos=+89.13 wrist_flex.pos=+78.27 wrist_roll.pos=-0.34 gripper.pos=+1.03
DEBUG 2026-09-03 10:08:01 [action #63] t=3.95s step=62 queue=40 dmax=0.094 | shoulder_pan.pos=-4.55 shoulder_lift.pos=-102.37 elbow_flex.pos=+89.22 wrist_flex.pos=+78.20 wrist_roll.pos=-0.38 gripper.pos=+1.07
DEBUG 2026-09-03 10:08:01 [action #64] t=3.98s step=63 queue=39 dmax=0.282 | shoulder_pan.pos=-4.71 shoulder_lift.pos=-102.49 elbow_flex.pos=+89.50 wrist_flex.pos=+78.02 wrist_roll.pos=-0.24 gripper.pos=+1.05
DEBUG 2026-09-03 10:08:01 [action #65] t=4.01s step=64 queue=38 dmax=0.754 | shoulder_pan.pos=-4.85 shoulder_lift.pos=-103.24 elbow_flex.pos=+89.74 wrist_flex.pos=+78.15 wrist_roll.pos=-0.35 gripper.pos=+1.01
DEBUG 2026-09-03 10:08:01 [action #66] t=4.05s step=65 queue=37 dmax=0.620 | shoulder_pan.pos=-4.60 shoulder_lift.pos=-102.82 elbow_flex.pos=+89.12 wrist_flex.pos=+77.86 wrist_roll.pos=-0.27 gripper.pos=+1.06
DEBUG 2026-09-03 10:08:01 [action #67] t=4.08s step=66 queue=36 dmax=0.388 | shoulder_pan.pos=-4.66 shoulder_lift.pos=-102.43 elbow_flex.pos=+89.21 wrist_flex.pos=+78.08 wrist_roll.pos=-0.41 gripper.pos=+0.83
DEBUG 2026-09-03 10:08:01 [action #68] t=4.11s step=67 queue=35 dmax=0.197 | shoulder_pan.pos=-4.61 shoulder_lift.pos=-102.62 elbow_flex.pos=+89.24 wrist_flex.pos=+77.95 wrist_roll.pos=-0.36 gripper.pos=+1.03
DEBUG 2026-09-03 10:08:01 [action #69] t=4.15s step=68 queue=34 dmax=0.656 | shoulder_pan.pos=-4.82 shoulder_lift.pos=-101.96 elbow_flex.pos=+88.96 wrist_flex.pos=+77.87 wrist_roll.pos=-0.42 gripper.pos=+1.10
DEBUG 2026-09-03 10:08:01 [action #70] t=4.18s step=69 queue=33 dmax=0.389 | shoulder_pan.pos=-4.82 shoulder_lift.pos=-102.35 elbow_flex.pos=+89.20 wrist_flex.pos=+77.73 wrist_roll.pos=-0.40 gripper.pos=+0.97
DEBUG 2026-09-03 10:08:01 [action #71] t=4.21s step=70 queue=32 dmax=0.356 | shoulder_pan.pos=-4.71 shoulder_lift.pos=-102.71 elbow_flex.pos=+89.04 wrist_flex.pos=+77.92 wrist_roll.pos=-0.44 gripper.pos=+1.04
DEBUG 2026-09-03 10:08:02 [action #72] t=4.25s step=71 queue=31 dmax=0.574 | shoulder_pan.pos=-4.96 shoulder_lift.pos=-103.28 elbow_flex.pos=+89.52 wrist_flex.pos=+77.96 wrist_roll.pos=-0.40 gripper.pos=+1.05
DEBUG 2026-09-03 10:08:02 [action #73] t=4.28s step=72 queue=30 dmax=0.645 | shoulder_pan.pos=-4.86 shoulder_lift.pos=-102.64 elbow_flex.pos=+89.89 wrist_flex.pos=+77.87 wrist_roll.pos=-0.39 gripper.pos=+1.05
DEBUG 2026-09-03 10:08:02 [action #74] t=4.31s step=73 queue=29 dmax=0.380 | shoulder_pan.pos=-5.12 shoulder_lift.pos=-103.02 elbow_flex.pos=+89.53 wrist_flex.pos=+77.91 wrist_roll.pos=-0.38 gripper.pos=+0.95
DEBUG 2026-09-03 10:08:02 [action #75] t=4.35s step=74 queue=28 dmax=0.473 | shoulder_pan.pos=-4.74 shoulder_lift.pos=-102.97 elbow_flex.pos=+89.06 wrist_flex.pos=+77.70 wrist_roll.pos=-0.46 gripper.pos=+0.93
DEBUG 2026-09-03 10:08:02 [action #76] t=4.38s step=75 queue=27 dmax=0.687 | shoulder_pan.pos=-4.78 shoulder_lift.pos=-103.34 elbow_flex.pos=+89.74 wrist_flex.pos=+77.90 wrist_roll.pos=-0.27 gripper.pos=+0.87
DEBUG 2026-09-03 10:08:02 [action #77] t=4.42s step=76 queue=26 dmax=0.557 | shoulder_pan.pos=-4.91 shoulder_lift.pos=-102.78 elbow_flex.pos=+89.47 wrist_flex.pos=+78.07 wrist_roll.pos=-0.44 gripper.pos=+1.01
DEBUG 2026-09-03 10:08:02 [action #78] t=4.45s step=77 queue=25 dmax=0.752 | shoulder_pan.pos=-4.83 shoulder_lift.pos=-102.15 elbow_flex.pos=+88.71 wrist_flex.pos=+77.97 wrist_roll.pos=-0.38 gripper.pos=+0.90
DEBUG 2026-09-03 10:08:02 [action #79] t=4.48s step=78 queue=24 dmax=0.639 | shoulder_pan.pos=-4.85 shoulder_lift.pos=-102.79 elbow_flex.pos=+89.32 wrist_flex.pos=+77.83 wrist_roll.pos=-0.46 gripper.pos=+0.89
DEBUG 2026-09-03 10:08:02 [action #80] t=4.52s step=79 queue=23 dmax=0.182 | shoulder_pan.pos=-4.67 shoulder_lift.pos=-102.62 elbow_flex.pos=+89.41 wrist_flex.pos=+77.82 wrist_roll.pos=-0.35 gripper.pos=+0.94
DEBUG 2026-09-03 10:08:02 [action #81] t=4.55s step=80 queue=22 dmax=0.245 | shoulder_pan.pos=-4.92 shoulder_lift.pos=-102.57 elbow_flex.pos=+89.35 wrist_flex.pos=+77.94 wrist_roll.pos=-0.41 gripper.pos=+0.90
DEBUG 2026-09-03 10:08:02 [action #82] t=4.58s step=81 queue=21 dmax=0.324 | shoulder_pan.pos=-4.91 shoulder_lift.pos=-102.73 elbow_flex.pos=+89.03 wrist_flex.pos=+77.78 wrist_roll.pos=-0.44 gripper.pos=+0.85
DEBUG 2026-09-03 10:08:02 [action #83] t=4.62s step=82 queue=20 dmax=0.349 | shoulder_pan.pos=-4.70 shoulder_lift.pos=-102.38 elbow_flex.pos=+89.08 wrist_flex.pos=+78.01 wrist_roll.pos=-0.24 gripper.pos=+1.08
DEBUG 2026-09-03 10:08:02 [action #84] t=4.65s step=83 queue=19 dmax=0.315 | shoulder_pan.pos=-4.86 shoulder_lift.pos=-102.07 elbow_flex.pos=+89.23 wrist_flex.pos=+77.81 wrist_roll.pos=-0.36 gripper.pos=+1.01
DEBUG 2026-09-03 10:08:02 [action #85] t=4.68s step=84 queue=18 dmax=0.708 | shoulder_pan.pos=-4.92 shoulder_lift.pos=-102.78 elbow_flex.pos=+89.26 wrist_flex.pos=+77.78 wrist_roll.pos=-0.43 gripper.pos=+0.87
DEBUG 2026-09-03 10:08:02 [action #86] t=4.72s step=85 queue=17 dmax=0.190 | shoulder_pan.pos=-4.95 shoulder_lift.pos=-102.60 elbow_flex.pos=+89.24 wrist_flex.pos=+77.97 wrist_roll.pos=-0.42 gripper.pos=+0.94
DEBUG 2026-09-03 10:08:02 [action #87] t=4.75s step=86 queue=16 dmax=0.225 | shoulder_pan.pos=-4.81 shoulder_lift.pos=-102.75 elbow_flex.pos=+89.46 wrist_flex.pos=+77.78 wrist_roll.pos=-0.27 gripper.pos=+1.08
DEBUG 2026-09-03 10:08:02 [action #88] t=4.78s step=87 queue=15 dmax=0.390 | shoulder_pan.pos=-4.67 shoulder_lift.pos=-102.43 elbow_flex.pos=+89.07 wrist_flex.pos=+77.88 wrist_roll.pos=-0.32 gripper.pos=+0.91
DEBUG 2026-09-03 10:08:02 [action #89] t=4.82s step=88 queue=14 dmax=0.527 | shoulder_pan.pos=-5.10 shoulder_lift.pos=-102.31 elbow_flex.pos=+89.60 wrist_flex.pos=+77.93 wrist_roll.pos=-0.38 gripper.pos=+1.14
DEBUG 2026-09-03 10:08:02 [action #90] t=4.85s step=89 queue=13 dmax=0.372 | shoulder_pan.pos=-4.73 shoulder_lift.pos=-102.42 elbow_flex.pos=+89.32 wrist_flex.pos=+77.81 wrist_roll.pos=-0.37 gripper.pos=+0.98
DEBUG 2026-09-03 10:08:02 [action #91] t=4.88s step=90 queue=12 dmax=0.522 | shoulder_pan.pos=-5.25 shoulder_lift.pos=-102.21 elbow_flex.pos=+89.44 wrist_flex.pos=+77.77 wrist_roll.pos=-0.50 gripper.pos=+1.07
DEBUG 2026-09-03 10:08:02 [action #92] t=4.92s step=91 queue=11 dmax=1.323 | shoulder_pan.pos=-4.99 shoulder_lift.pos=-103.38 elbow_flex.pos=+90.76 wrist_flex.pos=+78.08 wrist_roll.pos=-0.35 gripper.pos=+1.11
DEBUG 2026-09-03 10:08:02 [action #93] t=4.95s step=92 queue=10 dmax=1.348 | shoulder_pan.pos=-4.84 shoulder_lift.pos=-102.04 elbow_flex.pos=+89.88 wrist_flex.pos=+77.79 wrist_roll.pos=-0.39 gripper.pos=+0.99
DEBUG 2026-09-03 10:08:02 [action #94] t=4.98s step=93 queue=9 dmax=1.124 | shoulder_pan.pos=-4.87 shoulder_lift.pos=-103.16 elbow_flex.pos=+89.61 wrist_flex.pos=+77.82 wrist_roll.pos=-0.39 gripper.pos=+1.02
DEBUG 2026-09-03 10:08:02 [action #95] t=5.02s step=94 queue=8 dmax=0.225 | shoulder_pan.pos=-4.82 shoulder_lift.pos=-103.01 elbow_flex.pos=+89.67 wrist_flex.pos=+77.73 wrist_roll.pos=-0.41 gripper.pos=+0.79
DEBUG 2026-09-03 10:08:02 [action #96] t=5.05s step=95 queue=7 dmax=0.223 | shoulder_pan.pos=-4.81 shoulder_lift.pos=-102.79 elbow_flex.pos=+89.56 wrist_flex.pos=+77.73 wrist_roll.pos=-0.41 gripper.pos=+0.84
DEBUG 2026-09-03 10:08:02 [action #97] t=5.08s step=96 queue=6 dmax=0.401 | shoulder_pan.pos=-4.79 shoulder_lift.pos=-103.03 elbow_flex.pos=+89.16 wrist_flex.pos=+77.74 wrist_roll.pos=-0.42 gripper.pos=+0.98
DEBUG 2026-09-03 10:08:02 [action #98] t=5.12s step=97 queue=5 dmax=0.586 | shoulder_pan.pos=-4.75 shoulder_lift.pos=-102.44 elbow_flex.pos=+89.59 wrist_flex.pos=+77.93 wrist_roll.pos=-0.46 gripper.pos=+0.98
DEBUG 2026-09-03 10:08:02 [action #99] t=5.15s step=98 queue=4 dmax=0.772 | shoulder_pan.pos=-4.63 shoulder_lift.pos=-103.21 elbow_flex.pos=+89.40 wrist_flex.pos=+77.86 wrist_roll.pos=-0.44 gripper.pos=+1.08
DEBUG 2026-09-03 10:08:02 [action #100] t=5.18s step=99 queue=3 dmax=0.460 | shoulder_pan.pos=-4.85 shoulder_lift.pos=-103.01 elbow_flex.pos=+89.86 wrist_flex.pos=+77.80 wrist_roll.pos=-0.49 gripper.pos=+0.89
DEBUG 2026-09-03 10:08:02 [action #101] t=5.22s step=100 queue=2 dmax=0.544 | shoulder_pan.pos=-4.82 shoulder_lift.pos=-102.47 elbow_flex.pos=+90.05 wrist_flex.pos=+77.76 wrist_roll.pos=-0.43 gripper.pos=+1.04
DEBUG 2026-09-03 10:08:03 [action #102] t=5.25s step=101 queue=1 dmax=0.791 | shoulder_pan.pos=-4.69 shoulder_lift.pos=-103.26 elbow_flex.pos=+89.83 wrist_flex.pos=+77.77 wrist_roll.pos=-0.42 gripper.pos=+0.87
DEBUG 2026-09-03 10:08:03 [chunk] received 50 actions, timesteps 101..150 | first: shoulder_pan.pos=-4.76 shoulder_lift.pos=-102.47 elbow_flex.pos=+89.45 wrist_flex.pos=+77.61 wrist_roll.pos=-0.31 gripper.pos=+1.01 | last: shoulder_pan.pos=-4.76 shoulder_lift.pos=-102.45 elbow_flex.pos=+89.68 wrist_flex.pos=+78.01 wrist_roll.pos=-0.30 gripper.pos=+0.85
DEBUG 2026-09-03 10:08:03 [action #103] t=6.19s step=102 queue=49 dmax=0.598 | shoulder_pan.pos=-4.55 shoulder_lift.pos=-102.66 elbow_flex.pos=+89.61 wrist_flex.pos=+77.66 wrist_roll.pos=-0.37 gripper.pos=+1.01
DEBUG 2026-09-03 10:08:03 [action #104] t=6.22s step=103 queue=48 dmax=0.558 | shoulder_pan.pos=-4.73 shoulder_lift.pos=-102.81 elbow_flex.pos=+89.05 wrist_flex.pos=+77.68 wrist_roll.pos=-0.44 gripper.pos=+0.98
DEBUG 2026-09-03 10:08:04 [action #105] t=6.25s step=104 queue=47 dmax=0.589 | shoulder_pan.pos=-4.41 shoulder_lift.pos=-102.23 elbow_flex.pos=+89.22 wrist_flex.pos=+77.66 wrist_roll.pos=-0.43 gripper.pos=+1.07
DEBUG 2026-09-03 10:08:04 [action #106] t=6.29s step=105 queue=46 dmax=0.307 | shoulder_pan.pos=-4.71 shoulder_lift.pos=-102.04 elbow_flex.pos=+89.52 wrist_flex.pos=+77.83 wrist_roll.pos=-0.41 gripper.pos=+0.97
DEBUG 2026-09-03 10:08:04 [action #107] t=6.32s step=106 queue=45 dmax=0.179 | shoulder_pan.pos=-4.67 shoulder_lift.pos=-102.17 elbow_flex.pos=+89.34 wrist_flex.pos=+77.73 wrist_roll.pos=-0.43 gripper.pos=+0.97
DEBUG 2026-09-03 10:08:04 [action #108] t=6.36s step=107 queue=44 dmax=0.238 | shoulder_pan.pos=-4.65 shoulder_lift.pos=-101.96 elbow_flex.pos=+89.11 wrist_flex.pos=+77.83 wrist_roll.pos=-0.43 gripper.pos=+0.86
DEBUG 2026-09-03 10:08:04 [action #109] t=6.39s step=108 queue=43 dmax=0.441 | shoulder_pan.pos=-4.62 shoulder_lift.pos=-102.40 elbow_flex.pos=+89.08 wrist_flex.pos=+77.76 wrist_roll.pos=-0.43 gripper.pos=+1.04
DEBUG 2026-09-03 10:08:04 [action #110] t=6.42s step=109 queue=42 dmax=0.716 | shoulder_pan.pos=-4.70 shoulder_lift.pos=-101.69 elbow_flex.pos=+89.27 wrist_flex.pos=+77.94 wrist_roll.pos=-0.38 gripper.pos=+1.18
DEBUG 2026-09-03 10:08:04 [action #111] t=6.46s step=110 queue=41 dmax=0.638 | shoulder_pan.pos=-4.71 shoulder_lift.pos=-102.32 elbow_flex.pos=+89.40 wrist_flex.pos=+77.66 wrist_roll.pos=-0.38 gripper.pos=+0.89
DEBUG 2026-09-03 10:08:04 [action #112] t=6.49s step=111 queue=40 dmax=0.244 | shoulder_pan.pos=-4.61 shoulder_lift.pos=-102.27 elbow_flex.pos=+89.38 wrist_flex.pos=+77.91 wrist_roll.pos=-0.30 gripper.pos=+0.96
DEBUG 2026-09-03 10:08:04 [action #113] t=6.52s step=112 queue=39 dmax=0.619 | shoulder_pan.pos=-4.71 shoulder_lift.pos=-102.01 elbow_flex.pos=+90.00 wrist_flex.pos=+77.78 wrist_roll.pos=-0.37 gripper.pos=+1.07
DEBUG 2026-09-03 10:08:04 [action #114] t=6.56s step=113 queue=38 dmax=0.880 | shoulder_pan.pos=-4.28 shoulder_lift.pos=-101.92 elbow_flex.pos=+89.12 wrist_flex.pos=+78.03 wrist_roll.pos=-0.31 gripper.pos=+0.91
DEBUG 2026-09-03 10:08:04 [action #115] t=6.59s step=114 queue=37 dmax=0.350 | shoulder_pan.pos=-4.55 shoulder_lift.pos=-102.27 elbow_flex.pos=+89.03 wrist_flex.pos=+77.98 wrist_roll.pos=-0.31 gripper.pos=+0.98
DEBUG 2026-09-03 10:08:04 [action #116] t=6.62s step=115 queue=36 dmax=0.528 | shoulder_pan.pos=-4.81 shoulder_lift.pos=-101.75 elbow_flex.pos=+89.43 wrist_flex.pos=+77.84 wrist_roll.pos=-0.35 gripper.pos=+0.92
DEBUG 2026-09-03 10:08:04 [action #117] t=6.66s step=116 queue=35 dmax=0.245 | shoulder_pan.pos=-4.57 shoulder_lift.pos=-101.99 elbow_flex.pos=+89.43 wrist_flex.pos=+77.90 wrist_roll.pos=-0.37 gripper.pos=+1.03
DEBUG 2026-09-03 10:08:04 [action #118] t=6.69s step=117 queue=34 dmax=0.452 | shoulder_pan.pos=-4.72 shoulder_lift.pos=-102.11 elbow_flex.pos=+89.88 wrist_flex.pos=+77.82 wrist_roll.pos=-0.39 gripper.pos=+0.97
INFO 2026-09-03 10:08:09 Final action sent: shoulder_pan.pos=-4.72 shoulder_lift.pos=-102.11 elbow_flex.pos=+89.88 wrist_flex.pos=+77.82 wrist_roll.pos=-0.39 gripper.pos=+0.97
DEBUG 2026-09-03 10:08:09 === episode end | 11.4s | converged=True | actions=118 ===
