DEBUG 2026-09-03 09:29:59 === episode start | task: 'put the box on the tray' | duration: 50.0s ===
DEBUG 2026-09-03 09:30:00 [chunk] dropped stale chunk (ts0=491 > max_sent=0)
DEBUG 2026-09-03 09:30:00 [chunk] received 50 actions, timesteps 0..49 | first: shoulder_pan.pos=-5.42 shoulder_lift.pos=-101.13 elbow_flex.pos=+89.09 wrist_flex.pos=+70.99 wrist_roll.pos=-0.34 gripper.pos=+0.87 | last: shoulder_pan.pos=-5.05 shoulder_lift.pos=-90.88 elbow_flex.pos=+70.08 wrist_flex.pos=+67.34 wrist_roll.pos=-0.15 gripper.pos=+0.62
DEBUG 2026-09-03 09:30:00 [action #1] t=1.71s step=0 queue=50 dmax=n/a | shoulder_pan.pos=-5.42 shoulder_lift.pos=-101.13 elbow_flex.pos=+89.09 wrist_flex.pos=+70.99 wrist_roll.pos=-0.34 gripper.pos=+0.87
DEBUG 2026-09-03 09:30:00 [action #2] t=1.74s step=1 queue=49 dmax=0.766 | shoulder_pan.pos=-5.37 shoulder_lift.pos=-101.66 elbow_flex.pos=+88.64 wrist_flex.pos=+70.22 wrist_roll.pos=-0.30 gripper.pos=+0.90
DEBUG 2026-09-03 09:30:00 [action #3] t=1.77s step=2 queue=48 dmax=0.755 | shoulder_pan.pos=-5.30 shoulder_lift.pos=-101.86 elbow_flex.pos=+89.27 wrist_flex.pos=+69.47 wrist_roll.pos=-0.34 gripper.pos=+0.99
DEBUG 2026-09-03 09:30:01 [action #4] t=1.81s step=3 queue=47 dmax=0.880 | shoulder_pan.pos=-5.37 shoulder_lift.pos=-101.73 elbow_flex.pos=+88.95 wrist_flex.pos=+68.59 wrist_roll.pos=-0.40 gripper.pos=+0.90
DEBUG 2026-09-03 09:30:01 [action #5] t=1.84s step=4 queue=46 dmax=0.450 | shoulder_pan.pos=-5.37 shoulder_lift.pos=-102.15 elbow_flex.pos=+88.84 wrist_flex.pos=+68.14 wrist_roll.pos=-0.36 gripper.pos=+0.91
DEBUG 2026-09-03 09:30:01 [action #6] t=1.87s step=5 queue=45 dmax=0.730 | shoulder_pan.pos=-5.32 shoulder_lift.pos=-101.97 elbow_flex.pos=+88.63 wrist_flex.pos=+67.41 wrist_roll.pos=-0.30 gripper.pos=+0.85
DEBUG 2026-09-03 09:30:01 [action #7] t=1.91s step=6 queue=44 dmax=0.568 | shoulder_pan.pos=-5.28 shoulder_lift.pos=-102.32 elbow_flex.pos=+89.20 wrist_flex.pos=+67.03 wrist_roll.pos=-0.25 gripper.pos=+0.83
DEBUG 2026-09-03 09:30:01 [action #8] t=1.94s step=7 queue=43 dmax=0.564 | shoulder_pan.pos=-5.46 shoulder_lift.pos=-102.00 elbow_flex.pos=+88.63 wrist_flex.pos=+66.60 wrist_roll.pos=-0.30 gripper.pos=+0.83
DEBUG 2026-09-03 09:30:01 [action #9] t=1.97s step=8 queue=42 dmax=0.500 | shoulder_pan.pos=-5.27 shoulder_lift.pos=-102.34 elbow_flex.pos=+88.45 wrist_flex.pos=+66.10 wrist_roll.pos=-0.33 gripper.pos=+0.97
DEBUG 2026-09-03 09:30:01 [action #10] t=2.01s step=9 queue=41 dmax=0.562 | shoulder_pan.pos=-5.28 shoulder_lift.pos=-102.05 elbow_flex.pos=+89.02 wrist_flex.pos=+65.74 wrist_roll.pos=-0.33 gripper.pos=+0.77
DEBUG 2026-09-03 09:30:01 [action #11] t=2.04s step=10 queue=40 dmax=0.416 | shoulder_pan.pos=-5.47 shoulder_lift.pos=-102.29 elbow_flex.pos=+88.80 wrist_flex.pos=+65.32 wrist_roll.pos=-0.41 gripper.pos=+0.71
DEBUG 2026-09-03 09:30:01 [action #12] t=2.07s step=11 queue=39 dmax=0.644 | shoulder_pan.pos=-5.32 shoulder_lift.pos=-101.65 elbow_flex.pos=+88.27 wrist_flex.pos=+65.01 wrist_roll.pos=-0.38 gripper.pos=+0.74
DEBUG 2026-09-03 09:30:01 [action #13] t=2.11s step=12 queue=38 dmax=0.229 | shoulder_pan.pos=-5.38 shoulder_lift.pos=-101.42 elbow_flex.pos=+88.18 wrist_flex.pos=+64.79 wrist_roll.pos=-0.41 gripper.pos=+0.84
DEBUG 2026-09-03 09:30:01 [action #14] t=2.14s step=13 queue=37 dmax=0.293 | shoulder_pan.pos=-5.56 shoulder_lift.pos=-101.45 elbow_flex.pos=+87.89 wrist_flex.pos=+64.51 wrist_roll.pos=-0.36 gripper.pos=+0.84
DEBUG 2026-09-03 09:30:01 [action #15] t=2.17s step=14 queue=36 dmax=0.413 | shoulder_pan.pos=-5.49 shoulder_lift.pos=-101.86 elbow_flex.pos=+88.24 wrist_flex.pos=+64.21 wrist_roll.pos=-0.32 gripper.pos=+0.93
DEBUG 2026-09-03 09:30:01 [action #16] t=2.21s step=15 queue=35 dmax=0.405 | shoulder_pan.pos=-5.71 shoulder_lift.pos=-101.46 elbow_flex.pos=+87.85 wrist_flex.pos=+64.26 wrist_roll.pos=-0.38 gripper.pos=+0.81
DEBUG 2026-09-03 09:30:01 [action #17] t=2.24s step=16 queue=34 dmax=0.408 | shoulder_pan.pos=-5.69 shoulder_lift.pos=-101.61 elbow_flex.pos=+87.44 wrist_flex.pos=+64.02 wrist_roll.pos=-0.31 gripper.pos=+0.78
DEBUG 2026-09-03 09:30:01 [action #18] t=2.27s step=17 queue=33 dmax=0.385 | shoulder_pan.pos=-5.62 shoulder_lift.pos=-101.23 elbow_flex.pos=+87.34 wrist_flex.pos=+64.07 wrist_roll.pos=-0.29 gripper.pos=+0.80
DEBUG 2026-09-03 09:30:01 [action #19] t=2.31s step=18 queue=32 dmax=0.521 | shoulder_pan.pos=-5.63 shoulder_lift.pos=-101.75 elbow_flex.pos=+87.67 wrist_flex.pos=+64.12 wrist_roll.pos=-0.29 gripper.pos=+0.87
DEBUG 2026-09-03 09:30:01 [action #20] t=2.34s step=19 queue=31 dmax=0.433 | shoulder_pan.pos=-5.56 shoulder_lift.pos=-102.18 elbow_flex.pos=+87.47 wrist_flex.pos=+64.15 wrist_roll.pos=-0.27 gripper.pos=+0.73
DEBUG 2026-09-03 09:30:01 [action #21] t=2.37s step=20 queue=30 dmax=0.434 | shoulder_pan.pos=-5.75 shoulder_lift.pos=-101.94 elbow_flex.pos=+87.04 wrist_flex.pos=+64.40 wrist_roll.pos=-0.31 gripper.pos=+0.86
DEBUG 2026-09-03 09:30:01 [action #22] t=2.41s step=21 queue=29 dmax=0.486 | shoulder_pan.pos=-5.72 shoulder_lift.pos=-102.18 elbow_flex.pos=+86.55 wrist_flex.pos=+64.40 wrist_roll.pos=-0.32 gripper.pos=+0.72
DEBUG 2026-09-03 09:30:01 [action #23] t=2.44s step=22 queue=28 dmax=0.738 | shoulder_pan.pos=-5.62 shoulder_lift.pos=-102.10 elbow_flex.pos=+85.82 wrist_flex.pos=+64.82 wrist_roll.pos=-0.35 gripper.pos=+0.74
DEBUG 2026-09-03 09:30:01 [action #24] t=2.47s step=23 queue=27 dmax=0.495 | shoulder_pan.pos=-5.64 shoulder_lift.pos=-102.23 elbow_flex.pos=+85.32 wrist_flex.pos=+65.13 wrist_roll.pos=-0.31 gripper.pos=+0.78
DEBUG 2026-09-03 09:30:01 [action #25] t=2.51s step=24 queue=26 dmax=0.211 | shoulder_pan.pos=-5.85 shoulder_lift.pos=-102.09 elbow_flex.pos=+85.45 wrist_flex.pos=+65.32 wrist_roll.pos=-0.26 gripper.pos=+0.77
DEBUG 2026-09-03 09:30:01 [action #26] t=2.54s step=25 queue=25 dmax=0.224 | shoulder_pan.pos=-5.63 shoulder_lift.pos=-102.10 elbow_flex.pos=+85.27 wrist_flex.pos=+65.52 wrist_roll.pos=-0.27 gripper.pos=+0.79
DEBUG 2026-09-03 09:30:01 [action #27] t=2.57s step=26 queue=24 dmax=0.800 | shoulder_pan.pos=-5.55 shoulder_lift.pos=-101.77 elbow_flex.pos=+84.47 wrist_flex.pos=+65.46 wrist_roll.pos=-0.25 gripper.pos=+0.75
DEBUG 2026-09-03 09:30:01 [action #28] t=2.61s step=27 queue=23 dmax=0.368 | shoulder_pan.pos=-5.84 shoulder_lift.pos=-102.14 elbow_flex.pos=+84.53 wrist_flex.pos=+65.53 wrist_roll.pos=-0.26 gripper.pos=+0.82
DEBUG 2026-09-03 09:30:01 [action #29] t=2.64s step=28 queue=22 dmax=1.148 | shoulder_pan.pos=-5.60 shoulder_lift.pos=-101.79 elbow_flex.pos=+83.38 wrist_flex.pos=+65.76 wrist_roll.pos=-0.19 gripper.pos=+0.72
DEBUG 2026-09-03 09:30:01 [action #30] t=2.68s step=29 queue=21 dmax=0.452 | shoulder_pan.pos=-5.50 shoulder_lift.pos=-101.34 elbow_flex.pos=+83.23 wrist_flex.pos=+65.77 wrist_roll.pos=-0.20 gripper.pos=+0.77
DEBUG 2026-09-03 09:30:01 [chunk] received 50 actions, timesteps 3..52 | first: shoulder_pan.pos=-5.12 shoulder_lift.pos=-100.25 elbow_flex.pos=+87.76 wrist_flex.pos=+70.74 wrist_roll.pos=-0.38 gripper.pos=+1.21 | last: shoulder_pan.pos=-5.16 shoulder_lift.pos=-95.47 elbow_flex.pos=+71.39 wrist_flex.pos=+68.57 wrist_roll.pos=-0.60 gripper.pos=+0.81
DEBUG 2026-09-03 09:30:01 [action #31] t=2.71s step=30 queue=23 dmax=1.166 | shoulder_pan.pos=-5.44 shoulder_lift.pos=-100.70 elbow_flex.pos=+83.63 wrist_flex.pos=+64.60 wrist_roll.pos=-0.44 gripper.pos=+0.73
DEBUG 2026-09-03 09:30:01 [action #32] t=2.74s step=31 queue=22 dmax=0.619 | shoulder_pan.pos=-5.50 shoulder_lift.pos=-101.32 elbow_flex.pos=+83.05 wrist_flex.pos=+64.81 wrist_roll.pos=-0.42 gripper.pos=+0.72
DEBUG 2026-09-03 09:30:01 [action #33] t=2.78s step=32 queue=21 dmax=0.712 | shoulder_pan.pos=-5.55 shoulder_lift.pos=-100.61 elbow_flex.pos=+82.74 wrist_flex.pos=+64.76 wrist_roll.pos=-0.34 gripper.pos=+0.69
DEBUG 2026-09-03 09:30:02 [action #34] t=2.81s step=33 queue=20 dmax=0.652 | shoulder_pan.pos=-5.14 shoulder_lift.pos=-100.42 elbow_flex.pos=+82.09 wrist_flex.pos=+64.88 wrist_roll.pos=-0.36 gripper.pos=+0.70
DEBUG 2026-09-03 09:30:02 [action #35] t=2.84s step=34 queue=19 dmax=0.332 | shoulder_pan.pos=-5.44 shoulder_lift.pos=-100.75 elbow_flex.pos=+82.38 wrist_flex.pos=+64.85 wrist_roll.pos=-0.48 gripper.pos=+0.75
DEBUG 2026-09-03 09:30:02 [action #36] t=2.88s step=35 queue=18 dmax=0.735 | shoulder_pan.pos=-5.30 shoulder_lift.pos=-100.32 elbow_flex.pos=+81.64 wrist_flex.pos=+65.16 wrist_roll.pos=-0.44 gripper.pos=+0.61
DEBUG 2026-09-03 09:30:02 [action #37] t=2.91s step=36 queue=17 dmax=0.572 | shoulder_pan.pos=-5.27 shoulder_lift.pos=-100.89 elbow_flex.pos=+81.74 wrist_flex.pos=+65.13 wrist_roll.pos=-0.40 gripper.pos=+0.60
DEBUG 2026-09-03 09:30:02 [action #38] t=2.94s step=37 queue=16 dmax=0.719 | shoulder_pan.pos=-5.45 shoulder_lift.pos=-100.43 elbow_flex.pos=+81.02 wrist_flex.pos=+65.59 wrist_roll.pos=-0.44 gripper.pos=+0.78
DEBUG 2026-09-03 09:30:02 [action #39] t=2.98s step=38 queue=15 dmax=0.371 | shoulder_pan.pos=-5.36 shoulder_lift.pos=-100.27 elbow_flex.pos=+80.65 wrist_flex.pos=+65.64 wrist_roll.pos=-0.44 gripper.pos=+0.63
DEBUG 2026-09-03 09:30:02 [action #40] t=3.01s step=39 queue=14 dmax=0.299 | shoulder_pan.pos=-5.38 shoulder_lift.pos=-100.37 elbow_flex.pos=+80.46 wrist_flex.pos=+65.94 wrist_roll.pos=-0.44 gripper.pos=+0.68
DEBUG 2026-09-03 09:30:02 [action #41] t=3.04s step=40 queue=13 dmax=0.069 | shoulder_pan.pos=-5.32 shoulder_lift.pos=-100.34 elbow_flex.pos=+80.39 wrist_flex.pos=+65.99 wrist_roll.pos=-0.45 gripper.pos=+0.64
DEBUG 2026-09-03 09:30:02 [action #42] t=3.08s step=41 queue=12 dmax=0.709 | shoulder_pan.pos=-5.30 shoulder_lift.pos=-100.08 elbow_flex.pos=+79.68 wrist_flex.pos=+66.19 wrist_roll.pos=-0.43 gripper.pos=+0.61
DEBUG 2026-09-03 09:30:02 [action #43] t=3.11s step=42 queue=11 dmax=0.151 | shoulder_pan.pos=-5.39 shoulder_lift.pos=-100.12 elbow_flex.pos=+79.62 wrist_flex.pos=+66.26 wrist_roll.pos=-0.43 gripper.pos=+0.76
DEBUG 2026-09-03 09:30:02 [action #44] t=3.14s step=43 queue=10 dmax=1.308 | shoulder_pan.pos=-5.47 shoulder_lift.pos=-99.79 elbow_flex.pos=+78.32 wrist_flex.pos=+66.61 wrist_roll.pos=-0.43 gripper.pos=+0.57
DEBUG 2026-09-03 09:30:02 [action #45] t=3.18s step=44 queue=9 dmax=0.530 | shoulder_pan.pos=-5.30 shoulder_lift.pos=-99.26 elbow_flex.pos=+77.96 wrist_flex.pos=+66.70 wrist_roll.pos=-0.40 gripper.pos=+0.65
DEBUG 2026-09-03 09:30:02 [action #46] t=3.21s step=45 queue=8 dmax=1.134 | shoulder_pan.pos=-5.17 shoulder_lift.pos=-98.85 elbow_flex.pos=+76.82 wrist_flex.pos=+67.18 wrist_roll.pos=-0.43 gripper.pos=+0.55
DEBUG 2026-09-03 09:30:02 [action #47] t=3.24s step=46 queue=7 dmax=0.419 | shoulder_pan.pos=-5.33 shoulder_lift.pos=-98.50 elbow_flex.pos=+76.41 wrist_flex.pos=+67.15 wrist_roll.pos=-0.45 gripper.pos=+0.71
DEBUG 2026-09-03 09:30:02 [action #48] t=3.28s step=47 queue=6 dmax=1.468 | shoulder_pan.pos=-5.22 shoulder_lift.pos=-97.03 elbow_flex.pos=+75.16 wrist_flex.pos=+67.39 wrist_roll.pos=-0.54 gripper.pos=+0.59
DEBUG 2026-09-03 09:30:02 [action #49] t=3.31s step=48 queue=5 dmax=1.365 | shoulder_pan.pos=-5.49 shoulder_lift.pos=-96.16 elbow_flex.pos=+73.80 wrist_flex.pos=+67.46 wrist_roll.pos=-0.52 gripper.pos=+0.63
DEBUG 2026-09-03 09:30:02 [action #50] t=3.34s step=49 queue=4 dmax=0.618 | shoulder_pan.pos=-5.14 shoulder_lift.pos=-95.54 elbow_flex.pos=+73.24 wrist_flex.pos=+67.66 wrist_roll.pos=-0.42 gripper.pos=+0.69
DEBUG 2026-09-03 09:30:02 [action #51] t=3.38s step=50 queue=3 dmax=1.151 | shoulder_pan.pos=-5.36 shoulder_lift.pos=-96.70 elbow_flex.pos=+73.48 wrist_flex.pos=+68.27 wrist_roll.pos=-0.49 gripper.pos=+0.65
DEBUG 2026-09-03 09:30:02 [action #52] t=3.41s step=51 queue=2 dmax=1.408 | shoulder_pan.pos=-4.93 shoulder_lift.pos=-95.94 elbow_flex.pos=+72.07 wrist_flex.pos=+68.49 wrist_roll.pos=-0.49 gripper.pos=+0.75
DEBUG 2026-09-03 09:30:02 [action #53] t=3.44s step=52 queue=1 dmax=0.685 | shoulder_pan.pos=-5.16 shoulder_lift.pos=-95.47 elbow_flex.pos=+71.39 wrist_flex.pos=+68.57 wrist_roll.pos=-0.60 gripper.pos=+0.81
DEBUG 2026-09-03 09:30:02 [chunk] received 50 actions, timesteps 29..78 | first: shoulder_pan.pos=-5.52 shoulder_lift.pos=-100.81 elbow_flex.pos=+83.55 wrist_flex.pos=+65.14 wrist_roll.pos=-0.29 gripper.pos=+0.97 | last: shoulder_pan.pos=-5.61 shoulder_lift.pos=-58.91 elbow_flex.pos=+47.88 wrist_flex.pos=+71.23 wrist_roll.pos=-1.51 gripper.pos=+0.78
DEBUG 2026-09-03 09:30:02 [action #54] t=3.55s step=53 queue=26 dmax=6.210 | shoulder_pan.pos=-5.85 shoulder_lift.pos=-101.68 elbow_flex.pos=+76.07 wrist_flex.pos=+70.38 wrist_roll.pos=-0.67 gripper.pos=+0.78
DEBUG 2026-09-03 09:30:02 [action #55] t=3.58s step=54 queue=25 dmax=2.088 | shoulder_pan.pos=-6.00 shoulder_lift.pos=-99.59 elbow_flex.pos=+75.24 wrist_flex.pos=+70.19 wrist_roll.pos=-0.69 gripper.pos=+0.74
DEBUG 2026-09-03 09:30:02 [action #56] t=3.61s step=55 queue=24 dmax=1.609 | shoulder_pan.pos=-5.73 shoulder_lift.pos=-97.98 elbow_flex.pos=+74.56 wrist_flex.pos=+69.88 wrist_roll.pos=-0.74 gripper.pos=+0.70
DEBUG 2026-09-03 09:30:02 [action #57] t=3.65s step=56 queue=23 dmax=1.786 | shoulder_pan.pos=-5.89 shoulder_lift.pos=-96.19 elbow_flex.pos=+73.83 wrist_flex.pos=+69.58 wrist_roll.pos=-0.80 gripper.pos=+0.77
DEBUG 2026-09-03 09:30:02 [action #58] t=3.68s step=57 queue=22 dmax=2.910 | shoulder_pan.pos=-5.81 shoulder_lift.pos=-93.28 elbow_flex.pos=+72.20 wrist_flex.pos=+69.13 wrist_roll.pos=-0.84 gripper.pos=+0.83
DEBUG 2026-09-03 09:30:02 [action #59] t=3.71s step=58 queue=21 dmax=2.614 | shoulder_pan.pos=-5.60 shoulder_lift.pos=-90.67 elbow_flex.pos=+71.16 wrist_flex.pos=+68.77 wrist_roll.pos=-0.95 gripper.pos=+0.80
DEBUG 2026-09-03 09:30:02 [action #60] t=3.75s step=59 queue=20 dmax=2.654 | shoulder_pan.pos=-5.65 shoulder_lift.pos=-88.02 elbow_flex.pos=+69.30 wrist_flex.pos=+68.71 wrist_roll.pos=-0.85 gripper.pos=+0.77
DEBUG 2026-09-03 09:30:02 [action #61] t=3.78s step=60 queue=19 dmax=2.167 | shoulder_pan.pos=-5.49 shoulder_lift.pos=-85.85 elbow_flex.pos=+67.17 wrist_flex.pos=+68.75 wrist_roll.pos=-1.03 gripper.pos=+0.77
DEBUG 2026-09-03 09:30:03 [action #62] t=3.81s step=61 queue=18 dmax=2.754 | shoulder_pan.pos=-5.55 shoulder_lift.pos=-83.09 elbow_flex.pos=+65.94 wrist_flex.pos=+68.76 wrist_roll.pos=-1.01 gripper.pos=+0.77
DEBUG 2026-09-03 09:30:03 [action #63] t=3.85s step=62 queue=17 dmax=2.577 | shoulder_pan.pos=-5.61 shoulder_lift.pos=-80.52 elbow_flex.pos=+64.85 wrist_flex.pos=+68.46 wrist_roll.pos=-1.10 gripper.pos=+0.54
DEBUG 2026-09-03 09:30:03 [action #64] t=3.88s step=63 queue=16 dmax=1.941 | shoulder_pan.pos=-5.35 shoulder_lift.pos=-78.67 elbow_flex.pos=+62.91 wrist_flex.pos=+68.42 wrist_roll.pos=-1.19 gripper.pos=+0.70
DEBUG 2026-09-03 09:30:03 [action #65] t=3.91s step=64 queue=15 dmax=1.313 | shoulder_pan.pos=-5.16 shoulder_lift.pos=-77.35 elbow_flex.pos=+61.85 wrist_flex.pos=+68.32 wrist_roll.pos=-1.14 gripper.pos=+0.69
DEBUG 2026-09-03 09:30:03 [action #66] t=3.95s step=65 queue=14 dmax=2.136 | shoulder_pan.pos=-5.42 shoulder_lift.pos=-75.22 elbow_flex.pos=+60.15 wrist_flex.pos=+68.53 wrist_roll.pos=-1.23 gripper.pos=+0.48
DEBUG 2026-09-03 09:30:03 [action #67] t=3.98s step=66 queue=13 dmax=1.753 | shoulder_pan.pos=-5.44 shoulder_lift.pos=-73.46 elbow_flex.pos=+59.59 wrist_flex.pos=+68.62 wrist_roll.pos=-1.34 gripper.pos=+0.77
DEBUG 2026-09-03 09:30:03 [action #68] t=4.01s step=67 queue=12 dmax=1.185 | shoulder_pan.pos=-5.52 shoulder_lift.pos=-72.53 elbow_flex.pos=+58.40 wrist_flex.pos=+68.78 wrist_roll.pos=-1.26 gripper.pos=+0.63
DEBUG 2026-09-03 09:30:03 [action #69] t=4.05s step=68 queue=11 dmax=1.499 | shoulder_pan.pos=-5.19 shoulder_lift.pos=-71.30 elbow_flex.pos=+56.91 wrist_flex.pos=+69.34 wrist_roll.pos=-1.41 gripper.pos=+0.68
DEBUG 2026-09-03 09:30:03 [action #70] t=4.08s step=69 queue=10 dmax=1.377 | shoulder_pan.pos=-5.41 shoulder_lift.pos=-70.19 elbow_flex.pos=+55.53 wrist_flex.pos=+69.56 wrist_roll.pos=-1.53 gripper.pos=+0.58
DEBUG 2026-09-03 09:30:03 [action #71] t=4.11s step=70 queue=9 dmax=1.663 | shoulder_pan.pos=-5.64 shoulder_lift.pos=-68.53 elbow_flex.pos=+54.00 wrist_flex.pos=+69.85 wrist_roll.pos=-1.46 gripper.pos=+0.60
DEBUG 2026-09-03 09:30:03 [action #72] t=4.15s step=71 queue=8 dmax=1.476 | shoulder_pan.pos=-5.39 shoulder_lift.pos=-67.05 elbow_flex.pos=+53.27 wrist_flex.pos=+70.13 wrist_roll.pos=-1.51 gripper.pos=+0.61
DEBUG 2026-09-03 09:30:03 [action #73] t=4.18s step=72 queue=7 dmax=1.807 | shoulder_pan.pos=-5.55 shoulder_lift.pos=-65.25 elbow_flex.pos=+52.50 wrist_flex.pos=+70.25 wrist_roll.pos=-1.58 gripper.pos=+0.74
DEBUG 2026-09-03 09:30:03 [action #74] t=4.21s step=73 queue=6 dmax=1.206 | shoulder_pan.pos=-5.39 shoulder_lift.pos=-64.04 elbow_flex.pos=+51.32 wrist_flex.pos=+70.35 wrist_roll.pos=-1.63 gripper.pos=+0.68
DEBUG 2026-09-03 09:30:03 [action #75] t=4.25s step=74 queue=5 dmax=1.282 | shoulder_pan.pos=-5.50 shoulder_lift.pos=-62.76 elbow_flex.pos=+50.47 wrist_flex.pos=+70.69 wrist_roll.pos=-1.34 gripper.pos=+0.79
DEBUG 2026-09-03 09:30:03 [action #76] t=4.28s step=75 queue=4 dmax=1.173 | shoulder_pan.pos=-5.56 shoulder_lift.pos=-61.92 elbow_flex.pos=+49.29 wrist_flex.pos=+70.52 wrist_roll.pos=-1.48 gripper.pos=+0.73
DEBUG 2026-09-03 09:30:03 [action #77] t=4.31s step=76 queue=3 dmax=1.342 | shoulder_pan.pos=-5.69 shoulder_lift.pos=-60.57 elbow_flex.pos=+48.60 wrist_flex.pos=+70.76 wrist_roll.pos=-1.51 gripper.pos=+0.74
DEBUG 2026-09-03 09:30:03 [action #78] t=4.35s step=77 queue=2 dmax=1.154 | shoulder_pan.pos=-5.66 shoulder_lift.pos=-59.42 elbow_flex.pos=+48.13 wrist_flex.pos=+71.00 wrist_roll.pos=-1.52 gripper.pos=+0.84
DEBUG 2026-09-03 09:30:03 [chunk] received 50 actions, timesteps 52..101 | first: shoulder_pan.pos=-5.13 shoulder_lift.pos=-90.99 elbow_flex.pos=+66.78 wrist_flex.pos=+69.65 wrist_roll.pos=-0.22 gripper.pos=+0.99 | last: shoulder_pan.pos=-7.83 shoulder_lift.pos=-41.19 elbow_flex.pos=+42.14 wrist_flex.pos=+78.83 wrist_roll.pos=+3.67 gripper.pos=+36.97
DEBUG 2026-09-03 09:30:03 [action #79] t=4.38s step=78 queue=24 dmax=11.194 | shoulder_pan.pos=-5.41 shoulder_lift.pos=-58.34 elbow_flex.pos=+47.62 wrist_flex.pos=+74.60 wrist_roll.pos=-0.23 gripper.pos=+12.03
DEBUG 2026-09-03 09:30:03 [action #80] t=4.41s step=79 queue=23 dmax=7.257 | shoulder_pan.pos=-5.36 shoulder_lift.pos=-56.96 elbow_flex.pos=+46.59 wrist_flex.pos=+76.27 wrist_roll.pos=+0.58 gripper.pos=+19.29
DEBUG 2026-09-03 09:30:03 [action #81] t=4.45s step=80 queue=22 dmax=2.316 | shoulder_pan.pos=-5.13 shoulder_lift.pos=-57.14 elbow_flex.pos=+46.92 wrist_flex.pos=+76.33 wrist_roll.pos=+0.65 gripper.pos=+21.60
DEBUG 2026-09-03 09:30:03 [action #82] t=4.48s step=81 queue=21 dmax=2.173 | shoulder_pan.pos=-5.80 shoulder_lift.pos=-56.73 elbow_flex.pos=+46.49 wrist_flex.pos=+76.52 wrist_roll.pos=+0.70 gripper.pos=+23.77
DEBUG 2026-09-03 09:30:03 [action #83] t=4.51s step=82 queue=20 dmax=1.910 | shoulder_pan.pos=-5.84 shoulder_lift.pos=-56.81 elbow_flex.pos=+46.73 wrist_flex.pos=+77.00 wrist_roll.pos=+0.87 gripper.pos=+25.68
DEBUG 2026-09-03 09:30:03 [action #84] t=4.55s step=83 queue=19 dmax=1.352 | shoulder_pan.pos=-6.09 shoulder_lift.pos=-56.09 elbow_flex.pos=+46.23 wrist_flex.pos=+77.18 wrist_roll.pos=+1.19 gripper.pos=+27.04
DEBUG 2026-09-03 09:30:03 [action #85] t=4.58s step=84 queue=18 dmax=1.407 | shoulder_pan.pos=-6.03 shoulder_lift.pos=-55.16 elbow_flex.pos=+46.32 wrist_flex.pos=+77.25 wrist_roll.pos=+1.25 gripper.pos=+28.44
DEBUG 2026-09-03 09:30:03 [action #86] t=4.62s step=85 queue=17 dmax=0.992 | shoulder_pan.pos=-6.08 shoulder_lift.pos=-55.98 elbow_flex.pos=+46.39 wrist_flex.pos=+77.64 wrist_roll.pos=+1.66 gripper.pos=+29.44
DEBUG 2026-09-03 09:30:03 [action #87] t=4.65s step=86 queue=16 dmax=1.179 | shoulder_pan.pos=-6.55 shoulder_lift.pos=-55.73 elbow_flex.pos=+46.01 wrist_flex.pos=+77.87 wrist_roll.pos=+2.05 gripper.pos=+30.61
DEBUG 2026-09-03 09:30:03 [action #88] t=4.68s step=87 queue=15 dmax=0.908 | shoulder_pan.pos=-6.33 shoulder_lift.pos=-54.94 elbow_flex.pos=+46.53 wrist_flex.pos=+77.95 wrist_roll.pos=+2.38 gripper.pos=+31.52
DEBUG 2026-09-03 09:30:03 [action #89] t=4.72s step=88 queue=14 dmax=0.779 | shoulder_pan.pos=-6.58 shoulder_lift.pos=-55.17 elbow_flex.pos=+46.56 wrist_flex.pos=+78.51 wrist_roll.pos=+2.74 gripper.pos=+32.30
DEBUG 2026-09-03 09:30:03 [action #90] t=4.75s step=89 queue=13 dmax=1.078 | shoulder_pan.pos=-6.62 shoulder_lift.pos=-54.25 elbow_flex.pos=+45.48 wrist_flex.pos=+78.54 wrist_roll.pos=+2.82 gripper.pos=+33.37
DEBUG 2026-09-03 09:30:03 [action #91] t=4.78s step=90 queue=12 dmax=0.609 | shoulder_pan.pos=-6.89 shoulder_lift.pos=-53.84 elbow_flex.pos=+46.06 wrist_flex.pos=+78.86 wrist_roll.pos=+3.12 gripper.pos=+33.98
DEBUG 2026-09-03 09:30:04 [action #92] t=4.82s step=91 queue=11 dmax=1.254 | shoulder_pan.pos=-7.30 shoulder_lift.pos=-52.58 elbow_flex.pos=+45.71 wrist_flex.pos=+79.28 wrist_roll.pos=+3.37 gripper.pos=+34.17
DEBUG 2026-09-03 09:30:04 [action #93] t=4.85s step=92 queue=10 dmax=0.615 | shoulder_pan.pos=-7.07 shoulder_lift.pos=-51.97 elbow_flex.pos=+46.13 wrist_flex.pos=+79.12 wrist_roll.pos=+3.46 gripper.pos=+34.33
DEBUG 2026-09-03 09:30:04 [action #94] t=4.88s step=93 queue=9 dmax=0.597 | shoulder_pan.pos=-7.20 shoulder_lift.pos=-51.38 elbow_flex.pos=+45.54 wrist_flex.pos=+79.32 wrist_roll.pos=+3.48 gripper.pos=+34.62
DEBUG 2026-09-03 09:30:04 [action #95] t=4.92s step=94 queue=8 dmax=0.966 | shoulder_pan.pos=-7.30 shoulder_lift.pos=-50.42 elbow_flex.pos=+45.47 wrist_flex.pos=+79.16 wrist_roll.pos=+3.45 gripper.pos=+34.64
DEBUG 2026-09-03 09:30:04 [action #96] t=4.95s step=95 queue=7 dmax=0.989 | shoulder_pan.pos=-7.34 shoulder_lift.pos=-49.43 elbow_flex.pos=+44.65 wrist_flex.pos=+79.15 wrist_roll.pos=+3.39 gripper.pos=+35.18
DEBUG 2026-09-03 09:30:04 [action #97] t=4.98s step=96 queue=6 dmax=1.271 | shoulder_pan.pos=-7.23 shoulder_lift.pos=-48.16 elbow_flex.pos=+44.62 wrist_flex.pos=+79.10 wrist_roll.pos=+3.54 gripper.pos=+35.34
DEBUG 2026-09-03 09:30:04 [action #98] t=5.02s step=97 queue=5 dmax=2.110 | shoulder_pan.pos=-7.48 shoulder_lift.pos=-46.05 elbow_flex.pos=+44.22 wrist_flex.pos=+79.17 wrist_roll.pos=+3.63 gripper.pos=+35.85
DEBUG 2026-09-03 09:30:04 [action #99] t=5.05s step=98 queue=4 dmax=1.186 | shoulder_pan.pos=-7.89 shoulder_lift.pos=-44.86 elbow_flex.pos=+43.07 wrist_flex.pos=+79.10 wrist_roll.pos=+3.61 gripper.pos=+36.61
DEBUG 2026-09-03 09:30:04 [action #100] t=5.08s step=99 queue=3 dmax=0.977 | shoulder_pan.pos=-7.64 shoulder_lift.pos=-43.88 elbow_flex.pos=+43.22 wrist_flex.pos=+79.01 wrist_roll.pos=+3.55 gripper.pos=+37.06
DEBUG 2026-09-03 09:30:04 [action #101] t=5.12s step=100 queue=2 dmax=1.544 | shoulder_pan.pos=-8.04 shoulder_lift.pos=-42.34 elbow_flex.pos=+42.93 wrist_flex.pos=+79.30 wrist_roll.pos=+3.68 gripper.pos=+37.28
DEBUG 2026-09-03 09:30:04 [action #102] t=5.15s step=101 queue=1 dmax=1.155 | shoulder_pan.pos=-7.83 shoulder_lift.pos=-41.19 elbow_flex.pos=+42.14 wrist_flex.pos=+78.83 wrist_roll.pos=+3.67 gripper.pos=+36.97
DEBUG 2026-09-03 09:30:04 [chunk] received 50 actions, timesteps 77..126 | first: shoulder_pan.pos=-5.02 shoulder_lift.pos=-59.41 elbow_flex.pos=+47.13 wrist_flex.pos=+72.84 wrist_roll.pos=-0.41 gripper.pos=+1.07 | last: shoulder_pan.pos=-9.22 shoulder_lift.pos=-24.36 elbow_flex.pos=+36.12 wrist_flex.pos=+73.81 wrist_roll.pos=+3.67 gripper.pos=+38.36
DEBUG 2026-09-03 09:30:04 [action #103] t=5.28s step=102 queue=25 dmax=7.856 | shoulder_pan.pos=-6.29 shoulder_lift.pos=-49.04 elbow_flex.pos=+43.95 wrist_flex.pos=+78.99 wrist_roll.pos=+4.86 gripper.pos=+32.45
DEBUG 2026-09-03 09:30:04 [action #104] t=5.32s step=103 queue=24 dmax=0.826 | shoulder_pan.pos=-6.40 shoulder_lift.pos=-48.22 elbow_flex.pos=+43.98 wrist_flex.pos=+78.98 wrist_roll.pos=+5.07 gripper.pos=+32.80
DEBUG 2026-09-03 09:30:04 [action #105] t=5.35s step=104 queue=23 dmax=0.420 | shoulder_pan.pos=-6.44 shoulder_lift.pos=-48.47 elbow_flex.pos=+43.86 wrist_flex.pos=+78.98 wrist_roll.pos=+5.04 gripper.pos=+33.22
DEBUG 2026-09-03 09:30:04 [action #106] t=5.38s step=105 queue=22 dmax=0.940 | shoulder_pan.pos=-6.49 shoulder_lift.pos=-48.14 elbow_flex.pos=+42.92 wrist_flex.pos=+79.28 wrist_roll.pos=+4.79 gripper.pos=+33.79
DEBUG 2026-09-03 09:30:04 [action #107] t=5.42s step=106 queue=21 dmax=1.111 | shoulder_pan.pos=-6.86 shoulder_lift.pos=-47.03 elbow_flex.pos=+42.86 wrist_flex.pos=+79.34 wrist_roll.pos=+4.92 gripper.pos=+34.31
DEBUG 2026-09-03 09:30:04 [action #108] t=5.45s step=107 queue=20 dmax=1.480 | shoulder_pan.pos=-6.52 shoulder_lift.pos=-45.55 elbow_flex.pos=+42.01 wrist_flex.pos=+78.80 wrist_roll.pos=+4.79 gripper.pos=+35.47
DEBUG 2026-09-03 09:30:04 [action #109] t=5.48s step=108 queue=19 dmax=0.469 | shoulder_pan.pos=-6.75 shoulder_lift.pos=-46.02 elbow_flex.pos=+42.12 wrist_flex.pos=+78.67 wrist_roll.pos=+4.80 gripper.pos=+35.33
DEBUG 2026-09-03 09:30:04 [action #110] t=5.52s step=109 queue=18 dmax=1.144 | shoulder_pan.pos=-6.86 shoulder_lift.pos=-44.88 elbow_flex.pos=+41.54 wrist_flex.pos=+78.52 wrist_roll.pos=+4.70 gripper.pos=+36.14
DEBUG 2026-09-03 09:30:04 [action #111] t=5.55s step=110 queue=17 dmax=1.304 | shoulder_pan.pos=-7.03 shoulder_lift.pos=-43.57 elbow_flex.pos=+41.55 wrist_flex.pos=+78.40 wrist_roll.pos=+4.73 gripper.pos=+36.77
DEBUG 2026-09-03 09:30:04 [action #112] t=5.59s step=111 queue=16 dmax=1.144 | shoulder_pan.pos=-7.00 shoulder_lift.pos=-42.43 elbow_flex.pos=+40.90 wrist_flex.pos=+78.06 wrist_roll.pos=+4.63 gripper.pos=+37.37
DEBUG 2026-09-03 09:30:04 [action #113] t=5.62s step=112 queue=15 dmax=0.567 | shoulder_pan.pos=-7.06 shoulder_lift.pos=-41.96 elbow_flex.pos=+40.95 wrist_flex.pos=+77.89 wrist_roll.pos=+4.47 gripper.pos=+37.93
DEBUG 2026-09-03 09:30:04 [action #114] t=5.65s step=113 queue=14 dmax=2.074 | shoulder_pan.pos=-7.63 shoulder_lift.pos=-39.88 elbow_flex.pos=+40.31 wrist_flex.pos=+77.53 wrist_roll.pos=+4.30 gripper.pos=+37.99
DEBUG 2026-09-03 09:30:04 [action #115] t=5.69s step=114 queue=13 dmax=0.483 | shoulder_pan.pos=-7.62 shoulder_lift.pos=-39.53 elbow_flex.pos=+39.82 wrist_flex.pos=+77.33 wrist_roll.pos=+4.27 gripper.pos=+38.14
DEBUG 2026-09-03 09:30:04 [action #116] t=5.72s step=115 queue=12 dmax=1.728 | shoulder_pan.pos=-7.62 shoulder_lift.pos=-37.80 elbow_flex.pos=+39.48 wrist_flex.pos=+76.80 wrist_roll.pos=+4.22 gripper.pos=+38.13
DEBUG 2026-09-03 09:30:04 [action #117] t=5.75s step=116 queue=11 dmax=0.302 | shoulder_pan.pos=-7.93 shoulder_lift.pos=-37.65 elbow_flex.pos=+39.74 wrist_flex.pos=+76.71 wrist_roll.pos=+4.21 gripper.pos=+37.94
DEBUG 2026-09-03 09:30:04 [action #118] t=5.79s step=117 queue=10 dmax=2.007 | shoulder_pan.pos=-7.79 shoulder_lift.pos=-35.64 elbow_flex.pos=+38.70 wrist_flex.pos=+76.41 wrist_roll.pos=+4.12 gripper.pos=+37.86
DEBUG 2026-09-03 09:30:05 [action #119] t=5.82s step=118 queue=9 dmax=0.821 | shoulder_pan.pos=-8.12 shoulder_lift.pos=-34.82 elbow_flex.pos=+39.01 wrist_flex.pos=+76.13 wrist_roll.pos=+4.05 gripper.pos=+37.83
DEBUG 2026-09-03 09:30:05 [action #120] t=5.85s step=119 queue=8 dmax=1.720 | shoulder_pan.pos=-8.29 shoulder_lift.pos=-33.10 elbow_flex.pos=+38.48 wrist_flex.pos=+75.65 wrist_roll.pos=+4.01 gripper.pos=+37.94
DEBUG 2026-09-03 09:30:05 [action #121] t=5.89s step=120 queue=7 dmax=1.216 | shoulder_pan.pos=-8.47 shoulder_lift.pos=-31.88 elbow_flex.pos=+38.77 wrist_flex.pos=+75.58 wrist_roll.pos=+3.98 gripper.pos=+37.95
DEBUG 2026-09-03 09:30:05 [action #122] t=5.92s step=121 queue=6 dmax=0.576 | shoulder_pan.pos=-8.68 shoulder_lift.pos=-31.48 elbow_flex.pos=+38.62 wrist_flex.pos=+75.01 wrist_roll.pos=+3.89 gripper.pos=+38.05
DEBUG 2026-09-03 09:30:05 [action #123] t=5.95s step=122 queue=5 dmax=1.088 | shoulder_pan.pos=-8.60 shoulder_lift.pos=-30.40 elbow_flex.pos=+37.71 wrist_flex.pos=+75.15 wrist_roll.pos=+3.95 gripper.pos=+38.10
DEBUG 2026-09-03 09:30:05 [action #124] t=5.99s step=123 queue=4 dmax=1.412 | shoulder_pan.pos=-8.96 shoulder_lift.pos=-28.98 elbow_flex.pos=+37.53 wrist_flex.pos=+74.81 wrist_roll.pos=+3.74 gripper.pos=+38.32
DEBUG 2026-09-03 09:30:05 [action #125] t=6.02s step=124 queue=3 dmax=1.485 | shoulder_pan.pos=-9.26 shoulder_lift.pos=-27.50 elbow_flex.pos=+37.27 wrist_flex.pos=+74.31 wrist_roll.pos=+3.76 gripper.pos=+38.19
DEBUG 2026-09-03 09:30:05 [action #126] t=6.05s step=125 queue=2 dmax=1.762 | shoulder_pan.pos=-9.07 shoulder_lift.pos=-25.74 elbow_flex.pos=+36.66 wrist_flex.pos=+73.86 wrist_roll.pos=+3.74 gripper.pos=+38.34
DEBUG 2026-09-03 09:30:05 [action #127] t=6.09s step=126 queue=1 dmax=1.376 | shoulder_pan.pos=-9.22 shoulder_lift.pos=-24.36 elbow_flex.pos=+36.12 wrist_flex.pos=+73.81 wrist_roll.pos=+3.67 gripper.pos=+38.36
DEBUG 2026-09-03 09:30:05 [chunk] received 50 actions, timesteps 101..150 | first: shoulder_pan.pos=-7.79 shoulder_lift.pos=-37.57 elbow_flex.pos=+40.27 wrist_flex.pos=+77.37 wrist_roll.pos=+2.04 gripper.pos=+38.58 | last: shoulder_pan.pos=-7.53 shoulder_lift.pos=+1.05 elbow_flex.pos=+27.56 wrist_flex.pos=+65.77 wrist_roll.pos=+0.78 gripper.pos=+13.79
DEBUG 2026-09-03 09:30:05 [action #128] t=6.22s step=127 queue=24 dmax=12.304 | shoulder_pan.pos=-8.71 shoulder_lift.pos=-12.06 elbow_flex.pos=+32.60 wrist_flex.pos=+68.17 wrist_roll.pos=+2.07 gripper.pos=+40.70
DEBUG 2026-09-03 09:30:05 [action #129] t=6.25s step=128 queue=23 dmax=0.573 | shoulder_pan.pos=-8.66 shoulder_lift.pos=-11.48 elbow_flex.pos=+32.15 wrist_flex.pos=+67.68 wrist_roll.pos=+1.95 gripper.pos=+40.97
DEBUG 2026-09-03 09:30:05 [action #130] t=6.29s step=129 queue=22 dmax=2.085 | shoulder_pan.pos=-8.34 shoulder_lift.pos=-9.40 elbow_flex.pos=+32.56 wrist_flex.pos=+67.32 wrist_roll.pos=+1.84 gripper.pos=+41.50
DEBUG 2026-09-03 09:30:05 [action #131] t=6.32s step=130 queue=21 dmax=0.574 | shoulder_pan.pos=-8.91 shoulder_lift.pos=-9.21 elbow_flex.pos=+32.17 wrist_flex.pos=+67.26 wrist_roll.pos=+1.88 gripper.pos=+41.09
DEBUG 2026-09-03 09:30:05 [action #132] t=6.35s step=131 queue=20 dmax=0.450 | shoulder_pan.pos=-8.76 shoulder_lift.pos=-8.76 elbow_flex.pos=+31.88 wrist_flex.pos=+66.88 wrist_roll.pos=+1.92 gripper.pos=+41.34
DEBUG 2026-09-03 09:30:05 [action #133] t=6.39s step=132 queue=19 dmax=1.745 | shoulder_pan.pos=-8.45 shoulder_lift.pos=-7.02 elbow_flex.pos=+31.51 wrist_flex.pos=+66.49 wrist_roll.pos=+1.85 gripper.pos=+41.49
DEBUG 2026-09-03 09:30:05 [action #134] t=6.42s step=133 queue=18 dmax=0.479 | shoulder_pan.pos=-8.52 shoulder_lift.pos=-6.54 elbow_flex.pos=+31.49 wrist_flex.pos=+66.16 wrist_roll.pos=+1.75 gripper.pos=+41.28
DEBUG 2026-09-03 09:30:05 [action #135] t=6.45s step=134 queue=17 dmax=0.465 | shoulder_pan.pos=-8.99 shoulder_lift.pos=-6.24 elbow_flex.pos=+31.49 wrist_flex.pos=+65.81 wrist_roll.pos=+1.58 gripper.pos=+41.33
DEBUG 2026-09-03 09:30:05 [action #136] t=6.49s step=135 queue=16 dmax=1.760 | shoulder_pan.pos=-8.70 shoulder_lift.pos=-4.48 elbow_flex.pos=+30.63 wrist_flex.pos=+65.26 wrist_roll.pos=+1.40 gripper.pos=+41.36
DEBUG 2026-09-03 09:30:05 [action #137] t=6.52s step=136 queue=15 dmax=1.039 | shoulder_pan.pos=-8.66 shoulder_lift.pos=-3.44 elbow_flex.pos=+30.57 wrist_flex.pos=+65.23 wrist_roll.pos=+1.21 gripper.pos=+41.31
DEBUG 2026-09-03 09:30:05 [action #138] t=6.55s step=137 queue=14 dmax=0.981 | shoulder_pan.pos=-8.50 shoulder_lift.pos=-2.54 elbow_flex.pos=+29.59 wrist_flex.pos=+65.35 wrist_roll.pos=+1.03 gripper.pos=+41.34
DEBUG 2026-09-03 09:30:05 [action #139] t=6.59s step=138 queue=13 dmax=0.487 | shoulder_pan.pos=-8.63 shoulder_lift.pos=-2.05 elbow_flex.pos=+29.75 wrist_flex.pos=+65.42 wrist_roll.pos=+0.85 gripper.pos=+41.33
DEBUG 2026-09-03 09:30:05 [action #140] t=6.62s step=139 queue=12 dmax=1.589 | shoulder_pan.pos=-8.56 shoulder_lift.pos=-0.46 elbow_flex.pos=+29.63 wrist_flex.pos=+65.45 wrist_roll.pos=+0.75 gripper.pos=+41.08
DEBUG 2026-09-03 09:30:05 [action #141] t=6.66s step=140 queue=11 dmax=1.406 | shoulder_pan.pos=-8.51 shoulder_lift.pos=-0.19 elbow_flex.pos=+28.91 wrist_flex.pos=+65.72 wrist_roll.pos=+0.66 gripper.pos=+39.67
DEBUG 2026-09-03 09:30:05 [action #142] t=6.69s step=141 queue=10 dmax=2.529 | shoulder_pan.pos=-8.55 shoulder_lift.pos=+0.91 elbow_flex.pos=+28.10 wrist_flex.pos=+66.08 wrist_roll.pos=+0.64 gripper.pos=+37.14
DEBUG 2026-09-03 09:30:05 [action #143] t=6.72s step=142 queue=9 dmax=3.343 | shoulder_pan.pos=-8.38 shoulder_lift.pos=+1.24 elbow_flex.pos=+27.62 wrist_flex.pos=+66.24 wrist_roll.pos=+0.56 gripper.pos=+33.80
DEBUG 2026-09-03 09:30:05 [action #144] t=6.76s step=143 queue=8 dmax=3.860 | shoulder_pan.pos=-8.41 shoulder_lift.pos=+1.53 elbow_flex.pos=+27.63 wrist_flex.pos=+66.07 wrist_roll.pos=+0.62 gripper.pos=+29.94
DEBUG 2026-09-03 09:30:05 [action #145] t=6.79s step=144 queue=7 dmax=3.478 | shoulder_pan.pos=-8.14 shoulder_lift.pos=+2.49 elbow_flex.pos=+26.69 wrist_flex.pos=+65.96 wrist_roll.pos=+0.84 gripper.pos=+26.46
DEBUG 2026-09-03 09:30:06 [action #146] t=6.82s step=145 queue=6 dmax=3.179 | shoulder_pan.pos=-8.18 shoulder_lift.pos=+1.63 elbow_flex.pos=+27.94 wrist_flex.pos=+65.65 wrist_roll.pos=+0.79 gripper.pos=+23.29
DEBUG 2026-09-03 09:30:06 [action #147] t=6.86s step=146 queue=5 dmax=2.490 | shoulder_pan.pos=-7.81 shoulder_lift.pos=+1.47 elbow_flex.pos=+27.29 wrist_flex.pos=+65.63 wrist_roll.pos=+0.88 gripper.pos=+20.80
DEBUG 2026-09-03 09:30:06 [action #148] t=6.89s step=147 queue=4 dmax=2.353 | shoulder_pan.pos=-7.91 shoulder_lift.pos=+1.50 elbow_flex.pos=+26.96 wrist_flex.pos=+65.60 wrist_roll.pos=+0.90 gripper.pos=+18.44
DEBUG 2026-09-03 09:30:06 [action #149] t=6.92s step=148 queue=3 dmax=2.033 | shoulder_pan.pos=-7.67 shoulder_lift.pos=+1.55 elbow_flex.pos=+27.69 wrist_flex.pos=+65.79 wrist_roll.pos=+0.94 gripper.pos=+16.41
DEBUG 2026-09-03 09:30:06 [action #150] t=6.96s step=149 queue=2 dmax=1.416 | shoulder_pan.pos=-7.49 shoulder_lift.pos=+1.43 elbow_flex.pos=+27.18 wrist_flex.pos=+65.49 wrist_roll.pos=+0.84 gripper.pos=+14.99
DEBUG 2026-09-03 09:30:06 [action #151] t=6.99s step=150 queue=1 dmax=1.202 | shoulder_pan.pos=-7.53 shoulder_lift.pos=+1.05 elbow_flex.pos=+27.56 wrist_flex.pos=+65.77 wrist_roll.pos=+0.78 gripper.pos=+13.79
DEBUG 2026-09-03 09:30:06 [chunk] received 50 actions, timesteps 126..175 | first: shoulder_pan.pos=-8.36 shoulder_lift.pos=-22.25 elbow_flex.pos=+36.83 wrist_flex.pos=+72.28 wrist_roll.pos=+4.46 gripper.pos=+40.92 | last: shoulder_pan.pos=-6.15 shoulder_lift.pos=-4.92 elbow_flex.pos=+10.56 wrist_flex.pos=+84.30 wrist_roll.pos=-0.28 gripper.pos=+11.83
DEBUG 2026-09-03 09:30:06 [action #152] t=7.06s step=151 queue=25 dmax=11.788 | shoulder_pan.pos=-6.87 shoulder_lift.pos=-1.39 elbow_flex.pos=+30.39 wrist_flex.pos=+68.26 wrist_roll.pos=+3.57 gripper.pos=+25.58
DEBUG 2026-09-03 09:30:06 [action #153] t=7.09s step=152 queue=24 dmax=3.462 | shoulder_pan.pos=-7.11 shoulder_lift.pos=-1.89 elbow_flex.pos=+30.74 wrist_flex.pos=+68.28 wrist_roll.pos=+3.29 gripper.pos=+22.12
DEBUG 2026-09-03 09:30:06 [action #154] t=7.12s step=153 queue=23 dmax=3.054 | shoulder_pan.pos=-6.96 shoulder_lift.pos=-1.37 elbow_flex.pos=+29.58 wrist_flex.pos=+68.14 wrist_roll.pos=+3.21 gripper.pos=+19.06
DEBUG 2026-09-03 09:30:06 [action #155] t=7.16s step=154 queue=22 dmax=2.035 | shoulder_pan.pos=-7.01 shoulder_lift.pos=-1.64 elbow_flex.pos=+30.20 wrist_flex.pos=+68.06 wrist_roll.pos=+3.27 gripper.pos=+17.03
DEBUG 2026-09-03 09:30:06 [action #156] t=7.19s step=155 queue=21 dmax=1.229 | shoulder_pan.pos=-6.98 shoulder_lift.pos=-1.66 elbow_flex.pos=+30.20 wrist_flex.pos=+68.24 wrist_roll.pos=+3.06 gripper.pos=+15.80
DEBUG 2026-09-03 09:30:06 [action #157] t=7.22s step=156 queue=20 dmax=0.691 | shoulder_pan.pos=-6.75 shoulder_lift.pos=-0.97 elbow_flex.pos=+29.81 wrist_flex.pos=+68.30 wrist_roll.pos=+2.88 gripper.pos=+15.20
DEBUG 2026-09-03 09:30:06 [action #158] t=7.26s step=157 queue=19 dmax=0.492 | shoulder_pan.pos=-6.99 shoulder_lift.pos=-1.46 elbow_flex.pos=+29.63 wrist_flex.pos=+68.48 wrist_roll.pos=+2.65 gripper.pos=+14.89
DEBUG 2026-09-03 09:30:06 [action #159] t=7.29s step=158 queue=18 dmax=0.366 | shoulder_pan.pos=-7.10 shoulder_lift.pos=-1.25 elbow_flex.pos=+29.30 wrist_flex.pos=+68.54 wrist_roll.pos=+2.29 gripper.pos=+14.70
DEBUG 2026-09-03 09:30:06 [action #160] t=7.32s step=159 queue=17 dmax=0.908 | shoulder_pan.pos=-6.78 shoulder_lift.pos=-0.83 elbow_flex.pos=+28.39 wrist_flex.pos=+68.70 wrist_roll.pos=+1.98 gripper.pos=+14.41
DEBUG 2026-09-03 09:30:06 [action #161] t=7.36s step=160 queue=16 dmax=0.431 | shoulder_pan.pos=-7.21 shoulder_lift.pos=-1.12 elbow_flex.pos=+28.22 wrist_flex.pos=+69.08 wrist_roll.pos=+1.57 gripper.pos=+14.05
DEBUG 2026-09-03 09:30:06 [action #162] t=7.39s step=161 queue=15 dmax=1.221 | shoulder_pan.pos=-7.29 shoulder_lift.pos=-1.43 elbow_flex.pos=+27.00 wrist_flex.pos=+69.62 wrist_roll.pos=+1.15 gripper.pos=+13.89
DEBUG 2026-09-03 09:30:06 [action #163] t=7.42s step=162 queue=14 dmax=0.884 | shoulder_pan.pos=-6.78 shoulder_lift.pos=-0.55 elbow_flex.pos=+27.01 wrist_flex.pos=+69.98 wrist_roll.pos=+1.04 gripper.pos=+13.78
DEBUG 2026-09-03 09:30:06 [action #164] t=7.46s step=163 queue=13 dmax=0.953 | shoulder_pan.pos=-6.89 shoulder_lift.pos=-0.06 elbow_flex.pos=+26.05 wrist_flex.pos=+70.75 wrist_roll.pos=+0.80 gripper.pos=+13.53
DEBUG 2026-09-03 09:30:06 [action #165] t=7.50s step=164 queue=12 dmax=0.823 | shoulder_pan.pos=-7.13 shoulder_lift.pos=-0.25 elbow_flex.pos=+25.23 wrist_flex.pos=+71.31 wrist_roll.pos=+0.63 gripper.pos=+13.14
DEBUG 2026-09-03 09:30:06 [action #166] t=7.53s step=165 queue=11 dmax=1.066 | shoulder_pan.pos=-6.75 shoulder_lift.pos=-0.40 elbow_flex.pos=+24.79 wrist_flex.pos=+72.38 wrist_roll.pos=+0.55 gripper.pos=+12.73
DEBUG 2026-09-03 09:30:06 [action #167] t=7.57s step=166 queue=10 dmax=0.738 | shoulder_pan.pos=-6.71 shoulder_lift.pos=-0.61 elbow_flex.pos=+24.15 wrist_flex.pos=+73.12 wrist_roll.pos=+0.62 gripper.pos=+12.37
DEBUG 2026-09-03 09:30:06 [action #168] t=7.60s step=167 queue=9 dmax=2.150 | shoulder_pan.pos=-6.84 shoulder_lift.pos=-0.60 elbow_flex.pos=+22.00 wrist_flex.pos=+74.25 wrist_roll.pos=+0.55 gripper.pos=+12.44
DEBUG 2026-09-03 09:30:06 [action #169] t=7.63s step=168 queue=8 dmax=0.995 | shoulder_pan.pos=-6.68 shoulder_lift.pos=-0.68 elbow_flex.pos=+21.26 wrist_flex.pos=+75.24 wrist_roll.pos=+0.54 gripper.pos=+12.21
DEBUG 2026-09-03 09:30:06 [action #170] t=7.67s step=169 queue=7 dmax=1.205 | shoulder_pan.pos=-6.46 shoulder_lift.pos=-0.29 elbow_flex.pos=+20.35 wrist_flex.pos=+76.45 wrist_roll.pos=+0.35 gripper.pos=+12.16
DEBUG 2026-09-03 09:30:06 [action #171] t=7.70s step=170 queue=6 dmax=1.725 | shoulder_pan.pos=-6.41 shoulder_lift.pos=-0.57 elbow_flex.pos=+18.62 wrist_flex.pos=+77.62 wrist_roll.pos=+0.18 gripper.pos=+12.20
DEBUG 2026-09-03 09:30:06 [action #172] t=7.73s step=171 queue=5 dmax=1.574 | shoulder_pan.pos=-6.50 shoulder_lift.pos=-1.93 elbow_flex.pos=+17.05 wrist_flex.pos=+78.93 wrist_roll.pos=+0.20 gripper.pos=+12.07
DEBUG 2026-09-03 09:30:06 [action #173] t=7.77s step=172 queue=4 dmax=1.475 | shoulder_pan.pos=-6.61 shoulder_lift.pos=-2.69 elbow_flex.pos=+15.61 wrist_flex.pos=+80.41 wrist_roll.pos=-0.02 gripper.pos=+11.96
DEBUG 2026-09-03 09:30:06 [action #174] t=7.80s step=173 queue=3 dmax=1.855 | shoulder_pan.pos=-6.32 shoulder_lift.pos=-3.41 elbow_flex.pos=+13.76 wrist_flex.pos=+81.59 wrist_roll.pos=-0.04 gripper.pos=+11.96
DEBUG 2026-09-03 09:30:07 [action #175] t=7.83s step=174 queue=2 dmax=1.485 | shoulder_pan.pos=-6.48 shoulder_lift.pos=-4.03 elbow_flex.pos=+12.60 wrist_flex.pos=+83.08 wrist_roll.pos=-0.26 gripper.pos=+11.96
DEBUG 2026-09-03 09:30:07 [action #176] t=7.87s step=175 queue=1 dmax=2.043 | shoulder_pan.pos=-6.15 shoulder_lift.pos=-4.92 elbow_flex.pos=+10.56 wrist_flex.pos=+84.30 wrist_roll.pos=-0.28 gripper.pos=+11.83
DEBUG 2026-09-03 09:30:07 [chunk] received 50 actions, timesteps 150..199 | first: shoulder_pan.pos=-7.80 shoulder_lift.pos=+1.51 elbow_flex.pos=+23.61 wrist_flex.pos=+68.37 wrist_roll.pos=+0.43 gripper.pos=+14.73 | last: shoulder_pan.pos=+25.50 shoulder_lift.pos=-3.97 elbow_flex.pos=-12.03 wrist_flex.pos=+73.68 wrist_roll.pos=-3.49 gripper.pos=+13.83
DEBUG 2026-09-03 09:30:07 [action #177] t=8.07s step=176 queue=24 dmax=11.182 | shoulder_pan.pos=+2.65 shoulder_lift.pos=-12.88 elbow_flex.pos=-0.63 wrist_flex.pos=+87.73 wrist_roll.pos=-1.92 gripper.pos=+13.93
DEBUG 2026-09-03 09:30:07 [action #178] t=8.10s step=177 queue=23 dmax=0.803 | shoulder_pan.pos=+3.46 shoulder_lift.pos=-13.14 elbow_flex.pos=-1.01 wrist_flex.pos=+87.68 wrist_roll.pos=-2.06 gripper.pos=+13.83
DEBUG 2026-09-03 09:30:07 [action #179] t=8.13s step=178 queue=22 dmax=0.977 | shoulder_pan.pos=+4.44 shoulder_lift.pos=-13.80 elbow_flex.pos=-1.77 wrist_flex.pos=+87.63 wrist_roll.pos=-2.12 gripper.pos=+13.77
DEBUG 2026-09-03 09:30:07 [action #180] t=8.17s step=179 queue=21 dmax=1.253 | shoulder_pan.pos=+5.69 shoulder_lift.pos=-13.55 elbow_flex.pos=-2.17 wrist_flex.pos=+87.40 wrist_roll.pos=-2.11 gripper.pos=+13.83
DEBUG 2026-09-03 09:30:07 [action #181] t=8.20s step=180 queue=20 dmax=0.848 | shoulder_pan.pos=+6.54 shoulder_lift.pos=-13.46 elbow_flex.pos=-2.48 wrist_flex.pos=+87.44 wrist_roll.pos=-2.13 gripper.pos=+13.83
DEBUG 2026-09-03 09:30:07 [action #182] t=8.23s step=181 queue=19 dmax=1.189 | shoulder_pan.pos=+7.72 shoulder_lift.pos=-13.76 elbow_flex.pos=-2.82 wrist_flex.pos=+87.48 wrist_roll.pos=-2.20 gripper.pos=+13.92
DEBUG 2026-09-03 09:30:07 [action #183] t=8.27s step=182 queue=18 dmax=1.108 | shoulder_pan.pos=+8.83 shoulder_lift.pos=-13.17 elbow_flex.pos=-3.89 wrist_flex.pos=+87.07 wrist_roll.pos=-2.33 gripper.pos=+13.93
DEBUG 2026-09-03 09:30:07 [action #184] t=8.30s step=183 queue=17 dmax=1.161 | shoulder_pan.pos=+9.99 shoulder_lift.pos=-13.31 elbow_flex.pos=-4.11 wrist_flex.pos=+87.03 wrist_roll.pos=-2.35 gripper.pos=+14.01
DEBUG 2026-09-03 09:30:07 [action #185] t=8.33s step=184 queue=16 dmax=1.141 | shoulder_pan.pos=+10.96 shoulder_lift.pos=-13.28 elbow_flex.pos=-5.25 wrist_flex.pos=+86.52 wrist_roll.pos=-2.29 gripper.pos=+13.97
DEBUG 2026-09-03 09:30:07 [action #186] t=8.37s step=185 queue=15 dmax=0.918 | shoulder_pan.pos=+11.87 shoulder_lift.pos=-13.29 elbow_flex.pos=-6.17 wrist_flex.pos=+86.12 wrist_roll.pos=-2.32 gripper.pos=+13.92
DEBUG 2026-09-03 09:30:07 [action #187] t=8.40s step=186 queue=14 dmax=1.172 | shoulder_pan.pos=+13.04 shoulder_lift.pos=-12.39 elbow_flex.pos=-6.36 wrist_flex.pos=+85.77 wrist_roll.pos=-2.35 gripper.pos=+13.91
DEBUG 2026-09-03 09:30:07 [action #188] t=8.44s step=187 queue=13 dmax=1.134 | shoulder_pan.pos=+14.18 shoulder_lift.pos=-12.24 elbow_flex.pos=-6.49 wrist_flex.pos=+85.21 wrist_roll.pos=-2.47 gripper.pos=+14.18
DEBUG 2026-09-03 09:30:07 [action #189] t=8.47s step=188 queue=12 dmax=1.288 | shoulder_pan.pos=+15.46 shoulder_lift.pos=-11.78 elbow_flex.pos=-6.61 wrist_flex.pos=+84.63 wrist_roll.pos=-2.48 gripper.pos=+14.12
DEBUG 2026-09-03 09:30:07 [action #190] t=8.50s step=189 queue=11 dmax=1.126 | shoulder_pan.pos=+16.59 shoulder_lift.pos=-11.07 elbow_flex.pos=-7.04 wrist_flex.pos=+84.02 wrist_roll.pos=-2.70 gripper.pos=+14.05
DEBUG 2026-09-03 09:30:07 [action #191] t=8.54s step=190 queue=10 dmax=1.279 | shoulder_pan.pos=+17.58 shoulder_lift.pos=-11.36 elbow_flex.pos=-7.86 wrist_flex.pos=+82.74 wrist_roll.pos=-2.53 gripper.pos=+14.08
DEBUG 2026-09-03 09:30:07 [action #192] t=8.57s step=191 queue=9 dmax=1.163 | shoulder_pan.pos=+18.74 shoulder_lift.pos=-10.63 elbow_flex.pos=-7.57 wrist_flex.pos=+81.76 wrist_roll.pos=-2.77 gripper.pos=+13.98
DEBUG 2026-09-03 09:30:07 [action #193] t=8.60s step=192 queue=8 dmax=1.275 | shoulder_pan.pos=+20.02 shoulder_lift.pos=-10.28 elbow_flex.pos=-8.01 wrist_flex.pos=+80.61 wrist_roll.pos=-2.87 gripper.pos=+13.98
DEBUG 2026-09-03 09:30:07 [action #194] t=8.64s step=193 queue=7 dmax=1.112 | shoulder_pan.pos=+21.13 shoulder_lift.pos=-9.60 elbow_flex.pos=-8.24 wrist_flex.pos=+79.65 wrist_roll.pos=-2.94 gripper.pos=+14.19
DEBUG 2026-09-03 09:30:07 [action #195] t=8.67s step=194 queue=6 dmax=1.030 | shoulder_pan.pos=+21.74 shoulder_lift.pos=-9.38 elbow_flex.pos=-8.95 wrist_flex.pos=+78.62 wrist_roll.pos=-2.99 gripper.pos=+14.04
DEBUG 2026-09-03 09:30:07 [action #196] t=8.70s step=195 queue=5 dmax=1.178 | shoulder_pan.pos=+22.68 shoulder_lift.pos=-8.20 elbow_flex.pos=-9.17 wrist_flex.pos=+77.74 wrist_roll.pos=-2.97 gripper.pos=+13.91
DEBUG 2026-09-03 09:30:07 [action #197] t=8.74s step=196 queue=4 dmax=1.063 | shoulder_pan.pos=+23.40 shoulder_lift.pos=-7.43 elbow_flex.pos=-10.05 wrist_flex.pos=+76.68 wrist_roll.pos=-2.99 gripper.pos=+14.12
DEBUG 2026-09-03 09:30:07 [action #198] t=8.77s step=197 queue=3 dmax=0.965 | shoulder_pan.pos=+24.10 shoulder_lift.pos=-6.87 elbow_flex.pos=-10.02 wrist_flex.pos=+75.71 wrist_roll.pos=-3.21 gripper.pos=+13.95
DEBUG 2026-09-03 09:30:08 [action #199] t=8.80s step=198 queue=2 dmax=1.369 | shoulder_pan.pos=+24.97 shoulder_lift.pos=-5.50 elbow_flex.pos=-10.83 wrist_flex.pos=+74.71 wrist_roll.pos=-3.38 gripper.pos=+13.88
DEBUG 2026-09-03 09:30:08 [action #200] t=8.84s step=199 queue=1 dmax=1.530 | shoulder_pan.pos=+25.50 shoulder_lift.pos=-3.97 elbow_flex.pos=-12.03 wrist_flex.pos=+73.68 wrist_roll.pos=-3.49 gripper.pos=+13.83
DEBUG 2026-09-03 09:30:08 [chunk] received 50 actions, timesteps 175..224 | first: shoulder_pan.pos=-5.14 shoulder_lift.pos=-9.69 elbow_flex.pos=+4.47 wrist_flex.pos=+86.75 wrist_roll.pos=-0.65 gripper.pos=+12.25 | last: shoulder_pan.pos=+32.69 shoulder_lift.pos=+15.07 elbow_flex.pos=-22.80 wrist_flex.pos=+74.81 wrist_roll.pos=-6.01 gripper.pos=+11.40
DEBUG 2026-09-03 09:30:08 [action #201] t=9.00s step=200 queue=25 dmax=12.231 | shoulder_pan.pos=+15.94 shoulder_lift.pos=-6.94 elbow_flex.pos=-11.04 wrist_flex.pos=+85.91 wrist_roll.pos=-3.87 gripper.pos=+11.96
DEBUG 2026-09-03 09:30:08 [action #202] t=9.04s step=201 queue=24 dmax=0.890 | shoulder_pan.pos=+16.83 shoulder_lift.pos=-6.19 elbow_flex.pos=-11.78 wrist_flex.pos=+85.74 wrist_roll.pos=-3.94 gripper.pos=+11.94
DEBUG 2026-09-03 09:30:08 [action #203] t=9.07s step=202 queue=23 dmax=0.881 | shoulder_pan.pos=+17.60 shoulder_lift.pos=-5.45 elbow_flex.pos=-12.66 wrist_flex.pos=+85.42 wrist_roll.pos=-4.19 gripper.pos=+11.94
DEBUG 2026-09-03 09:30:08 [action #204] t=9.10s step=203 queue=22 dmax=0.934 | shoulder_pan.pos=+18.53 shoulder_lift.pos=-4.78 elbow_flex.pos=-12.43 wrist_flex.pos=+84.91 wrist_roll.pos=-4.69 gripper.pos=+11.94
DEBUG 2026-09-03 09:30:08 [action #205] t=9.14s step=204 queue=21 dmax=1.277 | shoulder_pan.pos=+19.67 shoulder_lift.pos=-3.73 elbow_flex.pos=-13.70 wrist_flex.pos=+84.44 wrist_roll.pos=-4.84 gripper.pos=+11.96
DEBUG 2026-09-03 09:30:08 [action #206] t=9.17s step=205 queue=20 dmax=0.905 | shoulder_pan.pos=+20.58 shoulder_lift.pos=-3.09 elbow_flex.pos=-14.19 wrist_flex.pos=+84.06 wrist_roll.pos=-5.23 gripper.pos=+11.82
DEBUG 2026-09-03 09:30:08 [action #207] t=9.20s step=206 queue=19 dmax=0.937 | shoulder_pan.pos=+21.32 shoulder_lift.pos=-2.16 elbow_flex.pos=-15.02 wrist_flex.pos=+83.50 wrist_roll.pos=-5.52 gripper.pos=+11.82
DEBUG 2026-09-03 09:30:08 [action #208] t=9.24s step=207 queue=18 dmax=1.653 | shoulder_pan.pos=+22.22 shoulder_lift.pos=-0.50 elbow_flex.pos=-15.67 wrist_flex.pos=+83.06 wrist_roll.pos=-5.79 gripper.pos=+12.01
DEBUG 2026-09-03 09:30:08 [action #209] t=9.27s step=208 queue=17 dmax=0.786 | shoulder_pan.pos=+22.99 shoulder_lift.pos=-0.10 elbow_flex.pos=-16.45 wrist_flex.pos=+82.54 wrist_roll.pos=-6.03 gripper.pos=+11.73
DEBUG 2026-09-03 09:30:08 [action #210] t=9.30s step=209 queue=16 dmax=0.790 | shoulder_pan.pos=+23.75 shoulder_lift.pos=+0.69 elbow_flex.pos=-16.85 wrist_flex.pos=+82.15 wrist_roll.pos=-6.29 gripper.pos=+11.85
DEBUG 2026-09-03 09:30:08 [action #211] t=9.34s step=210 queue=15 dmax=1.407 | shoulder_pan.pos=+24.39 shoulder_lift.pos=+2.10 elbow_flex.pos=-17.49 wrist_flex.pos=+81.44 wrist_roll.pos=-6.38 gripper.pos=+11.82
DEBUG 2026-09-03 09:30:08 [action #212] t=9.37s step=211 queue=14 dmax=0.989 | shoulder_pan.pos=+25.38 shoulder_lift.pos=+2.15 elbow_flex.pos=-17.66 wrist_flex.pos=+80.85 wrist_roll.pos=-6.53 gripper.pos=+11.82
DEBUG 2026-09-03 09:30:08 [action #213] t=9.41s step=212 queue=13 dmax=1.342 | shoulder_pan.pos=+26.27 shoulder_lift.pos=+3.49 elbow_flex.pos=-17.80 wrist_flex.pos=+80.36 wrist_roll.pos=-6.37 gripper.pos=+11.69
DEBUG 2026-09-03 09:30:08 [action #214] t=9.44s step=213 queue=12 dmax=0.621 | shoulder_pan.pos=+26.82 shoulder_lift.pos=+3.74 elbow_flex.pos=-18.20 wrist_flex.pos=+79.74 wrist_roll.pos=-6.57 gripper.pos=+11.63
DEBUG 2026-09-03 09:30:08 [action #215] t=9.47s step=214 queue=11 dmax=0.834 | shoulder_pan.pos=+27.65 shoulder_lift.pos=+3.94 elbow_flex.pos=-17.91 wrist_flex.pos=+79.06 wrist_roll.pos=-6.70 gripper.pos=+11.61
DEBUG 2026-09-03 09:30:08 [action #216] t=9.51s step=215 queue=10 dmax=1.283 | shoulder_pan.pos=+28.19 shoulder_lift.pos=+5.22 elbow_flex.pos=-18.34 wrist_flex.pos=+78.79 wrist_roll.pos=-6.50 gripper.pos=+11.63
DEBUG 2026-09-03 09:30:08 [action #217] t=9.54s step=216 queue=9 dmax=0.753 | shoulder_pan.pos=+28.94 shoulder_lift.pos=+5.17 elbow_flex.pos=-18.43 wrist_flex.pos=+78.29 wrist_roll.pos=-6.47 gripper.pos=+11.58
DEBUG 2026-09-03 09:30:08 [action #218] t=9.57s step=217 queue=8 dmax=1.376 | shoulder_pan.pos=+29.49 shoulder_lift.pos=+6.55 elbow_flex.pos=-19.23 wrist_flex.pos=+77.72 wrist_roll.pos=-6.31 gripper.pos=+11.58
DEBUG 2026-09-03 09:30:08 [action #219] t=9.61s step=218 queue=7 dmax=0.697 | shoulder_pan.pos=+30.19 shoulder_lift.pos=+7.14 elbow_flex.pos=-18.98 wrist_flex.pos=+77.42 wrist_roll.pos=-6.47 gripper.pos=+11.72
DEBUG 2026-09-03 09:30:08 [action #220] t=9.64s step=219 queue=6 dmax=0.944 | shoulder_pan.pos=+30.90 shoulder_lift.pos=+8.09 elbow_flex.pos=-19.18 wrist_flex.pos=+76.72 wrist_roll.pos=-6.36 gripper.pos=+11.45
DEBUG 2026-09-03 09:30:08 [action #221] t=9.67s step=220 queue=5 dmax=1.158 | shoulder_pan.pos=+31.52 shoulder_lift.pos=+9.24 elbow_flex.pos=-19.92 wrist_flex.pos=+76.31 wrist_roll.pos=-6.24 gripper.pos=+11.55
DEBUG 2026-09-03 09:30:08 [action #222] t=9.71s step=221 queue=4 dmax=0.998 | shoulder_pan.pos=+31.82 shoulder_lift.pos=+10.24 elbow_flex.pos=-19.95 wrist_flex.pos=+75.94 wrist_roll.pos=-6.22 gripper.pos=+11.46
DEBUG 2026-09-03 09:30:08 [action #223] t=9.74s step=222 queue=3 dmax=1.884 | shoulder_pan.pos=+32.18 shoulder_lift.pos=+12.13 elbow_flex.pos=-20.80 wrist_flex.pos=+75.44 wrist_roll.pos=-6.16 gripper.pos=+11.44
DEBUG 2026-09-03 09:30:08 [action #224] t=9.77s step=223 queue=2 dmax=1.189 | shoulder_pan.pos=+32.61 shoulder_lift.pos=+13.32 elbow_flex.pos=-21.26 wrist_flex.pos=+75.30 wrist_roll.pos=-6.01 gripper.pos=+11.48
DEBUG 2026-09-03 09:30:09 [action #225] t=9.81s step=224 queue=1 dmax=1.755 | shoulder_pan.pos=+32.69 shoulder_lift.pos=+15.07 elbow_flex.pos=-22.80 wrist_flex.pos=+74.81 wrist_roll.pos=-6.01 gripper.pos=+11.40
DEBUG 2026-09-03 09:30:09 [chunk] received 50 actions, timesteps 199..248 | first: shoulder_pan.pos=+24.73 shoulder_lift.pos=-4.18 elbow_flex.pos=-11.72 wrist_flex.pos=+70.75 wrist_roll.pos=-4.25 gripper.pos=+13.50 | last: shoulder_pan.pos=+31.31 shoulder_lift.pos=+22.54 elbow_flex.pos=-16.69 wrist_flex.pos=+58.29 wrist_roll.pos=-4.64 gripper.pos=+33.51
DEBUG 2026-09-03 09:30:09 [action #226] t=9.87s step=225 queue=24 dmax=16.019 | shoulder_pan.pos=+32.58 shoulder_lift.pos=+16.51 elbow_flex.pos=-15.98 wrist_flex.pos=+58.79 wrist_roll.pos=-4.60 gripper.pos=+13.63
DEBUG 2026-09-03 09:30:09 [action #227] t=9.91s step=226 queue=23 dmax=0.534 | shoulder_pan.pos=+32.89 shoulder_lift.pos=+17.04 elbow_flex.pos=-16.24 wrist_flex.pos=+58.94 wrist_roll.pos=-4.55 gripper.pos=+13.59
DEBUG 2026-09-03 09:30:09 [action #228] t=9.94s step=227 queue=22 dmax=0.982 | shoulder_pan.pos=+32.55 shoulder_lift.pos=+18.02 elbow_flex.pos=-16.29 wrist_flex.pos=+58.52 wrist_roll.pos=-4.58 gripper.pos=+13.47
DEBUG 2026-09-03 09:30:09 [action #229] t=9.97s step=228 queue=21 dmax=0.131 | shoulder_pan.pos=+32.49 shoulder_lift.pos=+18.01 elbow_flex.pos=-16.42 wrist_flex.pos=+58.63 wrist_roll.pos=-4.62 gripper.pos=+13.45
DEBUG 2026-09-03 09:30:09 [action #230] t=10.01s step=229 queue=20 dmax=0.310 | shoulder_pan.pos=+32.69 shoulder_lift.pos=+17.94 elbow_flex.pos=-16.73 wrist_flex.pos=+58.54 wrist_roll.pos=-4.68 gripper.pos=+13.50
DEBUG 2026-09-03 09:30:09 [action #231] t=10.04s step=230 queue=19 dmax=1.287 | shoulder_pan.pos=+32.56 shoulder_lift.pos=+19.22 elbow_flex.pos=-17.45 wrist_flex.pos=+58.42 wrist_roll.pos=-4.51 gripper.pos=+13.59
DEBUG 2026-09-03 09:30:09 [action #232] t=10.07s step=231 queue=18 dmax=0.822 | shoulder_pan.pos=+32.64 shoulder_lift.pos=+20.05 elbow_flex.pos=-17.44 wrist_flex.pos=+58.32 wrist_roll.pos=-4.56 gripper.pos=+13.53
DEBUG 2026-09-03 09:30:09 [action #233] t=10.11s step=232 queue=17 dmax=0.174 | shoulder_pan.pos=+32.66 shoulder_lift.pos=+20.02 elbow_flex.pos=-17.58 wrist_flex.pos=+58.16 wrist_roll.pos=-4.63 gripper.pos=+13.35
DEBUG 2026-09-03 09:30:09 [action #234] t=10.14s step=233 queue=16 dmax=0.830 | shoulder_pan.pos=+32.45 shoulder_lift.pos=+20.85 elbow_flex.pos=-18.13 wrist_flex.pos=+58.23 wrist_roll.pos=-4.66 gripper.pos=+13.63
DEBUG 2026-09-03 09:30:09 [action #235] t=10.17s step=234 queue=15 dmax=0.571 | shoulder_pan.pos=+32.48 shoulder_lift.pos=+21.18 elbow_flex.pos=-17.56 wrist_flex.pos=+58.16 wrist_roll.pos=-4.79 gripper.pos=+13.67
DEBUG 2026-09-03 09:30:09 [action #236] t=10.21s step=235 queue=14 dmax=0.845 | shoulder_pan.pos=+32.37 shoulder_lift.pos=+21.70 elbow_flex.pos=-18.41 wrist_flex.pos=+57.95 wrist_roll.pos=-4.67 gripper.pos=+13.59
DEBUG 2026-09-03 09:30:09 [action #237] t=10.24s step=236 queue=13 dmax=0.730 | shoulder_pan.pos=+32.26 shoulder_lift.pos=+22.43 elbow_flex.pos=-18.10 wrist_flex.pos=+57.67 wrist_roll.pos=-4.64 gripper.pos=+13.60
DEBUG 2026-09-03 09:30:09 [action #238] t=10.27s step=237 queue=12 dmax=0.358 | shoulder_pan.pos=+32.62 shoulder_lift.pos=+22.53 elbow_flex.pos=-18.01 wrist_flex.pos=+57.54 wrist_roll.pos=-4.82 gripper.pos=+13.74
DEBUG 2026-09-03 09:30:09 [action #239] t=10.31s step=238 queue=11 dmax=0.751 | shoulder_pan.pos=+32.40 shoulder_lift.pos=+23.28 elbow_flex.pos=-17.94 wrist_flex.pos=+57.25 wrist_roll.pos=-4.70 gripper.pos=+13.78
DEBUG 2026-09-03 09:30:09 [action #240] t=10.34s step=239 queue=10 dmax=0.537 | shoulder_pan.pos=+32.29 shoulder_lift.pos=+23.63 elbow_flex.pos=-17.63 wrist_flex.pos=+56.71 wrist_roll.pos=-4.69 gripper.pos=+14.01
DEBUG 2026-09-03 09:30:09 [action #241] t=10.38s step=240 queue=9 dmax=0.178 | shoulder_pan.pos=+32.43 shoulder_lift.pos=+23.51 elbow_flex.pos=-17.54 wrist_flex.pos=+56.75 wrist_roll.pos=-4.77 gripper.pos=+14.19
DEBUG 2026-09-03 09:30:09 [action #242] t=10.41s step=241 queue=8 dmax=0.381 | shoulder_pan.pos=+32.22 shoulder_lift.pos=+23.75 elbow_flex.pos=-17.19 wrist_flex.pos=+56.52 wrist_roll.pos=-4.78 gripper.pos=+14.57
DEBUG 2026-09-03 09:30:09 [action #243] t=10.44s step=242 queue=7 dmax=0.543 | shoulder_pan.pos=+32.38 shoulder_lift.pos=+23.85 elbow_flex.pos=-16.91 wrist_flex.pos=+56.39 wrist_roll.pos=-4.66 gripper.pos=+15.11
DEBUG 2026-09-03 09:30:09 [action #244] t=10.48s step=243 queue=6 dmax=1.087 | shoulder_pan.pos=+32.04 shoulder_lift.pos=+23.32 elbow_flex.pos=-16.89 wrist_flex.pos=+56.44 wrist_roll.pos=-4.64 gripper.pos=+16.20
DEBUG 2026-09-03 09:30:09 [action #245] t=10.51s step=244 queue=5 dmax=1.957 | shoulder_pan.pos=+31.90 shoulder_lift.pos=+23.22 elbow_flex.pos=-17.23 wrist_flex.pos=+56.22 wrist_roll.pos=-4.61 gripper.pos=+18.15
DEBUG 2026-09-03 09:30:09 [action #246] t=10.54s step=245 queue=4 dmax=3.831 | shoulder_pan.pos=+31.74 shoulder_lift.pos=+22.54 elbow_flex.pos=-16.48 wrist_flex.pos=+56.84 wrist_roll.pos=-4.66 gripper.pos=+21.99
DEBUG 2026-09-03 09:30:09 [action #247] t=10.58s step=246 queue=3 dmax=4.547 | shoulder_pan.pos=+31.72 shoulder_lift.pos=+22.96 elbow_flex.pos=-16.66 wrist_flex.pos=+57.16 wrist_roll.pos=-4.56 gripper.pos=+26.53
DEBUG 2026-09-03 09:30:09 [action #248] t=10.61s step=247 queue=2 dmax=4.214 | shoulder_pan.pos=+31.52 shoulder_lift.pos=+22.97 elbow_flex.pos=-16.91 wrist_flex.pos=+57.65 wrist_roll.pos=-4.68 gripper.pos=+30.75
DEBUG 2026-09-03 09:30:09 [action #249] t=10.64s step=248 queue=1 dmax=2.768 | shoulder_pan.pos=+31.31 shoulder_lift.pos=+22.54 elbow_flex.pos=-16.69 wrist_flex.pos=+58.29 wrist_roll.pos=-4.64 gripper.pos=+33.51
DEBUG 2026-09-03 09:30:09 [chunk] received 50 actions, timesteps 224..273 | first: shoulder_pan.pos=+30.10 shoulder_lift.pos=+9.36 elbow_flex.pos=-17.93 wrist_flex.pos=+73.22 wrist_roll.pos=-6.71 gripper.pos=+13.18 | last: shoulder_pan.pos=+33.37 shoulder_lift.pos=+20.44 elbow_flex.pos=-16.26 wrist_flex.pos=+67.22 wrist_roll.pos=-6.43 gripper.pos=+40.99
DEBUG 2026-09-03 09:30:09 [action #250] t=10.71s step=249 queue=25 dmax=20.244 | shoulder_pan.pos=+34.54 shoulder_lift.pos=+20.93 elbow_flex.pos=-12.55 wrist_flex.pos=+56.55 wrist_roll.pos=-6.74 gripper.pos=+13.27
DEBUG 2026-09-03 09:30:09 [action #251] t=10.74s step=250 queue=24 dmax=0.652 | shoulder_pan.pos=+35.19 shoulder_lift.pos=+21.32 elbow_flex.pos=-12.73 wrist_flex.pos=+56.29 wrist_roll.pos=-6.94 gripper.pos=+13.36
DEBUG 2026-09-03 09:30:09 [action #252] t=10.78s step=251 queue=23 dmax=0.338 | shoulder_pan.pos=+34.85 shoulder_lift.pos=+21.61 elbow_flex.pos=-12.40 wrist_flex.pos=+56.16 wrist_roll.pos=-6.95 gripper.pos=+13.20
DEBUG 2026-09-03 09:30:10 [action #253] t=10.81s step=252 queue=22 dmax=0.238 | shoulder_pan.pos=+34.65 shoulder_lift.pos=+21.76 elbow_flex.pos=-12.58 wrist_flex.pos=+56.35 wrist_roll.pos=-6.71 gripper.pos=+13.28
DEBUG 2026-09-03 09:30:10 [action #254] t=10.84s step=253 queue=21 dmax=0.926 | shoulder_pan.pos=+35.08 shoulder_lift.pos=+22.69 elbow_flex.pos=-12.34 wrist_flex.pos=+56.31 wrist_roll.pos=-6.93 gripper.pos=+13.59
DEBUG 2026-09-03 09:30:10 [action #255] t=10.88s step=254 queue=20 dmax=0.695 | shoulder_pan.pos=+34.79 shoulder_lift.pos=+22.52 elbow_flex.pos=-12.78 wrist_flex.pos=+57.01 wrist_roll.pos=-6.74 gripper.pos=+14.13
DEBUG 2026-09-03 09:30:10 [action #256] t=10.91s step=255 queue=19 dmax=1.342 | shoulder_pan.pos=+35.10 shoulder_lift.pos=+23.11 elbow_flex.pos=-13.90 wrist_flex.pos=+57.29 wrist_roll.pos=-6.86 gripper.pos=+15.47
DEBUG 2026-09-03 09:30:10 [action #257] t=10.94s step=256 queue=18 dmax=3.388 | shoulder_pan.pos=+34.90 shoulder_lift.pos=+22.62 elbow_flex.pos=-13.47 wrist_flex.pos=+57.95 wrist_roll.pos=-6.76 gripper.pos=+18.86
DEBUG 2026-09-03 09:30:10 [action #258] t=10.98s step=257 queue=17 dmax=4.076 | shoulder_pan.pos=+34.85 shoulder_lift.pos=+22.37 elbow_flex.pos=-13.82 wrist_flex.pos=+58.58 wrist_roll.pos=-6.78 gripper.pos=+22.93
DEBUG 2026-09-03 09:30:10 [action #259] t=11.01s step=258 queue=16 dmax=4.308 | shoulder_pan.pos=+34.57 shoulder_lift.pos=+22.73 elbow_flex.pos=-13.90 wrist_flex.pos=+59.41 wrist_roll.pos=-6.84 gripper.pos=+27.24
DEBUG 2026-09-03 09:30:10 [action #260] t=11.04s step=259 queue=15 dmax=3.680 | shoulder_pan.pos=+34.49 shoulder_lift.pos=+22.01 elbow_flex.pos=-14.09 wrist_flex.pos=+60.54 wrist_roll.pos=-6.83 gripper.pos=+30.92
DEBUG 2026-09-03 09:30:10 [action #261] t=11.08s step=260 queue=14 dmax=2.724 | shoulder_pan.pos=+34.48 shoulder_lift.pos=+22.58 elbow_flex.pos=-14.00 wrist_flex.pos=+61.40 wrist_roll.pos=-6.80 gripper.pos=+33.64
DEBUG 2026-09-03 09:30:10 [action #262] t=11.11s step=261 queue=13 dmax=2.267 | shoulder_pan.pos=+33.99 shoulder_lift.pos=+22.37 elbow_flex.pos=-13.87 wrist_flex.pos=+62.20 wrist_roll.pos=-6.77 gripper.pos=+35.91
DEBUG 2026-09-03 09:30:10 [action #263] t=11.14s step=262 queue=12 dmax=1.504 | shoulder_pan.pos=+33.89 shoulder_lift.pos=+22.69 elbow_flex.pos=-15.37 wrist_flex.pos=+62.96 wrist_roll.pos=-6.83 gripper.pos=+37.06
DEBUG 2026-09-03 09:30:10 [action #264] t=11.18s step=263 queue=11 dmax=0.990 | shoulder_pan.pos=+33.99 shoulder_lift.pos=+22.50 elbow_flex.pos=-14.75 wrist_flex.pos=+63.69 wrist_roll.pos=-6.76 gripper.pos=+38.05
DEBUG 2026-09-03 09:30:10 [action #265] t=11.21s step=264 queue=10 dmax=0.593 | shoulder_pan.pos=+33.70 shoulder_lift.pos=+22.20 elbow_flex.pos=-15.07 wrist_flex.pos=+64.28 wrist_roll.pos=-6.77 gripper.pos=+38.53
DEBUG 2026-09-03 09:30:10 [action #266] t=11.24s step=265 queue=9 dmax=0.672 | shoulder_pan.pos=+33.68 shoulder_lift.pos=+22.02 elbow_flex.pos=-15.25 wrist_flex.pos=+64.95 wrist_roll.pos=-6.74 gripper.pos=+38.74
DEBUG 2026-09-03 09:30:10 [action #267] t=11.28s step=266 queue=8 dmax=0.609 | shoulder_pan.pos=+33.47 shoulder_lift.pos=+21.52 elbow_flex.pos=-15.16 wrist_flex.pos=+65.56 wrist_roll.pos=-6.73 gripper.pos=+38.86
DEBUG 2026-09-03 09:30:10 [action #268] t=11.31s step=267 queue=7 dmax=0.526 | shoulder_pan.pos=+33.43 shoulder_lift.pos=+21.91 elbow_flex.pos=-15.68 wrist_flex.pos=+65.92 wrist_roll.pos=-6.63 gripper.pos=+38.96
DEBUG 2026-09-03 09:30:10 [action #269] t=11.34s step=268 queue=6 dmax=0.308 | shoulder_pan.pos=+33.47 shoulder_lift.pos=+21.63 elbow_flex.pos=-15.85 wrist_flex.pos=+65.95 wrist_roll.pos=-6.66 gripper.pos=+39.27
DEBUG 2026-09-03 09:30:10 [action #270] t=11.38s step=269 queue=5 dmax=0.424 | shoulder_pan.pos=+33.41 shoulder_lift.pos=+21.45 elbow_flex.pos=-15.94 wrist_flex.pos=+65.94 wrist_roll.pos=-6.58 gripper.pos=+39.70
DEBUG 2026-09-03 09:30:10 [action #271] t=11.41s step=270 queue=4 dmax=0.451 | shoulder_pan.pos=+33.47 shoulder_lift.pos=+21.40 elbow_flex.pos=-15.69 wrist_flex.pos=+66.05 wrist_roll.pos=-6.59 gripper.pos=+40.15
DEBUG 2026-09-03 09:30:10 [action #272] t=11.45s step=271 queue=3 dmax=0.403 | shoulder_pan.pos=+33.43 shoulder_lift.pos=+21.18 elbow_flex.pos=-16.09 wrist_flex.pos=+66.08 wrist_roll.pos=-6.63 gripper.pos=+40.48
DEBUG 2026-09-03 09:30:10 [action #273] t=11.48s step=272 queue=2 dmax=0.404 | shoulder_pan.pos=+33.24 shoulder_lift.pos=+21.03 elbow_flex.pos=-16.19 wrist_flex.pos=+66.34 wrist_roll.pos=-6.57 gripper.pos=+40.89
DEBUG 2026-09-03 09:30:10 [action #274] t=11.51s step=273 queue=1 dmax=0.882 | shoulder_pan.pos=+33.37 shoulder_lift.pos=+20.44 elbow_flex.pos=-16.26 wrist_flex.pos=+67.22 wrist_roll.pos=-6.43 gripper.pos=+40.99
DEBUG 2026-09-03 09:30:10 [chunk] received 50 actions, timesteps 248..297 | first: shoulder_pan.pos=+30.25 shoulder_lift.pos=+23.77 elbow_flex.pos=-18.41 wrist_flex.pos=+58.18 wrist_roll.pos=-4.44 gripper.pos=+28.68 | last: shoulder_pan.pos=+18.45 shoulder_lift.pos=-2.99 elbow_flex.pos=-15.88 wrist_flex.pos=+97.76 wrist_roll.pos=-0.29 gripper.pos=+40.77
DEBUG 2026-09-03 09:30:10 [action #275] t=11.61s step=274 queue=24 dmax=14.407 | shoulder_pan.pos=+29.68 shoulder_lift.pos=+21.95 elbow_flex.pos=-30.66 wrist_flex.pos=+81.58 wrist_roll.pos=-3.06 gripper.pos=+43.30
DEBUG 2026-09-03 09:30:10 [action #276] t=11.65s step=275 queue=23 dmax=1.248 | shoulder_pan.pos=+29.40 shoulder_lift.pos=+21.49 elbow_flex.pos=-30.12 wrist_flex.pos=+82.83 wrist_roll.pos=-2.95 gripper.pos=+43.14
DEBUG 2026-09-03 09:30:10 [action #277] t=11.68s step=276 queue=22 dmax=1.110 | shoulder_pan.pos=+29.12 shoulder_lift.pos=+20.96 elbow_flex.pos=-30.27 wrist_flex.pos=+83.94 wrist_roll.pos=-2.89 gripper.pos=+43.05
DEBUG 2026-09-03 09:30:10 [action #278] t=11.71s step=277 queue=21 dmax=1.099 | shoulder_pan.pos=+28.71 shoulder_lift.pos=+20.29 elbow_flex.pos=-30.47 wrist_flex.pos=+85.04 wrist_roll.pos=-2.84 gripper.pos=+42.99
DEBUG 2026-09-03 09:30:10 [action #279] t=11.75s step=278 queue=20 dmax=1.067 | shoulder_pan.pos=+28.31 shoulder_lift.pos=+19.52 elbow_flex.pos=-29.93 wrist_flex.pos=+86.11 wrist_roll.pos=-2.65 gripper.pos=+42.91
DEBUG 2026-09-03 09:30:10 [action #280] t=11.78s step=279 queue=19 dmax=0.978 | shoulder_pan.pos=+28.12 shoulder_lift.pos=+19.08 elbow_flex.pos=-30.15 wrist_flex.pos=+87.08 wrist_roll.pos=-2.60 gripper.pos=+43.00
DEBUG 2026-09-03 09:30:11 [action #281] t=11.81s step=280 queue=18 dmax=1.391 | shoulder_pan.pos=+27.33 shoulder_lift.pos=+17.69 elbow_flex.pos=-29.23 wrist_flex.pos=+88.31 wrist_roll.pos=-2.42 gripper.pos=+42.90
DEBUG 2026-09-03 09:30:11 [action #282] t=11.85s step=281 queue=17 dmax=0.686 | shoulder_pan.pos=+27.43 shoulder_lift.pos=+17.01 elbow_flex.pos=-29.44 wrist_flex.pos=+88.90 wrist_roll.pos=-2.36 gripper.pos=+42.86
DEBUG 2026-09-03 09:30:11 [action #283] t=11.88s step=282 queue=16 dmax=0.744 | shoulder_pan.pos=+27.15 shoulder_lift.pos=+16.43 elbow_flex.pos=-28.91 wrist_flex.pos=+89.64 wrist_roll.pos=-2.08 gripper.pos=+42.97
DEBUG 2026-09-03 09:30:11 [action #284] t=11.91s step=283 queue=15 dmax=0.448 | shoulder_pan.pos=+27.12 shoulder_lift.pos=+16.05 elbow_flex.pos=-28.74 wrist_flex.pos=+90.09 wrist_roll.pos=-2.09 gripper.pos=+42.86
DEBUG 2026-09-03 09:30:11 [action #285] t=11.95s step=284 queue=14 dmax=1.422 | shoulder_pan.pos=+26.71 shoulder_lift.pos=+14.63 elbow_flex.pos=-27.69 wrist_flex.pos=+90.53 wrist_roll.pos=-2.10 gripper.pos=+42.74
DEBUG 2026-09-03 09:30:11 [action #286] t=11.98s step=285 queue=13 dmax=0.598 | shoulder_pan.pos=+26.54 shoulder_lift.pos=+14.27 elbow_flex.pos=-28.29 wrist_flex.pos=+90.97 wrist_roll.pos=-2.03 gripper.pos=+42.68
DEBUG 2026-09-03 09:30:11 [action #287] t=12.01s step=286 queue=12 dmax=0.925 | shoulder_pan.pos=+26.45 shoulder_lift.pos=+13.35 elbow_flex.pos=-27.36 wrist_flex.pos=+91.72 wrist_roll.pos=-1.92 gripper.pos=+42.72
DEBUG 2026-09-03 09:30:11 [action #288] t=12.05s step=287 queue=11 dmax=1.059 | shoulder_pan.pos=+25.94 shoulder_lift.pos=+12.29 elbow_flex.pos=-26.32 wrist_flex.pos=+92.46 wrist_roll.pos=-1.88 gripper.pos=+42.30
DEBUG 2026-09-03 09:30:11 [action #289] t=12.08s step=288 queue=10 dmax=1.359 | shoulder_pan.pos=+25.57 shoulder_lift.pos=+10.93 elbow_flex.pos=-25.84 wrist_flex.pos=+93.19 wrist_roll.pos=-1.57 gripper.pos=+42.30
DEBUG 2026-09-03 09:30:11 [action #290] t=12.11s step=289 queue=9 dmax=0.880 | shoulder_pan.pos=+24.73 shoulder_lift.pos=+10.36 elbow_flex.pos=-25.77 wrist_flex.pos=+94.07 wrist_roll.pos=-1.40 gripper.pos=+42.10
DEBUG 2026-09-03 09:30:11 [action #291] t=12.15s step=290 queue=8 dmax=1.030 | shoulder_pan.pos=+24.08 shoulder_lift.pos=+9.33 elbow_flex.pos=-24.97 wrist_flex.pos=+94.80 wrist_roll.pos=-1.35 gripper.pos=+41.71
DEBUG 2026-09-03 09:30:11 [action #292] t=12.18s step=291 queue=7 dmax=1.679 | shoulder_pan.pos=+23.30 shoulder_lift.pos=+7.65 elbow_flex.pos=-24.33 wrist_flex.pos=+95.43 wrist_roll.pos=-1.15 gripper.pos=+41.37
DEBUG 2026-09-03 09:30:11 [action #293] t=12.21s step=292 queue=6 dmax=1.673 | shoulder_pan.pos=+22.60 shoulder_lift.pos=+5.97 elbow_flex.pos=-23.56 wrist_flex.pos=+96.06 wrist_roll.pos=-0.96 gripper.pos=+40.98
DEBUG 2026-09-03 09:30:11 [action #294] t=12.25s step=293 queue=5 dmax=1.487 | shoulder_pan.pos=+21.92 shoulder_lift.pos=+4.49 elbow_flex.pos=-22.22 wrist_flex.pos=+96.65 wrist_roll.pos=-0.72 gripper.pos=+40.94
DEBUG 2026-09-03 09:30:11 [action #295] t=12.28s step=294 queue=4 dmax=1.711 | shoulder_pan.pos=+21.08 shoulder_lift.pos=+2.78 elbow_flex.pos=-20.53 wrist_flex.pos=+97.05 wrist_roll.pos=-0.62 gripper.pos=+40.82
DEBUG 2026-09-03 09:30:11 [action #296] t=12.31s step=295 queue=3 dmax=1.895 | shoulder_pan.pos=+20.28 shoulder_lift.pos=+0.88 elbow_flex.pos=-19.59 wrist_flex.pos=+97.56 wrist_roll.pos=-0.43 gripper.pos=+40.68
DEBUG 2026-09-03 09:30:11 [action #297] t=12.35s step=296 queue=2 dmax=1.672 | shoulder_pan.pos=+19.31 shoulder_lift.pos=-0.79 elbow_flex.pos=-18.15 wrist_flex.pos=+97.75 wrist_roll.pos=-0.34 gripper.pos=+40.57
DEBUG 2026-09-03 09:30:11 [action #298] t=12.38s step=297 queue=1 dmax=2.269 | shoulder_pan.pos=+18.45 shoulder_lift.pos=-2.99 elbow_flex.pos=-15.88 wrist_flex.pos=+97.76 wrist_roll.pos=-0.29 gripper.pos=+40.77
DEBUG 2026-09-03 09:30:11 [chunk] received 50 actions, timesteps 273..322 | first: shoulder_pan.pos=+28.72 shoulder_lift.pos=+19.06 elbow_flex.pos=-15.24 wrist_flex.pos=+68.95 wrist_roll.pos=-5.59 gripper.pos=+39.94 | last: shoulder_pan.pos=+2.07 shoulder_lift.pos=-22.48 elbow_flex.pos=+9.49 wrist_flex.pos=+92.63 wrist_roll.pos=+2.43 gripper.pos=+26.92
DEBUG 2026-09-03 09:30:11 [action #299] t=12.52s step=298 queue=25 dmax=21.284 | shoulder_pan.pos=+23.88 shoulder_lift.pos=+18.29 elbow_flex.pos=-33.36 wrist_flex.pos=+96.43 wrist_roll.pos=-3.71 gripper.pos=+43.10
DEBUG 2026-09-03 09:30:11 [action #300] t=12.55s step=299 queue=24 dmax=1.016 | shoulder_pan.pos=+22.95 shoulder_lift.pos=+18.11 elbow_flex.pos=-33.79 wrist_flex.pos=+97.44 wrist_roll.pos=-3.18 gripper.pos=+43.26
DEBUG 2026-09-03 09:30:11 [action #301] t=12.58s step=300 queue=23 dmax=0.925 | shoulder_pan.pos=+22.38 shoulder_lift.pos=+17.54 elbow_flex.pos=-34.60 wrist_flex.pos=+98.37 wrist_roll.pos=-2.88 gripper.pos=+43.34
DEBUG 2026-09-03 09:30:11 [action #302] t=12.62s step=301 queue=22 dmax=0.903 | shoulder_pan.pos=+21.47 shoulder_lift.pos=+17.33 elbow_flex.pos=-33.71 wrist_flex.pos=+99.02 wrist_roll.pos=-2.37 gripper.pos=+43.22
DEBUG 2026-09-03 09:30:11 [action #303] t=12.65s step=302 queue=21 dmax=0.753 | shoulder_pan.pos=+20.72 shoulder_lift.pos=+16.80 elbow_flex.pos=-33.21 wrist_flex.pos=+99.33 wrist_roll.pos=-1.92 gripper.pos=+43.09
DEBUG 2026-09-03 09:30:11 [action #304] t=12.68s step=303 queue=20 dmax=1.282 | shoulder_pan.pos=+20.15 shoulder_lift.pos=+15.77 elbow_flex.pos=-31.93 wrist_flex.pos=+99.75 wrist_roll.pos=-1.42 gripper.pos=+43.09
DEBUG 2026-09-03 09:30:11 [action #305] t=12.72s step=304 queue=19 dmax=1.500 | shoulder_pan.pos=+19.32 shoulder_lift.pos=+14.27 elbow_flex.pos=-31.12 wrist_flex.pos=+100.15 wrist_roll.pos=-0.96 gripper.pos=+42.94
DEBUG 2026-09-03 09:30:11 [action #306] t=12.75s step=305 queue=18 dmax=1.781 | shoulder_pan.pos=+18.12 shoulder_lift.pos=+12.49 elbow_flex.pos=-29.70 wrist_flex.pos=+100.11 wrist_roll.pos=-0.63 gripper.pos=+42.60
DEBUG 2026-09-03 09:30:11 [action #307] t=12.78s step=306 queue=17 dmax=1.517 | shoulder_pan.pos=+17.23 shoulder_lift.pos=+10.97 elbow_flex.pos=-28.22 wrist_flex.pos=+100.54 wrist_roll.pos=-0.21 gripper.pos=+42.55
DEBUG 2026-09-03 09:30:12 [action #308] t=12.82s step=307 queue=16 dmax=2.750 | shoulder_pan.pos=+16.42 shoulder_lift.pos=+8.22 elbow_flex.pos=-26.54 wrist_flex.pos=+100.45 wrist_roll.pos=-0.11 gripper.pos=+42.84
DEBUG 2026-09-03 09:30:12 [action #309] t=12.85s step=308 queue=15 dmax=2.176 | shoulder_pan.pos=+14.94 shoulder_lift.pos=+6.57 elbow_flex.pos=-24.36 wrist_flex.pos=+100.26 wrist_roll.pos=+0.17 gripper.pos=+42.56
DEBUG 2026-09-03 09:30:12 [action #310] t=12.88s step=309 queue=14 dmax=2.643 | shoulder_pan.pos=+13.86 shoulder_lift.pos=+4.64 elbow_flex.pos=-21.72 wrist_flex.pos=+100.12 wrist_roll.pos=+0.33 gripper.pos=+42.73
DEBUG 2026-09-03 09:30:12 [action #311] t=12.92s step=310 queue=13 dmax=2.665 | shoulder_pan.pos=+12.60 shoulder_lift.pos=+1.97 elbow_flex.pos=-19.43 wrist_flex.pos=+99.82 wrist_roll.pos=+0.29 gripper.pos=+42.45
DEBUG 2026-09-03 09:30:12 [action #312] t=12.95s step=311 queue=12 dmax=2.367 | shoulder_pan.pos=+11.44 shoulder_lift.pos=-0.01 elbow_flex.pos=-17.07 wrist_flex.pos=+99.51 wrist_roll.pos=+0.42 gripper.pos=+42.59
DEBUG 2026-09-03 09:30:12 [action #313] t=12.98s step=312 queue=11 dmax=2.729 | shoulder_pan.pos=+10.33 shoulder_lift.pos=-2.11 elbow_flex.pos=-14.34 wrist_flex.pos=+99.10 wrist_roll.pos=+0.45 gripper.pos=+42.30
DEBUG 2026-09-03 09:30:12 [action #314] t=13.02s step=313 queue=10 dmax=2.385 | shoulder_pan.pos=+9.62 shoulder_lift.pos=-4.50 elbow_flex.pos=-12.19 wrist_flex.pos=+98.67 wrist_roll.pos=+0.71 gripper.pos=+42.20
DEBUG 2026-09-03 09:30:12 [action #315] t=13.05s step=314 queue=9 dmax=2.219 | shoulder_pan.pos=+8.84 shoulder_lift.pos=-6.71 elbow_flex.pos=-10.05 wrist_flex.pos=+98.16 wrist_roll.pos=+0.70 gripper.pos=+42.40
DEBUG 2026-09-03 09:30:12 [action #316] t=13.08s step=315 queue=8 dmax=2.486 | shoulder_pan.pos=+7.73 shoulder_lift.pos=-8.27 elbow_flex.pos=-7.56 wrist_flex.pos=+97.46 wrist_roll.pos=+0.94 gripper.pos=+42.00
DEBUG 2026-09-03 09:30:12 [action #317] t=13.12s step=316 queue=7 dmax=3.393 | shoulder_pan.pos=+6.71 shoulder_lift.pos=-10.89 elbow_flex.pos=-4.17 wrist_flex.pos=+96.92 wrist_roll.pos=+1.11 gripper.pos=+41.63
DEBUG 2026-09-03 09:30:12 [action #318] t=13.15s step=317 queue=6 dmax=2.095 | shoulder_pan.pos=+5.84 shoulder_lift.pos=-12.98 elbow_flex.pos=-2.17 wrist_flex.pos=+96.23 wrist_roll.pos=+1.48 gripper.pos=+40.71
DEBUG 2026-09-03 09:30:12 [action #319] t=13.18s step=318 queue=5 dmax=2.387 | shoulder_pan.pos=+5.19 shoulder_lift.pos=-15.25 elbow_flex.pos=-0.80 wrist_flex.pos=+95.29 wrist_roll.pos=+1.80 gripper.pos=+38.32
DEBUG 2026-09-03 09:30:12 [action #320] t=13.22s step=319 queue=4 dmax=2.951 | shoulder_pan.pos=+4.55 shoulder_lift.pos=-17.00 elbow_flex.pos=+2.15 wrist_flex.pos=+94.58 wrist_roll.pos=+1.92 gripper.pos=+35.78
DEBUG 2026-09-03 09:30:12 [action #321] t=13.25s step=320 queue=3 dmax=3.406 | shoulder_pan.pos=+3.73 shoulder_lift.pos=-18.29 elbow_flex.pos=+4.12 wrist_flex.pos=+93.81 wrist_roll.pos=+2.16 gripper.pos=+32.37
DEBUG 2026-09-03 09:30:12 [action #322] t=13.28s step=321 queue=2 dmax=2.745 | shoulder_pan.pos=+2.84 shoulder_lift.pos=-20.41 elbow_flex.pos=+6.30 wrist_flex.pos=+93.11 wrist_roll.pos=+2.24 gripper.pos=+29.63
DEBUG 2026-09-03 09:30:12 [action #323] t=13.32s step=322 queue=1 dmax=3.191 | shoulder_pan.pos=+2.07 shoulder_lift.pos=-22.48 elbow_flex.pos=+9.49 wrist_flex.pos=+92.63 wrist_roll.pos=+2.43 gripper.pos=+26.92
DEBUG 2026-09-03 09:30:12 [chunk] received 50 actions, timesteps 297..346 | first: shoulder_pan.pos=+13.99 shoulder_lift.pos=-12.63 elbow_flex.pos=-5.92 wrist_flex.pos=+95.15 wrist_roll.pos=-0.11 gripper.pos=+37.82 | last: shoulder_pan.pos=-3.62 shoulder_lift.pos=-96.42 elbow_flex.pos=+80.16 wrist_flex.pos=+64.88 wrist_roll.pos=-0.41 gripper.pos=+1.79
DEBUG 2026-09-03 09:30:12 [action #324] t=13.45s step=323 queue=24 dmax=36.822 | shoulder_pan.pos=-2.69 shoulder_lift.pos=-54.89 elbow_flex.pos=+46.31 wrist_flex.pos=+74.37 wrist_roll.pos=+3.75 gripper.pos=+1.27
DEBUG 2026-09-03 09:30:12 [action #325] t=13.49s step=324 queue=23 dmax=2.486 | shoulder_pan.pos=-2.94 shoulder_lift.pos=-57.06 elbow_flex.pos=+48.79 wrist_flex.pos=+73.43 wrist_roll.pos=+3.55 gripper.pos=+1.35
DEBUG 2026-09-03 09:30:12 [action #326] t=13.52s step=325 queue=22 dmax=1.528 | shoulder_pan.pos=-3.11 shoulder_lift.pos=-58.59 elbow_flex.pos=+49.31 wrist_flex.pos=+72.35 wrist_roll.pos=+3.59 gripper.pos=+1.47
DEBUG 2026-09-03 09:30:12 [action #327] t=13.55s step=326 queue=21 dmax=2.174 | shoulder_pan.pos=-3.49 shoulder_lift.pos=-60.48 elbow_flex.pos=+51.49 wrist_flex.pos=+71.51 wrist_roll.pos=+3.51 gripper.pos=+1.57
DEBUG 2026-09-03 09:30:12 [action #328] t=13.59s step=327 queue=20 dmax=1.811 | shoulder_pan.pos=-3.60 shoulder_lift.pos=-62.29 elbow_flex.pos=+52.79 wrist_flex.pos=+70.52 wrist_roll.pos=+3.24 gripper.pos=+1.53
DEBUG 2026-09-03 09:30:12 [action #329] t=13.62s step=328 queue=19 dmax=1.882 | shoulder_pan.pos=-3.87 shoulder_lift.pos=-64.17 elbow_flex.pos=+54.60 wrist_flex.pos=+69.46 wrist_roll.pos=+3.16 gripper.pos=+1.43
DEBUG 2026-09-03 09:30:12 [action #330] t=13.65s step=329 queue=18 dmax=1.708 | shoulder_pan.pos=-4.09 shoulder_lift.pos=-65.88 elbow_flex.pos=+56.04 wrist_flex.pos=+68.66 wrist_roll.pos=+2.82 gripper.pos=+1.57
DEBUG 2026-09-03 09:30:12 [action #331] t=13.69s step=330 queue=17 dmax=1.870 | shoulder_pan.pos=-4.13 shoulder_lift.pos=-67.75 elbow_flex.pos=+57.50 wrist_flex.pos=+67.60 wrist_roll.pos=+2.95 gripper.pos=+1.66
DEBUG 2026-09-03 09:30:12 [action #332] t=13.72s step=331 queue=16 dmax=1.664 | shoulder_pan.pos=-4.32 shoulder_lift.pos=-69.41 elbow_flex.pos=+59.04 wrist_flex.pos=+66.73 wrist_roll.pos=+2.72 gripper.pos=+1.76
DEBUG 2026-09-03 09:30:12 [action #333] t=13.75s step=332 queue=15 dmax=1.860 | shoulder_pan.pos=-4.12 shoulder_lift.pos=-71.27 elbow_flex.pos=+60.16 wrist_flex.pos=+65.83 wrist_roll.pos=+2.53 gripper.pos=+1.86
DEBUG 2026-09-03 09:30:12 [action #334] t=13.79s step=333 queue=14 dmax=1.819 | shoulder_pan.pos=-4.01 shoulder_lift.pos=-73.09 elbow_flex.pos=+61.97 wrist_flex.pos=+65.06 wrist_roll.pos=+2.46 gripper.pos=+1.71
DEBUG 2026-09-03 09:30:13 [action #335] t=13.82s step=334 queue=13 dmax=1.875 | shoulder_pan.pos=-3.61 shoulder_lift.pos=-74.97 elbow_flex.pos=+63.24 wrist_flex.pos=+64.56 wrist_roll.pos=+2.42 gripper.pos=+1.67
DEBUG 2026-09-03 09:30:13 [action #336] t=13.85s step=335 queue=12 dmax=1.889 | shoulder_pan.pos=-3.43 shoulder_lift.pos=-76.85 elbow_flex.pos=+64.64 wrist_flex.pos=+63.93 wrist_roll.pos=+2.38 gripper.pos=+1.75
DEBUG 2026-09-03 09:30:13 [action #337] t=13.89s step=336 queue=11 dmax=1.756 | shoulder_pan.pos=-3.43 shoulder_lift.pos=-78.10 elbow_flex.pos=+66.40 wrist_flex.pos=+64.06 wrist_roll.pos=+2.40 gripper.pos=+1.95
DEBUG 2026-09-03 09:30:13 [action #338] t=13.92s step=337 queue=10 dmax=2.032 | shoulder_pan.pos=-3.38 shoulder_lift.pos=-80.13 elbow_flex.pos=+66.86 wrist_flex.pos=+63.74 wrist_roll.pos=+2.30 gripper.pos=+1.88
DEBUG 2026-09-03 09:30:13 [action #339] t=13.95s step=338 queue=9 dmax=3.094 | shoulder_pan.pos=-3.39 shoulder_lift.pos=-82.43 elbow_flex.pos=+69.95 wrist_flex.pos=+63.34 wrist_roll.pos=+2.21 gripper.pos=+1.85
DEBUG 2026-09-03 09:30:13 [action #340] t=13.99s step=339 queue=8 dmax=1.503 | shoulder_pan.pos=-3.30 shoulder_lift.pos=-83.93 elbow_flex.pos=+70.70 wrist_flex.pos=+63.33 wrist_roll.pos=+2.13 gripper.pos=+1.78
DEBUG 2026-09-03 09:30:13 [action #341] t=14.02s step=340 queue=7 dmax=2.844 | shoulder_pan.pos=-3.03 shoulder_lift.pos=-86.77 elbow_flex.pos=+71.69 wrist_flex.pos=+63.41 wrist_roll.pos=+1.96 gripper.pos=+1.90
DEBUG 2026-09-03 09:30:13 [action #342] t=14.05s step=341 queue=6 dmax=1.931 | shoulder_pan.pos=-3.38 shoulder_lift.pos=-87.38 elbow_flex.pos=+73.62 wrist_flex.pos=+63.76 wrist_roll.pos=+1.68 gripper.pos=+1.94
DEBUG 2026-09-03 09:30:13 [action #343] t=14.09s step=342 queue=5 dmax=1.548 | shoulder_pan.pos=-3.75 shoulder_lift.pos=-88.93 elbow_flex.pos=+74.89 wrist_flex.pos=+63.52 wrist_roll.pos=+1.64 gripper.pos=+1.89
DEBUG 2026-09-03 09:30:13 [action #344] t=14.12s step=343 queue=4 dmax=2.448 | shoulder_pan.pos=-3.63 shoulder_lift.pos=-91.38 elbow_flex.pos=+76.27 wrist_flex.pos=+63.72 wrist_roll.pos=+1.12 gripper.pos=+1.94
DEBUG 2026-09-03 09:30:13 [action #345] t=14.15s step=344 queue=3 dmax=1.576 | shoulder_pan.pos=-3.81 shoulder_lift.pos=-92.95 elbow_flex.pos=+77.77 wrist_flex.pos=+63.92 wrist_roll.pos=+0.76 gripper.pos=+2.11
DEBUG 2026-09-03 09:30:13 [action #346] t=14.19s step=345 queue=2 dmax=1.825 | shoulder_pan.pos=-3.89 shoulder_lift.pos=-94.78 elbow_flex.pos=+79.43 wrist_flex.pos=+64.47 wrist_roll.pos=+0.49 gripper.pos=+2.04
DEBUG 2026-09-03 09:30:13 [action #347] t=14.22s step=346 queue=1 dmax=1.644 | shoulder_pan.pos=-3.62 shoulder_lift.pos=-96.42 elbow_flex.pos=+80.16 wrist_flex.pos=+64.88 wrist_roll.pos=-0.41 gripper.pos=+1.79
DEBUG 2026-09-03 09:30:13 [chunk] received 50 actions, timesteps 322..371 | first: shoulder_pan.pos=+0.85 shoulder_lift.pos=-28.79 elbow_flex.pos=+16.79 wrist_flex.pos=+86.97 wrist_roll.pos=+1.55 gripper.pos=+22.88 | last: shoulder_pan.pos=-3.51 shoulder_lift.pos=-106.61 elbow_flex.pos=+85.11 wrist_flex.pos=+77.60 wrist_roll.pos=-1.35 gripper.pos=+0.06
DEBUG 2026-09-03 09:30:13 [action #348] t=14.35s step=347 queue=25 dmax=33.743 | shoulder_pan.pos=-4.85 shoulder_lift.pos=-62.68 elbow_flex.pos=+57.05 wrist_flex.pos=+65.52 wrist_roll.pos=+0.99 gripper.pos=+0.59
DEBUG 2026-09-03 09:30:13 [action #349] t=14.39s step=348 queue=24 dmax=1.904 | shoulder_pan.pos=-4.83 shoulder_lift.pos=-64.12 elbow_flex.pos=+58.96 wrist_flex.pos=+64.81 wrist_roll.pos=+0.66 gripper.pos=+0.52
DEBUG 2026-09-03 09:30:13 [action #350] t=14.42s step=349 queue=23 dmax=1.881 | shoulder_pan.pos=-4.76 shoulder_lift.pos=-65.91 elbow_flex.pos=+60.84 wrist_flex.pos=+64.10 wrist_roll.pos=+0.36 gripper.pos=+0.51
DEBUG 2026-09-03 09:30:13 [action #351] t=14.45s step=350 queue=22 dmax=2.010 | shoulder_pan.pos=-4.64 shoulder_lift.pos=-67.92 elbow_flex.pos=+62.19 wrist_flex.pos=+63.39 wrist_roll.pos=+0.02 gripper.pos=+0.32
DEBUG 2026-09-03 09:30:13 [action #352] t=14.49s step=351 queue=21 dmax=2.109 | shoulder_pan.pos=-4.40 shoulder_lift.pos=-70.02 elbow_flex.pos=+63.95 wrist_flex.pos=+62.57 wrist_roll.pos=-0.31 gripper.pos=+0.02
DEBUG 2026-09-03 09:30:13 [action #353] t=14.52s step=352 queue=20 dmax=2.905 | shoulder_pan.pos=-4.32 shoulder_lift.pos=-72.93 elbow_flex.pos=+66.17 wrist_flex.pos=+62.02 wrist_roll.pos=-0.47 gripper.pos=-0.63
DEBUG 2026-09-03 09:30:13 [action #354] t=14.56s step=353 queue=19 dmax=2.325 | shoulder_pan.pos=-4.27 shoulder_lift.pos=-75.25 elbow_flex.pos=+67.63 wrist_flex.pos=+62.00 wrist_roll.pos=-0.63 gripper.pos=-0.90
DEBUG 2026-09-03 09:30:13 [action #355] t=14.59s step=354 queue=18 dmax=2.574 | shoulder_pan.pos=-4.39 shoulder_lift.pos=-77.83 elbow_flex.pos=+69.63 wrist_flex.pos=+62.13 wrist_roll.pos=-0.82 gripper.pos=-1.23
DEBUG 2026-09-03 09:30:13 [action #356] t=14.62s step=355 queue=17 dmax=2.571 | shoulder_pan.pos=-4.03 shoulder_lift.pos=-80.40 elbow_flex.pos=+71.12 wrist_flex.pos=+62.39 wrist_roll.pos=-1.03 gripper.pos=-1.22
DEBUG 2026-09-03 09:30:13 [action #357] t=14.66s step=356 queue=16 dmax=3.035 | shoulder_pan.pos=-4.00 shoulder_lift.pos=-83.43 elbow_flex.pos=+72.90 wrist_flex.pos=+62.56 wrist_roll.pos=-1.35 gripper.pos=-1.01
DEBUG 2026-09-03 09:30:13 [action #358] t=14.69s step=357 queue=15 dmax=1.475 | shoulder_pan.pos=-4.01 shoulder_lift.pos=-84.91 elbow_flex.pos=+74.28 wrist_flex.pos=+62.72 wrist_roll.pos=-1.56 gripper.pos=-0.91
DEBUG 2026-09-03 09:30:13 [action #359] t=14.72s step=358 queue=14 dmax=2.357 | shoulder_pan.pos=-4.00 shoulder_lift.pos=-87.27 elbow_flex.pos=+75.95 wrist_flex.pos=+63.12 wrist_roll.pos=-1.97 gripper.pos=-0.75
DEBUG 2026-09-03 09:30:13 [action #360] t=14.76s step=359 queue=13 dmax=1.860 | shoulder_pan.pos=-4.00 shoulder_lift.pos=-89.13 elbow_flex.pos=+76.99 wrist_flex.pos=+63.59 wrist_roll.pos=-1.95 gripper.pos=-0.66
DEBUG 2026-09-03 09:30:13 [action #361] t=14.79s step=360 queue=12 dmax=2.570 | shoulder_pan.pos=-4.03 shoulder_lift.pos=-91.70 elbow_flex.pos=+78.11 wrist_flex.pos=+64.31 wrist_roll.pos=-1.86 gripper.pos=-0.66
DEBUG 2026-09-03 09:30:14 [action #362] t=14.82s step=361 queue=11 dmax=2.592 | shoulder_pan.pos=-4.30 shoulder_lift.pos=-94.29 elbow_flex.pos=+79.39 wrist_flex.pos=+65.26 wrist_roll.pos=-1.68 gripper.pos=-0.70
DEBUG 2026-09-03 09:30:14 [action #363] t=14.86s step=362 queue=10 dmax=1.826 | shoulder_pan.pos=-4.44 shoulder_lift.pos=-96.11 elbow_flex.pos=+80.69 wrist_flex.pos=+66.57 wrist_roll.pos=-1.56 gripper.pos=-0.75
DEBUG 2026-09-03 09:30:14 [action #364] t=14.89s step=363 queue=9 dmax=1.548 | shoulder_pan.pos=-4.25 shoulder_lift.pos=-97.43 elbow_flex.pos=+80.65 wrist_flex.pos=+68.11 wrist_roll.pos=-1.49 gripper.pos=-0.68
DEBUG 2026-09-03 09:30:14 [action #365] t=14.92s step=364 queue=8 dmax=1.668 | shoulder_pan.pos=-4.28 shoulder_lift.pos=-99.10 elbow_flex.pos=+81.70 wrist_flex.pos=+69.57 wrist_roll.pos=-1.60 gripper.pos=-0.59
DEBUG 2026-09-03 09:30:14 [action #366] t=14.96s step=365 queue=7 dmax=1.378 | shoulder_pan.pos=-4.28 shoulder_lift.pos=-100.48 elbow_flex.pos=+81.77 wrist_flex.pos=+70.84 wrist_roll.pos=-1.53 gripper.pos=-0.54
DEBUG 2026-09-03 09:30:14 [action #367] t=14.99s step=366 queue=6 dmax=1.615 | shoulder_pan.pos=-4.15 shoulder_lift.pos=-102.10 elbow_flex.pos=+82.32 wrist_flex.pos=+72.03 wrist_roll.pos=-1.69 gripper.pos=-0.47
DEBUG 2026-09-03 09:30:14 [action #368] t=15.02s step=367 queue=5 dmax=1.313 | shoulder_pan.pos=-3.92 shoulder_lift.pos=-103.31 elbow_flex.pos=+83.63 wrist_flex.pos=+73.19 wrist_roll.pos=-1.56 gripper.pos=-0.48
DEBUG 2026-09-03 09:30:14 [action #369] t=15.06s step=368 queue=4 dmax=1.943 | shoulder_pan.pos=-3.89 shoulder_lift.pos=-105.25 elbow_flex.pos=+84.32 wrist_flex.pos=+74.47 wrist_roll.pos=-1.52 gripper.pos=-0.34
DEBUG 2026-09-03 09:30:14 [action #370] t=15.09s step=369 queue=3 dmax=1.139 | shoulder_pan.pos=-3.66 shoulder_lift.pos=-105.56 elbow_flex.pos=+84.63 wrist_flex.pos=+75.61 wrist_roll.pos=-1.53 gripper.pos=-0.26
DEBUG 2026-09-03 09:30:14 [action #371] t=15.12s step=370 queue=2 dmax=1.146 | shoulder_pan.pos=-3.71 shoulder_lift.pos=-105.77 elbow_flex.pos=+85.29 wrist_flex.pos=+76.76 wrist_roll.pos=-1.53 gripper.pos=-0.08
DEBUG 2026-09-03 09:30:14 [action #372] t=15.16s step=371 queue=1 dmax=0.845 | shoulder_pan.pos=-3.51 shoulder_lift.pos=-106.61 elbow_flex.pos=+85.11 wrist_flex.pos=+77.60 wrist_roll.pos=-1.35 gripper.pos=+0.06
DEBUG 2026-09-03 09:30:14 [chunk] received 50 actions, timesteps 346..395 | first: shoulder_pan.pos=-4.43 shoulder_lift.pos=-98.16 elbow_flex.pos=+78.64 wrist_flex.pos=+64.88 wrist_roll.pos=-0.16 gripper.pos=+1.59 | last: shoulder_pan.pos=-6.70 shoulder_lift.pos=-25.63 elbow_flex.pos=+27.41 wrist_flex.pos=+70.06 wrist_roll.pos=-2.18 gripper.pos=+1.39
DEBUG 2026-09-03 09:30:14 [action #373] t=15.19s step=372 queue=24 dmax=25.497 | shoulder_pan.pos=-6.56 shoulder_lift.pos=-81.12 elbow_flex.pos=+67.50 wrist_flex.pos=+72.65 wrist_roll.pos=-1.19 gripper.pos=+1.06
DEBUG 2026-09-03 09:30:14 [action #374] t=15.22s step=373 queue=23 dmax=3.493 | shoulder_pan.pos=-6.64 shoulder_lift.pos=-77.62 elbow_flex.pos=+64.07 wrist_flex.pos=+72.20 wrist_roll.pos=-1.17 gripper.pos=+1.09
DEBUG 2026-09-03 09:30:14 [action #375] t=15.26s step=374 queue=22 dmax=3.909 | shoulder_pan.pos=-6.99 shoulder_lift.pos=-73.71 elbow_flex.pos=+61.21 wrist_flex.pos=+71.94 wrist_roll.pos=-1.48 gripper.pos=+1.08
DEBUG 2026-09-03 09:30:14 [action #376] t=15.29s step=375 queue=21 dmax=4.129 | shoulder_pan.pos=-6.77 shoulder_lift.pos=-69.58 elbow_flex.pos=+58.88 wrist_flex.pos=+71.88 wrist_roll.pos=-1.72 gripper.pos=+1.03
DEBUG 2026-09-03 09:30:14 [action #377] t=15.32s step=376 queue=20 dmax=4.100 | shoulder_pan.pos=-6.69 shoulder_lift.pos=-65.48 elbow_flex.pos=+55.89 wrist_flex.pos=+71.71 wrist_roll.pos=-1.92 gripper.pos=+1.08
DEBUG 2026-09-03 09:30:14 [action #378] t=15.36s step=377 queue=19 dmax=3.847 | shoulder_pan.pos=-6.72 shoulder_lift.pos=-61.64 elbow_flex.pos=+53.37 wrist_flex.pos=+71.34 wrist_roll.pos=-1.94 gripper.pos=+1.13
DEBUG 2026-09-03 09:30:14 [action #379] t=15.39s step=378 queue=18 dmax=2.906 | shoulder_pan.pos=-6.59 shoulder_lift.pos=-59.22 elbow_flex.pos=+50.46 wrist_flex.pos=+71.27 wrist_roll.pos=-2.12 gripper.pos=+0.90
DEBUG 2026-09-03 09:30:14 [action #380] t=15.42s step=379 queue=17 dmax=3.890 | shoulder_pan.pos=-6.66 shoulder_lift.pos=-55.33 elbow_flex.pos=+48.68 wrist_flex.pos=+71.24 wrist_roll.pos=-2.04 gripper.pos=+1.10
DEBUG 2026-09-03 09:30:14 [action #381] t=15.46s step=380 queue=16 dmax=3.076 | shoulder_pan.pos=-6.55 shoulder_lift.pos=-52.26 elbow_flex.pos=+46.04 wrist_flex.pos=+71.30 wrist_roll.pos=-2.16 gripper.pos=+1.00
DEBUG 2026-09-03 09:30:14 [action #382] t=15.49s step=381 queue=15 dmax=2.856 | shoulder_pan.pos=-6.84 shoulder_lift.pos=-49.40 elbow_flex.pos=+44.12 wrist_flex.pos=+71.21 wrist_roll.pos=-2.24 gripper.pos=+1.21
DEBUG 2026-09-03 09:30:14 [action #383] t=15.52s step=382 queue=14 dmax=2.650 | shoulder_pan.pos=-6.64 shoulder_lift.pos=-46.75 elbow_flex.pos=+43.03 wrist_flex.pos=+71.05 wrist_roll.pos=-2.23 gripper.pos=+1.01
DEBUG 2026-09-03 09:30:14 [action #384] t=15.56s step=383 queue=13 dmax=2.398 | shoulder_pan.pos=-6.32 shoulder_lift.pos=-44.48 elbow_flex.pos=+40.63 wrist_flex.pos=+70.83 wrist_roll.pos=-2.20 gripper.pos=+0.98
DEBUG 2026-09-03 09:30:14 [action #385] t=15.59s step=384 queue=12 dmax=2.197 | shoulder_pan.pos=-6.75 shoulder_lift.pos=-42.28 elbow_flex.pos=+38.97 wrist_flex.pos=+71.07 wrist_roll.pos=-2.10 gripper.pos=+1.30
DEBUG 2026-09-03 09:30:14 [action #386] t=15.63s step=385 queue=11 dmax=1.478 | shoulder_pan.pos=-6.55 shoulder_lift.pos=-40.80 elbow_flex.pos=+38.02 wrist_flex.pos=+70.82 wrist_roll.pos=-2.24 gripper.pos=+1.16
DEBUG 2026-09-03 09:30:14 [action #387] t=15.66s step=386 queue=10 dmax=1.762 | shoulder_pan.pos=-6.68 shoulder_lift.pos=-39.04 elbow_flex.pos=+37.32 wrist_flex.pos=+70.79 wrist_roll.pos=-2.21 gripper.pos=+1.23
DEBUG 2026-09-03 09:30:14 [action #388] t=15.69s step=387 queue=9 dmax=1.974 | shoulder_pan.pos=-6.58 shoulder_lift.pos=-37.13 elbow_flex.pos=+35.35 wrist_flex.pos=+70.69 wrist_roll.pos=-2.15 gripper.pos=+1.17
DEBUG 2026-09-03 09:30:14 [action #389] t=15.73s step=388 queue=8 dmax=1.080 | shoulder_pan.pos=-6.21 shoulder_lift.pos=-36.05 elbow_flex.pos=+34.35 wrist_flex.pos=+70.69 wrist_roll.pos=-2.05 gripper.pos=+1.19
DEBUG 2026-09-03 09:30:14 [action #390] t=15.76s step=389 queue=7 dmax=1.910 | shoulder_pan.pos=-6.57 shoulder_lift.pos=-34.14 elbow_flex.pos=+33.04 wrist_flex.pos=+70.68 wrist_roll.pos=-2.23 gripper.pos=+1.43
DEBUG 2026-09-03 09:30:14 [action #391] t=15.79s step=390 queue=6 dmax=1.580 | shoulder_pan.pos=-6.55 shoulder_lift.pos=-32.56 elbow_flex.pos=+31.54 wrist_flex.pos=+70.63 wrist_roll.pos=-2.19 gripper.pos=+1.33
DEBUG 2026-09-03 09:30:15 [action #392] t=15.83s step=391 queue=5 dmax=1.686 | shoulder_pan.pos=-6.70 shoulder_lift.pos=-30.88 elbow_flex.pos=+31.25 wrist_flex.pos=+70.21 wrist_roll.pos=-2.15 gripper.pos=+1.34
DEBUG 2026-09-03 09:30:15 [action #393] t=15.86s step=392 queue=4 dmax=1.477 | shoulder_pan.pos=-6.95 shoulder_lift.pos=-29.40 elbow_flex.pos=+29.87 wrist_flex.pos=+70.34 wrist_roll.pos=-2.29 gripper.pos=+1.20
DEBUG 2026-09-03 09:30:15 [action #394] t=15.89s step=393 queue=3 dmax=1.241 | shoulder_pan.pos=-6.46 shoulder_lift.pos=-28.16 elbow_flex.pos=+29.28 wrist_flex.pos=+70.17 wrist_roll.pos=-2.26 gripper.pos=+1.10
DEBUG 2026-09-03 09:30:15 [action #395] t=15.93s step=394 queue=2 dmax=1.326 | shoulder_pan.pos=-6.76 shoulder_lift.pos=-27.39 elbow_flex.pos=+27.95 wrist_flex.pos=+70.16 wrist_roll.pos=-2.23 gripper.pos=+1.25
DEBUG 2026-09-03 09:30:15 [action #396] t=15.96s step=395 queue=1 dmax=1.762 | shoulder_pan.pos=-6.70 shoulder_lift.pos=-25.63 elbow_flex.pos=+27.41 wrist_flex.pos=+70.06 wrist_roll.pos=-2.18 gripper.pos=+1.39
DEBUG 2026-09-03 09:30:15 [chunk] received 50 actions, timesteps 371..420 | first: shoulder_pan.pos=-3.50 shoulder_lift.pos=-102.11 elbow_flex.pos=+85.55 wrist_flex.pos=+74.99 wrist_roll.pos=-1.24 gripper.pos=-0.07 | last: shoulder_pan.pos=-4.22 shoulder_lift.pos=-101.85 elbow_flex.pos=+86.14 wrist_flex.pos=+76.92 wrist_roll.pos=-3.23 gripper.pos=-0.15
DEBUG 2026-09-03 09:30:15 [action #397] t=16.13s step=396 queue=25 dmax=76.475 | shoulder_pan.pos=-3.85 shoulder_lift.pos=-102.10 elbow_flex.pos=+85.22 wrist_flex.pos=+77.00 wrist_roll.pos=-3.48 gripper.pos=-0.18
DEBUG 2026-09-03 09:30:15 [action #398] t=16.16s step=397 queue=24 dmax=0.507 | shoulder_pan.pos=-3.94 shoulder_lift.pos=-101.60 elbow_flex.pos=+85.36 wrist_flex.pos=+77.02 wrist_roll.pos=-3.45 gripper.pos=-0.10
DEBUG 2026-09-03 09:30:15 [action #399] t=16.19s step=398 queue=23 dmax=0.587 | shoulder_pan.pos=-3.83 shoulder_lift.pos=-102.18 elbow_flex.pos=+85.82 wrist_flex.pos=+77.05 wrist_roll.pos=-3.44 gripper.pos=-0.18
DEBUG 2026-09-03 09:30:15 [action #400] t=16.23s step=399 queue=22 dmax=0.582 | shoulder_pan.pos=-3.98 shoulder_lift.pos=-101.68 elbow_flex.pos=+85.24 wrist_flex.pos=+77.06 wrist_roll.pos=-3.34 gripper.pos=-0.19
DEBUG 2026-09-03 09:30:15 [action #401] t=16.26s step=400 queue=21 dmax=0.212 | shoulder_pan.pos=-3.90 shoulder_lift.pos=-101.83 elbow_flex.pos=+85.45 wrist_flex.pos=+77.04 wrist_roll.pos=-3.23 gripper.pos=-0.17
DEBUG 2026-09-03 09:30:15 [action #402] t=16.29s step=401 queue=20 dmax=0.160 | shoulder_pan.pos=-3.91 shoulder_lift.pos=-101.67 elbow_flex.pos=+85.41 wrist_flex.pos=+77.09 wrist_roll.pos=-3.18 gripper.pos=-0.21
DEBUG 2026-09-03 09:30:15 [action #403] t=16.33s step=402 queue=19 dmax=0.616 | shoulder_pan.pos=-3.95 shoulder_lift.pos=-102.28 elbow_flex.pos=+85.66 wrist_flex.pos=+77.00 wrist_roll.pos=-3.27 gripper.pos=-0.16
DEBUG 2026-09-03 09:30:15 [action #404] t=16.36s step=403 queue=18 dmax=0.497 | shoulder_pan.pos=-3.76 shoulder_lift.pos=-101.78 elbow_flex.pos=+85.24 wrist_flex.pos=+77.10 wrist_roll.pos=-3.20 gripper.pos=-0.10
DEBUG 2026-09-03 09:30:15 [action #405] t=16.39s step=404 queue=17 dmax=0.273 | shoulder_pan.pos=-4.03 shoulder_lift.pos=-101.94 elbow_flex.pos=+85.48 wrist_flex.pos=+77.14 wrist_roll.pos=-3.24 gripper.pos=-0.11
DEBUG 2026-09-03 09:30:15 [action #406] t=16.43s step=405 queue=16 dmax=0.327 | shoulder_pan.pos=-3.93 shoulder_lift.pos=-102.26 elbow_flex.pos=+85.29 wrist_flex.pos=+77.16 wrist_roll.pos=-3.23 gripper.pos=-0.12
DEBUG 2026-09-03 09:30:15 [action #407] t=16.46s step=406 queue=15 dmax=0.113 | shoulder_pan.pos=-3.97 shoulder_lift.pos=-102.20 elbow_flex.pos=+85.29 wrist_flex.pos=+77.05 wrist_roll.pos=-3.28 gripper.pos=-0.07
DEBUG 2026-09-03 09:30:15 [action #408] t=16.50s step=407 queue=14 dmax=0.345 | shoulder_pan.pos=-3.62 shoulder_lift.pos=-102.31 elbow_flex.pos=+85.35 wrist_flex.pos=+77.01 wrist_roll.pos=-3.24 gripper.pos=-0.18
DEBUG 2026-09-03 09:30:15 [action #409] t=16.53s step=408 queue=13 dmax=0.311 | shoulder_pan.pos=-3.88 shoulder_lift.pos=-102.15 elbow_flex.pos=+85.66 wrist_flex.pos=+77.03 wrist_roll.pos=-3.24 gripper.pos=-0.11
DEBUG 2026-09-03 09:30:15 [action #410] t=16.56s step=409 queue=12 dmax=0.194 | shoulder_pan.pos=-3.97 shoulder_lift.pos=-102.01 elbow_flex.pos=+85.47 wrist_flex.pos=+77.01 wrist_roll.pos=-3.21 gripper.pos=-0.22
DEBUG 2026-09-03 09:30:15 [action #411] t=16.60s step=410 queue=11 dmax=0.330 | shoulder_pan.pos=-3.90 shoulder_lift.pos=-101.68 elbow_flex.pos=+85.50 wrist_flex.pos=+77.03 wrist_roll.pos=-3.20 gripper.pos=-0.15
DEBUG 2026-09-03 09:30:15 [action #412] t=16.63s step=411 queue=10 dmax=0.627 | shoulder_pan.pos=-4.04 shoulder_lift.pos=-102.30 elbow_flex.pos=+85.45 wrist_flex.pos=+77.05 wrist_roll.pos=-3.28 gripper.pos=-0.07
DEBUG 2026-09-03 09:30:15 [action #413] t=16.66s step=412 queue=9 dmax=0.580 | shoulder_pan.pos=-4.14 shoulder_lift.pos=-101.72 elbow_flex.pos=+85.81 wrist_flex.pos=+77.12 wrist_roll.pos=-3.28 gripper.pos=-0.13
DEBUG 2026-09-03 09:30:15 [action #414] t=16.70s step=413 queue=8 dmax=0.563 | shoulder_pan.pos=-4.03 shoulder_lift.pos=-101.56 elbow_flex.pos=+85.25 wrist_flex.pos=+77.03 wrist_roll.pos=-3.20 gripper.pos=-0.06
DEBUG 2026-09-03 09:30:15 [action #415] t=16.73s step=414 queue=7 dmax=0.396 | shoulder_pan.pos=-4.14 shoulder_lift.pos=-101.55 elbow_flex.pos=+85.64 wrist_flex.pos=+77.00 wrist_roll.pos=-3.18 gripper.pos=-0.13
DEBUG 2026-09-03 09:30:15 [action #416] t=16.76s step=415 queue=6 dmax=0.211 | shoulder_pan.pos=-3.98 shoulder_lift.pos=-101.42 elbow_flex.pos=+85.85 wrist_flex.pos=+76.94 wrist_roll.pos=-3.24 gripper.pos=-0.15
DEBUG 2026-09-03 09:30:15 [action #417] t=16.80s step=416 queue=5 dmax=0.327 | shoulder_pan.pos=-4.02 shoulder_lift.pos=-101.75 elbow_flex.pos=+85.66 wrist_flex.pos=+77.07 wrist_roll.pos=-3.33 gripper.pos=-0.11
DEBUG 2026-09-03 09:30:16 [action #418] t=16.83s step=417 queue=4 dmax=0.129 | shoulder_pan.pos=-4.15 shoulder_lift.pos=-101.80 elbow_flex.pos=+85.54 wrist_flex.pos=+77.05 wrist_roll.pos=-3.24 gripper.pos=-0.15
DEBUG 2026-09-03 09:30:16 [action #419] t=16.86s step=418 queue=3 dmax=0.563 | shoulder_pan.pos=-4.17 shoulder_lift.pos=-101.72 elbow_flex.pos=+86.10 wrist_flex.pos=+76.98 wrist_roll.pos=-3.24 gripper.pos=-0.09
DEBUG 2026-09-03 09:30:16 [action #420] t=16.90s step=419 queue=2 dmax=0.553 | shoulder_pan.pos=-4.21 shoulder_lift.pos=-101.52 elbow_flex.pos=+85.55 wrist_flex.pos=+77.07 wrist_roll.pos=-3.24 gripper.pos=-0.11
DEBUG 2026-09-03 09:30:16 [action #421] t=16.93s step=420 queue=1 dmax=0.592 | shoulder_pan.pos=-4.22 shoulder_lift.pos=-101.85 elbow_flex.pos=+86.14 wrist_flex.pos=+76.92 wrist_roll.pos=-3.23 gripper.pos=-0.15
DEBUG 2026-09-03 09:30:16 [chunk] received 50 actions, timesteps 395..444 | first: shoulder_pan.pos=-7.05 shoulder_lift.pos=-24.99 elbow_flex.pos=+28.04 wrist_flex.pos=+70.38 wrist_roll.pos=-1.55 gripper.pos=+1.38 | last: shoulder_pan.pos=-8.03 shoulder_lift.pos=+19.14 elbow_flex.pos=-10.09 wrist_flex.pos=+79.53 wrist_roll.pos=-1.77 gripper.pos=+31.39
INFO 2026-09-03 09:30:22 Final action sent: shoulder_pan.pos=-4.22 shoulder_lift.pos=-101.85 elbow_flex.pos=+86.14 wrist_flex.pos=+76.92 wrist_roll.pos=-3.23 gripper.pos=-0.15
DEBUG 2026-09-03 09:30:22 === episode end | 22.9s | converged=True | actions=421 ===
