DEBUG 2026-09-03 09:23:58 === episode start | task: 'put the box on the tray' | duration: 50.0s ===
DEBUG 2026-09-03 09:23:58 [chunk] dropped stale chunk (ts0=517 > max_sent=0)
DEBUG 2026-09-03 09:23:59 [chunk] received 50 actions, timesteps 0..49 | first: shoulder_pan.pos=-4.38 shoulder_lift.pos=-102.44 elbow_flex.pos=+87.96 wrist_flex.pos=+76.20 wrist_roll.pos=-1.10 gripper.pos=+0.95 | last: shoulder_pan.pos=-4.14 shoulder_lift.pos=-101.90 elbow_flex.pos=+87.07 wrist_flex.pos=+76.52 wrist_roll.pos=-1.21 gripper.pos=+1.12
DEBUG 2026-09-03 09:23:59 [action #1] t=1.94s step=0 queue=50 dmax=n/a | shoulder_pan.pos=-4.38 shoulder_lift.pos=-102.44 elbow_flex.pos=+87.96 wrist_flex.pos=+76.20 wrist_roll.pos=-1.10 gripper.pos=+0.95
DEBUG 2026-09-03 09:23:59 [action #2] t=1.97s step=1 queue=49 dmax=1.539 | shoulder_pan.pos=-4.34 shoulder_lift.pos=-100.90 elbow_flex.pos=+87.99 wrist_flex.pos=+76.14 wrist_roll.pos=-1.21 gripper.pos=+0.87
DEBUG 2026-09-03 09:24:00 [action #3] t=2.01s step=2 queue=48 dmax=1.114 | shoulder_pan.pos=-4.10 shoulder_lift.pos=-102.01 elbow_flex.pos=+88.54 wrist_flex.pos=+76.30 wrist_roll.pos=-1.01 gripper.pos=+1.00
DEBUG 2026-09-03 09:24:00 [action #4] t=2.04s step=3 queue=47 dmax=0.287 | shoulder_pan.pos=-4.15 shoulder_lift.pos=-102.30 elbow_flex.pos=+88.27 wrist_flex.pos=+76.46 wrist_roll.pos=-1.02 gripper.pos=+0.99
DEBUG 2026-09-03 09:24:00 [action #5] t=2.07s step=4 queue=46 dmax=0.824 | shoulder_pan.pos=-4.17 shoulder_lift.pos=-101.47 elbow_flex.pos=+87.99 wrist_flex.pos=+76.53 wrist_roll.pos=-1.03 gripper.pos=+0.92
DEBUG 2026-09-03 09:24:00 [action #6] t=2.11s step=5 queue=45 dmax=0.347 | shoulder_pan.pos=-4.03 shoulder_lift.pos=-101.82 elbow_flex.pos=+88.22 wrist_flex.pos=+76.51 wrist_roll.pos=-1.15 gripper.pos=+0.93
DEBUG 2026-09-03 09:24:00 [action #7] t=2.14s step=6 queue=44 dmax=0.443 | shoulder_pan.pos=-4.09 shoulder_lift.pos=-101.76 elbow_flex.pos=+88.66 wrist_flex.pos=+76.35 wrist_roll.pos=-1.08 gripper.pos=+0.97
DEBUG 2026-09-03 09:24:00 [action #8] t=2.17s step=7 queue=43 dmax=0.274 | shoulder_pan.pos=-4.02 shoulder_lift.pos=-102.02 elbow_flex.pos=+88.39 wrist_flex.pos=+76.62 wrist_roll.pos=-1.03 gripper.pos=+1.03
DEBUG 2026-09-03 09:24:00 [action #9] t=2.21s step=8 queue=42 dmax=0.270 | shoulder_pan.pos=-4.02 shoulder_lift.pos=-101.86 elbow_flex.pos=+88.12 wrist_flex.pos=+76.81 wrist_roll.pos=-1.03 gripper.pos=+0.95
DEBUG 2026-09-03 09:24:00 [action #10] t=2.24s step=9 queue=41 dmax=0.210 | shoulder_pan.pos=-3.87 shoulder_lift.pos=-101.65 elbow_flex.pos=+88.30 wrist_flex.pos=+76.83 wrist_roll.pos=-1.07 gripper.pos=+0.91
DEBUG 2026-09-03 09:24:00 [action #11] t=2.27s step=10 queue=40 dmax=0.423 | shoulder_pan.pos=-3.80 shoulder_lift.pos=-101.88 elbow_flex.pos=+88.73 wrist_flex.pos=+76.64 wrist_roll.pos=-1.10 gripper.pos=+0.93
DEBUG 2026-09-03 09:24:00 [action #12] t=2.31s step=11 queue=39 dmax=0.451 | shoulder_pan.pos=-3.89 shoulder_lift.pos=-102.33 elbow_flex.pos=+88.37 wrist_flex.pos=+76.50 wrist_roll.pos=-1.02 gripper.pos=+1.05
DEBUG 2026-09-03 09:24:00 [action #13] t=2.34s step=12 queue=38 dmax=0.192 | shoulder_pan.pos=-3.89 shoulder_lift.pos=-102.19 elbow_flex.pos=+88.35 wrist_flex.pos=+76.42 wrist_roll.pos=-1.06 gripper.pos=+0.86
DEBUG 2026-09-03 09:24:00 [action #14] t=2.37s step=13 queue=37 dmax=0.294 | shoulder_pan.pos=-4.01 shoulder_lift.pos=-102.02 elbow_flex.pos=+88.05 wrist_flex.pos=+76.51 wrist_roll.pos=-1.10 gripper.pos=+0.93
DEBUG 2026-09-03 09:24:00 [action #15] t=2.41s step=14 queue=36 dmax=0.106 | shoulder_pan.pos=-3.99 shoulder_lift.pos=-102.05 elbow_flex.pos=+87.95 wrist_flex.pos=+76.55 wrist_roll.pos=-1.10 gripper.pos=+0.96
DEBUG 2026-09-03 09:24:00 [action #16] t=2.44s step=15 queue=35 dmax=0.123 | shoulder_pan.pos=-3.89 shoulder_lift.pos=-102.17 elbow_flex.pos=+88.00 wrist_flex.pos=+76.67 wrist_roll.pos=-1.02 gripper.pos=+1.05
DEBUG 2026-09-03 09:24:00 [action #17] t=2.47s step=16 queue=34 dmax=0.349 | shoulder_pan.pos=-4.24 shoulder_lift.pos=-102.14 elbow_flex.pos=+87.83 wrist_flex.pos=+76.53 wrist_roll.pos=-1.14 gripper.pos=+0.98
DEBUG 2026-09-03 09:24:00 [action #18] t=2.51s step=17 queue=33 dmax=0.175 | shoulder_pan.pos=-4.14 shoulder_lift.pos=-102.25 elbow_flex.pos=+88.00 wrist_flex.pos=+76.51 wrist_roll.pos=-1.09 gripper.pos=+1.03
DEBUG 2026-09-03 09:24:00 [action #19] t=2.54s step=18 queue=32 dmax=0.426 | shoulder_pan.pos=-3.88 shoulder_lift.pos=-101.82 elbow_flex.pos=+87.80 wrist_flex.pos=+76.46 wrist_roll.pos=-1.02 gripper.pos=+1.07
DEBUG 2026-09-03 09:24:00 [action #20] t=2.57s step=19 queue=31 dmax=0.290 | shoulder_pan.pos=-4.01 shoulder_lift.pos=-102.06 elbow_flex.pos=+87.51 wrist_flex.pos=+76.36 wrist_roll.pos=-1.14 gripper.pos=+1.03
DEBUG 2026-09-03 09:24:00 [action #21] t=2.61s step=20 queue=30 dmax=0.671 | shoulder_pan.pos=-4.20 shoulder_lift.pos=-102.14 elbow_flex.pos=+88.19 wrist_flex.pos=+76.37 wrist_roll.pos=-1.08 gripper.pos=+1.13
DEBUG 2026-09-03 09:24:00 [action #22] t=2.64s step=21 queue=29 dmax=0.331 | shoulder_pan.pos=-4.02 shoulder_lift.pos=-102.31 elbow_flex.pos=+88.52 wrist_flex.pos=+76.37 wrist_roll.pos=-1.11 gripper.pos=+0.93
DEBUG 2026-09-03 09:24:00 [action #23] t=2.67s step=22 queue=28 dmax=0.188 | shoulder_pan.pos=-4.06 shoulder_lift.pos=-102.29 elbow_flex.pos=+88.50 wrist_flex.pos=+76.43 wrist_roll.pos=-1.03 gripper.pos=+0.74
DEBUG 2026-09-03 09:24:00 [action #24] t=2.71s step=23 queue=27 dmax=0.736 | shoulder_pan.pos=-3.90 shoulder_lift.pos=-102.35 elbow_flex.pos=+87.77 wrist_flex.pos=+76.27 wrist_roll.pos=-0.99 gripper.pos=+0.87
DEBUG 2026-09-03 09:24:00 [action #25] t=2.74s step=24 queue=26 dmax=0.238 | shoulder_pan.pos=-3.94 shoulder_lift.pos=-102.11 elbow_flex.pos=+87.83 wrist_flex.pos=+76.35 wrist_roll.pos=-0.98 gripper.pos=+0.85
DEBUG 2026-09-03 09:24:00 [action #26] t=2.78s step=25 queue=25 dmax=0.135 | shoulder_pan.pos=-3.91 shoulder_lift.pos=-102.05 elbow_flex.pos=+87.93 wrist_flex.pos=+76.29 wrist_roll.pos=-0.99 gripper.pos=+0.72
DEBUG 2026-09-03 09:24:00 [action #27] t=2.81s step=26 queue=24 dmax=0.359 | shoulder_pan.pos=-3.92 shoulder_lift.pos=-102.41 elbow_flex.pos=+87.70 wrist_flex.pos=+76.37 wrist_roll.pos=-1.02 gripper.pos=+0.76
DEBUG 2026-09-03 09:24:00 [action #28] t=2.84s step=27 queue=23 dmax=0.719 | shoulder_pan.pos=-3.99 shoulder_lift.pos=-101.69 elbow_flex.pos=+88.04 wrist_flex.pos=+76.32 wrist_roll.pos=-0.99 gripper.pos=+0.80
DEBUG 2026-09-03 09:24:00 [action #29] t=2.88s step=28 queue=22 dmax=0.478 | shoulder_pan.pos=-3.92 shoulder_lift.pos=-102.17 elbow_flex.pos=+87.64 wrist_flex.pos=+76.35 wrist_roll.pos=-0.99 gripper.pos=+0.77
DEBUG 2026-09-03 09:24:00 [action #30] t=2.91s step=29 queue=21 dmax=0.258 | shoulder_pan.pos=-4.10 shoulder_lift.pos=-102.11 elbow_flex.pos=+87.90 wrist_flex.pos=+76.41 wrist_roll.pos=-1.05 gripper.pos=+0.82
DEBUG 2026-09-03 09:24:00 [action #31] t=2.94s step=30 queue=20 dmax=0.889 | shoulder_pan.pos=-4.16 shoulder_lift.pos=-102.27 elbow_flex.pos=+87.01 wrist_flex.pos=+76.34 wrist_roll.pos=-1.04 gripper.pos=+0.75
DEBUG 2026-09-03 09:24:00 [action #32] t=2.98s step=31 queue=19 dmax=0.766 | shoulder_pan.pos=-3.92 shoulder_lift.pos=-101.56 elbow_flex.pos=+87.78 wrist_flex.pos=+76.40 wrist_roll.pos=-1.01 gripper.pos=+0.94
DEBUG 2026-09-03 09:24:01 [action #33] t=3.01s step=32 queue=18 dmax=0.511 | shoulder_pan.pos=-3.91 shoulder_lift.pos=-102.07 elbow_flex.pos=+87.58 wrist_flex.pos=+76.33 wrist_roll.pos=-0.99 gripper.pos=+0.93
DEBUG 2026-09-03 09:24:01 [chunk] received 50 actions, timesteps 3..52 | first: shoulder_pan.pos=-3.97 shoulder_lift.pos=-102.01 elbow_flex.pos=+88.50 wrist_flex.pos=+76.94 wrist_roll.pos=-1.28 gripper.pos=+0.94 | last: shoulder_pan.pos=-4.02 shoulder_lift.pos=-100.89 elbow_flex.pos=+87.38 wrist_flex.pos=+76.66 wrist_roll.pos=-1.37 gripper.pos=+0.91
DEBUG 2026-09-03 09:24:01 [action #34] t=3.04s step=33 queue=20 dmax=0.579 | shoulder_pan.pos=-3.78 shoulder_lift.pos=-101.78 elbow_flex.pos=+88.01 wrist_flex.pos=+76.91 wrist_roll.pos=-1.28 gripper.pos=+0.82
DEBUG 2026-09-03 09:24:01 [action #35] t=3.08s step=34 queue=19 dmax=0.173 | shoulder_pan.pos=-3.85 shoulder_lift.pos=-101.68 elbow_flex.pos=+88.15 wrist_flex.pos=+76.82 wrist_roll.pos=-1.28 gripper.pos=+0.99
DEBUG 2026-09-03 09:24:01 [action #36] t=3.11s step=35 queue=18 dmax=0.171 | shoulder_pan.pos=-3.92 shoulder_lift.pos=-101.78 elbow_flex.pos=+87.98 wrist_flex.pos=+76.74 wrist_roll.pos=-1.25 gripper.pos=+0.88
DEBUG 2026-09-03 09:24:01 [action #37] t=3.14s step=36 queue=17 dmax=0.103 | shoulder_pan.pos=-3.94 shoulder_lift.pos=-101.80 elbow_flex.pos=+88.09 wrist_flex.pos=+76.78 wrist_roll.pos=-1.31 gripper.pos=+0.82
DEBUG 2026-09-03 09:24:01 [action #38] t=3.18s step=37 queue=16 dmax=0.153 | shoulder_pan.pos=-3.79 shoulder_lift.pos=-101.92 elbow_flex.pos=+88.00 wrist_flex.pos=+76.89 wrist_roll.pos=-1.27 gripper.pos=+0.83
DEBUG 2026-09-03 09:24:01 [action #39] t=3.21s step=38 queue=15 dmax=0.146 | shoulder_pan.pos=-3.76 shoulder_lift.pos=-101.93 elbow_flex.pos=+87.85 wrist_flex.pos=+76.79 wrist_roll.pos=-1.30 gripper.pos=+0.89
DEBUG 2026-09-03 09:24:01 [action #40] t=3.24s step=39 queue=14 dmax=0.251 | shoulder_pan.pos=-3.84 shoulder_lift.pos=-102.18 elbow_flex.pos=+87.82 wrist_flex.pos=+76.86 wrist_roll.pos=-1.26 gripper.pos=+0.89
DEBUG 2026-09-03 09:24:01 [action #41] t=3.28s step=40 queue=13 dmax=0.219 | shoulder_pan.pos=-3.79 shoulder_lift.pos=-101.96 elbow_flex.pos=+87.80 wrist_flex.pos=+76.81 wrist_roll.pos=-1.28 gripper.pos=+0.93
DEBUG 2026-09-03 09:24:01 [action #42] t=3.31s step=41 queue=12 dmax=0.249 | shoulder_pan.pos=-3.82 shoulder_lift.pos=-101.71 elbow_flex.pos=+87.73 wrist_flex.pos=+76.87 wrist_roll.pos=-1.33 gripper.pos=+0.83
DEBUG 2026-09-03 09:24:01 [action #43] t=3.34s step=42 queue=11 dmax=0.269 | shoulder_pan.pos=-3.88 shoulder_lift.pos=-101.73 elbow_flex.pos=+87.46 wrist_flex.pos=+76.74 wrist_roll.pos=-1.35 gripper.pos=+0.82
DEBUG 2026-09-03 09:24:01 [action #44] t=3.38s step=43 queue=10 dmax=0.121 | shoulder_pan.pos=-3.76 shoulder_lift.pos=-101.65 elbow_flex.pos=+87.55 wrist_flex.pos=+76.86 wrist_roll.pos=-1.37 gripper.pos=+0.86
DEBUG 2026-09-03 09:24:01 [action #45] t=3.41s step=44 queue=9 dmax=0.426 | shoulder_pan.pos=-3.90 shoulder_lift.pos=-102.08 elbow_flex.pos=+87.19 wrist_flex.pos=+76.79 wrist_roll.pos=-1.29 gripper.pos=+0.91
DEBUG 2026-09-03 09:24:01 [action #46] t=3.44s step=45 queue=8 dmax=0.324 | shoulder_pan.pos=-3.79 shoulder_lift.pos=-101.75 elbow_flex.pos=+87.27 wrist_flex.pos=+76.82 wrist_roll.pos=-1.36 gripper.pos=+0.87
DEBUG 2026-09-03 09:24:01 [action #47] t=3.48s step=46 queue=7 dmax=0.196 | shoulder_pan.pos=-3.95 shoulder_lift.pos=-101.56 elbow_flex.pos=+87.33 wrist_flex.pos=+76.85 wrist_roll.pos=-1.36 gripper.pos=+0.82
DEBUG 2026-09-03 09:24:01 [action #48] t=3.51s step=47 queue=6 dmax=0.359 | shoulder_pan.pos=-3.90 shoulder_lift.pos=-101.92 elbow_flex.pos=+87.10 wrist_flex.pos=+76.79 wrist_roll.pos=-1.22 gripper.pos=+0.82
DEBUG 2026-09-03 09:24:01 [action #49] t=3.54s step=48 queue=5 dmax=0.350 | shoulder_pan.pos=-4.00 shoulder_lift.pos=-101.57 elbow_flex.pos=+87.22 wrist_flex.pos=+76.88 wrist_roll.pos=-1.31 gripper.pos=+0.96
DEBUG 2026-09-03 09:24:01 [action #50] t=3.58s step=49 queue=4 dmax=0.586 | shoulder_pan.pos=-3.98 shoulder_lift.pos=-102.15 elbow_flex.pos=+87.31 wrist_flex.pos=+76.72 wrist_roll.pos=-1.30 gripper.pos=+0.98
DEBUG 2026-09-03 09:24:01 [action #51] t=3.61s step=50 queue=3 dmax=0.366 | shoulder_pan.pos=-3.81 shoulder_lift.pos=-101.79 elbow_flex.pos=+87.27 wrist_flex.pos=+76.98 wrist_roll.pos=-1.35 gripper.pos=+0.81
DEBUG 2026-09-03 09:24:01 [action #52] t=3.64s step=51 queue=2 dmax=0.309 | shoulder_pan.pos=-3.94 shoulder_lift.pos=-101.48 elbow_flex.pos=+87.36 wrist_flex.pos=+76.79 wrist_roll.pos=-1.37 gripper.pos=+0.84
DEBUG 2026-09-03 09:24:01 [action #53] t=3.68s step=52 queue=1 dmax=0.591 | shoulder_pan.pos=-4.02 shoulder_lift.pos=-100.89 elbow_flex.pos=+87.38 wrist_flex.pos=+76.66 wrist_roll.pos=-1.37 gripper.pos=+0.91
DEBUG 2026-09-03 09:24:02 [chunk] received 50 actions, timesteps 35..84 | first: shoulder_pan.pos=-4.46 shoulder_lift.pos=-102.14 elbow_flex.pos=+87.83 wrist_flex.pos=+75.91 wrist_roll.pos=-1.31 gripper.pos=+0.82 | last: shoulder_pan.pos=-3.90 shoulder_lift.pos=-101.97 elbow_flex.pos=+86.64 wrist_flex.pos=+76.29 wrist_roll.pos=-1.27 gripper.pos=+0.77
DEBUG 2026-09-03 09:24:02 [action #54] t=4.11s step=53 queue=32 dmax=1.378 | shoulder_pan.pos=-4.34 shoulder_lift.pos=-102.27 elbow_flex.pos=+87.99 wrist_flex.pos=+76.23 wrist_roll.pos=-1.36 gripper.pos=+0.75
DEBUG 2026-09-03 09:24:02 [action #55] t=4.15s step=54 queue=31 dmax=0.490 | shoulder_pan.pos=-4.09 shoulder_lift.pos=-101.78 elbow_flex.pos=+87.64 wrist_flex.pos=+76.20 wrist_roll.pos=-1.23 gripper.pos=+0.79
DEBUG 2026-09-03 09:24:02 [action #56] t=4.18s step=55 queue=30 dmax=0.462 | shoulder_pan.pos=-4.04 shoulder_lift.pos=-102.24 elbow_flex.pos=+87.78 wrist_flex.pos=+76.29 wrist_roll.pos=-1.31 gripper.pos=+0.84
DEBUG 2026-09-03 09:24:02 [action #57] t=4.21s step=56 queue=29 dmax=0.420 | shoulder_pan.pos=-4.23 shoulder_lift.pos=-102.12 elbow_flex.pos=+87.36 wrist_flex.pos=+76.41 wrist_roll.pos=-1.30 gripper.pos=+0.69
DEBUG 2026-09-03 09:24:02 [action #58] t=4.25s step=57 queue=28 dmax=0.624 | shoulder_pan.pos=-4.21 shoulder_lift.pos=-102.75 elbow_flex.pos=+87.66 wrist_flex.pos=+76.40 wrist_roll.pos=-1.31 gripper.pos=+0.83
DEBUG 2026-09-03 09:24:02 [action #59] t=4.28s step=58 queue=27 dmax=0.645 | shoulder_pan.pos=-4.08 shoulder_lift.pos=-102.10 elbow_flex.pos=+88.00 wrist_flex.pos=+76.33 wrist_roll.pos=-1.26 gripper.pos=+0.89
DEBUG 2026-09-03 09:24:02 [action #60] t=4.31s step=59 queue=26 dmax=0.582 | shoulder_pan.pos=-4.16 shoulder_lift.pos=-101.75 elbow_flex.pos=+87.41 wrist_flex.pos=+76.35 wrist_roll.pos=-1.31 gripper.pos=+0.93
DEBUG 2026-09-03 09:24:02 [action #61] t=4.35s step=60 queue=25 dmax=0.381 | shoulder_pan.pos=-3.96 shoulder_lift.pos=-102.02 elbow_flex.pos=+87.79 wrist_flex.pos=+76.37 wrist_roll.pos=-1.36 gripper.pos=+1.06
DEBUG 2026-09-03 09:24:02 [action #62] t=4.38s step=61 queue=24 dmax=0.173 | shoulder_pan.pos=-3.92 shoulder_lift.pos=-102.00 elbow_flex.pos=+87.65 wrist_flex.pos=+76.55 wrist_roll.pos=-1.27 gripper.pos=+0.95
DEBUG 2026-09-03 09:24:02 [action #63] t=4.41s step=62 queue=23 dmax=0.308 | shoulder_pan.pos=-3.95 shoulder_lift.pos=-101.69 elbow_flex.pos=+87.52 wrist_flex.pos=+76.36 wrist_roll.pos=-1.32 gripper.pos=+0.90
DEBUG 2026-09-03 09:24:02 [action #64] t=4.45s step=63 queue=22 dmax=0.490 | shoulder_pan.pos=-3.92 shoulder_lift.pos=-101.20 elbow_flex.pos=+87.09 wrist_flex.pos=+76.47 wrist_roll.pos=-1.28 gripper.pos=+0.87
DEBUG 2026-09-03 09:24:02 [action #65] t=4.48s step=64 queue=21 dmax=0.489 | shoulder_pan.pos=-3.72 shoulder_lift.pos=-101.69 elbow_flex.pos=+87.25 wrist_flex.pos=+76.33 wrist_roll.pos=-1.30 gripper.pos=+0.86
DEBUG 2026-09-03 09:24:02 [action #66] t=4.51s step=65 queue=20 dmax=0.672 | shoulder_pan.pos=-4.01 shoulder_lift.pos=-102.36 elbow_flex.pos=+87.30 wrist_flex.pos=+76.37 wrist_roll.pos=-1.28 gripper.pos=+0.91
DEBUG 2026-09-03 09:24:02 [action #67] t=4.55s step=66 queue=19 dmax=0.976 | shoulder_pan.pos=-4.02 shoulder_lift.pos=-102.01 elbow_flex.pos=+88.28 wrist_flex.pos=+76.29 wrist_roll.pos=-1.20 gripper.pos=+0.99
DEBUG 2026-09-03 09:24:02 [action #68] t=4.58s step=67 queue=18 dmax=0.762 | shoulder_pan.pos=-3.90 shoulder_lift.pos=-101.45 elbow_flex.pos=+87.52 wrist_flex.pos=+76.24 wrist_roll.pos=-1.22 gripper.pos=+0.89
DEBUG 2026-09-03 09:24:02 [action #69] t=4.61s step=68 queue=17 dmax=0.609 | shoulder_pan.pos=-4.02 shoulder_lift.pos=-102.05 elbow_flex.pos=+87.54 wrist_flex.pos=+76.29 wrist_roll.pos=-1.30 gripper.pos=+0.86
DEBUG 2026-09-03 09:24:02 [action #70] t=4.65s step=69 queue=16 dmax=0.646 | shoulder_pan.pos=-3.84 shoulder_lift.pos=-101.41 elbow_flex.pos=+87.29 wrist_flex.pos=+76.21 wrist_roll.pos=-1.30 gripper.pos=+0.97
DEBUG 2026-09-03 09:24:02 [action #71] t=4.68s step=70 queue=15 dmax=0.425 | shoulder_pan.pos=-4.09 shoulder_lift.pos=-101.61 elbow_flex.pos=+86.87 wrist_flex.pos=+76.30 wrist_roll.pos=-1.24 gripper.pos=+0.76
DEBUG 2026-09-03 09:24:02 [action #72] t=4.71s step=71 queue=14 dmax=1.139 | shoulder_pan.pos=-3.90 shoulder_lift.pos=-101.51 elbow_flex.pos=+88.01 wrist_flex.pos=+76.31 wrist_roll.pos=-1.27 gripper.pos=+0.91
DEBUG 2026-09-03 09:24:02 [action #73] t=4.75s step=72 queue=13 dmax=1.300 | shoulder_pan.pos=-3.92 shoulder_lift.pos=-101.67 elbow_flex.pos=+86.71 wrist_flex.pos=+76.28 wrist_roll.pos=-1.27 gripper.pos=+0.86
DEBUG 2026-09-03 09:24:02 [action #74] t=4.78s step=73 queue=12 dmax=0.527 | shoulder_pan.pos=-4.01 shoulder_lift.pos=-102.11 elbow_flex.pos=+87.24 wrist_flex.pos=+76.44 wrist_roll.pos=-1.37 gripper.pos=+0.85
DEBUG 2026-09-03 09:24:02 [action #75] t=4.82s step=74 queue=11 dmax=0.473 | shoulder_pan.pos=-4.04 shoulder_lift.pos=-101.64 elbow_flex.pos=+87.32 wrist_flex.pos=+76.31 wrist_roll.pos=-1.28 gripper.pos=+0.82
DEBUG 2026-09-03 09:24:02 [action #76] t=4.85s step=75 queue=10 dmax=0.467 | shoulder_pan.pos=-4.08 shoulder_lift.pos=-101.79 elbow_flex.pos=+86.85 wrist_flex.pos=+76.31 wrist_roll.pos=-1.30 gripper.pos=+0.82
DEBUG 2026-09-03 09:24:02 [action #77] t=4.88s step=76 queue=9 dmax=0.418 | shoulder_pan.pos=-3.99 shoulder_lift.pos=-101.60 elbow_flex.pos=+86.43 wrist_flex.pos=+76.24 wrist_roll.pos=-1.31 gripper.pos=+0.85
DEBUG 2026-09-03 09:24:02 [action #78] t=4.92s step=77 queue=8 dmax=0.700 | shoulder_pan.pos=-4.21 shoulder_lift.pos=-102.30 elbow_flex.pos=+86.21 wrist_flex.pos=+76.34 wrist_roll.pos=-1.43 gripper.pos=+0.82
DEBUG 2026-09-03 09:24:02 [action #79] t=4.95s step=78 queue=7 dmax=0.729 | shoulder_pan.pos=-4.05 shoulder_lift.pos=-101.89 elbow_flex.pos=+86.94 wrist_flex.pos=+76.52 wrist_roll.pos=-1.42 gripper.pos=+0.91
DEBUG 2026-09-03 09:24:03 [action #80] t=4.98s step=79 queue=6 dmax=0.402 | shoulder_pan.pos=-4.19 shoulder_lift.pos=-101.48 elbow_flex.pos=+86.81 wrist_flex.pos=+76.48 wrist_roll.pos=-1.43 gripper.pos=+0.78
DEBUG 2026-09-03 09:24:03 [chunk] received 50 actions, timesteps 52..101 | first: shoulder_pan.pos=-4.12 shoulder_lift.pos=-102.36 elbow_flex.pos=+88.67 wrist_flex.pos=+76.78 wrist_roll.pos=-1.27 gripper.pos=+0.81 | last: shoulder_pan.pos=-4.66 shoulder_lift.pos=-101.62 elbow_flex.pos=+86.31 wrist_flex.pos=+76.23 wrist_roll.pos=-1.30 gripper.pos=+0.84
DEBUG 2026-09-03 09:24:03 [action #81] t=5.02s step=80 queue=22 dmax=0.945 | shoulder_pan.pos=-4.31 shoulder_lift.pos=-102.43 elbow_flex.pos=+87.08 wrist_flex.pos=+76.59 wrist_roll.pos=-1.19 gripper.pos=+0.91
DEBUG 2026-09-03 09:24:03 [action #82] t=5.05s step=81 queue=21 dmax=0.753 | shoulder_pan.pos=-4.27 shoulder_lift.pos=-101.68 elbow_flex.pos=+87.40 wrist_flex.pos=+76.67 wrist_roll.pos=-1.27 gripper.pos=+0.85
DEBUG 2026-09-03 09:24:03 [action #83] t=5.08s step=82 queue=20 dmax=0.346 | shoulder_pan.pos=-4.41 shoulder_lift.pos=-101.59 elbow_flex.pos=+87.05 wrist_flex.pos=+76.52 wrist_roll.pos=-1.25 gripper.pos=+0.74
DEBUG 2026-09-03 09:24:03 [action #84] t=5.12s step=83 queue=19 dmax=0.120 | shoulder_pan.pos=-4.31 shoulder_lift.pos=-101.65 elbow_flex.pos=+87.17 wrist_flex.pos=+76.59 wrist_roll.pos=-1.28 gripper.pos=+0.82
DEBUG 2026-09-03 09:24:03 [action #85] t=5.15s step=84 queue=18 dmax=0.225 | shoulder_pan.pos=-4.48 shoulder_lift.pos=-101.69 elbow_flex.pos=+86.95 wrist_flex.pos=+76.60 wrist_roll.pos=-1.29 gripper.pos=+0.78
DEBUG 2026-09-03 09:24:03 [action #86] t=5.18s step=85 queue=17 dmax=0.472 | shoulder_pan.pos=-4.46 shoulder_lift.pos=-101.90 elbow_flex.pos=+87.31 wrist_flex.pos=+77.07 wrist_roll.pos=-1.16 gripper.pos=+0.78
DEBUG 2026-09-03 09:24:03 [action #87] t=5.22s step=86 queue=16 dmax=0.765 | shoulder_pan.pos=-4.70 shoulder_lift.pos=-102.66 elbow_flex.pos=+87.66 wrist_flex.pos=+76.76 wrist_roll.pos=-1.21 gripper.pos=+0.69
DEBUG 2026-09-03 09:24:03 [action #88] t=5.25s step=87 queue=15 dmax=0.569 | shoulder_pan.pos=-4.45 shoulder_lift.pos=-102.09 elbow_flex.pos=+87.55 wrist_flex.pos=+76.93 wrist_roll.pos=-1.21 gripper.pos=+0.86
DEBUG 2026-09-03 09:24:03 [action #89] t=5.28s step=88 queue=14 dmax=0.578 | shoulder_pan.pos=-4.66 shoulder_lift.pos=-102.05 elbow_flex.pos=+86.97 wrist_flex.pos=+76.73 wrist_roll.pos=-1.26 gripper.pos=+0.76
DEBUG 2026-09-03 09:24:03 [action #90] t=5.32s step=89 queue=13 dmax=0.309 | shoulder_pan.pos=-4.65 shoulder_lift.pos=-102.00 elbow_flex.pos=+87.28 wrist_flex.pos=+76.82 wrist_roll.pos=-1.23 gripper.pos=+0.83
DEBUG 2026-09-03 09:24:03 [action #91] t=5.35s step=90 queue=12 dmax=0.185 | shoulder_pan.pos=-4.69 shoulder_lift.pos=-101.82 elbow_flex.pos=+87.29 wrist_flex.pos=+76.66 wrist_roll.pos=-1.29 gripper.pos=+0.72
DEBUG 2026-09-03 09:24:03 [action #92] t=5.38s step=91 queue=11 dmax=0.249 | shoulder_pan.pos=-4.62 shoulder_lift.pos=-101.57 elbow_flex.pos=+87.36 wrist_flex.pos=+76.71 wrist_roll.pos=-1.30 gripper.pos=+0.81
DEBUG 2026-09-03 09:24:03 [action #93] t=5.42s step=92 queue=10 dmax=0.788 | shoulder_pan.pos=-4.48 shoulder_lift.pos=-102.15 elbow_flex.pos=+86.57 wrist_flex.pos=+76.71 wrist_roll.pos=-1.26 gripper.pos=+0.81
DEBUG 2026-09-03 09:24:03 [action #94] t=5.45s step=93 queue=9 dmax=0.771 | shoulder_pan.pos=-4.48 shoulder_lift.pos=-101.54 elbow_flex.pos=+87.34 wrist_flex.pos=+76.76 wrist_roll.pos=-1.31 gripper.pos=+0.88
DEBUG 2026-09-03 09:24:03 [action #95] t=5.48s step=94 queue=8 dmax=0.636 | shoulder_pan.pos=-4.79 shoulder_lift.pos=-102.17 elbow_flex.pos=+86.70 wrist_flex.pos=+76.58 wrist_roll.pos=-1.34 gripper.pos=+0.86
DEBUG 2026-09-03 09:24:03 [action #96] t=5.52s step=95 queue=7 dmax=0.548 | shoulder_pan.pos=-4.63 shoulder_lift.pos=-101.62 elbow_flex.pos=+87.24 wrist_flex.pos=+76.75 wrist_roll.pos=-1.22 gripper.pos=+0.84
DEBUG 2026-09-03 09:24:03 [action #97] t=5.55s step=96 queue=6 dmax=0.452 | shoulder_pan.pos=-4.60 shoulder_lift.pos=-101.56 elbow_flex.pos=+86.78 wrist_flex.pos=+76.77 wrist_roll.pos=-1.31 gripper.pos=+0.74
DEBUG 2026-09-03 09:24:03 [action #98] t=5.58s step=97 queue=5 dmax=0.219 | shoulder_pan.pos=-4.77 shoulder_lift.pos=-101.34 elbow_flex.pos=+86.93 wrist_flex.pos=+76.69 wrist_roll.pos=-1.24 gripper.pos=+0.77
DEBUG 2026-09-03 09:24:03 [action #99] t=5.62s step=98 queue=4 dmax=0.115 | shoulder_pan.pos=-4.84 shoulder_lift.pos=-101.45 elbow_flex.pos=+86.94 wrist_flex.pos=+76.58 wrist_roll.pos=-1.31 gripper.pos=+0.87
DEBUG 2026-09-03 09:24:03 [action #100] t=5.65s step=99 queue=3 dmax=0.443 | shoulder_pan.pos=-4.88 shoulder_lift.pos=-101.90 elbow_flex.pos=+86.93 wrist_flex.pos=+76.57 wrist_roll.pos=-1.24 gripper.pos=+0.86
DEBUG 2026-09-03 09:24:03 [action #101] t=5.68s step=100 queue=2 dmax=0.438 | shoulder_pan.pos=-4.66 shoulder_lift.pos=-101.46 elbow_flex.pos=+86.56 wrist_flex.pos=+76.70 wrist_roll.pos=-1.25 gripper.pos=+0.82
DEBUG 2026-09-03 09:24:03 [action #102] t=5.72s step=101 queue=1 dmax=0.476 | shoulder_pan.pos=-4.66 shoulder_lift.pos=-101.62 elbow_flex.pos=+86.31 wrist_flex.pos=+76.23 wrist_roll.pos=-1.30 gripper.pos=+0.84
DEBUG 2026-09-03 09:24:04 [chunk] received 50 actions, timesteps 100..149 | first: shoulder_pan.pos=-4.87 shoulder_lift.pos=-101.51 elbow_flex.pos=+87.17 wrist_flex.pos=+76.80 wrist_roll.pos=-0.90 gripper.pos=+0.79 | last: shoulder_pan.pos=-4.65 shoulder_lift.pos=-101.65 elbow_flex.pos=+84.58 wrist_flex.pos=+77.11 wrist_roll.pos=-0.45 gripper.pos=+0.85
DEBUG 2026-09-03 09:24:04 [action #103] t=6.69s step=102 queue=48 dmax=1.614 | shoulder_pan.pos=-5.38 shoulder_lift.pos=-101.60 elbow_flex.pos=+87.92 wrist_flex.pos=+76.87 wrist_roll.pos=-0.67 gripper.pos=+0.73
DEBUG 2026-09-03 09:24:04 [action #104] t=6.72s step=103 queue=47 dmax=0.073 | shoulder_pan.pos=-5.36 shoulder_lift.pos=-101.58 elbow_flex.pos=+87.91 wrist_flex.pos=+76.94 wrist_roll.pos=-0.74 gripper.pos=+0.71
DEBUG 2026-09-03 09:24:04 [action #105] t=6.76s step=104 queue=46 dmax=0.545 | shoulder_pan.pos=-5.37 shoulder_lift.pos=-102.12 elbow_flex.pos=+87.77 wrist_flex.pos=+76.92 wrist_roll.pos=-0.75 gripper.pos=+0.79
DEBUG 2026-09-03 09:24:04 [action #106] t=6.79s step=105 queue=45 dmax=0.210 | shoulder_pan.pos=-5.22 shoulder_lift.pos=-101.91 elbow_flex.pos=+87.85 wrist_flex.pos=+77.01 wrist_roll.pos=-0.61 gripper.pos=+0.69
DEBUG 2026-09-03 09:24:04 [action #107] t=6.82s step=106 queue=44 dmax=0.204 | shoulder_pan.pos=-5.42 shoulder_lift.pos=-101.83 elbow_flex.pos=+87.78 wrist_flex.pos=+76.83 wrist_roll.pos=-0.76 gripper.pos=+0.67
DEBUG 2026-09-03 09:24:04 [action #108] t=6.86s step=107 queue=43 dmax=0.251 | shoulder_pan.pos=-5.36 shoulder_lift.pos=-102.08 elbow_flex.pos=+87.77 wrist_flex.pos=+76.74 wrist_roll.pos=-0.79 gripper.pos=+0.70
DEBUG 2026-09-03 09:24:04 [action #109] t=6.89s step=108 queue=42 dmax=0.139 | shoulder_pan.pos=-5.24 shoulder_lift.pos=-101.98 elbow_flex.pos=+87.82 wrist_flex.pos=+76.75 wrist_roll.pos=-0.83 gripper.pos=+0.84
DEBUG 2026-09-03 09:24:04 [action #110] t=6.92s step=109 queue=41 dmax=0.247 | shoulder_pan.pos=-5.30 shoulder_lift.pos=-101.74 elbow_flex.pos=+87.61 wrist_flex.pos=+76.69 wrist_roll.pos=-0.82 gripper.pos=+0.90
DEBUG 2026-09-03 09:24:04 [action #111] t=6.96s step=110 queue=40 dmax=0.490 | shoulder_pan.pos=-5.48 shoulder_lift.pos=-101.84 elbow_flex.pos=+88.10 wrist_flex.pos=+76.71 wrist_roll.pos=-0.83 gripper.pos=+0.76
DEBUG 2026-09-03 09:24:05 [action #112] t=6.99s step=111 queue=39 dmax=0.704 | shoulder_pan.pos=-5.27 shoulder_lift.pos=-102.09 elbow_flex.pos=+87.39 wrist_flex.pos=+76.73 wrist_roll.pos=-0.84 gripper.pos=+0.86
DEBUG 2026-09-03 09:24:05 [action #113] t=7.02s step=112 queue=38 dmax=0.790 | shoulder_pan.pos=-5.16 shoulder_lift.pos=-101.30 elbow_flex.pos=+87.79 wrist_flex.pos=+76.62 wrist_roll.pos=-0.77 gripper.pos=+0.91
DEBUG 2026-09-03 09:24:05 [action #114] t=7.06s step=113 queue=37 dmax=0.613 | shoulder_pan.pos=-5.30 shoulder_lift.pos=-101.91 elbow_flex.pos=+87.23 wrist_flex.pos=+76.57 wrist_roll.pos=-0.93 gripper.pos=+0.77
DEBUG 2026-09-03 09:24:05 [action #115] t=7.09s step=114 queue=36 dmax=0.584 | shoulder_pan.pos=-5.27 shoulder_lift.pos=-101.33 elbow_flex.pos=+87.30 wrist_flex.pos=+76.59 wrist_roll.pos=-0.77 gripper.pos=+0.75
DEBUG 2026-09-03 09:24:05 [action #116] t=7.12s step=115 queue=35 dmax=0.457 | shoulder_pan.pos=-5.10 shoulder_lift.pos=-101.68 elbow_flex.pos=+87.76 wrist_flex.pos=+76.57 wrist_roll.pos=-0.80 gripper.pos=+0.73
DEBUG 2026-09-03 09:24:05 [action #117] t=7.16s step=116 queue=34 dmax=0.219 | shoulder_pan.pos=-5.16 shoulder_lift.pos=-101.73 elbow_flex.pos=+87.54 wrist_flex.pos=+76.59 wrist_roll.pos=-0.91 gripper.pos=+0.79
DEBUG 2026-09-03 09:24:05 [action #118] t=7.19s step=117 queue=33 dmax=0.669 | shoulder_pan.pos=-5.38 shoulder_lift.pos=-101.65 elbow_flex.pos=+86.87 wrist_flex.pos=+76.40 wrist_roll.pos=-0.92 gripper.pos=+0.76
DEBUG 2026-09-03 09:24:05 [action #119] t=7.22s step=118 queue=32 dmax=0.350 | shoulder_pan.pos=-5.04 shoulder_lift.pos=-101.80 elbow_flex.pos=+87.22 wrist_flex.pos=+76.49 wrist_roll.pos=-0.80 gripper.pos=+0.94
DEBUG 2026-09-03 09:24:05 [action #120] t=7.26s step=119 queue=31 dmax=0.419 | shoulder_pan.pos=-5.11 shoulder_lift.pos=-101.43 elbow_flex.pos=+86.80 wrist_flex.pos=+76.66 wrist_roll.pos=-0.83 gripper.pos=+0.86
DEBUG 2026-09-03 09:24:05 [action #121] t=7.29s step=120 queue=30 dmax=0.868 | shoulder_pan.pos=-5.23 shoulder_lift.pos=-102.02 elbow_flex.pos=+87.67 wrist_flex.pos=+76.53 wrist_roll.pos=-0.64 gripper.pos=+0.77
DEBUG 2026-09-03 09:24:05 [action #122] t=7.32s step=121 queue=29 dmax=1.317 | shoulder_pan.pos=-5.09 shoulder_lift.pos=-101.63 elbow_flex.pos=+86.35 wrist_flex.pos=+76.73 wrist_roll.pos=-0.55 gripper.pos=+0.79
DEBUG 2026-09-03 09:24:05 [action #123] t=7.36s step=122 queue=28 dmax=0.535 | shoulder_pan.pos=-4.93 shoulder_lift.pos=-101.36 elbow_flex.pos=+86.89 wrist_flex.pos=+76.63 wrist_roll.pos=-0.49 gripper.pos=+0.95
DEBUG 2026-09-03 09:24:05 [action #124] t=7.39s step=123 queue=27 dmax=0.622 | shoulder_pan.pos=-4.64 shoulder_lift.pos=-101.98 elbow_flex.pos=+86.40 wrist_flex.pos=+76.62 wrist_roll.pos=-0.43 gripper.pos=+0.78
DEBUG 2026-09-03 09:24:05 [action #125] t=7.42s step=124 queue=26 dmax=0.328 | shoulder_pan.pos=-4.78 shoulder_lift.pos=-102.31 elbow_flex.pos=+86.47 wrist_flex.pos=+76.68 wrist_roll.pos=-0.48 gripper.pos=+0.77
DEBUG 2026-09-03 09:24:05 [action #126] t=7.46s step=125 queue=25 dmax=0.615 | shoulder_pan.pos=-4.67 shoulder_lift.pos=-101.69 elbow_flex.pos=+86.15 wrist_flex.pos=+76.56 wrist_roll.pos=-0.38 gripper.pos=+0.73
DEBUG 2026-09-03 09:24:05 [action #127] t=7.49s step=126 queue=24 dmax=0.306 | shoulder_pan.pos=-4.64 shoulder_lift.pos=-101.48 elbow_flex.pos=+86.22 wrist_flex.pos=+76.86 wrist_roll.pos=-0.37 gripper.pos=+0.76
DEBUG 2026-09-03 09:24:05 [action #128] t=7.52s step=127 queue=23 dmax=0.875 | shoulder_pan.pos=-4.46 shoulder_lift.pos=-102.36 elbow_flex.pos=+86.23 wrist_flex.pos=+76.76 wrist_roll.pos=-0.32 gripper.pos=+0.81
DEBUG 2026-09-03 09:24:05 [action #129] t=7.56s step=128 queue=22 dmax=0.470 | shoulder_pan.pos=-4.61 shoulder_lift.pos=-101.89 elbow_flex.pos=+86.33 wrist_flex.pos=+76.68 wrist_roll.pos=-0.40 gripper.pos=+0.86
DEBUG 2026-09-03 09:24:05 [action #130] t=7.59s step=129 queue=21 dmax=0.214 | shoulder_pan.pos=-4.41 shoulder_lift.pos=-101.84 elbow_flex.pos=+86.29 wrist_flex.pos=+76.89 wrist_roll.pos=-0.35 gripper.pos=+0.85
DEBUG 2026-09-03 09:24:05 [chunk] received 50 actions, timesteps 101..150 | first: shoulder_pan.pos=-4.27 shoulder_lift.pos=-101.66 elbow_flex.pos=+87.84 wrist_flex.pos=+76.68 wrist_roll.pos=-0.67 gripper.pos=+0.58 | last: shoulder_pan.pos=-4.14 shoulder_lift.pos=-101.86 elbow_flex.pos=+86.16 wrist_flex.pos=+77.14 wrist_roll.pos=-0.91 gripper.pos=+0.68
DEBUG 2026-09-03 09:24:05 [action #131] t=7.63s step=130 queue=21 dmax=0.691 | shoulder_pan.pos=-4.39 shoulder_lift.pos=-102.14 elbow_flex.pos=+86.98 wrist_flex.pos=+77.15 wrist_roll.pos=-0.66 gripper.pos=+0.73
DEBUG 2026-09-03 09:24:05 [action #132] t=7.66s step=131 queue=20 dmax=0.233 | shoulder_pan.pos=-4.35 shoulder_lift.pos=-102.33 elbow_flex.pos=+86.74 wrist_flex.pos=+77.22 wrist_roll.pos=-0.67 gripper.pos=+0.79
DEBUG 2026-09-03 09:24:05 [action #133] t=7.69s step=132 queue=19 dmax=0.322 | shoulder_pan.pos=-4.32 shoulder_lift.pos=-102.01 elbow_flex.pos=+86.71 wrist_flex.pos=+77.17 wrist_roll.pos=-0.70 gripper.pos=+0.72
DEBUG 2026-09-03 09:24:05 [action #134] t=7.73s step=133 queue=18 dmax=0.318 | shoulder_pan.pos=-4.20 shoulder_lift.pos=-101.69 elbow_flex.pos=+86.91 wrist_flex.pos=+77.19 wrist_roll.pos=-0.67 gripper.pos=+0.74
DEBUG 2026-09-03 09:24:05 [action #135] t=7.76s step=134 queue=17 dmax=0.246 | shoulder_pan.pos=-4.22 shoulder_lift.pos=-101.94 elbow_flex.pos=+86.77 wrist_flex.pos=+77.29 wrist_roll.pos=-0.69 gripper.pos=+0.79
DEBUG 2026-09-03 09:24:05 [action #136] t=7.79s step=135 queue=16 dmax=0.206 | shoulder_pan.pos=-4.16 shoulder_lift.pos=-102.14 elbow_flex.pos=+86.64 wrist_flex.pos=+77.31 wrist_roll.pos=-0.70 gripper.pos=+0.77
DEBUG 2026-09-03 09:24:05 [action #137] t=7.83s step=136 queue=15 dmax=0.204 | shoulder_pan.pos=-4.25 shoulder_lift.pos=-102.09 elbow_flex.pos=+86.44 wrist_flex.pos=+77.19 wrist_roll.pos=-0.73 gripper.pos=+0.83
DEBUG 2026-09-03 09:24:05 [action #138] t=7.86s step=137 queue=14 dmax=0.281 | shoulder_pan.pos=-4.21 shoulder_lift.pos=-101.81 elbow_flex.pos=+86.55 wrist_flex.pos=+77.27 wrist_roll.pos=-0.72 gripper.pos=+0.70
DEBUG 2026-09-03 09:24:05 [action #139] t=7.89s step=138 queue=13 dmax=0.154 | shoulder_pan.pos=-4.32 shoulder_lift.pos=-101.73 elbow_flex.pos=+86.39 wrist_flex.pos=+77.21 wrist_roll.pos=-0.75 gripper.pos=+0.74
DEBUG 2026-09-03 09:24:05 [action #140] t=7.93s step=139 queue=12 dmax=0.164 | shoulder_pan.pos=-4.19 shoulder_lift.pos=-101.77 elbow_flex.pos=+86.56 wrist_flex.pos=+77.27 wrist_roll.pos=-0.71 gripper.pos=+0.78
DEBUG 2026-09-03 09:24:05 [action #141] t=7.96s step=140 queue=11 dmax=0.332 | shoulder_pan.pos=-4.24 shoulder_lift.pos=-102.10 elbow_flex.pos=+86.37 wrist_flex.pos=+77.25 wrist_roll.pos=-0.72 gripper.pos=+0.63
DEBUG 2026-09-03 09:24:06 [action #142] t=7.99s step=141 queue=10 dmax=0.203 | shoulder_pan.pos=-4.42 shoulder_lift.pos=-101.90 elbow_flex.pos=+86.30 wrist_flex.pos=+77.21 wrist_roll.pos=-0.77 gripper.pos=+0.72
DEBUG 2026-09-03 09:24:06 [action #143] t=8.03s step=142 queue=9 dmax=0.228 | shoulder_pan.pos=-4.31 shoulder_lift.pos=-102.13 elbow_flex.pos=+86.14 wrist_flex.pos=+77.26 wrist_roll.pos=-0.78 gripper.pos=+0.66
DEBUG 2026-09-03 09:24:06 [action #144] t=8.06s step=143 queue=8 dmax=0.404 | shoulder_pan.pos=-4.27 shoulder_lift.pos=-101.72 elbow_flex.pos=+86.14 wrist_flex.pos=+77.21 wrist_roll.pos=-0.72 gripper.pos=+0.64
DEBUG 2026-09-03 09:24:06 [action #145] t=8.09s step=144 queue=7 dmax=0.456 | shoulder_pan.pos=-4.48 shoulder_lift.pos=-102.03 elbow_flex.pos=+85.68 wrist_flex.pos=+77.15 wrist_roll.pos=-0.78 gripper.pos=+0.73
DEBUG 2026-09-03 09:24:06 [action #146] t=8.13s step=145 queue=6 dmax=0.518 | shoulder_pan.pos=-4.32 shoulder_lift.pos=-101.51 elbow_flex.pos=+85.92 wrist_flex.pos=+77.16 wrist_roll.pos=-0.78 gripper.pos=+0.69
INFO 2026-09-03 09:24:11 Final action sent: shoulder_pan.pos=-4.32 shoulder_lift.pos=-101.51 elbow_flex.pos=+85.92 wrist_flex.pos=+77.16 wrist_roll.pos=-0.78 gripper.pos=+0.69
DEBUG 2026-09-03 09:24:11 === episode end | 13.4s | converged=True | actions=146 ===
