INFO 2026-09-10 02:50:38 strator.py:1345 Decomposing high-level prompt (round 1): 'put everything on the tray'
INFO 2026-09-10 02:50:38 strator.py:1064 Saved VLM frame: runs/run_2026-09-10_02-49-37/01/decompose_20260910_025038.png
  Generated 104 tokens in 9.4s (11.0 tok/s)
INFO 2026-09-10 02:50:47 pace/vlm.py:405 Identification tokens: 52
INFO 2026-09-10 02:50:47 estrator.py:725 Identified objects (5): ['toy', 'banana', 'pouch', 'tray', 'table']
  Generated 82 tokens in 5.7s (14.4 tok/s)

Visible: ['toy', 'banana', 'pouch', 'tray', 'table']
Excluded: []
Completed: []
Allowed: ['toy', 'banana', 'pouch']

Parsed 3 sub-tasks:
  1. put the toy on the tray
  2. put the banana on the tray
  3. put the pouch on the tray
INFO 2026-09-10 02:50:53 strator.py:1363 Sub-task queue (3):
INFO 2026-09-10 02:50:53 strator.py:1365   1. put the toy on the tray
INFO 2026-09-10 02:50:53 strator.py:1365   2. put the banana on the tray
INFO 2026-09-10 02:50:53 strator.py:1365   3. put the pouch on the tray
INFO 2026-09-10 02:50:53 strator.py:1417 [1] Executing sub-task: 'put the toy on the tray' (1 retries left)
INFO 2026-09-10 02:50:53 nt_loop.py:1049 VLA inputs for this episode -> vla_failure_test/toy/169_toy/
INFO 2026-09-10 02:50:53 ent_loop.py:689 Control loop started | task: 'put the toy on the tray' | duration: 50.0s
INFO 2026-09-10 02:50:53 ent_loop.py:603 Action receiver thread started
  Generated 23 tokens in 3.1s (7.5 tok/s)
INFO 2026-09-10 02:51:03 estrator.py:588 [VLM MONITOR] CONTINUE (check 1): The arm is reaching toward the toy as instructed.
  Generated 23 tokens in 3.3s (7.0 tok/s)
INFO 2026-09-10 02:51:06 estrator.py:588 [VLM MONITOR] CONTINUE (check 2): The arm is reaching toward the toy as instructed.
  Generated 24 tokens in 3.2s (7.5 tok/s)
INFO 2026-09-10 02:51:09 estrator.py:588 [VLM MONITOR] CONTINUE (check 3): The arm is reaching toward the plush toy as instructed.
  Generated 24 tokens in 3.3s (7.3 tok/s)
INFO 2026-09-10 02:51:13 estrator.py:588 [VLM MONITOR] CONTINUE (check 4): The arm is reaching toward the plush toy as instructed.
  Generated 48 tokens in 3.3s (14.4 tok/s)
INFO 2026-09-10 02:51:17 estrator.py:588 [VLM MONITOR] CONTINUE (check 5): The arm is moving toward the plush toy and appears to be in the process of grasping it, which aligns with the sub-task of putting the toy on the tray.
  Generated 40 tokens in 2.9s (13.8 tok/s)
INFO 2026-09-10 02:51:20 estrator.py:588 [VLM MONITOR] CONTINUE (check 6): The arm is moving toward the plush toy and appears to be in the process of grasping or positioning it for placement on the tray.
INFO 2026-09-10 02:51:20 ent_loop.py:913 Episode finished: 27.0s, converged=True, max_displacement=179.4216, actions=539
  Generated 40 tokens in 2.9s (14.0 tok/s)
INFO 2026-09-10 02:51:23 estrator.py:588 [VLM MONITOR] CONTINUE (check 7): The arm is moving toward the plush toy and appears to be in the process of grasping or positioning it for placement on the tray.
INFO 2026-09-10 02:51:23 estrator.py:533 Monitor completed 7 check(s) for 'put the toy on the tray'
INFO 2026-09-10 02:51:23 ent_loop.py:409 Returning to home position...
INFO 2026-09-10 02:51:25 ent_loop.py:422 Home position reached.
INFO 2026-09-10 02:51:28 strator.py:1094 Saved VLM eval recap (32 frames): runs/run_2026-09-10_02-49-37/01/eval_task1_20260910_025125_recap.png
INFO 2026-09-10 02:51:28 strator.py:1513 Evaluation observation: video clip (32 frames over 19.3s of a 27.0s episode, 1.61 fps)
  Generated 21 tokens in 2.3s (9.3 tok/s)
INFO 2026-09-10 02:51:30 strator.py:1555 VLM judgement: success=True | failure_type=RETRY | The toy is now on the tray as instructed.
INFO 2026-09-10 02:51:30 strator.py:1417 [2] Executing sub-task: 'put the banana on the tray' (1 retries left)
INFO 2026-09-10 02:51:30 nt_loop.py:1049 VLA inputs for this episode -> vla_failure_test/banana/170_banana/
INFO 2026-09-10 02:51:30 ent_loop.py:689 Control loop started | task: 'put the banana on the tray' | duration: 50.0s
INFO 2026-09-10 02:51:30 ent_loop.py:603 Action receiver thread started
  Generated 44 tokens in 3.7s (12.0 tok/s)
INFO 2026-09-10 02:51:40 estrator.py:588 [VLM MONITOR] CONTINUE (check 1): The arm is positioned near the banana and appears to be preparing to grasp it, which is consistent with the sub-task of putting the banana on the tray.
INFO 2026-09-10 02:51:41 ent_loop.py:913 Episode finished: 10.4s, converged=True, max_displacement=9.1942, actions=125
  Generated 44 tokens in 3.4s (12.9 tok/s)
INFO 2026-09-10 02:51:44 estrator.py:588 [VLM MONITOR] CONTINUE (check 2): The arm is positioned near the banana and appears to be preparing to grasp it, which is consistent with the sub-task of putting the banana on the tray.
INFO 2026-09-10 02:51:44 estrator.py:533 Monitor completed 2 check(s) for 'put the banana on the tray'
INFO 2026-09-10 02:51:44 ent_loop.py:409 Returning to home position...
INFO 2026-09-10 02:51:46 ent_loop.py:422 Home position reached.
WARNING 2026-09-10 02:51:46 strator.py:1480 No movement detected (max_displacement=9.1942). The object name 'banana' is likely not in the robot's vocabulary.
INFO 2026-09-10 02:51:49 strator.py:1094 Saved VLM eval recap (32 frames): runs/run_2026-09-10_02-49-37/01/eval_task2_20260910_025146_recap.png
INFO 2026-09-10 02:51:49 strator.py:1513 Evaluation observation: video clip (32 frames over 6.0s of a 10.4s episode, 5.18 fps)
  Generated 39 tokens in 3.2s (12.1 tok/s)
INFO 2026-09-10 02:51:52 strator.py:1555 VLM judgement: success=False | failure_type=VOCAB | The arm reached the banana but did not grasp it, and the banana remained in its original position.
INFO 2026-09-10 02:51:52 strator.py:1309 ATTEMPT attempt=1 original='put the banana on the tray' current='put the banana on the tray' success=False failure_type=VOCAB reason='The arm reached the banana but did not grasp it, and the banana remained in its original position.' refinement=False
INFO 2026-09-10 02:51:52 strator.py:1580 VOCAB failure — attempting label refinement...
INFO 2026-09-10 02:51:52 strator.py:1064 Saved VLM frame: runs/run_2026-09-10_02-49-37/01/refine_task2_20260910_025152.png
  Generated 7 tokens in 0.6s (12.1 tok/s)
INFO 2026-09-10 02:51:53 strator.py:1592 Refined: 'put the banana on the tray' -> 'put the banana on the tray' (candidates: ['banana', 'yellow fruit', 'fruit'])
INFO 2026-09-10 02:51:53 strator.py:1417 [2] Executing sub-task: 'put the banana on the tray' (0 retries left)
INFO 2026-09-10 02:51:53 nt_loop.py:1049 VLA inputs for this episode -> vla_failure_test/banana/171_banana/
INFO 2026-09-10 02:51:53 ent_loop.py:689 Control loop started | task: 'put the banana on the tray' | duration: 50.0s
INFO 2026-09-10 02:51:53 ent_loop.py:603 Action receiver thread started
  Generated 44 tokens in 3.8s (11.6 tok/s)
INFO 2026-09-10 02:52:03 estrator.py:588 [VLM MONITOR] CONTINUE (check 1): The arm is positioned near the banana and appears to be preparing to grasp it, which is consistent with the sub-task of putting the banana on the tray.
INFO 2026-09-10 02:52:05 ent_loop.py:913 Episode finished: 11.7s, converged=True, max_displacement=11.1077, actions=167
  Generated 44 tokens in 3.4s (13.0 tok/s)
INFO 2026-09-10 02:52:07 estrator.py:588 [VLM MONITOR] CONTINUE (check 2): The arm is positioned near the banana and appears to be preparing to grasp it, which is consistent with the sub-task of putting the banana on the tray.
INFO 2026-09-10 02:52:07 estrator.py:533 Monitor completed 2 check(s) for 'put the banana on the tray'
INFO 2026-09-10 02:52:07 ent_loop.py:409 Returning to home position...
INFO 2026-09-10 02:52:09 ent_loop.py:422 Home position reached.
INFO 2026-09-10 02:52:11 strator.py:1094 Saved VLM eval recap (32 frames): runs/run_2026-09-10_02-49-37/01/eval_task2_20260910_025209_recap.png
INFO 2026-09-10 02:52:11 strator.py:1513 Evaluation observation: video clip (32 frames over 6.4s of a 11.7s episode, 4.85 fps)
  Generated 39 tokens in 3.3s (11.9 tok/s)
INFO 2026-09-10 02:52:15 strator.py:1555 VLM judgement: success=False | failure_type=RETRY | The arm reached the banana but did not grasp it, and the banana remained in its original position.
INFO 2026-09-10 02:52:15 strator.py:1309 ATTEMPT attempt=2 original='put the banana on the tray' current='put the banana on the tray' success=False failure_type=RETRY reason='The arm reached the banana but did not grasp it, and the banana remained in its original position.' refinement=False
WARNING 2026-09-10 02:52:15 strator.py:1622 Sub-task 'put the banana on the tray' failed after all retries.
INFO 2026-09-10 02:52:15 strator.py:1631 Triggering replan (0 replan(s) left after this)...
INFO 2026-09-10 02:52:15 strator.py:1632   Completed so far: ['put the toy on the tray']
INFO 2026-09-10 02:52:15 strator.py:1633   Failed: 'put the banana on the tray' — The arm reached the banana but did not grasp it, and the banana remained in its original position.
INFO 2026-09-10 02:52:15 strator.py:1634   Remaining (discarded): ['put the pouch on the tray']
INFO 2026-09-10 02:52:15 strator.py:1064 Saved VLM frame: runs/run_2026-09-10_02-49-37/01/replan_20260910_025215.png
  Generated 79 tokens in 5.6s (14.2 tok/s)

Visible: ['banana', 'brown plush toy', 'brown cylindrical object']
Excluded: []
Completed: None
Allowed: ['banana', 'brown plush toy', 'brown cylindrical object']

Parsed 3 sub-tasks:
  1. put the banana on the tray
  2. put the brown plush toy on the tray
  3. put the brown cylindrical object on the tray
INFO 2026-09-10 02:52:21 strator.py:1389 Replanned queue (3):
INFO 2026-09-10 02:52:21 strator.py:1391   1. put the banana on the tray
INFO 2026-09-10 02:52:21 strator.py:1391   2. put the brown plush toy on the tray
INFO 2026-09-10 02:52:21 strator.py:1391   3. put the brown cylindrical object on the tray
INFO 2026-09-10 02:52:21 strator.py:1417 [2] Executing sub-task: 'put the banana on the tray' (1 retries left)
INFO 2026-09-10 02:52:21 nt_loop.py:1049 VLA inputs for this episode -> vla_failure_test/banana/172_banana/
INFO 2026-09-10 02:52:21 ent_loop.py:689 Control loop started | task: 'put the banana on the tray' | duration: 50.0s
INFO 2026-09-10 02:52:21 ent_loop.py:603 Action receiver thread started
  Generated 23 tokens in 2.9s (8.0 tok/s)
INFO 2026-09-10 02:52:30 estrator.py:588 [VLM MONITOR] CONTINUE (check 1): The arm is reaching toward the banana as instructed.
  Generated 23 tokens in 3.0s (7.8 tok/s)
INFO 2026-09-10 02:52:33 estrator.py:588 [VLM MONITOR] CONTINUE (check 2): The arm is reaching toward the banana as instructed.
  Generated 23 tokens in 3.0s (7.6 tok/s)
INFO 2026-09-10 02:52:36 estrator.py:588 [VLM MONITOR] CONTINUE (check 3): The arm is reaching toward the banana as instructed.
  Generated 23 tokens in 3.0s (7.7 tok/s)
INFO 2026-09-10 02:52:40 estrator.py:588 [VLM MONITOR] CONTINUE (check 4): The arm is reaching toward the banana as instructed.
  Generated 32 tokens in 3.0s (10.8 tok/s)
INFO 2026-09-10 02:52:43 estrator.py:588 [VLM MONITOR] CONTINUE (check 5): The arm is reaching toward the banana and appears to be in the process of grasping it.
  Generated 23 tokens in 2.0s (11.6 tok/s)
INFO 2026-09-10 02:52:45 estrator.py:588 [VLM MONITOR] CONTINUE (check 6): The arm is reaching toward the banana as instructed.
  Generated 23 tokens in 2.0s (11.3 tok/s)
INFO 2026-09-10 02:52:47 estrator.py:588 [VLM MONITOR] CONTINUE (check 7): The arm is reaching toward the banana as instructed.
INFO 2026-09-10 02:52:49 ent_loop.py:913 Episode finished: 28.5s, converged=True, max_displacement=206.4924, actions=554
  Generated 23 tokens in 2.0s (11.8 tok/s)
INFO 2026-09-10 02:52:50 estrator.py:588 [VLM MONITOR] CONTINUE (check 8): The arm is reaching toward the banana as instructed.
INFO 2026-09-10 02:52:50 estrator.py:533 Monitor completed 8 check(s) for 'put the banana on the tray'
INFO 2026-09-10 02:52:50 ent_loop.py:409 Returning to home position...
INFO 2026-09-10 02:52:52 ent_loop.py:422 Home position reached.
INFO 2026-09-10 02:52:54 strator.py:1094 Saved VLM eval recap (32 frames): runs/run_2026-09-10_02-49-37/01/eval_task2_20260910_025252_recap.png
INFO 2026-09-10 02:52:54 strator.py:1513 Evaluation observation: video clip (32 frames over 19.8s of a 28.5s episode, 1.56 fps)
  Generated 21 tokens in 2.0s (10.4 tok/s)
INFO 2026-09-10 02:52:57 strator.py:1555 VLM judgement: success=True | failure_type=RETRY | The banana is now on the tray as instructed.
INFO 2026-09-10 02:52:57 strator.py:1417 [3] Executing sub-task: 'put the brown plush toy on the tray' (1 retries left)
INFO 2026-09-10 02:52:57 nt_loop.py:1049 VLA inputs for this episode -> vla_failure_test/brown/173_brown/
INFO 2026-09-10 02:52:57 ent_loop.py:689 Control loop started | task: 'put the brown plush toy on the tray' | duration: 50.0s
INFO 2026-09-10 02:52:57 ent_loop.py:603 Action receiver thread started
  Generated 39 tokens in 3.1s (12.5 tok/s)
INFO 2026-09-10 02:53:06 estrator.py:588 [VLM MONITOR] CONTINUE (check 1): The arm is stationary and appears to be in a starting position, likely preparing to move toward the brown plush toy on the tray.
INFO 2026-09-10 02:53:08 ent_loop.py:913 Episode finished: 11.8s, converged=True, max_displacement=2.4969, actions=103
  Generated 39 tokens in 3.1s (12.7 tok/s)
INFO 2026-09-10 02:53:09 estrator.py:588 [VLM MONITOR] CONTINUE (check 2): The arm is stationary and appears to be in a starting position, likely preparing to move toward the brown plush toy on the tray.
INFO 2026-09-10 02:53:09 estrator.py:533 Monitor completed 2 check(s) for 'put the brown plush toy on the tray'
INFO 2026-09-10 02:53:09 ent_loop.py:409 Returning to home position...
INFO 2026-09-10 02:53:11 ent_loop.py:422 Home position reached.
WARNING 2026-09-10 02:53:11 strator.py:1480 No movement detected (max_displacement=2.4969). The object name 'brown plush toy' is likely not in the robot's vocabulary.
INFO 2026-09-10 02:53:14 strator.py:1094 Saved VLM eval recap (32 frames): runs/run_2026-09-10_02-49-37/01/eval_task3_20260910_025312_recap.png
INFO 2026-09-10 02:53:14 strator.py:1513 Evaluation observation: video clip (32 frames over 6.0s of a 11.8s episode, 5.21 fps)
  Generated 23 tokens in 2.1s (10.8 tok/s)
INFO 2026-09-10 02:53:17 strator.py:1555 VLM judgement: success=True | failure_type=RETRY | The brown plush toy is already on the tray as instructed.
INFO 2026-09-10 02:53:17 strator.py:1417 [4] Executing sub-task: 'put the brown cylindrical object on the tray' (1 retries left)
INFO 2026-09-10 02:53:17 nt_loop.py:1049 VLA inputs for this episode -> vla_failure_test/brown/174_brown/
INFO 2026-09-10 02:53:17 ent_loop.py:689 Control loop started | task: 'put the brown cylindrical object on the tray' | duration: 50.0s
INFO 2026-09-10 02:53:17 ent_loop.py:603 Action receiver thread started
  Generated 36 tokens in 3.0s (12.2 tok/s)
INFO 2026-09-10 02:53:26 estrator.py:588 [VLM MONITOR] CONTINUE (check 1): The arm is stationary and appears to be in a starting position, likely preparing to move toward the brown cylindrical object.
[INTERJECT] SKIP requested — stopping current action...
INFO 2026-09-10 02:53:28 ent_loop.py:913 Episode finished: 11.6s, converged=True, max_displacement=1.9843, actions=106
  Generated 39 tokens in 3.3s (11.9 tok/s)
INFO 2026-09-10 02:53:29 estrator.py:588 [VLM MONITOR] CONTINUE (check 2): The arm is positioned near the brown cylindrical object and appears to be preparing to grasp it, which aligns with the sub-task.
INFO 2026-09-10 02:53:29 estrator.py:533 Monitor completed 2 check(s) for 'put the brown cylindrical object on the tray'
INFO 2026-09-10 02:53:29 strator.py:1436 User skipped sub-task: 'put the brown cylindrical object on the tray' (1 attempt(s) left)
INFO 2026-09-10 02:53:29 ent_loop.py:409 Returning to home position...
INFO 2026-09-10 02:53:31 ent_loop.py:422 Home position reached.
INFO 2026-09-10 02:53:31 strator.py:1417 [4] Executing sub-task: 'put the brown cylindrical object on the tray' (0 retries left)
INFO 2026-09-10 02:53:31 nt_loop.py:1049 VLA inputs for this episode -> vla_failure_test/brown/175_brown/
INFO 2026-09-10 02:53:31 ent_loop.py:689 Control loop started | task: 'put the brown cylindrical object on the tray' | duration: 50.0s
INFO 2026-09-10 02:53:31 ent_loop.py:603 Action receiver thread started
  Generated 36 tokens in 4.0s (9.1 tok/s)
INFO 2026-09-10 02:53:42 estrator.py:588 [VLM MONITOR] CONTINUE (check 1): The arm is stationary and appears to be in a starting position, likely preparing to move toward the brown cylindrical object.
  Generated 36 tokens in 3.0s (11.8 tok/s)
INFO 2026-09-10 02:53:45 estrator.py:588 [VLM MONITOR] CONTINUE (check 2): The arm is stationary and appears to be in a starting position, likely preparing to move toward the brown cylindrical object.
INFO 2026-09-10 02:53:46 ent_loop.py:913 Episode finished: 14.4s, converged=True, max_displacement=2.1687, actions=184
  Generated 36 tokens in 2.8s (12.6 tok/s)
INFO 2026-09-10 02:53:48 estrator.py:588 [VLM MONITOR] CONTINUE (check 3): The arm is stationary and appears to be in a starting position, likely preparing to move toward the brown cylindrical object.
INFO 2026-09-10 02:53:48 estrator.py:533 Monitor completed 3 check(s) for 'put the brown cylindrical object on the tray'
INFO 2026-09-10 02:53:48 ent_loop.py:409 Returning to home position...
INFO 2026-09-10 02:53:50 ent_loop.py:422 Home position reached.
WARNING 2026-09-10 02:53:50 strator.py:1480 No movement detected (max_displacement=2.1687). The object name 'brown cylindrical object' is likely not in the robot's vocabulary.
INFO 2026-09-10 02:53:52 strator.py:1094 Saved VLM eval recap (32 frames): runs/run_2026-09-10_02-49-37/01/eval_task4_20260910_025350_recap.png
INFO 2026-09-10 02:53:52 strator.py:1513 Evaluation observation: video clip (32 frames over 9.4s of a 14.4s episode, 3.31 fps)
  Generated 37 tokens in 3.2s (11.6 tok/s)
INFO 2026-09-10 02:53:56 strator.py:1555 VLM judgement: success=False | failure_type=VOCAB | The arm did not move toward the brown cylindrical object or the tray; it remained stationary.
INFO 2026-09-10 02:53:56 strator.py:1309 ATTEMPT attempt=2 original='put the brown cylindrical object on the tray' current='put the brown cylindrical object on the tray' success=False failure_type=VOCAB reason='The arm did not move toward the brown cylindrical object or the tray; it remained stationary.' refinement=False
WARNING 2026-09-10 02:53:56 strator.py:1622 Sub-task 'put the brown cylindrical object on the tray' failed after all retries.
WARNING 2026-09-10 02:53:56 strator.py:1625 No replans remaining — skipping failed sub-task and continuing with the rest of the queue.
INFO 2026-09-10 02:53:56 strator.py:1649 Running final evaluation against the original prompt...
INFO 2026-09-10 02:53:56 strator.py:1064 Saved VLM frame: runs/run_2026-09-10_02-49-37/01/final_eval_20260910_025356.png
  Generated 130 tokens in 9.4s (13.8 tok/s)
INFO 2026-09-10 02:54:06 pace/vlm.py:464 Scene survey tokens: 63
INFO 2026-09-10 02:54:06 estrator.py:888 Final-eval surveyed 3 object(s):
INFO 2026-09-10 02:54:06 estrator.py:890   stuffed animal -> tray (sitting inside the pink tray, its body within the rim)
INFO 2026-09-10 02:54:06 estrator.py:890   banana -> tray (lying inside the pink tray, touching its right edge)
INFO 2026-09-10 02:54:06 estrator.py:890   brown pouch -> table (lying on the bare table, to the left of the tray and clear of its rim)
  Generated 35 tokens in 2.5s (13.9 tok/s)
INFO 2026-09-10 02:54:08 strator.py:1657 FINAL VLM judgement for 'put everything on the tray' (round 1): success=False | The brown pouch is still on the table and not on the tray, while the stuffed animal and banana are on the tray.
INFO 2026-09-10 02:54:08 strator.py:1670 Round 1 complete for: 'put everything on the tray'
INFO 2026-09-10 02:54:08 strator.py:1671   Completed 3/3 sub-tasks planned this round: ['put the toy on the tray', 'put the banana on the tray', 'put the brown plush toy on the tray']
INFO 2026-09-10 02:54:08 strator.py:1272 Carrying 3 completed sub-task(s) into the re-decompose: ['put the toy on the tray', 'put the banana on the tray', 'put the brown plush toy on the tray']
INFO 2026-09-10 02:54:08 strator.py:1274 Retry context passed to the planner:
A previous attempt at this same instruction was judged INCOMPLETE by the evaluator, who reported:
The brown pouch is still on the table and not on the tray, while the stuffed animal and banana are on the tray.

These sub-tasks were already executed and verified complete in the previous attempt:
- put the toy on the tray
- put the banana on the tray
- put the brown plush toy on the tray
The objects they name are already at their destinations. Put those objects in completed_objects, NOT in allowed_objects, and do not plan any sub-task for them.

The camera image shows the CURRENT scene, after that attempt. The image is GROUND TRUTH: where the evaluator's report and the image disagree, believe the image.

Plan only the work that still REMAINS to satisfy the original instruction. If an object is already at its destination in the image, list it in completed_objects — do not put it in allowed_objects and do not give it a sub-task. Do not move any object the instruction says to leave alone; those go in excluded_objects.

Remember the invariant: every object in allowed_objects gets exactly one sub-task. Never return an empty subtasks list while allowed_objects is non-empty — an object that needs no action belongs in completed_objects.
WARNING 2026-09-10 02:54:08 strator.py:1275 Final evaluation judged 'put everything on the tray' INCOMPLETE: The brown pouch is still on the table and not on the tray, while the stuffed animal and banana are on the tray. — running the whole loop again.
INFO 2026-09-10 02:54:08 strator.py:1221 ============================================================
INFO 2026-09-10 02:54:08 strator.py:1222 ROUND 2 for 'put everything on the tray' — re-decomposing against the current scene (0 retry round(s) left after this one).
INFO 2026-09-10 02:54:08 strator.py:1225 ============================================================
INFO 2026-09-10 02:54:08 strator.py:1345 Decomposing high-level prompt (round 2): 'put everything on the tray'
INFO 2026-09-10 02:54:08 strator.py:1064 Saved VLM frame: runs/run_2026-09-10_02-49-37/01/decompose_round2_20260910_025408.png
  Generated 148 tokens in 10.7s (13.8 tok/s)
INFO 2026-09-10 02:54:19 pace/vlm.py:405 Identification tokens: 80
INFO 2026-09-10 02:54:19 estrator.py:725 Identified objects (6): ['table', 'robot arm', 'pouch', 'banana', 'plush toy', 'tray']
  Generated 73 tokens in 5.6s (13.0 tok/s)

Visible: ['table', 'robot arm', 'pouch', 'banana', 'plush toy', 'tray']
Excluded: []
Completed: ['plush toy', 'banana']
Allowed: ['pouch']

Parsed 1 sub-tasks:
  1. put the pouch on the tray
INFO 2026-09-10 02:54:25 strator.py:1363 Sub-task queue (1):
INFO 2026-09-10 02:54:25 strator.py:1365   1. put the pouch on the tray
INFO 2026-09-10 02:54:25 strator.py:1417 [1] Executing sub-task: 'put the pouch on the tray' (1 retries left)
INFO 2026-09-10 02:54:25 nt_loop.py:1049 VLA inputs for this episode -> vla_failure_test/pouch/176_pouch/
INFO 2026-09-10 02:54:25 ent_loop.py:689 Control loop started | task: 'put the pouch on the tray' | duration: 50.0s
INFO 2026-09-10 02:54:25 ent_loop.py:603 Action receiver thread started
[INTERJECT] ABORT requested — stopping current action...
  Generated 44 tokens in 4.3s (10.3 tok/s)
INFO 2026-09-10 02:54:36 estrator.py:588 [VLM MONITOR] CONTINUE (check 1): The arm is positioned near the pouch and appears to be preparing to grasp it, which is consistent with the sub-task of putting the pouch on the tray.
INFO 2026-09-10 02:54:39 ent_loop.py:913 Episode finished: 14.0s, converged=True, max_displacement=5.2615, actions=176
  Generated 44 tokens in 3.6s (12.3 tok/s)
INFO 2026-09-10 02:54:39 estrator.py:588 [VLM MONITOR] CONTINUE (check 2): The arm is positioned near the pouch and appears to be preparing to grasp it, which is consistent with the sub-task of putting the pouch on the tray.
INFO 2026-09-10 02:54:39 estrator.py:533 Monitor completed 2 check(s) for 'put the pouch on the tray'
WARNING 2026-09-10 02:54:39 strator.py:1336 ABORT requested during sub-task 'put the pouch on the tray' — abandoning high-level task 'put everything on the tray' and returning to the prompt.
INFO 2026-09-10 02:54:39 ent_loop.py:409 Returning to home position...
INFO 2026-09-10 02:54:41 ent_loop.py:422 Home position reached.
INFO 2026-09-10 02:54:41 strator.py:1602   Completed before the abort: []
