INFO 2026-08-06 23:08:50 estrator.py:696 Decomposing high-level prompt: 'put everything on the tray except for the toy'
INFO 2026-08-06 23:08:50 estrator.py:615 Saved VLM frame: runs/run_2026-08-06_23-04-44/01/decompose_20260806_230850.png
  Generated 23 tokens in 3.0s (7.6 tok/s)

Identification output:
{"visible_objects": ["banana", "stuffed animal", "box", "tray", "table"]}
INFO 2026-08-06 23:08:53 estrator.py:454 Identified objects (5): ['banana', 'stuffed animal', 'box', 'tray', 'table']
  Generated 74 tokens in 5.0s (14.8 tok/s)
INFO 2026-08-06 23:08:58 estrator.py:473 Raw VLM decomposition output (244 chars): '{\n  "visible_objects": ["banana", "stuffed animal", "box", "tray", "table"],\n  "excluded_objects": ["stuffed animal"],\n  "allowed_objects": ["banana", "box"],\n  "subtasks": [\n    "put the banana on the tray",\n    "put the box on the tray"\n  ]\n}'

Visible: ['banana', 'stuffed animal', 'box', 'tray', 'table']
Excluded: ['stuffed animal']
Allowed: ['banana', 'box']

Parsed 2 sub-tasks:
  1. put the banana on the tray
  2. put the box on the tray
INFO 2026-08-06 23:08:58 estrator.py:714 Sub-task queue (2):
INFO 2026-08-06 23:08:58 estrator.py:716   1. put the banana on the tray
INFO 2026-08-06 23:08:58 estrator.py:716   2. put the box on the tray
INFO 2026-08-06 23:08:58 estrator.py:764 [1] Executing sub-task: 'put the banana on the tray' (1 retries left)
INFO 2026-08-06 23:08:58 ent_loop.py:453 Control loop started | task: 'put the banana on the tray' | duration: 30.0s
INFO 2026-08-06 23:08:58 ent_loop.py:411 Action receiver thread started
INFO 2026-08-06 23:09:22 ent_loop.py:620 Episode finished: 23.5s, converged=True, max_displacement=227.3598, actions=633
INFO 2026-08-06 23:09:22 ent_loop.py:266 Returning to home position...
INFO 2026-08-06 23:09:24 ent_loop.py:279 Home position reached.
INFO 2026-08-06 23:09:27 estrator.py:646 Saved VLM eval clip (32 frames) to runs/run_2026-08-06_23-04-44/01
INFO 2026-08-06 23:09:27 estrator.py:877 Evaluation observation: video clip (32 frames over 22.7s of a 23.5s episode, 1.37 fps)
  Generated 21 tokens in 2.0s (10.5 tok/s)
INFO 2026-08-06 23:09:29 estrator.py:506 Raw eval output: {"success": true, "reason": "The banana is now on the tray as instructed."}
INFO 2026-08-06 23:09:29 estrator.py:926 VLM judgement: success=True | The banana is now on the tray as instructed.
INFO 2026-08-06 23:09:29 estrator.py:764 [2] Executing sub-task: 'put the box on the tray' (1 retries left)
INFO 2026-08-06 23:09:29 ent_loop.py:453 Control loop started | task: 'put the box on the tray' | duration: 30.0s
INFO 2026-08-06 23:09:29 ent_loop.py:411 Action receiver thread started
INFO 2026-08-06 23:09:47 ent_loop.py:620 Episode finished: 17.5s, converged=True, max_displacement=174.1636, actions=465
INFO 2026-08-06 23:09:47 ent_loop.py:266 Returning to home position...
INFO 2026-08-06 23:09:49 ent_loop.py:279 Home position reached.
INFO 2026-08-06 23:09:51 estrator.py:646 Saved VLM eval clip (32 frames) to runs/run_2026-08-06_23-04-44/01
INFO 2026-08-06 23:09:51 estrator.py:877 Evaluation observation: video clip (32 frames over 17.0s of a 17.5s episode, 1.82 fps)
  Generated 21 tokens in 1.8s (11.7 tok/s)
INFO 2026-08-06 23:09:53 estrator.py:506 Raw eval output: {"success": true, "reason": "The box is now on the tray as instructed."}
INFO 2026-08-06 23:09:53 estrator.py:926 VLM judgement: success=True | The box is now on the tray as instructed.
INFO 2026-08-06 23:09:53 estrator.py:990 High-level task complete: 'put everything on the tray except for the toy'
INFO 2026-08-06 23:09:53 estrator.py:991   Completed 2/2 original sub-tasks: ['put the banana on the tray', 'put the box on the tray']
