DEBUG 2026-09-03 08:23:23 === episode start | task: 'put the roll on the tray' | duration: 50.0s ===
DEBUG 2026-09-03 08:23:24 [chunk] dropped stale chunk (ts0=466 > max_sent=0)
DEBUG 2026-09-03 08:23:25 [chunk] received 50 actions, timesteps 0..49 | first: shoulder_pan.pos=-4.67 shoulder_lift.pos=-102.19 elbow_flex.pos=+88.88 wrist_flex.pos=+73.87 wrist_roll.pos=-1.03 gripper.pos=+0.96 | last: shoulder_pan.pos=-7.08 shoulder_lift.pos=-84.73 elbow_flex.pos=+73.92 wrist_flex.pos=+63.14 wrist_roll.pos=-2.06 gripper.pos=+0.62
DEBUG 2026-09-03 08:23:25 [action #1] t=1.74s step=0 queue=50 dmax=n/a | shoulder_pan.pos=-4.67 shoulder_lift.pos=-102.19 elbow_flex.pos=+88.88 wrist_flex.pos=+73.87 wrist_roll.pos=-1.03 gripper.pos=+0.96
DEBUG 2026-09-03 08:23:25 [action #2] t=1.77s step=1 queue=49 dmax=0.588 | shoulder_pan.pos=-4.57 shoulder_lift.pos=-101.99 elbow_flex.pos=+88.84 wrist_flex.pos=+73.28 wrist_roll.pos=-0.98 gripper.pos=+0.88
DEBUG 2026-09-03 08:23:25 [action #3] t=1.81s step=2 queue=48 dmax=0.678 | shoulder_pan.pos=-4.83 shoulder_lift.pos=-101.75 elbow_flex.pos=+88.80 wrist_flex.pos=+72.60 wrist_roll.pos=-0.97 gripper.pos=+0.84
DEBUG 2026-09-03 08:23:25 [action #4] t=1.84s step=3 queue=47 dmax=0.798 | shoulder_pan.pos=-4.76 shoulder_lift.pos=-101.56 elbow_flex.pos=+89.18 wrist_flex.pos=+71.81 wrist_roll.pos=-1.08 gripper.pos=+0.82
DEBUG 2026-09-03 08:23:25 [action #5] t=1.87s step=4 queue=46 dmax=0.704 | shoulder_pan.pos=-4.73 shoulder_lift.pos=-102.26 elbow_flex.pos=+89.26 wrist_flex.pos=+71.19 wrist_roll.pos=-1.02 gripper.pos=+0.70
DEBUG 2026-09-03 08:23:25 [action #6] t=1.91s step=5 queue=45 dmax=0.558 | shoulder_pan.pos=-4.91 shoulder_lift.pos=-101.92 elbow_flex.pos=+89.22 wrist_flex.pos=+70.63 wrist_roll.pos=-0.98 gripper.pos=+0.77
DEBUG 2026-09-03 08:23:25 [action #7] t=1.94s step=6 queue=44 dmax=0.748 | shoulder_pan.pos=-5.09 shoulder_lift.pos=-102.66 elbow_flex.pos=+89.43 wrist_flex.pos=+69.96 wrist_roll.pos=-1.03 gripper.pos=+0.81
DEBUG 2026-09-03 08:23:25 [action #8] t=1.97s step=7 queue=43 dmax=0.876 | shoulder_pan.pos=-5.07 shoulder_lift.pos=-101.90 elbow_flex.pos=+89.60 wrist_flex.pos=+69.09 wrist_roll.pos=-1.06 gripper.pos=+0.77
DEBUG 2026-09-03 08:23:25 [action #9] t=2.01s step=8 queue=42 dmax=1.166 | shoulder_pan.pos=-4.93 shoulder_lift.pos=-102.09 elbow_flex.pos=+89.57 wrist_flex.pos=+67.92 wrist_roll.pos=-1.07 gripper.pos=+0.76
DEBUG 2026-09-03 08:23:25 [action #10] t=2.04s step=9 queue=41 dmax=0.985 | shoulder_pan.pos=-5.12 shoulder_lift.pos=-102.39 elbow_flex.pos=+89.72 wrist_flex.pos=+66.94 wrist_roll.pos=-0.97 gripper.pos=+0.69
DEBUG 2026-09-03 08:23:25 [action #11] t=2.08s step=10 queue=40 dmax=1.070 | shoulder_pan.pos=-5.33 shoulder_lift.pos=-102.44 elbow_flex.pos=+89.80 wrist_flex.pos=+65.87 wrist_roll.pos=-0.97 gripper.pos=+0.76
DEBUG 2026-09-03 08:23:25 [action #12] t=2.11s step=11 queue=39 dmax=1.120 | shoulder_pan.pos=-5.30 shoulder_lift.pos=-102.85 elbow_flex.pos=+90.13 wrist_flex.pos=+64.75 wrist_roll.pos=-0.99 gripper.pos=+0.70
DEBUG 2026-09-03 08:23:25 [action #13] t=2.14s step=12 queue=38 dmax=0.814 | shoulder_pan.pos=-5.55 shoulder_lift.pos=-102.08 elbow_flex.pos=+90.28 wrist_flex.pos=+63.93 wrist_roll.pos=-1.03 gripper.pos=+0.71
DEBUG 2026-09-03 08:23:25 [action #14] t=2.18s step=13 queue=37 dmax=0.704 | shoulder_pan.pos=-5.62 shoulder_lift.pos=-102.37 elbow_flex.pos=+89.96 wrist_flex.pos=+63.23 wrist_roll.pos=-1.06 gripper.pos=+0.63
DEBUG 2026-09-03 08:23:25 [action #15] t=2.21s step=14 queue=36 dmax=0.385 | shoulder_pan.pos=-5.49 shoulder_lift.pos=-102.43 elbow_flex.pos=+89.83 wrist_flex.pos=+62.84 wrist_roll.pos=-0.98 gripper.pos=+0.71
DEBUG 2026-09-03 08:23:26 [action #16] t=2.24s step=15 queue=35 dmax=0.498 | shoulder_pan.pos=-5.64 shoulder_lift.pos=-102.07 elbow_flex.pos=+89.56 wrist_flex.pos=+62.35 wrist_roll.pos=-1.01 gripper.pos=+0.74
DEBUG 2026-09-03 08:23:26 [action #17] t=2.28s step=16 queue=34 dmax=0.628 | shoulder_pan.pos=-5.89 shoulder_lift.pos=-102.70 elbow_flex.pos=+89.82 wrist_flex.pos=+61.99 wrist_roll.pos=-1.00 gripper.pos=+0.66
DEBUG 2026-09-03 08:23:26 [action #18] t=2.31s step=17 queue=33 dmax=0.526 | shoulder_pan.pos=-5.85 shoulder_lift.pos=-102.18 elbow_flex.pos=+89.79 wrist_flex.pos=+61.71 wrist_roll.pos=-1.11 gripper.pos=+0.70
DEBUG 2026-09-03 08:23:26 [action #19] t=2.34s step=18 queue=32 dmax=0.346 | shoulder_pan.pos=-5.63 shoulder_lift.pos=-102.20 elbow_flex.pos=+90.14 wrist_flex.pos=+61.56 wrist_roll.pos=-1.10 gripper.pos=+0.80
DEBUG 2026-09-03 08:23:26 [action #20] t=2.38s step=19 queue=31 dmax=0.597 | shoulder_pan.pos=-5.49 shoulder_lift.pos=-102.44 elbow_flex.pos=+89.54 wrist_flex.pos=+61.16 wrist_roll.pos=-0.99 gripper.pos=+0.60
DEBUG 2026-09-03 08:23:26 [action #21] t=2.41s step=20 queue=30 dmax=0.229 | shoulder_pan.pos=-5.72 shoulder_lift.pos=-102.32 elbow_flex.pos=+89.66 wrist_flex.pos=+61.08 wrist_roll.pos=-1.08 gripper.pos=+0.73
DEBUG 2026-09-03 08:23:26 [action #22] t=2.44s step=21 queue=29 dmax=0.587 | shoulder_pan.pos=-5.62 shoulder_lift.pos=-101.74 elbow_flex.pos=+89.50 wrist_flex.pos=+60.98 wrist_roll.pos=-1.06 gripper.pos=+0.76
DEBUG 2026-09-03 08:23:26 [action #23] t=2.48s step=22 queue=28 dmax=0.381 | shoulder_pan.pos=-5.63 shoulder_lift.pos=-102.12 elbow_flex.pos=+89.27 wrist_flex.pos=+60.94 wrist_roll.pos=-1.10 gripper.pos=+0.62
DEBUG 2026-09-03 08:23:26 [action #24] t=2.51s step=23 queue=27 dmax=0.389 | shoulder_pan.pos=-5.61 shoulder_lift.pos=-102.51 elbow_flex.pos=+89.46 wrist_flex.pos=+60.99 wrist_roll.pos=-1.18 gripper.pos=+0.69
DEBUG 2026-09-03 08:23:26 [action #25] t=2.54s step=24 queue=26 dmax=0.740 | shoulder_pan.pos=-5.75 shoulder_lift.pos=-101.99 elbow_flex.pos=+88.72 wrist_flex.pos=+61.06 wrist_roll.pos=-1.08 gripper.pos=+0.62
DEBUG 2026-09-03 08:23:26 [action #26] t=2.58s step=25 queue=25 dmax=0.525 | shoulder_pan.pos=-5.84 shoulder_lift.pos=-102.41 elbow_flex.pos=+89.25 wrist_flex.pos=+61.12 wrist_roll.pos=-1.13 gripper.pos=+0.64
DEBUG 2026-09-03 08:23:26 [action #27] t=2.61s step=26 queue=24 dmax=0.527 | shoulder_pan.pos=-6.16 shoulder_lift.pos=-102.06 elbow_flex.pos=+88.72 wrist_flex.pos=+61.38 wrist_roll.pos=-1.18 gripper.pos=+0.64
DEBUG 2026-09-03 08:23:26 [action #28] t=2.64s step=27 queue=23 dmax=0.495 | shoulder_pan.pos=-6.28 shoulder_lift.pos=-102.56 elbow_flex.pos=+88.35 wrist_flex.pos=+61.44 wrist_roll.pos=-1.20 gripper.pos=+0.57
DEBUG 2026-09-03 08:23:26 [action #29] t=2.68s step=28 queue=22 dmax=0.852 | shoulder_pan.pos=-6.58 shoulder_lift.pos=-101.83 elbow_flex.pos=+87.49 wrist_flex.pos=+61.55 wrist_roll.pos=-1.20 gripper.pos=+0.60
DEBUG 2026-09-03 08:23:26 [action #30] t=2.71s step=29 queue=21 dmax=0.234 | shoulder_pan.pos=-6.81 shoulder_lift.pos=-101.92 elbow_flex.pos=+87.56 wrist_flex.pos=+61.68 wrist_roll.pos=-1.19 gripper.pos=+0.54
DEBUG 2026-09-03 08:23:26 [action #31] t=2.74s step=30 queue=20 dmax=0.610 | shoulder_pan.pos=-6.79 shoulder_lift.pos=-102.01 elbow_flex.pos=+86.95 wrist_flex.pos=+61.82 wrist_roll.pos=-1.12 gripper.pos=+0.43
DEBUG 2026-09-03 08:23:26 [action #32] t=2.78s step=31 queue=19 dmax=0.439 | shoulder_pan.pos=-7.08 shoulder_lift.pos=-101.57 elbow_flex.pos=+87.02 wrist_flex.pos=+62.20 wrist_roll.pos=-1.16 gripper.pos=+0.66
DEBUG 2026-09-03 08:23:26 [chunk] received 50 actions, timesteps 3..52 | first: shoulder_pan.pos=-4.71 shoulder_lift.pos=-101.36 elbow_flex.pos=+89.34 wrist_flex.pos=+72.92 wrist_roll.pos=-1.20 gripper.pos=+1.11 | last: shoulder_pan.pos=-5.69 shoulder_lift.pos=-95.78 elbow_flex.pos=+82.80 wrist_flex.pos=+59.32 wrist_roll.pos=-1.65 gripper.pos=+0.88
DEBUG 2026-09-03 08:23:26 [action #33] t=2.81s step=32 queue=21 dmax=1.118 | shoulder_pan.pos=-6.45 shoulder_lift.pos=-101.70 elbow_flex.pos=+86.49 wrist_flex.pos=+63.32 wrist_roll.pos=-1.20 gripper.pos=+0.77
DEBUG 2026-09-03 08:23:26 [action #34] t=2.85s step=33 queue=20 dmax=0.403 | shoulder_pan.pos=-6.55 shoulder_lift.pos=-101.30 elbow_flex.pos=+86.33 wrist_flex.pos=+63.59 wrist_roll.pos=-1.31 gripper.pos=+0.84
DEBUG 2026-09-03 08:23:26 [action #35] t=2.88s step=34 queue=19 dmax=0.608 | shoulder_pan.pos=-6.39 shoulder_lift.pos=-101.52 elbow_flex.pos=+85.72 wrist_flex.pos=+63.85 wrist_roll.pos=-1.23 gripper.pos=+0.78
DEBUG 2026-09-03 08:23:26 [action #36] t=2.91s step=35 queue=18 dmax=0.339 | shoulder_pan.pos=-6.48 shoulder_lift.pos=-101.18 elbow_flex.pos=+85.61 wrist_flex.pos=+64.09 wrist_roll.pos=-1.24 gripper.pos=+0.82
DEBUG 2026-09-03 08:23:26 [action #37] t=2.95s step=36 queue=17 dmax=0.636 | shoulder_pan.pos=-6.54 shoulder_lift.pos=-101.52 elbow_flex.pos=+84.98 wrist_flex.pos=+64.34 wrist_roll.pos=-1.28 gripper.pos=+0.68
DEBUG 2026-09-03 08:23:26 [action #38] t=2.98s step=37 queue=16 dmax=0.713 | shoulder_pan.pos=-6.35 shoulder_lift.pos=-100.81 elbow_flex.pos=+84.77 wrist_flex.pos=+64.40 wrist_roll.pos=-1.29 gripper.pos=+0.80
DEBUG 2026-09-03 08:23:26 [action #39] t=3.01s step=38 queue=15 dmax=1.045 | shoulder_pan.pos=-6.68 shoulder_lift.pos=-100.85 elbow_flex.pos=+83.73 wrist_flex.pos=+64.59 wrist_roll.pos=-1.23 gripper.pos=+0.73
DEBUG 2026-09-03 08:23:26 [action #40] t=3.05s step=39 queue=14 dmax=0.470 | shoulder_pan.pos=-6.35 shoulder_lift.pos=-100.65 elbow_flex.pos=+84.20 wrist_flex.pos=+64.42 wrist_roll.pos=-1.29 gripper.pos=+0.73
DEBUG 2026-09-03 08:23:26 [action #41] t=3.08s step=40 queue=13 dmax=0.491 | shoulder_pan.pos=-6.18 shoulder_lift.pos=-100.16 elbow_flex.pos=+83.86 wrist_flex.pos=+64.18 wrist_roll.pos=-1.33 gripper.pos=+0.80
DEBUG 2026-09-03 08:23:26 [action #42] t=3.11s step=41 queue=12 dmax=0.476 | shoulder_pan.pos=-6.21 shoulder_lift.pos=-100.40 elbow_flex.pos=+83.38 wrist_flex.pos=+64.06 wrist_roll.pos=-1.28 gripper.pos=+0.90
DEBUG 2026-09-03 08:23:26 [action #43] t=3.15s step=42 queue=11 dmax=1.305 | shoulder_pan.pos=-6.01 shoulder_lift.pos=-99.09 elbow_flex.pos=+83.22 wrist_flex.pos=+63.86 wrist_roll.pos=-1.25 gripper.pos=+0.83
DEBUG 2026-09-03 08:23:26 [action #44] t=3.18s step=43 queue=10 dmax=0.379 | shoulder_pan.pos=-6.38 shoulder_lift.pos=-98.75 elbow_flex.pos=+82.84 wrist_flex.pos=+63.80 wrist_roll.pos=-1.32 gripper.pos=+0.62
DEBUG 2026-09-03 08:23:26 [action #45] t=3.21s step=44 queue=9 dmax=0.803 | shoulder_pan.pos=-6.14 shoulder_lift.pos=-97.95 elbow_flex.pos=+82.26 wrist_flex.pos=+63.32 wrist_roll.pos=-1.34 gripper.pos=+0.70
DEBUG 2026-09-03 08:23:27 [action #46] t=3.25s step=45 queue=8 dmax=0.484 | shoulder_pan.pos=-5.91 shoulder_lift.pos=-97.76 elbow_flex.pos=+81.78 wrist_flex.pos=+63.06 wrist_roll.pos=-1.33 gripper.pos=+0.75
DEBUG 2026-09-03 08:23:27 [action #47] t=3.28s step=46 queue=7 dmax=1.797 | shoulder_pan.pos=-6.15 shoulder_lift.pos=-95.96 elbow_flex.pos=+81.15 wrist_flex.pos=+62.83 wrist_roll.pos=-1.41 gripper.pos=+0.83
DEBUG 2026-09-03 08:23:27 [action #48] t=3.31s step=47 queue=6 dmax=0.682 | shoulder_pan.pos=-6.15 shoulder_lift.pos=-95.88 elbow_flex.pos=+80.47 wrist_flex.pos=+62.67 wrist_roll.pos=-1.55 gripper.pos=+0.79
DEBUG 2026-09-03 08:23:27 [action #49] t=3.35s step=48 queue=5 dmax=1.152 | shoulder_pan.pos=-6.17 shoulder_lift.pos=-94.73 elbow_flex.pos=+80.78 wrist_flex.pos=+62.28 wrist_roll.pos=-1.53 gripper.pos=+0.77
DEBUG 2026-09-03 08:23:27 [action #50] t=3.38s step=49 queue=4 dmax=0.438 | shoulder_pan.pos=-6.24 shoulder_lift.pos=-94.29 elbow_flex.pos=+80.67 wrist_flex.pos=+61.94 wrist_roll.pos=-1.60 gripper.pos=+0.73
DEBUG 2026-09-03 08:23:27 [action #51] t=3.41s step=50 queue=3 dmax=2.739 | shoulder_pan.pos=-5.84 shoulder_lift.pos=-97.03 elbow_flex.pos=+82.97 wrist_flex.pos=+60.36 wrist_roll.pos=-1.49 gripper.pos=+0.73
DEBUG 2026-09-03 08:23:27 [action #52] t=3.45s step=51 queue=2 dmax=0.903 | shoulder_pan.pos=-5.82 shoulder_lift.pos=-96.13 elbow_flex.pos=+83.03 wrist_flex.pos=+59.90 wrist_roll.pos=-1.49 gripper.pos=+0.99
DEBUG 2026-09-03 08:23:27 [action #53] t=3.48s step=52 queue=1 dmax=0.580 | shoulder_pan.pos=-5.69 shoulder_lift.pos=-95.78 elbow_flex.pos=+82.80 wrist_flex.pos=+59.32 wrist_roll.pos=-1.65 gripper.pos=+0.88
DEBUG 2026-09-03 08:23:27 [chunk] received 50 actions, timesteps 30..79 | first: shoulder_pan.pos=-5.46 shoulder_lift.pos=-101.59 elbow_flex.pos=+90.19 wrist_flex.pos=+59.10 wrist_roll.pos=-1.36 gripper.pos=+0.95 | last: shoulder_pan.pos=-5.40 shoulder_lift.pos=-55.84 elbow_flex.pos=+60.42 wrist_flex.pos=+56.00 wrist_roll.pos=-4.23 gripper.pos=+0.59
DEBUG 2026-09-03 08:23:27 [action #54] t=3.65s step=53 queue=27 dmax=6.073 | shoulder_pan.pos=-5.28 shoulder_lift.pos=-101.85 elbow_flex.pos=+85.95 wrist_flex.pos=+57.92 wrist_roll.pos=-1.32 gripper.pos=+0.75
DEBUG 2026-09-03 08:23:27 [action #55] t=3.68s step=54 queue=26 dmax=0.172 | shoulder_pan.pos=-5.43 shoulder_lift.pos=-101.68 elbow_flex.pos=+85.81 wrist_flex.pos=+58.05 wrist_roll.pos=-1.22 gripper.pos=+0.73
DEBUG 2026-09-03 08:23:27 [action #56] t=3.72s step=55 queue=25 dmax=0.615 | shoulder_pan.pos=-5.25 shoulder_lift.pos=-101.06 elbow_flex.pos=+85.43 wrist_flex.pos=+57.54 wrist_roll.pos=-1.18 gripper.pos=+0.75
DEBUG 2026-09-03 08:23:27 [action #57] t=3.75s step=56 queue=24 dmax=1.997 | shoulder_pan.pos=-5.59 shoulder_lift.pos=-99.07 elbow_flex.pos=+84.43 wrist_flex.pos=+57.60 wrist_roll.pos=-1.26 gripper.pos=+0.67
DEBUG 2026-09-03 08:23:27 [action #58] t=3.78s step=57 queue=23 dmax=0.808 | shoulder_pan.pos=-5.48 shoulder_lift.pos=-98.37 elbow_flex.pos=+83.62 wrist_flex.pos=+57.50 wrist_roll.pos=-1.46 gripper.pos=+0.47
DEBUG 2026-09-03 08:23:27 [action #59] t=3.82s step=58 queue=22 dmax=1.694 | shoulder_pan.pos=-5.30 shoulder_lift.pos=-96.67 elbow_flex.pos=+83.22 wrist_flex.pos=+57.15 wrist_roll.pos=-1.59 gripper.pos=+0.64
DEBUG 2026-09-03 08:23:27 [action #60] t=3.85s step=59 queue=21 dmax=2.282 | shoulder_pan.pos=-5.77 shoulder_lift.pos=-94.39 elbow_flex.pos=+81.93 wrist_flex.pos=+57.04 wrist_roll.pos=-2.04 gripper.pos=+0.55
DEBUG 2026-09-03 08:23:27 [action #61] t=3.88s step=60 queue=20 dmax=1.520 | shoulder_pan.pos=-5.57 shoulder_lift.pos=-92.87 elbow_flex.pos=+81.17 wrist_flex.pos=+56.89 wrist_roll.pos=-2.09 gripper.pos=+0.76
DEBUG 2026-09-03 08:23:27 [action #62] t=3.92s step=61 queue=19 dmax=1.965 | shoulder_pan.pos=-5.61 shoulder_lift.pos=-90.91 elbow_flex.pos=+80.12 wrist_flex.pos=+56.81 wrist_roll.pos=-2.40 gripper.pos=+0.59
DEBUG 2026-09-03 08:23:27 [action #63] t=3.95s step=62 queue=18 dmax=2.110 | shoulder_pan.pos=-5.65 shoulder_lift.pos=-88.79 elbow_flex.pos=+78.91 wrist_flex.pos=+56.69 wrist_roll.pos=-2.35 gripper.pos=+0.51
DEBUG 2026-09-03 08:23:27 [action #64] t=3.98s step=63 queue=17 dmax=2.814 | shoulder_pan.pos=-5.90 shoulder_lift.pos=-85.98 elbow_flex.pos=+77.85 wrist_flex.pos=+56.44 wrist_roll.pos=-2.58 gripper.pos=+0.41
DEBUG 2026-09-03 08:23:27 [action #65] t=4.02s step=64 queue=16 dmax=2.572 | shoulder_pan.pos=-5.77 shoulder_lift.pos=-83.41 elbow_flex.pos=+75.33 wrist_flex.pos=+56.29 wrist_roll.pos=-2.66 gripper.pos=+0.41
DEBUG 2026-09-03 08:23:27 [action #66] t=4.05s step=65 queue=15 dmax=2.426 | shoulder_pan.pos=-5.49 shoulder_lift.pos=-80.98 elbow_flex.pos=+73.88 wrist_flex.pos=+56.02 wrist_roll.pos=-3.03 gripper.pos=+0.49
DEBUG 2026-09-03 08:23:27 [action #67] t=4.08s step=66 queue=14 dmax=2.831 | shoulder_pan.pos=-5.50 shoulder_lift.pos=-78.15 elbow_flex.pos=+73.06 wrist_flex.pos=+55.67 wrist_roll.pos=-3.20 gripper.pos=+0.29
DEBUG 2026-09-03 08:23:27 [action #68] t=4.12s step=67 queue=13 dmax=2.356 | shoulder_pan.pos=-5.53 shoulder_lift.pos=-75.79 elbow_flex.pos=+71.32 wrist_flex.pos=+55.95 wrist_roll.pos=-3.40 gripper.pos=+0.39
DEBUG 2026-09-03 08:23:27 [action #69] t=4.15s step=68 queue=12 dmax=2.452 | shoulder_pan.pos=-5.61 shoulder_lift.pos=-73.34 elbow_flex.pos=+70.72 wrist_flex.pos=+55.69 wrist_roll.pos=-3.33 gripper.pos=+0.59
DEBUG 2026-09-03 08:23:27 [action #70] t=4.18s step=69 queue=11 dmax=1.824 | shoulder_pan.pos=-5.75 shoulder_lift.pos=-71.52 elbow_flex.pos=+69.40 wrist_flex.pos=+55.58 wrist_roll.pos=-3.41 gripper.pos=+0.49
DEBUG 2026-09-03 08:23:27 [action #71] t=4.22s step=70 queue=10 dmax=1.726 | shoulder_pan.pos=-5.51 shoulder_lift.pos=-69.79 elbow_flex.pos=+68.22 wrist_flex.pos=+55.68 wrist_roll.pos=-3.47 gripper.pos=+0.40
DEBUG 2026-09-03 08:23:28 [action #72] t=4.25s step=71 queue=9 dmax=1.255 | shoulder_pan.pos=-5.70 shoulder_lift.pos=-68.54 elbow_flex.pos=+67.15 wrist_flex.pos=+55.80 wrist_roll.pos=-3.64 gripper.pos=+0.28
DEBUG 2026-09-03 08:23:28 [action #73] t=4.29s step=72 queue=8 dmax=2.559 | shoulder_pan.pos=-5.74 shoulder_lift.pos=-65.98 elbow_flex.pos=+65.51 wrist_flex.pos=+55.70 wrist_roll.pos=-3.76 gripper.pos=+0.34
DEBUG 2026-09-03 08:23:28 [action #74] t=4.32s step=73 queue=7 dmax=2.172 | shoulder_pan.pos=-5.63 shoulder_lift.pos=-63.81 elbow_flex.pos=+64.81 wrist_flex.pos=+55.72 wrist_roll.pos=-4.01 gripper.pos=+0.13
DEBUG 2026-09-03 08:23:28 [action #75] t=4.35s step=74 queue=6 dmax=1.561 | shoulder_pan.pos=-5.70 shoulder_lift.pos=-62.70 elbow_flex.pos=+63.25 wrist_flex.pos=+56.05 wrist_roll.pos=-4.28 gripper.pos=+0.65
DEBUG 2026-09-03 08:23:28 [action #76] t=4.39s step=75 queue=5 dmax=1.432 | shoulder_pan.pos=-5.52 shoulder_lift.pos=-61.27 elbow_flex.pos=+63.24 wrist_flex.pos=+55.90 wrist_roll.pos=-4.31 gripper.pos=+0.40
DEBUG 2026-09-03 08:23:28 [action #77] t=4.42s step=76 queue=4 dmax=1.349 | shoulder_pan.pos=-5.32 shoulder_lift.pos=-59.92 elbow_flex.pos=+62.62 wrist_flex.pos=+56.11 wrist_roll.pos=-4.33 gripper.pos=+0.27
DEBUG 2026-09-03 08:23:28 [action #78] t=4.45s step=77 queue=3 dmax=1.106 | shoulder_pan.pos=-5.11 shoulder_lift.pos=-58.82 elbow_flex.pos=+61.67 wrist_flex.pos=+56.17 wrist_roll.pos=-4.38 gripper.pos=+0.43
DEBUG 2026-09-03 08:23:28 [action #79] t=4.49s step=78 queue=2 dmax=0.661 | shoulder_pan.pos=-5.19 shoulder_lift.pos=-58.16 elbow_flex.pos=+61.01 wrist_flex.pos=+56.02 wrist_roll.pos=-4.16 gripper.pos=+0.57
DEBUG 2026-09-03 08:23:28 [action #80] t=4.52s step=79 queue=1 dmax=2.323 | shoulder_pan.pos=-5.40 shoulder_lift.pos=-55.84 elbow_flex.pos=+60.42 wrist_flex.pos=+56.00 wrist_roll.pos=-4.23 gripper.pos=+0.59
DEBUG 2026-09-03 08:23:28 [chunk] received 50 actions, timesteps 52..101 | first: shoulder_pan.pos=-5.57 shoulder_lift.pos=-94.57 elbow_flex.pos=+80.18 wrist_flex.pos=+59.51 wrist_roll.pos=-1.45 gripper.pos=+0.95 | last: shoulder_pan.pos=-5.40 shoulder_lift.pos=-42.68 elbow_flex.pos=+46.52 wrist_flex.pos=+56.27 wrist_roll.pos=-3.97 gripper.pos=+0.54
DEBUG 2026-09-03 08:23:28 [action #81] t=4.55s step=80 queue=22 dmax=3.551 | shoulder_pan.pos=-5.70 shoulder_lift.pos=-58.47 elbow_flex.pos=+56.87 wrist_flex.pos=+56.21 wrist_roll.pos=-2.82 gripper.pos=+0.88
DEBUG 2026-09-03 08:23:28 [action #82] t=4.59s step=81 queue=21 dmax=0.922 | shoulder_pan.pos=-5.51 shoulder_lift.pos=-57.93 elbow_flex.pos=+55.95 wrist_flex.pos=+56.15 wrist_roll.pos=-2.89 gripper.pos=+0.74
DEBUG 2026-09-03 08:23:28 [action #83] t=4.62s step=82 queue=20 dmax=0.931 | shoulder_pan.pos=-5.51 shoulder_lift.pos=-57.00 elbow_flex.pos=+55.07 wrist_flex.pos=+56.26 wrist_roll.pos=-2.94 gripper.pos=+0.84
DEBUG 2026-09-03 08:23:28 [action #84] t=4.65s step=83 queue=19 dmax=0.809 | shoulder_pan.pos=-5.39 shoulder_lift.pos=-56.19 elbow_flex.pos=+54.28 wrist_flex.pos=+56.10 wrist_roll.pos=-3.00 gripper.pos=+0.67
DEBUG 2026-09-03 08:23:28 [action #85] t=4.69s step=84 queue=18 dmax=0.616 | shoulder_pan.pos=-5.47 shoulder_lift.pos=-55.58 elbow_flex.pos=+54.15 wrist_flex.pos=+56.15 wrist_roll.pos=-3.10 gripper.pos=+0.84
DEBUG 2026-09-03 08:23:28 [action #86] t=4.72s step=85 queue=17 dmax=0.838 | shoulder_pan.pos=-5.64 shoulder_lift.pos=-54.80 elbow_flex.pos=+53.31 wrist_flex.pos=+56.06 wrist_roll.pos=-3.02 gripper.pos=+0.80
DEBUG 2026-09-03 08:23:28 [action #87] t=4.75s step=86 queue=16 dmax=0.745 | shoulder_pan.pos=-5.57 shoulder_lift.pos=-54.06 elbow_flex.pos=+52.87 wrist_flex.pos=+56.35 wrist_roll.pos=-3.04 gripper.pos=+0.83
DEBUG 2026-09-03 08:23:28 [action #88] t=4.79s step=87 queue=15 dmax=0.720 | shoulder_pan.pos=-5.61 shoulder_lift.pos=-53.34 elbow_flex.pos=+52.83 wrist_flex.pos=+56.16 wrist_roll.pos=-3.18 gripper.pos=+0.79
DEBUG 2026-09-03 08:23:28 [action #89] t=4.82s step=88 queue=14 dmax=0.536 | shoulder_pan.pos=-5.53 shoulder_lift.pos=-53.02 elbow_flex.pos=+52.29 wrist_flex.pos=+56.49 wrist_roll.pos=-3.24 gripper.pos=+0.81
DEBUG 2026-09-03 08:23:28 [action #90] t=4.85s step=89 queue=13 dmax=1.107 | shoulder_pan.pos=-5.99 shoulder_lift.pos=-51.91 elbow_flex.pos=+51.62 wrist_flex.pos=+56.36 wrist_roll.pos=-3.25 gripper.pos=+0.82
DEBUG 2026-09-03 08:23:28 [action #91] t=4.89s step=90 queue=12 dmax=0.781 | shoulder_pan.pos=-5.65 shoulder_lift.pos=-51.13 elbow_flex.pos=+50.98 wrist_flex.pos=+56.38 wrist_roll.pos=-3.30 gripper.pos=+0.65
DEBUG 2026-09-03 08:23:28 [action #92] t=4.92s step=91 queue=11 dmax=0.341 | shoulder_pan.pos=-5.70 shoulder_lift.pos=-51.43 elbow_flex.pos=+50.63 wrist_flex.pos=+56.47 wrist_roll.pos=-3.41 gripper.pos=+0.63
DEBUG 2026-09-03 08:23:28 [action #93] t=4.96s step=92 queue=10 dmax=1.053 | shoulder_pan.pos=-5.50 shoulder_lift.pos=-50.38 elbow_flex.pos=+50.96 wrist_flex.pos=+56.73 wrist_roll.pos=-3.55 gripper.pos=+0.67
DEBUG 2026-09-03 08:23:28 [action #94] t=4.99s step=93 queue=9 dmax=0.869 | shoulder_pan.pos=-5.30 shoulder_lift.pos=-50.39 elbow_flex.pos=+50.10 wrist_flex.pos=+56.40 wrist_roll.pos=-3.66 gripper.pos=+0.70
DEBUG 2026-09-03 08:23:28 [action #95] t=5.02s step=94 queue=8 dmax=1.263 | shoulder_pan.pos=-5.34 shoulder_lift.pos=-49.13 elbow_flex.pos=+50.19 wrist_flex.pos=+56.65 wrist_roll.pos=-3.73 gripper.pos=+0.62
DEBUG 2026-09-03 08:23:28 [action #96] t=5.06s step=95 queue=7 dmax=1.229 | shoulder_pan.pos=-5.56 shoulder_lift.pos=-48.31 elbow_flex.pos=+48.96 wrist_flex.pos=+56.57 wrist_roll.pos=-3.79 gripper.pos=+0.53
DEBUG 2026-09-03 08:23:28 [action #97] t=5.09s step=96 queue=6 dmax=0.887 | shoulder_pan.pos=-5.16 shoulder_lift.pos=-47.42 elbow_flex.pos=+49.33 wrist_flex.pos=+56.52 wrist_roll.pos=-3.68 gripper.pos=+0.45
DEBUG 2026-09-03 08:23:28 [action #98] t=5.12s step=97 queue=5 dmax=0.311 | shoulder_pan.pos=-5.22 shoulder_lift.pos=-47.11 elbow_flex.pos=+49.19 wrist_flex.pos=+56.31 wrist_roll.pos=-3.68 gripper.pos=+0.60
DEBUG 2026-09-03 08:23:28 [action #99] t=5.16s step=98 queue=4 dmax=1.599 | shoulder_pan.pos=-5.18 shoulder_lift.pos=-46.17 elbow_flex.pos=+47.59 wrist_flex.pos=+56.18 wrist_roll.pos=-3.79 gripper.pos=+0.68
DEBUG 2026-09-03 08:23:28 [action #100] t=5.19s step=99 queue=3 dmax=0.554 | shoulder_pan.pos=-5.14 shoulder_lift.pos=-45.62 elbow_flex.pos=+47.30 wrist_flex.pos=+55.93 wrist_roll.pos=-3.87 gripper.pos=+0.76
DEBUG 2026-09-03 08:23:28 [action #101] t=5.22s step=100 queue=2 dmax=1.800 | shoulder_pan.pos=-4.89 shoulder_lift.pos=-43.82 elbow_flex.pos=+48.48 wrist_flex.pos=+56.06 wrist_roll.pos=-3.85 gripper.pos=+0.59
DEBUG 2026-09-03 08:23:29 [action #102] t=5.26s step=101 queue=1 dmax=1.960 | shoulder_pan.pos=-5.40 shoulder_lift.pos=-42.68 elbow_flex.pos=+46.52 wrist_flex.pos=+56.27 wrist_roll.pos=-3.97 gripper.pos=+0.54
DEBUG 2026-09-03 08:23:29 [chunk] received 50 actions, timesteps 78..127 | first: shoulder_pan.pos=-5.17 shoulder_lift.pos=-60.99 elbow_flex.pos=+63.53 wrist_flex.pos=+55.67 wrist_roll.pos=-3.96 gripper.pos=+1.26 | last: shoulder_pan.pos=-3.11 shoulder_lift.pos=-38.38 elbow_flex.pos=+52.59 wrist_flex.pos=+61.89 wrist_roll.pos=-3.79 gripper.pos=+27.88
DEBUG 2026-09-03 08:23:29 [action #103] t=5.42s step=102 queue=26 dmax=18.332 | shoulder_pan.pos=-3.89 shoulder_lift.pos=-52.99 elbow_flex.pos=+57.68 wrist_flex.pos=+61.57 wrist_roll.pos=-3.21 gripper.pos=+18.87
DEBUG 2026-09-03 08:23:29 [action #104] t=5.46s step=103 queue=25 dmax=1.619 | shoulder_pan.pos=-3.65 shoulder_lift.pos=-51.97 elbow_flex.pos=+56.73 wrist_flex.pos=+61.68 wrist_roll.pos=-3.15 gripper.pos=+20.49
DEBUG 2026-09-03 08:23:29 [action #105] t=5.49s step=104 queue=24 dmax=1.139 | shoulder_pan.pos=-3.59 shoulder_lift.pos=-51.24 elbow_flex.pos=+57.38 wrist_flex.pos=+61.69 wrist_roll.pos=-3.13 gripper.pos=+21.63
DEBUG 2026-09-03 08:23:29 [action #106] t=5.52s step=105 queue=23 dmax=0.635 | shoulder_pan.pos=-3.55 shoulder_lift.pos=-50.89 elbow_flex.pos=+56.85 wrist_flex.pos=+61.82 wrist_roll.pos=-3.22 gripper.pos=+22.26
DEBUG 2026-09-03 08:23:29 [action #107] t=5.56s step=106 queue=22 dmax=0.560 | shoulder_pan.pos=-3.49 shoulder_lift.pos=-50.33 elbow_flex.pos=+57.11 wrist_flex.pos=+61.79 wrist_roll.pos=-3.08 gripper.pos=+22.52
DEBUG 2026-09-03 08:23:29 [action #108] t=5.59s step=107 queue=21 dmax=0.482 | shoulder_pan.pos=-3.37 shoulder_lift.pos=-50.09 elbow_flex.pos=+56.63 wrist_flex.pos=+61.79 wrist_roll.pos=-3.22 gripper.pos=+22.38
DEBUG 2026-09-03 08:23:29 [action #109] t=5.62s step=108 queue=20 dmax=1.628 | shoulder_pan.pos=-3.05 shoulder_lift.pos=-48.46 elbow_flex.pos=+56.61 wrist_flex.pos=+61.45 wrist_roll.pos=-3.07 gripper.pos=+22.36
DEBUG 2026-09-03 08:23:29 [action #110] t=5.66s step=109 queue=19 dmax=1.057 | shoulder_pan.pos=-3.10 shoulder_lift.pos=-47.41 elbow_flex.pos=+56.33 wrist_flex.pos=+61.28 wrist_roll.pos=-3.24 gripper.pos=+22.48
DEBUG 2026-09-03 08:23:29 [action #111] t=5.69s step=110 queue=18 dmax=0.412 | shoulder_pan.pos=-3.04 shoulder_lift.pos=-46.99 elbow_flex.pos=+56.20 wrist_flex.pos=+61.19 wrist_roll.pos=-3.36 gripper.pos=+22.66
DEBUG 2026-09-03 08:23:29 [action #112] t=5.72s step=111 queue=17 dmax=0.766 | shoulder_pan.pos=-3.05 shoulder_lift.pos=-46.40 elbow_flex.pos=+55.43 wrist_flex.pos=+61.39 wrist_roll.pos=-3.44 gripper.pos=+22.78
DEBUG 2026-09-03 08:23:29 [action #113] t=5.76s step=112 queue=16 dmax=1.024 | shoulder_pan.pos=-2.82 shoulder_lift.pos=-45.38 elbow_flex.pos=+54.46 wrist_flex.pos=+61.35 wrist_roll.pos=-3.38 gripper.pos=+22.79
DEBUG 2026-09-03 08:23:29 [action #114] t=5.79s step=113 queue=15 dmax=0.738 | shoulder_pan.pos=-2.70 shoulder_lift.pos=-45.23 elbow_flex.pos=+55.20 wrist_flex.pos=+61.34 wrist_roll.pos=-3.50 gripper.pos=+23.05
DEBUG 2026-09-03 08:23:29 [action #115] t=5.82s step=114 queue=14 dmax=0.782 | shoulder_pan.pos=-2.72 shoulder_lift.pos=-44.45 elbow_flex.pos=+54.60 wrist_flex.pos=+61.35 wrist_roll.pos=-3.58 gripper.pos=+22.91
DEBUG 2026-09-03 08:23:29 [action #116] t=5.86s step=115 queue=13 dmax=0.271 | shoulder_pan.pos=-2.70 shoulder_lift.pos=-44.34 elbow_flex.pos=+54.33 wrist_flex.pos=+61.53 wrist_roll.pos=-3.59 gripper.pos=+22.80
DEBUG 2026-09-03 08:23:29 [action #117] t=5.89s step=116 queue=12 dmax=0.352 | shoulder_pan.pos=-2.65 shoulder_lift.pos=-43.99 elbow_flex.pos=+54.28 wrist_flex.pos=+61.56 wrist_roll.pos=-3.72 gripper.pos=+22.70
DEBUG 2026-09-03 08:23:29 [action #118] t=5.93s step=117 queue=11 dmax=0.383 | shoulder_pan.pos=-2.90 shoulder_lift.pos=-43.82 elbow_flex.pos=+54.18 wrist_flex.pos=+61.95 wrist_roll.pos=-3.60 gripper.pos=+22.85
DEBUG 2026-09-03 08:23:29 [action #119] t=5.96s step=118 queue=10 dmax=0.502 | shoulder_pan.pos=-2.91 shoulder_lift.pos=-43.34 elbow_flex.pos=+54.10 wrist_flex.pos=+61.93 wrist_roll.pos=-3.74 gripper.pos=+23.35
DEBUG 2026-09-03 08:23:29 [action #120] t=5.99s step=119 queue=9 dmax=0.667 | shoulder_pan.pos=-3.07 shoulder_lift.pos=-43.26 elbow_flex.pos=+54.23 wrist_flex.pos=+62.11 wrist_roll.pos=-3.78 gripper.pos=+24.02
DEBUG 2026-09-03 08:23:29 [action #121] t=6.03s step=120 queue=8 dmax=0.478 | shoulder_pan.pos=-2.99 shoulder_lift.pos=-43.13 elbow_flex.pos=+53.84 wrist_flex.pos=+62.16 wrist_roll.pos=-3.84 gripper.pos=+24.49
DEBUG 2026-09-03 08:23:29 [action #122] t=6.06s step=121 queue=7 dmax=0.924 | shoulder_pan.pos=-2.89 shoulder_lift.pos=-43.00 elbow_flex.pos=+53.63 wrist_flex.pos=+62.22 wrist_roll.pos=-3.74 gripper.pos=+25.42
DEBUG 2026-09-03 08:23:29 [action #123] t=6.09s step=122 queue=6 dmax=1.020 | shoulder_pan.pos=-3.16 shoulder_lift.pos=-42.10 elbow_flex.pos=+53.45 wrist_flex.pos=+62.07 wrist_roll.pos=-3.75 gripper.pos=+26.44
DEBUG 2026-09-03 08:23:29 [action #124] t=6.13s step=123 queue=5 dmax=0.924 | shoulder_pan.pos=-3.24 shoulder_lift.pos=-42.17 elbow_flex.pos=+54.38 wrist_flex.pos=+62.20 wrist_roll.pos=-3.87 gripper.pos=+27.15
DEBUG 2026-09-03 08:23:29 [action #125] t=6.16s step=124 queue=4 dmax=0.885 | shoulder_pan.pos=-3.40 shoulder_lift.pos=-41.29 elbow_flex.pos=+53.68 wrist_flex.pos=+62.15 wrist_roll.pos=-3.78 gripper.pos=+27.99
DEBUG 2026-09-03 08:23:29 [action #126] t=6.19s step=125 queue=3 dmax=1.199 | shoulder_pan.pos=-3.27 shoulder_lift.pos=-40.09 elbow_flex.pos=+52.82 wrist_flex.pos=+62.17 wrist_roll.pos=-3.81 gripper.pos=+28.01
DEBUG 2026-09-03 08:23:29 [action #127] t=6.23s step=126 queue=2 dmax=0.354 | shoulder_pan.pos=-3.28 shoulder_lift.pos=-39.74 elbow_flex.pos=+53.02 wrist_flex.pos=+61.85 wrist_roll.pos=-3.92 gripper.pos=+27.77
DEBUG 2026-09-03 08:23:30 [action #128] t=6.26s step=127 queue=1 dmax=1.356 | shoulder_pan.pos=-3.11 shoulder_lift.pos=-38.38 elbow_flex.pos=+52.59 wrist_flex.pos=+61.89 wrist_roll.pos=-3.79 gripper.pos=+27.88
DEBUG 2026-09-03 08:23:30 [chunk] received 50 actions, timesteps 101..150 | first: shoulder_pan.pos=-4.48 shoulder_lift.pos=-41.37 elbow_flex.pos=+44.68 wrist_flex.pos=+56.28 wrist_roll.pos=-4.14 gripper.pos=+0.34 | last: shoulder_pan.pos=-4.73 shoulder_lift.pos=-0.49 elbow_flex.pos=+10.28 wrist_flex.pos=+65.18 wrist_roll.pos=-2.34 gripper.pos=+27.06
DEBUG 2026-09-03 08:23:30 [action #129] t=6.39s step=128 queue=23 dmax=30.126 | shoulder_pan.pos=-4.86 shoulder_lift.pos=-17.64 elbow_flex.pos=+22.46 wrist_flex.pos=+62.63 wrist_roll.pos=-3.67 gripper.pos=+13.12
DEBUG 2026-09-03 08:23:30 [action #130] t=6.43s step=129 queue=22 dmax=1.251 | shoulder_pan.pos=-4.67 shoulder_lift.pos=-16.73 elbow_flex.pos=+22.18 wrist_flex.pos=+62.90 wrist_roll.pos=-3.52 gripper.pos=+14.37
DEBUG 2026-09-03 08:23:30 [action #131] t=6.46s step=130 queue=21 dmax=1.456 | shoulder_pan.pos=-4.63 shoulder_lift.pos=-16.70 elbow_flex.pos=+21.94 wrist_flex.pos=+63.40 wrist_roll.pos=-3.53 gripper.pos=+15.82
DEBUG 2026-09-03 08:23:30 [action #132] t=6.49s step=131 queue=20 dmax=1.636 | shoulder_pan.pos=-4.49 shoulder_lift.pos=-16.24 elbow_flex.pos=+21.94 wrist_flex.pos=+63.58 wrist_roll.pos=-3.40 gripper.pos=+17.46
DEBUG 2026-09-03 08:23:30 [action #133] t=6.53s step=132 queue=19 dmax=1.745 | shoulder_pan.pos=-4.60 shoulder_lift.pos=-14.92 elbow_flex.pos=+21.10 wrist_flex.pos=+64.05 wrist_roll.pos=-3.36 gripper.pos=+19.20
DEBUG 2026-09-03 08:23:30 [action #134] t=6.56s step=133 queue=18 dmax=1.392 | shoulder_pan.pos=-4.41 shoulder_lift.pos=-14.10 elbow_flex.pos=+20.73 wrist_flex.pos=+63.95 wrist_roll.pos=-3.39 gripper.pos=+20.60
DEBUG 2026-09-03 08:23:30 [action #135] t=6.59s step=134 queue=17 dmax=0.981 | shoulder_pan.pos=-4.31 shoulder_lift.pos=-13.25 elbow_flex.pos=+20.32 wrist_flex.pos=+64.28 wrist_roll.pos=-3.35 gripper.pos=+21.58
DEBUG 2026-09-03 08:23:30 [action #136] t=6.63s step=135 queue=16 dmax=1.120 | shoulder_pan.pos=-4.33 shoulder_lift.pos=-12.13 elbow_flex.pos=+19.71 wrist_flex.pos=+64.28 wrist_roll.pos=-3.40 gripper.pos=+22.02
DEBUG 2026-09-03 08:23:30 [action #137] t=6.66s step=136 queue=15 dmax=0.907 | shoulder_pan.pos=-4.46 shoulder_lift.pos=-11.22 elbow_flex.pos=+19.06 wrist_flex.pos=+64.45 wrist_roll.pos=-3.29 gripper.pos=+22.30
DEBUG 2026-09-03 08:23:30 [action #138] t=6.69s step=137 queue=14 dmax=0.986 | shoulder_pan.pos=-4.18 shoulder_lift.pos=-10.24 elbow_flex.pos=+18.37 wrist_flex.pos=+64.58 wrist_roll.pos=-3.28 gripper.pos=+22.31
DEBUG 2026-09-03 08:23:30 [action #139] t=6.73s step=138 queue=13 dmax=0.867 | shoulder_pan.pos=-3.98 shoulder_lift.pos=-9.37 elbow_flex.pos=+18.17 wrist_flex.pos=+64.60 wrist_roll.pos=-3.27 gripper.pos=+22.41
DEBUG 2026-09-03 08:23:30 [action #140] t=6.76s step=139 queue=12 dmax=0.704 | shoulder_pan.pos=-4.30 shoulder_lift.pos=-9.51 elbow_flex.pos=+17.46 wrist_flex.pos=+64.63 wrist_roll.pos=-3.18 gripper.pos=+22.45
DEBUG 2026-09-03 08:23:30 [action #141] t=6.79s step=140 queue=11 dmax=0.641 | shoulder_pan.pos=-4.17 shoulder_lift.pos=-8.95 elbow_flex.pos=+16.82 wrist_flex.pos=+64.67 wrist_roll.pos=-3.15 gripper.pos=+22.81
DEBUG 2026-09-03 08:23:30 [action #142] t=6.83s step=141 queue=10 dmax=1.166 | shoulder_pan.pos=-4.30 shoulder_lift.pos=-7.78 elbow_flex.pos=+16.18 wrist_flex.pos=+64.74 wrist_roll.pos=-3.20 gripper.pos=+23.15
DEBUG 2026-09-03 08:23:30 [action #143] t=6.86s step=142 queue=9 dmax=1.080 | shoulder_pan.pos=-4.07 shoulder_lift.pos=-6.70 elbow_flex.pos=+15.86 wrist_flex.pos=+64.78 wrist_roll.pos=-3.12 gripper.pos=+23.85
DEBUG 2026-09-03 08:23:30 [action #144] t=6.89s step=143 queue=8 dmax=1.155 | shoulder_pan.pos=-4.36 shoulder_lift.pos=-6.55 elbow_flex.pos=+14.70 wrist_flex.pos=+64.79 wrist_roll.pos=-3.09 gripper.pos=+24.64
DEBUG 2026-09-03 08:23:30 [action #145] t=6.93s step=144 queue=7 dmax=0.915 | shoulder_pan.pos=-4.20 shoulder_lift.pos=-5.64 elbow_flex.pos=+14.73 wrist_flex.pos=+65.11 wrist_roll.pos=-3.02 gripper.pos=+25.20
DEBUG 2026-09-03 08:23:30 [action #146] t=6.96s step=145 queue=6 dmax=0.655 | shoulder_pan.pos=-4.53 shoulder_lift.pos=-5.46 elbow_flex.pos=+14.07 wrist_flex.pos=+65.07 wrist_roll.pos=-2.82 gripper.pos=+25.63
DEBUG 2026-09-03 08:23:30 [action #147] t=6.99s step=146 queue=5 dmax=1.116 | shoulder_pan.pos=-4.64 shoulder_lift.pos=-4.34 elbow_flex.pos=+13.94 wrist_flex.pos=+65.11 wrist_roll.pos=-2.70 gripper.pos=+25.73
DEBUG 2026-09-03 08:23:30 [action #148] t=7.03s step=147 queue=4 dmax=1.283 | shoulder_pan.pos=-4.55 shoulder_lift.pos=-3.23 elbow_flex.pos=+12.65 wrist_flex.pos=+65.05 wrist_roll.pos=-2.58 gripper.pos=+25.80
DEBUG 2026-09-03 08:23:30 [action #149] t=7.06s step=148 queue=3 dmax=0.631 | shoulder_pan.pos=-4.80 shoulder_lift.pos=-2.60 elbow_flex.pos=+12.68 wrist_flex.pos=+64.77 wrist_roll.pos=-2.46 gripper.pos=+26.12
DEBUG 2026-09-03 08:23:30 [action #150] t=7.10s step=149 queue=2 dmax=1.240 | shoulder_pan.pos=-4.57 shoulder_lift.pos=-1.36 elbow_flex.pos=+11.84 wrist_flex.pos=+64.95 wrist_roll.pos=-2.36 gripper.pos=+26.57
DEBUG 2026-09-03 08:23:30 [action #151] t=7.13s step=150 queue=1 dmax=1.554 | shoulder_pan.pos=-4.73 shoulder_lift.pos=-0.49 elbow_flex.pos=+10.28 wrist_flex.pos=+65.18 wrist_roll.pos=-2.34 gripper.pos=+27.06
DEBUG 2026-09-03 08:23:31 [chunk] received 50 actions, timesteps 127..176 | first: shoulder_pan.pos=-2.56 shoulder_lift.pos=-39.05 elbow_flex.pos=+54.41 wrist_flex.pos=+60.78 wrist_roll.pos=-3.06 gripper.pos=+27.90 | last: shoulder_pan.pos=-0.69 shoulder_lift.pos=-2.66 elbow_flex.pos=+34.30 wrist_flex.pos=+63.50 wrist_roll.pos=-2.66 gripper.pos=+14.66
DEBUG 2026-09-03 08:23:31 [action #152] t=7.36s step=151 queue=26 dmax=35.049 | shoulder_pan.pos=-2.62 shoulder_lift.pos=-19.78 elbow_flex.pos=+45.33 wrist_flex.pos=+59.60 wrist_roll.pos=-2.16 gripper.pos=+30.79
DEBUG 2026-09-03 08:23:31 [action #153] t=7.40s step=152 queue=25 dmax=1.380 | shoulder_pan.pos=-2.50 shoulder_lift.pos=-18.40 elbow_flex.pos=+44.87 wrist_flex.pos=+59.56 wrist_roll.pos=-2.24 gripper.pos=+30.77
DEBUG 2026-09-03 08:23:31 [action #154] t=7.43s step=153 queue=24 dmax=1.230 | shoulder_pan.pos=-2.49 shoulder_lift.pos=-17.17 elbow_flex.pos=+44.37 wrist_flex.pos=+59.42 wrist_roll.pos=-2.20 gripper.pos=+30.65
DEBUG 2026-09-03 08:23:31 [action #155] t=7.46s step=154 queue=23 dmax=1.657 | shoulder_pan.pos=-2.44 shoulder_lift.pos=-15.51 elbow_flex.pos=+43.62 wrist_flex.pos=+59.55 wrist_roll.pos=-2.27 gripper.pos=+30.66
DEBUG 2026-09-03 08:23:31 [action #156] t=7.50s step=155 queue=22 dmax=1.011 | shoulder_pan.pos=-2.26 shoulder_lift.pos=-14.50 elbow_flex.pos=+42.65 wrist_flex.pos=+59.51 wrist_roll.pos=-2.21 gripper.pos=+30.41
DEBUG 2026-09-03 08:23:31 [action #157] t=7.53s step=156 queue=21 dmax=1.971 | shoulder_pan.pos=-2.34 shoulder_lift.pos=-12.53 elbow_flex.pos=+42.16 wrist_flex.pos=+59.56 wrist_roll.pos=-2.35 gripper.pos=+30.47
DEBUG 2026-09-03 08:23:31 [action #158] t=7.56s step=157 queue=20 dmax=0.472 | shoulder_pan.pos=-2.30 shoulder_lift.pos=-12.08 elbow_flex.pos=+41.69 wrist_flex.pos=+59.87 wrist_roll.pos=-2.33 gripper.pos=+30.33
DEBUG 2026-09-03 08:23:31 [action #159] t=7.60s step=158 queue=19 dmax=0.530 | shoulder_pan.pos=-2.23 shoulder_lift.pos=-11.55 elbow_flex.pos=+41.35 wrist_flex.pos=+59.93 wrist_roll.pos=-2.48 gripper.pos=+30.19
DEBUG 2026-09-03 08:23:31 [action #160] t=7.63s step=159 queue=18 dmax=1.595 | shoulder_pan.pos=-2.22 shoulder_lift.pos=-9.95 elbow_flex.pos=+39.79 wrist_flex.pos=+60.11 wrist_roll.pos=-2.34 gripper.pos=+29.79
DEBUG 2026-09-03 08:23:31 [action #161] t=7.66s step=160 queue=17 dmax=1.389 | shoulder_pan.pos=-2.28 shoulder_lift.pos=-8.57 elbow_flex.pos=+39.15 wrist_flex.pos=+60.20 wrist_roll.pos=-2.38 gripper.pos=+29.71
DEBUG 2026-09-03 08:23:31 [action #162] t=7.70s step=161 queue=16 dmax=0.896 | shoulder_pan.pos=-2.14 shoulder_lift.pos=-7.67 elbow_flex.pos=+38.42 wrist_flex.pos=+60.50 wrist_roll.pos=-2.42 gripper.pos=+29.18
DEBUG 2026-09-03 08:23:31 [action #163] t=7.73s step=162 queue=15 dmax=0.514 | shoulder_pan.pos=-2.03 shoulder_lift.pos=-7.18 elbow_flex.pos=+37.90 wrist_flex.pos=+60.88 wrist_roll.pos=-2.42 gripper.pos=+28.84
DEBUG 2026-09-03 08:23:31 [action #164] t=7.76s step=163 queue=14 dmax=0.508 | shoulder_pan.pos=-2.08 shoulder_lift.pos=-6.73 elbow_flex.pos=+37.40 wrist_flex.pos=+61.07 wrist_roll.pos=-2.54 gripper.pos=+28.49
DEBUG 2026-09-03 08:23:31 [action #165] t=7.80s step=164 queue=13 dmax=1.444 | shoulder_pan.pos=-1.60 shoulder_lift.pos=-5.29 elbow_flex.pos=+36.32 wrist_flex.pos=+61.47 wrist_roll.pos=-2.38 gripper.pos=+27.93
DEBUG 2026-09-03 08:23:31 [action #166] t=7.83s step=165 queue=12 dmax=0.995 | shoulder_pan.pos=-1.75 shoulder_lift.pos=-5.24 elbow_flex.pos=+36.38 wrist_flex.pos=+61.57 wrist_roll.pos=-2.32 gripper.pos=+26.94
DEBUG 2026-09-03 08:23:31 [action #167] t=7.86s step=166 queue=11 dmax=1.246 | shoulder_pan.pos=-1.49 shoulder_lift.pos=-5.34 elbow_flex.pos=+36.15 wrist_flex.pos=+61.93 wrist_roll.pos=-2.46 gripper.pos=+25.69
DEBUG 2026-09-03 08:23:31 [action #168] t=7.90s step=167 queue=10 dmax=2.051 | shoulder_pan.pos=-1.40 shoulder_lift.pos=-3.99 elbow_flex.pos=+35.24 wrist_flex.pos=+62.01 wrist_roll.pos=-2.52 gripper.pos=+23.64
DEBUG 2026-09-03 08:23:31 [action #169] t=7.93s step=168 queue=9 dmax=1.813 | shoulder_pan.pos=-1.24 shoulder_lift.pos=-4.69 elbow_flex.pos=+35.25 wrist_flex.pos=+62.20 wrist_roll.pos=-2.53 gripper.pos=+21.83
DEBUG 2026-09-03 08:23:31 [action #170] t=7.96s step=169 queue=8 dmax=1.666 | shoulder_pan.pos=-1.45 shoulder_lift.pos=-3.55 elbow_flex.pos=+34.92 wrist_flex.pos=+62.30 wrist_roll.pos=-2.52 gripper.pos=+20.16
DEBUG 2026-09-03 08:23:31 [action #171] t=8.00s step=170 queue=7 dmax=1.295 | shoulder_pan.pos=-1.28 shoulder_lift.pos=-3.25 elbow_flex.pos=+34.82 wrist_flex.pos=+62.55 wrist_roll.pos=-2.60 gripper.pos=+18.86
DEBUG 2026-09-03 08:23:31 [action #172] t=8.03s step=171 queue=6 dmax=0.811 | shoulder_pan.pos=-1.04 shoulder_lift.pos=-3.78 elbow_flex.pos=+35.08 wrist_flex.pos=+62.87 wrist_roll.pos=-2.60 gripper.pos=+18.05
DEBUG 2026-09-03 08:23:31 [action #173] t=8.06s step=172 queue=5 dmax=0.903 | shoulder_pan.pos=-1.03 shoulder_lift.pos=-2.87 elbow_flex.pos=+34.66 wrist_flex.pos=+62.75 wrist_roll.pos=-2.65 gripper.pos=+17.31
DEBUG 2026-09-03 08:23:31 [action #174] t=8.10s step=173 queue=4 dmax=0.611 | shoulder_pan.pos=-1.10 shoulder_lift.pos=-2.88 elbow_flex.pos=+34.36 wrist_flex.pos=+63.18 wrist_roll.pos=-2.64 gripper.pos=+16.70
DEBUG 2026-09-03 08:23:31 [action #175] t=8.13s step=174 queue=3 dmax=0.675 | shoulder_pan.pos=-0.84 shoulder_lift.pos=-2.97 elbow_flex.pos=+34.13 wrist_flex.pos=+63.35 wrist_roll.pos=-2.56 gripper.pos=+16.02
DEBUG 2026-09-03 08:23:31 [action #176] t=8.17s step=175 queue=2 dmax=0.722 | shoulder_pan.pos=-0.99 shoulder_lift.pos=-2.59 elbow_flex.pos=+34.78 wrist_flex.pos=+63.48 wrist_roll.pos=-2.69 gripper.pos=+15.30
DEBUG 2026-09-03 08:23:31 [action #177] t=8.20s step=176 queue=1 dmax=0.642 | shoulder_pan.pos=-0.69 shoulder_lift.pos=-2.66 elbow_flex.pos=+34.30 wrist_flex.pos=+63.50 wrist_roll.pos=-2.66 gripper.pos=+14.66
DEBUG 2026-09-03 08:23:31 [chunk] received 50 actions, timesteps 150..199 | first: shoulder_pan.pos=-4.37 shoulder_lift.pos=-0.17 elbow_flex.pos=+7.56 wrist_flex.pos=+66.48 wrist_roll.pos=-2.73 gripper.pos=+27.89 | last: shoulder_pan.pos=-4.60 shoulder_lift.pos=+41.15 elbow_flex.pos=-30.95 wrist_flex.pos=+79.32 wrist_roll.pos=-3.05 gripper.pos=+16.50
DEBUG 2026-09-03 08:23:32 [action #178] t=8.23s step=177 queue=23 dmax=47.560 | shoulder_pan.pos=-4.39 shoulder_lift.pos=+26.59 elbow_flex.pos=-13.26 wrist_flex.pos=+73.12 wrist_roll.pos=-2.55 gripper.pos=+32.31
DEBUG 2026-09-03 08:23:32 [action #179] t=8.27s step=178 queue=22 dmax=1.371 | shoulder_pan.pos=-4.88 shoulder_lift.pos=+27.51 elbow_flex.pos=-14.63 wrist_flex.pos=+73.39 wrist_roll.pos=-2.40 gripper.pos=+32.34
DEBUG 2026-09-03 08:23:32 [action #180] t=8.30s step=179 queue=21 dmax=1.475 | shoulder_pan.pos=-4.52 shoulder_lift.pos=+28.99 elbow_flex.pos=-15.96 wrist_flex.pos=+73.44 wrist_roll.pos=-2.37 gripper.pos=+32.21
DEBUG 2026-09-03 08:23:32 [action #181] t=8.33s step=180 queue=20 dmax=0.531 | shoulder_pan.pos=-4.78 shoulder_lift.pos=+29.48 elbow_flex.pos=-16.49 wrist_flex.pos=+73.85 wrist_roll.pos=-2.50 gripper.pos=+32.33
DEBUG 2026-09-03 08:23:32 [action #182] t=8.37s step=181 queue=19 dmax=1.598 | shoulder_pan.pos=-4.48 shoulder_lift.pos=+31.08 elbow_flex.pos=-17.31 wrist_flex.pos=+73.53 wrist_roll.pos=-2.61 gripper.pos=+32.47
DEBUG 2026-09-03 08:23:32 [action #183] t=8.40s step=182 queue=18 dmax=1.488 | shoulder_pan.pos=-4.52 shoulder_lift.pos=+32.56 elbow_flex.pos=-17.93 wrist_flex.pos=+74.01 wrist_roll.pos=-2.34 gripper.pos=+32.48
DEBUG 2026-09-03 08:23:32 [action #184] t=8.43s step=183 queue=17 dmax=2.164 | shoulder_pan.pos=-4.84 shoulder_lift.pos=+32.97 elbow_flex.pos=-20.09 wrist_flex.pos=+74.40 wrist_roll.pos=-2.47 gripper.pos=+32.51
DEBUG 2026-09-03 08:23:32 [action #185] t=8.47s step=184 queue=16 dmax=0.380 | shoulder_pan.pos=-4.46 shoulder_lift.pos=+33.04 elbow_flex.pos=-20.17 wrist_flex.pos=+74.52 wrist_roll.pos=-2.40 gripper.pos=+32.54
DEBUG 2026-09-03 08:23:32 [action #186] t=8.50s step=185 queue=15 dmax=1.320 | shoulder_pan.pos=-4.92 shoulder_lift.pos=+34.36 elbow_flex.pos=-20.99 wrist_flex.pos=+74.99 wrist_roll.pos=-2.38 gripper.pos=+32.36
DEBUG 2026-09-03 08:23:32 [action #187] t=8.53s step=186 queue=14 dmax=1.501 | shoulder_pan.pos=-4.98 shoulder_lift.pos=+35.17 elbow_flex.pos=-22.49 wrist_flex.pos=+75.68 wrist_roll.pos=-2.38 gripper.pos=+32.74
DEBUG 2026-09-03 08:23:32 [action #188] t=8.57s step=187 queue=13 dmax=1.364 | shoulder_pan.pos=-4.90 shoulder_lift.pos=+35.69 elbow_flex.pos=-23.85 wrist_flex.pos=+76.06 wrist_roll.pos=-2.48 gripper.pos=+32.46
DEBUG 2026-09-03 08:23:32 [action #189] t=8.60s step=188 queue=12 dmax=1.483 | shoulder_pan.pos=-5.05 shoulder_lift.pos=+37.17 elbow_flex.pos=-25.02 wrist_flex.pos=+76.25 wrist_roll.pos=-2.63 gripper.pos=+32.52
DEBUG 2026-09-03 08:23:32 [action #190] t=8.63s step=189 queue=11 dmax=0.574 | shoulder_pan.pos=-4.99 shoulder_lift.pos=+37.39 elbow_flex.pos=-25.34 wrist_flex.pos=+76.82 wrist_roll.pos=-2.52 gripper.pos=+32.37
DEBUG 2026-09-03 08:23:32 [action #191] t=8.67s step=190 queue=10 dmax=1.028 | shoulder_pan.pos=-4.70 shoulder_lift.pos=+38.42 elbow_flex.pos=-26.14 wrist_flex.pos=+77.34 wrist_roll.pos=-2.58 gripper.pos=+32.10
DEBUG 2026-09-03 08:23:32 [action #192] t=8.70s step=191 queue=9 dmax=1.195 | shoulder_pan.pos=-4.62 shoulder_lift.pos=+39.62 elbow_flex.pos=-27.24 wrist_flex.pos=+77.77 wrist_roll.pos=-2.77 gripper.pos=+31.90
DEBUG 2026-09-03 08:23:32 [action #193] t=8.73s step=192 queue=8 dmax=1.018 | shoulder_pan.pos=-4.68 shoulder_lift.pos=+40.25 elbow_flex.pos=-28.25 wrist_flex.pos=+78.25 wrist_roll.pos=-3.02 gripper.pos=+31.24
DEBUG 2026-09-03 08:23:32 [action #194] t=8.77s step=193 queue=7 dmax=1.531 | shoulder_pan.pos=-4.52 shoulder_lift.pos=+39.53 elbow_flex.pos=-28.85 wrist_flex.pos=+78.78 wrist_roll.pos=-3.09 gripper.pos=+29.71
DEBUG 2026-09-03 08:23:32 [action #195] t=8.80s step=194 queue=6 dmax=2.165 | shoulder_pan.pos=-4.63 shoulder_lift.pos=+41.34 elbow_flex.pos=-30.45 wrist_flex.pos=+79.52 wrist_roll.pos=-3.40 gripper.pos=+27.54
DEBUG 2026-09-03 08:23:32 [action #196] t=8.83s step=195 queue=5 dmax=2.615 | shoulder_pan.pos=-4.64 shoulder_lift.pos=+40.21 elbow_flex.pos=-30.17 wrist_flex.pos=+79.73 wrist_roll.pos=-3.22 gripper.pos=+24.92
DEBUG 2026-09-03 08:23:32 [action #197] t=8.87s step=196 queue=4 dmax=2.418 | shoulder_pan.pos=-4.39 shoulder_lift.pos=+41.22 elbow_flex.pos=-31.15 wrist_flex.pos=+79.73 wrist_roll.pos=-3.25 gripper.pos=+22.51
DEBUG 2026-09-03 08:23:32 [action #198] t=8.90s step=197 queue=3 dmax=2.333 | shoulder_pan.pos=-4.46 shoulder_lift.pos=+41.76 elbow_flex.pos=-31.92 wrist_flex.pos=+79.59 wrist_roll.pos=-3.14 gripper.pos=+20.17
DEBUG 2026-09-03 08:23:32 [action #199] t=8.93s step=198 queue=2 dmax=2.062 | shoulder_pan.pos=-4.38 shoulder_lift.pos=+41.76 elbow_flex.pos=-31.49 wrist_flex.pos=+79.35 wrist_roll.pos=-3.19 gripper.pos=+18.11
DEBUG 2026-09-03 08:23:32 [action #200] t=8.97s step=199 queue=1 dmax=1.610 | shoulder_pan.pos=-4.60 shoulder_lift.pos=+41.15 elbow_flex.pos=-30.95 wrist_flex.pos=+79.32 wrist_roll.pos=-3.05 gripper.pos=+16.50
DEBUG 2026-09-03 08:23:32 [chunk] received 50 actions, timesteps 176..225 | first: shoulder_pan.pos=-0.24 shoulder_lift.pos=-10.08 elbow_flex.pos=+33.13 wrist_flex.pos=+64.50 wrist_roll.pos=-2.95 gripper.pos=+19.38 | last: shoulder_pan.pos=-0.24 shoulder_lift.pos=+3.57 elbow_flex.pos=+26.62 wrist_flex.pos=+69.43 wrist_roll.pos=-2.90 gripper.pos=+6.77
DEBUG 2026-09-03 08:23:32 [action #201] t=9.17s step=200 queue=26 dmax=61.746 | shoulder_pan.pos=+0.28 shoulder_lift.pos=-4.40 elbow_flex.pos=+30.80 wrist_flex.pos=+69.23 wrist_roll.pos=-2.83 gripper.pos=+31.73
DEBUG 2026-09-03 08:23:32 [action #202] t=9.20s step=201 queue=25 dmax=1.175 | shoulder_pan.pos=+0.43 shoulder_lift.pos=-3.65 elbow_flex.pos=+29.62 wrist_flex.pos=+69.03 wrist_roll.pos=-3.05 gripper.pos=+31.81
DEBUG 2026-09-03 08:23:33 [action #203] t=9.24s step=202 queue=24 dmax=0.779 | shoulder_pan.pos=+0.15 shoulder_lift.pos=-2.87 elbow_flex.pos=+30.03 wrist_flex.pos=+69.23 wrist_roll.pos=-2.57 gripper.pos=+31.26
DEBUG 2026-09-03 08:23:33 [action #204] t=9.27s step=203 queue=23 dmax=0.457 | shoulder_pan.pos=+0.35 shoulder_lift.pos=-2.78 elbow_flex.pos=+30.48 wrist_flex.pos=+69.07 wrist_roll.pos=-2.74 gripper.pos=+31.15
DEBUG 2026-09-03 08:23:33 [action #205] t=9.30s step=204 queue=22 dmax=1.747 | shoulder_pan.pos=+0.29 shoulder_lift.pos=-1.03 elbow_flex.pos=+30.00 wrist_flex.pos=+69.13 wrist_roll.pos=-2.76 gripper.pos=+31.09
DEBUG 2026-09-03 08:23:33 [action #206] t=9.34s step=205 queue=21 dmax=1.246 | shoulder_pan.pos=+0.26 shoulder_lift.pos=-0.74 elbow_flex.pos=+28.75 wrist_flex.pos=+69.23 wrist_roll.pos=-2.76 gripper.pos=+31.19
DEBUG 2026-09-03 08:23:33 [action #207] t=9.37s step=206 queue=20 dmax=0.821 | shoulder_pan.pos=+0.45 shoulder_lift.pos=-0.02 elbow_flex.pos=+27.93 wrist_flex.pos=+68.91 wrist_roll.pos=-2.76 gripper.pos=+31.06
DEBUG 2026-09-03 08:23:33 [action #208] t=9.40s step=207 queue=19 dmax=0.557 | shoulder_pan.pos=+0.16 shoulder_lift.pos=+0.16 elbow_flex.pos=+28.49 wrist_flex.pos=+69.21 wrist_roll.pos=-2.65 gripper.pos=+31.12
DEBUG 2026-09-03 08:23:33 [action #209] t=9.44s step=208 queue=18 dmax=0.669 | shoulder_pan.pos=+0.47 shoulder_lift.pos=+0.83 elbow_flex.pos=+28.19 wrist_flex.pos=+69.28 wrist_roll.pos=-2.56 gripper.pos=+31.02
DEBUG 2026-09-03 08:23:33 [action #210] t=9.47s step=209 queue=17 dmax=1.863 | shoulder_pan.pos=+0.46 shoulder_lift.pos=+2.69 elbow_flex.pos=+28.05 wrist_flex.pos=+69.16 wrist_roll.pos=-2.53 gripper.pos=+30.96
DEBUG 2026-09-03 08:23:33 [action #211] t=9.50s step=210 queue=16 dmax=1.000 | shoulder_pan.pos=+0.27 shoulder_lift.pos=+1.69 elbow_flex.pos=+27.38 wrist_flex.pos=+69.01 wrist_roll.pos=-2.57 gripper.pos=+30.90
DEBUG 2026-09-03 08:23:33 [action #212] t=9.54s step=211 queue=15 dmax=0.451 | shoulder_pan.pos=+0.17 shoulder_lift.pos=+2.10 elbow_flex.pos=+26.93 wrist_flex.pos=+69.44 wrist_roll.pos=-2.56 gripper.pos=+30.94
DEBUG 2026-09-03 08:23:33 [action #213] t=9.57s step=212 queue=14 dmax=0.401 | shoulder_pan.pos=+0.14 shoulder_lift.pos=+2.08 elbow_flex.pos=+26.53 wrist_flex.pos=+69.37 wrist_roll.pos=-2.62 gripper.pos=+31.11
DEBUG 2026-09-03 08:23:33 [action #214] t=9.60s step=213 queue=13 dmax=1.373 | shoulder_pan.pos=+0.10 shoulder_lift.pos=+3.45 elbow_flex.pos=+27.59 wrist_flex.pos=+69.06 wrist_roll.pos=-2.56 gripper.pos=+31.13
DEBUG 2026-09-03 08:23:33 [action #215] t=9.64s step=214 queue=12 dmax=0.444 | shoulder_pan.pos=-0.04 shoulder_lift.pos=+3.71 elbow_flex.pos=+27.14 wrist_flex.pos=+69.17 wrist_roll.pos=-2.55 gripper.pos=+30.98
DEBUG 2026-09-03 08:23:33 [action #216] t=9.67s step=215 queue=11 dmax=0.411 | shoulder_pan.pos=+0.11 shoulder_lift.pos=+3.99 elbow_flex.pos=+26.73 wrist_flex.pos=+69.19 wrist_roll.pos=-2.56 gripper.pos=+30.76
DEBUG 2026-09-03 08:23:33 [action #217] t=9.70s step=216 queue=10 dmax=0.660 | shoulder_pan.pos=-0.25 shoulder_lift.pos=+4.40 elbow_flex.pos=+26.59 wrist_flex.pos=+69.20 wrist_roll.pos=-2.64 gripper.pos=+30.10
DEBUG 2026-09-03 08:23:33 [action #218] t=9.74s step=217 queue=9 dmax=1.184 | shoulder_pan.pos=-0.42 shoulder_lift.pos=+3.92 elbow_flex.pos=+26.58 wrist_flex.pos=+69.15 wrist_roll.pos=-2.61 gripper.pos=+28.92
DEBUG 2026-09-03 08:23:33 [action #219] t=9.77s step=218 queue=8 dmax=1.345 | shoulder_pan.pos=-0.49 shoulder_lift.pos=+4.87 elbow_flex.pos=+26.62 wrist_flex.pos=+69.07 wrist_roll.pos=-2.66 gripper.pos=+27.57
DEBUG 2026-09-03 08:23:33 [action #220] t=9.80s step=219 queue=7 dmax=2.110 | shoulder_pan.pos=-0.61 shoulder_lift.pos=+4.46 elbow_flex.pos=+26.79 wrist_flex.pos=+69.20 wrist_roll.pos=-2.68 gripper.pos=+25.46
DEBUG 2026-09-03 08:23:33 [action #221] t=9.84s step=220 queue=6 dmax=2.642 | shoulder_pan.pos=-0.39 shoulder_lift.pos=+4.68 elbow_flex.pos=+27.11 wrist_flex.pos=+69.39 wrist_roll.pos=-2.59 gripper.pos=+22.82
DEBUG 2026-09-03 08:23:33 [action #222] t=9.87s step=221 queue=5 dmax=3.440 | shoulder_pan.pos=-0.31 shoulder_lift.pos=+4.47 elbow_flex.pos=+27.29 wrist_flex.pos=+69.49 wrist_roll.pos=-2.53 gripper.pos=+19.38
DEBUG 2026-09-03 08:23:33 [action #223] t=9.90s step=222 queue=4 dmax=3.861 | shoulder_pan.pos=-0.25 shoulder_lift.pos=+4.69 elbow_flex.pos=+26.94 wrist_flex.pos=+69.54 wrist_roll.pos=-2.68 gripper.pos=+15.52
DEBUG 2026-09-03 08:23:33 [action #224] t=9.94s step=223 queue=3 dmax=3.819 | shoulder_pan.pos=-0.44 shoulder_lift.pos=+3.27 elbow_flex.pos=+27.72 wrist_flex.pos=+69.43 wrist_roll.pos=-2.58 gripper.pos=+11.70
DEBUG 2026-09-03 08:23:33 [chunk] received 50 actions, timesteps 199..248 | first: shoulder_pan.pos=-3.04 shoulder_lift.pos=+40.51 elbow_flex.pos=-33.06 wrist_flex.pos=+78.97 wrist_roll.pos=-2.56 gripper.pos=+13.09 | last: shoulder_pan.pos=+7.87 shoulder_lift.pos=+35.05 elbow_flex.pos=-60.90 wrist_flex.pos=+98.79 wrist_roll.pos=-4.84 gripper.pos=+4.61
DEBUG 2026-09-03 08:23:33 [action #225] t=9.97s step=224 queue=25 dmax=53.090 | shoulder_pan.pos=-1.86 shoulder_lift.pos=+28.85 elbow_flex.pos=-25.37 wrist_flex.pos=+83.89 wrist_roll.pos=-3.82 gripper.pos=+5.69
DEBUG 2026-09-03 08:23:33 [action #226] t=10.00s step=225 queue=24 dmax=1.712 | shoulder_pan.pos=-1.48 shoulder_lift.pos=+28.48 elbow_flex.pos=-27.08 wrist_flex.pos=+84.39 wrist_roll.pos=-3.83 gripper.pos=+5.06
DEBUG 2026-09-03 08:23:33 [action #227] t=10.04s step=226 queue=23 dmax=23.184 | shoulder_pan.pos=-1.84 shoulder_lift.pos=+38.79 elbow_flex.pos=-50.27 wrist_flex.pos=+91.59 wrist_roll.pos=-3.99 gripper.pos=+4.42
DEBUG 2026-09-03 08:23:33 [action #228] t=10.07s step=227 queue=22 dmax=0.920 | shoulder_pan.pos=-1.72 shoulder_lift.pos=+38.52 elbow_flex.pos=-51.19 wrist_flex.pos=+92.06 wrist_roll.pos=-4.05 gripper.pos=+4.44
DEBUG 2026-09-03 08:23:33 [action #229] t=10.10s step=228 queue=21 dmax=0.858 | shoulder_pan.pos=-1.60 shoulder_lift.pos=+39.30 elbow_flex.pos=-51.86 wrist_flex.pos=+92.92 wrist_roll.pos=-4.08 gripper.pos=+4.19
DEBUG 2026-09-03 08:23:33 [action #230] t=10.14s step=229 queue=20 dmax=1.351 | shoulder_pan.pos=-1.45 shoulder_lift.pos=+38.75 elbow_flex.pos=-53.21 wrist_flex.pos=+93.50 wrist_roll.pos=-4.08 gripper.pos=+4.52
DEBUG 2026-09-03 08:23:33 [action #231] t=10.17s step=230 queue=19 dmax=1.477 | shoulder_pan.pos=-0.92 shoulder_lift.pos=+38.70 elbow_flex.pos=-54.69 wrist_flex.pos=+94.08 wrist_roll.pos=-4.18 gripper.pos=+4.36
DEBUG 2026-09-03 08:23:33 [action #232] t=10.20s step=231 queue=18 dmax=1.274 | shoulder_pan.pos=-0.77 shoulder_lift.pos=+39.30 elbow_flex.pos=-55.96 wrist_flex.pos=+94.94 wrist_roll.pos=-4.29 gripper.pos=+4.43
DEBUG 2026-09-03 08:23:34 [action #233] t=10.24s step=232 queue=17 dmax=0.877 | shoulder_pan.pos=-0.54 shoulder_lift.pos=+39.06 elbow_flex.pos=-56.84 wrist_flex.pos=+95.25 wrist_roll.pos=-4.31 gripper.pos=+4.29
DEBUG 2026-09-03 08:23:34 [action #234] t=10.27s step=233 queue=16 dmax=1.608 | shoulder_pan.pos=-0.53 shoulder_lift.pos=+39.20 elbow_flex.pos=-58.45 wrist_flex.pos=+96.05 wrist_roll.pos=-4.35 gripper.pos=+4.41
DEBUG 2026-09-03 08:23:34 [action #235] t=10.31s step=234 queue=15 dmax=0.809 | shoulder_pan.pos=-0.55 shoulder_lift.pos=+39.37 elbow_flex.pos=-59.26 wrist_flex.pos=+96.63 wrist_roll.pos=-4.48 gripper.pos=+4.70
DEBUG 2026-09-03 08:23:34 [action #236] t=10.34s step=235 queue=14 dmax=1.417 | shoulder_pan.pos=-0.35 shoulder_lift.pos=+38.64 elbow_flex.pos=-60.67 wrist_flex.pos=+97.14 wrist_roll.pos=-4.40 gripper.pos=+4.41
DEBUG 2026-09-03 08:23:34 [action #237] t=10.37s step=236 queue=13 dmax=0.699 | shoulder_pan.pos=-0.05 shoulder_lift.pos=+39.30 elbow_flex.pos=-61.37 wrist_flex.pos=+97.46 wrist_roll.pos=-4.52 gripper.pos=+4.35
DEBUG 2026-09-03 08:23:34 [action #238] t=10.41s step=237 queue=12 dmax=0.909 | shoulder_pan.pos=+0.64 shoulder_lift.pos=+39.17 elbow_flex.pos=-62.28 wrist_flex.pos=+97.90 wrist_roll.pos=-4.58 gripper.pos=+4.51
DEBUG 2026-09-03 08:23:34 [action #239] t=10.44s step=238 queue=11 dmax=0.481 | shoulder_pan.pos=+1.04 shoulder_lift.pos=+38.69 elbow_flex.pos=-62.16 wrist_flex.pos=+98.16 wrist_roll.pos=-4.68 gripper.pos=+4.56
DEBUG 2026-09-03 08:23:34 [action #240] t=10.47s step=239 queue=10 dmax=0.922 | shoulder_pan.pos=+1.63 shoulder_lift.pos=+39.14 elbow_flex.pos=-63.08 wrist_flex.pos=+98.33 wrist_roll.pos=-4.58 gripper.pos=+4.51
DEBUG 2026-09-03 08:23:34 [action #241] t=10.51s step=240 queue=9 dmax=0.770 | shoulder_pan.pos=+2.40 shoulder_lift.pos=+39.01 elbow_flex.pos=-62.98 wrist_flex.pos=+98.30 wrist_roll.pos=-4.63 gripper.pos=+4.57
DEBUG 2026-09-03 08:23:34 [action #242] t=10.54s step=241 queue=8 dmax=1.045 | shoulder_pan.pos=+3.44 shoulder_lift.pos=+38.60 elbow_flex.pos=-62.80 wrist_flex.pos=+98.25 wrist_roll.pos=-4.52 gripper.pos=+4.46
DEBUG 2026-09-03 08:23:34 [action #243] t=10.57s step=242 queue=7 dmax=0.919 | shoulder_pan.pos=+3.80 shoulder_lift.pos=+37.69 elbow_flex.pos=-63.44 wrist_flex.pos=+98.24 wrist_roll.pos=-4.72 gripper.pos=+4.45
DEBUG 2026-09-03 08:23:34 [action #244] t=10.61s step=243 queue=6 dmax=0.879 | shoulder_pan.pos=+4.68 shoulder_lift.pos=+37.99 elbow_flex.pos=-62.81 wrist_flex.pos=+98.34 wrist_roll.pos=-4.64 gripper.pos=+4.53
DEBUG 2026-09-03 08:23:34 [action #245] t=10.64s step=244 queue=5 dmax=1.069 | shoulder_pan.pos=+4.93 shoulder_lift.pos=+36.92 elbow_flex.pos=-63.17 wrist_flex.pos=+98.48 wrist_roll.pos=-4.73 gripper.pos=+4.45
DEBUG 2026-09-03 08:23:34 [action #246] t=10.67s step=245 queue=4 dmax=0.807 | shoulder_pan.pos=+5.74 shoulder_lift.pos=+36.70 elbow_flex.pos=-62.41 wrist_flex.pos=+98.52 wrist_roll.pos=-4.71 gripper.pos=+4.37
DEBUG 2026-09-03 08:23:34 [action #247] t=10.71s step=246 queue=3 dmax=0.735 | shoulder_pan.pos=+6.48 shoulder_lift.pos=+36.07 elbow_flex.pos=-62.19 wrist_flex.pos=+98.64 wrist_roll.pos=-4.75 gripper.pos=+4.28
DEBUG 2026-09-03 08:23:34 [action #248] t=10.74s step=247 queue=2 dmax=0.611 | shoulder_pan.pos=+7.09 shoulder_lift.pos=+35.63 elbow_flex.pos=-62.30 wrist_flex.pos=+98.78 wrist_roll.pos=-4.82 gripper.pos=+4.53
DEBUG 2026-09-03 08:23:34 [action #249] t=10.77s step=248 queue=1 dmax=1.396 | shoulder_pan.pos=+7.87 shoulder_lift.pos=+35.05 elbow_flex.pos=-60.90 wrist_flex.pos=+98.79 wrist_roll.pos=-4.84 gripper.pos=+4.61
DEBUG 2026-09-03 08:23:34 [chunk] received 50 actions, timesteps 223..272 | first: shoulder_pan.pos=-0.06 shoulder_lift.pos=-2.16 elbow_flex.pos=+23.55 wrist_flex.pos=+68.85 wrist_roll.pos=-3.31 gripper.pos=+25.69 | last: shoulder_pan.pos=+0.95 shoulder_lift.pos=+17.78 elbow_flex.pos=+8.35 wrist_flex.pos=+76.26 wrist_roll.pos=-3.29 gripper.pos=+15.19
DEBUG 2026-09-03 08:23:34 [action #250] t=10.81s step=249 queue=24 dmax=81.830 | shoulder_pan.pos=+0.87 shoulder_lift.pos=-0.49 elbow_flex.pos=+20.93 wrist_flex.pos=+74.92 wrist_roll.pos=-3.13 gripper.pos=+31.83
DEBUG 2026-09-03 08:23:34 [action #251] t=10.84s step=250 queue=23 dmax=0.965 | shoulder_pan.pos=+0.78 shoulder_lift.pos=+0.48 elbow_flex.pos=+20.77 wrist_flex.pos=+74.76 wrist_roll.pos=-2.98 gripper.pos=+31.90
DEBUG 2026-09-03 08:23:34 [action #252] t=10.87s step=251 queue=22 dmax=0.743 | shoulder_pan.pos=+0.64 shoulder_lift.pos=+0.39 elbow_flex.pos=+20.02 wrist_flex.pos=+74.66 wrist_roll.pos=-3.08 gripper.pos=+32.20
DEBUG 2026-09-03 08:23:34 [action #253] t=10.91s step=252 queue=21 dmax=1.061 | shoulder_pan.pos=+0.73 shoulder_lift.pos=+1.46 elbow_flex.pos=+19.70 wrist_flex.pos=+74.68 wrist_roll.pos=-3.07 gripper.pos=+32.37
DEBUG 2026-09-03 08:23:34 [action #254] t=10.94s step=253 queue=20 dmax=0.667 | shoulder_pan.pos=+0.60 shoulder_lift.pos=+2.12 elbow_flex.pos=+19.65 wrist_flex.pos=+74.70 wrist_roll.pos=-3.05 gripper.pos=+32.60
DEBUG 2026-09-03 08:23:34 [action #255] t=10.97s step=254 queue=19 dmax=0.390 | shoulder_pan.pos=+0.77 shoulder_lift.pos=+2.10 elbow_flex.pos=+19.26 wrist_flex.pos=+74.57 wrist_roll.pos=-3.03 gripper.pos=+32.65
DEBUG 2026-09-03 08:23:34 [action #256] t=11.01s step=255 queue=18 dmax=0.982 | shoulder_pan.pos=+0.90 shoulder_lift.pos=+3.08 elbow_flex.pos=+18.62 wrist_flex.pos=+74.66 wrist_roll.pos=-3.05 gripper.pos=+32.73
DEBUG 2026-09-03 08:23:34 [action #257] t=11.04s step=256 queue=17 dmax=1.578 | shoulder_pan.pos=+0.67 shoulder_lift.pos=+4.66 elbow_flex.pos=+18.33 wrist_flex.pos=+74.69 wrist_roll.pos=-3.03 gripper.pos=+32.65
DEBUG 2026-09-03 08:23:34 [action #258] t=11.07s step=257 queue=16 dmax=0.984 | shoulder_pan.pos=+0.59 shoulder_lift.pos=+5.64 elbow_flex.pos=+17.43 wrist_flex.pos=+74.55 wrist_roll.pos=-2.95 gripper.pos=+32.47
DEBUG 2026-09-03 08:23:34 [action #259] t=11.11s step=258 queue=15 dmax=0.531 | shoulder_pan.pos=+0.58 shoulder_lift.pos=+6.17 elbow_flex.pos=+17.14 wrist_flex.pos=+74.54 wrist_roll.pos=-3.02 gripper.pos=+32.51
DEBUG 2026-09-03 08:23:34 [action #260] t=11.14s step=259 queue=14 dmax=0.867 | shoulder_pan.pos=+0.48 shoulder_lift.pos=+7.04 elbow_flex.pos=+16.31 wrist_flex.pos=+74.61 wrist_roll.pos=-3.01 gripper.pos=+32.42
DEBUG 2026-09-03 08:23:34 [action #261] t=11.17s step=260 queue=13 dmax=0.848 | shoulder_pan.pos=+0.43 shoulder_lift.pos=+7.89 elbow_flex.pos=+15.50 wrist_flex.pos=+74.37 wrist_roll.pos=-3.02 gripper.pos=+32.39
DEBUG 2026-09-03 08:23:34 [action #262] t=11.21s step=261 queue=12 dmax=1.335 | shoulder_pan.pos=+0.47 shoulder_lift.pos=+9.22 elbow_flex.pos=+14.83 wrist_flex.pos=+74.25 wrist_roll.pos=-3.02 gripper.pos=+32.41
DEBUG 2026-09-03 08:23:35 [action #263] t=11.24s step=262 queue=11 dmax=1.201 | shoulder_pan.pos=+0.69 shoulder_lift.pos=+10.42 elbow_flex.pos=+14.29 wrist_flex.pos=+74.41 wrist_roll.pos=-2.96 gripper.pos=+32.36
DEBUG 2026-09-03 08:23:35 [action #264] t=11.28s step=263 queue=10 dmax=1.050 | shoulder_pan.pos=+0.59 shoulder_lift.pos=+11.47 elbow_flex.pos=+13.24 wrist_flex.pos=+74.59 wrist_roll.pos=-3.03 gripper.pos=+32.24
DEBUG 2026-09-03 08:23:35 [action #265] t=11.31s step=264 queue=9 dmax=1.493 | shoulder_pan.pos=+0.45 shoulder_lift.pos=+12.96 elbow_flex.pos=+12.24 wrist_flex.pos=+74.68 wrist_roll.pos=-3.02 gripper.pos=+31.95
DEBUG 2026-09-03 08:23:35 [action #266] t=11.34s step=265 queue=8 dmax=0.650 | shoulder_pan.pos=+0.42 shoulder_lift.pos=+13.61 elbow_flex.pos=+12.49 wrist_flex.pos=+74.81 wrist_roll.pos=-3.11 gripper.pos=+31.42
DEBUG 2026-09-03 08:23:35 [action #267] t=11.38s step=266 queue=7 dmax=1.310 | shoulder_pan.pos=+0.49 shoulder_lift.pos=+14.92 elbow_flex.pos=+11.41 wrist_flex.pos=+75.18 wrist_roll.pos=-3.04 gripper.pos=+30.48
DEBUG 2026-09-03 08:23:35 [action #268] t=11.41s step=267 queue=6 dmax=1.629 | shoulder_pan.pos=+0.64 shoulder_lift.pos=+15.87 elbow_flex.pos=+10.73 wrist_flex.pos=+75.48 wrist_roll.pos=-3.08 gripper.pos=+28.85
DEBUG 2026-09-03 08:23:35 [action #269] t=11.44s step=268 queue=5 dmax=2.668 | shoulder_pan.pos=+0.45 shoulder_lift.pos=+16.52 elbow_flex.pos=+10.31 wrist_flex.pos=+75.94 wrist_roll.pos=-3.10 gripper.pos=+26.18
DEBUG 2026-09-03 08:23:35 [action #270] t=11.48s step=269 queue=4 dmax=3.106 | shoulder_pan.pos=+0.53 shoulder_lift.pos=+16.98 elbow_flex.pos=+9.58 wrist_flex.pos=+76.15 wrist_roll.pos=-3.13 gripper.pos=+23.07
DEBUG 2026-09-03 08:23:35 [action #271] t=11.51s step=270 queue=3 dmax=3.172 | shoulder_pan.pos=+0.58 shoulder_lift.pos=+17.32 elbow_flex.pos=+9.37 wrist_flex.pos=+76.29 wrist_roll.pos=-3.07 gripper.pos=+19.90
DEBUG 2026-09-03 08:23:35 [action #272] t=11.54s step=271 queue=2 dmax=2.916 | shoulder_pan.pos=+0.72 shoulder_lift.pos=+17.95 elbow_flex.pos=+9.16 wrist_flex.pos=+76.35 wrist_roll.pos=-3.17 gripper.pos=+16.98
DEBUG 2026-09-03 08:23:35 [action #273] t=11.58s step=272 queue=1 dmax=1.792 | shoulder_pan.pos=+0.95 shoulder_lift.pos=+17.78 elbow_flex.pos=+8.35 wrist_flex.pos=+76.26 wrist_roll.pos=-3.29 gripper.pos=+15.19
DEBUG 2026-09-03 08:23:35 [chunk] received 50 actions, timesteps 248..297 | first: shoulder_pan.pos=+4.95 shoulder_lift.pos=+42.29 elbow_flex.pos=-60.07 wrist_flex.pos=+100.69 wrist_roll.pos=-3.94 gripper.pos=+3.19 | last: shoulder_pan.pos=+2.43 shoulder_lift.pos=+52.14 elbow_flex.pos=-56.55 wrist_flex.pos=+89.47 wrist_roll.pos=+3.99 gripper.pos=+29.62
DEBUG 2026-09-03 08:23:35 [action #274] t=11.71s step=273 queue=25 dmax=65.516 | shoulder_pan.pos=+4.17 shoulder_lift.pos=+46.65 elbow_flex.pos=-57.16 wrist_flex.pos=+98.10 wrist_roll.pos=+2.12 gripper.pos=+26.31
DEBUG 2026-09-03 08:23:35 [action #275] t=11.74s step=274 queue=24 dmax=0.496 | shoulder_pan.pos=+3.92 shoulder_lift.pos=+47.10 elbow_flex.pos=-56.72 wrist_flex.pos=+97.61 wrist_roll.pos=+2.34 gripper.pos=+26.21
DEBUG 2026-09-03 08:23:35 [action #276] t=11.78s step=275 queue=23 dmax=0.405 | shoulder_pan.pos=+4.06 shoulder_lift.pos=+47.51 elbow_flex.pos=-56.80 wrist_flex.pos=+97.29 wrist_roll.pos=+2.43 gripper.pos=+26.32
DEBUG 2026-09-03 08:23:35 [action #277] t=11.81s step=276 queue=22 dmax=0.417 | shoulder_pan.pos=+3.92 shoulder_lift.pos=+47.28 elbow_flex.pos=-56.44 wrist_flex.pos=+96.88 wrist_roll.pos=+2.61 gripper.pos=+26.34
DEBUG 2026-09-03 08:23:35 [action #278] t=11.84s step=277 queue=21 dmax=0.850 | shoulder_pan.pos=+3.84 shoulder_lift.pos=+48.13 elbow_flex.pos=-56.59 wrist_flex.pos=+96.53 wrist_roll.pos=+2.63 gripper.pos=+26.46
DEBUG 2026-09-03 08:23:35 [action #279] t=11.88s step=278 queue=20 dmax=0.382 | shoulder_pan.pos=+3.74 shoulder_lift.pos=+48.00 elbow_flex.pos=-56.34 wrist_flex.pos=+96.15 wrist_roll.pos=+2.68 gripper.pos=+26.56
DEBUG 2026-09-03 08:23:35 [action #280] t=11.91s step=279 queue=19 dmax=0.285 | shoulder_pan.pos=+3.65 shoulder_lift.pos=+48.06 elbow_flex.pos=-56.37 wrist_flex.pos=+95.97 wrist_roll.pos=+2.67 gripper.pos=+26.85
DEBUG 2026-09-03 08:23:35 [action #281] t=11.94s step=280 queue=18 dmax=0.366 | shoulder_pan.pos=+3.49 shoulder_lift.pos=+48.26 elbow_flex.pos=-56.34 wrist_flex.pos=+95.93 wrist_roll.pos=+2.74 gripper.pos=+27.21
DEBUG 2026-09-03 08:23:35 [action #282] t=11.98s step=281 queue=17 dmax=0.357 | shoulder_pan.pos=+3.38 shoulder_lift.pos=+48.36 elbow_flex.pos=-56.40 wrist_flex.pos=+95.57 wrist_roll.pos=+2.78 gripper.pos=+27.57
DEBUG 2026-09-03 08:23:35 [action #283] t=12.01s step=282 queue=16 dmax=0.458 | shoulder_pan.pos=+3.32 shoulder_lift.pos=+48.58 elbow_flex.pos=-55.94 wrist_flex.pos=+95.59 wrist_roll.pos=+2.90 gripper.pos=+27.87
DEBUG 2026-09-03 08:23:35 [action #284] t=12.04s step=283 queue=15 dmax=0.386 | shoulder_pan.pos=+3.11 shoulder_lift.pos=+48.57 elbow_flex.pos=-56.09 wrist_flex.pos=+95.45 wrist_roll.pos=+3.01 gripper.pos=+28.25
DEBUG 2026-09-03 08:23:35 [action #285] t=12.08s step=284 queue=14 dmax=0.268 | shoulder_pan.pos=+3.12 shoulder_lift.pos=+48.81 elbow_flex.pos=-55.92 wrist_flex.pos=+95.32 wrist_roll.pos=+3.11 gripper.pos=+28.52
DEBUG 2026-09-03 08:23:35 [action #286] t=12.11s step=285 queue=13 dmax=0.420 | shoulder_pan.pos=+3.13 shoulder_lift.pos=+48.59 elbow_flex.pos=-55.99 wrist_flex.pos=+94.95 wrist_roll.pos=+3.17 gripper.pos=+28.94
DEBUG 2026-09-03 08:23:35 [action #287] t=12.14s step=286 queue=12 dmax=0.349 | shoulder_pan.pos=+2.93 shoulder_lift.pos=+48.94 elbow_flex.pos=-55.83 wrist_flex.pos=+94.71 wrist_roll.pos=+3.25 gripper.pos=+29.16
DEBUG 2026-09-03 08:23:35 [action #288] t=12.18s step=287 queue=11 dmax=0.452 | shoulder_pan.pos=+2.97 shoulder_lift.pos=+49.01 elbow_flex.pos=-55.79 wrist_flex.pos=+94.26 wrist_roll.pos=+3.31 gripper.pos=+29.53
DEBUG 2026-09-03 08:23:35 [action #289] t=12.21s step=288 queue=10 dmax=0.623 | shoulder_pan.pos=+2.76 shoulder_lift.pos=+49.64 elbow_flex.pos=-55.82 wrist_flex.pos=+93.86 wrist_roll.pos=+3.34 gripper.pos=+29.48
DEBUG 2026-09-03 08:23:36 [action #290] t=12.24s step=289 queue=9 dmax=0.532 | shoulder_pan.pos=+2.72 shoulder_lift.pos=+49.13 elbow_flex.pos=-55.89 wrist_flex.pos=+93.33 wrist_roll.pos=+3.44 gripper.pos=+29.39
DEBUG 2026-09-03 08:23:36 [action #291] t=12.28s step=290 queue=8 dmax=0.737 | shoulder_pan.pos=+2.65 shoulder_lift.pos=+49.87 elbow_flex.pos=-56.10 wrist_flex.pos=+92.94 wrist_roll.pos=+3.46 gripper.pos=+29.38
DEBUG 2026-09-03 08:23:36 [action #292] t=12.31s step=291 queue=7 dmax=0.471 | shoulder_pan.pos=+2.69 shoulder_lift.pos=+49.94 elbow_flex.pos=-55.99 wrist_flex.pos=+92.47 wrist_roll.pos=+3.60 gripper.pos=+29.42
DEBUG 2026-09-03 08:23:36 [action #293] t=12.35s step=292 queue=6 dmax=0.567 | shoulder_pan.pos=+2.48 shoulder_lift.pos=+50.17 elbow_flex.pos=-56.10 wrist_flex.pos=+91.91 wrist_roll.pos=+3.60 gripper.pos=+29.46
DEBUG 2026-09-03 08:23:36 [action #294] t=12.38s step=293 queue=5 dmax=0.575 | shoulder_pan.pos=+2.63 shoulder_lift.pos=+50.74 elbow_flex.pos=-56.17 wrist_flex.pos=+91.51 wrist_roll.pos=+3.62 gripper.pos=+29.44
DEBUG 2026-09-03 08:23:36 [action #295] t=12.41s step=294 queue=4 dmax=0.626 | shoulder_pan.pos=+2.53 shoulder_lift.pos=+50.68 elbow_flex.pos=-56.70 wrist_flex.pos=+90.88 wrist_roll.pos=+3.69 gripper.pos=+29.45
DEBUG 2026-09-03 08:23:36 [action #296] t=12.45s step=295 queue=3 dmax=0.526 | shoulder_pan.pos=+2.54 shoulder_lift.pos=+51.20 elbow_flex.pos=-56.60 wrist_flex.pos=+90.36 wrist_roll.pos=+3.78 gripper.pos=+29.52
DEBUG 2026-09-03 08:23:36 [action #297] t=12.48s step=296 queue=2 dmax=0.502 | shoulder_pan.pos=+2.56 shoulder_lift.pos=+51.65 elbow_flex.pos=-56.32 wrist_flex.pos=+89.86 wrist_roll.pos=+3.87 gripper.pos=+29.59
DEBUG 2026-09-03 08:23:36 [action #298] t=12.51s step=297 queue=1 dmax=0.495 | shoulder_pan.pos=+2.43 shoulder_lift.pos=+52.14 elbow_flex.pos=-56.55 wrist_flex.pos=+89.47 wrist_roll.pos=+3.99 gripper.pos=+29.62
DEBUG 2026-09-03 08:23:36 [chunk] received 50 actions, timesteps 272..321 | first: shoulder_pan.pos=+1.45 shoulder_lift.pos=+9.15 elbow_flex.pos=+6.06 wrist_flex.pos=+77.73 wrist_roll.pos=-3.56 gripper.pos=+17.00 | last: shoulder_pan.pos=+2.71 shoulder_lift.pos=+22.70 elbow_flex.pos=+0.10 wrist_flex.pos=+82.73 wrist_roll.pos=-3.89 gripper.pos=+6.03
INFO 2026-09-03 08:23:41 Final action sent: shoulder_pan.pos=+2.43 shoulder_lift.pos=+52.14 elbow_flex.pos=-56.55 wrist_flex.pos=+89.47 wrist_roll.pos=+3.99 gripper.pos=+29.62
DEBUG 2026-09-03 08:23:41 === episode end | 17.6s | converged=True | actions=298 ===
