DEBUG 2026-09-03 10:00:39 === episode start | task: 'put the bag on the tray' | duration: 50.0s ===
DEBUG 2026-09-03 10:00:40 [chunk] received 50 actions, timesteps 0..49 | first: shoulder_pan.pos=-4.13 shoulder_lift.pos=-102.36 elbow_flex.pos=+88.86 wrist_flex.pos=+76.53 wrist_roll.pos=-0.29 gripper.pos=+0.73 | last: shoulder_pan.pos=-4.47 shoulder_lift.pos=-101.85 elbow_flex.pos=+89.31 wrist_flex.pos=+76.58 wrist_roll.pos=-0.43 gripper.pos=+0.81
DEBUG 2026-09-03 10:00:40 [action #1] t=0.87s step=0 queue=50 dmax=n/a | shoulder_pan.pos=-4.13 shoulder_lift.pos=-102.36 elbow_flex.pos=+88.86 wrist_flex.pos=+76.53 wrist_roll.pos=-0.29 gripper.pos=+0.73
DEBUG 2026-09-03 10:00:40 [action #2] t=0.90s step=1 queue=49 dmax=0.263 | shoulder_pan.pos=-4.15 shoulder_lift.pos=-102.10 elbow_flex.pos=+89.06 wrist_flex.pos=+76.50 wrist_roll.pos=-0.20 gripper.pos=+0.85
DEBUG 2026-09-03 10:00:40 [action #3] t=0.94s step=2 queue=48 dmax=0.425 | shoulder_pan.pos=-4.00 shoulder_lift.pos=-102.22 elbow_flex.pos=+89.49 wrist_flex.pos=+76.59 wrist_roll.pos=-0.29 gripper.pos=+0.85
DEBUG 2026-09-03 10:00:40 [action #4] t=0.97s step=3 queue=47 dmax=0.242 | shoulder_pan.pos=-4.24 shoulder_lift.pos=-102.26 elbow_flex.pos=+89.73 wrist_flex.pos=+76.58 wrist_roll.pos=-0.27 gripper.pos=+0.75
DEBUG 2026-09-03 10:00:40 [action #5] t=1.00s step=4 queue=46 dmax=0.443 | shoulder_pan.pos=-4.38 shoulder_lift.pos=-101.82 elbow_flex.pos=+89.41 wrist_flex.pos=+76.47 wrist_roll.pos=-0.30 gripper.pos=+0.72
DEBUG 2026-09-03 10:00:40 [action #6] t=1.04s step=5 queue=45 dmax=0.459 | shoulder_pan.pos=-4.48 shoulder_lift.pos=-102.15 elbow_flex.pos=+89.48 wrist_flex.pos=+76.93 wrist_roll.pos=-0.36 gripper.pos=+0.62
DEBUG 2026-09-03 10:00:40 [action #7] t=1.07s step=6 queue=44 dmax=0.342 | shoulder_pan.pos=-4.14 shoulder_lift.pos=-102.16 elbow_flex.pos=+89.39 wrist_flex.pos=+76.60 wrist_roll.pos=-0.29 gripper.pos=+0.82
DEBUG 2026-09-03 10:00:40 [action #8] t=1.10s step=7 queue=43 dmax=0.255 | shoulder_pan.pos=-4.40 shoulder_lift.pos=-101.98 elbow_flex.pos=+89.44 wrist_flex.pos=+76.78 wrist_roll.pos=-0.39 gripper.pos=+0.82
DEBUG 2026-09-03 10:00:40 [action #9] t=1.14s step=8 queue=42 dmax=0.509 | shoulder_pan.pos=-4.23 shoulder_lift.pos=-102.48 elbow_flex.pos=+89.89 wrist_flex.pos=+76.55 wrist_roll.pos=-0.33 gripper.pos=+0.82
DEBUG 2026-09-03 10:00:40 [action #10] t=1.17s step=9 queue=41 dmax=0.662 | shoulder_pan.pos=-4.23 shoulder_lift.pos=-101.82 elbow_flex.pos=+89.47 wrist_flex.pos=+76.54 wrist_roll.pos=-0.44 gripper.pos=+0.77
DEBUG 2026-09-03 10:00:40 [action #11] t=1.21s step=10 queue=40 dmax=0.109 | shoulder_pan.pos=-4.27 shoulder_lift.pos=-101.93 elbow_flex.pos=+89.40 wrist_flex.pos=+76.61 wrist_roll.pos=-0.36 gripper.pos=+0.84
DEBUG 2026-09-03 10:00:40 [action #12] t=1.24s step=11 queue=39 dmax=0.132 | shoulder_pan.pos=-4.21 shoulder_lift.pos=-101.80 elbow_flex.pos=+89.46 wrist_flex.pos=+76.57 wrist_roll.pos=-0.39 gripper.pos=+0.75
DEBUG 2026-09-03 10:00:40 [action #13] t=1.27s step=12 queue=38 dmax=0.378 | shoulder_pan.pos=-4.59 shoulder_lift.pos=-101.63 elbow_flex.pos=+89.24 wrist_flex.pos=+76.61 wrist_roll.pos=-0.31 gripper.pos=+0.72
DEBUG 2026-09-03 10:00:40 [action #14] t=1.31s step=13 queue=37 dmax=0.439 | shoulder_pan.pos=-4.42 shoulder_lift.pos=-101.68 elbow_flex.pos=+88.80 wrist_flex.pos=+76.63 wrist_roll.pos=-0.32 gripper.pos=+0.89
DEBUG 2026-09-03 10:00:40 [action #15] t=1.34s step=14 queue=36 dmax=0.413 | shoulder_pan.pos=-4.53 shoulder_lift.pos=-101.37 elbow_flex.pos=+89.21 wrist_flex.pos=+76.59 wrist_roll.pos=-0.32 gripper.pos=+0.75
DEBUG 2026-09-03 10:00:40 [action #16] t=1.37s step=15 queue=35 dmax=0.560 | shoulder_pan.pos=-4.49 shoulder_lift.pos=-101.93 elbow_flex.pos=+89.56 wrist_flex.pos=+76.46 wrist_roll.pos=-0.32 gripper.pos=+0.72
DEBUG 2026-09-03 10:00:40 [action #17] t=1.41s step=16 queue=34 dmax=0.428 | shoulder_pan.pos=-4.68 shoulder_lift.pos=-102.15 elbow_flex.pos=+89.13 wrist_flex.pos=+76.66 wrist_roll.pos=-0.31 gripper.pos=+0.75
DEBUG 2026-09-03 10:00:40 [action #18] t=1.44s step=17 queue=33 dmax=0.295 | shoulder_pan.pos=-4.56 shoulder_lift.pos=-101.86 elbow_flex.pos=+89.18 wrist_flex.pos=+76.78 wrist_roll.pos=-0.34 gripper.pos=+0.80
DEBUG 2026-09-03 10:00:40 [action #19] t=1.47s step=18 queue=32 dmax=0.271 | shoulder_pan.pos=-4.76 shoulder_lift.pos=-101.59 elbow_flex.pos=+89.28 wrist_flex.pos=+76.68 wrist_roll.pos=-0.32 gripper.pos=+0.75
DEBUG 2026-09-03 10:00:40 [action #20] t=1.51s step=19 queue=31 dmax=0.400 | shoulder_pan.pos=-4.56 shoulder_lift.pos=-101.99 elbow_flex.pos=+89.28 wrist_flex.pos=+76.42 wrist_roll.pos=-0.37 gripper.pos=+0.82
DEBUG 2026-09-03 10:00:40 [action #21] t=1.54s step=20 queue=30 dmax=0.572 | shoulder_pan.pos=-4.64 shoulder_lift.pos=-102.12 elbow_flex.pos=+88.71 wrist_flex.pos=+76.39 wrist_roll.pos=-0.36 gripper.pos=+0.83
DEBUG 2026-09-03 10:00:40 [action #22] t=1.57s step=21 queue=29 dmax=0.453 | shoulder_pan.pos=-4.46 shoulder_lift.pos=-102.47 elbow_flex.pos=+89.16 wrist_flex.pos=+76.54 wrist_roll.pos=-0.27 gripper.pos=+0.76
DEBUG 2026-09-03 10:00:40 [action #23] t=1.61s step=22 queue=28 dmax=0.450 | shoulder_pan.pos=-4.51 shoulder_lift.pos=-102.02 elbow_flex.pos=+88.97 wrist_flex.pos=+76.42 wrist_roll.pos=-0.31 gripper.pos=+0.77
DEBUG 2026-09-03 10:00:40 [action #24] t=1.64s step=23 queue=27 dmax=0.267 | shoulder_pan.pos=-4.48 shoulder_lift.pos=-101.84 elbow_flex.pos=+88.71 wrist_flex.pos=+76.36 wrist_roll.pos=-0.37 gripper.pos=+0.71
DEBUG 2026-09-03 10:00:40 [action #25] t=1.67s step=24 queue=26 dmax=0.326 | shoulder_pan.pos=-4.59 shoulder_lift.pos=-101.52 elbow_flex.pos=+88.89 wrist_flex.pos=+76.48 wrist_roll.pos=-0.35 gripper.pos=+0.57
DEBUG 2026-09-03 10:00:40 [action #26] t=1.71s step=25 queue=25 dmax=0.605 | shoulder_pan.pos=-4.45 shoulder_lift.pos=-102.12 elbow_flex.pos=+89.06 wrist_flex.pos=+76.52 wrist_roll.pos=-0.31 gripper.pos=+0.78
DEBUG 2026-09-03 10:00:41 [action #27] t=1.74s step=26 queue=24 dmax=0.085 | shoulder_pan.pos=-4.46 shoulder_lift.pos=-102.04 elbow_flex.pos=+89.00 wrist_flex.pos=+76.51 wrist_roll.pos=-0.39 gripper.pos=+0.73
DEBUG 2026-09-03 10:00:41 [action #28] t=1.77s step=27 queue=23 dmax=0.320 | shoulder_pan.pos=-4.48 shoulder_lift.pos=-102.36 elbow_flex.pos=+89.08 wrist_flex.pos=+76.53 wrist_roll.pos=-0.38 gripper.pos=+0.93
DEBUG 2026-09-03 10:00:41 [action #29] t=1.81s step=28 queue=22 dmax=0.189 | shoulder_pan.pos=-4.29 shoulder_lift.pos=-102.26 elbow_flex.pos=+89.20 wrist_flex.pos=+76.40 wrist_roll.pos=-0.43 gripper.pos=+0.82
DEBUG 2026-09-03 10:00:41 [action #30] t=1.84s step=29 queue=21 dmax=0.261 | shoulder_pan.pos=-4.55 shoulder_lift.pos=-102.23 elbow_flex.pos=+89.25 wrist_flex.pos=+76.48 wrist_roll.pos=-0.47 gripper.pos=+0.90
DEBUG 2026-09-03 10:00:41 [action #31] t=1.87s step=30 queue=20 dmax=0.525 | shoulder_pan.pos=-4.70 shoulder_lift.pos=-101.76 elbow_flex.pos=+88.73 wrist_flex.pos=+76.66 wrist_roll.pos=-0.43 gripper.pos=+0.81
DEBUG 2026-09-03 10:00:41 [action #32] t=1.91s step=31 queue=19 dmax=0.247 | shoulder_pan.pos=-4.53 shoulder_lift.pos=-101.82 elbow_flex.pos=+88.97 wrist_flex.pos=+76.48 wrist_roll.pos=-0.39 gripper.pos=+0.83
DEBUG 2026-09-03 10:00:41 [action #33] t=1.94s step=32 queue=18 dmax=0.469 | shoulder_pan.pos=-4.50 shoulder_lift.pos=-102.29 elbow_flex.pos=+89.36 wrist_flex.pos=+76.39 wrist_roll.pos=-0.48 gripper.pos=+0.93
DEBUG 2026-09-03 10:00:41 [action #34] t=1.98s step=33 queue=17 dmax=0.704 | shoulder_pan.pos=-4.43 shoulder_lift.pos=-102.34 elbow_flex.pos=+88.66 wrist_flex.pos=+76.43 wrist_roll.pos=-0.35 gripper.pos=+0.89
DEBUG 2026-09-03 10:00:41 [chunk] received 50 actions, timesteps 5..54 | first: shoulder_pan.pos=-3.94 shoulder_lift.pos=-102.35 elbow_flex.pos=+89.62 wrist_flex.pos=+76.81 wrist_roll.pos=-0.26 gripper.pos=+0.74 | last: shoulder_pan.pos=-5.58 shoulder_lift.pos=-102.33 elbow_flex.pos=+88.76 wrist_flex.pos=+76.71 wrist_roll.pos=-1.10 gripper.pos=+0.71
DEBUG 2026-09-03 10:00:41 [action #35] t=2.01s step=34 queue=21 dmax=0.302 | shoulder_pan.pos=-4.48 shoulder_lift.pos=-102.05 elbow_flex.pos=+88.50 wrist_flex.pos=+76.73 wrist_roll.pos=-0.46 gripper.pos=+0.74
DEBUG 2026-09-03 10:00:41 [action #36] t=2.04s step=35 queue=20 dmax=0.253 | shoulder_pan.pos=-4.69 shoulder_lift.pos=-102.05 elbow_flex.pos=+88.76 wrist_flex.pos=+76.88 wrist_roll.pos=-0.55 gripper.pos=+0.84
DEBUG 2026-09-03 10:00:41 [action #37] t=2.08s step=36 queue=19 dmax=0.206 | shoulder_pan.pos=-4.71 shoulder_lift.pos=-101.84 elbow_flex.pos=+88.58 wrist_flex.pos=+76.79 wrist_roll.pos=-0.54 gripper.pos=+0.84
DEBUG 2026-09-03 10:00:41 [action #38] t=2.11s step=37 queue=18 dmax=0.614 | shoulder_pan.pos=-4.82 shoulder_lift.pos=-101.93 elbow_flex.pos=+89.19 wrist_flex.pos=+76.81 wrist_roll.pos=-0.48 gripper.pos=+0.90
DEBUG 2026-09-03 10:00:41 [action #39] t=2.14s step=38 queue=17 dmax=0.389 | shoulder_pan.pos=-4.98 shoulder_lift.pos=-102.07 elbow_flex.pos=+88.80 wrist_flex.pos=+76.66 wrist_roll.pos=-0.56 gripper.pos=+0.79
DEBUG 2026-09-03 10:00:41 [action #40] t=2.18s step=39 queue=16 dmax=0.239 | shoulder_pan.pos=-5.03 shoulder_lift.pos=-101.83 elbow_flex.pos=+88.88 wrist_flex.pos=+76.68 wrist_roll.pos=-0.53 gripper.pos=+0.78
DEBUG 2026-09-03 10:00:41 [action #41] t=2.21s step=40 queue=15 dmax=0.299 | shoulder_pan.pos=-5.03 shoulder_lift.pos=-102.11 elbow_flex.pos=+89.18 wrist_flex.pos=+76.61 wrist_roll.pos=-0.56 gripper.pos=+0.78
DEBUG 2026-09-03 10:00:41 [action #42] t=2.24s step=41 queue=14 dmax=0.285 | shoulder_pan.pos=-5.19 shoulder_lift.pos=-102.12 elbow_flex.pos=+88.89 wrist_flex.pos=+76.59 wrist_roll.pos=-0.56 gripper.pos=+0.80
DEBUG 2026-09-03 10:00:41 [action #43] t=2.28s step=42 queue=13 dmax=0.329 | shoulder_pan.pos=-5.08 shoulder_lift.pos=-101.79 elbow_flex.pos=+88.86 wrist_flex.pos=+76.50 wrist_roll.pos=-0.57 gripper.pos=+0.76
DEBUG 2026-09-03 10:00:41 [action #44] t=2.31s step=43 queue=12 dmax=0.544 | shoulder_pan.pos=-5.35 shoulder_lift.pos=-102.34 elbow_flex.pos=+89.20 wrist_flex.pos=+76.53 wrist_roll.pos=-0.59 gripper.pos=+0.70
DEBUG 2026-09-03 10:00:41 [action #45] t=2.34s step=44 queue=11 dmax=0.372 | shoulder_pan.pos=-5.19 shoulder_lift.pos=-102.47 elbow_flex.pos=+88.82 wrist_flex.pos=+76.52 wrist_roll.pos=-0.61 gripper.pos=+0.65
DEBUG 2026-09-03 10:00:41 [action #46] t=2.38s step=45 queue=10 dmax=0.101 | shoulder_pan.pos=-5.09 shoulder_lift.pos=-102.53 elbow_flex.pos=+88.87 wrist_flex.pos=+76.62 wrist_roll.pos=-0.56 gripper.pos=+0.74
DEBUG 2026-09-03 10:00:41 [action #47] t=2.41s step=46 queue=9 dmax=0.253 | shoulder_pan.pos=-5.24 shoulder_lift.pos=-102.28 elbow_flex.pos=+89.03 wrist_flex.pos=+76.58 wrist_roll.pos=-0.68 gripper.pos=+0.71
DEBUG 2026-09-03 10:00:41 [action #48] t=2.44s step=47 queue=8 dmax=0.271 | shoulder_pan.pos=-5.34 shoulder_lift.pos=-102.04 elbow_flex.pos=+89.30 wrist_flex.pos=+76.50 wrist_roll.pos=-0.78 gripper.pos=+0.77
DEBUG 2026-09-03 10:00:41 [action #49] t=2.48s step=48 queue=7 dmax=0.413 | shoulder_pan.pos=-5.30 shoulder_lift.pos=-102.32 elbow_flex.pos=+88.89 wrist_flex.pos=+76.51 wrist_roll.pos=-0.82 gripper.pos=+0.67
DEBUG 2026-09-03 10:00:41 [action #50] t=2.51s step=49 queue=6 dmax=0.284 | shoulder_pan.pos=-5.36 shoulder_lift.pos=-102.13 elbow_flex.pos=+89.17 wrist_flex.pos=+76.49 wrist_roll.pos=-0.74 gripper.pos=+0.73
DEBUG 2026-09-03 10:00:41 [action #51] t=2.54s step=50 queue=5 dmax=0.297 | shoulder_pan.pos=-5.66 shoulder_lift.pos=-102.11 elbow_flex.pos=+88.95 wrist_flex.pos=+76.56 wrist_roll.pos=-1.01 gripper.pos=+0.74
DEBUG 2026-09-03 10:00:41 [action #52] t=2.58s step=51 queue=4 dmax=0.548 | shoulder_pan.pos=-5.66 shoulder_lift.pos=-102.14 elbow_flex.pos=+88.40 wrist_flex.pos=+76.49 wrist_roll.pos=-0.93 gripper.pos=+0.61
DEBUG 2026-09-03 10:00:41 [action #53] t=2.61s step=52 queue=3 dmax=1.203 | shoulder_pan.pos=-5.73 shoulder_lift.pos=-102.50 elbow_flex.pos=+89.60 wrist_flex.pos=+76.73 wrist_roll.pos=-1.13 gripper.pos=+0.72
DEBUG 2026-09-03 10:00:41 [action #54] t=2.64s step=53 queue=2 dmax=0.552 | shoulder_pan.pos=-5.86 shoulder_lift.pos=-102.28 elbow_flex.pos=+89.05 wrist_flex.pos=+76.66 wrist_roll.pos=-1.08 gripper.pos=+0.72
DEBUG 2026-09-03 10:00:41 [action #55] t=2.68s step=54 queue=1 dmax=0.293 | shoulder_pan.pos=-5.58 shoulder_lift.pos=-102.33 elbow_flex.pos=+88.76 wrist_flex.pos=+76.71 wrist_roll.pos=-1.10 gripper.pos=+0.71
DEBUG 2026-09-03 10:00:42 [chunk] received 50 actions, timesteps 53..102 | first: shoulder_pan.pos=-5.31 shoulder_lift.pos=-102.36 elbow_flex.pos=+89.17 wrist_flex.pos=+76.68 wrist_roll.pos=-0.64 gripper.pos=+1.00 | last: shoulder_pan.pos=-5.95 shoulder_lift.pos=-102.48 elbow_flex.pos=+88.93 wrist_flex.pos=+77.10 wrist_roll.pos=-0.58 gripper.pos=+0.85
DEBUG 2026-09-03 10:00:42 [action #56] t=3.58s step=55 queue=48 dmax=0.640 | shoulder_pan.pos=-5.13 shoulder_lift.pos=-102.23 elbow_flex.pos=+88.61 wrist_flex.pos=+76.85 wrist_roll.pos=-0.46 gripper.pos=+0.85
DEBUG 2026-09-03 10:00:42 [action #57] t=3.61s step=56 queue=47 dmax=0.332 | shoulder_pan.pos=-5.18 shoulder_lift.pos=-101.90 elbow_flex.pos=+88.89 wrist_flex.pos=+76.90 wrist_roll.pos=-0.54 gripper.pos=+0.89
DEBUG 2026-09-03 10:00:42 [action #58] t=3.65s step=57 queue=46 dmax=0.274 | shoulder_pan.pos=-5.45 shoulder_lift.pos=-101.64 elbow_flex.pos=+88.81 wrist_flex.pos=+76.76 wrist_roll.pos=-0.51 gripper.pos=+0.89
DEBUG 2026-09-03 10:00:42 [action #59] t=3.68s step=58 queue=45 dmax=0.542 | shoulder_pan.pos=-5.10 shoulder_lift.pos=-102.18 elbow_flex.pos=+88.73 wrist_flex.pos=+77.08 wrist_roll.pos=-0.54 gripper.pos=+0.94
DEBUG 2026-09-03 10:00:42 [action #60] t=3.71s step=59 queue=44 dmax=0.123 | shoulder_pan.pos=-5.17 shoulder_lift.pos=-102.18 elbow_flex.pos=+88.72 wrist_flex.pos=+77.03 wrist_roll.pos=-0.57 gripper.pos=+0.82
DEBUG 2026-09-03 10:00:43 [action #61] t=3.75s step=60 queue=43 dmax=0.485 | shoulder_pan.pos=-5.31 shoulder_lift.pos=-101.70 elbow_flex.pos=+88.86 wrist_flex.pos=+77.04 wrist_roll.pos=-0.51 gripper.pos=+0.89
DEBUG 2026-09-03 10:00:43 [action #62] t=3.78s step=61 queue=42 dmax=0.380 | shoulder_pan.pos=-5.17 shoulder_lift.pos=-102.08 elbow_flex.pos=+88.72 wrist_flex.pos=+76.90 wrist_roll.pos=-0.54 gripper.pos=+0.89
DEBUG 2026-09-03 10:00:43 [action #63] t=3.81s step=62 queue=41 dmax=0.302 | shoulder_pan.pos=-5.24 shoulder_lift.pos=-102.38 elbow_flex.pos=+88.73 wrist_flex.pos=+77.08 wrist_roll.pos=-0.45 gripper.pos=+0.80
DEBUG 2026-09-03 10:00:43 [action #64] t=3.85s step=63 queue=40 dmax=0.127 | shoulder_pan.pos=-5.27 shoulder_lift.pos=-102.29 elbow_flex.pos=+88.84 wrist_flex.pos=+77.21 wrist_roll.pos=-0.57 gripper.pos=+0.87
DEBUG 2026-09-03 10:00:43 [action #65] t=3.88s step=64 queue=39 dmax=0.351 | shoulder_pan.pos=-5.24 shoulder_lift.pos=-101.94 elbow_flex.pos=+88.69 wrist_flex.pos=+77.18 wrist_roll.pos=-0.50 gripper.pos=+0.78
DEBUG 2026-09-03 10:00:43 [action #66] t=3.91s step=65 queue=38 dmax=0.393 | shoulder_pan.pos=-5.35 shoulder_lift.pos=-102.33 elbow_flex.pos=+88.44 wrist_flex.pos=+77.09 wrist_roll.pos=-0.66 gripper.pos=+0.84
DEBUG 2026-09-03 10:00:43 [action #67] t=3.95s step=66 queue=37 dmax=0.197 | shoulder_pan.pos=-5.33 shoulder_lift.pos=-102.24 elbow_flex.pos=+88.64 wrist_flex.pos=+77.19 wrist_roll.pos=-0.53 gripper.pos=+0.72
DEBUG 2026-09-03 10:00:43 [action #68] t=3.98s step=67 queue=36 dmax=0.455 | shoulder_pan.pos=-5.40 shoulder_lift.pos=-102.17 elbow_flex.pos=+89.10 wrist_flex.pos=+77.28 wrist_roll.pos=-0.63 gripper.pos=+0.74
DEBUG 2026-09-03 10:00:43 [action #69] t=4.02s step=68 queue=35 dmax=0.463 | shoulder_pan.pos=-5.69 shoulder_lift.pos=-101.82 elbow_flex.pos=+88.63 wrist_flex.pos=+77.05 wrist_roll.pos=-0.64 gripper.pos=+0.84
DEBUG 2026-09-03 10:00:43 [action #70] t=4.05s step=69 queue=34 dmax=0.477 | shoulder_pan.pos=-5.67 shoulder_lift.pos=-102.30 elbow_flex.pos=+88.92 wrist_flex.pos=+77.22 wrist_roll.pos=-0.63 gripper.pos=+0.80
DEBUG 2026-09-03 10:00:43 [action #71] t=4.08s step=70 queue=33 dmax=0.411 | shoulder_pan.pos=-5.62 shoulder_lift.pos=-101.89 elbow_flex.pos=+88.74 wrist_flex.pos=+77.14 wrist_roll.pos=-0.61 gripper.pos=+0.82
DEBUG 2026-09-03 10:00:43 [action #72] t=4.12s step=71 queue=32 dmax=0.511 | shoulder_pan.pos=-5.76 shoulder_lift.pos=-102.14 elbow_flex.pos=+88.23 wrist_flex.pos=+77.03 wrist_roll.pos=-0.61 gripper.pos=+0.89
DEBUG 2026-09-03 10:00:43 [action #73] t=4.15s step=72 queue=31 dmax=0.897 | shoulder_pan.pos=-5.60 shoulder_lift.pos=-101.80 elbow_flex.pos=+89.13 wrist_flex.pos=+77.11 wrist_roll.pos=-0.57 gripper.pos=+0.94
DEBUG 2026-09-03 10:00:43 [action #74] t=4.18s step=73 queue=30 dmax=0.302 | shoulder_pan.pos=-5.51 shoulder_lift.pos=-101.84 elbow_flex.pos=+88.83 wrist_flex.pos=+77.07 wrist_roll.pos=-0.66 gripper.pos=+0.96
DEBUG 2026-09-03 10:00:43 [action #75] t=4.22s step=74 queue=29 dmax=0.642 | shoulder_pan.pos=-5.67 shoulder_lift.pos=-102.48 elbow_flex.pos=+88.71 wrist_flex.pos=+77.17 wrist_roll.pos=-0.61 gripper.pos=+0.82
DEBUG 2026-09-03 10:00:43 [action #76] t=4.25s step=75 queue=28 dmax=0.725 | shoulder_pan.pos=-5.84 shoulder_lift.pos=-101.75 elbow_flex.pos=+88.72 wrist_flex.pos=+77.07 wrist_roll.pos=-0.60 gripper.pos=+0.84
DEBUG 2026-09-03 10:00:43 [action #77] t=4.28s step=76 queue=27 dmax=0.601 | shoulder_pan.pos=-5.73 shoulder_lift.pos=-102.35 elbow_flex.pos=+88.95 wrist_flex.pos=+76.98 wrist_roll.pos=-0.70 gripper.pos=+0.91
DEBUG 2026-09-03 10:00:43 [action #78] t=4.32s step=77 queue=26 dmax=0.285 | shoulder_pan.pos=-5.64 shoulder_lift.pos=-102.15 elbow_flex.pos=+88.67 wrist_flex.pos=+77.01 wrist_roll.pos=-0.56 gripper.pos=+0.98
DEBUG 2026-09-03 10:00:43 [action #79] t=4.35s step=78 queue=25 dmax=0.243 | shoulder_pan.pos=-5.54 shoulder_lift.pos=-101.91 elbow_flex.pos=+88.63 wrist_flex.pos=+76.88 wrist_roll.pos=-0.58 gripper.pos=+0.80
DEBUG 2026-09-03 10:00:43 [action #80] t=4.38s step=79 queue=24 dmax=0.415 | shoulder_pan.pos=-5.67 shoulder_lift.pos=-102.32 elbow_flex.pos=+88.91 wrist_flex.pos=+76.98 wrist_roll.pos=-0.59 gripper.pos=+0.93
DEBUG 2026-09-03 10:00:43 [action #81] t=4.42s step=80 queue=23 dmax=0.535 | shoulder_pan.pos=-5.66 shoulder_lift.pos=-102.10 elbow_flex.pos=+88.38 wrist_flex.pos=+77.00 wrist_roll.pos=-0.58 gripper.pos=+0.84
DEBUG 2026-09-03 10:00:43 [chunk] received 50 actions, timesteps 54..103 | first: shoulder_pan.pos=-5.39 shoulder_lift.pos=-102.37 elbow_flex.pos=+89.01 wrist_flex.pos=+76.80 wrist_roll.pos=-0.38 gripper.pos=+0.81 | last: shoulder_pan.pos=-5.85 shoulder_lift.pos=-101.99 elbow_flex.pos=+89.42 wrist_flex.pos=+76.86 wrist_roll.pos=-0.69 gripper.pos=+0.76
DEBUG 2026-09-03 10:00:43 [action #82] t=4.45s step=81 queue=23 dmax=0.964 | shoulder_pan.pos=-5.71 shoulder_lift.pos=-101.77 elbow_flex.pos=+89.34 wrist_flex.pos=+76.85 wrist_roll.pos=-0.68 gripper.pos=+0.87
DEBUG 2026-09-03 10:00:43 [action #83] t=4.48s step=82 queue=22 dmax=0.334 | shoulder_pan.pos=-5.67 shoulder_lift.pos=-101.98 elbow_flex.pos=+89.01 wrist_flex.pos=+76.86 wrist_roll.pos=-0.60 gripper.pos=+0.89
DEBUG 2026-09-03 10:00:43 [action #84] t=4.52s step=83 queue=21 dmax=0.123 | shoulder_pan.pos=-5.61 shoulder_lift.pos=-101.86 elbow_flex.pos=+89.00 wrist_flex.pos=+76.85 wrist_roll.pos=-0.60 gripper.pos=+0.78
DEBUG 2026-09-03 10:00:43 [action #85] t=4.55s step=84 queue=20 dmax=0.185 | shoulder_pan.pos=-5.48 shoulder_lift.pos=-102.03 elbow_flex.pos=+88.81 wrist_flex.pos=+76.78 wrist_roll.pos=-0.53 gripper.pos=+0.90
DEBUG 2026-09-03 10:00:43 [action #86] t=4.58s step=85 queue=19 dmax=0.548 | shoulder_pan.pos=-5.69 shoulder_lift.pos=-101.61 elbow_flex.pos=+89.36 wrist_flex.pos=+76.88 wrist_roll.pos=-0.61 gripper.pos=+0.83
DEBUG 2026-09-03 10:00:43 [action #87] t=4.62s step=86 queue=18 dmax=0.090 | shoulder_pan.pos=-5.65 shoulder_lift.pos=-101.55 elbow_flex.pos=+89.34 wrist_flex.pos=+76.79 wrist_roll.pos=-0.53 gripper.pos=+0.88
DEBUG 2026-09-03 10:00:43 [action #88] t=4.65s step=87 queue=17 dmax=0.650 | shoulder_pan.pos=-5.71 shoulder_lift.pos=-102.20 elbow_flex.pos=+89.28 wrist_flex.pos=+76.88 wrist_roll.pos=-0.51 gripper.pos=+0.91
DEBUG 2026-09-03 10:00:43 [action #89] t=4.68s step=88 queue=16 dmax=0.211 | shoulder_pan.pos=-5.64 shoulder_lift.pos=-102.10 elbow_flex.pos=+89.07 wrist_flex.pos=+76.84 wrist_roll.pos=-0.56 gripper.pos=+0.86
DEBUG 2026-09-03 10:00:43 [action #90] t=4.72s step=89 queue=15 dmax=0.229 | shoulder_pan.pos=-5.62 shoulder_lift.pos=-101.87 elbow_flex.pos=+88.94 wrist_flex.pos=+76.88 wrist_roll.pos=-0.54 gripper.pos=+0.90
DEBUG 2026-09-03 10:00:44 [action #91] t=4.75s step=90 queue=14 dmax=0.348 | shoulder_pan.pos=-5.80 shoulder_lift.pos=-101.82 elbow_flex.pos=+89.29 wrist_flex.pos=+76.87 wrist_roll.pos=-0.61 gripper.pos=+0.94
DEBUG 2026-09-03 10:00:44 [action #92] t=4.78s step=91 queue=13 dmax=0.187 | shoulder_pan.pos=-5.91 shoulder_lift.pos=-102.00 elbow_flex.pos=+89.30 wrist_flex.pos=+76.87 wrist_roll.pos=-0.60 gripper.pos=+0.86
DEBUG 2026-09-03 10:00:44 [action #93] t=4.82s step=92 queue=12 dmax=0.148 | shoulder_pan.pos=-6.06 shoulder_lift.pos=-101.93 elbow_flex.pos=+89.16 wrist_flex.pos=+76.85 wrist_roll.pos=-0.62 gripper.pos=+0.87
DEBUG 2026-09-03 10:00:44 [action #94] t=4.85s step=93 queue=11 dmax=0.183 | shoulder_pan.pos=-5.96 shoulder_lift.pos=-101.78 elbow_flex.pos=+88.97 wrist_flex.pos=+76.79 wrist_roll.pos=-0.65 gripper.pos=+0.78
DEBUG 2026-09-03 10:00:44 [action #95] t=4.88s step=94 queue=10 dmax=0.274 | shoulder_pan.pos=-6.16 shoulder_lift.pos=-102.05 elbow_flex.pos=+89.02 wrist_flex.pos=+76.88 wrist_roll.pos=-0.60 gripper.pos=+0.76
DEBUG 2026-09-03 10:00:44 [action #96] t=4.92s step=95 queue=9 dmax=0.266 | shoulder_pan.pos=-5.89 shoulder_lift.pos=-101.87 elbow_flex.pos=+88.98 wrist_flex.pos=+76.85 wrist_roll.pos=-0.58 gripper.pos=+0.77
DEBUG 2026-09-03 10:00:44 [action #97] t=4.95s step=96 queue=8 dmax=0.130 | shoulder_pan.pos=-6.02 shoulder_lift.pos=-102.00 elbow_flex.pos=+89.06 wrist_flex.pos=+76.87 wrist_roll.pos=-0.61 gripper.pos=+0.75
DEBUG 2026-09-03 10:00:44 [action #98] t=4.99s step=97 queue=7 dmax=0.079 | shoulder_pan.pos=-6.02 shoulder_lift.pos=-101.93 elbow_flex.pos=+88.99 wrist_flex.pos=+76.95 wrist_roll.pos=-0.64 gripper.pos=+0.77
DEBUG 2026-09-03 10:00:44 [action #99] t=5.02s step=98 queue=6 dmax=0.115 | shoulder_pan.pos=-5.90 shoulder_lift.pos=-101.89 elbow_flex.pos=+88.92 wrist_flex.pos=+76.91 wrist_roll.pos=-0.64 gripper.pos=+0.80
DEBUG 2026-09-03 10:00:44 [action #100] t=5.05s step=99 queue=5 dmax=0.210 | shoulder_pan.pos=-5.97 shoulder_lift.pos=-101.86 elbow_flex.pos=+88.71 wrist_flex.pos=+76.83 wrist_roll.pos=-0.66 gripper.pos=+0.67
DEBUG 2026-09-03 10:00:44 [action #101] t=5.09s step=100 queue=4 dmax=0.188 | shoulder_pan.pos=-6.03 shoulder_lift.pos=-102.05 elbow_flex.pos=+88.90 wrist_flex.pos=+76.95 wrist_roll.pos=-0.61 gripper.pos=+0.75
DEBUG 2026-09-03 10:00:44 [action #102] t=5.12s step=101 queue=3 dmax=0.310 | shoulder_pan.pos=-5.91 shoulder_lift.pos=-101.74 elbow_flex.pos=+88.73 wrist_flex.pos=+76.79 wrist_roll.pos=-0.65 gripper.pos=+0.76
DEBUG 2026-09-03 10:00:44 [action #103] t=5.15s step=102 queue=2 dmax=0.675 | shoulder_pan.pos=-5.97 shoulder_lift.pos=-102.42 elbow_flex.pos=+88.76 wrist_flex.pos=+76.89 wrist_roll.pos=-0.67 gripper.pos=+0.69
DEBUG 2026-09-03 10:00:44 [action #104] t=5.19s step=103 queue=1 dmax=0.660 | shoulder_pan.pos=-5.85 shoulder_lift.pos=-101.99 elbow_flex.pos=+89.42 wrist_flex.pos=+76.86 wrist_roll.pos=-0.69 gripper.pos=+0.76
DEBUG 2026-09-03 10:00:45 [chunk] received 50 actions, timesteps 103..152 | first: shoulder_pan.pos=-5.43 shoulder_lift.pos=-101.91 elbow_flex.pos=+88.61 wrist_flex.pos=+77.06 wrist_roll.pos=-0.54 gripper.pos=+0.89 | last: shoulder_pan.pos=-5.60 shoulder_lift.pos=-102.06 elbow_flex.pos=+88.87 wrist_flex.pos=+77.31 wrist_roll.pos=-0.94 gripper.pos=+0.80
DEBUG 2026-09-03 10:00:45 [action #105] t=6.12s step=104 queue=49 dmax=0.434 | shoulder_pan.pos=-5.44 shoulder_lift.pos=-101.79 elbow_flex.pos=+88.99 wrist_flex.pos=+77.29 wrist_roll.pos=-0.67 gripper.pos=+0.87
INFO 2026-09-03 10:00:50 Final action sent: shoulder_pan.pos=-5.44 shoulder_lift.pos=-101.79 elbow_flex.pos=+88.99 wrist_flex.pos=+77.29 wrist_roll.pos=-0.67 gripper.pos=+0.87
DEBUG 2026-09-03 10:00:50 === episode end | 11.2s | converged=True | actions=105 ===
