DEBUG 2026-09-03 08:16:22 === episode start | task: 'put the box on the tray' | duration: 50.0s ===
DEBUG 2026-09-03 08:16:23 [chunk] received 50 actions, timesteps 0..49 | first: shoulder_pan.pos=-4.32 shoulder_lift.pos=-101.80 elbow_flex.pos=+88.96 wrist_flex.pos=+73.56 wrist_roll.pos=-1.03 gripper.pos=+0.49 | last: shoulder_pan.pos=-3.49 shoulder_lift.pos=-101.50 elbow_flex.pos=+81.40 wrist_flex.pos=+71.06 wrist_roll.pos=-2.23 gripper.pos=+0.20
DEBUG 2026-09-03 08:16:23 [action #1] t=1.20s step=0 queue=50 dmax=n/a | shoulder_pan.pos=-4.32 shoulder_lift.pos=-101.80 elbow_flex.pos=+88.96 wrist_flex.pos=+73.56 wrist_roll.pos=-1.03 gripper.pos=+0.49
DEBUG 2026-09-03 08:16:24 [action #2] t=1.24s step=1 queue=49 dmax=0.447 | shoulder_pan.pos=-4.36 shoulder_lift.pos=-101.83 elbow_flex.pos=+88.70 wrist_flex.pos=+73.12 wrist_roll.pos=-1.02 gripper.pos=+0.39
DEBUG 2026-09-03 08:16:24 [action #3] t=1.27s step=2 queue=48 dmax=0.389 | shoulder_pan.pos=-4.33 shoulder_lift.pos=-101.96 elbow_flex.pos=+89.09 wrist_flex.pos=+72.85 wrist_roll.pos=-0.98 gripper.pos=+0.33
DEBUG 2026-09-03 08:16:24 [action #4] t=1.30s step=3 queue=47 dmax=0.385 | shoulder_pan.pos=-4.37 shoulder_lift.pos=-101.58 elbow_flex.pos=+88.83 wrist_flex.pos=+72.51 wrist_roll.pos=-1.02 gripper.pos=+0.23
DEBUG 2026-09-03 08:16:24 [action #5] t=1.34s step=4 queue=46 dmax=0.262 | shoulder_pan.pos=-4.63 shoulder_lift.pos=-101.71 elbow_flex.pos=+89.01 wrist_flex.pos=+72.33 wrist_roll.pos=-1.04 gripper.pos=+0.25
DEBUG 2026-09-03 08:16:24 [action #6] t=1.37s step=5 queue=45 dmax=0.955 | shoulder_pan.pos=-4.55 shoulder_lift.pos=-102.66 elbow_flex.pos=+88.81 wrist_flex.pos=+72.05 wrist_roll.pos=-1.00 gripper.pos=+0.36
DEBUG 2026-09-03 08:16:24 [action #7] t=1.41s step=6 queue=44 dmax=1.186 | shoulder_pan.pos=-4.54 shoulder_lift.pos=-101.48 elbow_flex.pos=+88.77 wrist_flex.pos=+72.01 wrist_roll.pos=-0.92 gripper.pos=+0.35
DEBUG 2026-09-03 08:16:24 [action #8] t=1.44s step=7 queue=43 dmax=0.687 | shoulder_pan.pos=-4.83 shoulder_lift.pos=-102.17 elbow_flex.pos=+88.70 wrist_flex.pos=+71.73 wrist_roll.pos=-0.90 gripper.pos=+0.37
DEBUG 2026-09-03 08:16:24 [action #9] t=1.47s step=8 queue=42 dmax=0.624 | shoulder_pan.pos=-4.74 shoulder_lift.pos=-102.30 elbow_flex.pos=+89.32 wrist_flex.pos=+71.80 wrist_roll.pos=-0.94 gripper.pos=+0.32
DEBUG 2026-09-03 08:16:24 [action #10] t=1.51s step=9 queue=41 dmax=0.610 | shoulder_pan.pos=-4.68 shoulder_lift.pos=-102.23 elbow_flex.pos=+88.71 wrist_flex.pos=+71.72 wrist_roll.pos=-0.87 gripper.pos=+0.36
DEBUG 2026-09-03 08:16:24 [action #11] t=1.54s step=10 queue=40 dmax=0.407 | shoulder_pan.pos=-5.09 shoulder_lift.pos=-102.49 elbow_flex.pos=+88.54 wrist_flex.pos=+71.58 wrist_roll.pos=-0.90 gripper.pos=+0.36
DEBUG 2026-09-03 08:16:24 [action #12] t=1.57s step=11 queue=39 dmax=0.319 | shoulder_pan.pos=-5.05 shoulder_lift.pos=-102.17 elbow_flex.pos=+88.52 wrist_flex.pos=+71.48 wrist_roll.pos=-0.81 gripper.pos=+0.40
DEBUG 2026-09-03 08:16:24 [action #13] t=1.61s step=12 queue=38 dmax=0.258 | shoulder_pan.pos=-4.95 shoulder_lift.pos=-101.94 elbow_flex.pos=+88.31 wrist_flex.pos=+71.23 wrist_roll.pos=-0.80 gripper.pos=+0.51
DEBUG 2026-09-03 08:16:24 [action #14] t=1.64s step=13 queue=37 dmax=0.516 | shoulder_pan.pos=-5.25 shoulder_lift.pos=-102.12 elbow_flex.pos=+88.82 wrist_flex.pos=+71.13 wrist_roll.pos=-0.76 gripper.pos=+0.36
DEBUG 2026-09-03 08:16:24 [action #15] t=1.67s step=14 queue=36 dmax=0.762 | shoulder_pan.pos=-5.38 shoulder_lift.pos=-101.71 elbow_flex.pos=+88.06 wrist_flex.pos=+70.92 wrist_roll.pos=-0.74 gripper.pos=+0.34
DEBUG 2026-09-03 08:16:24 [action #16] t=1.71s step=15 queue=35 dmax=0.653 | shoulder_pan.pos=-5.41 shoulder_lift.pos=-102.36 elbow_flex.pos=+88.63 wrist_flex.pos=+70.54 wrist_roll.pos=-0.59 gripper.pos=+0.33
DEBUG 2026-09-03 08:16:24 [action #17] t=1.74s step=16 queue=34 dmax=0.907 | shoulder_pan.pos=-5.80 shoulder_lift.pos=-102.17 elbow_flex.pos=+87.72 wrist_flex.pos=+70.70 wrist_roll.pos=-0.53 gripper.pos=+0.35
DEBUG 2026-09-03 08:16:24 [action #18] t=1.77s step=17 queue=33 dmax=0.491 | shoulder_pan.pos=-5.89 shoulder_lift.pos=-101.92 elbow_flex.pos=+87.77 wrist_flex.pos=+70.21 wrist_roll.pos=-0.44 gripper.pos=+0.44
DEBUG 2026-09-03 08:16:24 [action #19] t=1.81s step=18 queue=32 dmax=0.500 | shoulder_pan.pos=-6.23 shoulder_lift.pos=-102.42 elbow_flex.pos=+88.00 wrist_flex.pos=+70.03 wrist_roll.pos=-0.38 gripper.pos=+0.45
DEBUG 2026-09-03 08:16:24 [action #20] t=1.84s step=19 queue=31 dmax=0.719 | shoulder_pan.pos=-6.35 shoulder_lift.pos=-102.14 elbow_flex.pos=+87.28 wrist_flex.pos=+69.97 wrist_roll.pos=-0.41 gripper.pos=+0.31
DEBUG 2026-09-03 08:16:24 [action #21] t=1.87s step=20 queue=30 dmax=0.681 | shoulder_pan.pos=-6.77 shoulder_lift.pos=-102.38 elbow_flex.pos=+87.96 wrist_flex.pos=+69.90 wrist_roll.pos=-0.43 gripper.pos=+0.36
DEBUG 2026-09-03 08:16:24 [action #22] t=1.91s step=21 queue=29 dmax=0.496 | shoulder_pan.pos=-6.69 shoulder_lift.pos=-101.88 elbow_flex.pos=+87.82 wrist_flex.pos=+69.71 wrist_roll.pos=-0.44 gripper.pos=+0.35
DEBUG 2026-09-03 08:16:24 [action #23] t=1.94s step=22 queue=28 dmax=0.227 | shoulder_pan.pos=-6.62 shoulder_lift.pos=-102.11 elbow_flex.pos=+87.67 wrist_flex.pos=+69.69 wrist_roll.pos=-0.46 gripper.pos=+0.35
DEBUG 2026-09-03 08:16:24 [action #24] t=1.97s step=23 queue=27 dmax=0.980 | shoulder_pan.pos=-7.00 shoulder_lift.pos=-103.09 elbow_flex.pos=+87.10 wrist_flex.pos=+69.54 wrist_roll.pos=-0.45 gripper.pos=+0.27
DEBUG 2026-09-03 08:16:24 [action #25] t=2.01s step=24 queue=26 dmax=0.807 | shoulder_pan.pos=-6.92 shoulder_lift.pos=-102.28 elbow_flex.pos=+86.89 wrist_flex.pos=+69.73 wrist_roll.pos=-0.58 gripper.pos=+0.35
DEBUG 2026-09-03 08:16:24 [action #26] t=2.04s step=25 queue=25 dmax=0.353 | shoulder_pan.pos=-6.57 shoulder_lift.pos=-102.22 elbow_flex.pos=+87.07 wrist_flex.pos=+69.58 wrist_roll.pos=-0.62 gripper.pos=+0.43
DEBUG 2026-09-03 08:16:24 [action #27] t=2.07s step=26 queue=24 dmax=0.342 | shoulder_pan.pos=-6.91 shoulder_lift.pos=-102.36 elbow_flex.pos=+86.92 wrist_flex.pos=+69.78 wrist_roll.pos=-0.76 gripper.pos=+0.32
DEBUG 2026-09-03 08:16:24 [action #28] t=2.11s step=27 queue=23 dmax=1.048 | shoulder_pan.pos=-6.71 shoulder_lift.pos=-102.06 elbow_flex.pos=+85.88 wrist_flex.pos=+69.94 wrist_roll.pos=-0.86 gripper.pos=+0.42
DEBUG 2026-09-03 08:16:24 [action #29] t=2.14s step=28 queue=22 dmax=0.613 | shoulder_pan.pos=-6.60 shoulder_lift.pos=-102.67 elbow_flex.pos=+86.04 wrist_flex.pos=+70.14 wrist_roll.pos=-0.98 gripper.pos=+0.37
DEBUG 2026-09-03 08:16:24 [action #30] t=2.17s step=29 queue=21 dmax=0.857 | shoulder_pan.pos=-6.54 shoulder_lift.pos=-102.17 elbow_flex.pos=+85.18 wrist_flex.pos=+70.38 wrist_roll.pos=-1.28 gripper.pos=+0.34
DEBUG 2026-09-03 08:16:24 [action #31] t=2.21s step=30 queue=20 dmax=0.752 | shoulder_pan.pos=-6.41 shoulder_lift.pos=-102.52 elbow_flex.pos=+84.43 wrist_flex.pos=+70.55 wrist_roll.pos=-1.48 gripper.pos=+0.39
DEBUG 2026-09-03 08:16:25 [action #32] t=2.24s step=31 queue=19 dmax=0.482 | shoulder_pan.pos=-6.44 shoulder_lift.pos=-102.52 elbow_flex.pos=+83.98 wrist_flex.pos=+70.65 wrist_roll.pos=-1.96 gripper.pos=+0.21
DEBUG 2026-09-03 08:16:25 [action #33] t=2.27s step=32 queue=18 dmax=0.717 | shoulder_pan.pos=-6.09 shoulder_lift.pos=-102.54 elbow_flex.pos=+83.26 wrist_flex.pos=+70.79 wrist_roll.pos=-2.49 gripper.pos=+0.26
DEBUG 2026-09-03 08:16:25 [action #34] t=2.31s step=33 queue=17 dmax=0.990 | shoulder_pan.pos=-6.06 shoulder_lift.pos=-102.65 elbow_flex.pos=+82.27 wrist_flex.pos=+71.06 wrist_roll.pos=-2.78 gripper.pos=+0.31
DEBUG 2026-09-03 08:16:25 [action #35] t=2.34s step=34 queue=16 dmax=0.276 | shoulder_pan.pos=-6.04 shoulder_lift.pos=-102.43 elbow_flex.pos=+82.40 wrist_flex.pos=+71.24 wrist_roll.pos=-3.06 gripper.pos=+0.23
DEBUG 2026-09-03 08:16:25 [action #36] t=2.37s step=35 queue=15 dmax=0.751 | shoulder_pan.pos=-5.82 shoulder_lift.pos=-102.72 elbow_flex.pos=+81.65 wrist_flex.pos=+71.12 wrist_roll.pos=-2.87 gripper.pos=+0.35
DEBUG 2026-09-03 08:16:25 [action #37] t=2.41s step=36 queue=14 dmax=0.679 | shoulder_pan.pos=-5.62 shoulder_lift.pos=-102.44 elbow_flex.pos=+82.32 wrist_flex.pos=+71.22 wrist_roll.pos=-2.74 gripper.pos=+0.33
DEBUG 2026-09-03 08:16:25 [action #38] t=2.44s step=37 queue=13 dmax=0.533 | shoulder_pan.pos=-5.54 shoulder_lift.pos=-102.37 elbow_flex.pos=+81.79 wrist_flex.pos=+71.18 wrist_roll.pos=-2.47 gripper.pos=+0.24
DEBUG 2026-09-03 08:16:25 [chunk] received 50 actions, timesteps 3..52 | first: shoulder_pan.pos=-4.00 shoulder_lift.pos=-100.66 elbow_flex.pos=+87.77 wrist_flex.pos=+73.06 wrist_roll.pos=-0.81 gripper.pos=+0.51 | last: shoulder_pan.pos=-5.96 shoulder_lift.pos=-95.19 elbow_flex.pos=+75.95 wrist_flex.pos=+69.97 wrist_roll.pos=-5.55 gripper.pos=-0.10
DEBUG 2026-09-03 08:16:25 [action #39] t=2.47s step=38 queue=15 dmax=1.628 | shoulder_pan.pos=-6.06 shoulder_lift.pos=-100.74 elbow_flex.pos=+81.80 wrist_flex.pos=+70.82 wrist_roll.pos=-1.67 gripper.pos=+0.21
DEBUG 2026-09-03 08:16:25 [action #40] t=2.51s step=39 queue=14 dmax=0.563 | shoulder_pan.pos=-5.86 shoulder_lift.pos=-100.44 elbow_flex.pos=+81.24 wrist_flex.pos=+70.98 wrist_roll.pos=-1.65 gripper.pos=+0.23
DEBUG 2026-09-03 08:16:25 [action #41] t=2.54s step=40 queue=13 dmax=0.194 | shoulder_pan.pos=-5.80 shoulder_lift.pos=-100.64 elbow_flex.pos=+81.33 wrist_flex.pos=+71.02 wrist_roll.pos=-1.68 gripper.pos=+0.17
DEBUG 2026-09-03 08:16:25 [action #42] t=2.58s step=41 queue=12 dmax=0.357 | shoulder_pan.pos=-5.44 shoulder_lift.pos=-100.75 elbow_flex.pos=+81.09 wrist_flex.pos=+71.01 wrist_roll.pos=-1.64 gripper.pos=+0.21
DEBUG 2026-09-03 08:16:25 [action #43] t=2.61s step=42 queue=11 dmax=0.481 | shoulder_pan.pos=-5.48 shoulder_lift.pos=-100.26 elbow_flex.pos=+81.04 wrist_flex.pos=+71.05 wrist_roll.pos=-1.68 gripper.pos=+0.16
DEBUG 2026-09-03 08:16:25 [action #44] t=2.64s step=43 queue=10 dmax=0.455 | shoulder_pan.pos=-5.44 shoulder_lift.pos=-100.11 elbow_flex.pos=+80.58 wrist_flex.pos=+71.02 wrist_roll.pos=-1.70 gripper.pos=+0.25
DEBUG 2026-09-03 08:16:25 [action #45] t=2.68s step=44 queue=9 dmax=0.444 | shoulder_pan.pos=-5.35 shoulder_lift.pos=-99.91 elbow_flex.pos=+80.14 wrist_flex.pos=+71.04 wrist_roll.pos=-1.69 gripper.pos=+0.13
DEBUG 2026-09-03 08:16:25 [action #46] t=2.71s step=45 queue=8 dmax=0.149 | shoulder_pan.pos=-5.44 shoulder_lift.pos=-99.76 elbow_flex.pos=+80.25 wrist_flex.pos=+71.02 wrist_roll.pos=-1.75 gripper.pos=+0.20
DEBUG 2026-09-03 08:16:25 [action #47] t=2.74s step=46 queue=7 dmax=0.624 | shoulder_pan.pos=-5.28 shoulder_lift.pos=-99.13 elbow_flex.pos=+79.84 wrist_flex.pos=+70.82 wrist_roll.pos=-1.89 gripper.pos=+0.12
DEBUG 2026-09-03 08:16:25 [action #48] t=2.78s step=47 queue=6 dmax=0.565 | shoulder_pan.pos=-5.15 shoulder_lift.pos=-99.70 elbow_flex.pos=+79.61 wrist_flex.pos=+70.93 wrist_roll.pos=-1.95 gripper.pos=+0.22
DEBUG 2026-09-03 08:16:25 [action #49] t=2.81s step=48 queue=5 dmax=0.564 | shoulder_pan.pos=-5.24 shoulder_lift.pos=-99.13 elbow_flex.pos=+79.52 wrist_flex.pos=+70.82 wrist_roll.pos=-2.47 gripper.pos=+0.24
DEBUG 2026-09-03 08:16:25 [action #50] t=2.84s step=49 queue=4 dmax=0.471 | shoulder_pan.pos=-5.11 shoulder_lift.pos=-99.31 elbow_flex.pos=+79.05 wrist_flex.pos=+70.76 wrist_roll.pos=-2.80 gripper.pos=+0.10
DEBUG 2026-09-03 08:16:25 [action #51] t=2.88s step=50 queue=3 dmax=2.096 | shoulder_pan.pos=-5.77 shoulder_lift.pos=-97.21 elbow_flex.pos=+77.46 wrist_flex.pos=+70.71 wrist_roll.pos=-4.09 gripper.pos=+0.22
DEBUG 2026-09-03 08:16:25 [action #52] t=2.91s step=51 queue=2 dmax=0.967 | shoulder_pan.pos=-5.73 shoulder_lift.pos=-96.24 elbow_flex.pos=+77.01 wrist_flex.pos=+70.46 wrist_roll.pos=-4.77 gripper.pos=+0.12
DEBUG 2026-09-03 08:16:25 [action #53] t=2.94s step=52 queue=1 dmax=1.055 | shoulder_pan.pos=-5.96 shoulder_lift.pos=-95.19 elbow_flex.pos=+75.95 wrist_flex.pos=+69.97 wrist_roll.pos=-5.55 gripper.pos=-0.10
DEBUG 2026-09-03 08:16:26 [chunk] received 50 actions, timesteps 37..86 | first: shoulder_pan.pos=-5.85 shoulder_lift.pos=-101.47 elbow_flex.pos=+79.89 wrist_flex.pos=+71.46 wrist_roll.pos=-2.55 gripper.pos=+0.30 | last: shoulder_pan.pos=-7.45 shoulder_lift.pos=-60.35 elbow_flex.pos=+57.23 wrist_flex.pos=+73.73 wrist_roll.pos=-5.24 gripper.pos=+29.99
DEBUG 2026-09-03 08:16:26 [action #54] t=3.41s step=53 queue=34 dmax=15.488 | shoulder_pan.pos=-6.47 shoulder_lift.pos=-79.70 elbow_flex.pos=+68.08 wrist_flex.pos=+70.14 wrist_roll.pos=-3.79 gripper.pos=+0.16
DEBUG 2026-09-03 08:16:26 [action #55] t=3.44s step=54 queue=33 dmax=2.620 | shoulder_pan.pos=-6.27 shoulder_lift.pos=-77.08 elbow_flex.pos=+66.58 wrist_flex.pos=+69.99 wrist_roll.pos=-3.84 gripper.pos=+0.21
DEBUG 2026-09-03 08:16:26 [action #56] t=3.48s step=55 queue=32 dmax=1.836 | shoulder_pan.pos=-6.53 shoulder_lift.pos=-75.24 elbow_flex.pos=+65.94 wrist_flex.pos=+69.78 wrist_roll.pos=-4.02 gripper.pos=+0.08
DEBUG 2026-09-03 08:16:26 [action #57] t=3.51s step=56 queue=31 dmax=1.812 | shoulder_pan.pos=-6.54 shoulder_lift.pos=-73.43 elbow_flex.pos=+64.37 wrist_flex.pos=+69.87 wrist_roll.pos=-4.07 gripper.pos=+0.04
DEBUG 2026-09-03 08:16:26 [action #58] t=3.55s step=57 queue=30 dmax=1.518 | shoulder_pan.pos=-6.66 shoulder_lift.pos=-71.91 elbow_flex.pos=+63.95 wrist_flex.pos=+69.75 wrist_roll.pos=-4.18 gripper.pos=+0.06
DEBUG 2026-09-03 08:16:26 [action #59] t=3.58s step=58 queue=29 dmax=1.704 | shoulder_pan.pos=-6.58 shoulder_lift.pos=-70.21 elbow_flex.pos=+63.07 wrist_flex.pos=+69.47 wrist_roll.pos=-4.28 gripper.pos=+0.07
DEBUG 2026-09-03 08:16:26 [action #60] t=3.61s step=59 queue=28 dmax=1.442 | shoulder_pan.pos=-6.33 shoulder_lift.pos=-68.77 elbow_flex.pos=+62.00 wrist_flex.pos=+69.76 wrist_roll.pos=-4.34 gripper.pos=+0.13
DEBUG 2026-09-03 08:16:26 [action #61] t=3.65s step=60 queue=27 dmax=1.602 | shoulder_pan.pos=-6.82 shoulder_lift.pos=-67.17 elbow_flex.pos=+61.16 wrist_flex.pos=+69.67 wrist_roll.pos=-4.51 gripper.pos=+0.12
DEBUG 2026-09-03 08:16:26 [action #62] t=3.68s step=61 queue=26 dmax=1.702 | shoulder_pan.pos=-6.49 shoulder_lift.pos=-65.46 elbow_flex.pos=+60.64 wrist_flex.pos=+69.60 wrist_roll.pos=-4.59 gripper.pos=-0.01
DEBUG 2026-09-03 08:16:26 [action #63] t=3.71s step=62 queue=25 dmax=1.043 | shoulder_pan.pos=-6.69 shoulder_lift.pos=-64.45 elbow_flex.pos=+59.59 wrist_flex.pos=+69.62 wrist_roll.pos=-4.70 gripper.pos=-0.07
DEBUG 2026-09-03 08:16:26 [action #64] t=3.75s step=63 queue=24 dmax=0.953 | shoulder_pan.pos=-6.71 shoulder_lift.pos=-63.50 elbow_flex.pos=+58.71 wrist_flex.pos=+69.59 wrist_roll.pos=-4.65 gripper.pos=-0.07
DEBUG 2026-09-03 08:16:26 [action #65] t=3.78s step=64 queue=23 dmax=1.463 | shoulder_pan.pos=-6.81 shoulder_lift.pos=-62.04 elbow_flex.pos=+58.02 wrist_flex.pos=+69.39 wrist_roll.pos=-4.64 gripper.pos=-0.08
DEBUG 2026-09-03 08:16:26 [action #66] t=3.81s step=65 queue=22 dmax=0.733 | shoulder_pan.pos=-6.60 shoulder_lift.pos=-61.30 elbow_flex.pos=+57.52 wrist_flex.pos=+69.60 wrist_roll.pos=-4.82 gripper.pos=+0.02
DEBUG 2026-09-03 08:16:26 [action #67] t=3.85s step=66 queue=21 dmax=0.445 | shoulder_pan.pos=-6.78 shoulder_lift.pos=-60.86 elbow_flex.pos=+57.20 wrist_flex.pos=+69.75 wrist_roll.pos=-4.91 gripper.pos=+0.33
DEBUG 2026-09-03 08:16:26 [action #68] t=3.88s step=67 queue=20 dmax=0.645 | shoulder_pan.pos=-6.80 shoulder_lift.pos=-60.62 elbow_flex.pos=+56.78 wrist_flex.pos=+69.75 wrist_roll.pos=-4.87 gripper.pos=+0.97
DEBUG 2026-09-03 08:16:26 [action #69] t=3.91s step=68 queue=19 dmax=1.552 | shoulder_pan.pos=-6.59 shoulder_lift.pos=-60.49 elbow_flex.pos=+56.85 wrist_flex.pos=+69.84 wrist_roll.pos=-4.92 gripper.pos=+2.52
DEBUG 2026-09-03 08:16:26 [action #70] t=3.95s step=69 queue=18 dmax=2.103 | shoulder_pan.pos=-6.76 shoulder_lift.pos=-60.44 elbow_flex.pos=+56.70 wrist_flex.pos=+69.95 wrist_roll.pos=-4.95 gripper.pos=+4.63
DEBUG 2026-09-03 08:16:26 [action #71] t=3.98s step=70 queue=17 dmax=2.440 | shoulder_pan.pos=-6.97 shoulder_lift.pos=-60.75 elbow_flex.pos=+57.11 wrist_flex.pos=+70.09 wrist_roll.pos=-5.11 gripper.pos=+7.07
DEBUG 2026-09-03 08:16:26 [action #72] t=4.01s step=71 queue=16 dmax=3.069 | shoulder_pan.pos=-7.09 shoulder_lift.pos=-61.28 elbow_flex.pos=+57.46 wrist_flex.pos=+70.51 wrist_roll.pos=-5.32 gripper.pos=+10.13
DEBUG 2026-09-03 08:16:26 [action #73] t=4.05s step=72 queue=15 dmax=2.349 | shoulder_pan.pos=-7.22 shoulder_lift.pos=-61.97 elbow_flex.pos=+57.62 wrist_flex.pos=+71.00 wrist_roll.pos=-5.48 gripper.pos=+12.48
DEBUG 2026-09-03 08:16:26 [action #74] t=4.08s step=73 queue=14 dmax=2.220 | shoulder_pan.pos=-6.94 shoulder_lift.pos=-62.59 elbow_flex.pos=+57.39 wrist_flex.pos=+71.44 wrist_roll.pos=-5.63 gripper.pos=+14.70
DEBUG 2026-09-03 08:16:26 [action #75] t=4.11s step=74 queue=13 dmax=1.539 | shoulder_pan.pos=-7.20 shoulder_lift.pos=-62.61 elbow_flex.pos=+57.61 wrist_flex.pos=+71.82 wrist_roll.pos=-5.65 gripper.pos=+16.24
DEBUG 2026-09-03 08:16:26 [action #76] t=4.15s step=75 queue=12 dmax=1.336 | shoulder_pan.pos=-7.52 shoulder_lift.pos=-63.14 elbow_flex.pos=+57.85 wrist_flex.pos=+72.16 wrist_roll.pos=-5.60 gripper.pos=+17.58
DEBUG 2026-09-03 08:16:26 [action #77] t=4.18s step=76 queue=11 dmax=1.271 | shoulder_pan.pos=-7.35 shoulder_lift.pos=-63.67 elbow_flex.pos=+58.39 wrist_flex.pos=+72.58 wrist_roll.pos=-5.57 gripper.pos=+18.85
DEBUG 2026-09-03 08:16:27 [action #78] t=4.21s step=77 queue=10 dmax=1.437 | shoulder_pan.pos=-7.37 shoulder_lift.pos=-63.93 elbow_flex.pos=+58.02 wrist_flex.pos=+72.84 wrist_roll.pos=-5.57 gripper.pos=+20.29
DEBUG 2026-09-03 08:16:27 [action #79] t=4.25s step=78 queue=9 dmax=1.777 | shoulder_pan.pos=-7.32 shoulder_lift.pos=-63.79 elbow_flex.pos=+58.02 wrist_flex.pos=+73.05 wrist_roll.pos=-5.70 gripper.pos=+22.06
DEBUG 2026-09-03 08:16:27 [action #80] t=4.28s step=79 queue=8 dmax=1.873 | shoulder_pan.pos=-7.16 shoulder_lift.pos=-63.71 elbow_flex.pos=+58.03 wrist_flex.pos=+73.36 wrist_roll.pos=-5.68 gripper.pos=+23.94
DEBUG 2026-09-03 08:16:27 [action #81] t=4.31s step=80 queue=7 dmax=2.108 | shoulder_pan.pos=-7.33 shoulder_lift.pos=-63.52 elbow_flex.pos=+58.00 wrist_flex.pos=+73.80 wrist_roll.pos=-5.57 gripper.pos=+26.04
DEBUG 2026-09-03 08:16:27 [action #82] t=4.35s step=81 queue=6 dmax=1.816 | shoulder_pan.pos=-7.26 shoulder_lift.pos=-62.66 elbow_flex.pos=+57.51 wrist_flex.pos=+73.95 wrist_roll.pos=-5.48 gripper.pos=+27.86
DEBUG 2026-09-03 08:16:27 [chunk] received 50 actions, timesteps 52..101 | first: shoulder_pan.pos=-5.16 shoulder_lift.pos=-85.80 elbow_flex.pos=+71.90 wrist_flex.pos=+70.67 wrist_roll.pos=-5.58 gripper.pos=+0.15 | last: shoulder_pan.pos=-4.92 shoulder_lift.pos=-50.09 elbow_flex.pos=+53.10 wrist_flex.pos=+72.43 wrist_roll.pos=-6.78 gripper.pos=+29.85
DEBUG 2026-09-03 08:16:27 [action #83] t=4.38s step=82 queue=20 dmax=9.162 | shoulder_pan.pos=-4.96 shoulder_lift.pos=-53.54 elbow_flex.pos=+53.42 wrist_flex.pos=+71.56 wrist_roll.pos=-6.75 gripper.pos=+18.70
DEBUG 2026-09-03 08:16:27 [action #84] t=4.41s step=83 queue=19 dmax=0.957 | shoulder_pan.pos=-4.97 shoulder_lift.pos=-53.48 elbow_flex.pos=+53.42 wrist_flex.pos=+71.64 wrist_roll.pos=-6.69 gripper.pos=+19.66
DEBUG 2026-09-03 08:16:27 [action #85] t=4.45s step=84 queue=18 dmax=0.675 | shoulder_pan.pos=-5.09 shoulder_lift.pos=-53.40 elbow_flex.pos=+53.17 wrist_flex.pos=+71.87 wrist_roll.pos=-6.67 gripper.pos=+20.33
DEBUG 2026-09-03 08:16:27 [action #86] t=4.48s step=85 queue=17 dmax=0.885 | shoulder_pan.pos=-5.15 shoulder_lift.pos=-53.38 elbow_flex.pos=+53.58 wrist_flex.pos=+71.95 wrist_roll.pos=-6.78 gripper.pos=+21.22
DEBUG 2026-09-03 08:16:27 [action #87] t=4.51s step=86 queue=16 dmax=1.093 | shoulder_pan.pos=-5.14 shoulder_lift.pos=-53.28 elbow_flex.pos=+53.33 wrist_flex.pos=+72.00 wrist_roll.pos=-6.66 gripper.pos=+22.31
DEBUG 2026-09-03 08:16:27 [action #88] t=4.55s step=87 queue=15 dmax=2.923 | shoulder_pan.pos=-4.11 shoulder_lift.pos=-50.36 elbow_flex.pos=+52.42 wrist_flex.pos=+71.62 wrist_roll.pos=-7.22 gripper.pos=+20.28
DEBUG 2026-09-03 08:16:27 [action #89] t=4.58s step=88 queue=14 dmax=1.490 | shoulder_pan.pos=-4.17 shoulder_lift.pos=-50.53 elbow_flex.pos=+52.41 wrist_flex.pos=+71.70 wrist_roll.pos=-7.09 gripper.pos=+21.77
DEBUG 2026-09-03 08:16:27 [action #90] t=4.62s step=89 queue=13 dmax=0.960 | shoulder_pan.pos=-4.15 shoulder_lift.pos=-51.09 elbow_flex.pos=+52.07 wrist_flex.pos=+72.00 wrist_roll.pos=-6.98 gripper.pos=+22.73
DEBUG 2026-09-03 08:16:27 [action #91] t=4.65s step=90 queue=12 dmax=1.078 | shoulder_pan.pos=-4.38 shoulder_lift.pos=-51.32 elbow_flex.pos=+52.72 wrist_flex.pos=+72.13 wrist_roll.pos=-6.97 gripper.pos=+23.80
DEBUG 2026-09-03 08:16:27 [action #92] t=4.68s step=91 queue=11 dmax=0.738 | shoulder_pan.pos=-4.22 shoulder_lift.pos=-52.06 elbow_flex.pos=+52.58 wrist_flex.pos=+72.44 wrist_roll.pos=-6.95 gripper.pos=+24.43
DEBUG 2026-09-03 08:16:27 [action #93] t=4.72s step=92 queue=10 dmax=1.181 | shoulder_pan.pos=-4.29 shoulder_lift.pos=-51.93 elbow_flex.pos=+52.88 wrist_flex.pos=+72.38 wrist_roll.pos=-6.92 gripper.pos=+25.61
DEBUG 2026-09-03 08:16:27 [action #94] t=4.75s step=93 queue=9 dmax=0.963 | shoulder_pan.pos=-4.16 shoulder_lift.pos=-52.68 elbow_flex.pos=+53.44 wrist_flex.pos=+72.44 wrist_roll.pos=-6.81 gripper.pos=+26.57
DEBUG 2026-09-03 08:16:27 [action #95] t=4.78s step=94 queue=8 dmax=1.371 | shoulder_pan.pos=-4.32 shoulder_lift.pos=-51.31 elbow_flex.pos=+53.29 wrist_flex.pos=+72.58 wrist_roll.pos=-6.77 gripper.pos=+27.84
DEBUG 2026-09-03 08:16:27 [action #96] t=4.82s step=95 queue=7 dmax=0.903 | shoulder_pan.pos=-4.47 shoulder_lift.pos=-52.21 elbow_flex.pos=+53.03 wrist_flex.pos=+72.72 wrist_roll.pos=-6.81 gripper.pos=+28.46
DEBUG 2026-09-03 08:16:27 [action #97] t=4.85s step=96 queue=6 dmax=0.383 | shoulder_pan.pos=-4.42 shoulder_lift.pos=-52.16 elbow_flex.pos=+53.10 wrist_flex.pos=+72.99 wrist_roll.pos=-6.85 gripper.pos=+28.85
DEBUG 2026-09-03 08:16:27 [action #98] t=4.88s step=97 queue=5 dmax=0.398 | shoulder_pan.pos=-4.52 shoulder_lift.pos=-51.97 elbow_flex.pos=+53.50 wrist_flex.pos=+72.79 wrist_roll.pos=-6.80 gripper.pos=+29.16
DEBUG 2026-09-03 08:16:27 [action #99] t=4.92s step=98 queue=4 dmax=0.372 | shoulder_pan.pos=-4.58 shoulder_lift.pos=-51.60 elbow_flex.pos=+53.63 wrist_flex.pos=+72.74 wrist_roll.pos=-6.60 gripper.pos=+29.06
DEBUG 2026-09-03 08:16:27 [action #100] t=4.95s step=99 queue=3 dmax=0.215 | shoulder_pan.pos=-4.73 shoulder_lift.pos=-51.42 elbow_flex.pos=+53.55 wrist_flex.pos=+72.72 wrist_roll.pos=-6.81 gripper.pos=+29.27
DEBUG 2026-09-03 08:16:27 [action #101] t=4.98s step=100 queue=2 dmax=0.572 | shoulder_pan.pos=-4.84 shoulder_lift.pos=-50.85 elbow_flex.pos=+53.55 wrist_flex.pos=+72.66 wrist_roll.pos=-6.84 gripper.pos=+29.52
DEBUG 2026-09-03 08:16:27 [action #102] t=5.02s step=101 queue=1 dmax=0.765 | shoulder_pan.pos=-4.92 shoulder_lift.pos=-50.09 elbow_flex.pos=+53.10 wrist_flex.pos=+72.43 wrist_roll.pos=-6.78 gripper.pos=+29.85
DEBUG 2026-09-03 08:16:27 [chunk] received 50 actions, timesteps 81..130 | first: shoulder_pan.pos=-6.84 shoulder_lift.pos=-56.75 elbow_flex.pos=+55.84 wrist_flex.pos=+72.51 wrist_roll.pos=-5.52 gripper.pos=+20.82 | last: shoulder_pan.pos=-7.35 shoulder_lift.pos=-14.12 elbow_flex.pos=+35.83 wrist_flex.pos=+68.30 wrist_roll.pos=-6.46 gripper.pos=+33.71
DEBUG 2026-09-03 08:16:28 [action #103] t=5.22s step=102 queue=29 dmax=11.437 | shoulder_pan.pos=-6.25 shoulder_lift.pos=-38.65 elbow_flex.pos=+47.43 wrist_flex.pos=+72.87 wrist_roll.pos=-6.92 gripper.pos=+31.43
DEBUG 2026-09-03 08:16:28 [action #104] t=5.25s step=103 queue=28 dmax=1.066 | shoulder_pan.pos=-6.49 shoulder_lift.pos=-37.58 elbow_flex.pos=+47.47 wrist_flex.pos=+72.70 wrist_roll.pos=-6.49 gripper.pos=+32.02
DEBUG 2026-09-03 08:16:28 [action #105] t=5.28s step=104 queue=27 dmax=0.856 | shoulder_pan.pos=-6.45 shoulder_lift.pos=-36.82 elbow_flex.pos=+46.62 wrist_flex.pos=+72.56 wrist_roll.pos=-6.53 gripper.pos=+32.29
DEBUG 2026-09-03 08:16:28 [action #106] t=5.32s step=105 queue=26 dmax=0.970 | shoulder_pan.pos=-6.36 shoulder_lift.pos=-35.85 elbow_flex.pos=+46.59 wrist_flex.pos=+72.71 wrist_roll.pos=-6.51 gripper.pos=+32.59
DEBUG 2026-09-03 08:16:28 [action #107] t=5.35s step=106 queue=25 dmax=0.863 | shoulder_pan.pos=-6.46 shoulder_lift.pos=-34.98 elbow_flex.pos=+45.90 wrist_flex.pos=+72.53 wrist_roll.pos=-6.52 gripper.pos=+32.89
DEBUG 2026-09-03 08:16:28 [action #108] t=5.38s step=107 queue=24 dmax=1.668 | shoulder_pan.pos=-6.30 shoulder_lift.pos=-33.32 elbow_flex.pos=+45.39 wrist_flex.pos=+72.60 wrist_roll.pos=-6.54 gripper.pos=+32.99
DEBUG 2026-09-03 08:16:28 [action #109] t=5.42s step=108 queue=23 dmax=0.882 | shoulder_pan.pos=-6.34 shoulder_lift.pos=-32.43 elbow_flex.pos=+44.80 wrist_flex.pos=+72.51 wrist_roll.pos=-6.51 gripper.pos=+32.73
DEBUG 2026-09-03 08:16:28 [action #110] t=5.45s step=109 queue=22 dmax=0.886 | shoulder_pan.pos=-6.36 shoulder_lift.pos=-31.58 elbow_flex.pos=+43.91 wrist_flex.pos=+72.33 wrist_roll.pos=-6.53 gripper.pos=+32.72
DEBUG 2026-09-03 08:16:28 [action #111] t=5.48s step=110 queue=21 dmax=1.193 | shoulder_pan.pos=-6.47 shoulder_lift.pos=-30.39 elbow_flex.pos=+43.29 wrist_flex.pos=+72.12 wrist_roll.pos=-6.56 gripper.pos=+32.47
DEBUG 2026-09-03 08:16:28 [action #112] t=5.52s step=111 queue=20 dmax=1.309 | shoulder_pan.pos=-6.17 shoulder_lift.pos=-29.08 elbow_flex.pos=+42.94 wrist_flex.pos=+71.87 wrist_roll.pos=-6.63 gripper.pos=+32.55
DEBUG 2026-09-03 08:16:28 [action #113] t=5.55s step=112 queue=19 dmax=0.450 | shoulder_pan.pos=-6.25 shoulder_lift.pos=-28.63 elbow_flex.pos=+42.53 wrist_flex.pos=+71.74 wrist_roll.pos=-6.60 gripper.pos=+32.50
DEBUG 2026-09-03 08:16:28 [action #114] t=5.59s step=113 queue=18 dmax=1.050 | shoulder_pan.pos=-6.32 shoulder_lift.pos=-27.58 elbow_flex.pos=+42.33 wrist_flex.pos=+71.42 wrist_roll.pos=-6.62 gripper.pos=+32.63
DEBUG 2026-09-03 08:16:28 [action #115] t=5.62s step=114 queue=17 dmax=0.553 | shoulder_pan.pos=-6.56 shoulder_lift.pos=-27.30 elbow_flex.pos=+41.78 wrist_flex.pos=+71.28 wrist_roll.pos=-6.68 gripper.pos=+32.62
DEBUG 2026-09-03 08:16:28 [action #116] t=5.65s step=115 queue=16 dmax=1.068 | shoulder_pan.pos=-6.28 shoulder_lift.pos=-26.23 elbow_flex.pos=+41.51 wrist_flex.pos=+70.83 wrist_roll.pos=-6.67 gripper.pos=+32.64
DEBUG 2026-09-03 08:16:28 [action #117] t=5.69s step=116 queue=15 dmax=1.035 | shoulder_pan.pos=-6.56 shoulder_lift.pos=-25.20 elbow_flex.pos=+41.06 wrist_flex.pos=+70.72 wrist_roll.pos=-6.70 gripper.pos=+32.80
DEBUG 2026-09-03 08:16:28 [action #118] t=5.72s step=117 queue=14 dmax=1.220 | shoulder_pan.pos=-6.37 shoulder_lift.pos=-23.98 elbow_flex.pos=+40.42 wrist_flex.pos=+70.51 wrist_roll.pos=-6.62 gripper.pos=+32.75
DEBUG 2026-09-03 08:16:28 [action #119] t=5.75s step=118 queue=13 dmax=0.409 | shoulder_pan.pos=-6.69 shoulder_lift.pos=-23.57 elbow_flex.pos=+40.24 wrist_flex.pos=+70.14 wrist_roll.pos=-6.70 gripper.pos=+32.76
DEBUG 2026-09-03 08:16:28 [action #120] t=5.79s step=119 queue=12 dmax=0.268 | shoulder_pan.pos=-6.80 shoulder_lift.pos=-23.45 elbow_flex.pos=+39.97 wrist_flex.pos=+70.13 wrist_roll.pos=-6.67 gripper.pos=+33.02
DEBUG 2026-09-03 08:16:28 [action #121] t=5.82s step=120 queue=11 dmax=1.192 | shoulder_pan.pos=-6.66 shoulder_lift.pos=-22.26 elbow_flex.pos=+39.77 wrist_flex.pos=+70.05 wrist_roll.pos=-6.59 gripper.pos=+33.03
DEBUG 2026-09-03 08:16:28 [action #122] t=5.85s step=121 queue=10 dmax=0.821 | shoulder_pan.pos=-7.01 shoulder_lift.pos=-21.44 elbow_flex.pos=+38.99 wrist_flex.pos=+69.92 wrist_roll.pos=-6.55 gripper.pos=+33.31
DEBUG 2026-09-03 08:16:28 [action #123] t=5.89s step=122 queue=9 dmax=0.518 | shoulder_pan.pos=-7.39 shoulder_lift.pos=-21.03 elbow_flex.pos=+38.47 wrist_flex.pos=+69.79 wrist_roll.pos=-6.61 gripper.pos=+33.46
DEBUG 2026-09-03 08:16:28 [action #124] t=5.92s step=123 queue=8 dmax=1.490 | shoulder_pan.pos=-7.20 shoulder_lift.pos=-19.54 elbow_flex.pos=+37.93 wrist_flex.pos=+69.57 wrist_roll.pos=-6.55 gripper.pos=+33.57
DEBUG 2026-09-03 08:16:28 [action #125] t=5.95s step=124 queue=7 dmax=0.729 | shoulder_pan.pos=-7.40 shoulder_lift.pos=-18.81 elbow_flex.pos=+37.54 wrist_flex.pos=+69.29 wrist_roll.pos=-6.67 gripper.pos=+33.50
DEBUG 2026-09-03 08:16:28 [action #126] t=5.99s step=125 queue=6 dmax=0.624 | shoulder_pan.pos=-7.24 shoulder_lift.pos=-18.19 elbow_flex.pos=+37.00 wrist_flex.pos=+69.21 wrist_roll.pos=-6.52 gripper.pos=+33.48
DEBUG 2026-09-03 08:16:28 [action #127] t=6.02s step=126 queue=5 dmax=0.989 | shoulder_pan.pos=-7.28 shoulder_lift.pos=-17.20 elbow_flex.pos=+37.37 wrist_flex.pos=+69.06 wrist_roll.pos=-6.50 gripper.pos=+33.51
DEBUG 2026-09-03 08:16:28 [action #128] t=6.05s step=127 queue=4 dmax=0.861 | shoulder_pan.pos=-7.56 shoulder_lift.pos=-16.75 elbow_flex.pos=+36.51 wrist_flex.pos=+68.89 wrist_roll.pos=-6.48 gripper.pos=+33.59
DEBUG 2026-09-03 08:16:28 [action #129] t=6.09s step=128 queue=3 dmax=0.887 | shoulder_pan.pos=-7.51 shoulder_lift.pos=-15.86 elbow_flex.pos=+36.21 wrist_flex.pos=+68.65 wrist_roll.pos=-6.52 gripper.pos=+33.66
DEBUG 2026-09-03 08:16:28 [action #130] t=6.12s step=129 queue=2 dmax=1.390 | shoulder_pan.pos=-7.41 shoulder_lift.pos=-14.47 elbow_flex.pos=+36.08 wrist_flex.pos=+68.40 wrist_roll.pos=-6.46 gripper.pos=+33.72
DEBUG 2026-09-03 08:16:28 [action #131] t=6.15s step=130 queue=1 dmax=0.355 | shoulder_pan.pos=-7.35 shoulder_lift.pos=-14.12 elbow_flex.pos=+35.83 wrist_flex.pos=+68.30 wrist_roll.pos=-6.46 gripper.pos=+33.71
DEBUG 2026-09-03 08:16:28 [chunk] received 50 actions, timesteps 101..150 | first: shoulder_pan.pos=-4.98 shoulder_lift.pos=-49.69 elbow_flex.pos=+50.83 wrist_flex.pos=+72.47 wrist_roll.pos=-7.45 gripper.pos=+30.21 | last: shoulder_pan.pos=-4.70 shoulder_lift.pos=-7.88 elbow_flex.pos=+35.64 wrist_flex.pos=+68.48 wrist_roll.pos=-7.05 gripper.pos=+34.20
DEBUG 2026-09-03 08:16:28 [action #132] t=6.19s step=131 queue=20 dmax=5.811 | shoulder_pan.pos=-5.00 shoulder_lift.pos=-19.93 elbow_flex.pos=+37.00 wrist_flex.pos=+71.44 wrist_roll.pos=-7.45 gripper.pos=+34.57
DEBUG 2026-09-03 08:16:29 [action #133] t=6.22s step=132 queue=19 dmax=1.126 | shoulder_pan.pos=-4.42 shoulder_lift.pos=-18.80 elbow_flex.pos=+37.02 wrist_flex.pos=+71.25 wrist_roll.pos=-7.48 gripper.pos=+34.58
DEBUG 2026-09-03 08:16:29 [action #134] t=6.25s step=133 queue=18 dmax=0.349 | shoulder_pan.pos=-4.58 shoulder_lift.pos=-18.95 elbow_flex.pos=+37.20 wrist_flex.pos=+70.91 wrist_roll.pos=-7.48 gripper.pos=+34.44
DEBUG 2026-09-03 08:16:29 [action #135] t=6.29s step=134 queue=17 dmax=0.948 | shoulder_pan.pos=-4.59 shoulder_lift.pos=-18.00 elbow_flex.pos=+37.60 wrist_flex.pos=+70.86 wrist_roll.pos=-7.38 gripper.pos=+34.49
DEBUG 2026-09-03 08:16:29 [action #136] t=6.32s step=135 queue=16 dmax=0.876 | shoulder_pan.pos=-4.26 shoulder_lift.pos=-17.13 elbow_flex.pos=+36.85 wrist_flex.pos=+70.57 wrist_roll.pos=-7.42 gripper.pos=+34.53
DEBUG 2026-09-03 08:16:29 [action #137] t=6.35s step=136 queue=15 dmax=0.476 | shoulder_pan.pos=-4.42 shoulder_lift.pos=-17.60 elbow_flex.pos=+37.30 wrist_flex.pos=+70.52 wrist_roll.pos=-7.35 gripper.pos=+34.40
DEBUG 2026-09-03 08:16:29 [action #138] t=6.39s step=137 queue=14 dmax=1.457 | shoulder_pan.pos=-4.77 shoulder_lift.pos=-16.15 elbow_flex.pos=+37.16 wrist_flex.pos=+70.51 wrist_roll.pos=-7.27 gripper.pos=+34.34
DEBUG 2026-09-03 08:16:29 [action #139] t=6.42s step=138 queue=13 dmax=0.692 | shoulder_pan.pos=-4.85 shoulder_lift.pos=-15.46 elbow_flex.pos=+36.53 wrist_flex.pos=+70.37 wrist_roll.pos=-7.26 gripper.pos=+34.49
DEBUG 2026-09-03 08:16:29 [action #140] t=6.45s step=139 queue=12 dmax=0.586 | shoulder_pan.pos=-4.54 shoulder_lift.pos=-15.21 elbow_flex.pos=+36.54 wrist_flex.pos=+69.79 wrist_roll.pos=-7.34 gripper.pos=+34.37
DEBUG 2026-09-03 08:16:29 [action #141] t=6.49s step=140 queue=11 dmax=0.838 | shoulder_pan.pos=-4.81 shoulder_lift.pos=-14.37 elbow_flex.pos=+36.27 wrist_flex.pos=+69.97 wrist_roll.pos=-7.22 gripper.pos=+34.28
DEBUG 2026-09-03 08:16:29 [action #142] t=6.52s step=141 queue=10 dmax=1.655 | shoulder_pan.pos=-5.00 shoulder_lift.pos=-12.71 elbow_flex.pos=+35.70 wrist_flex.pos=+69.71 wrist_roll.pos=-7.30 gripper.pos=+34.34
DEBUG 2026-09-03 08:16:29 [action #143] t=6.56s step=142 queue=9 dmax=0.875 | shoulder_pan.pos=-4.54 shoulder_lift.pos=-11.84 elbow_flex.pos=+35.77 wrist_flex.pos=+69.71 wrist_roll.pos=-7.30 gripper.pos=+34.27
DEBUG 2026-09-03 08:16:29 [action #144] t=6.59s step=143 queue=8 dmax=0.518 | shoulder_pan.pos=-5.06 shoulder_lift.pos=-11.67 elbow_flex.pos=+35.81 wrist_flex.pos=+69.79 wrist_roll.pos=-7.12 gripper.pos=+34.38
DEBUG 2026-09-03 08:16:29 [action #145] t=6.62s step=144 queue=7 dmax=1.349 | shoulder_pan.pos=-4.82 shoulder_lift.pos=-10.32 elbow_flex.pos=+35.61 wrist_flex.pos=+69.61 wrist_roll.pos=-7.11 gripper.pos=+34.41
DEBUG 2026-09-03 08:16:29 [action #146] t=6.66s step=145 queue=6 dmax=0.591 | shoulder_pan.pos=-4.23 shoulder_lift.pos=-10.86 elbow_flex.pos=+35.64 wrist_flex.pos=+69.22 wrist_roll.pos=-7.22 gripper.pos=+34.39
DEBUG 2026-09-03 08:16:29 [action #147] t=6.69s step=146 queue=5 dmax=0.867 | shoulder_pan.pos=-4.61 shoulder_lift.pos=-10.00 elbow_flex.pos=+35.33 wrist_flex.pos=+69.44 wrist_roll.pos=-7.27 gripper.pos=+34.42
DEBUG 2026-09-03 08:16:29 [action #148] t=6.72s step=147 queue=4 dmax=0.499 | shoulder_pan.pos=-4.61 shoulder_lift.pos=-10.02 elbow_flex.pos=+35.69 wrist_flex.pos=+68.94 wrist_roll.pos=-7.15 gripper.pos=+34.22
DEBUG 2026-09-03 08:16:29 [action #149] t=6.76s step=148 queue=3 dmax=0.837 | shoulder_pan.pos=-4.82 shoulder_lift.pos=-9.22 elbow_flex.pos=+34.85 wrist_flex.pos=+68.68 wrist_roll.pos=-7.02 gripper.pos=+34.23
DEBUG 2026-09-03 08:16:29 [action #150] t=6.79s step=149 queue=2 dmax=0.619 | shoulder_pan.pos=-4.95 shoulder_lift.pos=-8.60 elbow_flex.pos=+34.56 wrist_flex.pos=+68.79 wrist_roll.pos=-7.08 gripper.pos=+34.08
DEBUG 2026-09-03 08:16:29 [action #151] t=6.82s step=150 queue=1 dmax=1.077 | shoulder_pan.pos=-4.70 shoulder_lift.pos=-7.88 elbow_flex.pos=+35.64 wrist_flex.pos=+68.48 wrist_roll.pos=-7.05 gripper.pos=+34.20
DEBUG 2026-09-03 08:16:29 [chunk] received 50 actions, timesteps 130..179 | first: shoulder_pan.pos=-7.44 shoulder_lift.pos=-14.01 elbow_flex.pos=+36.88 wrist_flex.pos=+69.58 wrist_roll.pos=-7.07 gripper.pos=+33.82 | last: shoulder_pan.pos=-6.81 shoulder_lift.pos=-6.47 elbow_flex.pos=+15.83 wrist_flex.pos=+82.63 wrist_roll.pos=-9.11 gripper.pos=+4.41
DEBUG 2026-09-03 08:16:29 [action #152] t=7.19s step=151 queue=29 dmax=12.108 | shoulder_pan.pos=-7.72 shoulder_lift.pos=+2.90 elbow_flex.pos=+29.81 wrist_flex.pos=+70.47 wrist_roll.pos=-7.55 gripper.pos=+22.09
DEBUG 2026-09-03 08:16:30 [action #153] t=7.22s step=152 queue=28 dmax=3.689 | shoulder_pan.pos=-7.61 shoulder_lift.pos=+2.15 elbow_flex.pos=+29.65 wrist_flex.pos=+70.39 wrist_roll.pos=-7.64 gripper.pos=+18.41
DEBUG 2026-09-03 08:16:30 [action #154] t=7.26s step=153 queue=27 dmax=3.086 | shoulder_pan.pos=-7.29 shoulder_lift.pos=+2.20 elbow_flex.pos=+30.37 wrist_flex.pos=+70.08 wrist_roll.pos=-7.61 gripper.pos=+15.32
DEBUG 2026-09-03 08:16:30 [action #155] t=7.29s step=154 queue=26 dmax=2.582 | shoulder_pan.pos=-7.54 shoulder_lift.pos=+2.55 elbow_flex.pos=+29.75 wrist_flex.pos=+70.02 wrist_roll.pos=-7.41 gripper.pos=+12.74
DEBUG 2026-09-03 08:16:30 [action #156] t=7.32s step=155 queue=25 dmax=2.074 | shoulder_pan.pos=-7.63 shoulder_lift.pos=+2.00 elbow_flex.pos=+30.01 wrist_flex.pos=+69.99 wrist_roll.pos=-7.54 gripper.pos=+10.66
DEBUG 2026-09-03 08:16:30 [action #157] t=7.36s step=156 queue=24 dmax=1.359 | shoulder_pan.pos=-7.69 shoulder_lift.pos=+1.51 elbow_flex.pos=+28.96 wrist_flex.pos=+69.94 wrist_roll.pos=-7.58 gripper.pos=+9.31
DEBUG 2026-09-03 08:16:30 [action #158] t=7.39s step=157 queue=23 dmax=1.240 | shoulder_pan.pos=-7.31 shoulder_lift.pos=+1.94 elbow_flex.pos=+29.78 wrist_flex.pos=+69.95 wrist_roll.pos=-7.52 gripper.pos=+8.07
DEBUG 2026-09-03 08:16:30 [action #159] t=7.42s step=158 queue=22 dmax=0.921 | shoulder_pan.pos=-7.41 shoulder_lift.pos=+1.02 elbow_flex.pos=+30.24 wrist_flex.pos=+69.80 wrist_roll.pos=-7.59 gripper.pos=+7.28
DEBUG 2026-09-03 08:16:30 [action #160] t=7.46s step=159 queue=21 dmax=0.873 | shoulder_pan.pos=-7.55 shoulder_lift.pos=+1.52 elbow_flex.pos=+30.36 wrist_flex.pos=+70.07 wrist_roll.pos=-7.69 gripper.pos=+6.41
DEBUG 2026-09-03 08:16:30 [action #161] t=7.49s step=160 queue=20 dmax=0.843 | shoulder_pan.pos=-7.76 shoulder_lift.pos=+1.46 elbow_flex.pos=+29.52 wrist_flex.pos=+69.84 wrist_roll.pos=-7.71 gripper.pos=+5.82
DEBUG 2026-09-03 08:16:30 [action #162] t=7.53s step=161 queue=19 dmax=0.685 | shoulder_pan.pos=-7.55 shoulder_lift.pos=+0.77 elbow_flex.pos=+29.44 wrist_flex.pos=+69.99 wrist_roll.pos=-7.72 gripper.pos=+5.32
DEBUG 2026-09-03 08:16:30 [action #163] t=7.56s step=162 queue=18 dmax=0.308 | shoulder_pan.pos=-7.66 shoulder_lift.pos=+1.08 elbow_flex.pos=+29.67 wrist_flex.pos=+70.02 wrist_roll.pos=-7.66 gripper.pos=+5.28
DEBUG 2026-09-03 08:16:30 [action #164] t=7.59s step=163 queue=17 dmax=0.506 | shoulder_pan.pos=-7.49 shoulder_lift.pos=+1.24 elbow_flex.pos=+29.17 wrist_flex.pos=+69.85 wrist_roll.pos=-7.82 gripper.pos=+4.99
DEBUG 2026-09-03 08:16:30 [action #165] t=7.63s step=164 queue=16 dmax=0.488 | shoulder_pan.pos=-7.47 shoulder_lift.pos=+0.75 elbow_flex.pos=+29.20 wrist_flex.pos=+70.32 wrist_roll.pos=-7.77 gripper.pos=+5.11
DEBUG 2026-09-03 08:16:30 [action #166] t=7.66s step=165 queue=15 dmax=0.747 | shoulder_pan.pos=-7.60 shoulder_lift.pos=+1.19 elbow_flex.pos=+28.45 wrist_flex.pos=+70.47 wrist_roll.pos=-7.77 gripper.pos=+4.91
DEBUG 2026-09-03 08:16:30 [action #167] t=7.69s step=166 queue=14 dmax=1.068 | shoulder_pan.pos=-7.41 shoulder_lift.pos=+0.12 elbow_flex.pos=+28.39 wrist_flex.pos=+70.92 wrist_roll.pos=-8.04 gripper.pos=+4.83
DEBUG 2026-09-03 08:16:30 [action #168] t=7.73s step=167 queue=13 dmax=0.786 | shoulder_pan.pos=-7.51 shoulder_lift.pos=+0.14 elbow_flex.pos=+27.60 wrist_flex.pos=+71.25 wrist_roll.pos=-8.09 gripper.pos=+4.74
DEBUG 2026-09-03 08:16:30 [action #169] t=7.76s step=168 queue=12 dmax=0.636 | shoulder_pan.pos=-7.48 shoulder_lift.pos=+0.33 elbow_flex.pos=+26.97 wrist_flex.pos=+71.73 wrist_roll.pos=-8.20 gripper.pos=+4.73
DEBUG 2026-09-03 08:16:30 [action #170] t=7.79s step=169 queue=11 dmax=1.140 | shoulder_pan.pos=-7.26 shoulder_lift.pos=-0.81 elbow_flex.pos=+26.37 wrist_flex.pos=+72.30 wrist_roll.pos=-8.23 gripper.pos=+4.56
DEBUG 2026-09-03 08:16:30 [action #171] t=7.83s step=170 queue=10 dmax=0.775 | shoulder_pan.pos=-7.03 shoulder_lift.pos=-1.03 elbow_flex.pos=+26.14 wrist_flex.pos=+73.08 wrist_roll.pos=-8.32 gripper.pos=+4.53
DEBUG 2026-09-03 08:16:30 [action #172] t=7.86s step=171 queue=9 dmax=1.511 | shoulder_pan.pos=-7.15 shoulder_lift.pos=-1.29 elbow_flex.pos=+24.63 wrist_flex.pos=+73.92 wrist_roll.pos=-8.39 gripper.pos=+4.47
DEBUG 2026-09-03 08:16:30 [action #173] t=7.89s step=172 queue=8 dmax=0.773 | shoulder_pan.pos=-7.48 shoulder_lift.pos=-1.58 elbow_flex.pos=+24.33 wrist_flex.pos=+74.69 wrist_roll.pos=-8.52 gripper.pos=+4.32
DEBUG 2026-09-03 08:16:30 [action #174] t=7.93s step=173 queue=7 dmax=1.221 | shoulder_pan.pos=-7.25 shoulder_lift.pos=-2.51 elbow_flex.pos=+23.11 wrist_flex.pos=+75.66 wrist_roll.pos=-8.59 gripper.pos=+4.37
DEBUG 2026-09-03 08:16:30 [action #175] t=7.96s step=174 queue=6 dmax=0.820 | shoulder_pan.pos=-7.04 shoulder_lift.pos=-2.45 elbow_flex.pos=+22.47 wrist_flex.pos=+76.48 wrist_roll.pos=-8.52 gripper.pos=+4.48
DEBUG 2026-09-03 08:16:30 [action #176] t=7.99s step=175 queue=5 dmax=1.223 | shoulder_pan.pos=-7.01 shoulder_lift.pos=-3.51 elbow_flex.pos=+21.85 wrist_flex.pos=+77.70 wrist_roll.pos=-8.84 gripper.pos=+4.25
DEBUG 2026-09-03 08:16:30 [action #177] t=8.03s step=176 queue=4 dmax=2.062 | shoulder_pan.pos=-7.13 shoulder_lift.pos=-4.16 elbow_flex.pos=+19.79 wrist_flex.pos=+78.74 wrist_roll.pos=-8.81 gripper.pos=+4.47
DEBUG 2026-09-03 08:16:30 [action #178] t=8.06s step=177 queue=3 dmax=1.169 | shoulder_pan.pos=-6.59 shoulder_lift.pos=-5.33 elbow_flex.pos=+18.67 wrist_flex.pos=+79.85 wrist_roll.pos=-8.94 gripper.pos=+4.47
DEBUG 2026-09-03 08:16:30 [action #179] t=8.09s step=178 queue=2 dmax=1.470 | shoulder_pan.pos=-6.89 shoulder_lift.pos=-5.68 elbow_flex.pos=+17.55 wrist_flex.pos=+81.32 wrist_roll.pos=-9.04 gripper.pos=+4.38
DEBUG 2026-09-03 08:16:30 [chunk] received 50 actions, timesteps 150..199 | first: shoulder_pan.pos=-5.13 shoulder_lift.pos=-4.41 elbow_flex.pos=+34.33 wrist_flex.pos=+68.92 wrist_roll.pos=-7.80 gripper.pos=+35.09 | last: shoulder_pan.pos=+11.37 shoulder_lift.pos=-20.48 elbow_flex.pos=+6.75 wrist_flex.pos=+86.84 wrist_roll.pos=-9.13 gripper.pos=+5.17
DEBUG 2026-09-03 08:16:30 [action #180] t=8.13s step=179 queue=21 dmax=3.374 | shoulder_pan.pos=-4.56 shoulder_lift.pos=-7.19 elbow_flex.pos=+20.29 wrist_flex.pos=+77.95 wrist_roll.pos=-9.51 gripper.pos=+5.24
DEBUG 2026-09-03 08:16:30 [action #181] t=8.16s step=180 queue=20 dmax=1.356 | shoulder_pan.pos=-3.69 shoulder_lift.pos=-7.75 elbow_flex.pos=+21.65 wrist_flex.pos=+76.92 wrist_roll.pos=-9.71 gripper.pos=+5.61
DEBUG 2026-09-03 08:16:30 [action #182] t=8.19s step=181 queue=19 dmax=1.330 | shoulder_pan.pos=-3.56 shoulder_lift.pos=-9.08 elbow_flex.pos=+20.44 wrist_flex.pos=+78.04 wrist_roll.pos=-9.97 gripper.pos=+5.55
DEBUG 2026-09-03 08:16:31 [action #183] t=8.23s step=182 queue=18 dmax=1.286 | shoulder_pan.pos=-3.40 shoulder_lift.pos=-10.37 elbow_flex.pos=+19.23 wrist_flex.pos=+79.14 wrist_roll.pos=-10.15 gripper.pos=+5.52
DEBUG 2026-09-03 08:16:31 [action #184] t=8.26s step=183 queue=17 dmax=1.203 | shoulder_pan.pos=-3.24 shoulder_lift.pos=-11.57 elbow_flex.pos=+18.22 wrist_flex.pos=+80.28 wrist_roll.pos=-10.27 gripper.pos=+5.42
DEBUG 2026-09-03 08:16:31 [action #185] t=8.29s step=184 queue=16 dmax=1.613 | shoulder_pan.pos=-2.64 shoulder_lift.pos=-12.34 elbow_flex.pos=+16.60 wrist_flex.pos=+81.52 wrist_roll.pos=-10.50 gripper.pos=+5.62
DEBUG 2026-09-03 08:16:31 [action #186] t=8.33s step=185 queue=15 dmax=1.569 | shoulder_pan.pos=-2.34 shoulder_lift.pos=-13.91 elbow_flex.pos=+15.11 wrist_flex.pos=+82.80 wrist_roll.pos=-10.66 gripper.pos=+5.49
DEBUG 2026-09-03 08:16:31 [action #187] t=8.36s step=186 queue=14 dmax=1.342 | shoulder_pan.pos=-1.64 shoulder_lift.pos=-14.87 elbow_flex.pos=+13.77 wrist_flex.pos=+83.92 wrist_roll.pos=-10.73 gripper.pos=+5.59
DEBUG 2026-09-03 08:16:31 [action #188] t=8.40s step=187 queue=13 dmax=1.210 | shoulder_pan.pos=-1.14 shoulder_lift.pos=-15.41 elbow_flex.pos=+12.56 wrist_flex.pos=+85.09 wrist_roll.pos=-10.79 gripper.pos=+5.50
DEBUG 2026-09-03 08:16:31 [action #189] t=8.43s step=188 queue=12 dmax=1.236 | shoulder_pan.pos=-0.39 shoulder_lift.pos=-16.47 elbow_flex.pos=+11.32 wrist_flex.pos=+86.10 wrist_roll.pos=-10.93 gripper.pos=+5.39
DEBUG 2026-09-03 08:16:31 [action #190] t=8.46s step=189 queue=11 dmax=1.205 | shoulder_pan.pos=+0.71 shoulder_lift.pos=-17.20 elbow_flex.pos=+10.12 wrist_flex.pos=+86.69 wrist_roll.pos=-10.94 gripper.pos=+5.51
DEBUG 2026-09-03 08:16:31 [action #191] t=8.50s step=190 queue=10 dmax=0.954 | shoulder_pan.pos=+1.66 shoulder_lift.pos=-18.03 elbow_flex.pos=+9.85 wrist_flex.pos=+87.15 wrist_roll.pos=-10.86 gripper.pos=+5.43
DEBUG 2026-09-03 08:16:31 [action #192] t=8.53s step=191 queue=9 dmax=1.222 | shoulder_pan.pos=+2.88 shoulder_lift.pos=-18.70 elbow_flex.pos=+9.56 wrist_flex.pos=+87.44 wrist_roll.pos=-10.69 gripper.pos=+5.33
DEBUG 2026-09-03 08:16:31 [action #193] t=8.56s step=192 queue=8 dmax=1.239 | shoulder_pan.pos=+4.12 shoulder_lift.pos=-19.03 elbow_flex.pos=+8.89 wrist_flex.pos=+87.44 wrist_roll.pos=-10.68 gripper.pos=+5.37
DEBUG 2026-09-03 08:16:31 [action #194] t=8.60s step=193 queue=7 dmax=1.309 | shoulder_pan.pos=+5.43 shoulder_lift.pos=-19.46 elbow_flex.pos=+8.57 wrist_flex.pos=+87.68 wrist_roll.pos=-10.56 gripper.pos=+5.31
DEBUG 2026-09-03 08:16:31 [action #195] t=8.63s step=194 queue=6 dmax=1.126 | shoulder_pan.pos=+6.56 shoulder_lift.pos=-19.85 elbow_flex.pos=+8.40 wrist_flex.pos=+87.42 wrist_roll.pos=-10.64 gripper.pos=+5.25
DEBUG 2026-09-03 08:16:31 [action #196] t=8.66s step=195 queue=5 dmax=0.855 | shoulder_pan.pos=+7.41 shoulder_lift.pos=-19.94 elbow_flex.pos=+8.27 wrist_flex.pos=+87.49 wrist_roll.pos=-10.25 gripper.pos=+5.33
DEBUG 2026-09-03 08:16:31 [action #197] t=8.70s step=196 queue=4 dmax=1.009 | shoulder_pan.pos=+8.42 shoulder_lift.pos=-19.33 elbow_flex.pos=+8.28 wrist_flex.pos=+87.35 wrist_roll.pos=-10.09 gripper.pos=+5.20
DEBUG 2026-09-03 08:16:31 [action #198] t=8.73s step=197 queue=3 dmax=0.992 | shoulder_pan.pos=+9.40 shoulder_lift.pos=-20.33 elbow_flex.pos=+7.74 wrist_flex.pos=+87.30 wrist_roll.pos=-9.90 gripper.pos=+5.12
DEBUG 2026-09-03 08:16:31 [action #199] t=8.76s step=198 queue=2 dmax=0.876 | shoulder_pan.pos=+10.28 shoulder_lift.pos=-20.38 elbow_flex.pos=+6.92 wrist_flex.pos=+87.03 wrist_roll.pos=-9.51 gripper.pos=+5.11
DEBUG 2026-09-03 08:16:31 [action #200] t=8.80s step=199 queue=1 dmax=1.091 | shoulder_pan.pos=+11.37 shoulder_lift.pos=-20.48 elbow_flex.pos=+6.75 wrist_flex.pos=+86.84 wrist_roll.pos=-9.13 gripper.pos=+5.17
DEBUG 2026-09-03 08:16:31 [chunk] received 50 actions, timesteps 178..227 | first: shoulder_pan.pos=-6.58 shoulder_lift.pos=-5.79 elbow_flex.pos=+16.38 wrist_flex.pos=+79.53 wrist_roll.pos=-9.33 gripper.pos=+5.39 | last: shoulder_pan.pos=+26.79 shoulder_lift.pos=-0.37 elbow_flex.pos=-1.14 wrist_flex.pos=+71.30 wrist_roll.pos=-6.39 gripper.pos=+6.45
DEBUG 2026-09-03 08:16:31 [action #201] t=9.13s step=200 queue=28 dmax=3.530 | shoulder_pan.pos=+7.84 shoulder_lift.pos=-20.91 elbow_flex.pos=+3.93 wrist_flex.pos=+85.43 wrist_roll.pos=-9.10 gripper.pos=+6.23
DEBUG 2026-09-03 08:16:31 [action #202] t=9.16s step=201 queue=27 dmax=1.214 | shoulder_pan.pos=+8.68 shoulder_lift.pos=-20.84 elbow_flex.pos=+5.14 wrist_flex.pos=+85.08 wrist_roll.pos=-8.90 gripper.pos=+6.22
DEBUG 2026-09-03 08:16:31 [action #203] t=9.20s step=202 queue=26 dmax=1.030 | shoulder_pan.pos=+9.71 shoulder_lift.pos=-20.90 elbow_flex.pos=+4.66 wrist_flex.pos=+84.76 wrist_roll.pos=-9.01 gripper.pos=+6.01
DEBUG 2026-09-03 08:16:32 [action #204] t=9.23s step=203 queue=25 dmax=1.094 | shoulder_pan.pos=+10.81 shoulder_lift.pos=-20.54 elbow_flex.pos=+4.43 wrist_flex.pos=+84.20 wrist_roll.pos=-8.82 gripper.pos=+6.18
DEBUG 2026-09-03 08:16:32 [action #205] t=9.26s step=204 queue=24 dmax=1.216 | shoulder_pan.pos=+12.02 shoulder_lift.pos=-21.03 elbow_flex.pos=+4.41 wrist_flex.pos=+83.58 wrist_roll.pos=-8.75 gripper.pos=+6.14
DEBUG 2026-09-03 08:16:32 [action #206] t=9.30s step=205 queue=23 dmax=1.185 | shoulder_pan.pos=+13.21 shoulder_lift.pos=-20.21 elbow_flex.pos=+4.83 wrist_flex.pos=+82.99 wrist_roll.pos=-8.84 gripper.pos=+6.26
DEBUG 2026-09-03 08:16:32 [action #207] t=9.33s step=206 queue=22 dmax=1.201 | shoulder_pan.pos=+14.41 shoulder_lift.pos=-20.25 elbow_flex.pos=+5.41 wrist_flex.pos=+82.27 wrist_roll.pos=-8.68 gripper.pos=+6.24
DEBUG 2026-09-03 08:16:32 [action #208] t=9.37s step=207 queue=21 dmax=1.255 | shoulder_pan.pos=+15.66 shoulder_lift.pos=-19.16 elbow_flex.pos=+5.99 wrist_flex.pos=+81.81 wrist_roll.pos=-8.43 gripper.pos=+6.07
DEBUG 2026-09-03 08:16:32 [action #209] t=9.40s step=208 queue=20 dmax=0.915 | shoulder_pan.pos=+16.58 shoulder_lift.pos=-19.69 elbow_flex.pos=+5.28 wrist_flex.pos=+81.05 wrist_roll.pos=-8.22 gripper.pos=+6.24
DEBUG 2026-09-03 08:16:32 [action #210] t=9.43s step=209 queue=19 dmax=1.119 | shoulder_pan.pos=+17.42 shoulder_lift.pos=-18.88 elbow_flex.pos=+5.71 wrist_flex.pos=+79.93 wrist_roll.pos=-8.00 gripper.pos=+6.25
DEBUG 2026-09-03 08:16:32 [action #211] t=9.47s step=210 queue=18 dmax=1.326 | shoulder_pan.pos=+18.74 shoulder_lift.pos=-18.42 elbow_flex.pos=+6.15 wrist_flex.pos=+79.76 wrist_roll.pos=-7.72 gripper.pos=+6.22
DEBUG 2026-09-03 08:16:32 [action #212] t=9.50s step=211 queue=17 dmax=0.903 | shoulder_pan.pos=+19.19 shoulder_lift.pos=-17.51 elbow_flex.pos=+5.45 wrist_flex.pos=+79.12 wrist_roll.pos=-7.57 gripper.pos=+6.35
DEBUG 2026-09-03 08:16:32 [action #213] t=9.53s step=212 queue=16 dmax=1.140 | shoulder_pan.pos=+20.27 shoulder_lift.pos=-16.37 elbow_flex.pos=+4.89 wrist_flex.pos=+78.56 wrist_roll.pos=-7.19 gripper.pos=+6.49
DEBUG 2026-09-03 08:16:32 [action #214] t=9.57s step=213 queue=15 dmax=0.717 | shoulder_pan.pos=+20.86 shoulder_lift.pos=-15.66 elbow_flex.pos=+5.30 wrist_flex.pos=+77.92 wrist_roll.pos=-7.13 gripper.pos=+6.19
DEBUG 2026-09-03 08:16:32 [action #215] t=9.60s step=214 queue=14 dmax=1.903 | shoulder_pan.pos=+21.50 shoulder_lift.pos=-13.75 elbow_flex.pos=+4.61 wrist_flex.pos=+77.24 wrist_roll.pos=-7.01 gripper.pos=+6.41
DEBUG 2026-09-03 08:16:32 [action #216] t=9.63s step=215 queue=13 dmax=0.975 | shoulder_pan.pos=+21.93 shoulder_lift.pos=-12.93 elbow_flex.pos=+3.63 wrist_flex.pos=+76.75 wrist_roll.pos=-7.09 gripper.pos=+6.36
DEBUG 2026-09-03 08:16:32 [action #217] t=9.67s step=216 queue=12 dmax=0.745 | shoulder_pan.pos=+22.61 shoulder_lift.pos=-12.22 elbow_flex.pos=+3.44 wrist_flex.pos=+76.01 wrist_roll.pos=-7.13 gripper.pos=+6.31
DEBUG 2026-09-03 08:16:32 [action #218] t=9.70s step=217 queue=11 dmax=1.815 | shoulder_pan.pos=+23.02 shoulder_lift.pos=-10.40 elbow_flex.pos=+3.19 wrist_flex.pos=+75.39 wrist_roll.pos=-7.07 gripper.pos=+6.47
DEBUG 2026-09-03 08:16:32 [action #219] t=9.73s step=218 queue=10 dmax=1.206 | shoulder_pan.pos=+23.62 shoulder_lift.pos=-9.20 elbow_flex.pos=+2.49 wrist_flex.pos=+74.91 wrist_roll.pos=-6.93 gripper.pos=+6.36
DEBUG 2026-09-03 08:16:32 [action #220] t=9.77s step=219 queue=9 dmax=0.820 | shoulder_pan.pos=+23.97 shoulder_lift.pos=-8.38 elbow_flex.pos=+1.87 wrist_flex.pos=+74.37 wrist_roll.pos=-7.03 gripper.pos=+6.17
DEBUG 2026-09-03 08:16:32 [action #221] t=9.80s step=220 queue=8 dmax=0.543 | shoulder_pan.pos=+24.51 shoulder_lift.pos=-7.92 elbow_flex.pos=+2.13 wrist_flex.pos=+73.89 wrist_roll.pos=-6.91 gripper.pos=+6.53
DEBUG 2026-09-03 08:16:32 [action #222] t=9.83s step=221 queue=7 dmax=0.731 | shoulder_pan.pos=+25.08 shoulder_lift.pos=-7.40 elbow_flex.pos=+1.53 wrist_flex.pos=+73.16 wrist_roll.pos=-6.99 gripper.pos=+6.34
DEBUG 2026-09-03 08:16:32 [action #223] t=9.87s step=222 queue=6 dmax=0.918 | shoulder_pan.pos=+25.38 shoulder_lift.pos=-6.48 elbow_flex.pos=+1.14 wrist_flex.pos=+72.66 wrist_roll.pos=-6.95 gripper.pos=+6.41
DEBUG 2026-09-03 08:16:32 [action #224] t=9.90s step=223 queue=5 dmax=2.414 | shoulder_pan.pos=+25.80 shoulder_lift.pos=-4.07 elbow_flex.pos=+0.57 wrist_flex.pos=+72.63 wrist_roll.pos=-6.66 gripper.pos=+6.42
DEBUG 2026-09-03 08:16:32 [action #225] t=9.93s step=224 queue=4 dmax=1.001 | shoulder_pan.pos=+25.76 shoulder_lift.pos=-4.29 elbow_flex.pos=+1.57 wrist_flex.pos=+72.22 wrist_roll.pos=-6.85 gripper.pos=+6.41
DEBUG 2026-09-03 08:16:32 [action #226] t=9.97s step=225 queue=3 dmax=1.227 | shoulder_pan.pos=+26.07 shoulder_lift.pos=-3.06 elbow_flex.pos=+0.45 wrist_flex.pos=+72.08 wrist_roll.pos=-6.65 gripper.pos=+6.57
DEBUG 2026-09-03 08:16:32 [action #227] t=10.00s step=226 queue=2 dmax=1.040 | shoulder_pan.pos=+26.65 shoulder_lift.pos=-2.02 elbow_flex.pos=-0.35 wrist_flex.pos=+71.43 wrist_roll.pos=-6.48 gripper.pos=+6.32
DEBUG 2026-09-03 08:16:32 [action #228] t=10.03s step=227 queue=1 dmax=1.651 | shoulder_pan.pos=+26.79 shoulder_lift.pos=-0.37 elbow_flex.pos=-1.14 wrist_flex.pos=+71.30 wrist_roll.pos=-6.39 gripper.pos=+6.45
DEBUG 2026-09-03 08:16:32 [chunk] received 50 actions, timesteps 199..248 | first: shoulder_pan.pos=+13.56 shoulder_lift.pos=-20.95 elbow_flex.pos=+6.39 wrist_flex.pos=+85.22 wrist_roll.pos=-7.70 gripper.pos=+3.16 | last: shoulder_pan.pos=+36.33 shoulder_lift.pos=+25.77 elbow_flex.pos=-32.19 wrist_flex.pos=+77.31 wrist_roll.pos=-7.78 gripper.pos=+4.39
DEBUG 2026-09-03 08:16:32 [action #229] t=10.20s step=228 queue=21 dmax=11.902 | shoulder_pan.pos=+32.93 shoulder_lift.pos=+5.03 elbow_flex.pos=-13.04 wrist_flex.pos=+75.95 wrist_roll.pos=-6.96 gripper.pos=+3.71
DEBUG 2026-09-03 08:16:33 [action #230] t=10.23s step=229 queue=20 dmax=1.770 | shoulder_pan.pos=+33.14 shoulder_lift.pos=+5.97 elbow_flex.pos=-14.81 wrist_flex.pos=+76.06 wrist_roll.pos=-7.16 gripper.pos=+3.78
DEBUG 2026-09-03 08:16:33 [action #231] t=10.27s step=230 queue=19 dmax=1.335 | shoulder_pan.pos=+33.50 shoulder_lift.pos=+7.31 elbow_flex.pos=-15.14 wrist_flex.pos=+75.91 wrist_roll.pos=-7.07 gripper.pos=+3.65
DEBUG 2026-09-03 08:16:33 [action #232] t=10.30s step=231 queue=18 dmax=1.248 | shoulder_pan.pos=+33.69 shoulder_lift.pos=+8.55 elbow_flex.pos=-16.20 wrist_flex.pos=+76.11 wrist_roll.pos=-7.08 gripper.pos=+3.89
DEBUG 2026-09-03 08:16:33 [action #233] t=10.33s step=232 queue=17 dmax=1.450 | shoulder_pan.pos=+33.64 shoulder_lift.pos=+9.96 elbow_flex.pos=-17.65 wrist_flex.pos=+76.22 wrist_roll.pos=-7.08 gripper.pos=+3.85
DEBUG 2026-09-03 08:16:33 [action #234] t=10.37s step=233 queue=16 dmax=2.216 | shoulder_pan.pos=+33.76 shoulder_lift.pos=+12.18 elbow_flex.pos=-19.17 wrist_flex.pos=+75.95 wrist_roll.pos=-7.18 gripper.pos=+3.77
DEBUG 2026-09-03 08:16:33 [action #235] t=10.40s step=234 queue=15 dmax=1.072 | shoulder_pan.pos=+34.15 shoulder_lift.pos=+13.25 elbow_flex.pos=-20.00 wrist_flex.pos=+76.39 wrist_roll.pos=-7.20 gripper.pos=+3.88
DEBUG 2026-09-03 08:16:33 [action #236] t=10.44s step=235 queue=14 dmax=2.410 | shoulder_pan.pos=+34.45 shoulder_lift.pos=+14.22 elbow_flex.pos=-22.41 wrist_flex.pos=+76.04 wrist_roll.pos=-7.36 gripper.pos=+3.83
DEBUG 2026-09-03 08:16:33 [action #237] t=10.47s step=236 queue=13 dmax=1.153 | shoulder_pan.pos=+34.45 shoulder_lift.pos=+15.37 elbow_flex.pos=-23.28 wrist_flex.pos=+76.16 wrist_roll.pos=-7.44 gripper.pos=+3.75
DEBUG 2026-09-03 08:16:33 [action #238] t=10.50s step=237 queue=12 dmax=1.461 | shoulder_pan.pos=+34.82 shoulder_lift.pos=+16.83 elbow_flex.pos=-24.10 wrist_flex.pos=+76.34 wrist_roll.pos=-7.52 gripper.pos=+3.96
DEBUG 2026-09-03 08:16:33 [action #239] t=10.54s step=238 queue=11 dmax=1.983 | shoulder_pan.pos=+35.04 shoulder_lift.pos=+18.81 elbow_flex.pos=-25.28 wrist_flex.pos=+76.51 wrist_roll.pos=-7.44 gripper.pos=+3.91
DEBUG 2026-09-03 08:16:33 [action #240] t=10.57s step=239 queue=10 dmax=1.470 | shoulder_pan.pos=+35.64 shoulder_lift.pos=+19.45 elbow_flex.pos=-26.75 wrist_flex.pos=+76.12 wrist_roll.pos=-7.37 gripper.pos=+4.01
DEBUG 2026-09-03 08:16:33 [action #241] t=10.60s step=240 queue=9 dmax=0.520 | shoulder_pan.pos=+35.39 shoulder_lift.pos=+19.90 elbow_flex.pos=-27.27 wrist_flex.pos=+76.39 wrist_roll.pos=-7.56 gripper.pos=+4.02
DEBUG 2026-09-03 08:16:33 [action #242] t=10.64s step=241 queue=8 dmax=1.202 | shoulder_pan.pos=+35.61 shoulder_lift.pos=+21.10 elbow_flex.pos=-27.85 wrist_flex.pos=+76.48 wrist_roll.pos=-7.61 gripper.pos=+3.91
DEBUG 2026-09-03 08:16:33 [action #243] t=10.67s step=242 queue=7 dmax=0.641 | shoulder_pan.pos=+36.25 shoulder_lift.pos=+21.29 elbow_flex.pos=-28.42 wrist_flex.pos=+76.52 wrist_roll.pos=-7.69 gripper.pos=+4.14
DEBUG 2026-09-03 08:16:33 [action #244] t=10.70s step=243 queue=6 dmax=1.541 | shoulder_pan.pos=+36.05 shoulder_lift.pos=+22.83 elbow_flex.pos=-29.01 wrist_flex.pos=+76.40 wrist_roll.pos=-7.75 gripper.pos=+4.12
DEBUG 2026-09-03 08:16:33 [action #245] t=10.74s step=244 queue=5 dmax=0.696 | shoulder_pan.pos=+35.95 shoulder_lift.pos=+23.41 elbow_flex.pos=-29.70 wrist_flex.pos=+76.85 wrist_roll.pos=-7.65 gripper.pos=+4.28
DEBUG 2026-09-03 08:16:33 [action #246] t=10.77s step=245 queue=4 dmax=0.639 | shoulder_pan.pos=+36.17 shoulder_lift.pos=+24.05 elbow_flex.pos=-29.92 wrist_flex.pos=+76.83 wrist_roll.pos=-7.66 gripper.pos=+4.31
DEBUG 2026-09-03 08:16:33 [action #247] t=10.80s step=246 queue=3 dmax=1.182 | shoulder_pan.pos=+36.12 shoulder_lift.pos=+25.23 elbow_flex.pos=-30.97 wrist_flex.pos=+76.97 wrist_roll.pos=-7.82 gripper.pos=+4.10
DEBUG 2026-09-03 08:16:33 [action #248] t=10.84s step=247 queue=2 dmax=0.262 | shoulder_pan.pos=+36.33 shoulder_lift.pos=+25.44 elbow_flex.pos=-31.14 wrist_flex.pos=+76.71 wrist_roll.pos=-7.80 gripper.pos=+4.33
DEBUG 2026-09-03 08:16:33 [action #249] t=10.87s step=248 queue=1 dmax=1.050 | shoulder_pan.pos=+36.33 shoulder_lift.pos=+25.77 elbow_flex.pos=-32.19 wrist_flex.pos=+77.31 wrist_roll.pos=-7.78 gripper.pos=+4.39
DEBUG 2026-09-03 08:16:33 [chunk] received 50 actions, timesteps 227..276 | first: shoulder_pan.pos=+28.16 shoulder_lift.pos=+0.95 elbow_flex.pos=-0.22 wrist_flex.pos=+70.20 wrist_roll.pos=-7.54 gripper.pos=+3.45 | last: shoulder_pan.pos=+34.70 shoulder_lift.pos=+16.17 elbow_flex.pos=-10.91 wrist_flex.pos=+73.83 wrist_roll.pos=-8.24 gripper.pos=+31.39
DEBUG 2026-09-03 08:16:33 [action #250] t=11.20s step=249 queue=28 dmax=23.502 | shoulder_pan.pos=+35.22 shoulder_lift.pos=+10.03 elbow_flex.pos=-8.69 wrist_flex.pos=+66.78 wrist_roll.pos=-7.27 gripper.pos=+3.90
DEBUG 2026-09-03 08:16:34 [action #251] t=11.24s step=250 queue=27 dmax=0.531 | shoulder_pan.pos=+35.64 shoulder_lift.pos=+9.99 elbow_flex.pos=-8.16 wrist_flex.pos=+66.84 wrist_roll.pos=-7.41 gripper.pos=+3.70
DEBUG 2026-09-03 08:16:34 [action #252] t=11.27s step=251 queue=26 dmax=0.792 | shoulder_pan.pos=+35.55 shoulder_lift.pos=+10.08 elbow_flex.pos=-8.95 wrist_flex.pos=+66.69 wrist_roll.pos=-7.34 gripper.pos=+3.70
DEBUG 2026-09-03 08:16:34 [action #253] t=11.30s step=252 queue=25 dmax=0.696 | shoulder_pan.pos=+35.34 shoulder_lift.pos=+10.78 elbow_flex.pos=-9.37 wrist_flex.pos=+66.53 wrist_roll.pos=-7.37 gripper.pos=+3.92
DEBUG 2026-09-03 08:16:34 [action #254] t=11.34s step=253 queue=24 dmax=0.508 | shoulder_pan.pos=+35.65 shoulder_lift.pos=+11.29 elbow_flex.pos=-9.30 wrist_flex.pos=+66.65 wrist_roll.pos=-7.37 gripper.pos=+3.80
DEBUG 2026-09-03 08:16:34 [action #255] t=11.37s step=254 queue=23 dmax=0.875 | shoulder_pan.pos=+35.87 shoulder_lift.pos=+12.16 elbow_flex.pos=-9.62 wrist_flex.pos=+66.48 wrist_roll.pos=-7.34 gripper.pos=+3.95
DEBUG 2026-09-03 08:16:34 [action #256] t=11.40s step=255 queue=22 dmax=0.778 | shoulder_pan.pos=+36.05 shoulder_lift.pos=+12.59 elbow_flex.pos=-10.39 wrist_flex.pos=+66.51 wrist_roll.pos=-7.36 gripper.pos=+4.42
DEBUG 2026-09-03 08:16:34 [action #257] t=11.44s step=256 queue=21 dmax=1.358 | shoulder_pan.pos=+36.08 shoulder_lift.pos=+12.78 elbow_flex.pos=-10.26 wrist_flex.pos=+66.43 wrist_roll.pos=-7.28 gripper.pos=+5.77
DEBUG 2026-09-03 08:16:34 [action #258] t=11.47s step=257 queue=20 dmax=1.981 | shoulder_pan.pos=+36.17 shoulder_lift.pos=+13.22 elbow_flex.pos=-10.08 wrist_flex.pos=+66.26 wrist_roll.pos=-7.37 gripper.pos=+7.76
DEBUG 2026-09-03 08:16:34 [action #259] t=11.51s step=258 queue=19 dmax=2.549 | shoulder_pan.pos=+36.38 shoulder_lift.pos=+14.61 elbow_flex.pos=-9.85 wrist_flex.pos=+66.33 wrist_roll.pos=-7.47 gripper.pos=+10.30
DEBUG 2026-09-03 08:16:34 [action #260] t=11.54s step=259 queue=18 dmax=2.606 | shoulder_pan.pos=+36.48 shoulder_lift.pos=+14.94 elbow_flex.pos=-9.76 wrist_flex.pos=+66.11 wrist_roll.pos=-7.60 gripper.pos=+12.91
DEBUG 2026-09-03 08:16:34 [action #261] t=11.57s step=260 queue=17 dmax=2.684 | shoulder_pan.pos=+36.47 shoulder_lift.pos=+14.99 elbow_flex.pos=-9.99 wrist_flex.pos=+66.45 wrist_roll.pos=-7.57 gripper.pos=+15.59
DEBUG 2026-09-03 08:16:34 [action #262] t=11.61s step=261 queue=16 dmax=2.592 | shoulder_pan.pos=+35.91 shoulder_lift.pos=+15.51 elbow_flex.pos=-9.35 wrist_flex.pos=+66.63 wrist_roll.pos=-7.50 gripper.pos=+18.19
DEBUG 2026-09-03 08:16:34 [action #263] t=11.64s step=262 queue=15 dmax=2.390 | shoulder_pan.pos=+36.39 shoulder_lift.pos=+15.16 elbow_flex.pos=-9.55 wrist_flex.pos=+66.77 wrist_roll.pos=-7.56 gripper.pos=+20.58
DEBUG 2026-09-03 08:16:34 [action #264] t=11.67s step=263 queue=14 dmax=2.533 | shoulder_pan.pos=+35.93 shoulder_lift.pos=+15.73 elbow_flex.pos=-9.08 wrist_flex.pos=+66.83 wrist_roll.pos=-7.76 gripper.pos=+23.11
DEBUG 2026-09-03 08:16:34 [action #265] t=11.71s step=264 queue=13 dmax=2.108 | shoulder_pan.pos=+36.11 shoulder_lift.pos=+15.86 elbow_flex.pos=-8.67 wrist_flex.pos=+66.95 wrist_roll.pos=-7.81 gripper.pos=+25.22
DEBUG 2026-09-03 08:16:34 [action #266] t=11.74s step=265 queue=12 dmax=1.972 | shoulder_pan.pos=+35.84 shoulder_lift.pos=+16.49 elbow_flex.pos=-8.93 wrist_flex.pos=+66.97 wrist_roll.pos=-7.72 gripper.pos=+27.19
DEBUG 2026-09-03 08:16:34 [action #267] t=11.77s step=266 queue=11 dmax=1.584 | shoulder_pan.pos=+35.84 shoulder_lift.pos=+16.05 elbow_flex.pos=-8.08 wrist_flex.pos=+67.34 wrist_roll.pos=-7.77 gripper.pos=+28.77
DEBUG 2026-09-03 08:16:34 [action #268] t=11.81s step=267 queue=10 dmax=0.989 | shoulder_pan.pos=+35.73 shoulder_lift.pos=+16.00 elbow_flex.pos=-8.31 wrist_flex.pos=+67.38 wrist_roll.pos=-7.89 gripper.pos=+29.76
DEBUG 2026-09-03 08:16:34 [action #269] t=11.84s step=268 queue=9 dmax=0.779 | shoulder_pan.pos=+35.70 shoulder_lift.pos=+16.02 elbow_flex.pos=-7.82 wrist_flex.pos=+67.57 wrist_roll.pos=-7.83 gripper.pos=+30.54
DEBUG 2026-09-03 08:16:34 [action #270] t=11.87s step=269 queue=8 dmax=0.595 | shoulder_pan.pos=+35.57 shoulder_lift.pos=+16.16 elbow_flex.pos=-7.98 wrist_flex.pos=+67.99 wrist_roll.pos=-7.98 gripper.pos=+31.14
DEBUG 2026-09-03 08:16:34 [action #271] t=11.91s step=270 queue=7 dmax=0.700 | shoulder_pan.pos=+35.45 shoulder_lift.pos=+16.81 elbow_flex.pos=-8.68 wrist_flex.pos=+68.48 wrist_roll.pos=-7.96 gripper.pos=+31.44
DEBUG 2026-09-03 08:16:34 [action #272] t=11.94s step=271 queue=6 dmax=0.629 | shoulder_pan.pos=+35.68 shoulder_lift.pos=+16.18 elbow_flex.pos=-8.48 wrist_flex.pos=+68.94 wrist_roll.pos=-8.04 gripper.pos=+31.46
DEBUG 2026-09-03 08:16:34 [action #273] t=11.97s step=272 queue=5 dmax=0.443 | shoulder_pan.pos=+35.49 shoulder_lift.pos=+16.15 elbow_flex.pos=-8.48 wrist_flex.pos=+69.38 wrist_roll.pos=-8.07 gripper.pos=+31.28
DEBUG 2026-09-03 08:16:34 [action #274] t=12.01s step=273 queue=4 dmax=0.769 | shoulder_pan.pos=+35.25 shoulder_lift.pos=+16.63 elbow_flex.pos=-8.72 wrist_flex.pos=+70.15 wrist_roll.pos=-8.16 gripper.pos=+31.13
DEBUG 2026-09-03 08:16:34 [action #275] t=12.04s step=274 queue=3 dmax=1.059 | shoulder_pan.pos=+35.31 shoulder_lift.pos=+15.85 elbow_flex.pos=-9.42 wrist_flex.pos=+71.21 wrist_roll.pos=-8.09 gripper.pos=+31.19
DEBUG 2026-09-03 08:16:34 [action #276] t=12.07s step=275 queue=2 dmax=1.338 | shoulder_pan.pos=+34.87 shoulder_lift.pos=+16.05 elbow_flex.pos=-10.66 wrist_flex.pos=+72.55 wrist_roll.pos=-8.24 gripper.pos=+31.32
DEBUG 2026-09-03 08:16:34 [action #277] t=12.11s step=276 queue=1 dmax=1.278 | shoulder_pan.pos=+34.70 shoulder_lift.pos=+16.17 elbow_flex.pos=-10.91 wrist_flex.pos=+73.83 wrist_roll.pos=-8.24 gripper.pos=+31.39
DEBUG 2026-09-03 08:16:34 [chunk] received 50 actions, timesteps 248..297 | first: shoulder_pan.pos=+33.15 shoulder_lift.pos=+25.55 elbow_flex.pos=-30.92 wrist_flex.pos=+74.35 wrist_roll.pos=-7.90 gripper.pos=+5.16 | last: shoulder_pan.pos=+22.99 shoulder_lift.pos=+18.82 elbow_flex.pos=-39.10 wrist_flex.pos=+100.09 wrist_roll.pos=-1.10 gripper.pos=+17.24
DEBUG 2026-09-03 08:16:34 [action #278] t=12.14s step=277 queue=21 dmax=24.276 | shoulder_pan.pos=+31.94 shoulder_lift.pos=+27.32 elbow_flex.pos=-35.19 wrist_flex.pos=+84.20 wrist_roll.pos=-6.37 gripper.pos=+32.18
DEBUG 2026-09-03 08:16:34 [action #279] t=12.17s step=278 queue=20 dmax=1.136 | shoulder_pan.pos=+31.16 shoulder_lift.pos=+26.19 elbow_flex.pos=-34.07 wrist_flex.pos=+85.21 wrist_roll.pos=-6.23 gripper.pos=+31.98
DEBUG 2026-09-03 08:16:34 [action #280] t=12.21s step=279 queue=19 dmax=2.367 | shoulder_pan.pos=+30.69 shoulder_lift.pos=+27.28 elbow_flex.pos=-36.44 wrist_flex.pos=+86.80 wrist_roll.pos=-5.85 gripper.pos=+32.14
DEBUG 2026-09-03 08:16:35 [action #281] t=12.24s step=280 queue=18 dmax=1.565 | shoulder_pan.pos=+30.17 shoulder_lift.pos=+26.81 elbow_flex.pos=-36.39 wrist_flex.pos=+88.36 wrist_roll.pos=-5.77 gripper.pos=+32.07
DEBUG 2026-09-03 08:16:35 [action #282] t=12.28s step=281 queue=17 dmax=1.254 | shoulder_pan.pos=+29.81 shoulder_lift.pos=+26.68 elbow_flex.pos=-37.46 wrist_flex.pos=+89.62 wrist_roll.pos=-5.78 gripper.pos=+32.08
DEBUG 2026-09-03 08:16:35 [action #283] t=12.31s step=282 queue=16 dmax=1.400 | shoulder_pan.pos=+29.43 shoulder_lift.pos=+26.71 elbow_flex.pos=-37.91 wrist_flex.pos=+91.01 wrist_roll.pos=-5.42 gripper.pos=+32.28
DEBUG 2026-09-03 08:16:35 [action #284] t=12.34s step=283 queue=15 dmax=1.765 | shoulder_pan.pos=+29.07 shoulder_lift.pos=+26.42 elbow_flex.pos=-39.67 wrist_flex.pos=+92.44 wrist_roll.pos=-5.46 gripper.pos=+32.25
DEBUG 2026-09-03 08:16:35 [action #285] t=12.38s step=284 queue=14 dmax=1.150 | shoulder_pan.pos=+28.69 shoulder_lift.pos=+25.46 elbow_flex.pos=-40.28 wrist_flex.pos=+93.59 wrist_roll.pos=-5.23 gripper.pos=+32.02
DEBUG 2026-09-03 08:16:35 [action #286] t=12.41s step=285 queue=13 dmax=1.344 | shoulder_pan.pos=+28.33 shoulder_lift.pos=+24.78 elbow_flex.pos=-41.44 wrist_flex.pos=+94.93 wrist_roll.pos=-5.11 gripper.pos=+31.92
DEBUG 2026-09-03 08:16:35 [action #287] t=12.44s step=286 queue=12 dmax=1.296 | shoulder_pan.pos=+28.13 shoulder_lift.pos=+25.96 elbow_flex.pos=-42.20 wrist_flex.pos=+96.23 wrist_roll.pos=-5.00 gripper.pos=+32.04
DEBUG 2026-09-03 08:16:35 [action #288] t=12.48s step=287 queue=11 dmax=0.787 | shoulder_pan.pos=+27.66 shoulder_lift.pos=+25.50 elbow_flex.pos=-42.44 wrist_flex.pos=+97.02 wrist_roll.pos=-4.67 gripper.pos=+31.95
DEBUG 2026-09-03 08:16:35 [action #289] t=12.51s step=288 queue=10 dmax=0.696 | shoulder_pan.pos=+27.05 shoulder_lift.pos=+24.80 elbow_flex.pos=-42.99 wrist_flex.pos=+97.44 wrist_roll.pos=-4.40 gripper.pos=+31.83
DEBUG 2026-09-03 08:16:35 [action #290] t=12.54s step=289 queue=9 dmax=1.110 | shoulder_pan.pos=+26.86 shoulder_lift.pos=+23.69 elbow_flex.pos=-42.91 wrist_flex.pos=+97.85 wrist_roll.pos=-4.11 gripper.pos=+31.47
DEBUG 2026-09-03 08:16:35 [action #291] t=12.58s step=290 queue=8 dmax=0.756 | shoulder_pan.pos=+26.52 shoulder_lift.pos=+24.04 elbow_flex.pos=-43.20 wrist_flex.pos=+98.60 wrist_roll.pos=-3.63 gripper.pos=+31.22
DEBUG 2026-09-03 08:16:35 [action #292] t=12.61s step=291 queue=7 dmax=1.204 | shoulder_pan.pos=+25.87 shoulder_lift.pos=+23.12 elbow_flex.pos=-42.96 wrist_flex.pos=+98.77 wrist_roll.pos=-3.20 gripper.pos=+30.02
DEBUG 2026-09-03 08:16:35 [action #293] t=12.64s step=292 queue=6 dmax=1.548 | shoulder_pan.pos=+25.64 shoulder_lift.pos=+22.64 elbow_flex.pos=-42.79 wrist_flex.pos=+99.28 wrist_roll.pos=-2.70 gripper.pos=+28.47
DEBUG 2026-09-03 08:16:35 [action #294] t=12.68s step=293 queue=5 dmax=2.082 | shoulder_pan.pos=+25.18 shoulder_lift.pos=+22.14 elbow_flex.pos=-42.59 wrist_flex.pos=+99.53 wrist_roll.pos=-2.05 gripper.pos=+26.39
DEBUG 2026-09-03 08:16:35 [action #295] t=12.71s step=294 queue=4 dmax=2.061 | shoulder_pan.pos=+24.77 shoulder_lift.pos=+21.47 elbow_flex.pos=-42.07 wrist_flex.pos=+99.47 wrist_roll.pos=-1.77 gripper.pos=+24.32
DEBUG 2026-09-03 08:16:35 [action #296] t=12.74s step=295 queue=3 dmax=2.005 | shoulder_pan.pos=+24.32 shoulder_lift.pos=+21.43 elbow_flex.pos=-40.71 wrist_flex.pos=+99.68 wrist_roll.pos=-1.53 gripper.pos=+22.32
DEBUG 2026-09-03 08:16:35 [action #297] t=12.78s step=296 queue=2 dmax=2.483 | shoulder_pan.pos=+23.66 shoulder_lift.pos=+21.67 elbow_flex.pos=-40.77 wrist_flex.pos=+100.39 wrist_roll.pos=-1.09 gripper.pos=+19.84
DEBUG 2026-09-03 08:16:35 [action #298] t=12.81s step=297 queue=1 dmax=2.846 | shoulder_pan.pos=+22.99 shoulder_lift.pos=+18.82 elbow_flex.pos=-39.10 wrist_flex.pos=+100.09 wrist_roll.pos=-1.10 gripper.pos=+17.24
DEBUG 2026-09-03 08:16:35 [chunk] received 50 actions, timesteps 276..325 | first: shoulder_pan.pos=+28.41 shoulder_lift.pos=+18.01 elbow_flex.pos=-13.61 wrist_flex.pos=+72.77 wrist_roll.pos=-7.61 gripper.pos=+31.11 | last: shoulder_pan.pos=+4.58 shoulder_lift.pos=-50.32 elbow_flex.pos=+45.93 wrist_flex.pos=+72.26 wrist_roll.pos=+0.66 gripper.pos=+0.37
DEBUG 2026-09-03 08:16:35 [action #299] t=13.08s step=298 queue=28 dmax=18.380 | shoulder_pan.pos=+17.78 shoulder_lift.pos=+4.76 elbow_flex.pos=-20.72 wrist_flex.pos=+92.67 wrist_roll.pos=-5.52 gripper.pos=+18.00
DEBUG 2026-09-03 08:16:35 [action #300] t=13.11s step=299 queue=27 dmax=3.233 | shoulder_pan.pos=+17.18 shoulder_lift.pos=+2.98 elbow_flex.pos=-19.65 wrist_flex.pos=+92.69 wrist_roll.pos=-4.99 gripper.pos=+14.76
DEBUG 2026-09-03 08:16:35 [action #301] t=13.16s step=300 queue=26 dmax=3.004 | shoulder_pan.pos=+16.65 shoulder_lift.pos=+1.94 elbow_flex.pos=-18.46 wrist_flex.pos=+92.60 wrist_roll.pos=-4.53 gripper.pos=+11.76
DEBUG 2026-09-03 08:16:35 [action #302] t=13.19s step=301 queue=25 dmax=2.368 | shoulder_pan.pos=+15.91 shoulder_lift.pos=+0.31 elbow_flex.pos=-16.97 wrist_flex.pos=+92.62 wrist_roll.pos=-3.80 gripper.pos=+9.39
DEBUG 2026-09-03 08:16:36 [action #303] t=13.23s step=302 queue=24 dmax=1.785 | shoulder_pan.pos=+15.43 shoulder_lift.pos=-1.09 elbow_flex.pos=-15.34 wrist_flex.pos=+92.11 wrist_roll.pos=-3.40 gripper.pos=+7.61
DEBUG 2026-09-03 08:16:36 [action #304] t=13.26s step=303 queue=23 dmax=2.646 | shoulder_pan.pos=+14.85 shoulder_lift.pos=-3.34 elbow_flex.pos=-12.70 wrist_flex.pos=+91.90 wrist_roll.pos=-3.00 gripper.pos=+6.52
DEBUG 2026-09-03 08:16:36 [action #305] t=13.29s step=304 queue=22 dmax=2.204 | shoulder_pan.pos=+13.99 shoulder_lift.pos=-5.54 elbow_flex.pos=-10.50 wrist_flex.pos=+91.55 wrist_roll.pos=-2.73 gripper.pos=+5.61
DEBUG 2026-09-03 08:16:36 [action #306] t=13.33s step=305 queue=21 dmax=3.279 | shoulder_pan.pos=+12.96 shoulder_lift.pos=-7.35 elbow_flex.pos=-7.22 wrist_flex.pos=+91.08 wrist_roll.pos=-2.46 gripper.pos=+4.97
DEBUG 2026-09-03 08:16:36 [action #307] t=13.36s step=306 queue=20 dmax=1.750 | shoulder_pan.pos=+12.36 shoulder_lift.pos=-9.10 elbow_flex.pos=-5.47 wrist_flex.pos=+90.78 wrist_roll.pos=-2.24 gripper.pos=+4.07
DEBUG 2026-09-03 08:16:36 [action #308] t=13.39s step=307 queue=19 dmax=3.210 | shoulder_pan.pos=+11.60 shoulder_lift.pos=-11.89 elbow_flex.pos=-2.26 wrist_flex.pos=+90.18 wrist_roll.pos=-2.11 gripper.pos=+3.02
DEBUG 2026-09-03 08:16:36 [action #309] t=13.43s step=308 queue=18 dmax=2.274 | shoulder_pan.pos=+10.88 shoulder_lift.pos=-14.16 elbow_flex.pos=-0.45 wrist_flex.pos=+89.32 wrist_roll.pos=-2.04 gripper.pos=+1.87
DEBUG 2026-09-03 08:16:36 [action #310] t=13.46s step=309 queue=17 dmax=2.487 | shoulder_pan.pos=+10.26 shoulder_lift.pos=-15.98 elbow_flex.pos=+2.04 wrist_flex.pos=+88.89 wrist_roll.pos=-1.85 gripper.pos=+0.77
DEBUG 2026-09-03 08:16:36 [action #311] t=13.49s step=310 queue=16 dmax=3.191 | shoulder_pan.pos=+9.49 shoulder_lift.pos=-18.42 elbow_flex.pos=+5.23 wrist_flex.pos=+88.15 wrist_roll.pos=-1.83 gripper.pos=+0.10
DEBUG 2026-09-03 08:16:36 [action #312] t=13.53s step=311 queue=15 dmax=3.084 | shoulder_pan.pos=+8.93 shoulder_lift.pos=-20.95 elbow_flex.pos=+8.31 wrist_flex.pos=+87.22 wrist_roll.pos=-1.67 gripper.pos=-0.13
DEBUG 2026-09-03 08:16:36 [action #313] t=13.56s step=312 queue=14 dmax=3.032 | shoulder_pan.pos=+8.22 shoulder_lift.pos=-23.60 elbow_flex.pos=+11.35 wrist_flex.pos=+86.05 wrist_roll.pos=-1.59 gripper.pos=-0.29
DEBUG 2026-09-03 08:16:36 [action #314] t=13.59s step=313 queue=13 dmax=3.101 | shoulder_pan.pos=+7.78 shoulder_lift.pos=-25.48 elbow_flex.pos=+14.45 wrist_flex.pos=+84.75 wrist_roll.pos=-1.62 gripper.pos=+0.06
DEBUG 2026-09-03 08:16:36 [action #315] t=13.63s step=314 queue=12 dmax=3.093 | shoulder_pan.pos=+7.41 shoulder_lift.pos=-28.33 elbow_flex.pos=+17.54 wrist_flex.pos=+83.27 wrist_roll.pos=-1.54 gripper.pos=+0.17
DEBUG 2026-09-03 08:16:36 [action #316] t=13.66s step=315 queue=11 dmax=3.368 | shoulder_pan.pos=+7.04 shoulder_lift.pos=-29.89 elbow_flex.pos=+20.91 wrist_flex.pos=+81.88 wrist_roll.pos=-1.51 gripper.pos=+0.22
DEBUG 2026-09-03 08:16:36 [action #317] t=13.69s step=316 queue=10 dmax=3.126 | shoulder_pan.pos=+6.44 shoulder_lift.pos=-33.02 elbow_flex.pos=+24.02 wrist_flex.pos=+80.50 wrist_roll.pos=-1.29 gripper.pos=+0.35
DEBUG 2026-09-03 08:16:36 [action #318] t=13.73s step=317 queue=9 dmax=2.815 | shoulder_pan.pos=+5.89 shoulder_lift.pos=-35.10 elbow_flex.pos=+26.84 wrist_flex.pos=+79.17 wrist_roll.pos=-1.32 gripper.pos=+0.25
DEBUG 2026-09-03 08:16:36 [action #319] t=13.76s step=318 queue=8 dmax=2.610 | shoulder_pan.pos=+5.58 shoulder_lift.pos=-37.08 elbow_flex.pos=+29.45 wrist_flex.pos=+77.92 wrist_roll.pos=-1.28 gripper.pos=+0.31
DEBUG 2026-09-03 08:16:36 [action #320] t=13.80s step=319 queue=7 dmax=2.350 | shoulder_pan.pos=+5.16 shoulder_lift.pos=-39.01 elbow_flex.pos=+31.80 wrist_flex.pos=+76.86 wrist_roll.pos=-1.15 gripper.pos=+0.42
DEBUG 2026-09-03 08:16:36 [action #321] t=13.83s step=320 queue=6 dmax=3.030 | shoulder_pan.pos=+5.01 shoulder_lift.pos=-41.27 elbow_flex.pos=+34.83 wrist_flex.pos=+75.69 wrist_roll.pos=-1.10 gripper.pos=+0.33
DEBUG 2026-09-03 08:16:36 [action #322] t=13.86s step=321 queue=5 dmax=2.334 | shoulder_pan.pos=+5.14 shoulder_lift.pos=-43.35 elbow_flex.pos=+37.16 wrist_flex.pos=+74.79 wrist_roll.pos=-0.91 gripper.pos=+0.27
DEBUG 2026-09-03 08:16:36 [action #323] t=13.90s step=322 queue=4 dmax=2.370 | shoulder_pan.pos=+4.86 shoulder_lift.pos=-45.08 elbow_flex.pos=+39.53 wrist_flex.pos=+73.98 wrist_roll.pos=-0.59 gripper.pos=+0.25
DEBUG 2026-09-03 08:16:36 [action #324] t=13.93s step=323 queue=3 dmax=1.953 | shoulder_pan.pos=+4.92 shoulder_lift.pos=-47.04 elbow_flex.pos=+41.27 wrist_flex.pos=+73.36 wrist_roll.pos=-0.26 gripper.pos=+0.36
DEBUG 2026-09-03 08:16:36 [action #325] t=13.96s step=324 queue=2 dmax=2.619 | shoulder_pan.pos=+4.52 shoulder_lift.pos=-49.07 elbow_flex.pos=+43.89 wrist_flex.pos=+72.69 wrist_roll.pos=+0.34 gripper.pos=+0.28
DEBUG 2026-09-03 08:16:36 [action #326] t=14.00s step=325 queue=1 dmax=2.032 | shoulder_pan.pos=+4.58 shoulder_lift.pos=-50.32 elbow_flex.pos=+45.93 wrist_flex.pos=+72.26 wrist_roll.pos=+0.66 gripper.pos=+0.37
DEBUG 2026-09-03 08:16:36 [chunk] received 50 actions, timesteps 297..346 | first: shoulder_pan.pos=+21.34 shoulder_lift.pos=+12.98 elbow_flex.pos=-35.05 wrist_flex.pos=+100.78 wrist_roll.pos=-0.83 gripper.pos=+10.86 | last: shoulder_pan.pos=-7.40 shoulder_lift.pos=-79.21 elbow_flex.pos=+62.79 wrist_flex.pos=+69.65 wrist_roll.pos=-1.49 gripper.pos=+0.53
DEBUG 2026-09-03 08:16:36 [action #327] t=14.06s step=326 queue=21 dmax=13.582 | shoulder_pan.pos=+1.38 shoulder_lift.pos=-46.17 elbow_flex.pos=+32.34 wrist_flex.pos=+78.04 wrist_roll.pos=-1.25 gripper.pos=+0.85
DEBUG 2026-09-03 08:16:36 [action #328] t=14.10s step=327 queue=20 dmax=2.406 | shoulder_pan.pos=+0.81 shoulder_lift.pos=-48.16 elbow_flex.pos=+34.75 wrist_flex.pos=+77.23 wrist_roll.pos=-1.29 gripper.pos=+0.83
DEBUG 2026-09-03 08:16:36 [action #329] t=14.13s step=328 queue=19 dmax=2.502 | shoulder_pan.pos=+0.31 shoulder_lift.pos=-49.04 elbow_flex.pos=+37.25 wrist_flex.pos=+76.06 wrist_roll.pos=-1.28 gripper.pos=+0.93
DEBUG 2026-09-03 08:16:36 [action #330] t=14.17s step=329 queue=18 dmax=2.109 | shoulder_pan.pos=+0.03 shoulder_lift.pos=-51.15 elbow_flex.pos=+38.66 wrist_flex.pos=+75.10 wrist_roll.pos=-1.19 gripper.pos=+0.87
DEBUG 2026-09-03 08:16:36 [action #331] t=14.20s step=330 queue=17 dmax=2.383 | shoulder_pan.pos=-0.50 shoulder_lift.pos=-52.49 elbow_flex.pos=+41.04 wrist_flex.pos=+74.21 wrist_roll.pos=-1.30 gripper.pos=+0.64
DEBUG 2026-09-03 08:16:37 [action #332] t=14.23s step=331 queue=16 dmax=2.376 | shoulder_pan.pos=-1.00 shoulder_lift.pos=-54.43 elbow_flex.pos=+43.42 wrist_flex.pos=+73.16 wrist_roll.pos=-1.25 gripper.pos=+0.71
DEBUG 2026-09-03 08:16:37 [action #333] t=14.27s step=332 queue=15 dmax=1.708 | shoulder_pan.pos=-1.24 shoulder_lift.pos=-55.99 elbow_flex.pos=+45.13 wrist_flex.pos=+72.16 wrist_roll.pos=-1.16 gripper.pos=+0.52
DEBUG 2026-09-03 08:16:37 [action #334] t=14.30s step=333 queue=14 dmax=2.070 | shoulder_pan.pos=-1.76 shoulder_lift.pos=-58.06 elbow_flex.pos=+47.19 wrist_flex.pos=+71.29 wrist_roll.pos=-1.25 gripper.pos=+0.40
DEBUG 2026-09-03 08:16:37 [action #335] t=14.33s step=334 queue=13 dmax=1.826 | shoulder_pan.pos=-2.25 shoulder_lift.pos=-59.88 elbow_flex.pos=+48.74 wrist_flex.pos=+70.73 wrist_roll.pos=-1.28 gripper.pos=+0.25
DEBUG 2026-09-03 08:16:37 [action #336] t=14.37s step=335 queue=12 dmax=1.112 | shoulder_pan.pos=-2.93 shoulder_lift.pos=-60.99 elbow_flex.pos=+49.78 wrist_flex.pos=+70.34 wrist_roll.pos=-1.34 gripper.pos=+0.31
DEBUG 2026-09-03 08:16:37 [action #337] t=14.40s step=336 queue=11 dmax=1.198 | shoulder_pan.pos=-3.57 shoulder_lift.pos=-62.19 elbow_flex.pos=+50.67 wrist_flex.pos=+69.88 wrist_roll.pos=-1.44 gripper.pos=+0.33
DEBUG 2026-09-03 08:16:37 [action #338] t=14.43s step=337 queue=10 dmax=2.649 | shoulder_pan.pos=-3.94 shoulder_lift.pos=-64.46 elbow_flex.pos=+53.32 wrist_flex.pos=+69.48 wrist_roll.pos=-1.41 gripper.pos=+0.37
DEBUG 2026-09-03 08:16:37 [action #339] t=14.47s step=338 queue=9 dmax=2.477 | shoulder_pan.pos=-4.83 shoulder_lift.pos=-66.94 elbow_flex.pos=+54.26 wrist_flex.pos=+68.76 wrist_roll.pos=-1.29 gripper.pos=+0.23
DEBUG 2026-09-03 08:16:37 [action #340] t=14.50s step=339 queue=8 dmax=1.046 | shoulder_pan.pos=-5.33 shoulder_lift.pos=-67.99 elbow_flex.pos=+55.01 wrist_flex.pos=+68.63 wrist_roll.pos=-1.40 gripper.pos=+0.41
DEBUG 2026-09-03 08:16:37 [action #341] t=14.53s step=340 queue=7 dmax=1.562 | shoulder_pan.pos=-5.90 shoulder_lift.pos=-69.55 elbow_flex.pos=+56.47 wrist_flex.pos=+68.39 wrist_roll.pos=-1.49 gripper.pos=+0.44
DEBUG 2026-09-03 08:16:37 [action #342] t=14.57s step=341 queue=6 dmax=2.044 | shoulder_pan.pos=-6.52 shoulder_lift.pos=-71.59 elbow_flex.pos=+57.55 wrist_flex.pos=+68.41 wrist_roll.pos=-1.40 gripper.pos=+0.50
DEBUG 2026-09-03 08:16:37 [action #343] t=14.60s step=342 queue=5 dmax=0.944 | shoulder_pan.pos=-6.69 shoulder_lift.pos=-72.54 elbow_flex.pos=+58.49 wrist_flex.pos=+68.54 wrist_roll.pos=-1.45 gripper.pos=+0.44
DEBUG 2026-09-03 08:16:37 [action #344] t=14.63s step=343 queue=4 dmax=2.066 | shoulder_pan.pos=-7.09 shoulder_lift.pos=-74.60 elbow_flex.pos=+59.36 wrist_flex.pos=+68.98 wrist_roll.pos=-1.50 gripper.pos=+0.37
DEBUG 2026-09-03 08:16:37 [action #345] t=14.67s step=344 queue=3 dmax=1.524 | shoulder_pan.pos=-7.25 shoulder_lift.pos=-75.75 elbow_flex.pos=+60.88 wrist_flex.pos=+68.86 wrist_roll.pos=-1.27 gripper.pos=+0.29
DEBUG 2026-09-03 08:16:37 [action #346] t=14.70s step=345 queue=2 dmax=1.397 | shoulder_pan.pos=-7.34 shoulder_lift.pos=-77.15 elbow_flex.pos=+61.37 wrist_flex.pos=+69.40 wrist_roll.pos=-1.30 gripper.pos=+0.36
DEBUG 2026-09-03 08:16:37 [action #347] t=14.73s step=346 queue=1 dmax=2.064 | shoulder_pan.pos=-7.40 shoulder_lift.pos=-79.21 elbow_flex.pos=+62.79 wrist_flex.pos=+69.65 wrist_roll.pos=-1.49 gripper.pos=+0.53
DEBUG 2026-09-03 08:16:37 [chunk] received 50 actions, timesteps 325..374 | first: shoulder_pan.pos=+3.63 shoulder_lift.pos=-49.54 elbow_flex.pos=+46.30 wrist_flex.pos=+70.71 wrist_roll.pos=-0.65 gripper.pos=+0.29 | last: shoulder_pan.pos=-3.67 shoulder_lift.pos=-104.50 elbow_flex.pos=+88.88 wrist_flex.pos=+76.47 wrist_roll.pos=-0.91 gripper.pos=+0.41
DEBUG 2026-09-03 08:16:37 [action #348] t=15.07s step=347 queue=28 dmax=10.088 | shoulder_pan.pos=-4.22 shoulder_lift.pos=-84.34 elbow_flex.pos=+72.88 wrist_flex.pos=+65.02 wrist_roll.pos=-0.81 gripper.pos=+0.69
DEBUG 2026-09-03 08:16:37 [action #349] t=15.10s step=348 queue=27 dmax=2.021 | shoulder_pan.pos=-4.17 shoulder_lift.pos=-86.37 elbow_flex.pos=+74.27 wrist_flex.pos=+65.05 wrist_roll.pos=-0.78 gripper.pos=+0.55
DEBUG 2026-09-03 08:16:37 [action #350] t=15.14s step=349 queue=26 dmax=1.900 | shoulder_pan.pos=-3.87 shoulder_lift.pos=-88.27 elbow_flex.pos=+75.22 wrist_flex.pos=+65.19 wrist_roll.pos=-0.95 gripper.pos=+0.68
DEBUG 2026-09-03 08:16:37 [action #351] t=15.17s step=350 queue=25 dmax=2.130 | shoulder_pan.pos=-3.58 shoulder_lift.pos=-90.40 elbow_flex.pos=+76.48 wrist_flex.pos=+65.16 wrist_roll.pos=-1.02 gripper.pos=+0.56
DEBUG 2026-09-03 08:16:37 [action #352] t=15.20s step=351 queue=24 dmax=1.638 | shoulder_pan.pos=-3.56 shoulder_lift.pos=-92.03 elbow_flex.pos=+77.10 wrist_flex.pos=+65.32 wrist_roll.pos=-1.03 gripper.pos=+0.50
DEBUG 2026-09-03 08:16:38 [action #353] t=15.24s step=352 queue=23 dmax=2.004 | shoulder_pan.pos=-3.58 shoulder_lift.pos=-94.04 elbow_flex.pos=+78.88 wrist_flex.pos=+65.52 wrist_roll.pos=-1.04 gripper.pos=+0.60
DEBUG 2026-09-03 08:16:38 [action #354] t=15.27s step=353 queue=22 dmax=2.018 | shoulder_pan.pos=-3.12 shoulder_lift.pos=-96.06 elbow_flex.pos=+79.55 wrist_flex.pos=+65.63 wrist_roll.pos=-1.02 gripper.pos=+0.33
DEBUG 2026-09-03 08:16:38 [action #355] t=15.30s step=354 queue=21 dmax=1.802 | shoulder_pan.pos=-3.34 shoulder_lift.pos=-97.86 elbow_flex.pos=+80.68 wrist_flex.pos=+65.90 wrist_roll.pos=-0.99 gripper.pos=+0.51
DEBUG 2026-09-03 08:16:38 [action #356] t=15.34s step=355 queue=20 dmax=1.598 | shoulder_pan.pos=-3.12 shoulder_lift.pos=-99.46 elbow_flex.pos=+81.44 wrist_flex.pos=+66.04 wrist_roll.pos=-1.09 gripper.pos=+0.53
DEBUG 2026-09-03 08:16:38 [action #357] t=15.37s step=356 queue=19 dmax=0.827 | shoulder_pan.pos=-3.17 shoulder_lift.pos=-100.28 elbow_flex.pos=+81.83 wrist_flex.pos=+66.85 wrist_roll.pos=-1.12 gripper.pos=+0.42
DEBUG 2026-09-03 08:16:38 [action #358] t=15.40s step=357 queue=18 dmax=2.322 | shoulder_pan.pos=-2.70 shoulder_lift.pos=-102.61 elbow_flex.pos=+83.66 wrist_flex.pos=+67.61 wrist_roll.pos=-1.13 gripper.pos=+0.52
DEBUG 2026-09-03 08:16:38 [action #359] t=15.44s step=358 queue=17 dmax=1.012 | shoulder_pan.pos=-3.20 shoulder_lift.pos=-102.60 elbow_flex.pos=+83.78 wrist_flex.pos=+68.62 wrist_roll.pos=-1.21 gripper.pos=+0.42
DEBUG 2026-09-03 08:16:38 [action #360] t=15.47s step=359 queue=16 dmax=1.000 | shoulder_pan.pos=-3.05 shoulder_lift.pos=-102.70 elbow_flex.pos=+84.78 wrist_flex.pos=+69.22 wrist_roll.pos=-1.16 gripper.pos=+0.36
DEBUG 2026-09-03 08:16:38 [action #361] t=15.50s step=360 queue=15 dmax=1.106 | shoulder_pan.pos=-3.15 shoulder_lift.pos=-102.55 elbow_flex.pos=+85.12 wrist_flex.pos=+70.33 wrist_roll.pos=-1.04 gripper.pos=+0.45
DEBUG 2026-09-03 08:16:38 [action #362] t=15.54s step=361 queue=14 dmax=0.943 | shoulder_pan.pos=-3.09 shoulder_lift.pos=-103.49 elbow_flex.pos=+85.93 wrist_flex.pos=+71.20 wrist_roll.pos=-1.15 gripper.pos=+0.35
DEBUG 2026-09-03 08:16:38 [action #363] t=15.57s step=362 queue=13 dmax=1.154 | shoulder_pan.pos=-3.27 shoulder_lift.pos=-103.52 elbow_flex.pos=+86.51 wrist_flex.pos=+72.35 wrist_roll.pos=-1.17 gripper.pos=+0.42
DEBUG 2026-09-03 08:16:38 [action #364] t=15.60s step=363 queue=12 dmax=0.701 | shoulder_pan.pos=-3.33 shoulder_lift.pos=-104.22 elbow_flex.pos=+86.63 wrist_flex.pos=+72.90 wrist_roll.pos=-1.23 gripper.pos=+0.34
DEBUG 2026-09-03 08:16:38 [action #365] t=15.64s step=364 queue=11 dmax=0.348 | shoulder_pan.pos=-3.53 shoulder_lift.pos=-103.87 elbow_flex.pos=+86.74 wrist_flex.pos=+73.13 wrist_roll.pos=-1.29 gripper.pos=+0.54
DEBUG 2026-09-03 08:16:38 [action #366] t=15.67s step=365 queue=10 dmax=1.080 | shoulder_pan.pos=-3.76 shoulder_lift.pos=-104.49 elbow_flex.pos=+87.82 wrist_flex.pos=+73.42 wrist_roll.pos=-1.21 gripper.pos=+0.48
DEBUG 2026-09-03 08:16:38 [action #367] t=15.70s step=366 queue=9 dmax=0.278 | shoulder_pan.pos=-3.75 shoulder_lift.pos=-104.58 elbow_flex.pos=+88.02 wrist_flex.pos=+73.69 wrist_roll.pos=-1.19 gripper.pos=+0.37
DEBUG 2026-09-03 08:16:38 [action #368] t=15.74s step=367 queue=8 dmax=0.415 | shoulder_pan.pos=-3.70 shoulder_lift.pos=-104.61 elbow_flex.pos=+88.44 wrist_flex.pos=+73.84 wrist_roll.pos=-1.14 gripper.pos=+0.40
DEBUG 2026-09-03 08:16:38 [action #369] t=15.77s step=368 queue=7 dmax=0.336 | shoulder_pan.pos=-3.60 shoulder_lift.pos=-104.27 elbow_flex.pos=+88.51 wrist_flex.pos=+74.01 wrist_roll.pos=-1.04 gripper.pos=+0.24
DEBUG 2026-09-03 08:16:38 [action #370] t=15.80s step=369 queue=6 dmax=0.227 | shoulder_pan.pos=-3.79 shoulder_lift.pos=-104.04 elbow_flex.pos=+88.66 wrist_flex.pos=+74.21 wrist_roll.pos=-1.00 gripper.pos=+0.19
DEBUG 2026-09-03 08:16:38 [action #371] t=15.84s step=370 queue=5 dmax=0.474 | shoulder_pan.pos=-3.74 shoulder_lift.pos=-103.90 elbow_flex.pos=+88.19 wrist_flex.pos=+74.59 wrist_roll.pos=-1.02 gripper.pos=+0.29
DEBUG 2026-09-03 08:16:38 [action #372] t=15.87s step=371 queue=4 dmax=0.533 | shoulder_pan.pos=-3.96 shoulder_lift.pos=-104.24 elbow_flex.pos=+88.68 wrist_flex.pos=+75.12 wrist_roll.pos=-0.95 gripper.pos=+0.12
DEBUG 2026-09-03 08:16:38 [action #373] t=15.90s step=372 queue=3 dmax=0.406 | shoulder_pan.pos=-3.86 shoulder_lift.pos=-104.21 elbow_flex.pos=+88.61 wrist_flex.pos=+75.53 wrist_roll.pos=-0.93 gripper.pos=+0.32
DEBUG 2026-09-03 08:16:38 [action #374] t=15.94s step=373 queue=2 dmax=0.524 | shoulder_pan.pos=-3.93 shoulder_lift.pos=-103.86 elbow_flex.pos=+88.09 wrist_flex.pos=+75.81 wrist_roll.pos=-0.88 gripper.pos=+0.22
DEBUG 2026-09-03 08:16:38 [action #375] t=15.97s step=374 queue=1 dmax=0.789 | shoulder_pan.pos=-3.67 shoulder_lift.pos=-104.50 elbow_flex.pos=+88.88 wrist_flex.pos=+76.47 wrist_roll.pos=-0.91 gripper.pos=+0.41
DEBUG 2026-09-03 08:16:38 [chunk] received 50 actions, timesteps 346..395 | first: shoulder_pan.pos=-6.51 shoulder_lift.pos=-85.93 elbow_flex.pos=+66.92 wrist_flex.pos=+69.58 wrist_roll.pos=-1.03 gripper.pos=+0.44 | last: shoulder_pan.pos=-2.93 shoulder_lift.pos=-101.68 elbow_flex.pos=+89.59 wrist_flex.pos=+78.58 wrist_roll.pos=-0.93 gripper.pos=+0.01
DEBUG 2026-09-03 08:16:38 [action #376] t=16.04s step=375 queue=21 dmax=1.824 | shoulder_pan.pos=-4.06 shoulder_lift.pos=-102.68 elbow_flex.pos=+88.45 wrist_flex.pos=+78.27 wrist_roll.pos=-1.05 gripper.pos=+0.07
DEBUG 2026-09-03 08:16:38 [action #377] t=16.07s step=376 queue=20 dmax=0.436 | shoulder_pan.pos=-4.03 shoulder_lift.pos=-102.57 elbow_flex.pos=+88.89 wrist_flex.pos=+78.33 wrist_roll.pos=-1.11 gripper.pos=-0.02
DEBUG 2026-09-03 08:16:38 [action #378] t=16.10s step=377 queue=19 dmax=0.202 | shoulder_pan.pos=-3.98 shoulder_lift.pos=-102.37 elbow_flex.pos=+89.00 wrist_flex.pos=+78.39 wrist_roll.pos=-0.99 gripper.pos=-0.03
DEBUG 2026-09-03 08:16:38 [action #379] t=16.14s step=378 queue=18 dmax=0.365 | shoulder_pan.pos=-3.79 shoulder_lift.pos=-102.00 elbow_flex.pos=+89.21 wrist_flex.pos=+78.39 wrist_roll.pos=-1.00 gripper.pos=+0.06
DEBUG 2026-09-03 08:16:38 [action #380] t=16.17s step=379 queue=17 dmax=0.198 | shoulder_pan.pos=-3.66 shoulder_lift.pos=-101.81 elbow_flex.pos=+89.06 wrist_flex.pos=+78.54 wrist_roll.pos=-0.84 gripper.pos=+0.08
DEBUG 2026-09-03 08:16:38 [action #381] t=16.21s step=380 queue=16 dmax=0.639 | shoulder_pan.pos=-3.52 shoulder_lift.pos=-102.44 elbow_flex.pos=+89.23 wrist_flex.pos=+78.56 wrist_roll.pos=-0.79 gripper.pos=-0.03
DEBUG 2026-09-03 08:16:39 [action #382] t=16.24s step=381 queue=15 dmax=0.211 | shoulder_pan.pos=-3.30 shoulder_lift.pos=-102.35 elbow_flex.pos=+89.22 wrist_flex.pos=+78.50 wrist_roll.pos=-0.70 gripper.pos=+0.03
DEBUG 2026-09-03 08:16:39 [action #383] t=16.27s step=382 queue=14 dmax=0.155 | shoulder_pan.pos=-3.28 shoulder_lift.pos=-102.34 elbow_flex.pos=+89.23 wrist_flex.pos=+78.35 wrist_roll.pos=-0.72 gripper.pos=+0.07
DEBUG 2026-09-03 08:16:39 [action #384] t=16.31s step=383 queue=13 dmax=0.424 | shoulder_pan.pos=-3.03 shoulder_lift.pos=-102.53 elbow_flex.pos=+89.65 wrist_flex.pos=+78.67 wrist_roll.pos=-0.66 gripper.pos=-0.01
DEBUG 2026-09-03 08:16:39 [action #385] t=16.34s step=384 queue=12 dmax=0.374 | shoulder_pan.pos=-3.16 shoulder_lift.pos=-102.16 elbow_flex.pos=+89.41 wrist_flex.pos=+78.70 wrist_roll.pos=-0.76 gripper.pos=+0.02
DEBUG 2026-09-03 08:16:39 [action #386] t=16.37s step=385 queue=11 dmax=0.060 | shoulder_pan.pos=-3.14 shoulder_lift.pos=-102.18 elbow_flex.pos=+89.45 wrist_flex.pos=+78.65 wrist_roll.pos=-0.80 gripper.pos=+0.08
DEBUG 2026-09-03 08:16:39 [action #387] t=16.41s step=386 queue=10 dmax=0.306 | shoulder_pan.pos=-3.30 shoulder_lift.pos=-102.49 elbow_flex.pos=+89.70 wrist_flex.pos=+78.60 wrist_roll.pos=-0.76 gripper.pos=+0.17
DEBUG 2026-09-03 08:16:39 [action #388] t=16.44s step=387 queue=9 dmax=0.233 | shoulder_pan.pos=-3.23 shoulder_lift.pos=-102.33 elbow_flex.pos=+89.51 wrist_flex.pos=+78.55 wrist_roll.pos=-0.80 gripper.pos=-0.07
DEBUG 2026-09-03 08:16:39 [action #389] t=16.47s step=388 queue=8 dmax=0.165 | shoulder_pan.pos=-3.33 shoulder_lift.pos=-102.24 elbow_flex.pos=+89.46 wrist_flex.pos=+78.51 wrist_roll.pos=-0.83 gripper.pos=+0.10
DEBUG 2026-09-03 08:16:39 [action #390] t=16.51s step=389 queue=7 dmax=0.342 | shoulder_pan.pos=-3.24 shoulder_lift.pos=-101.90 elbow_flex.pos=+89.31 wrist_flex.pos=+78.49 wrist_roll.pos=-0.82 gripper.pos=+0.04
DEBUG 2026-09-03 08:16:39 [action #391] t=16.54s step=390 queue=6 dmax=0.149 | shoulder_pan.pos=-3.10 shoulder_lift.pos=-102.05 elbow_flex.pos=+89.16 wrist_flex.pos=+78.54 wrist_roll.pos=-0.89 gripper.pos=+0.03
DEBUG 2026-09-03 08:16:39 [action #392] t=16.57s step=391 queue=5 dmax=0.276 | shoulder_pan.pos=-3.29 shoulder_lift.pos=-102.19 elbow_flex.pos=+89.44 wrist_flex.pos=+78.47 wrist_roll.pos=-0.90 gripper.pos=+0.03
DEBUG 2026-09-03 08:16:39 [action #393] t=16.61s step=392 queue=4 dmax=0.408 | shoulder_pan.pos=-3.17 shoulder_lift.pos=-102.13 elbow_flex.pos=+89.03 wrist_flex.pos=+78.45 wrist_roll.pos=-0.90 gripper.pos=+0.04
DEBUG 2026-09-03 08:16:39 [action #394] t=16.64s step=393 queue=3 dmax=0.312 | shoulder_pan.pos=-3.18 shoulder_lift.pos=-101.82 elbow_flex.pos=+89.15 wrist_flex.pos=+78.39 wrist_roll.pos=-0.89 gripper.pos=-0.12
DEBUG 2026-09-03 08:16:39 [action #395] t=16.67s step=394 queue=2 dmax=0.238 | shoulder_pan.pos=-3.06 shoulder_lift.pos=-101.73 elbow_flex.pos=+88.91 wrist_flex.pos=+78.30 wrist_roll.pos=-0.94 gripper.pos=-0.06
DEBUG 2026-09-03 08:16:39 [action #396] t=16.71s step=395 queue=1 dmax=0.685 | shoulder_pan.pos=-2.93 shoulder_lift.pos=-101.68 elbow_flex.pos=+89.59 wrist_flex.pos=+78.58 wrist_roll.pos=-0.93 gripper.pos=+0.01
DEBUG 2026-09-03 08:16:39 [chunk] received 50 actions, timesteps 374..423 | first: shoulder_pan.pos=-3.47 shoulder_lift.pos=-102.75 elbow_flex.pos=+89.69 wrist_flex.pos=+76.73 wrist_roll.pos=-0.85 gripper.pos=+0.27 | last: shoulder_pan.pos=-3.37 shoulder_lift.pos=-102.47 elbow_flex.pos=+89.35 wrist_flex.pos=+77.57 wrist_roll.pos=-1.06 gripper.pos=+0.05
DEBUG 2026-09-03 08:16:39 [action #397] t=16.97s step=396 queue=28 dmax=0.900 | shoulder_pan.pos=-3.70 shoulder_lift.pos=-102.43 elbow_flex.pos=+88.85 wrist_flex.pos=+77.68 wrist_roll.pos=-0.94 gripper.pos=+0.28
DEBUG 2026-09-03 08:16:39 [action #398] t=17.01s step=397 queue=27 dmax=0.455 | shoulder_pan.pos=-3.63 shoulder_lift.pos=-102.89 elbow_flex.pos=+89.08 wrist_flex.pos=+77.74 wrist_roll.pos=-0.95 gripper.pos=+0.40
DEBUG 2026-09-03 08:16:39 [action #399] t=17.04s step=398 queue=26 dmax=0.274 | shoulder_pan.pos=-3.66 shoulder_lift.pos=-102.61 elbow_flex.pos=+89.11 wrist_flex.pos=+77.73 wrist_roll.pos=-0.92 gripper.pos=+0.27
DEBUG 2026-09-03 08:16:39 [action #400] t=17.08s step=399 queue=25 dmax=0.258 | shoulder_pan.pos=-3.46 shoulder_lift.pos=-102.36 elbow_flex.pos=+89.09 wrist_flex.pos=+77.64 wrist_roll.pos=-1.02 gripper.pos=+0.26
DEBUG 2026-09-03 08:16:40 [chunk] received 50 actions, timesteps 395..444 | first: shoulder_pan.pos=-2.95 shoulder_lift.pos=-101.89 elbow_flex.pos=+89.63 wrist_flex.pos=+77.08 wrist_roll.pos=-1.01 gripper.pos=+0.20 | last: shoulder_pan.pos=-3.11 shoulder_lift.pos=-102.40 elbow_flex.pos=+89.30 wrist_flex.pos=+77.37 wrist_roll.pos=-0.95 gripper.pos=+0.23
INFO 2026-09-03 08:16:46 Final action sent: shoulder_pan.pos=-3.46 shoulder_lift.pos=-102.36 elbow_flex.pos=+89.09 wrist_flex.pos=+77.64 wrist_roll.pos=-1.02 gripper.pos=+0.26
DEBUG 2026-09-03 08:16:46 === episode end | 23.3s | converged=True | actions=400 ===
