INFO 2026-08-19 04:31:46 estrator.py:858 Decomposing high-level prompt (round 1): 'put everything on the tray'
INFO 2026-08-19 04:31:47 estrator.py:694 Saved VLM frame: runs/run_2026-08-19_04-21-15/04/decompose_20260819_043146.png
  Generated 20 tokens in 1.6s (12.6 tok/s)

Identification output:
{"visible_objects": ["stuffed animal", "banana", "tray", "table"]}
INFO 2026-08-19 04:31:48 estrator.py:507 Identified objects (4): ['stuffed animal', 'banana', 'tray', 'table']
  Generated 70 tokens in 5.1s (13.6 tok/s)
INFO 2026-08-19 04:31:53 estrator.py:528 Raw VLM decomposition output (243 chars): '{\n  "visible_objects": ["stuffed animal", "banana", "tray", "table"],\n  "excluded_objects": [],\n  "allowed_objects": ["stuffed animal", "banana"],\n  "subtasks": [\n    "put the stuffed animal on the tray",\n    "put the banana on the tray"\n  ]\n}'

Visible: ['stuffed animal', 'banana', 'tray', 'table']
Excluded: []
Allowed: ['stuffed animal', 'banana']

Parsed 2 sub-tasks:
  1. put the stuffed animal on the tray
  2. put the banana on the tray
INFO 2026-08-19 04:31:53 estrator.py:876 Sub-task queue (2):
INFO 2026-08-19 04:31:53 estrator.py:878   1. put the stuffed animal on the tray
INFO 2026-08-19 04:31:53 estrator.py:878   2. put the banana on the tray
INFO 2026-08-19 04:31:53 estrator.py:926 [1] Executing sub-task: 'put the stuffed animal on the tray' (1 retries left)
INFO 2026-08-19 04:31:53 ent_loop.py:565 Control loop started | task: 'put the stuffed animal on the tray' | duration: 30.0s
INFO 2026-08-19 04:31:53 ent_loop.py:512 Action receiver thread started
INFO 2026-08-19 04:32:17 ent_loop.py:753 Episode finished: 23.8s, converged=True, max_displacement=138.0822, actions=626
INFO 2026-08-19 04:32:17 ent_loop.py:344 Returning to home position...
INFO 2026-08-19 04:32:19 ent_loop.py:357 Home position reached.
INFO 2026-08-19 04:32:22 estrator.py:725 Saved VLM eval clip (32 frames) to runs/run_2026-08-19_04-21-15/04
INFO 2026-08-19 04:32:22 strator.py:1039 Evaluation observation: video clip (32 frames over 23.1s of a 23.8s episode, 1.34 fps)
  Generated 22 tokens in 1.9s (11.3 tok/s)
INFO 2026-08-19 04:32:24 estrator.py:561 Raw eval output: {"success": true, "reason": "The stuffed animal is now on the tray as instructed."}
INFO 2026-08-19 04:32:24 strator.py:1088 VLM judgement: success=True | The stuffed animal is now on the tray as instructed.
INFO 2026-08-19 04:32:24 estrator.py:926 [2] Executing sub-task: 'put the banana on the tray' (1 retries left)
INFO 2026-08-19 04:32:24 ent_loop.py:565 Control loop started | task: 'put the banana on the tray' | duration: 30.0s
INFO 2026-08-19 04:32:24 ent_loop.py:512 Action receiver thread started
INFO 2026-08-19 04:32:41 ent_loop.py:753 Episode finished: 16.6s, converged=True, max_displacement=193.1106, actions=462
INFO 2026-08-19 04:32:41 ent_loop.py:344 Returning to home position...
INFO 2026-08-19 04:32:43 ent_loop.py:357 Home position reached.
INFO 2026-08-19 04:32:46 estrator.py:725 Saved VLM eval clip (32 frames) to runs/run_2026-08-19_04-21-15/04
INFO 2026-08-19 04:32:46 strator.py:1039 Evaluation observation: video clip (32 frames over 16.5s of a 16.6s episode, 1.88 fps)
  Generated 21 tokens in 1.9s (11.3 tok/s)
INFO 2026-08-19 04:32:48 estrator.py:561 Raw eval output: {"success": true, "reason": "The banana is now on the tray as instructed."}
INFO 2026-08-19 04:32:48 strator.py:1088 VLM judgement: success=True | The banana is now on the tray as instructed.
INFO 2026-08-19 04:32:48 strator.py:1158 Running final evaluation against the original prompt...
INFO 2026-08-19 04:32:48 estrator.py:694 Saved VLM frame: runs/run_2026-08-19_04-21-15/04/final_eval_20260819_043248.png
  Generated 62 tokens in 4.6s (13.5 tok/s)
INFO 2026-08-19 04:32:52 estrator.py:585 Raw final-eval output: {
  "success": true,
  "reason": "The banana and the stuffed animal are both on the tray, which is the destination. There are no other objects on the table that were supposed to be moved, and the tray contains all the items that were instructed to be placed on it."
}
INFO 2026-08-19 04:32:52 strator.py:1166 FINAL VLM judgement for 'put everything on the tray' (round 1): success=True | The banana and the stuffed animal are both on the tray, which is the destination. There are no other objects on the table that were supposed to be moved, and the tray contains all the items that were instructed to be placed on it.
INFO 2026-08-19 04:32:52 strator.py:1179 Round 1 complete for: 'put everything on the tray'
INFO 2026-08-19 04:32:52 strator.py:1180   Completed 2/2 sub-tasks planned this round: ['put the stuffed animal on the tray', 'put the banana on the tray']
INFO 2026-08-19 04:32:52 estrator.py:804 High-level task 'put everything on the tray' judged COMPLETE after 1 round(s).
