DEBUG 2026-09-03 08:18:29 === episode start | task: 'put the roll on the tray' | duration: 50.0s ===
DEBUG 2026-09-03 08:18:30 [chunk] dropped stale chunk (ts0=421 > max_sent=0)
DEBUG 2026-09-03 08:18:31 [chunk] received 50 actions, timesteps 0..49 | first: shoulder_pan.pos=-3.87 shoulder_lift.pos=-101.87 elbow_flex.pos=+89.08 wrist_flex.pos=+74.02 wrist_roll.pos=-1.26 gripper.pos=+0.97 | last: shoulder_pan.pos=-3.02 shoulder_lift.pos=-101.57 elbow_flex.pos=+82.89 wrist_flex.pos=+68.76 wrist_roll.pos=-1.35 gripper.pos=+0.56
DEBUG 2026-09-03 08:18:31 [action #1] t=1.91s step=0 queue=50 dmax=n/a | shoulder_pan.pos=-3.87 shoulder_lift.pos=-101.87 elbow_flex.pos=+89.08 wrist_flex.pos=+74.02 wrist_roll.pos=-1.26 gripper.pos=+0.97
DEBUG 2026-09-03 08:18:31 [action #2] t=1.94s step=1 queue=49 dmax=0.489 | shoulder_pan.pos=-3.88 shoulder_lift.pos=-101.77 elbow_flex.pos=+88.59 wrist_flex.pos=+73.68 wrist_roll.pos=-1.27 gripper.pos=+0.80
DEBUG 2026-09-03 08:18:31 [action #3] t=1.97s step=2 queue=48 dmax=0.435 | shoulder_pan.pos=-3.74 shoulder_lift.pos=-102.17 elbow_flex.pos=+88.81 wrist_flex.pos=+73.25 wrist_roll.pos=-1.26 gripper.pos=+0.87
DEBUG 2026-09-03 08:18:31 [action #4] t=2.01s step=3 queue=47 dmax=0.377 | shoulder_pan.pos=-3.92 shoulder_lift.pos=-102.54 elbow_flex.pos=+88.81 wrist_flex.pos=+72.99 wrist_roll.pos=-1.20 gripper.pos=+0.74
DEBUG 2026-09-03 08:18:31 [action #5] t=2.04s step=4 queue=46 dmax=0.656 | shoulder_pan.pos=-3.93 shoulder_lift.pos=-102.42 elbow_flex.pos=+88.95 wrist_flex.pos=+72.33 wrist_roll.pos=-1.19 gripper.pos=+0.81
DEBUG 2026-09-03 08:18:31 [action #6] t=2.07s step=5 queue=45 dmax=0.564 | shoulder_pan.pos=-3.87 shoulder_lift.pos=-102.36 elbow_flex.pos=+88.87 wrist_flex.pos=+71.77 wrist_roll.pos=-1.27 gripper.pos=+0.59
DEBUG 2026-09-03 08:18:31 [action #7] t=2.11s step=6 queue=44 dmax=0.585 | shoulder_pan.pos=-3.88 shoulder_lift.pos=-102.02 elbow_flex.pos=+88.71 wrist_flex.pos=+71.18 wrist_roll.pos=-1.23 gripper.pos=+0.82
DEBUG 2026-09-03 08:18:31 [action #8] t=2.14s step=7 queue=43 dmax=0.336 | shoulder_pan.pos=-3.92 shoulder_lift.pos=-101.77 elbow_flex.pos=+88.95 wrist_flex.pos=+70.84 wrist_roll.pos=-1.22 gripper.pos=+0.70
DEBUG 2026-09-03 08:18:32 [action #9] t=2.17s step=8 queue=42 dmax=0.928 | shoulder_pan.pos=-4.04 shoulder_lift.pos=-102.50 elbow_flex.pos=+89.23 wrist_flex.pos=+69.92 wrist_roll.pos=-1.28 gripper.pos=+0.67
DEBUG 2026-09-03 08:18:32 [action #10] t=2.21s step=9 queue=41 dmax=0.562 | shoulder_pan.pos=-3.86 shoulder_lift.pos=-102.62 elbow_flex.pos=+89.23 wrist_flex.pos=+69.35 wrist_roll.pos=-1.27 gripper.pos=+0.73
DEBUG 2026-09-03 08:18:32 [action #11] t=2.24s step=10 queue=40 dmax=0.504 | shoulder_pan.pos=-3.87 shoulder_lift.pos=-102.25 elbow_flex.pos=+89.37 wrist_flex.pos=+68.85 wrist_roll.pos=-1.28 gripper.pos=+0.64
DEBUG 2026-09-03 08:18:32 [action #12] t=2.27s step=11 queue=39 dmax=0.306 | shoulder_pan.pos=-3.86 shoulder_lift.pos=-102.56 elbow_flex.pos=+89.59 wrist_flex.pos=+68.77 wrist_roll.pos=-1.32 gripper.pos=+0.69
DEBUG 2026-09-03 08:18:32 [action #13] t=2.31s step=12 queue=38 dmax=0.306 | shoulder_pan.pos=-3.76 shoulder_lift.pos=-102.28 elbow_flex.pos=+89.47 wrist_flex.pos=+68.46 wrist_roll.pos=-1.24 gripper.pos=+0.66
DEBUG 2026-09-03 08:18:32 [action #14] t=2.34s step=13 queue=37 dmax=0.251 | shoulder_pan.pos=-4.00 shoulder_lift.pos=-102.20 elbow_flex.pos=+89.22 wrist_flex.pos=+68.27 wrist_roll.pos=-1.26 gripper.pos=+0.64
DEBUG 2026-09-03 08:18:32 [action #15] t=2.38s step=14 queue=36 dmax=0.919 | shoulder_pan.pos=-3.80 shoulder_lift.pos=-103.12 elbow_flex.pos=+89.61 wrist_flex.pos=+67.96 wrist_roll.pos=-1.18 gripper.pos=+0.78
DEBUG 2026-09-03 08:18:32 [action #16] t=2.41s step=15 queue=35 dmax=0.779 | shoulder_pan.pos=-3.69 shoulder_lift.pos=-102.39 elbow_flex.pos=+88.83 wrist_flex.pos=+67.82 wrist_roll.pos=-1.28 gripper.pos=+0.72
DEBUG 2026-09-03 08:18:32 [action #17] t=2.44s step=16 queue=34 dmax=0.374 | shoulder_pan.pos=-3.87 shoulder_lift.pos=-102.40 elbow_flex.pos=+88.98 wrist_flex.pos=+67.45 wrist_roll.pos=-1.29 gripper.pos=+0.74
DEBUG 2026-09-03 08:18:32 [action #18] t=2.48s step=17 queue=33 dmax=0.502 | shoulder_pan.pos=-3.77 shoulder_lift.pos=-102.90 elbow_flex.pos=+89.47 wrist_flex.pos=+66.95 wrist_roll.pos=-1.29 gripper.pos=+0.69
DEBUG 2026-09-03 08:18:32 [action #19] t=2.51s step=18 queue=32 dmax=0.518 | shoulder_pan.pos=-3.80 shoulder_lift.pos=-102.49 elbow_flex.pos=+88.95 wrist_flex.pos=+66.70 wrist_roll.pos=-1.29 gripper.pos=+0.64
DEBUG 2026-09-03 08:18:32 [action #20] t=2.54s step=19 queue=31 dmax=0.310 | shoulder_pan.pos=-3.77 shoulder_lift.pos=-102.53 elbow_flex.pos=+88.72 wrist_flex.pos=+66.39 wrist_roll.pos=-1.21 gripper.pos=+0.71
DEBUG 2026-09-03 08:18:32 [action #21] t=2.58s step=20 queue=30 dmax=0.719 | shoulder_pan.pos=-3.73 shoulder_lift.pos=-102.60 elbow_flex.pos=+89.44 wrist_flex.pos=+66.03 wrist_roll.pos=-1.27 gripper.pos=+0.58
DEBUG 2026-09-03 08:18:32 [action #22] t=2.61s step=21 queue=29 dmax=0.824 | shoulder_pan.pos=-3.75 shoulder_lift.pos=-102.35 elbow_flex.pos=+88.62 wrist_flex.pos=+65.78 wrist_roll.pos=-1.32 gripper.pos=+0.58
DEBUG 2026-09-03 08:18:32 [action #23] t=2.64s step=22 queue=28 dmax=0.493 | shoulder_pan.pos=-3.77 shoulder_lift.pos=-102.61 elbow_flex.pos=+88.80 wrist_flex.pos=+65.28 wrist_roll.pos=-1.34 gripper.pos=+0.65
DEBUG 2026-09-03 08:18:32 [action #24] t=2.68s step=23 queue=27 dmax=0.325 | shoulder_pan.pos=-3.50 shoulder_lift.pos=-102.68 elbow_flex.pos=+88.82 wrist_flex.pos=+65.61 wrist_roll.pos=-1.32 gripper.pos=+0.65
DEBUG 2026-09-03 08:18:32 [action #25] t=2.71s step=24 queue=26 dmax=0.692 | shoulder_pan.pos=-3.47 shoulder_lift.pos=-103.37 elbow_flex.pos=+88.87 wrist_flex.pos=+65.61 wrist_roll.pos=-1.34 gripper.pos=+0.62
DEBUG 2026-09-03 08:18:32 [action #26] t=2.74s step=25 queue=25 dmax=0.620 | shoulder_pan.pos=-3.35 shoulder_lift.pos=-103.26 elbow_flex.pos=+88.25 wrist_flex.pos=+65.27 wrist_roll.pos=-1.23 gripper.pos=+0.65
DEBUG 2026-09-03 08:18:32 [action #27] t=2.78s step=26 queue=24 dmax=0.440 | shoulder_pan.pos=-3.49 shoulder_lift.pos=-102.81 elbow_flex.pos=+87.89 wrist_flex.pos=+65.46 wrist_roll.pos=-1.32 gripper.pos=+0.63
DEBUG 2026-09-03 08:18:32 [action #28] t=2.81s step=27 queue=23 dmax=0.712 | shoulder_pan.pos=-3.35 shoulder_lift.pos=-102.53 elbow_flex.pos=+88.60 wrist_flex.pos=+65.48 wrist_roll.pos=-1.39 gripper.pos=+0.82
DEBUG 2026-09-03 08:18:32 [action #29] t=2.84s step=28 queue=22 dmax=0.415 | shoulder_pan.pos=-3.54 shoulder_lift.pos=-102.90 elbow_flex.pos=+89.02 wrist_flex.pos=+65.45 wrist_roll.pos=-1.43 gripper.pos=+0.63
DEBUG 2026-09-03 08:18:32 [action #30] t=2.88s step=29 queue=21 dmax=0.432 | shoulder_pan.pos=-3.51 shoulder_lift.pos=-103.08 elbow_flex.pos=+88.59 wrist_flex.pos=+65.31 wrist_roll.pos=-1.29 gripper.pos=+0.63
DEBUG 2026-09-03 08:18:32 [action #31] t=2.91s step=30 queue=20 dmax=0.420 | shoulder_pan.pos=-3.41 shoulder_lift.pos=-102.66 elbow_flex.pos=+88.17 wrist_flex.pos=+65.25 wrist_roll.pos=-1.27 gripper.pos=+0.63
DEBUG 2026-09-03 08:18:32 [action #32] t=2.94s step=31 queue=19 dmax=0.359 | shoulder_pan.pos=-3.28 shoulder_lift.pos=-102.56 elbow_flex.pos=+88.53 wrist_flex.pos=+65.32 wrist_roll.pos=-1.36 gripper.pos=+0.57
DEBUG 2026-09-03 08:18:32 [action #33] t=2.98s step=32 queue=18 dmax=0.157 | shoulder_pan.pos=-3.44 shoulder_lift.pos=-102.69 elbow_flex.pos=+88.68 wrist_flex.pos=+65.33 wrist_roll.pos=-1.32 gripper.pos=+0.42
DEBUG 2026-09-03 08:18:32 [action #34] t=3.01s step=33 queue=17 dmax=0.846 | shoulder_pan.pos=-3.28 shoulder_lift.pos=-103.07 elbow_flex.pos=+87.83 wrist_flex.pos=+65.73 wrist_roll.pos=-1.30 gripper.pos=+0.59
DEBUG 2026-09-03 08:18:32 [chunk] received 50 actions, timesteps 3..52 | first: shoulder_pan.pos=-3.68 shoulder_lift.pos=-100.76 elbow_flex.pos=+88.47 wrist_flex.pos=+73.80 wrist_roll.pos=-0.92 gripper.pos=+0.94 | last: shoulder_pan.pos=-3.96 shoulder_lift.pos=-92.58 elbow_flex.pos=+73.71 wrist_flex.pos=+68.95 wrist_roll.pos=-2.19 gripper.pos=+0.60
DEBUG 2026-09-03 08:18:32 [action #35] t=3.04s step=34 queue=19 dmax=3.146 | shoulder_pan.pos=-3.22 shoulder_lift.pos=-101.52 elbow_flex.pos=+84.68 wrist_flex.pos=+66.44 wrist_roll.pos=-1.43 gripper.pos=+0.74
DEBUG 2026-09-03 08:18:32 [action #36] t=3.08s step=35 queue=18 dmax=0.345 | shoulder_pan.pos=-3.28 shoulder_lift.pos=-101.34 elbow_flex.pos=+84.34 wrist_flex.pos=+66.67 wrist_roll.pos=-1.35 gripper.pos=+0.65
DEBUG 2026-09-03 08:18:32 [action #37] t=3.11s step=36 queue=17 dmax=0.286 | shoulder_pan.pos=-3.18 shoulder_lift.pos=-101.34 elbow_flex.pos=+84.05 wrist_flex.pos=+66.85 wrist_roll.pos=-1.48 gripper.pos=+0.71
DEBUG 2026-09-03 08:18:32 [action #38] t=3.14s step=37 queue=16 dmax=0.526 | shoulder_pan.pos=-3.39 shoulder_lift.pos=-101.85 elbow_flex.pos=+83.53 wrist_flex.pos=+66.89 wrist_roll.pos=-1.50 gripper.pos=+0.72
DEBUG 2026-09-03 08:18:33 [action #39] t=3.18s step=38 queue=15 dmax=0.563 | shoulder_pan.pos=-3.31 shoulder_lift.pos=-101.28 elbow_flex.pos=+83.68 wrist_flex.pos=+66.92 wrist_roll.pos=-1.42 gripper.pos=+0.66
DEBUG 2026-09-03 08:18:33 [action #40] t=3.21s step=39 queue=14 dmax=0.513 | shoulder_pan.pos=-3.57 shoulder_lift.pos=-101.07 elbow_flex.pos=+83.17 wrist_flex.pos=+67.15 wrist_roll.pos=-1.49 gripper.pos=+0.67
DEBUG 2026-09-03 08:18:33 [action #41] t=3.24s step=40 queue=13 dmax=0.843 | shoulder_pan.pos=-3.61 shoulder_lift.pos=-100.99 elbow_flex.pos=+82.33 wrist_flex.pos=+66.87 wrist_roll.pos=-1.44 gripper.pos=+0.52
DEBUG 2026-09-03 08:18:33 [action #42] t=3.28s step=41 queue=12 dmax=0.340 | shoulder_pan.pos=-3.58 shoulder_lift.pos=-100.94 elbow_flex.pos=+82.67 wrist_flex.pos=+67.04 wrist_roll.pos=-1.44 gripper.pos=+0.67
DEBUG 2026-09-03 08:18:33 [action #43] t=3.31s step=42 queue=11 dmax=0.404 | shoulder_pan.pos=-3.68 shoulder_lift.pos=-101.34 elbow_flex.pos=+82.33 wrist_flex.pos=+67.23 wrist_roll.pos=-1.52 gripper.pos=+0.58
DEBUG 2026-09-03 08:18:33 [action #44] t=3.35s step=43 queue=10 dmax=0.569 | shoulder_pan.pos=-3.59 shoulder_lift.pos=-100.78 elbow_flex.pos=+82.20 wrist_flex.pos=+67.54 wrist_roll.pos=-1.52 gripper.pos=+0.62
DEBUG 2026-09-03 08:18:33 [action #45] t=3.38s step=44 queue=9 dmax=0.435 | shoulder_pan.pos=-3.68 shoulder_lift.pos=-101.02 elbow_flex.pos=+81.76 wrist_flex.pos=+67.65 wrist_roll.pos=-1.62 gripper.pos=+0.48
DEBUG 2026-09-03 08:18:33 [action #46] t=3.41s step=45 queue=8 dmax=0.407 | shoulder_pan.pos=-3.74 shoulder_lift.pos=-100.78 elbow_flex.pos=+81.36 wrist_flex.pos=+67.98 wrist_roll.pos=-1.66 gripper.pos=+0.53
DEBUG 2026-09-03 08:18:33 [action #47] t=3.45s step=46 queue=7 dmax=0.479 | shoulder_pan.pos=-3.98 shoulder_lift.pos=-100.60 elbow_flex.pos=+80.88 wrist_flex.pos=+68.33 wrist_roll.pos=-1.76 gripper.pos=+0.57
DEBUG 2026-09-03 08:18:33 [action #48] t=3.48s step=47 queue=6 dmax=0.468 | shoulder_pan.pos=-3.78 shoulder_lift.pos=-100.27 elbow_flex.pos=+80.41 wrist_flex.pos=+68.52 wrist_roll.pos=-1.72 gripper.pos=+0.50
DEBUG 2026-09-03 08:18:33 [action #49] t=3.51s step=48 queue=5 dmax=0.497 | shoulder_pan.pos=-3.88 shoulder_lift.pos=-100.22 elbow_flex.pos=+79.91 wrist_flex.pos=+68.53 wrist_roll.pos=-1.73 gripper.pos=+0.50
DEBUG 2026-09-03 08:18:33 [action #50] t=3.55s step=49 queue=4 dmax=0.984 | shoulder_pan.pos=-3.68 shoulder_lift.pos=-99.23 elbow_flex.pos=+79.33 wrist_flex.pos=+68.96 wrist_roll.pos=-1.73 gripper.pos=+0.55
DEBUG 2026-09-03 08:18:33 [action #51] t=3.58s step=50 queue=3 dmax=2.682 | shoulder_pan.pos=-4.16 shoulder_lift.pos=-97.18 elbow_flex.pos=+76.64 wrist_flex.pos=+69.23 wrist_roll.pos=-1.94 gripper.pos=+0.52
DEBUG 2026-09-03 08:18:33 [action #52] t=3.61s step=51 queue=2 dmax=2.884 | shoulder_pan.pos=-4.07 shoulder_lift.pos=-94.30 elbow_flex.pos=+75.22 wrist_flex.pos=+69.02 wrist_roll.pos=-1.95 gripper.pos=+0.52
DEBUG 2026-09-03 08:18:33 [action #53] t=3.65s step=52 queue=1 dmax=1.711 | shoulder_pan.pos=-3.96 shoulder_lift.pos=-92.58 elbow_flex.pos=+73.71 wrist_flex.pos=+68.95 wrist_roll.pos=-2.19 gripper.pos=+0.60
DEBUG 2026-09-03 08:18:33 [chunk] received 50 actions, timesteps 32..81 | first: shoulder_pan.pos=-3.22 shoulder_lift.pos=-101.23 elbow_flex.pos=+88.09 wrist_flex.pos=+63.48 wrist_roll.pos=-1.28 gripper.pos=+0.91 | last: shoulder_pan.pos=-3.94 shoulder_lift.pos=-74.35 elbow_flex.pos=+62.16 wrist_flex.pos=+66.86 wrist_roll.pos=-3.62 gripper.pos=+0.13
DEBUG 2026-09-03 08:18:33 [action #54] t=3.98s step=53 queue=29 dmax=11.810 | shoulder_pan.pos=-3.53 shoulder_lift.pos=-102.32 elbow_flex.pos=+85.52 wrist_flex.pos=+62.31 wrist_roll.pos=-1.54 gripper.pos=+0.43
DEBUG 2026-09-03 08:18:33 [action #55] t=4.02s step=54 queue=28 dmax=0.776 | shoulder_pan.pos=-3.64 shoulder_lift.pos=-102.46 elbow_flex.pos=+84.74 wrist_flex.pos=+62.23 wrist_roll.pos=-1.52 gripper.pos=+0.38
DEBUG 2026-09-03 08:18:33 [action #56] t=4.05s step=55 queue=27 dmax=0.086 | shoulder_pan.pos=-3.62 shoulder_lift.pos=-102.41 elbow_flex.pos=+84.75 wrist_flex.pos=+62.31 wrist_roll.pos=-1.52 gripper.pos=+0.43
DEBUG 2026-09-03 08:18:33 [action #57] t=4.08s step=56 queue=26 dmax=0.465 | shoulder_pan.pos=-3.55 shoulder_lift.pos=-102.46 elbow_flex.pos=+84.29 wrist_flex.pos=+62.32 wrist_roll.pos=-1.52 gripper.pos=+0.35
DEBUG 2026-09-03 08:18:33 [action #58] t=4.12s step=57 queue=25 dmax=0.357 | shoulder_pan.pos=-3.66 shoulder_lift.pos=-102.28 elbow_flex.pos=+83.99 wrist_flex.pos=+62.68 wrist_roll.pos=-1.56 gripper.pos=+0.29
DEBUG 2026-09-03 08:18:33 [action #59] t=4.15s step=58 queue=24 dmax=0.551 | shoulder_pan.pos=-3.49 shoulder_lift.pos=-102.83 elbow_flex.pos=+83.54 wrist_flex.pos=+62.73 wrist_roll.pos=-1.60 gripper.pos=+0.33
DEBUG 2026-09-03 08:18:34 [action #60] t=4.18s step=59 queue=23 dmax=1.173 | shoulder_pan.pos=-3.61 shoulder_lift.pos=-102.30 elbow_flex.pos=+82.36 wrist_flex.pos=+63.23 wrist_roll.pos=-1.63 gripper.pos=+0.36
DEBUG 2026-09-03 08:18:34 [action #61] t=4.22s step=60 queue=22 dmax=0.586 | shoulder_pan.pos=-3.59 shoulder_lift.pos=-102.13 elbow_flex.pos=+81.78 wrist_flex.pos=+63.62 wrist_roll.pos=-1.61 gripper.pos=+0.34
DEBUG 2026-09-03 08:18:34 [action #62] t=4.25s step=61 queue=21 dmax=0.831 | shoulder_pan.pos=-3.68 shoulder_lift.pos=-101.95 elbow_flex.pos=+80.95 wrist_flex.pos=+64.05 wrist_roll.pos=-1.50 gripper.pos=+0.40
DEBUG 2026-09-03 08:18:34 [action #63] t=4.28s step=62 queue=20 dmax=0.762 | shoulder_pan.pos=-3.84 shoulder_lift.pos=-101.50 elbow_flex.pos=+80.32 wrist_flex.pos=+64.82 wrist_roll.pos=-1.60 gripper.pos=+0.32
DEBUG 2026-09-03 08:18:34 [action #64] t=4.32s step=63 queue=19 dmax=0.804 | shoulder_pan.pos=-3.79 shoulder_lift.pos=-101.27 elbow_flex.pos=+79.52 wrist_flex.pos=+65.19 wrist_roll.pos=-1.47 gripper.pos=+0.41
DEBUG 2026-09-03 08:18:34 [action #65] t=4.35s step=64 queue=18 dmax=0.637 | shoulder_pan.pos=-3.93 shoulder_lift.pos=-101.40 elbow_flex.pos=+79.09 wrist_flex.pos=+65.83 wrist_roll.pos=-1.51 gripper.pos=+0.41
DEBUG 2026-09-03 08:18:34 [action #66] t=4.38s step=65 queue=17 dmax=0.643 | shoulder_pan.pos=-3.96 shoulder_lift.pos=-101.09 elbow_flex.pos=+78.60 wrist_flex.pos=+66.47 wrist_roll.pos=-1.45 gripper.pos=+0.39
DEBUG 2026-09-03 08:18:34 [action #67] t=4.42s step=66 queue=16 dmax=0.577 | shoulder_pan.pos=-4.02 shoulder_lift.pos=-100.81 elbow_flex.pos=+78.02 wrist_flex.pos=+66.87 wrist_roll.pos=-1.47 gripper.pos=+0.19
DEBUG 2026-09-03 08:18:34 [action #68] t=4.45s step=67 queue=15 dmax=0.634 | shoulder_pan.pos=-4.06 shoulder_lift.pos=-100.83 elbow_flex.pos=+77.38 wrist_flex.pos=+67.42 wrist_roll.pos=-1.35 gripper.pos=+0.38
DEBUG 2026-09-03 08:18:34 [action #69] t=4.48s step=68 queue=14 dmax=0.737 | shoulder_pan.pos=-4.41 shoulder_lift.pos=-100.32 elbow_flex.pos=+78.12 wrist_flex.pos=+67.56 wrist_roll.pos=-1.44 gripper.pos=+0.25
DEBUG 2026-09-03 08:18:34 [action #70] t=4.52s step=69 queue=13 dmax=0.858 | shoulder_pan.pos=-4.09 shoulder_lift.pos=-100.11 elbow_flex.pos=+77.26 wrist_flex.pos=+67.66 wrist_roll.pos=-1.43 gripper.pos=+0.23
DEBUG 2026-09-03 08:18:34 [action #71] t=4.55s step=70 queue=12 dmax=1.222 | shoulder_pan.pos=-4.14 shoulder_lift.pos=-98.89 elbow_flex.pos=+76.34 wrist_flex.pos=+67.61 wrist_roll.pos=-1.50 gripper.pos=+0.22
DEBUG 2026-09-03 08:18:34 [action #72] t=4.58s step=71 queue=11 dmax=1.671 | shoulder_pan.pos=-3.94 shoulder_lift.pos=-97.22 elbow_flex.pos=+76.03 wrist_flex.pos=+67.59 wrist_roll.pos=-1.60 gripper.pos=+0.30
DEBUG 2026-09-03 08:18:34 [action #73] t=4.62s step=72 queue=10 dmax=2.029 | shoulder_pan.pos=-3.83 shoulder_lift.pos=-95.19 elbow_flex.pos=+74.63 wrist_flex.pos=+67.53 wrist_roll.pos=-1.64 gripper.pos=+0.31
DEBUG 2026-09-03 08:18:34 [action #74] t=4.65s step=73 queue=9 dmax=2.469 | shoulder_pan.pos=-3.84 shoulder_lift.pos=-92.72 elbow_flex.pos=+72.82 wrist_flex.pos=+67.49 wrist_roll.pos=-1.67 gripper.pos=+0.30
DEBUG 2026-09-03 08:18:34 [action #75] t=4.68s step=74 queue=8 dmax=2.969 | shoulder_pan.pos=-3.84 shoulder_lift.pos=-89.75 elbow_flex.pos=+70.64 wrist_flex.pos=+67.51 wrist_roll.pos=-1.83 gripper.pos=+0.22
DEBUG 2026-09-03 08:18:34 [action #76] t=4.72s step=75 queue=7 dmax=2.676 | shoulder_pan.pos=-3.98 shoulder_lift.pos=-87.08 elbow_flex.pos=+69.51 wrist_flex.pos=+67.42 wrist_roll.pos=-1.96 gripper.pos=+0.24
DEBUG 2026-09-03 08:18:34 [action #77] t=4.75s step=76 queue=6 dmax=2.127 | shoulder_pan.pos=-3.96 shoulder_lift.pos=-84.95 elbow_flex.pos=+67.84 wrist_flex.pos=+67.51 wrist_roll.pos=-2.01 gripper.pos=+0.24
DEBUG 2026-09-03 08:18:34 [chunk] received 50 actions, timesteps 52..101 | first: shoulder_pan.pos=-3.66 shoulder_lift.pos=-87.72 elbow_flex.pos=+69.68 wrist_flex.pos=+67.52 wrist_roll.pos=-1.76 gripper.pos=+0.56 | last: shoulder_pan.pos=-6.13 shoulder_lift.pos=-38.97 elbow_flex.pos=+44.30 wrist_flex.pos=+70.85 wrist_roll.pos=-4.20 gripper.pos=+34.56
DEBUG 2026-09-03 08:18:34 [action #78] t=4.79s step=77 queue=25 dmax=28.142 | shoulder_pan.pos=-4.77 shoulder_lift.pos=-56.81 elbow_flex.pos=+53.13 wrist_flex.pos=+65.78 wrist_roll.pos=-4.48 gripper.pos=+0.59
DEBUG 2026-09-03 08:18:34 [action #79] t=4.82s step=78 queue=24 dmax=0.930 | shoulder_pan.pos=-4.75 shoulder_lift.pos=-55.88 elbow_flex.pos=+52.45 wrist_flex.pos=+65.76 wrist_roll.pos=-4.48 gripper.pos=+1.04
DEBUG 2026-09-03 08:18:34 [action #80] t=4.85s step=79 queue=23 dmax=1.020 | shoulder_pan.pos=-4.93 shoulder_lift.pos=-55.33 elbow_flex.pos=+51.89 wrist_flex.pos=+65.78 wrist_roll.pos=-4.40 gripper.pos=+2.06
DEBUG 2026-09-03 08:18:34 [action #81] t=4.89s step=80 queue=22 dmax=1.228 | shoulder_pan.pos=-4.79 shoulder_lift.pos=-54.11 elbow_flex.pos=+51.16 wrist_flex.pos=+65.98 wrist_roll.pos=-4.43 gripper.pos=+3.19
DEBUG 2026-09-03 08:18:34 [action #82] t=4.92s step=81 queue=21 dmax=1.729 | shoulder_pan.pos=-5.03 shoulder_lift.pos=-52.98 elbow_flex.pos=+51.07 wrist_flex.pos=+66.07 wrist_roll.pos=-4.49 gripper.pos=+4.92
DEBUG 2026-09-03 08:18:34 [action #83] t=4.95s step=82 queue=20 dmax=8.282 | shoulder_pan.pos=-5.43 shoulder_lift.pos=-44.70 elbow_flex.pos=+46.84 wrist_flex.pos=+65.96 wrist_roll.pos=-4.59 gripper.pos=+9.13
DEBUG 2026-09-03 08:18:34 [action #84] t=4.99s step=83 queue=19 dmax=2.227 | shoulder_pan.pos=-5.22 shoulder_lift.pos=-43.46 elbow_flex.pos=+46.42 wrist_flex.pos=+66.22 wrist_roll.pos=-4.56 gripper.pos=+11.36
DEBUG 2026-09-03 08:18:34 [action #85] t=5.02s step=84 queue=18 dmax=2.123 | shoulder_pan.pos=-5.72 shoulder_lift.pos=-43.80 elbow_flex.pos=+46.17 wrist_flex.pos=+66.58 wrist_roll.pos=-4.59 gripper.pos=+13.48
DEBUG 2026-09-03 08:18:34 [action #86] t=5.05s step=85 queue=17 dmax=2.190 | shoulder_pan.pos=-5.84 shoulder_lift.pos=-43.73 elbow_flex.pos=+46.88 wrist_flex.pos=+66.74 wrist_roll.pos=-4.60 gripper.pos=+15.67
DEBUG 2026-09-03 08:18:34 [action #87] t=5.09s step=86 queue=16 dmax=2.368 | shoulder_pan.pos=-5.60 shoulder_lift.pos=-44.23 elbow_flex.pos=+46.15 wrist_flex.pos=+67.02 wrist_roll.pos=-4.50 gripper.pos=+18.04
DEBUG 2026-09-03 08:18:34 [action #88] t=5.12s step=87 queue=15 dmax=2.728 | shoulder_pan.pos=-5.69 shoulder_lift.pos=-43.29 elbow_flex.pos=+46.16 wrist_flex.pos=+67.35 wrist_roll.pos=-4.33 gripper.pos=+20.77
DEBUG 2026-09-03 08:18:35 [action #89] t=5.15s step=88 queue=14 dmax=2.699 | shoulder_pan.pos=-5.52 shoulder_lift.pos=-42.97 elbow_flex.pos=+46.34 wrist_flex.pos=+67.59 wrist_roll.pos=-4.33 gripper.pos=+23.47
DEBUG 2026-09-03 08:18:35 [action #90] t=5.19s step=89 queue=13 dmax=2.192 | shoulder_pan.pos=-5.63 shoulder_lift.pos=-42.81 elbow_flex.pos=+46.53 wrist_flex.pos=+67.79 wrist_roll.pos=-4.32 gripper.pos=+25.66
DEBUG 2026-09-03 08:18:35 [action #91] t=5.22s step=90 queue=12 dmax=1.791 | shoulder_pan.pos=-5.51 shoulder_lift.pos=-42.34 elbow_flex.pos=+45.82 wrist_flex.pos=+68.39 wrist_roll.pos=-4.14 gripper.pos=+27.45
DEBUG 2026-09-03 08:18:35 [action #92] t=5.25s step=91 queue=11 dmax=1.071 | shoulder_pan.pos=-5.57 shoulder_lift.pos=-41.61 elbow_flex.pos=+46.14 wrist_flex.pos=+68.16 wrist_roll.pos=-3.98 gripper.pos=+28.52
DEBUG 2026-09-03 08:18:35 [action #93] t=5.29s step=92 queue=10 dmax=0.680 | shoulder_pan.pos=-5.44 shoulder_lift.pos=-42.13 elbow_flex.pos=+45.70 wrist_flex.pos=+68.24 wrist_roll.pos=-4.02 gripper.pos=+29.20
DEBUG 2026-09-03 08:18:35 [action #94] t=5.32s step=93 queue=9 dmax=0.566 | shoulder_pan.pos=-5.61 shoulder_lift.pos=-41.57 elbow_flex.pos=+45.71 wrist_flex.pos=+68.32 wrist_roll.pos=-3.92 gripper.pos=+29.64
DEBUG 2026-09-03 08:18:35 [action #95] t=5.35s step=94 queue=8 dmax=0.714 | shoulder_pan.pos=-5.69 shoulder_lift.pos=-41.21 elbow_flex.pos=+45.00 wrist_flex.pos=+68.73 wrist_roll.pos=-3.93 gripper.pos=+30.23
DEBUG 2026-09-03 08:18:35 [action #96] t=5.39s step=95 queue=7 dmax=0.548 | shoulder_pan.pos=-5.65 shoulder_lift.pos=-41.76 elbow_flex.pos=+45.22 wrist_flex.pos=+69.01 wrist_roll.pos=-3.94 gripper.pos=+30.54
DEBUG 2026-09-03 08:18:35 [action #97] t=5.42s step=96 queue=6 dmax=0.691 | shoulder_pan.pos=-5.58 shoulder_lift.pos=-41.13 elbow_flex.pos=+45.91 wrist_flex.pos=+69.34 wrist_roll.pos=-3.86 gripper.pos=+31.15
DEBUG 2026-09-03 08:18:35 [action #98] t=5.45s step=97 queue=5 dmax=1.788 | shoulder_pan.pos=-5.76 shoulder_lift.pos=-40.87 elbow_flex.pos=+44.12 wrist_flex.pos=+69.77 wrist_roll.pos=-3.99 gripper.pos=+31.89
DEBUG 2026-09-03 08:18:35 [action #99] t=5.49s step=98 queue=4 dmax=0.466 | shoulder_pan.pos=-5.79 shoulder_lift.pos=-41.33 elbow_flex.pos=+44.22 wrist_flex.pos=+70.10 wrist_roll.pos=-3.86 gripper.pos=+32.32
DEBUG 2026-09-03 08:18:35 [action #100] t=5.52s step=99 queue=3 dmax=0.768 | shoulder_pan.pos=-5.89 shoulder_lift.pos=-40.70 elbow_flex.pos=+44.45 wrist_flex.pos=+70.31 wrist_roll.pos=-4.02 gripper.pos=+33.09
DEBUG 2026-09-03 08:18:35 [action #101] t=5.55s step=100 queue=2 dmax=1.158 | shoulder_pan.pos=-5.88 shoulder_lift.pos=-39.54 elbow_flex.pos=+44.07 wrist_flex.pos=+70.55 wrist_roll.pos=-4.03 gripper.pos=+34.13
DEBUG 2026-09-03 08:18:35 [action #102] t=5.59s step=101 queue=1 dmax=0.571 | shoulder_pan.pos=-6.13 shoulder_lift.pos=-38.97 elbow_flex.pos=+44.30 wrist_flex.pos=+70.85 wrist_roll.pos=-4.20 gripper.pos=+34.56
DEBUG 2026-09-03 08:18:35 [chunk] received 50 actions, timesteps 76..125 | first: shoulder_pan.pos=-3.86 shoulder_lift.pos=-85.75 elbow_flex.pos=+68.28 wrist_flex.pos=+66.09 wrist_roll.pos=-2.12 gripper.pos=+0.63 | last: shoulder_pan.pos=-6.84 shoulder_lift.pos=-35.39 elbow_flex.pos=+40.89 wrist_flex.pos=+68.63 wrist_roll.pos=-6.16 gripper.pos=+30.45
DEBUG 2026-09-03 08:18:35 [action #103] t=5.99s step=102 queue=24 dmax=33.690 | shoulder_pan.pos=-5.09 shoulder_lift.pos=-47.61 elbow_flex.pos=+45.95 wrist_flex.pos=+64.17 wrist_roll.pos=-4.56 gripper.pos=+0.87
DEBUG 2026-09-03 08:18:35 [action #104] t=6.02s step=103 queue=23 dmax=0.375 | shoulder_pan.pos=-5.08 shoulder_lift.pos=-47.24 elbow_flex.pos=+45.85 wrist_flex.pos=+64.18 wrist_roll.pos=-4.59 gripper.pos=+1.22
DEBUG 2026-09-03 08:18:35 [action #105] t=6.06s step=104 queue=22 dmax=1.189 | shoulder_pan.pos=-5.09 shoulder_lift.pos=-46.05 elbow_flex.pos=+45.24 wrist_flex.pos=+64.25 wrist_roll.pos=-4.52 gripper.pos=+1.87
DEBUG 2026-09-03 08:18:35 [action #106] t=6.09s step=105 queue=21 dmax=0.903 | shoulder_pan.pos=-5.08 shoulder_lift.pos=-45.14 elbow_flex.pos=+45.22 wrist_flex.pos=+64.35 wrist_roll.pos=-4.66 gripper.pos=+2.73
DEBUG 2026-09-03 08:18:35 [action #107] t=6.12s step=106 queue=20 dmax=1.363 | shoulder_pan.pos=-5.18 shoulder_lift.pos=-44.12 elbow_flex.pos=+44.62 wrist_flex.pos=+64.27 wrist_roll.pos=-5.03 gripper.pos=+4.09
DEBUG 2026-09-03 08:18:36 [action #108] t=6.16s step=107 queue=19 dmax=2.108 | shoulder_pan.pos=-5.26 shoulder_lift.pos=-43.34 elbow_flex.pos=+43.80 wrist_flex.pos=+64.54 wrist_roll.pos=-5.58 gripper.pos=+6.20
DEBUG 2026-09-03 08:18:36 [action #109] t=6.19s step=108 queue=18 dmax=2.400 | shoulder_pan.pos=-5.19 shoulder_lift.pos=-42.40 elbow_flex.pos=+43.89 wrist_flex.pos=+64.94 wrist_roll.pos=-6.18 gripper.pos=+8.60
DEBUG 2026-09-03 08:18:36 [action #110] t=6.22s step=109 queue=17 dmax=2.953 | shoulder_pan.pos=-5.52 shoulder_lift.pos=-42.00 elbow_flex.pos=+43.55 wrist_flex.pos=+65.13 wrist_roll.pos=-6.65 gripper.pos=+11.55
DEBUG 2026-09-03 08:18:36 [action #111] t=6.26s step=110 queue=16 dmax=2.904 | shoulder_pan.pos=-5.29 shoulder_lift.pos=-40.90 elbow_flex.pos=+43.65 wrist_flex.pos=+65.58 wrist_roll.pos=-6.74 gripper.pos=+14.45
DEBUG 2026-09-03 08:18:36 [action #112] t=6.29s step=111 queue=15 dmax=2.625 | shoulder_pan.pos=-5.62 shoulder_lift.pos=-40.52 elbow_flex.pos=+42.90 wrist_flex.pos=+65.93 wrist_roll.pos=-6.76 gripper.pos=+17.08
DEBUG 2026-09-03 08:18:36 [action #113] t=6.32s step=112 queue=14 dmax=2.484 | shoulder_pan.pos=-5.51 shoulder_lift.pos=-40.40 elbow_flex.pos=+42.79 wrist_flex.pos=+66.27 wrist_roll.pos=-6.59 gripper.pos=+19.56
DEBUG 2026-09-03 08:18:36 [action #114] t=6.36s step=113 queue=13 dmax=2.120 | shoulder_pan.pos=-5.57 shoulder_lift.pos=-40.13 elbow_flex.pos=+42.95 wrist_flex.pos=+66.37 wrist_roll.pos=-6.55 gripper.pos=+21.68
DEBUG 2026-09-03 08:18:36 [action #115] t=6.39s step=114 queue=12 dmax=1.757 | shoulder_pan.pos=-5.73 shoulder_lift.pos=-39.86 elbow_flex.pos=+42.69 wrist_flex.pos=+66.54 wrist_roll.pos=-6.43 gripper.pos=+23.44
DEBUG 2026-09-03 08:18:36 [action #116] t=6.42s step=115 queue=11 dmax=1.427 | shoulder_pan.pos=-5.68 shoulder_lift.pos=-39.49 elbow_flex.pos=+42.55 wrist_flex.pos=+66.81 wrist_roll.pos=-6.40 gripper.pos=+24.87
DEBUG 2026-09-03 08:18:36 [action #117] t=6.46s step=116 queue=10 dmax=1.272 | shoulder_pan.pos=-5.76 shoulder_lift.pos=-39.08 elbow_flex.pos=+42.43 wrist_flex.pos=+66.93 wrist_roll.pos=-6.47 gripper.pos=+26.14
DEBUG 2026-09-03 08:18:36 [action #118] t=6.49s step=117 queue=9 dmax=0.715 | shoulder_pan.pos=-5.85 shoulder_lift.pos=-38.95 elbow_flex.pos=+42.63 wrist_flex.pos=+67.31 wrist_roll.pos=-6.39 gripper.pos=+26.85
DEBUG 2026-09-03 08:18:36 [action #119] t=6.53s step=118 queue=8 dmax=0.729 | shoulder_pan.pos=-6.02 shoulder_lift.pos=-38.49 elbow_flex.pos=+42.30 wrist_flex.pos=+67.57 wrist_roll.pos=-6.28 gripper.pos=+27.58
DEBUG 2026-09-03 08:18:36 [action #120] t=6.56s step=119 queue=7 dmax=0.433 | shoulder_pan.pos=-6.21 shoulder_lift.pos=-38.44 elbow_flex.pos=+42.16 wrist_flex.pos=+67.88 wrist_roll.pos=-6.26 gripper.pos=+28.02
DEBUG 2026-09-03 08:18:36 [action #121] t=6.59s step=120 queue=6 dmax=0.482 | shoulder_pan.pos=-6.08 shoulder_lift.pos=-37.96 elbow_flex.pos=+42.63 wrist_flex.pos=+67.86 wrist_roll.pos=-6.17 gripper.pos=+28.43
DEBUG 2026-09-03 08:18:36 [action #122] t=6.63s step=121 queue=5 dmax=0.424 | shoulder_pan.pos=-6.29 shoulder_lift.pos=-37.87 elbow_flex.pos=+42.20 wrist_flex.pos=+67.93 wrist_roll.pos=-6.15 gripper.pos=+28.60
DEBUG 2026-09-03 08:18:36 [action #123] t=6.66s step=122 queue=4 dmax=0.331 | shoulder_pan.pos=-6.31 shoulder_lift.pos=-37.56 elbow_flex.pos=+42.30 wrist_flex.pos=+68.02 wrist_roll.pos=-6.09 gripper.pos=+28.93
DEBUG 2026-09-03 08:18:36 [action #124] t=6.69s step=123 queue=3 dmax=0.811 | shoulder_pan.pos=-6.69 shoulder_lift.pos=-36.75 elbow_flex.pos=+41.80 wrist_flex.pos=+68.28 wrist_roll.pos=-6.21 gripper.pos=+29.35
DEBUG 2026-09-03 08:18:36 [action #125] t=6.73s step=124 queue=2 dmax=0.570 | shoulder_pan.pos=-6.71 shoulder_lift.pos=-36.44 elbow_flex.pos=+41.41 wrist_flex.pos=+68.49 wrist_roll.pos=-6.16 gripper.pos=+29.92
DEBUG 2026-09-03 08:18:36 [action #126] t=6.76s step=125 queue=1 dmax=1.048 | shoulder_pan.pos=-6.84 shoulder_lift.pos=-35.39 elbow_flex.pos=+40.89 wrist_flex.pos=+68.63 wrist_roll.pos=-6.16 gripper.pos=+30.45
DEBUG 2026-09-03 08:18:36 [chunk] received 50 actions, timesteps 101..150 | first: shoulder_pan.pos=-6.19 shoulder_lift.pos=-36.08 elbow_flex.pos=+43.13 wrist_flex.pos=+70.31 wrist_roll.pos=-4.51 gripper.pos=+34.18 | last: shoulder_pan.pos=-7.43 shoulder_lift.pos=+4.81 elbow_flex.pos=+24.70 wrist_flex.pos=+66.82 wrist_roll.pos=-4.37 gripper.pos=+23.21
DEBUG 2026-09-03 08:18:36 [action #127] t=6.86s step=126 queue=25 dmax=23.730 | shoulder_pan.pos=-7.41 shoulder_lift.pos=-11.66 elbow_flex.pos=+33.26 wrist_flex.pos=+68.02 wrist_roll.pos=-4.96 gripper.pos=+32.95
DEBUG 2026-09-03 08:18:36 [action #128] t=6.89s step=127 queue=24 dmax=1.216 | shoulder_pan.pos=-7.26 shoulder_lift.pos=-10.44 elbow_flex.pos=+32.43 wrist_flex.pos=+67.76 wrist_roll.pos=-4.78 gripper.pos=+33.13
DEBUG 2026-09-03 08:18:36 [action #129] t=6.93s step=128 queue=23 dmax=0.315 | shoulder_pan.pos=-7.21 shoulder_lift.pos=-10.13 elbow_flex.pos=+32.43 wrist_flex.pos=+67.71 wrist_roll.pos=-4.81 gripper.pos=+32.81
DEBUG 2026-09-03 08:18:36 [action #130] t=6.96s step=129 queue=22 dmax=0.446 | shoulder_pan.pos=-7.31 shoulder_lift.pos=-9.69 elbow_flex.pos=+32.47 wrist_flex.pos=+67.61 wrist_roll.pos=-4.80 gripper.pos=+32.90
DEBUG 2026-09-03 08:18:36 [action #131] t=6.99s step=130 queue=21 dmax=1.693 | shoulder_pan.pos=-6.99 shoulder_lift.pos=-9.23 elbow_flex.pos=+30.78 wrist_flex.pos=+67.73 wrist_roll.pos=-4.74 gripper.pos=+32.87
DEBUG 2026-09-03 08:18:36 [action #132] t=7.03s step=131 queue=20 dmax=0.880 | shoulder_pan.pos=-7.08 shoulder_lift.pos=-8.35 elbow_flex.pos=+31.30 wrist_flex.pos=+67.36 wrist_roll.pos=-4.73 gripper.pos=+32.80
DEBUG 2026-09-03 08:18:36 [action #133] t=7.06s step=132 queue=19 dmax=0.769 | shoulder_pan.pos=-7.42 shoulder_lift.pos=-7.58 elbow_flex.pos=+31.33 wrist_flex.pos=+67.39 wrist_roll.pos=-4.74 gripper.pos=+32.85
DEBUG 2026-09-03 08:18:36 [action #134] t=7.09s step=133 queue=18 dmax=1.484 | shoulder_pan.pos=-7.26 shoulder_lift.pos=-6.85 elbow_flex.pos=+29.85 wrist_flex.pos=+67.25 wrist_roll.pos=-4.65 gripper.pos=+32.85
DEBUG 2026-09-03 08:18:36 [action #135] t=7.13s step=134 queue=17 dmax=1.485 | shoulder_pan.pos=-7.33 shoulder_lift.pos=-5.36 elbow_flex.pos=+29.82 wrist_flex.pos=+67.26 wrist_roll.pos=-4.58 gripper.pos=+32.80
DEBUG 2026-09-03 08:18:37 [action #136] t=7.16s step=135 queue=16 dmax=0.913 | shoulder_pan.pos=-7.45 shoulder_lift.pos=-4.89 elbow_flex.pos=+28.91 wrist_flex.pos=+67.19 wrist_roll.pos=-4.75 gripper.pos=+32.86
DEBUG 2026-09-03 08:18:37 [action #137] t=7.19s step=136 queue=15 dmax=0.722 | shoulder_pan.pos=-7.61 shoulder_lift.pos=-4.17 elbow_flex.pos=+28.40 wrist_flex.pos=+67.13 wrist_roll.pos=-4.63 gripper.pos=+32.93
DEBUG 2026-09-03 08:18:37 [action #138] t=7.23s step=137 queue=14 dmax=0.996 | shoulder_pan.pos=-7.77 shoulder_lift.pos=-3.17 elbow_flex.pos=+27.92 wrist_flex.pos=+67.16 wrist_roll.pos=-4.73 gripper.pos=+32.74
DEBUG 2026-09-03 08:18:37 [action #139] t=7.26s step=138 queue=13 dmax=0.705 | shoulder_pan.pos=-7.67 shoulder_lift.pos=-2.93 elbow_flex.pos=+27.22 wrist_flex.pos=+67.12 wrist_roll.pos=-4.59 gripper.pos=+32.82
DEBUG 2026-09-03 08:18:37 [action #140] t=7.30s step=139 queue=12 dmax=1.742 | shoulder_pan.pos=-7.51 shoulder_lift.pos=-1.19 elbow_flex.pos=+26.53 wrist_flex.pos=+66.86 wrist_roll.pos=-4.63 gripper.pos=+32.95
DEBUG 2026-09-03 08:18:37 [action #141] t=7.33s step=140 queue=11 dmax=0.627 | shoulder_pan.pos=-7.53 shoulder_lift.pos=-0.56 elbow_flex.pos=+26.36 wrist_flex.pos=+66.95 wrist_roll.pos=-4.62 gripper.pos=+33.26
DEBUG 2026-09-03 08:18:37 [action #142] t=7.36s step=141 queue=10 dmax=1.451 | shoulder_pan.pos=-7.48 shoulder_lift.pos=+0.89 elbow_flex.pos=+26.45 wrist_flex.pos=+66.87 wrist_roll.pos=-4.59 gripper.pos=+32.98
DEBUG 2026-09-03 08:18:37 [action #143] t=7.40s step=142 queue=9 dmax=1.007 | shoulder_pan.pos=-7.50 shoulder_lift.pos=+1.88 elbow_flex.pos=+25.44 wrist_flex.pos=+66.75 wrist_roll.pos=-4.52 gripper.pos=+33.01
DEBUG 2026-09-03 08:18:37 [action #144] t=7.43s step=143 queue=8 dmax=0.343 | shoulder_pan.pos=-7.66 shoulder_lift.pos=+1.98 elbow_flex.pos=+25.10 wrist_flex.pos=+66.68 wrist_roll.pos=-4.57 gripper.pos=+32.93
DEBUG 2026-09-03 08:18:37 [action #145] t=7.46s step=144 queue=7 dmax=1.292 | shoulder_pan.pos=-7.38 shoulder_lift.pos=+3.27 elbow_flex.pos=+24.05 wrist_flex.pos=+66.33 wrist_roll.pos=-4.57 gripper.pos=+32.69
DEBUG 2026-09-03 08:18:37 [action #146] t=7.50s step=145 queue=6 dmax=0.689 | shoulder_pan.pos=-7.43 shoulder_lift.pos=+3.72 elbow_flex.pos=+24.65 wrist_flex.pos=+66.42 wrist_roll.pos=-4.68 gripper.pos=+32.00
DEBUG 2026-09-03 08:18:37 [action #147] t=7.53s step=146 queue=5 dmax=0.834 | shoulder_pan.pos=-7.54 shoulder_lift.pos=+4.56 elbow_flex.pos=+23.97 wrist_flex.pos=+66.67 wrist_roll.pos=-4.41 gripper.pos=+31.40
DEBUG 2026-09-03 08:18:37 [action #148] t=7.56s step=147 queue=4 dmax=1.673 | shoulder_pan.pos=-7.45 shoulder_lift.pos=+4.53 elbow_flex.pos=+23.62 wrist_flex.pos=+66.51 wrist_roll.pos=-4.49 gripper.pos=+29.73
DEBUG 2026-09-03 08:18:37 [action #149] t=7.60s step=148 queue=3 dmax=1.989 | shoulder_pan.pos=-7.20 shoulder_lift.pos=+4.32 elbow_flex.pos=+24.01 wrist_flex.pos=+66.57 wrist_roll.pos=-4.55 gripper.pos=+27.74
DEBUG 2026-09-03 08:18:37 [chunk] received 50 actions, timesteps 125..174 | first: shoulder_pan.pos=-6.20 shoulder_lift.pos=-35.41 elbow_flex.pos=+41.79 wrist_flex.pos=+67.81 wrist_roll.pos=-6.48 gripper.pos=+28.51 | last: shoulder_pan.pos=-7.95 shoulder_lift.pos=+2.32 elbow_flex.pos=+30.25 wrist_flex.pos=+65.50 wrist_roll.pos=-6.26 gripper.pos=+24.73
DEBUG 2026-09-03 08:18:37 [action #150] t=7.63s step=149 queue=26 dmax=13.601 | shoulder_pan.pos=-7.37 shoulder_lift.pos=-9.28 elbow_flex.pos=+31.65 wrist_flex.pos=+67.22 wrist_roll.pos=-5.82 gripper.pos=+29.68
DEBUG 2026-09-03 08:18:37 [action #151] t=7.66s step=150 queue=25 dmax=0.727 | shoulder_pan.pos=-7.41 shoulder_lift.pos=-9.02 elbow_flex.pos=+31.93 wrist_flex.pos=+67.07 wrist_roll.pos=-5.77 gripper.pos=+28.95
DEBUG 2026-09-03 08:18:37 [action #152] t=7.70s step=151 queue=24 dmax=5.467 | shoulder_pan.pos=-7.69 shoulder_lift.pos=-14.49 elbow_flex.pos=+34.78 wrist_flex.pos=+66.92 wrist_roll.pos=-6.37 gripper.pos=+31.41
DEBUG 2026-09-03 08:18:37 [action #153] t=7.73s step=152 queue=23 dmax=0.838 | shoulder_pan.pos=-7.85 shoulder_lift.pos=-13.65 elbow_flex.pos=+35.02 wrist_flex.pos=+66.79 wrist_roll.pos=-6.50 gripper.pos=+31.40
DEBUG 2026-09-03 08:18:37 [action #154] t=7.76s step=153 queue=22 dmax=0.392 | shoulder_pan.pos=-7.87 shoulder_lift.pos=-13.42 elbow_flex.pos=+34.83 wrist_flex.pos=+66.40 wrist_roll.pos=-6.43 gripper.pos=+31.35
DEBUG 2026-09-03 08:18:37 [action #155] t=7.80s step=154 queue=21 dmax=0.765 | shoulder_pan.pos=-7.94 shoulder_lift.pos=-12.66 elbow_flex.pos=+34.47 wrist_flex.pos=+66.03 wrist_roll.pos=-6.31 gripper.pos=+31.25
DEBUG 2026-09-03 08:18:37 [action #156] t=7.83s step=155 queue=20 dmax=0.671 | shoulder_pan.pos=-7.90 shoulder_lift.pos=-11.98 elbow_flex.pos=+34.37 wrist_flex.pos=+65.86 wrist_roll.pos=-6.53 gripper.pos=+31.15
DEBUG 2026-09-03 08:18:37 [action #157] t=7.86s step=156 queue=19 dmax=1.027 | shoulder_pan.pos=-8.07 shoulder_lift.pos=-10.96 elbow_flex.pos=+34.52 wrist_flex.pos=+65.75 wrist_roll.pos=-6.45 gripper.pos=+31.19
DEBUG 2026-09-03 08:18:37 [action #158] t=7.90s step=157 queue=18 dmax=0.732 | shoulder_pan.pos=-7.89 shoulder_lift.pos=-10.23 elbow_flex.pos=+34.03 wrist_flex.pos=+65.68 wrist_roll.pos=-6.50 gripper.pos=+31.28
DEBUG 2026-09-03 08:18:37 [action #159] t=7.93s step=158 queue=17 dmax=1.017 | shoulder_pan.pos=-7.83 shoulder_lift.pos=-9.21 elbow_flex.pos=+34.35 wrist_flex.pos=+65.56 wrist_roll.pos=-6.43 gripper.pos=+31.20
DEBUG 2026-09-03 08:18:37 [action #160] t=7.96s step=159 queue=16 dmax=0.707 | shoulder_pan.pos=-7.78 shoulder_lift.pos=-8.50 elbow_flex.pos=+34.01 wrist_flex.pos=+65.40 wrist_roll.pos=-6.46 gripper.pos=+31.21
DEBUG 2026-09-03 08:18:37 [action #161] t=8.00s step=160 queue=15 dmax=0.310 | shoulder_pan.pos=-7.80 shoulder_lift.pos=-8.23 elbow_flex.pos=+33.70 wrist_flex.pos=+65.46 wrist_roll.pos=-6.40 gripper.pos=+31.27
DEBUG 2026-09-03 08:18:37 [action #162] t=8.03s step=161 queue=14 dmax=1.374 | shoulder_pan.pos=-7.64 shoulder_lift.pos=-6.86 elbow_flex.pos=+33.44 wrist_flex.pos=+65.59 wrist_roll.pos=-6.48 gripper.pos=+31.28
DEBUG 2026-09-03 08:18:37 [action #163] t=8.06s step=162 queue=13 dmax=0.980 | shoulder_pan.pos=-7.76 shoulder_lift.pos=-5.88 elbow_flex.pos=+33.02 wrist_flex.pos=+65.51 wrist_roll.pos=-6.36 gripper.pos=+31.29
DEBUG 2026-09-03 08:18:37 [action #164] t=8.10s step=163 queue=12 dmax=0.744 | shoulder_pan.pos=-7.92 shoulder_lift.pos=-5.58 elbow_flex.pos=+32.27 wrist_flex.pos=+65.21 wrist_roll.pos=-6.37 gripper.pos=+31.40
DEBUG 2026-09-03 08:18:37 [action #165] t=8.13s step=164 queue=11 dmax=1.471 | shoulder_pan.pos=-7.96 shoulder_lift.pos=-4.10 elbow_flex.pos=+32.21 wrist_flex.pos=+65.08 wrist_roll.pos=-6.52 gripper.pos=+31.27
DEBUG 2026-09-03 08:18:38 [action #166] t=8.16s step=165 queue=10 dmax=0.911 | shoulder_pan.pos=-7.67 shoulder_lift.pos=-3.19 elbow_flex.pos=+32.07 wrist_flex.pos=+64.87 wrist_roll.pos=-6.38 gripper.pos=+31.43
DEBUG 2026-09-03 08:18:38 [action #167] t=8.20s step=166 queue=9 dmax=0.741 | shoulder_pan.pos=-8.10 shoulder_lift.pos=-2.45 elbow_flex.pos=+32.15 wrist_flex.pos=+65.23 wrist_roll.pos=-6.44 gripper.pos=+31.35
DEBUG 2026-09-03 08:18:38 [action #168] t=8.23s step=167 queue=8 dmax=0.696 | shoulder_pan.pos=-7.82 shoulder_lift.pos=-2.06 elbow_flex.pos=+31.45 wrist_flex.pos=+65.20 wrist_roll.pos=-6.46 gripper.pos=+31.54
DEBUG 2026-09-03 08:18:38 [action #169] t=8.27s step=168 queue=7 dmax=1.004 | shoulder_pan.pos=-7.89 shoulder_lift.pos=-1.05 elbow_flex.pos=+31.32 wrist_flex.pos=+65.06 wrist_roll.pos=-6.35 gripper.pos=+31.65
DEBUG 2026-09-03 08:18:38 [action #170] t=8.30s step=169 queue=6 dmax=0.685 | shoulder_pan.pos=-7.99 shoulder_lift.pos=-0.37 elbow_flex.pos=+31.18 wrist_flex.pos=+64.98 wrist_roll.pos=-6.35 gripper.pos=+31.57
DEBUG 2026-09-03 08:18:38 [action #171] t=8.33s step=170 queue=5 dmax=0.313 | shoulder_pan.pos=-7.76 shoulder_lift.pos=-0.52 elbow_flex.pos=+31.50 wrist_flex.pos=+65.06 wrist_roll.pos=-6.29 gripper.pos=+31.70
DEBUG 2026-09-03 08:18:38 [action #172] t=8.37s step=171 queue=4 dmax=1.884 | shoulder_pan.pos=-7.87 shoulder_lift.pos=+1.37 elbow_flex.pos=+30.92 wrist_flex.pos=+65.21 wrist_roll.pos=-6.43 gripper.pos=+31.38
DEBUG 2026-09-03 08:18:38 [action #173] t=8.40s step=172 queue=3 dmax=1.295 | shoulder_pan.pos=-7.76 shoulder_lift.pos=+1.44 elbow_flex.pos=+30.43 wrist_flex.pos=+65.22 wrist_roll.pos=-6.43 gripper.pos=+30.09
DEBUG 2026-09-03 08:18:38 [action #174] t=8.43s step=173 queue=2 dmax=2.611 | shoulder_pan.pos=-7.78 shoulder_lift.pos=+1.93 elbow_flex.pos=+29.88 wrist_flex.pos=+65.42 wrist_roll.pos=-6.33 gripper.pos=+27.48
DEBUG 2026-09-03 08:18:38 [action #175] t=8.47s step=174 queue=1 dmax=2.748 | shoulder_pan.pos=-7.95 shoulder_lift.pos=+2.32 elbow_flex.pos=+30.25 wrist_flex.pos=+65.50 wrist_roll.pos=-6.26 gripper.pos=+24.73
DEBUG 2026-09-03 08:18:38 [chunk] received 50 actions, timesteps 148..197 | first: shoulder_pan.pos=-8.10 shoulder_lift.pos=+2.59 elbow_flex.pos=+26.76 wrist_flex.pos=+68.42 wrist_roll.pos=-4.80 gripper.pos=+33.92 | last: shoulder_pan.pos=-1.50 shoulder_lift.pos=-6.90 elbow_flex.pos=+4.08 wrist_flex.pos=+85.75 wrist_roll.pos=-7.39 gripper.pos=+5.10
DEBUG 2026-09-03 08:18:38 [action #176] t=8.57s step=175 queue=23 dmax=19.752 | shoulder_pan.pos=-7.37 shoulder_lift.pos=+3.43 elbow_flex.pos=+19.38 wrist_flex.pos=+71.55 wrist_roll.pos=-7.06 gripper.pos=+4.98
DEBUG 2026-09-03 08:18:38 [action #177] t=8.60s step=176 queue=22 dmax=0.955 | shoulder_pan.pos=-7.32 shoulder_lift.pos=+3.06 elbow_flex.pos=+18.42 wrist_flex.pos=+72.38 wrist_roll.pos=-7.22 gripper.pos=+5.15
DEBUG 2026-09-03 08:18:38 [action #178] t=8.63s step=177 queue=21 dmax=0.742 | shoulder_pan.pos=-7.00 shoulder_lift.pos=+3.25 elbow_flex.pos=+17.68 wrist_flex.pos=+72.99 wrist_roll.pos=-7.28 gripper.pos=+5.05
DEBUG 2026-09-03 08:18:38 [action #179] t=8.67s step=178 queue=20 dmax=1.238 | shoulder_pan.pos=-7.22 shoulder_lift.pos=+2.58 elbow_flex.pos=+16.68 wrist_flex.pos=+74.23 wrist_roll.pos=-7.37 gripper.pos=+5.29
DEBUG 2026-09-03 08:18:38 [action #180] t=8.70s step=179 queue=19 dmax=0.670 | shoulder_pan.pos=-6.96 shoulder_lift.pos=+2.33 elbow_flex.pos=+16.11 wrist_flex.pos=+74.90 wrist_roll.pos=-7.56 gripper.pos=+5.26
DEBUG 2026-09-03 08:18:38 [action #181] t=8.73s step=180 queue=18 dmax=0.777 | shoulder_pan.pos=-6.82 shoulder_lift.pos=+2.18 elbow_flex.pos=+15.33 wrist_flex.pos=+75.62 wrist_roll.pos=-7.59 gripper.pos=+5.29
DEBUG 2026-09-03 08:18:38 [action #182] t=8.77s step=181 queue=17 dmax=1.252 | shoulder_pan.pos=-6.63 shoulder_lift.pos=+2.09 elbow_flex.pos=+14.08 wrist_flex.pos=+76.29 wrist_roll.pos=-7.55 gripper.pos=+5.31
DEBUG 2026-09-03 08:18:38 [action #183] t=8.80s step=182 queue=16 dmax=0.821 | shoulder_pan.pos=-6.50 shoulder_lift.pos=+1.31 elbow_flex.pos=+13.86 wrist_flex.pos=+77.11 wrist_roll.pos=-7.64 gripper.pos=+5.31
DEBUG 2026-09-03 08:18:38 [action #184] t=8.83s step=183 queue=15 dmax=1.152 | shoulder_pan.pos=-6.51 shoulder_lift.pos=+0.92 elbow_flex.pos=+12.70 wrist_flex.pos=+77.99 wrist_roll.pos=-7.67 gripper.pos=+5.26
DEBUG 2026-09-03 08:18:38 [action #185] t=8.87s step=184 queue=14 dmax=1.055 | shoulder_pan.pos=-6.35 shoulder_lift.pos=+0.79 elbow_flex.pos=+11.65 wrist_flex.pos=+78.77 wrist_roll.pos=-7.73 gripper.pos=+5.27
DEBUG 2026-09-03 08:18:38 [action #186] t=8.90s step=185 queue=13 dmax=1.000 | shoulder_pan.pos=-6.13 shoulder_lift.pos=+0.22 elbow_flex.pos=+10.65 wrist_flex.pos=+79.47 wrist_roll.pos=-7.78 gripper.pos=+5.35
DEBUG 2026-09-03 08:18:38 [action #187] t=8.93s step=186 queue=12 dmax=0.753 | shoulder_pan.pos=-6.03 shoulder_lift.pos=-0.24 elbow_flex.pos=+10.29 wrist_flex.pos=+80.22 wrist_roll.pos=-7.81 gripper.pos=+5.46
DEBUG 2026-09-03 08:18:38 [action #188] t=8.97s step=187 queue=11 dmax=1.065 | shoulder_pan.pos=-5.74 shoulder_lift.pos=-1.31 elbow_flex.pos=+10.32 wrist_flex.pos=+80.87 wrist_roll.pos=-7.84 gripper.pos=+5.27
DEBUG 2026-09-03 08:18:38 [action #189] t=9.00s step=188 queue=10 dmax=1.146 | shoulder_pan.pos=-5.34 shoulder_lift.pos=-1.72 elbow_flex.pos=+9.18 wrist_flex.pos=+81.42 wrist_roll.pos=-7.80 gripper.pos=+5.35
DEBUG 2026-09-03 08:18:38 [action #190] t=9.03s step=189 queue=9 dmax=0.579 | shoulder_pan.pos=-5.09 shoulder_lift.pos=-2.13 elbow_flex.pos=+8.60 wrist_flex.pos=+81.98 wrist_roll.pos=-7.76 gripper.pos=+5.41
DEBUG 2026-09-03 08:18:38 [action #191] t=9.07s step=190 queue=8 dmax=0.888 | shoulder_pan.pos=-5.16 shoulder_lift.pos=-2.78 elbow_flex.pos=+7.72 wrist_flex.pos=+82.86 wrist_roll.pos=-7.85 gripper.pos=+5.38
DEBUG 2026-09-03 08:18:38 [action #192] t=9.10s step=191 queue=7 dmax=0.709 | shoulder_pan.pos=-4.91 shoulder_lift.pos=-2.68 elbow_flex.pos=+7.01 wrist_flex.pos=+83.52 wrist_roll.pos=-7.92 gripper.pos=+5.44
DEBUG 2026-09-03 08:18:38 [action #193] t=9.13s step=192 queue=6 dmax=1.125 | shoulder_pan.pos=-4.45 shoulder_lift.pos=-3.80 elbow_flex.pos=+6.70 wrist_flex.pos=+84.23 wrist_roll.pos=-7.79 gripper.pos=+5.27
DEBUG 2026-09-03 08:18:39 [action #194] t=9.17s step=193 queue=5 dmax=1.058 | shoulder_pan.pos=-4.00 shoulder_lift.pos=-4.15 elbow_flex.pos=+5.64 wrist_flex.pos=+84.57 wrist_roll.pos=-7.82 gripper.pos=+5.27
DEBUG 2026-09-03 08:18:39 [action #195] t=9.20s step=194 queue=4 dmax=0.771 | shoulder_pan.pos=-3.65 shoulder_lift.pos=-4.93 elbow_flex.pos=+5.82 wrist_flex.pos=+85.07 wrist_roll.pos=-7.76 gripper.pos=+5.23
DEBUG 2026-09-03 08:18:39 [action #196] t=9.24s step=195 queue=3 dmax=0.981 | shoulder_pan.pos=-3.01 shoulder_lift.pos=-5.47 elbow_flex.pos=+4.84 wrist_flex.pos=+85.16 wrist_roll.pos=-7.68 gripper.pos=+5.35
DEBUG 2026-09-03 08:18:39 [action #197] t=9.27s step=196 queue=2 dmax=0.670 | shoulder_pan.pos=-2.34 shoulder_lift.pos=-6.02 elbow_flex.pos=+4.37 wrist_flex.pos=+85.56 wrist_roll.pos=-7.60 gripper.pos=+5.24
DEBUG 2026-09-03 08:18:39 [action #198] t=9.30s step=197 queue=1 dmax=0.881 | shoulder_pan.pos=-1.50 shoulder_lift.pos=-6.90 elbow_flex.pos=+4.08 wrist_flex.pos=+85.75 wrist_roll.pos=-7.39 gripper.pos=+5.10
DEBUG 2026-09-03 08:18:39 [chunk] received 50 actions, timesteps 174..223 | first: shoulder_pan.pos=-7.97 shoulder_lift.pos=+1.72 elbow_flex.pos=+30.80 wrist_flex.pos=+65.96 wrist_roll.pos=-6.22 gripper.pos=+21.43 | last: shoulder_pan.pos=+6.31 shoulder_lift.pos=-19.85 elbow_flex.pos=+11.56 wrist_flex.pos=+83.05 wrist_roll.pos=-7.71 gripper.pos=+5.34
DEBUG 2026-09-03 08:18:39 [action #199] t=9.50s step=198 queue=26 dmax=15.199 | shoulder_pan.pos=-7.18 shoulder_lift.pos=-1.80 elbow_flex.pos=+19.28 wrist_flex.pos=+75.02 wrist_roll.pos=-8.89 gripper.pos=+5.52
DEBUG 2026-09-03 08:18:39 [action #200] t=9.54s step=199 queue=25 dmax=1.342 | shoulder_pan.pos=-6.80 shoulder_lift.pos=-2.55 elbow_flex.pos=+17.94 wrist_flex.pos=+75.85 wrist_roll.pos=-8.94 gripper.pos=+5.58
DEBUG 2026-09-03 08:18:39 [action #201] t=9.57s step=200 queue=24 dmax=0.979 | shoulder_pan.pos=-6.45 shoulder_lift.pos=-2.28 elbow_flex.pos=+16.96 wrist_flex.pos=+76.68 wrist_roll.pos=-9.03 gripper.pos=+5.66
DEBUG 2026-09-03 08:18:39 [action #202] t=9.60s step=201 queue=23 dmax=0.943 | shoulder_pan.pos=-5.96 shoulder_lift.pos=-3.22 elbow_flex.pos=+16.06 wrist_flex.pos=+77.27 wrist_roll.pos=-9.12 gripper.pos=+5.63
DEBUG 2026-09-03 08:18:39 [action #203] t=9.64s step=202 queue=22 dmax=0.779 | shoulder_pan.pos=-5.53 shoulder_lift.pos=-3.35 elbow_flex.pos=+15.39 wrist_flex.pos=+78.05 wrist_roll.pos=-9.06 gripper.pos=+5.71
DEBUG 2026-09-03 08:18:39 [action #204] t=9.67s step=203 queue=21 dmax=0.643 | shoulder_pan.pos=-5.31 shoulder_lift.pos=-3.72 elbow_flex.pos=+14.75 wrist_flex.pos=+78.67 wrist_roll.pos=-9.11 gripper.pos=+5.67
DEBUG 2026-09-03 08:18:39 [action #205] t=9.70s step=204 queue=20 dmax=0.716 | shoulder_pan.pos=-4.70 shoulder_lift.pos=-4.44 elbow_flex.pos=+14.22 wrist_flex.pos=+79.25 wrist_roll.pos=-9.08 gripper.pos=+5.71
DEBUG 2026-09-03 08:18:39 [action #206] t=9.74s step=205 queue=19 dmax=1.098 | shoulder_pan.pos=-4.28 shoulder_lift.pos=-4.52 elbow_flex.pos=+13.12 wrist_flex.pos=+79.71 wrist_roll.pos=-9.02 gripper.pos=+5.75
DEBUG 2026-09-03 08:18:39 [action #207] t=9.77s step=206 queue=18 dmax=0.551 | shoulder_pan.pos=-3.96 shoulder_lift.pos=-5.07 elbow_flex.pos=+12.81 wrist_flex.pos=+80.26 wrist_roll.pos=-9.13 gripper.pos=+5.62
DEBUG 2026-09-03 08:18:39 [action #208] t=9.80s step=207 queue=17 dmax=0.635 | shoulder_pan.pos=-3.62 shoulder_lift.pos=-5.71 elbow_flex.pos=+12.64 wrist_flex.pos=+80.68 wrist_roll.pos=-9.15 gripper.pos=+5.69
DEBUG 2026-09-03 08:18:39 [action #209] t=9.84s step=208 queue=16 dmax=0.861 | shoulder_pan.pos=-3.08 shoulder_lift.pos=-6.57 elbow_flex.pos=+11.84 wrist_flex.pos=+80.85 wrist_roll.pos=-9.13 gripper.pos=+5.66
DEBUG 2026-09-03 08:18:39 [action #210] t=9.87s step=209 queue=15 dmax=0.515 | shoulder_pan.pos=-2.68 shoulder_lift.pos=-7.08 elbow_flex.pos=+11.54 wrist_flex.pos=+81.16 wrist_roll.pos=-9.08 gripper.pos=+5.65
DEBUG 2026-09-03 08:18:39 [action #211] t=9.90s step=210 queue=14 dmax=1.370 | shoulder_pan.pos=-2.56 shoulder_lift.pos=-8.45 elbow_flex.pos=+11.37 wrist_flex.pos=+81.43 wrist_roll.pos=-9.14 gripper.pos=+5.62
DEBUG 2026-09-03 08:18:39 [action #212] t=9.94s step=211 queue=13 dmax=0.880 | shoulder_pan.pos=-1.68 shoulder_lift.pos=-9.13 elbow_flex.pos=+11.65 wrist_flex.pos=+81.48 wrist_roll.pos=-9.05 gripper.pos=+5.67
DEBUG 2026-09-03 08:18:39 [action #213] t=9.97s step=212 queue=12 dmax=1.260 | shoulder_pan.pos=-1.64 shoulder_lift.pos=-10.39 elbow_flex.pos=+11.82 wrist_flex.pos=+81.68 wrist_roll.pos=-9.13 gripper.pos=+5.54
DEBUG 2026-09-03 08:18:39 [action #214] t=10.00s step=213 queue=11 dmax=1.102 | shoulder_pan.pos=-1.09 shoulder_lift.pos=-11.50 elbow_flex.pos=+11.46 wrist_flex.pos=+82.15 wrist_roll.pos=-9.10 gripper.pos=+5.64
DEBUG 2026-09-03 08:18:39 [action #215] t=10.04s step=214 queue=10 dmax=0.777 | shoulder_pan.pos=-0.48 shoulder_lift.pos=-12.27 elbow_flex.pos=+11.45 wrist_flex.pos=+82.47 wrist_roll.pos=-9.00 gripper.pos=+5.63
DEBUG 2026-09-03 08:18:39 [action #216] t=10.07s step=215 queue=9 dmax=1.693 | shoulder_pan.pos=+0.06 shoulder_lift.pos=-13.97 elbow_flex.pos=+11.69 wrist_flex.pos=+82.62 wrist_roll.pos=-9.10 gripper.pos=+5.63
DEBUG 2026-09-03 08:18:39 [action #217] t=10.11s step=216 queue=8 dmax=0.644 | shoulder_pan.pos=+0.70 shoulder_lift.pos=-14.41 elbow_flex.pos=+11.36 wrist_flex.pos=+82.77 wrist_roll.pos=-8.97 gripper.pos=+5.52
DEBUG 2026-09-03 08:18:39 [action #218] t=10.14s step=217 queue=7 dmax=1.018 | shoulder_pan.pos=+1.35 shoulder_lift.pos=-15.42 elbow_flex.pos=+11.44 wrist_flex.pos=+82.96 wrist_roll.pos=-8.84 gripper.pos=+5.61
DEBUG 2026-09-03 08:18:40 [action #219] t=10.17s step=218 queue=6 dmax=1.037 | shoulder_pan.pos=+2.39 shoulder_lift.pos=-15.57 elbow_flex.pos=+11.89 wrist_flex.pos=+82.91 wrist_roll.pos=-8.79 gripper.pos=+5.53
DEBUG 2026-09-03 08:18:40 [action #220] t=10.21s step=219 queue=5 dmax=0.916 | shoulder_pan.pos=+3.13 shoulder_lift.pos=-16.49 elbow_flex.pos=+11.32 wrist_flex.pos=+83.03 wrist_roll.pos=-8.48 gripper.pos=+5.50
DEBUG 2026-09-03 08:18:40 [action #221] t=10.24s step=220 queue=4 dmax=1.899 | shoulder_pan.pos=+3.83 shoulder_lift.pos=-18.39 elbow_flex.pos=+11.99 wrist_flex.pos=+83.07 wrist_roll.pos=-8.50 gripper.pos=+5.44
DEBUG 2026-09-03 08:18:40 [action #222] t=10.27s step=221 queue=3 dmax=0.860 | shoulder_pan.pos=+4.69 shoulder_lift.pos=-18.80 elbow_flex.pos=+12.33 wrist_flex.pos=+83.08 wrist_roll.pos=-8.17 gripper.pos=+5.47
DEBUG 2026-09-03 08:18:40 [action #223] t=10.31s step=222 queue=2 dmax=1.055 | shoulder_pan.pos=+5.52 shoulder_lift.pos=-19.14 elbow_flex.pos=+11.28 wrist_flex.pos=+83.14 wrist_roll.pos=-7.88 gripper.pos=+5.40
DEBUG 2026-09-03 08:18:40 [action #224] t=10.34s step=223 queue=1 dmax=0.791 | shoulder_pan.pos=+6.31 shoulder_lift.pos=-19.85 elbow_flex.pos=+11.56 wrist_flex.pos=+83.05 wrist_roll.pos=-7.71 gripper.pos=+5.34
DEBUG 2026-09-03 08:18:40 [chunk] received 50 actions, timesteps 197..246 | first: shoulder_pan.pos=-1.48 shoulder_lift.pos=-7.19 elbow_flex.pos=+2.91 wrist_flex.pos=+86.01 wrist_roll.pos=-7.93 gripper.pos=+7.73 | last: shoulder_pan.pos=+31.12 shoulder_lift.pos=+11.09 elbow_flex.pos=-20.03 wrist_flex.pos=+78.98 wrist_roll.pos=-6.69 gripper.pos=+7.01
DEBUG 2026-09-03 08:18:40 [action #225] t=10.44s step=224 queue=23 dmax=15.518 | shoulder_pan.pos=+21.54 shoulder_lift.pos=-14.78 elbow_flex.pos=-3.96 wrist_flex.pos=+85.49 wrist_roll.pos=-7.62 gripper.pos=+7.23
DEBUG 2026-09-03 08:18:40 [action #226] t=10.47s step=225 queue=22 dmax=0.939 | shoulder_pan.pos=+22.48 shoulder_lift.pos=-14.66 elbow_flex.pos=-3.38 wrist_flex.pos=+85.55 wrist_roll.pos=-7.74 gripper.pos=+7.43
DEBUG 2026-09-03 08:18:40 [action #227] t=10.51s step=226 queue=21 dmax=1.094 | shoulder_pan.pos=+23.52 shoulder_lift.pos=-13.56 elbow_flex.pos=-4.30 wrist_flex.pos=+84.98 wrist_roll.pos=-7.77 gripper.pos=+7.03
DEBUG 2026-09-03 08:18:40 [action #228] t=10.54s step=227 queue=20 dmax=0.576 | shoulder_pan.pos=+24.10 shoulder_lift.pos=-13.88 elbow_flex.pos=-4.79 wrist_flex.pos=+84.58 wrist_roll.pos=-7.58 gripper.pos=+7.24
DEBUG 2026-09-03 08:18:40 [action #229] t=10.57s step=228 queue=19 dmax=0.807 | shoulder_pan.pos=+24.91 shoulder_lift.pos=-14.27 elbow_flex.pos=-4.96 wrist_flex.pos=+84.21 wrist_roll.pos=-7.59 gripper.pos=+7.41
DEBUG 2026-09-03 08:18:40 [action #230] t=10.61s step=229 queue=18 dmax=0.831 | shoulder_pan.pos=+25.39 shoulder_lift.pos=-13.62 elbow_flex.pos=-5.10 wrist_flex.pos=+83.38 wrist_roll.pos=-7.76 gripper.pos=+6.92
DEBUG 2026-09-03 08:18:40 [action #231] t=10.64s step=230 queue=17 dmax=0.918 | shoulder_pan.pos=+26.30 shoulder_lift.pos=-12.96 elbow_flex.pos=-4.92 wrist_flex.pos=+82.58 wrist_roll.pos=-7.51 gripper.pos=+7.17
DEBUG 2026-09-03 08:18:40 [action #232] t=10.67s step=231 queue=16 dmax=0.789 | shoulder_pan.pos=+26.65 shoulder_lift.pos=-12.79 elbow_flex.pos=-4.84 wrist_flex.pos=+81.79 wrist_roll.pos=-7.58 gripper.pos=+6.91
DEBUG 2026-09-03 08:18:40 [action #233] t=10.71s step=232 queue=15 dmax=1.296 | shoulder_pan.pos=+27.22 shoulder_lift.pos=-11.53 elbow_flex.pos=-6.14 wrist_flex.pos=+81.27 wrist_roll.pos=-7.48 gripper.pos=+7.18
DEBUG 2026-09-03 08:18:40 [action #234] t=10.74s step=233 queue=14 dmax=0.718 | shoulder_pan.pos=+27.83 shoulder_lift.pos=-10.81 elbow_flex.pos=-5.78 wrist_flex.pos=+80.70 wrist_roll.pos=-7.33 gripper.pos=+7.12
DEBUG 2026-09-03 08:18:40 [action #235] t=10.77s step=234 queue=13 dmax=1.853 | shoulder_pan.pos=+28.13 shoulder_lift.pos=-9.81 elbow_flex.pos=-7.64 wrist_flex.pos=+80.46 wrist_roll.pos=-7.29 gripper.pos=+7.20
DEBUG 2026-09-03 08:18:40 [action #236] t=10.81s step=235 queue=12 dmax=2.108 | shoulder_pan.pos=+28.81 shoulder_lift.pos=-7.70 elbow_flex.pos=-7.95 wrist_flex.pos=+80.30 wrist_roll.pos=-7.17 gripper.pos=+7.13
DEBUG 2026-09-03 08:18:40 [action #237] t=10.84s step=236 queue=11 dmax=1.779 | shoulder_pan.pos=+28.95 shoulder_lift.pos=-5.92 elbow_flex.pos=-9.16 wrist_flex.pos=+79.99 wrist_roll.pos=-7.11 gripper.pos=+7.15
DEBUG 2026-09-03 08:18:40 [action #238] t=10.87s step=237 queue=10 dmax=1.555 | shoulder_pan.pos=+29.45 shoulder_lift.pos=-4.37 elbow_flex.pos=-10.63 wrist_flex.pos=+79.70 wrist_roll.pos=-6.99 gripper.pos=+6.95
DEBUG 2026-09-03 08:18:40 [action #239] t=10.91s step=238 queue=9 dmax=2.271 | shoulder_pan.pos=+29.79 shoulder_lift.pos=-2.09 elbow_flex.pos=-12.18 wrist_flex.pos=+79.68 wrist_roll.pos=-6.99 gripper.pos=+7.16
DEBUG 2026-09-03 08:18:40 [action #240] t=10.94s step=239 queue=8 dmax=2.280 | shoulder_pan.pos=+29.98 shoulder_lift.pos=+0.19 elbow_flex.pos=-12.47 wrist_flex.pos=+79.50 wrist_roll.pos=-6.85 gripper.pos=+7.26
DEBUG 2026-09-03 08:18:40 [action #241] t=10.98s step=240 queue=7 dmax=1.462 | shoulder_pan.pos=+30.59 shoulder_lift.pos=+1.59 elbow_flex.pos=-13.93 wrist_flex.pos=+79.28 wrist_roll.pos=-6.82 gripper.pos=+6.92
DEBUG 2026-09-03 08:18:40 [action #242] t=11.01s step=241 queue=6 dmax=1.922 | shoulder_pan.pos=+30.55 shoulder_lift.pos=+3.51 elbow_flex.pos=-14.56 wrist_flex.pos=+79.18 wrist_roll.pos=-6.78 gripper.pos=+7.01
DEBUG 2026-09-03 08:18:40 [action #243] t=11.04s step=242 queue=5 dmax=1.702 | shoulder_pan.pos=+30.74 shoulder_lift.pos=+5.21 elbow_flex.pos=-15.89 wrist_flex.pos=+79.30 wrist_roll.pos=-6.90 gripper.pos=+7.06
DEBUG 2026-09-03 08:18:40 [action #244] t=11.08s step=243 queue=4 dmax=1.519 | shoulder_pan.pos=+30.82 shoulder_lift.pos=+6.67 elbow_flex.pos=-17.41 wrist_flex.pos=+79.27 wrist_roll.pos=-6.83 gripper.pos=+6.93
DEBUG 2026-09-03 08:18:40 [action #245] t=11.11s step=244 queue=3 dmax=1.508 | shoulder_pan.pos=+31.10 shoulder_lift.pos=+8.18 elbow_flex.pos=-18.17 wrist_flex.pos=+78.84 wrist_roll.pos=-6.72 gripper.pos=+7.08
DEBUG 2026-09-03 08:18:40 [action #246] t=11.14s step=245 queue=2 dmax=1.320 | shoulder_pan.pos=+31.37 shoulder_lift.pos=+9.50 elbow_flex.pos=-18.79 wrist_flex.pos=+79.03 wrist_roll.pos=-6.75 gripper.pos=+6.80
DEBUG 2026-09-03 08:18:41 [action #247] t=11.18s step=246 queue=1 dmax=1.587 | shoulder_pan.pos=+31.12 shoulder_lift.pos=+11.09 elbow_flex.pos=-20.03 wrist_flex.pos=+78.98 wrist_roll.pos=-6.69 gripper.pos=+7.01
DEBUG 2026-09-03 08:18:41 [chunk] received 50 actions, timesteps 223..272 | first: shoulder_pan.pos=+8.92 shoulder_lift.pos=-18.55 elbow_flex.pos=+11.08 wrist_flex.pos=+82.06 wrist_roll.pos=-8.56 gripper.pos=+5.97 | last: shoulder_pan.pos=+31.74 shoulder_lift.pos=+22.20 elbow_flex.pos=-28.82 wrist_flex.pos=+76.22 wrist_roll.pos=-8.55 gripper.pos=+5.50
DEBUG 2026-09-03 08:18:41 [action #248] t=11.38s step=247 queue=26 dmax=17.000 | shoulder_pan.pos=+26.73 shoulder_lift.pos=-5.91 elbow_flex.pos=-4.92 wrist_flex.pos=+76.57 wrist_roll.pos=-7.60 gripper.pos=+5.92
DEBUG 2026-09-03 08:18:41 [action #249] t=11.41s step=248 queue=25 dmax=2.302 | shoulder_pan.pos=+26.97 shoulder_lift.pos=-3.61 elbow_flex.pos=-5.98 wrist_flex.pos=+76.69 wrist_roll.pos=-7.58 gripper.pos=+5.80
DEBUG 2026-09-03 08:18:41 [action #250] t=11.44s step=249 queue=24 dmax=1.348 | shoulder_pan.pos=+27.13 shoulder_lift.pos=-2.31 elbow_flex.pos=-7.33 wrist_flex.pos=+76.34 wrist_roll.pos=-7.41 gripper.pos=+5.82
DEBUG 2026-09-03 08:18:41 [action #251] t=11.48s step=250 queue=23 dmax=2.182 | shoulder_pan.pos=+27.97 shoulder_lift.pos=-0.12 elbow_flex.pos=-8.01 wrist_flex.pos=+76.32 wrist_roll.pos=-7.55 gripper.pos=+5.98
DEBUG 2026-09-03 08:18:41 [action #252] t=11.51s step=251 queue=22 dmax=2.009 | shoulder_pan.pos=+28.08 shoulder_lift.pos=+1.36 elbow_flex.pos=-10.02 wrist_flex.pos=+76.39 wrist_roll.pos=-7.42 gripper.pos=+5.90
DEBUG 2026-09-03 08:18:41 [action #253] t=11.54s step=252 queue=21 dmax=1.249 | shoulder_pan.pos=+28.63 shoulder_lift.pos=+2.55 elbow_flex.pos=-11.27 wrist_flex.pos=+76.24 wrist_roll.pos=-7.44 gripper.pos=+5.81
DEBUG 2026-09-03 08:18:41 [action #254] t=11.58s step=253 queue=20 dmax=1.385 | shoulder_pan.pos=+28.80 shoulder_lift.pos=+3.94 elbow_flex.pos=-12.05 wrist_flex.pos=+76.09 wrist_roll.pos=-7.37 gripper.pos=+5.77
DEBUG 2026-09-03 08:18:41 [action #255] t=11.61s step=254 queue=19 dmax=2.233 | shoulder_pan.pos=+29.22 shoulder_lift.pos=+5.02 elbow_flex.pos=-14.29 wrist_flex.pos=+75.98 wrist_roll.pos=-7.44 gripper.pos=+5.77
DEBUG 2026-09-03 08:18:41 [action #256] t=11.64s step=255 queue=18 dmax=2.087 | shoulder_pan.pos=+28.99 shoulder_lift.pos=+7.11 elbow_flex.pos=-14.76 wrist_flex.pos=+75.98 wrist_roll.pos=-7.37 gripper.pos=+5.79
DEBUG 2026-09-03 08:18:41 [action #257] t=11.68s step=256 queue=17 dmax=1.459 | shoulder_pan.pos=+29.09 shoulder_lift.pos=+7.68 elbow_flex.pos=-16.22 wrist_flex.pos=+75.64 wrist_roll.pos=-7.31 gripper.pos=+5.66
DEBUG 2026-09-03 08:18:41 [action #258] t=11.71s step=257 queue=16 dmax=1.352 | shoulder_pan.pos=+29.42 shoulder_lift.pos=+9.04 elbow_flex.pos=-17.49 wrist_flex.pos=+75.89 wrist_roll.pos=-7.35 gripper.pos=+5.98
DEBUG 2026-09-03 08:18:41 [action #259] t=11.74s step=258 queue=15 dmax=1.388 | shoulder_pan.pos=+29.62 shoulder_lift.pos=+10.42 elbow_flex.pos=-17.76 wrist_flex.pos=+75.58 wrist_roll.pos=-7.34 gripper.pos=+5.52
DEBUG 2026-09-03 08:18:41 [action #260] t=11.78s step=259 queue=14 dmax=1.522 | shoulder_pan.pos=+29.83 shoulder_lift.pos=+11.25 elbow_flex.pos=-19.28 wrist_flex.pos=+75.60 wrist_roll.pos=-7.58 gripper.pos=+5.40
DEBUG 2026-09-03 08:18:41 [action #261] t=11.81s step=260 queue=13 dmax=0.734 | shoulder_pan.pos=+29.84 shoulder_lift.pos=+11.98 elbow_flex.pos=-19.35 wrist_flex.pos=+75.71 wrist_roll.pos=-7.49 gripper.pos=+5.59
DEBUG 2026-09-03 08:18:41 [action #262] t=11.85s step=261 queue=12 dmax=2.121 | shoulder_pan.pos=+29.86 shoulder_lift.pos=+14.04 elbow_flex.pos=-21.47 wrist_flex.pos=+75.99 wrist_roll.pos=-7.68 gripper.pos=+5.24
DEBUG 2026-09-03 08:18:41 [action #263] t=11.88s step=262 queue=11 dmax=1.240 | shoulder_pan.pos=+29.84 shoulder_lift.pos=+14.00 elbow_flex.pos=-22.71 wrist_flex.pos=+75.86 wrist_roll.pos=-7.96 gripper.pos=+5.56
DEBUG 2026-09-03 08:18:41 [action #264] t=11.91s step=263 queue=10 dmax=2.638 | shoulder_pan.pos=+30.41 shoulder_lift.pos=+16.64 elbow_flex.pos=-23.04 wrist_flex.pos=+75.89 wrist_roll.pos=-7.96 gripper.pos=+5.48
DEBUG 2026-09-03 08:18:41 [action #265] t=11.95s step=264 queue=9 dmax=1.055 | shoulder_pan.pos=+30.08 shoulder_lift.pos=+17.39 elbow_flex.pos=-24.10 wrist_flex.pos=+75.90 wrist_roll.pos=-8.05 gripper.pos=+5.59
DEBUG 2026-09-03 08:18:41 [action #266] t=11.98s step=265 queue=8 dmax=1.670 | shoulder_pan.pos=+30.97 shoulder_lift.pos=+17.11 elbow_flex.pos=-25.77 wrist_flex.pos=+76.05 wrist_roll.pos=-8.11 gripper.pos=+5.45
DEBUG 2026-09-03 08:18:41 [action #267] t=12.01s step=266 queue=7 dmax=2.206 | shoulder_pan.pos=+30.92 shoulder_lift.pos=+19.32 elbow_flex.pos=-25.72 wrist_flex.pos=+75.91 wrist_roll.pos=-8.33 gripper.pos=+5.49
DEBUG 2026-09-03 08:18:41 [action #268] t=12.05s step=267 queue=6 dmax=1.350 | shoulder_pan.pos=+31.32 shoulder_lift.pos=+20.16 elbow_flex.pos=-27.07 wrist_flex.pos=+76.09 wrist_roll.pos=-8.31 gripper.pos=+5.42
DEBUG 2026-09-03 08:18:41 [action #269] t=12.08s step=268 queue=5 dmax=0.680 | shoulder_pan.pos=+31.32 shoulder_lift.pos=+20.84 elbow_flex.pos=-27.19 wrist_flex.pos=+75.68 wrist_roll.pos=-8.51 gripper.pos=+5.38
DEBUG 2026-09-03 08:18:41 [action #270] t=12.11s step=269 queue=4 dmax=0.436 | shoulder_pan.pos=+31.56 shoulder_lift.pos=+20.87 elbow_flex.pos=-27.02 wrist_flex.pos=+76.12 wrist_roll.pos=-8.39 gripper.pos=+5.53
DEBUG 2026-09-03 08:18:41 [action #271] t=12.15s step=270 queue=3 dmax=1.740 | shoulder_pan.pos=+31.89 shoulder_lift.pos=+22.60 elbow_flex.pos=-27.57 wrist_flex.pos=+75.98 wrist_roll.pos=-8.49 gripper.pos=+5.22
DEBUG 2026-09-03 08:18:42 [action #272] t=12.18s step=271 queue=2 dmax=0.732 | shoulder_pan.pos=+31.76 shoulder_lift.pos=+22.00 elbow_flex.pos=-28.30 wrist_flex.pos=+75.80 wrist_roll.pos=-8.61 gripper.pos=+5.61
DEBUG 2026-09-03 08:18:42 [action #273] t=12.21s step=272 queue=1 dmax=0.522 | shoulder_pan.pos=+31.74 shoulder_lift.pos=+22.20 elbow_flex.pos=-28.82 wrist_flex.pos=+76.22 wrist_roll.pos=-8.55 gripper.pos=+5.50
DEBUG 2026-09-03 08:18:42 [chunk] received 50 actions, timesteps 246..295 | first: shoulder_pan.pos=+32.24 shoulder_lift.pos=+9.28 elbow_flex.pos=-13.70 wrist_flex.pos=+77.39 wrist_roll.pos=-7.15 gripper.pos=+5.17 | last: shoulder_pan.pos=+26.44 shoulder_lift.pos=+15.47 elbow_flex.pos=-29.62 wrist_flex.pos=+91.91 wrist_roll.pos=-6.49 gripper.pos=+31.86
DEBUG 2026-09-03 08:18:42 [action #274] t=12.31s step=273 queue=23 dmax=21.224 | shoulder_pan.pos=+35.15 shoulder_lift.pos=+22.81 elbow_flex.pos=-19.11 wrist_flex.pos=+72.29 wrist_roll.pos=-8.19 gripper.pos=+26.73
DEBUG 2026-09-03 08:18:42 [action #275] t=12.35s step=274 queue=22 dmax=1.367 | shoulder_pan.pos=+35.35 shoulder_lift.pos=+23.58 elbow_flex.pos=-19.02 wrist_flex.pos=+72.65 wrist_roll.pos=-8.41 gripper.pos=+28.09
DEBUG 2026-09-03 08:18:42 [action #276] t=12.38s step=275 queue=21 dmax=0.904 | shoulder_pan.pos=+35.38 shoulder_lift.pos=+23.71 elbow_flex.pos=-18.84 wrist_flex.pos=+73.00 wrist_roll.pos=-8.42 gripper.pos=+29.00
DEBUG 2026-09-03 08:18:42 [action #277] t=12.41s step=276 queue=20 dmax=0.638 | shoulder_pan.pos=+35.38 shoulder_lift.pos=+23.55 elbow_flex.pos=-19.48 wrist_flex.pos=+73.30 wrist_roll.pos=-8.49 gripper.pos=+29.35
DEBUG 2026-09-03 08:18:42 [action #278] t=12.45s step=277 queue=19 dmax=0.539 | shoulder_pan.pos=+35.21 shoulder_lift.pos=+24.09 elbow_flex.pos=-19.85 wrist_flex.pos=+73.78 wrist_roll.pos=-8.45 gripper.pos=+29.61
DEBUG 2026-09-03 08:18:42 [action #279] t=12.48s step=278 queue=18 dmax=0.441 | shoulder_pan.pos=+35.59 shoulder_lift.pos=+23.82 elbow_flex.pos=-19.90 wrist_flex.pos=+74.22 wrist_roll.pos=-8.60 gripper.pos=+29.65
DEBUG 2026-09-03 08:18:42 [action #280] t=12.51s step=279 queue=17 dmax=0.532 | shoulder_pan.pos=+35.05 shoulder_lift.pos=+24.15 elbow_flex.pos=-20.02 wrist_flex.pos=+74.74 wrist_roll.pos=-8.55 gripper.pos=+30.00
DEBUG 2026-09-03 08:18:42 [action #281] t=12.55s step=280 queue=16 dmax=0.574 | shoulder_pan.pos=+35.10 shoulder_lift.pos=+24.21 elbow_flex.pos=-20.54 wrist_flex.pos=+75.32 wrist_roll.pos=-8.54 gripper.pos=+30.40
DEBUG 2026-09-03 08:18:42 [action #282] t=12.58s step=281 queue=15 dmax=0.935 | shoulder_pan.pos=+34.95 shoulder_lift.pos=+24.26 elbow_flex.pos=-21.48 wrist_flex.pos=+75.93 wrist_roll.pos=-8.48 gripper.pos=+30.96
DEBUG 2026-09-03 08:18:42 [action #283] t=12.61s step=282 queue=14 dmax=0.459 | shoulder_pan.pos=+34.95 shoulder_lift.pos=+24.08 elbow_flex.pos=-21.65 wrist_flex.pos=+76.38 wrist_roll.pos=-8.48 gripper.pos=+31.28
DEBUG 2026-09-03 08:18:42 [action #284] t=12.65s step=283 queue=13 dmax=0.633 | shoulder_pan.pos=+34.75 shoulder_lift.pos=+24.02 elbow_flex.pos=-22.23 wrist_flex.pos=+77.02 wrist_roll.pos=-8.51 gripper.pos=+31.61
DEBUG 2026-09-03 08:18:42 [action #285] t=12.68s step=284 queue=12 dmax=0.586 | shoulder_pan.pos=+34.70 shoulder_lift.pos=+23.67 elbow_flex.pos=-22.47 wrist_flex.pos=+77.60 wrist_roll.pos=-8.47 gripper.pos=+31.69
DEBUG 2026-09-03 08:18:42 [action #286] t=12.71s step=285 queue=11 dmax=0.992 | shoulder_pan.pos=+34.40 shoulder_lift.pos=+23.64 elbow_flex.pos=-23.32 wrist_flex.pos=+78.59 wrist_roll.pos=-8.42 gripper.pos=+31.79
DEBUG 2026-09-03 08:18:42 [action #287] t=12.75s step=286 queue=10 dmax=1.273 | shoulder_pan.pos=+34.02 shoulder_lift.pos=+23.55 elbow_flex.pos=-24.60 wrist_flex.pos=+79.65 wrist_roll.pos=-8.35 gripper.pos=+31.88
DEBUG 2026-09-03 08:18:42 [action #288] t=12.78s step=287 queue=9 dmax=1.293 | shoulder_pan.pos=+33.29 shoulder_lift.pos=+22.77 elbow_flex.pos=-25.71 wrist_flex.pos=+80.95 wrist_roll.pos=-8.30 gripper.pos=+31.85
DEBUG 2026-09-03 08:18:42 [action #289] t=12.81s step=288 queue=8 dmax=1.640 | shoulder_pan.pos=+32.72 shoulder_lift.pos=+22.17 elbow_flex.pos=-26.37 wrist_flex.pos=+82.59 wrist_roll.pos=-8.15 gripper.pos=+31.84
DEBUG 2026-09-03 08:18:42 [action #290] t=12.85s step=289 queue=7 dmax=1.718 | shoulder_pan.pos=+31.95 shoulder_lift.pos=+21.93 elbow_flex.pos=-27.28 wrist_flex.pos=+84.31 wrist_roll.pos=-7.84 gripper.pos=+31.94
DEBUG 2026-09-03 08:18:42 [action #291] t=12.88s step=290 queue=6 dmax=1.569 | shoulder_pan.pos=+31.05 shoulder_lift.pos=+21.05 elbow_flex.pos=-28.85 wrist_flex.pos=+85.86 wrist_roll.pos=-7.58 gripper.pos=+32.04
DEBUG 2026-09-03 08:18:42 [action #292] t=12.92s step=291 queue=5 dmax=1.522 | shoulder_pan.pos=+30.03 shoulder_lift.pos=+19.76 elbow_flex.pos=-29.65 wrist_flex.pos=+87.38 wrist_roll.pos=-7.35 gripper.pos=+31.96
DEBUG 2026-09-03 08:18:42 [action #293] t=12.95s step=292 queue=4 dmax=1.312 | shoulder_pan.pos=+29.36 shoulder_lift.pos=+19.30 elbow_flex.pos=-29.74 wrist_flex.pos=+88.69 wrist_roll.pos=-7.14 gripper.pos=+32.02
DEBUG 2026-09-03 08:18:42 [action #294] t=12.98s step=293 queue=3 dmax=1.098 | shoulder_pan.pos=+28.30 shoulder_lift.pos=+18.32 elbow_flex.pos=-29.91 wrist_flex.pos=+89.79 wrist_roll.pos=-6.93 gripper.pos=+32.08
DEBUG 2026-09-03 08:18:42 [action #295] t=13.02s step=294 queue=2 dmax=1.707 | shoulder_pan.pos=+27.19 shoulder_lift.pos=+16.62 elbow_flex.pos=-29.29 wrist_flex.pos=+90.78 wrist_roll.pos=-6.68 gripper.pos=+32.04
DEBUG 2026-09-03 08:18:42 [action #296] t=13.05s step=295 queue=1 dmax=1.146 | shoulder_pan.pos=+26.44 shoulder_lift.pos=+15.47 elbow_flex.pos=-29.62 wrist_flex.pos=+91.91 wrist_roll.pos=-6.49 gripper.pos=+31.86
DEBUG 2026-09-03 08:18:43 [chunk] received 50 actions, timesteps 272..321 | first: shoulder_pan.pos=+33.03 shoulder_lift.pos=+24.11 elbow_flex.pos=-28.11 wrist_flex.pos=+74.53 wrist_roll.pos=-7.90 gripper.pos=+4.63 | last: shoulder_pan.pos=+15.90 shoulder_lift.pos=-6.16 elbow_flex.pos=-16.88 wrist_flex.pos=+94.01 wrist_roll.pos=-3.46 gripper.pos=+1.99
DEBUG 2026-09-03 08:18:43 [action #297] t=13.28s step=296 queue=26 dmax=13.785 | shoulder_pan.pos=+31.28 shoulder_lift.pos=+29.26 elbow_flex.pos=-33.40 wrist_flex.pos=+81.64 wrist_roll.pos=-7.96 gripper.pos=+30.73
DEBUG 2026-09-03 08:18:43 [action #298] t=13.32s step=297 queue=25 dmax=1.175 | shoulder_pan.pos=+31.10 shoulder_lift.pos=+29.13 elbow_flex.pos=-33.50 wrist_flex.pos=+82.82 wrist_roll.pos=-8.06 gripper.pos=+30.80
DEBUG 2026-09-03 08:18:43 [action #299] t=13.35s step=298 queue=24 dmax=1.446 | shoulder_pan.pos=+30.57 shoulder_lift.pos=+29.29 elbow_flex.pos=-34.95 wrist_flex.pos=+83.89 wrist_roll.pos=-7.91 gripper.pos=+30.79
DEBUG 2026-09-03 08:18:43 [action #300] t=13.38s step=299 queue=23 dmax=1.377 | shoulder_pan.pos=+30.38 shoulder_lift.pos=+28.45 elbow_flex.pos=-35.81 wrist_flex.pos=+85.27 wrist_roll.pos=-7.92 gripper.pos=+30.79
DEBUG 2026-09-03 08:18:43 [action #301] t=13.42s step=300 queue=22 dmax=1.301 | shoulder_pan.pos=+30.33 shoulder_lift.pos=+27.84 elbow_flex.pos=-36.89 wrist_flex.pos=+86.57 wrist_roll.pos=-7.95 gripper.pos=+30.85
DEBUG 2026-09-03 08:18:43 [action #302] t=13.45s step=301 queue=21 dmax=1.736 | shoulder_pan.pos=+29.74 shoulder_lift.pos=+27.78 elbow_flex.pos=-37.51 wrist_flex.pos=+88.31 wrist_roll.pos=-7.71 gripper.pos=+30.80
DEBUG 2026-09-03 08:18:43 [action #303] t=13.48s step=302 queue=20 dmax=1.203 | shoulder_pan.pos=+29.54 shoulder_lift.pos=+27.60 elbow_flex.pos=-38.21 wrist_flex.pos=+89.51 wrist_roll.pos=-7.70 gripper.pos=+30.79
DEBUG 2026-09-03 08:18:43 [action #304] t=13.52s step=303 queue=19 dmax=1.258 | shoulder_pan.pos=+28.78 shoulder_lift.pos=+26.94 elbow_flex.pos=-38.82 wrist_flex.pos=+90.77 wrist_roll.pos=-7.47 gripper.pos=+30.88
DEBUG 2026-09-03 08:18:43 [action #305] t=13.55s step=304 queue=18 dmax=1.553 | shoulder_pan.pos=+28.39 shoulder_lift.pos=+26.35 elbow_flex.pos=-38.54 wrist_flex.pos=+92.32 wrist_roll.pos=-7.34 gripper.pos=+30.98
DEBUG 2026-09-03 08:18:43 [action #306] t=13.58s step=305 queue=17 dmax=2.281 | shoulder_pan.pos=+27.53 shoulder_lift.pos=+24.07 elbow_flex.pos=-39.43 wrist_flex.pos=+93.23 wrist_roll.pos=-7.18 gripper.pos=+31.05
DEBUG 2026-09-03 08:18:43 [action #307] t=13.62s step=306 queue=16 dmax=1.173 | shoulder_pan.pos=+26.79 shoulder_lift.pos=+23.21 elbow_flex.pos=-39.03 wrist_flex.pos=+94.41 wrist_roll.pos=-6.95 gripper.pos=+31.09
DEBUG 2026-09-03 08:18:43 [action #308] t=13.65s step=307 queue=15 dmax=1.671 | shoulder_pan.pos=+26.16 shoulder_lift.pos=+21.53 elbow_flex.pos=-38.04 wrist_flex.pos=+95.44 wrist_roll.pos=-6.77 gripper.pos=+31.07
DEBUG 2026-09-03 08:18:43 [action #309] t=13.68s step=308 queue=14 dmax=2.304 | shoulder_pan.pos=+25.15 shoulder_lift.pos=+19.23 elbow_flex.pos=-37.60 wrist_flex.pos=+96.20 wrist_roll.pos=-6.62 gripper.pos=+31.12
DEBUG 2026-09-03 08:18:43 [action #310] t=13.72s step=309 queue=13 dmax=1.161 | shoulder_pan.pos=+24.55 shoulder_lift.pos=+18.07 elbow_flex.pos=-36.56 wrist_flex.pos=+96.94 wrist_roll.pos=-6.45 gripper.pos=+31.13
DEBUG 2026-09-03 08:18:43 [action #311] t=13.75s step=310 queue=12 dmax=2.420 | shoulder_pan.pos=+23.77 shoulder_lift.pos=+15.65 elbow_flex.pos=-35.74 wrist_flex.pos=+97.31 wrist_roll.pos=-6.40 gripper.pos=+31.27
DEBUG 2026-09-03 08:18:43 [action #312] t=13.78s step=311 queue=11 dmax=2.189 | shoulder_pan.pos=+22.64 shoulder_lift.pos=+13.46 elbow_flex.pos=-33.77 wrist_flex.pos=+97.79 wrist_roll.pos=-6.17 gripper.pos=+31.29
DEBUG 2026-09-03 08:18:43 [action #313] t=13.82s step=312 queue=10 dmax=2.422 | shoulder_pan.pos=+22.15 shoulder_lift.pos=+11.04 elbow_flex.pos=-32.95 wrist_flex.pos=+97.70 wrist_roll.pos=-5.99 gripper.pos=+30.93
DEBUG 2026-09-03 08:18:43 [action #314] t=13.85s step=313 queue=9 dmax=2.028 | shoulder_pan.pos=+21.00 shoulder_lift.pos=+9.01 elbow_flex.pos=-31.09 wrist_flex.pos=+97.90 wrist_roll.pos=-5.65 gripper.pos=+30.02
DEBUG 2026-09-03 08:18:43 [action #315] t=13.89s step=314 queue=8 dmax=2.347 | shoulder_pan.pos=+20.58 shoulder_lift.pos=+6.70 elbow_flex.pos=-29.49 wrist_flex.pos=+97.36 wrist_roll.pos=-5.27 gripper.pos=+27.68
DEBUG 2026-09-03 08:18:43 [action #316] t=13.92s step=315 queue=7 dmax=3.838 | shoulder_pan.pos=+19.84 shoulder_lift.pos=+5.06 elbow_flex.pos=-27.75 wrist_flex.pos=+97.02 wrist_roll.pos=-4.96 gripper.pos=+23.84
DEBUG 2026-09-03 08:18:43 [action #317] t=13.95s step=316 queue=6 dmax=4.743 | shoulder_pan.pos=+19.10 shoulder_lift.pos=+3.50 elbow_flex.pos=-25.60 wrist_flex.pos=+96.41 wrist_roll.pos=-4.51 gripper.pos=+19.09
DEBUG 2026-09-03 08:18:43 [action #318] t=13.99s step=317 queue=5 dmax=4.386 | shoulder_pan.pos=+18.39 shoulder_lift.pos=+1.51 elbow_flex.pos=-23.53 wrist_flex.pos=+95.73 wrist_roll.pos=-4.23 gripper.pos=+14.71
DEBUG 2026-09-03 08:18:43 [action #319] t=14.02s step=318 queue=4 dmax=4.382 | shoulder_pan.pos=+18.04 shoulder_lift.pos=+0.35 elbow_flex.pos=-22.29 wrist_flex.pos=+95.24 wrist_roll.pos=-4.04 gripper.pos=+10.33
DEBUG 2026-09-03 08:18:43 [action #320] t=14.05s step=319 queue=3 dmax=3.982 | shoulder_pan.pos=+17.45 shoulder_lift.pos=-2.15 elbow_flex.pos=-20.75 wrist_flex.pos=+94.73 wrist_roll.pos=-3.66 gripper.pos=+6.35
DEBUG 2026-09-03 08:18:43 [action #321] t=14.09s step=320 queue=2 dmax=2.652 | shoulder_pan.pos=+16.81 shoulder_lift.pos=-3.74 elbow_flex.pos=-18.70 wrist_flex.pos=+94.27 wrist_roll.pos=-3.57 gripper.pos=+3.69
DEBUG 2026-09-03 08:18:43 [action #322] t=14.12s step=321 queue=1 dmax=2.424 | shoulder_pan.pos=+15.90 shoulder_lift.pos=-6.16 elbow_flex.pos=-16.88 wrist_flex.pos=+94.01 wrist_roll.pos=-3.46 gripper.pos=+1.99
DEBUG 2026-09-03 08:18:44 [chunk] received 50 actions, timesteps 295..344 | first: shoulder_pan.pos=+24.22 shoulder_lift.pos=+13.86 elbow_flex.pos=-26.15 wrist_flex.pos=+98.34 wrist_roll.pos=-7.36 gripper.pos=+27.22 | last: shoulder_pan.pos=-4.19 shoulder_lift.pos=-78.17 elbow_flex.pos=+57.89 wrist_flex.pos=+72.19 wrist_roll.pos=-2.12 gripper.pos=-1.03
DEBUG 2026-09-03 08:18:44 [action #323] t=14.25s step=322 queue=23 dmax=34.218 | shoulder_pan.pos=+4.59 shoulder_lift.pos=-40.38 elbow_flex.pos=+16.07 wrist_flex.pos=+86.02 wrist_roll.pos=-3.23 gripper.pos=-0.72
DEBUG 2026-09-03 08:18:44 [action #324] t=14.29s step=323 queue=22 dmax=2.127 | shoulder_pan.pos=+3.79 shoulder_lift.pos=-42.51 elbow_flex.pos=+17.85 wrist_flex.pos=+85.16 wrist_roll.pos=-2.82 gripper.pos=-0.75
DEBUG 2026-09-03 08:18:44 [action #325] t=14.32s step=324 queue=21 dmax=2.276 | shoulder_pan.pos=+3.46 shoulder_lift.pos=-44.51 elbow_flex.pos=+20.13 wrist_flex.pos=+84.28 wrist_roll.pos=-2.77 gripper.pos=-0.90
DEBUG 2026-09-03 08:18:44 [action #326] t=14.35s step=325 queue=20 dmax=1.610 | shoulder_pan.pos=+3.40 shoulder_lift.pos=-46.10 elbow_flex.pos=+21.74 wrist_flex.pos=+83.43 wrist_roll.pos=-2.62 gripper.pos=-0.95
DEBUG 2026-09-03 08:18:44 [action #327] t=14.39s step=326 queue=19 dmax=2.003 | shoulder_pan.pos=+3.14 shoulder_lift.pos=-47.34 elbow_flex.pos=+23.74 wrist_flex.pos=+82.53 wrist_roll.pos=-2.69 gripper.pos=-1.07
DEBUG 2026-09-03 08:18:44 [action #328] t=14.42s step=327 queue=18 dmax=2.800 | shoulder_pan.pos=+2.82 shoulder_lift.pos=-49.77 elbow_flex.pos=+26.54 wrist_flex.pos=+81.56 wrist_roll.pos=-2.56 gripper.pos=-1.43
DEBUG 2026-09-03 08:18:44 [action #329] t=14.45s step=328 queue=17 dmax=1.819 | shoulder_pan.pos=+2.19 shoulder_lift.pos=-51.51 elbow_flex.pos=+28.36 wrist_flex.pos=+80.62 wrist_roll.pos=-2.61 gripper.pos=-1.36
DEBUG 2026-09-03 08:18:44 [action #330] t=14.49s step=329 queue=16 dmax=2.294 | shoulder_pan.pos=+1.65 shoulder_lift.pos=-53.11 elbow_flex.pos=+30.65 wrist_flex.pos=+79.75 wrist_roll.pos=-2.57 gripper.pos=-1.45
DEBUG 2026-09-03 08:18:44 [action #331] t=14.52s step=330 queue=15 dmax=1.898 | shoulder_pan.pos=+1.10 shoulder_lift.pos=-55.01 elbow_flex.pos=+32.14 wrist_flex.pos=+78.63 wrist_roll.pos=-2.46 gripper.pos=-1.37
DEBUG 2026-09-03 08:18:44 [action #332] t=14.55s step=331 queue=14 dmax=2.167 | shoulder_pan.pos=+0.59 shoulder_lift.pos=-55.91 elbow_flex.pos=+34.30 wrist_flex.pos=+78.16 wrist_roll.pos=-2.55 gripper.pos=-1.34
DEBUG 2026-09-03 08:18:44 [action #333] t=14.59s step=332 queue=13 dmax=2.469 | shoulder_pan.pos=+0.12 shoulder_lift.pos=-58.38 elbow_flex.pos=+36.33 wrist_flex.pos=+77.42 wrist_roll.pos=-2.43 gripper.pos=-1.25
DEBUG 2026-09-03 08:18:44 [action #334] t=14.62s step=333 queue=12 dmax=1.822 | shoulder_pan.pos=-0.48 shoulder_lift.pos=-59.82 elbow_flex.pos=+38.15 wrist_flex.pos=+76.68 wrist_roll.pos=-2.54 gripper.pos=-1.15
DEBUG 2026-09-03 08:18:44 [action #335] t=14.65s step=334 queue=11 dmax=2.639 | shoulder_pan.pos=-0.89 shoulder_lift.pos=-61.41 elbow_flex.pos=+40.79 wrist_flex.pos=+76.23 wrist_roll.pos=-2.44 gripper.pos=-1.27
DEBUG 2026-09-03 08:18:44 [action #336] t=14.69s step=335 queue=10 dmax=1.636 | shoulder_pan.pos=-1.32 shoulder_lift.pos=-63.05 elbow_flex.pos=+42.06 wrist_flex.pos=+75.52 wrist_roll.pos=-2.51 gripper.pos=-1.40
DEBUG 2026-09-03 08:18:44 [action #337] t=14.72s step=336 queue=9 dmax=2.760 | shoulder_pan.pos=-1.51 shoulder_lift.pos=-64.83 elbow_flex.pos=+44.82 wrist_flex.pos=+75.44 wrist_roll.pos=-2.55 gripper.pos=-1.31
DEBUG 2026-09-03 08:18:44 [action #338] t=14.75s step=337 queue=8 dmax=1.331 | shoulder_pan.pos=-1.84 shoulder_lift.pos=-66.16 elbow_flex.pos=+45.47 wrist_flex.pos=+74.81 wrist_roll.pos=-2.50 gripper.pos=-1.23
DEBUG 2026-09-03 08:18:44 [action #339] t=14.79s step=338 queue=7 dmax=2.121 | shoulder_pan.pos=-2.46 shoulder_lift.pos=-68.00 elbow_flex.pos=+47.59 wrist_flex.pos=+74.05 wrist_roll.pos=-2.39 gripper.pos=-1.40
DEBUG 2026-09-03 08:18:44 [action #340] t=14.82s step=339 queue=6 dmax=2.278 | shoulder_pan.pos=-2.57 shoulder_lift.pos=-70.16 elbow_flex.pos=+49.87 wrist_flex.pos=+73.86 wrist_roll.pos=-2.45 gripper.pos=-1.27
DEBUG 2026-09-03 08:18:44 [action #341] t=14.86s step=340 queue=5 dmax=1.108 | shoulder_pan.pos=-2.86 shoulder_lift.pos=-71.26 elbow_flex.pos=+50.67 wrist_flex.pos=+73.31 wrist_roll.pos=-2.48 gripper.pos=-1.25
DEBUG 2026-09-03 08:18:44 [action #342] t=14.89s step=341 queue=4 dmax=1.169 | shoulder_pan.pos=-2.99 shoulder_lift.pos=-72.38 elbow_flex.pos=+51.84 wrist_flex.pos=+72.88 wrist_roll.pos=-2.51 gripper.pos=-1.48
DEBUG 2026-09-03 08:18:44 [action #343] t=14.92s step=342 queue=3 dmax=2.296 | shoulder_pan.pos=-3.21 shoulder_lift.pos=-74.68 elbow_flex.pos=+53.26 wrist_flex.pos=+72.36 wrist_roll.pos=-2.31 gripper.pos=-1.23
DEBUG 2026-09-03 08:18:44 [action #344] t=14.96s step=343 queue=2 dmax=2.420 | shoulder_pan.pos=-4.03 shoulder_lift.pos=-76.90 elbow_flex.pos=+55.68 wrist_flex.pos=+71.99 wrist_roll.pos=-2.14 gripper.pos=-1.14
DEBUG 2026-09-03 08:18:44 [action #345] t=14.99s step=344 queue=1 dmax=2.207 | shoulder_pan.pos=-4.19 shoulder_lift.pos=-78.17 elbow_flex.pos=+57.89 wrist_flex.pos=+72.19 wrist_roll.pos=-2.12 gripper.pos=-1.03
DEBUG 2026-09-03 08:18:45 [chunk] received 50 actions, timesteps 321..370 | first: shoulder_pan.pos=+12.44 shoulder_lift.pos=-9.97 elbow_flex.pos=-9.79 wrist_flex.pos=+98.59 wrist_roll.pos=-3.90 gripper.pos=+1.93 | last: shoulder_pan.pos=-4.59 shoulder_lift.pos=-94.31 elbow_flex.pos=+76.21 wrist_flex.pos=+67.50 wrist_roll.pos=-1.63 gripper.pos=+0.50
DEBUG 2026-09-03 08:18:45 [action #346] t=15.26s step=345 queue=26 dmax=23.180 | shoulder_pan.pos=-0.46 shoulder_lift.pos=-54.99 elbow_flex.pos=+40.04 wrist_flex.pos=+77.00 wrist_roll.pos=-1.67 gripper.pos=+0.45
DEBUG 2026-09-03 08:18:45 [action #347] t=15.29s step=346 queue=25 dmax=1.763 | shoulder_pan.pos=-0.54 shoulder_lift.pos=-56.76 elbow_flex.pos=+41.30 wrist_flex.pos=+76.65 wrist_roll.pos=-1.70 gripper.pos=+0.41
DEBUG 2026-09-03 08:18:45 [action #348] t=15.32s step=347 queue=24 dmax=2.131 | shoulder_pan.pos=-0.73 shoulder_lift.pos=-58.12 elbow_flex.pos=+43.43 wrist_flex.pos=+76.38 wrist_roll.pos=-1.74 gripper.pos=+0.50
DEBUG 2026-09-03 08:18:45 [action #349] t=15.36s step=348 queue=23 dmax=1.124 | shoulder_pan.pos=-0.91 shoulder_lift.pos=-59.24 elbow_flex.pos=+44.51 wrist_flex.pos=+76.04 wrist_roll.pos=-1.70 gripper.pos=+0.50
DEBUG 2026-09-03 08:18:45 [action #350] t=15.39s step=349 queue=22 dmax=1.686 | shoulder_pan.pos=-0.98 shoulder_lift.pos=-60.80 elbow_flex.pos=+46.20 wrist_flex.pos=+75.63 wrist_roll.pos=-1.72 gripper.pos=+0.40
DEBUG 2026-09-03 08:18:45 [action #351] t=15.42s step=350 queue=21 dmax=1.887 | shoulder_pan.pos=-1.46 shoulder_lift.pos=-61.84 elbow_flex.pos=+48.08 wrist_flex.pos=+75.27 wrist_roll.pos=-1.69 gripper.pos=+0.34
DEBUG 2026-09-03 08:18:45 [action #352] t=15.46s step=351 queue=20 dmax=2.191 | shoulder_pan.pos=-1.95 shoulder_lift.pos=-63.56 elbow_flex.pos=+50.27 wrist_flex.pos=+74.77 wrist_roll.pos=-1.77 gripper.pos=+0.23
DEBUG 2026-09-03 08:18:45 [action #353] t=15.49s step=352 queue=19 dmax=1.428 | shoulder_pan.pos=-2.37 shoulder_lift.pos=-64.89 elbow_flex.pos=+51.70 wrist_flex.pos=+74.32 wrist_roll.pos=-1.73 gripper.pos=+0.36
DEBUG 2026-09-03 08:18:45 [action #354] t=15.52s step=353 queue=18 dmax=1.585 | shoulder_pan.pos=-2.64 shoulder_lift.pos=-66.17 elbow_flex.pos=+53.29 wrist_flex.pos=+73.87 wrist_roll.pos=-1.72 gripper.pos=+0.33
DEBUG 2026-09-03 08:18:45 [action #355] t=15.56s step=354 queue=17 dmax=1.566 | shoulder_pan.pos=-3.17 shoulder_lift.pos=-67.05 elbow_flex.pos=+54.85 wrist_flex.pos=+73.15 wrist_roll.pos=-1.81 gripper.pos=+0.29
DEBUG 2026-09-03 08:18:45 [action #356] t=15.59s step=355 queue=16 dmax=2.241 | shoulder_pan.pos=-3.39 shoulder_lift.pos=-68.73 elbow_flex.pos=+57.09 wrist_flex.pos=+72.44 wrist_roll.pos=-1.80 gripper.pos=+0.22
DEBUG 2026-09-03 08:18:45 [action #357] t=15.63s step=356 queue=15 dmax=1.734 | shoulder_pan.pos=-3.79 shoulder_lift.pos=-69.99 elbow_flex.pos=+58.83 wrist_flex.pos=+71.56 wrist_roll.pos=-1.72 gripper.pos=+0.32
DEBUG 2026-09-03 08:18:45 [action #358] t=15.66s step=357 queue=14 dmax=1.711 | shoulder_pan.pos=-4.15 shoulder_lift.pos=-71.71 elbow_flex.pos=+60.41 wrist_flex.pos=+70.64 wrist_roll.pos=-1.77 gripper.pos=+0.19
DEBUG 2026-09-03 08:18:45 [action #359] t=15.69s step=358 queue=13 dmax=1.477 | shoulder_pan.pos=-4.30 shoulder_lift.pos=-73.04 elbow_flex.pos=+61.88 wrist_flex.pos=+69.73 wrist_roll.pos=-1.70 gripper.pos=+0.25
DEBUG 2026-09-03 08:18:45 [action #360] t=15.73s step=359 queue=12 dmax=1.442 | shoulder_pan.pos=-4.76 shoulder_lift.pos=-73.95 elbow_flex.pos=+63.32 wrist_flex.pos=+68.56 wrist_roll.pos=-1.85 gripper.pos=+0.17
DEBUG 2026-09-03 08:18:45 [action #361] t=15.76s step=360 queue=11 dmax=2.018 | shoulder_pan.pos=-4.73 shoulder_lift.pos=-75.81 elbow_flex.pos=+65.34 wrist_flex.pos=+67.73 wrist_roll.pos=-1.86 gripper.pos=+0.28
DEBUG 2026-09-03 08:18:45 [action #362] t=15.79s step=361 queue=10 dmax=2.350 | shoulder_pan.pos=-5.03 shoulder_lift.pos=-78.16 elbow_flex.pos=+66.60 wrist_flex.pos=+66.85 wrist_roll.pos=-1.86 gripper.pos=+0.19
DEBUG 2026-09-03 08:18:45 [action #363] t=15.83s step=362 queue=9 dmax=1.257 | shoulder_pan.pos=-5.19 shoulder_lift.pos=-79.12 elbow_flex.pos=+67.86 wrist_flex.pos=+66.57 wrist_roll.pos=-1.95 gripper.pos=+0.33
DEBUG 2026-09-03 08:18:45 [action #364] t=15.86s step=363 queue=8 dmax=2.102 | shoulder_pan.pos=-5.03 shoulder_lift.pos=-81.22 elbow_flex.pos=+69.41 wrist_flex.pos=+66.11 wrist_roll.pos=-1.87 gripper.pos=+0.26
DEBUG 2026-09-03 08:18:45 [action #365] t=15.89s step=364 queue=7 dmax=1.423 | shoulder_pan.pos=-4.98 shoulder_lift.pos=-82.64 elbow_flex.pos=+70.10 wrist_flex.pos=+65.81 wrist_roll.pos=-1.88 gripper.pos=+0.27
DEBUG 2026-09-03 08:18:45 [action #366] t=15.93s step=365 queue=6 dmax=1.986 | shoulder_pan.pos=-5.13 shoulder_lift.pos=-84.63 elbow_flex.pos=+71.75 wrist_flex.pos=+65.71 wrist_roll.pos=-1.88 gripper.pos=+0.28
DEBUG 2026-09-03 08:18:45 [action #367] t=15.96s step=366 queue=5 dmax=1.317 | shoulder_pan.pos=-5.08 shoulder_lift.pos=-85.95 elbow_flex.pos=+72.47 wrist_flex.pos=+66.13 wrist_roll.pos=-1.89 gripper.pos=+0.26
DEBUG 2026-09-03 08:18:45 [action #368] t=15.99s step=367 queue=4 dmax=2.096 | shoulder_pan.pos=-4.80 shoulder_lift.pos=-88.04 elbow_flex.pos=+73.34 wrist_flex.pos=+66.52 wrist_roll.pos=-1.83 gripper.pos=+0.33
DEBUG 2026-09-03 08:18:45 [action #369] t=16.03s step=368 queue=3 dmax=2.493 | shoulder_pan.pos=-4.84 shoulder_lift.pos=-90.53 elbow_flex.pos=+74.20 wrist_flex.pos=+66.98 wrist_roll.pos=-1.72 gripper.pos=+0.28
DEBUG 2026-09-03 08:18:45 [action #370] t=16.06s step=369 queue=2 dmax=1.622 | shoulder_pan.pos=-4.68 shoulder_lift.pos=-92.16 elbow_flex.pos=+74.98 wrist_flex.pos=+67.37 wrist_roll.pos=-1.76 gripper.pos=+0.44
DEBUG 2026-09-03 08:18:45 [action #371] t=16.09s step=370 queue=1 dmax=2.157 | shoulder_pan.pos=-4.59 shoulder_lift.pos=-94.31 elbow_flex.pos=+76.21 wrist_flex.pos=+67.50 wrist_roll.pos=-1.63 gripper.pos=+0.50
DEBUG 2026-09-03 08:18:45 [chunk] received 50 actions, timesteps 344..393 | first: shoulder_pan.pos=-3.58 shoulder_lift.pos=-82.95 elbow_flex.pos=+62.71 wrist_flex.pos=+72.86 wrist_roll.pos=-2.87 gripper.pos=+0.17 | last: shoulder_pan.pos=-0.90 shoulder_lift.pos=-101.28 elbow_flex.pos=+89.17 wrist_flex.pos=+78.99 wrist_roll.pos=-1.80 gripper.pos=+0.19
DEBUG 2026-09-03 08:18:45 [action #372] t=16.13s step=371 queue=23 dmax=10.594 | shoulder_pan.pos=-3.60 shoulder_lift.pos=-100.52 elbow_flex.pos=+85.97 wrist_flex.pos=+78.09 wrist_roll.pos=-2.93 gripper.pos=+0.25
DEBUG 2026-09-03 08:18:46 [action #373] t=16.16s step=372 queue=22 dmax=0.202 | shoulder_pan.pos=-3.47 shoulder_lift.pos=-100.31 elbow_flex.pos=+86.06 wrist_flex.pos=+78.28 wrist_roll.pos=-2.96 gripper.pos=+0.27
DEBUG 2026-09-03 08:18:46 [action #374] t=16.19s step=373 queue=21 dmax=0.324 | shoulder_pan.pos=-3.15 shoulder_lift.pos=-100.61 elbow_flex.pos=+86.17 wrist_flex.pos=+78.14 wrist_roll.pos=-2.76 gripper.pos=+0.18
DEBUG 2026-09-03 08:18:46 [action #375] t=16.23s step=374 queue=20 dmax=0.483 | shoulder_pan.pos=-2.94 shoulder_lift.pos=-100.67 elbow_flex.pos=+86.65 wrist_flex.pos=+78.26 wrist_roll.pos=-2.82 gripper.pos=+0.20
DEBUG 2026-09-03 08:18:46 [action #376] t=16.26s step=375 queue=19 dmax=0.616 | shoulder_pan.pos=-2.49 shoulder_lift.pos=-100.05 elbow_flex.pos=+86.49 wrist_flex.pos=+78.30 wrist_roll.pos=-2.85 gripper.pos=+0.16
DEBUG 2026-09-03 08:18:46 [action #377] t=16.29s step=376 queue=18 dmax=0.346 | shoulder_pan.pos=-2.42 shoulder_lift.pos=-100.17 elbow_flex.pos=+86.84 wrist_flex.pos=+78.45 wrist_roll.pos=-2.78 gripper.pos=+0.31
DEBUG 2026-09-03 08:18:46 [action #378] t=16.33s step=377 queue=17 dmax=0.291 | shoulder_pan.pos=-2.13 shoulder_lift.pos=-100.33 elbow_flex.pos=+86.77 wrist_flex.pos=+78.43 wrist_roll.pos=-2.69 gripper.pos=+0.08
DEBUG 2026-09-03 08:18:46 [action #379] t=16.36s step=378 queue=16 dmax=0.402 | shoulder_pan.pos=-2.07 shoulder_lift.pos=-99.93 elbow_flex.pos=+86.92 wrist_flex.pos=+78.22 wrist_roll.pos=-2.56 gripper.pos=+0.18
DEBUG 2026-09-03 08:18:46 [action #380] t=16.39s step=379 queue=15 dmax=1.379 | shoulder_pan.pos=-1.93 shoulder_lift.pos=-100.51 elbow_flex.pos=+88.30 wrist_flex.pos=+78.40 wrist_roll.pos=-2.29 gripper.pos=+0.04
DEBUG 2026-09-03 08:18:46 [action #381] t=16.43s step=380 queue=14 dmax=0.232 | shoulder_pan.pos=-1.84 shoulder_lift.pos=-100.60 elbow_flex.pos=+88.07 wrist_flex.pos=+78.51 wrist_roll.pos=-2.31 gripper.pos=+0.15
DEBUG 2026-09-03 08:18:46 [action #382] t=16.46s step=381 queue=13 dmax=0.203 | shoulder_pan.pos=-1.70 shoulder_lift.pos=-100.39 elbow_flex.pos=+88.10 wrist_flex.pos=+78.63 wrist_roll.pos=-2.23 gripper.pos=+0.16
DEBUG 2026-09-03 08:18:46 [action #383] t=16.50s step=382 queue=12 dmax=0.371 | shoulder_pan.pos=-1.56 shoulder_lift.pos=-100.76 elbow_flex.pos=+88.44 wrist_flex.pos=+78.57 wrist_roll.pos=-2.22 gripper.pos=+0.12
DEBUG 2026-09-03 08:18:46 [action #384] t=16.53s step=383 queue=11 dmax=0.251 | shoulder_pan.pos=-1.45 shoulder_lift.pos=-101.01 elbow_flex.pos=+88.49 wrist_flex.pos=+78.48 wrist_roll.pos=-2.09 gripper.pos=+0.30
DEBUG 2026-09-03 08:18:46 [action #385] t=16.56s step=384 queue=10 dmax=0.395 | shoulder_pan.pos=-1.35 shoulder_lift.pos=-100.93 elbow_flex.pos=+88.89 wrist_flex.pos=+78.56 wrist_roll.pos=-2.02 gripper.pos=+0.17
DEBUG 2026-09-03 08:18:46 [action #386] t=16.60s step=385 queue=9 dmax=0.614 | shoulder_pan.pos=-1.43 shoulder_lift.pos=-101.08 elbow_flex.pos=+89.50 wrist_flex.pos=+78.57 wrist_roll.pos=-2.03 gripper.pos=-0.02
DEBUG 2026-09-03 08:18:46 [action #387] t=16.63s step=386 queue=8 dmax=0.523 | shoulder_pan.pos=-1.26 shoulder_lift.pos=-100.56 elbow_flex.pos=+88.98 wrist_flex.pos=+78.65 wrist_roll.pos=-2.05 gripper.pos=+0.13
DEBUG 2026-09-03 08:18:46 [action #388] t=16.66s step=387 queue=7 dmax=0.121 | shoulder_pan.pos=-1.15 shoulder_lift.pos=-100.68 elbow_flex.pos=+88.98 wrist_flex.pos=+78.74 wrist_roll.pos=-1.94 gripper.pos=+0.06
DEBUG 2026-09-03 08:18:46 [action #389] t=16.70s step=388 queue=6 dmax=0.170 | shoulder_pan.pos=-1.03 shoulder_lift.pos=-100.68 elbow_flex.pos=+89.02 wrist_flex.pos=+78.85 wrist_roll.pos=-1.91 gripper.pos=+0.23
DEBUG 2026-09-03 08:18:46 [action #390] t=16.73s step=389 queue=5 dmax=0.197 | shoulder_pan.pos=-1.22 shoulder_lift.pos=-100.57 elbow_flex.pos=+88.84 wrist_flex.pos=+78.92 wrist_roll.pos=-2.01 gripper.pos=+0.14
DEBUG 2026-09-03 08:18:46 [action #391] t=16.76s step=390 queue=4 dmax=0.179 | shoulder_pan.pos=-1.04 shoulder_lift.pos=-100.65 elbow_flex.pos=+88.72 wrist_flex.pos=+79.00 wrist_roll.pos=-1.92 gripper.pos=+0.15
DEBUG 2026-09-03 08:18:46 [action #392] t=16.80s step=391 queue=3 dmax=0.419 | shoulder_pan.pos=-1.11 shoulder_lift.pos=-100.84 elbow_flex.pos=+89.14 wrist_flex.pos=+78.93 wrist_roll.pos=-1.93 gripper.pos=+0.10
DEBUG 2026-09-03 08:18:46 [action #393] t=16.83s step=392 queue=2 dmax=0.490 | shoulder_pan.pos=-0.88 shoulder_lift.pos=-101.33 elbow_flex.pos=+89.39 wrist_flex.pos=+79.07 wrist_roll.pos=-1.79 gripper.pos=+0.07
DEBUG 2026-09-03 08:18:46 [action #394] t=16.86s step=393 queue=1 dmax=0.221 | shoulder_pan.pos=-0.90 shoulder_lift.pos=-101.28 elbow_flex.pos=+89.17 wrist_flex.pos=+78.99 wrist_roll.pos=-1.80 gripper.pos=+0.19
DEBUG 2026-09-03 08:18:46 [chunk] received 50 actions, timesteps 370..419 | first: shoulder_pan.pos=-4.18 shoulder_lift.pos=-95.10 elbow_flex.pos=+78.48 wrist_flex.pos=+67.54 wrist_roll.pos=-1.95 gripper.pos=+0.29 | last: shoulder_pan.pos=-3.42 shoulder_lift.pos=-101.50 elbow_flex.pos=+89.30 wrist_flex.pos=+77.88 wrist_roll.pos=-0.69 gripper.pos=+0.03
DEBUG 2026-09-03 08:18:46 [action #395] t=17.03s step=394 queue=26 dmax=3.230 | shoulder_pan.pos=-4.13 shoulder_lift.pos=-102.35 elbow_flex.pos=+88.67 wrist_flex.pos=+77.87 wrist_roll.pos=-1.44 gripper.pos=+0.29
DEBUG 2026-09-03 08:18:46 [action #396] t=17.06s step=395 queue=25 dmax=0.536 | shoulder_pan.pos=-4.39 shoulder_lift.pos=-101.82 elbow_flex.pos=+88.50 wrist_flex.pos=+78.17 wrist_roll.pos=-1.52 gripper.pos=+0.22
DEBUG 2026-09-03 08:18:46 [action #397] t=17.10s step=396 queue=24 dmax=0.215 | shoulder_pan.pos=-4.18 shoulder_lift.pos=-102.01 elbow_flex.pos=+88.31 wrist_flex.pos=+78.29 wrist_roll.pos=-1.45 gripper.pos=+0.23
DEBUG 2026-09-03 08:18:46 [action #398] t=17.13s step=397 queue=23 dmax=0.331 | shoulder_pan.pos=-4.26 shoulder_lift.pos=-101.81 elbow_flex.pos=+88.64 wrist_flex.pos=+78.30 wrist_roll.pos=-1.44 gripper.pos=+0.20
DEBUG 2026-09-03 08:18:47 [action #399] t=17.17s step=398 queue=22 dmax=0.220 | shoulder_pan.pos=-4.04 shoulder_lift.pos=-101.76 elbow_flex.pos=+88.60 wrist_flex.pos=+78.40 wrist_roll.pos=-1.46 gripper.pos=+0.36
DEBUG 2026-09-03 08:18:47 [action #400] t=17.20s step=399 queue=21 dmax=0.445 | shoulder_pan.pos=-4.06 shoulder_lift.pos=-102.21 elbow_flex.pos=+88.68 wrist_flex.pos=+78.19 wrist_roll.pos=-1.40 gripper.pos=+0.17
DEBUG 2026-09-03 08:18:47 [action #401] t=17.23s step=400 queue=20 dmax=0.230 | shoulder_pan.pos=-4.17 shoulder_lift.pos=-101.98 elbow_flex.pos=+88.63 wrist_flex.pos=+78.17 wrist_roll.pos=-1.36 gripper.pos=+0.16
DEBUG 2026-09-03 08:18:47 [action #402] t=17.27s step=401 queue=19 dmax=0.191 | shoulder_pan.pos=-3.98 shoulder_lift.pos=-102.15 elbow_flex.pos=+88.53 wrist_flex.pos=+78.01 wrist_roll.pos=-1.29 gripper.pos=+0.23
DEBUG 2026-09-03 08:18:47 [action #403] t=17.30s step=402 queue=18 dmax=0.573 | shoulder_pan.pos=-3.90 shoulder_lift.pos=-101.58 elbow_flex.pos=+88.87 wrist_flex.pos=+77.90 wrist_roll.pos=-1.27 gripper.pos=+0.14
DEBUG 2026-09-03 08:18:47 [action #404] t=17.33s step=403 queue=17 dmax=0.383 | shoulder_pan.pos=-3.94 shoulder_lift.pos=-101.68 elbow_flex.pos=+89.25 wrist_flex.pos=+77.81 wrist_roll.pos=-1.31 gripper.pos=+0.08
DEBUG 2026-09-03 08:18:47 [action #405] t=17.37s step=404 queue=16 dmax=0.511 | shoulder_pan.pos=-3.93 shoulder_lift.pos=-101.17 elbow_flex.pos=+88.98 wrist_flex.pos=+77.83 wrist_roll.pos=-1.22 gripper.pos=+0.25
DEBUG 2026-09-03 08:18:47 [action #406] t=17.40s step=405 queue=15 dmax=0.665 | shoulder_pan.pos=-3.82 shoulder_lift.pos=-101.83 elbow_flex.pos=+89.08 wrist_flex.pos=+77.76 wrist_roll.pos=-1.13 gripper.pos=+0.13
DEBUG 2026-09-03 08:18:47 [action #407] t=17.43s step=406 queue=14 dmax=0.147 | shoulder_pan.pos=-3.70 shoulder_lift.pos=-101.69 elbow_flex.pos=+89.12 wrist_flex.pos=+77.69 wrist_roll.pos=-1.14 gripper.pos=+0.22
DEBUG 2026-09-03 08:18:47 [action #408] t=17.47s step=407 queue=13 dmax=0.153 | shoulder_pan.pos=-3.86 shoulder_lift.pos=-101.64 elbow_flex.pos=+89.09 wrist_flex.pos=+77.83 wrist_roll.pos=-1.02 gripper.pos=+0.19
DEBUG 2026-09-03 08:18:47 [action #409] t=17.50s step=408 queue=12 dmax=0.174 | shoulder_pan.pos=-3.84 shoulder_lift.pos=-101.77 elbow_flex.pos=+89.27 wrist_flex.pos=+77.73 wrist_roll.pos=-0.97 gripper.pos=+0.09
DEBUG 2026-09-03 08:18:47 [action #410] t=17.53s step=409 queue=11 dmax=0.302 | shoulder_pan.pos=-3.78 shoulder_lift.pos=-101.65 elbow_flex.pos=+88.96 wrist_flex.pos=+77.75 wrist_roll.pos=-0.99 gripper.pos=+0.19
DEBUG 2026-09-03 08:18:47 [action #411] t=17.57s step=410 queue=10 dmax=0.678 | shoulder_pan.pos=-3.83 shoulder_lift.pos=-101.76 elbow_flex.pos=+89.64 wrist_flex.pos=+77.79 wrist_roll.pos=-0.92 gripper.pos=+0.13
DEBUG 2026-09-03 08:18:47 [action #412] t=17.60s step=411 queue=9 dmax=0.564 | shoulder_pan.pos=-3.85 shoulder_lift.pos=-101.19 elbow_flex.pos=+89.34 wrist_flex.pos=+77.68 wrist_roll.pos=-0.86 gripper.pos=+0.09
DEBUG 2026-09-03 08:18:47 [action #413] t=17.63s step=412 queue=8 dmax=0.170 | shoulder_pan.pos=-3.76 shoulder_lift.pos=-101.36 elbow_flex.pos=+89.23 wrist_flex.pos=+77.72 wrist_roll.pos=-0.76 gripper.pos=+0.06
DEBUG 2026-09-03 08:18:47 [action #414] t=17.67s step=413 queue=7 dmax=0.353 | shoulder_pan.pos=-3.70 shoulder_lift.pos=-101.72 elbow_flex.pos=+89.39 wrist_flex.pos=+77.91 wrist_roll.pos=-0.72 gripper.pos=+0.15
DEBUG 2026-09-03 08:18:47 [action #415] t=17.70s step=414 queue=6 dmax=0.424 | shoulder_pan.pos=-3.64 shoulder_lift.pos=-101.29 elbow_flex.pos=+89.24 wrist_flex.pos=+77.87 wrist_roll.pos=-0.77 gripper.pos=+0.06
DEBUG 2026-09-03 08:18:47 [action #416] t=17.73s step=415 queue=5 dmax=0.083 | shoulder_pan.pos=-3.64 shoulder_lift.pos=-101.26 elbow_flex.pos=+89.32 wrist_flex.pos=+77.89 wrist_roll.pos=-0.80 gripper.pos=+0.00
DEBUG 2026-09-03 08:18:47 [action #417] t=17.77s step=416 queue=4 dmax=0.333 | shoulder_pan.pos=-3.45 shoulder_lift.pos=-101.51 elbow_flex.pos=+89.66 wrist_flex.pos=+77.80 wrist_roll.pos=-0.78 gripper.pos=+0.15
DEBUG 2026-09-03 08:18:47 [action #418] t=17.80s step=417 queue=3 dmax=0.225 | shoulder_pan.pos=-3.49 shoulder_lift.pos=-101.33 elbow_flex.pos=+89.43 wrist_flex.pos=+77.90 wrist_roll.pos=-0.70 gripper.pos=-0.03
DEBUG 2026-09-03 08:18:47 [action #419] t=17.83s step=418 queue=2 dmax=0.306 | shoulder_pan.pos=-3.30 shoulder_lift.pos=-101.29 elbow_flex.pos=+89.12 wrist_flex.pos=+77.92 wrist_roll.pos=-0.72 gripper.pos=-0.02
DEBUG 2026-09-03 08:18:47 [chunk] received 50 actions, timesteps 393..442 | first: shoulder_pan.pos=-1.73 shoulder_lift.pos=-100.96 elbow_flex.pos=+89.16 wrist_flex.pos=+77.17 wrist_roll.pos=-2.09 gripper.pos=+0.25 | last: shoulder_pan.pos=-1.66 shoulder_lift.pos=-101.15 elbow_flex.pos=+89.69 wrist_flex.pos=+78.14 wrist_roll.pos=-2.10 gripper.pos=+0.44
INFO 2026-09-03 08:18:53 Final action sent: shoulder_pan.pos=-3.30 shoulder_lift.pos=-101.29 elbow_flex.pos=+89.12 wrist_flex.pos=+77.92 wrist_roll.pos=-0.72 gripper.pos=-0.02
DEBUG 2026-09-03 08:18:53 === episode end | 23.5s | converged=True | actions=419 ===
