DEBUG 2026-09-03 09:05:23 === episode start | task: 'put the brown pouch on the tray' | duration: 50.0s ===
DEBUG 2026-09-03 09:05:24 [chunk] received 50 actions, timesteps 0..49 | first: shoulder_pan.pos=-5.53 shoulder_lift.pos=-101.67 elbow_flex.pos=+88.65 wrist_flex.pos=+74.91 wrist_roll.pos=-1.22 gripper.pos=+1.13 | last: shoulder_pan.pos=-8.47 shoulder_lift.pos=-97.53 elbow_flex.pos=+75.82 wrist_flex.pos=+70.24 wrist_roll.pos=-4.59 gripper.pos=+0.85
DEBUG 2026-09-03 09:05:24 [action #1] t=0.94s step=0 queue=50 dmax=n/a | shoulder_pan.pos=-5.53 shoulder_lift.pos=-101.67 elbow_flex.pos=+88.65 wrist_flex.pos=+74.91 wrist_roll.pos=-1.22 gripper.pos=+1.13
DEBUG 2026-09-03 09:05:24 [action #2] t=0.97s step=1 queue=49 dmax=0.482 | shoulder_pan.pos=-5.41 shoulder_lift.pos=-101.19 elbow_flex.pos=+88.46 wrist_flex.pos=+74.62 wrist_roll.pos=-1.18 gripper.pos=+1.14
DEBUG 2026-09-03 09:05:24 [action #3] t=1.00s step=2 queue=48 dmax=0.435 | shoulder_pan.pos=-5.84 shoulder_lift.pos=-100.84 elbow_flex.pos=+88.38 wrist_flex.pos=+74.46 wrist_roll.pos=-1.39 gripper.pos=+1.12
DEBUG 2026-09-03 09:05:24 [action #4] t=1.04s step=3 queue=47 dmax=0.662 | shoulder_pan.pos=-6.51 shoulder_lift.pos=-101.01 elbow_flex.pos=+88.51 wrist_flex.pos=+74.65 wrist_roll.pos=-1.21 gripper.pos=+1.12
DEBUG 2026-09-03 09:05:24 [action #5] t=1.07s step=4 queue=46 dmax=0.292 | shoulder_pan.pos=-6.48 shoulder_lift.pos=-100.99 elbow_flex.pos=+88.22 wrist_flex.pos=+74.49 wrist_roll.pos=-1.20 gripper.pos=+1.23
DEBUG 2026-09-03 09:05:24 [action #6] t=1.10s step=5 queue=45 dmax=0.658 | shoulder_pan.pos=-6.98 shoulder_lift.pos=-101.65 elbow_flex.pos=+88.43 wrist_flex.pos=+74.62 wrist_roll.pos=-1.21 gripper.pos=+1.32
DEBUG 2026-09-03 09:05:24 [action #7] t=1.14s step=6 queue=44 dmax=0.618 | shoulder_pan.pos=-7.60 shoulder_lift.pos=-101.47 elbow_flex.pos=+88.18 wrist_flex.pos=+74.95 wrist_roll.pos=-1.26 gripper.pos=+1.05
DEBUG 2026-09-03 09:05:24 [action #8] t=1.17s step=7 queue=43 dmax=0.666 | shoulder_pan.pos=-7.39 shoulder_lift.pos=-100.80 elbow_flex.pos=+87.96 wrist_flex.pos=+74.87 wrist_roll.pos=-1.26 gripper.pos=+1.05
DEBUG 2026-09-03 09:05:24 [action #9] t=1.20s step=8 queue=42 dmax=0.529 | shoulder_pan.pos=-7.89 shoulder_lift.pos=-101.33 elbow_flex.pos=+88.19 wrist_flex.pos=+74.60 wrist_roll.pos=-1.23 gripper.pos=+1.13
DEBUG 2026-09-03 09:05:24 [action #10] t=1.24s step=9 queue=41 dmax=0.320 | shoulder_pan.pos=-7.90 shoulder_lift.pos=-101.65 elbow_flex.pos=+88.16 wrist_flex.pos=+74.50 wrist_roll.pos=-1.22 gripper.pos=+1.09
DEBUG 2026-09-03 09:05:24 [action #11] t=1.27s step=10 queue=40 dmax=0.568 | shoulder_pan.pos=-8.07 shoulder_lift.pos=-101.08 elbow_flex.pos=+88.04 wrist_flex.pos=+74.06 wrist_roll.pos=-1.25 gripper.pos=+1.14
DEBUG 2026-09-03 09:05:24 [action #12] t=1.30s step=11 queue=39 dmax=0.680 | shoulder_pan.pos=-8.03 shoulder_lift.pos=-100.71 elbow_flex.pos=+87.86 wrist_flex.pos=+73.38 wrist_roll.pos=-1.24 gripper.pos=+1.08
DEBUG 2026-09-03 09:05:24 [action #13] t=1.34s step=12 queue=38 dmax=0.890 | shoulder_pan.pos=-8.11 shoulder_lift.pos=-101.57 elbow_flex.pos=+87.88 wrist_flex.pos=+72.49 wrist_roll.pos=-1.22 gripper.pos=+1.14
DEBUG 2026-09-03 09:05:24 [action #14] t=1.37s step=13 queue=37 dmax=1.151 | shoulder_pan.pos=-7.56 shoulder_lift.pos=-101.38 elbow_flex.pos=+88.70 wrist_flex.pos=+71.34 wrist_roll.pos=-1.26 gripper.pos=+1.13
DEBUG 2026-09-03 09:05:24 [action #15] t=1.40s step=14 queue=36 dmax=0.917 | shoulder_pan.pos=-7.34 shoulder_lift.pos=-101.20 elbow_flex.pos=+88.57 wrist_flex.pos=+70.42 wrist_roll.pos=-1.26 gripper.pos=+1.12
DEBUG 2026-09-03 09:05:24 [action #16] t=1.44s step=15 queue=35 dmax=0.762 | shoulder_pan.pos=-7.10 shoulder_lift.pos=-101.07 elbow_flex.pos=+88.85 wrist_flex.pos=+69.66 wrist_roll.pos=-1.25 gripper.pos=+1.08
DEBUG 2026-09-03 09:05:24 [action #17] t=1.47s step=16 queue=34 dmax=0.571 | shoulder_pan.pos=-6.75 shoulder_lift.pos=-100.72 elbow_flex.pos=+88.55 wrist_flex.pos=+69.09 wrist_roll.pos=-1.26 gripper.pos=+1.07
DEBUG 2026-09-03 09:05:24 [action #18] t=1.50s step=17 queue=33 dmax=0.825 | shoulder_pan.pos=-6.69 shoulder_lift.pos=-100.87 elbow_flex.pos=+89.37 wrist_flex.pos=+68.40 wrist_roll.pos=-1.31 gripper.pos=+1.21
DEBUG 2026-09-03 09:05:24 [action #19] t=1.54s step=18 queue=32 dmax=0.580 | shoulder_pan.pos=-6.56 shoulder_lift.pos=-101.44 elbow_flex.pos=+88.79 wrist_flex.pos=+68.05 wrist_roll.pos=-1.22 gripper.pos=+1.16
DEBUG 2026-09-03 09:05:24 [action #20] t=1.57s step=19 queue=31 dmax=0.578 | shoulder_pan.pos=-6.53 shoulder_lift.pos=-101.33 elbow_flex.pos=+88.21 wrist_flex.pos=+67.78 wrist_roll.pos=-1.19 gripper.pos=+1.18
DEBUG 2026-09-03 09:05:24 [action #21] t=1.61s step=20 queue=30 dmax=0.242 | shoulder_pan.pos=-6.77 shoulder_lift.pos=-101.41 elbow_flex.pos=+88.25 wrist_flex.pos=+67.83 wrist_roll.pos=-1.32 gripper.pos=+1.14
DEBUG 2026-09-03 09:05:25 [action #22] t=1.64s step=21 queue=29 dmax=0.640 | shoulder_pan.pos=-6.66 shoulder_lift.pos=-101.44 elbow_flex.pos=+87.61 wrist_flex.pos=+67.82 wrist_roll.pos=-1.22 gripper.pos=+1.08
DEBUG 2026-09-03 09:05:25 [action #23] t=1.67s step=22 queue=28 dmax=0.397 | shoulder_pan.pos=-6.49 shoulder_lift.pos=-101.32 elbow_flex.pos=+88.01 wrist_flex.pos=+67.78 wrist_roll.pos=-1.27 gripper.pos=+1.04
DEBUG 2026-09-03 09:05:25 [action #24] t=1.71s step=23 queue=27 dmax=0.233 | shoulder_pan.pos=-6.72 shoulder_lift.pos=-101.48 elbow_flex.pos=+88.17 wrist_flex.pos=+67.83 wrist_roll.pos=-1.23 gripper.pos=+1.10
DEBUG 2026-09-03 09:05:25 [action #25] t=1.74s step=24 queue=26 dmax=0.841 | shoulder_pan.pos=-6.78 shoulder_lift.pos=-101.10 elbow_flex.pos=+87.33 wrist_flex.pos=+67.98 wrist_roll.pos=-1.31 gripper.pos=+1.06
DEBUG 2026-09-03 09:05:25 [action #26] t=1.77s step=25 queue=25 dmax=0.539 | shoulder_pan.pos=-6.56 shoulder_lift.pos=-100.90 elbow_flex.pos=+86.79 wrist_flex.pos=+68.13 wrist_roll.pos=-1.19 gripper.pos=+1.14
DEBUG 2026-09-03 09:05:25 [action #27] t=1.81s step=26 queue=24 dmax=0.433 | shoulder_pan.pos=-6.76 shoulder_lift.pos=-101.33 elbow_flex.pos=+86.69 wrist_flex.pos=+68.28 wrist_roll.pos=-1.26 gripper.pos=+1.13
DEBUG 2026-09-03 09:05:25 [action #28] t=1.84s step=27 queue=23 dmax=0.379 | shoulder_pan.pos=-6.65 shoulder_lift.pos=-101.47 elbow_flex.pos=+86.31 wrist_flex.pos=+68.47 wrist_roll.pos=-1.22 gripper.pos=+1.09
DEBUG 2026-09-03 09:05:25 [action #29] t=1.87s step=28 queue=22 dmax=0.318 | shoulder_pan.pos=-6.60 shoulder_lift.pos=-101.26 elbow_flex.pos=+86.02 wrist_flex.pos=+68.15 wrist_roll.pos=-1.31 gripper.pos=+1.01
DEBUG 2026-09-03 09:05:25 [action #30] t=1.91s step=29 queue=21 dmax=0.520 | shoulder_pan.pos=-6.79 shoulder_lift.pos=-101.52 elbow_flex.pos=+86.54 wrist_flex.pos=+68.55 wrist_roll.pos=-1.27 gripper.pos=+1.03
DEBUG 2026-09-03 09:05:25 [action #31] t=1.94s step=30 queue=20 dmax=1.362 | shoulder_pan.pos=-6.26 shoulder_lift.pos=-100.92 elbow_flex.pos=+85.18 wrist_flex.pos=+68.61 wrist_roll.pos=-1.39 gripper.pos=+0.93
DEBUG 2026-09-03 09:05:25 [action #32] t=1.97s step=31 queue=19 dmax=0.917 | shoulder_pan.pos=-6.29 shoulder_lift.pos=-101.28 elbow_flex.pos=+86.09 wrist_flex.pos=+68.50 wrist_roll.pos=-1.28 gripper.pos=+1.00
DEBUG 2026-09-03 09:05:25 [chunk] received 50 actions, timesteps 3..52 | first: shoulder_pan.pos=-5.69 shoulder_lift.pos=-101.09 elbow_flex.pos=+88.22 wrist_flex.pos=+75.21 wrist_roll.pos=-1.38 gripper.pos=+1.14 | last: shoulder_pan.pos=-8.29 shoulder_lift.pos=-87.89 elbow_flex.pos=+72.42 wrist_flex.pos=+71.21 wrist_roll.pos=-5.46 gripper.pos=+0.69
DEBUG 2026-09-03 09:05:25 [action #33] t=2.01s step=32 queue=21 dmax=1.328 | shoulder_pan.pos=-7.62 shoulder_lift.pos=-100.68 elbow_flex.pos=+85.68 wrist_flex.pos=+69.51 wrist_roll.pos=-1.40 gripper.pos=+0.90
DEBUG 2026-09-03 09:05:25 [action #34] t=2.04s step=33 queue=20 dmax=0.769 | shoulder_pan.pos=-7.45 shoulder_lift.pos=-101.24 elbow_flex.pos=+84.91 wrist_flex.pos=+69.50 wrist_roll.pos=-1.41 gripper.pos=+0.92
DEBUG 2026-09-03 09:05:25 [action #35] t=2.07s step=34 queue=19 dmax=0.209 | shoulder_pan.pos=-7.49 shoulder_lift.pos=-101.15 elbow_flex.pos=+84.92 wrist_flex.pos=+69.71 wrist_roll.pos=-1.56 gripper.pos=+0.96
DEBUG 2026-09-03 09:05:25 [action #36] t=2.11s step=35 queue=18 dmax=0.361 | shoulder_pan.pos=-7.39 shoulder_lift.pos=-101.38 elbow_flex.pos=+84.58 wrist_flex.pos=+70.07 wrist_roll.pos=-1.52 gripper.pos=+0.87
DEBUG 2026-09-03 09:05:25 [action #37] t=2.14s step=36 queue=17 dmax=0.698 | shoulder_pan.pos=-7.37 shoulder_lift.pos=-100.68 elbow_flex.pos=+84.11 wrist_flex.pos=+70.40 wrist_roll.pos=-1.67 gripper.pos=+0.90
DEBUG 2026-09-03 09:05:25 [action #38] t=2.17s step=37 queue=16 dmax=1.072 | shoulder_pan.pos=-7.00 shoulder_lift.pos=-100.85 elbow_flex.pos=+83.04 wrist_flex.pos=+70.48 wrist_roll.pos=-1.66 gripper.pos=+0.75
DEBUG 2026-09-03 09:05:25 [action #39] t=2.21s step=38 queue=15 dmax=0.878 | shoulder_pan.pos=-7.17 shoulder_lift.pos=-101.02 elbow_flex.pos=+82.16 wrist_flex.pos=+70.54 wrist_roll.pos=-1.80 gripper.pos=+0.83
DEBUG 2026-09-03 09:05:25 [action #40] t=2.24s step=39 queue=14 dmax=0.338 | shoulder_pan.pos=-7.02 shoulder_lift.pos=-101.16 elbow_flex.pos=+81.94 wrist_flex.pos=+70.88 wrist_roll.pos=-1.96 gripper.pos=+0.92
DEBUG 2026-09-03 09:05:25 [action #41] t=2.27s step=40 queue=13 dmax=0.567 | shoulder_pan.pos=-7.13 shoulder_lift.pos=-100.99 elbow_flex.pos=+81.37 wrist_flex.pos=+70.90 wrist_roll.pos=-2.01 gripper.pos=+0.87
DEBUG 2026-09-03 09:05:25 [action #42] t=2.31s step=41 queue=12 dmax=0.602 | shoulder_pan.pos=-7.10 shoulder_lift.pos=-100.38 elbow_flex.pos=+80.81 wrist_flex.pos=+70.93 wrist_roll.pos=-2.30 gripper.pos=+0.88
DEBUG 2026-09-03 09:05:25 [action #43] t=2.34s step=42 queue=11 dmax=0.475 | shoulder_pan.pos=-7.25 shoulder_lift.pos=-100.15 elbow_flex.pos=+80.34 wrist_flex.pos=+70.88 wrist_roll.pos=-2.40 gripper.pos=+0.83
DEBUG 2026-09-03 09:05:25 [action #44] t=2.37s step=43 queue=10 dmax=0.548 | shoulder_pan.pos=-7.22 shoulder_lift.pos=-99.60 elbow_flex.pos=+80.05 wrist_flex.pos=+71.21 wrist_roll.pos=-2.74 gripper.pos=+0.81
DEBUG 2026-09-03 09:05:25 [action #45] t=2.41s step=44 queue=9 dmax=0.451 | shoulder_pan.pos=-7.52 shoulder_lift.pos=-99.62 elbow_flex.pos=+79.60 wrist_flex.pos=+71.16 wrist_roll.pos=-3.13 gripper.pos=+0.73
DEBUG 2026-09-03 09:05:25 [action #46] t=2.44s step=45 queue=8 dmax=0.974 | shoulder_pan.pos=-7.65 shoulder_lift.pos=-99.00 elbow_flex.pos=+78.63 wrist_flex.pos=+70.99 wrist_roll.pos=-3.61 gripper.pos=+0.81
DEBUG 2026-09-03 09:05:25 [action #47] t=2.47s step=46 queue=7 dmax=1.074 | shoulder_pan.pos=-7.71 shoulder_lift.pos=-97.92 elbow_flex.pos=+78.38 wrist_flex.pos=+71.07 wrist_roll.pos=-4.00 gripper.pos=+0.78
DEBUG 2026-09-03 09:05:25 [action #48] t=2.51s step=47 queue=6 dmax=0.838 | shoulder_pan.pos=-7.78 shoulder_lift.pos=-97.26 elbow_flex.pos=+77.54 wrist_flex.pos=+71.22 wrist_roll.pos=-4.16 gripper.pos=+0.80
DEBUG 2026-09-03 09:05:25 [action #49] t=2.54s step=48 queue=5 dmax=0.992 | shoulder_pan.pos=-7.88 shoulder_lift.pos=-96.27 elbow_flex.pos=+77.27 wrist_flex.pos=+71.16 wrist_roll.pos=-4.41 gripper.pos=+0.84
DEBUG 2026-09-03 09:05:25 [action #50] t=2.58s step=49 queue=4 dmax=1.562 | shoulder_pan.pos=-8.09 shoulder_lift.pos=-94.89 elbow_flex.pos=+75.71 wrist_flex.pos=+71.12 wrist_roll.pos=-4.65 gripper.pos=+0.79
DEBUG 2026-09-03 09:05:25 [action #51] t=2.61s step=50 queue=3 dmax=3.087 | shoulder_pan.pos=-7.80 shoulder_lift.pos=-91.81 elbow_flex.pos=+74.72 wrist_flex.pos=+71.29 wrist_roll.pos=-5.06 gripper.pos=+0.94
DEBUG 2026-09-03 09:05:26 [action #52] t=2.64s step=51 queue=2 dmax=2.054 | shoulder_pan.pos=-8.27 shoulder_lift.pos=-89.75 elbow_flex.pos=+73.41 wrist_flex.pos=+71.25 wrist_roll.pos=-5.22 gripper.pos=+0.81
DEBUG 2026-09-03 09:05:26 [action #53] t=2.68s step=52 queue=1 dmax=1.861 | shoulder_pan.pos=-8.29 shoulder_lift.pos=-87.89 elbow_flex.pos=+72.42 wrist_flex.pos=+71.21 wrist_roll.pos=-5.46 gripper.pos=+0.69
DEBUG 2026-09-03 09:05:26 [chunk] received 50 actions, timesteps 31..80 | first: shoulder_pan.pos=-6.91 shoulder_lift.pos=-100.22 elbow_flex.pos=+84.48 wrist_flex.pos=+68.09 wrist_roll.pos=-1.08 gripper.pos=+1.19 | last: shoulder_pan.pos=-8.34 shoulder_lift.pos=-54.37 elbow_flex.pos=+52.25 wrist_flex.pos=+65.58 wrist_roll.pos=-6.88 gripper.pos=+2.04
DEBUG 2026-09-03 09:05:26 [action #54] t=2.84s step=53 queue=28 dmax=12.866 | shoulder_pan.pos=-7.75 shoulder_lift.pos=-100.76 elbow_flex.pos=+81.54 wrist_flex.pos=+68.18 wrist_roll.pos=-1.13 gripper.pos=+0.89
DEBUG 2026-09-03 09:05:26 [action #55] t=2.88s step=54 queue=27 dmax=0.192 | shoulder_pan.pos=-7.94 shoulder_lift.pos=-100.88 elbow_flex.pos=+81.41 wrist_flex.pos=+68.24 wrist_roll.pos=-1.10 gripper.pos=+0.84
DEBUG 2026-09-03 09:05:26 [action #56] t=2.91s step=55 queue=26 dmax=0.631 | shoulder_pan.pos=-7.87 shoulder_lift.pos=-101.51 elbow_flex.pos=+81.46 wrist_flex.pos=+68.50 wrist_roll.pos=-1.17 gripper.pos=+0.92
DEBUG 2026-09-03 09:05:26 [action #57] t=2.94s step=56 queue=25 dmax=0.466 | shoulder_pan.pos=-7.83 shoulder_lift.pos=-101.04 elbow_flex.pos=+81.61 wrist_flex.pos=+68.64 wrist_roll.pos=-1.05 gripper.pos=+0.80
DEBUG 2026-09-03 09:05:26 [action #58] t=2.98s step=57 queue=24 dmax=0.965 | shoulder_pan.pos=-7.71 shoulder_lift.pos=-101.16 elbow_flex.pos=+80.64 wrist_flex.pos=+68.66 wrist_roll.pos=-0.97 gripper.pos=+0.87
DEBUG 2026-09-03 09:05:26 [action #59] t=3.01s step=58 queue=23 dmax=0.498 | shoulder_pan.pos=-8.07 shoulder_lift.pos=-100.66 elbow_flex.pos=+80.61 wrist_flex.pos=+68.60 wrist_roll.pos=-0.93 gripper.pos=+0.74
DEBUG 2026-09-03 09:05:26 [action #60] t=3.04s step=59 queue=22 dmax=0.837 | shoulder_pan.pos=-7.70 shoulder_lift.pos=-99.82 elbow_flex.pos=+80.08 wrist_flex.pos=+68.69 wrist_roll.pos=-0.87 gripper.pos=+0.89
DEBUG 2026-09-03 09:05:26 [action #61] t=3.08s step=60 queue=21 dmax=1.287 | shoulder_pan.pos=-8.03 shoulder_lift.pos=-98.54 elbow_flex.pos=+78.93 wrist_flex.pos=+68.77 wrist_roll.pos=-0.92 gripper.pos=+0.84
DEBUG 2026-09-03 09:05:26 [action #62] t=3.11s step=61 queue=20 dmax=1.493 | shoulder_pan.pos=-7.86 shoulder_lift.pos=-97.04 elbow_flex.pos=+78.72 wrist_flex.pos=+68.61 wrist_roll.pos=-0.99 gripper.pos=+0.98
DEBUG 2026-09-03 09:05:26 [action #63] t=3.14s step=62 queue=19 dmax=2.770 | shoulder_pan.pos=-8.02 shoulder_lift.pos=-94.27 elbow_flex.pos=+77.31 wrist_flex.pos=+68.03 wrist_roll.pos=-1.14 gripper.pos=+0.95
DEBUG 2026-09-03 09:05:26 [action #64] t=3.18s step=63 queue=18 dmax=3.079 | shoulder_pan.pos=-7.72 shoulder_lift.pos=-91.20 elbow_flex.pos=+75.14 wrist_flex.pos=+67.56 wrist_roll.pos=-1.32 gripper.pos=+0.88
DEBUG 2026-09-03 09:05:26 [action #65] t=3.21s step=64 queue=17 dmax=3.211 | shoulder_pan.pos=-8.04 shoulder_lift.pos=-87.98 elbow_flex.pos=+72.85 wrist_flex.pos=+67.13 wrist_roll.pos=-1.73 gripper.pos=+0.73
DEBUG 2026-09-03 09:05:26 [action #66] t=3.24s step=65 queue=16 dmax=2.888 | shoulder_pan.pos=-8.24 shoulder_lift.pos=-85.10 elbow_flex.pos=+71.17 wrist_flex.pos=+66.86 wrist_roll.pos=-2.17 gripper.pos=+0.56
DEBUG 2026-09-03 09:05:26 [action #67] t=3.28s step=66 queue=15 dmax=3.229 | shoulder_pan.pos=-7.80 shoulder_lift.pos=-81.87 elbow_flex.pos=+69.28 wrist_flex.pos=+66.59 wrist_roll.pos=-2.45 gripper.pos=+0.78
DEBUG 2026-09-03 09:05:26 [action #68] t=3.31s step=67 queue=14 dmax=2.826 | shoulder_pan.pos=-8.65 shoulder_lift.pos=-79.04 elbow_flex.pos=+67.38 wrist_flex.pos=+66.34 wrist_roll.pos=-2.68 gripper.pos=+0.54
DEBUG 2026-09-03 09:05:26 [action #69] t=3.34s step=68 queue=13 dmax=2.634 | shoulder_pan.pos=-8.38 shoulder_lift.pos=-76.41 elbow_flex.pos=+66.71 wrist_flex.pos=+66.38 wrist_roll.pos=-2.93 gripper.pos=+0.68
DEBUG 2026-09-03 09:05:26 [action #70] t=3.38s step=69 queue=12 dmax=2.529 | shoulder_pan.pos=-8.76 shoulder_lift.pos=-73.88 elbow_flex.pos=+64.30 wrist_flex.pos=+66.13 wrist_roll.pos=-3.20 gripper.pos=+0.58
DEBUG 2026-09-03 09:05:26 [action #71] t=3.41s step=70 queue=11 dmax=2.400 | shoulder_pan.pos=-8.14 shoulder_lift.pos=-71.48 elbow_flex.pos=+64.01 wrist_flex.pos=+65.84 wrist_roll.pos=-3.44 gripper.pos=+0.50
DEBUG 2026-09-03 09:05:26 [action #72] t=3.44s step=71 queue=10 dmax=2.048 | shoulder_pan.pos=-8.40 shoulder_lift.pos=-69.43 elbow_flex.pos=+62.35 wrist_flex.pos=+65.64 wrist_roll.pos=-3.96 gripper.pos=+0.65
DEBUG 2026-09-03 09:05:26 [action #73] t=3.48s step=72 queue=9 dmax=2.059 | shoulder_pan.pos=-8.57 shoulder_lift.pos=-67.71 elbow_flex.pos=+60.29 wrist_flex.pos=+65.58 wrist_roll.pos=-4.42 gripper.pos=+0.72
DEBUG 2026-09-03 09:05:26 [action #74] t=3.51s step=73 queue=8 dmax=1.574 | shoulder_pan.pos=-8.51 shoulder_lift.pos=-66.14 elbow_flex.pos=+59.40 wrist_flex.pos=+65.43 wrist_roll.pos=-4.89 gripper.pos=+0.84
DEBUG 2026-09-03 09:05:26 [action #75] t=3.54s step=74 queue=7 dmax=1.678 | shoulder_pan.pos=-8.23 shoulder_lift.pos=-64.46 elbow_flex.pos=+58.48 wrist_flex.pos=+65.35 wrist_roll.pos=-5.34 gripper.pos=+0.83
DEBUG 2026-09-03 09:05:26 [action #76] t=3.58s step=75 queue=6 dmax=2.388 | shoulder_pan.pos=-8.61 shoulder_lift.pos=-62.07 elbow_flex.pos=+56.99 wrist_flex.pos=+65.20 wrist_roll.pos=-5.82 gripper.pos=+0.94
DEBUG 2026-09-03 09:05:26 [action #77] t=3.61s step=76 queue=5 dmax=1.528 | shoulder_pan.pos=-8.76 shoulder_lift.pos=-60.54 elbow_flex.pos=+56.74 wrist_flex.pos=+65.21 wrist_roll.pos=-6.11 gripper.pos=+1.03
DEBUG 2026-09-03 09:05:27 [action #78] t=3.65s step=77 queue=4 dmax=1.922 | shoulder_pan.pos=-8.38 shoulder_lift.pos=-58.96 elbow_flex.pos=+54.81 wrist_flex.pos=+65.16 wrist_roll.pos=-6.32 gripper.pos=+1.15
DEBUG 2026-09-03 09:05:27 [action #79] t=3.68s step=78 queue=3 dmax=2.125 | shoulder_pan.pos=-8.20 shoulder_lift.pos=-56.84 elbow_flex.pos=+54.54 wrist_flex.pos=+65.34 wrist_roll.pos=-6.49 gripper.pos=+1.39
DEBUG 2026-09-03 09:05:27 [action #80] t=3.71s step=79 queue=2 dmax=1.641 | shoulder_pan.pos=-8.65 shoulder_lift.pos=-55.20 elbow_flex.pos=+53.08 wrist_flex.pos=+65.39 wrist_roll.pos=-6.65 gripper.pos=+1.78
DEBUG 2026-09-03 09:05:27 [chunk] received 50 actions, timesteps 52..101 | first: shoulder_pan.pos=-7.61 shoulder_lift.pos=-78.68 elbow_flex.pos=+69.49 wrist_flex.pos=+69.28 wrist_roll.pos=-5.57 gripper.pos=+1.74 | last: shoulder_pan.pos=-7.85 shoulder_lift.pos=-20.82 elbow_flex.pos=+38.20 wrist_flex.pos=+71.87 wrist_roll.pos=-8.15 gripper.pos=+34.57
DEBUG 2026-09-03 09:05:27 [action #81] t=3.75s step=80 queue=22 dmax=13.315 | shoulder_pan.pos=-7.45 shoulder_lift.pos=-43.78 elbow_flex.pos=+45.56 wrist_flex.pos=+70.10 wrist_roll.pos=-8.10 gripper.pos=+15.09
DEBUG 2026-09-03 09:05:27 [action #82] t=3.78s step=81 queue=21 dmax=7.941 | shoulder_pan.pos=-7.31 shoulder_lift.pos=-39.00 elbow_flex.pos=+42.42 wrist_flex.pos=+72.25 wrist_roll.pos=-8.83 gripper.pos=+23.03
DEBUG 2026-09-03 09:05:27 [action #83] t=3.81s step=82 queue=20 dmax=2.571 | shoulder_pan.pos=-7.23 shoulder_lift.pos=-38.89 elbow_flex.pos=+42.42 wrist_flex.pos=+72.27 wrist_roll.pos=-8.73 gripper.pos=+25.60
DEBUG 2026-09-03 09:05:27 [action #84] t=3.85s step=83 queue=19 dmax=2.280 | shoulder_pan.pos=-7.44 shoulder_lift.pos=-38.53 elbow_flex.pos=+42.40 wrist_flex.pos=+72.49 wrist_roll.pos=-8.65 gripper.pos=+27.88
DEBUG 2026-09-03 09:05:27 [action #85] t=3.88s step=84 queue=18 dmax=1.947 | shoulder_pan.pos=-7.36 shoulder_lift.pos=-37.74 elbow_flex.pos=+42.74 wrist_flex.pos=+72.23 wrist_roll.pos=-8.61 gripper.pos=+29.83
DEBUG 2026-09-03 09:05:27 [action #86] t=3.91s step=85 queue=17 dmax=1.537 | shoulder_pan.pos=-7.50 shoulder_lift.pos=-37.17 elbow_flex.pos=+42.97 wrist_flex.pos=+72.29 wrist_roll.pos=-8.47 gripper.pos=+31.37
DEBUG 2026-09-03 09:05:27 [action #87] t=3.95s step=86 queue=16 dmax=0.580 | shoulder_pan.pos=-7.24 shoulder_lift.pos=-37.38 elbow_flex.pos=+42.40 wrist_flex.pos=+72.48 wrist_roll.pos=-8.37 gripper.pos=+31.95
DEBUG 2026-09-03 09:05:27 [action #88] t=3.98s step=87 queue=15 dmax=1.356 | shoulder_pan.pos=-7.25 shoulder_lift.pos=-36.03 elbow_flex.pos=+42.12 wrist_flex.pos=+72.57 wrist_roll.pos=-8.25 gripper.pos=+32.57
DEBUG 2026-09-03 09:05:27 [action #89] t=4.01s step=88 queue=14 dmax=0.722 | shoulder_pan.pos=-7.33 shoulder_lift.pos=-35.31 elbow_flex.pos=+42.06 wrist_flex.pos=+72.15 wrist_roll.pos=-8.18 gripper.pos=+32.88
DEBUG 2026-09-03 09:05:27 [action #90] t=4.05s step=89 queue=13 dmax=1.170 | shoulder_pan.pos=-7.50 shoulder_lift.pos=-34.14 elbow_flex.pos=+41.42 wrist_flex.pos=+72.34 wrist_roll.pos=-8.15 gripper.pos=+32.95
DEBUG 2026-09-03 09:05:27 [action #91] t=4.08s step=90 queue=12 dmax=1.309 | shoulder_pan.pos=-7.42 shoulder_lift.pos=-32.83 elbow_flex.pos=+41.53 wrist_flex.pos=+72.20 wrist_roll.pos=-8.12 gripper.pos=+33.12
DEBUG 2026-09-03 09:05:27 [action #92] t=4.11s step=91 queue=11 dmax=0.786 | shoulder_pan.pos=-7.38 shoulder_lift.pos=-32.04 elbow_flex.pos=+41.42 wrist_flex.pos=+72.31 wrist_roll.pos=-8.03 gripper.pos=+33.53
DEBUG 2026-09-03 09:05:27 [action #93] t=4.15s step=92 queue=10 dmax=1.265 | shoulder_pan.pos=-7.39 shoulder_lift.pos=-30.78 elbow_flex.pos=+41.23 wrist_flex.pos=+72.54 wrist_roll.pos=-7.97 gripper.pos=+34.34
DEBUG 2026-09-03 09:05:27 [action #94] t=4.18s step=93 queue=9 dmax=1.191 | shoulder_pan.pos=-7.41 shoulder_lift.pos=-29.58 elbow_flex.pos=+40.05 wrist_flex.pos=+72.44 wrist_roll.pos=-7.80 gripper.pos=+34.92
DEBUG 2026-09-03 09:05:27 [action #95] t=4.21s step=94 queue=8 dmax=1.354 | shoulder_pan.pos=-7.36 shoulder_lift.pos=-28.23 elbow_flex.pos=+40.33 wrist_flex.pos=+72.65 wrist_roll.pos=-7.79 gripper.pos=+35.28
DEBUG 2026-09-03 09:05:27 [action #96] t=4.25s step=95 queue=7 dmax=1.161 | shoulder_pan.pos=-7.42 shoulder_lift.pos=-27.07 elbow_flex.pos=+39.71 wrist_flex.pos=+72.45 wrist_roll.pos=-7.71 gripper.pos=+35.62
DEBUG 2026-09-03 09:05:27 [action #97] t=4.28s step=96 queue=6 dmax=0.327 | shoulder_pan.pos=-7.58 shoulder_lift.pos=-26.74 elbow_flex.pos=+39.43 wrist_flex.pos=+72.58 wrist_roll.pos=-7.69 gripper.pos=+35.69
DEBUG 2026-09-03 09:05:27 [action #98] t=4.31s step=97 queue=5 dmax=1.721 | shoulder_pan.pos=-7.46 shoulder_lift.pos=-25.02 elbow_flex.pos=+39.29 wrist_flex.pos=+72.41 wrist_roll.pos=-7.76 gripper.pos=+35.76
DEBUG 2026-09-03 09:05:27 [action #99] t=4.35s step=98 queue=4 dmax=1.235 | shoulder_pan.pos=-7.62 shoulder_lift.pos=-23.79 elbow_flex.pos=+39.01 wrist_flex.pos=+72.48 wrist_roll.pos=-7.70 gripper.pos=+35.70
DEBUG 2026-09-03 09:05:27 [action #100] t=4.38s step=99 queue=3 dmax=1.226 | shoulder_pan.pos=-7.66 shoulder_lift.pos=-22.56 elbow_flex.pos=+38.29 wrist_flex.pos=+72.24 wrist_roll.pos=-7.67 gripper.pos=+35.18
DEBUG 2026-09-03 09:05:27 [action #101] t=4.41s step=100 queue=2 dmax=0.850 | shoulder_pan.pos=-7.66 shoulder_lift.pos=-21.71 elbow_flex.pos=+38.58 wrist_flex.pos=+72.19 wrist_roll.pos=-7.94 gripper.pos=+34.98
DEBUG 2026-09-03 09:05:27 [action #102] t=4.45s step=101 queue=1 dmax=0.896 | shoulder_pan.pos=-7.85 shoulder_lift.pos=-20.82 elbow_flex.pos=+38.20 wrist_flex.pos=+71.87 wrist_roll.pos=-8.15 gripper.pos=+34.57
DEBUG 2026-09-03 09:05:28 [chunk] received 50 actions, timesteps 79..128 | first: shoulder_pan.pos=-7.75 shoulder_lift.pos=-56.98 elbow_flex.pos=+56.00 wrist_flex.pos=+65.91 wrist_roll.pos=-6.55 gripper.pos=+0.98 | last: shoulder_pan.pos=-9.52 shoulder_lift.pos=-12.27 elbow_flex.pos=+33.22 wrist_flex.pos=+71.52 wrist_roll.pos=-6.76 gripper.pos=+32.03
DEBUG 2026-09-03 09:05:28 [action #103] t=4.65s step=102 queue=27 dmax=12.595 | shoulder_pan.pos=-8.31 shoulder_lift.pos=-33.41 elbow_flex.pos=+40.54 wrist_flex.pos=+72.27 wrist_roll.pos=-7.32 gripper.pos=+26.57
DEBUG 2026-09-03 09:05:28 [action #104] t=4.68s step=103 queue=26 dmax=0.991 | shoulder_pan.pos=-8.26 shoulder_lift.pos=-32.52 elbow_flex.pos=+40.57 wrist_flex.pos=+72.11 wrist_roll.pos=-7.32 gripper.pos=+27.56
DEBUG 2026-09-03 09:05:28 [action #105] t=4.72s step=104 queue=25 dmax=1.026 | shoulder_pan.pos=-8.21 shoulder_lift.pos=-31.50 elbow_flex.pos=+40.56 wrist_flex.pos=+72.31 wrist_roll.pos=-7.41 gripper.pos=+28.59
DEBUG 2026-09-03 09:05:28 [action #106] t=4.75s step=105 queue=24 dmax=1.051 | shoulder_pan.pos=-8.36 shoulder_lift.pos=-31.14 elbow_flex.pos=+40.63 wrist_flex.pos=+72.22 wrist_roll.pos=-7.38 gripper.pos=+29.64
DEBUG 2026-09-03 09:05:28 [action #107] t=4.78s step=106 queue=23 dmax=0.942 | shoulder_pan.pos=-8.68 shoulder_lift.pos=-30.65 elbow_flex.pos=+40.27 wrist_flex.pos=+72.50 wrist_roll.pos=-7.41 gripper.pos=+30.58
DEBUG 2026-09-03 09:05:28 [action #108] t=4.82s step=107 queue=22 dmax=0.714 | shoulder_pan.pos=-8.60 shoulder_lift.pos=-30.85 elbow_flex.pos=+39.95 wrist_flex.pos=+72.44 wrist_roll.pos=-7.43 gripper.pos=+31.30
DEBUG 2026-09-03 09:05:28 [action #109] t=4.85s step=108 queue=21 dmax=0.709 | shoulder_pan.pos=-8.87 shoulder_lift.pos=-30.14 elbow_flex.pos=+40.45 wrist_flex.pos=+72.41 wrist_roll.pos=-7.44 gripper.pos=+31.25
DEBUG 2026-09-03 09:05:28 [action #110] t=4.88s step=109 queue=20 dmax=0.893 | shoulder_pan.pos=-8.99 shoulder_lift.pos=-29.54 elbow_flex.pos=+39.55 wrist_flex.pos=+72.44 wrist_roll.pos=-7.49 gripper.pos=+31.01
DEBUG 2026-09-03 09:05:28 [action #111] t=4.92s step=110 queue=19 dmax=0.608 | shoulder_pan.pos=-9.13 shoulder_lift.pos=-29.15 elbow_flex.pos=+38.95 wrist_flex.pos=+72.35 wrist_roll.pos=-7.45 gripper.pos=+30.55
DEBUG 2026-09-03 09:05:28 [action #112] t=4.95s step=111 queue=18 dmax=1.519 | shoulder_pan.pos=-9.32 shoulder_lift.pos=-27.63 elbow_flex.pos=+39.52 wrist_flex.pos=+72.42 wrist_roll.pos=-7.56 gripper.pos=+30.18
DEBUG 2026-09-03 09:05:28 [action #113] t=4.98s step=112 queue=17 dmax=0.664 | shoulder_pan.pos=-8.97 shoulder_lift.pos=-27.21 elbow_flex.pos=+38.86 wrist_flex.pos=+71.96 wrist_roll.pos=-7.60 gripper.pos=+29.97
DEBUG 2026-09-03 09:05:28 [action #114] t=5.02s step=113 queue=16 dmax=1.192 | shoulder_pan.pos=-8.94 shoulder_lift.pos=-26.01 elbow_flex.pos=+38.95 wrist_flex.pos=+71.90 wrist_roll.pos=-7.56 gripper.pos=+30.04
DEBUG 2026-09-03 09:05:28 [action #115] t=5.05s step=114 queue=15 dmax=0.695 | shoulder_pan.pos=-9.22 shoulder_lift.pos=-25.32 elbow_flex.pos=+38.66 wrist_flex.pos=+72.06 wrist_roll.pos=-7.36 gripper.pos=+30.16
DEBUG 2026-09-03 09:05:28 [action #116] t=5.08s step=115 queue=14 dmax=1.009 | shoulder_pan.pos=-9.04 shoulder_lift.pos=-24.68 elbow_flex.pos=+37.65 wrist_flex.pos=+72.07 wrist_roll.pos=-7.40 gripper.pos=+30.25
DEBUG 2026-09-03 09:05:28 [action #117] t=5.12s step=116 queue=13 dmax=0.821 | shoulder_pan.pos=-9.11 shoulder_lift.pos=-24.35 elbow_flex.pos=+38.47 wrist_flex.pos=+72.05 wrist_roll.pos=-7.42 gripper.pos=+30.43
DEBUG 2026-09-03 09:05:28 [action #118] t=5.15s step=117 queue=12 dmax=1.920 | shoulder_pan.pos=-9.25 shoulder_lift.pos=-22.43 elbow_flex.pos=+37.25 wrist_flex.pos=+72.01 wrist_roll.pos=-7.31 gripper.pos=+30.47
DEBUG 2026-09-03 09:05:28 [action #119] t=5.18s step=118 queue=11 dmax=1.309 | shoulder_pan.pos=-9.08 shoulder_lift.pos=-21.12 elbow_flex.pos=+37.15 wrist_flex.pos=+71.97 wrist_roll.pos=-7.25 gripper.pos=+30.54
DEBUG 2026-09-03 09:05:28 [action #120] t=5.22s step=119 queue=10 dmax=0.674 | shoulder_pan.pos=-9.14 shoulder_lift.pos=-20.45 elbow_flex.pos=+36.59 wrist_flex.pos=+71.76 wrist_roll.pos=-7.32 gripper.pos=+30.63
DEBUG 2026-09-03 09:05:28 [action #121] t=5.25s step=120 queue=9 dmax=0.615 | shoulder_pan.pos=-9.22 shoulder_lift.pos=-19.83 elbow_flex.pos=+36.10 wrist_flex.pos=+71.70 wrist_roll.pos=-7.10 gripper.pos=+30.61
DEBUG 2026-09-03 09:05:28 [action #122] t=5.28s step=121 queue=8 dmax=1.133 | shoulder_pan.pos=-9.20 shoulder_lift.pos=-18.70 elbow_flex.pos=+35.62 wrist_flex.pos=+71.70 wrist_roll.pos=-7.01 gripper.pos=+30.86
DEBUG 2026-09-03 09:05:28 [action #123] t=5.32s step=122 queue=7 dmax=0.830 | shoulder_pan.pos=-9.27 shoulder_lift.pos=-17.87 elbow_flex.pos=+35.32 wrist_flex.pos=+71.62 wrist_roll.pos=-7.03 gripper.pos=+31.10
DEBUG 2026-09-03 09:05:28 [action #124] t=5.35s step=123 queue=6 dmax=0.646 | shoulder_pan.pos=-9.29 shoulder_lift.pos=-17.22 elbow_flex.pos=+35.14 wrist_flex.pos=+71.74 wrist_roll.pos=-6.94 gripper.pos=+31.39
DEBUG 2026-09-03 09:05:28 [action #125] t=5.38s step=124 queue=5 dmax=1.251 | shoulder_pan.pos=-9.27 shoulder_lift.pos=-15.97 elbow_flex.pos=+34.54 wrist_flex.pos=+71.41 wrist_roll.pos=-6.91 gripper.pos=+31.53
DEBUG 2026-09-03 09:05:28 [action #126] t=5.42s step=125 queue=4 dmax=0.841 | shoulder_pan.pos=-9.40 shoulder_lift.pos=-15.13 elbow_flex.pos=+33.74 wrist_flex.pos=+71.56 wrist_roll.pos=-6.94 gripper.pos=+31.76
DEBUG 2026-09-03 09:05:28 [action #127] t=5.45s step=126 queue=3 dmax=0.892 | shoulder_pan.pos=-9.50 shoulder_lift.pos=-14.24 elbow_flex.pos=+34.31 wrist_flex.pos=+71.55 wrist_roll.pos=-6.95 gripper.pos=+31.93
DEBUG 2026-09-03 09:05:28 [action #128] t=5.48s step=127 queue=2 dmax=1.223 | shoulder_pan.pos=-9.35 shoulder_lift.pos=-13.02 elbow_flex.pos=+33.26 wrist_flex.pos=+71.42 wrist_roll.pos=-6.81 gripper.pos=+32.06
DEBUG 2026-09-03 09:05:28 [action #129] t=5.52s step=128 queue=1 dmax=0.750 | shoulder_pan.pos=-9.52 shoulder_lift.pos=-12.27 elbow_flex.pos=+33.22 wrist_flex.pos=+71.52 wrist_roll.pos=-6.76 gripper.pos=+32.03
DEBUG 2026-09-03 09:05:28 [chunk] received 50 actions, timesteps 101..150 | first: shoulder_pan.pos=-8.41 shoulder_lift.pos=-19.01 elbow_flex.pos=+39.18 wrist_flex.pos=+71.85 wrist_roll.pos=-8.06 gripper.pos=+35.09 | last: shoulder_pan.pos=-10.32 shoulder_lift.pos=+2.55 elbow_flex.pos=+25.65 wrist_flex.pos=+74.46 wrist_roll.pos=-8.30 gripper.pos=+9.13
DEBUG 2026-09-03 09:05:28 [action #130] t=5.58s step=129 queue=22 dmax=12.257 | shoulder_pan.pos=-9.75 shoulder_lift.pos=-0.01 elbow_flex.pos=+35.21 wrist_flex.pos=+65.97 wrist_roll.pos=-7.80 gripper.pos=+33.32
DEBUG 2026-09-03 09:05:28 [action #131] t=5.62s step=130 queue=21 dmax=2.675 | shoulder_pan.pos=-9.73 shoulder_lift.pos=+0.58 elbow_flex.pos=+34.96 wrist_flex.pos=+65.91 wrist_roll.pos=-7.94 gripper.pos=+30.64
DEBUG 2026-09-03 09:05:29 [action #132] t=5.65s step=131 queue=20 dmax=3.085 | shoulder_pan.pos=-9.48 shoulder_lift.pos=+0.64 elbow_flex.pos=+34.80 wrist_flex.pos=+66.02 wrist_roll.pos=-7.78 gripper.pos=+27.56
DEBUG 2026-09-03 09:05:29 [action #133] t=5.69s step=132 queue=19 dmax=3.245 | shoulder_pan.pos=-9.66 shoulder_lift.pos=+0.27 elbow_flex.pos=+34.95 wrist_flex.pos=+66.03 wrist_roll.pos=-7.74 gripper.pos=+24.31
DEBUG 2026-09-03 09:05:29 [action #134] t=5.72s step=133 queue=18 dmax=3.150 | shoulder_pan.pos=-9.56 shoulder_lift.pos=+0.66 elbow_flex.pos=+33.89 wrist_flex.pos=+65.83 wrist_roll.pos=-7.53 gripper.pos=+21.16
DEBUG 2026-09-03 09:05:29 [action #135] t=5.75s step=134 queue=17 dmax=2.886 | shoulder_pan.pos=-9.61 shoulder_lift.pos=+1.26 elbow_flex.pos=+33.76 wrist_flex.pos=+65.81 wrist_roll.pos=-7.38 gripper.pos=+18.28
DEBUG 2026-09-03 09:05:29 [action #136] t=5.79s step=135 queue=16 dmax=2.443 | shoulder_pan.pos=-9.30 shoulder_lift.pos=+0.47 elbow_flex.pos=+34.47 wrist_flex.pos=+66.23 wrist_roll.pos=-7.31 gripper.pos=+15.84
DEBUG 2026-09-03 09:05:29 [action #137] t=5.82s step=136 queue=15 dmax=1.959 | shoulder_pan.pos=-9.61 shoulder_lift.pos=+0.71 elbow_flex.pos=+33.83 wrist_flex.pos=+65.99 wrist_roll.pos=-7.25 gripper.pos=+13.88
DEBUG 2026-09-03 09:05:29 [action #138] t=5.85s step=137 queue=14 dmax=1.515 | shoulder_pan.pos=-9.54 shoulder_lift.pos=+1.24 elbow_flex.pos=+33.53 wrist_flex.pos=+66.05 wrist_roll.pos=-7.32 gripper.pos=+12.36
DEBUG 2026-09-03 09:05:29 [action #139] t=5.89s step=138 queue=13 dmax=0.989 | shoulder_pan.pos=-9.55 shoulder_lift.pos=+1.32 elbow_flex.pos=+33.41 wrist_flex.pos=+66.21 wrist_roll.pos=-7.45 gripper.pos=+11.37
DEBUG 2026-09-03 09:05:29 [action #140] t=5.92s step=139 queue=12 dmax=0.651 | shoulder_pan.pos=-9.55 shoulder_lift.pos=+1.42 elbow_flex.pos=+33.03 wrist_flex.pos=+66.53 wrist_roll.pos=-7.35 gripper.pos=+10.72
DEBUG 2026-09-03 09:05:29 [action #141] t=5.95s step=140 queue=11 dmax=0.322 | shoulder_pan.pos=-9.62 shoulder_lift.pos=+1.10 elbow_flex.pos=+32.88 wrist_flex.pos=+66.85 wrist_roll.pos=-7.50 gripper.pos=+10.53
DEBUG 2026-09-03 09:05:29 [action #142] t=5.99s step=141 queue=10 dmax=0.979 | shoulder_pan.pos=-9.89 shoulder_lift.pos=+2.08 elbow_flex.pos=+31.90 wrist_flex.pos=+66.83 wrist_roll.pos=-7.49 gripper.pos=+10.70
DEBUG 2026-09-03 09:05:29 [action #143] t=6.02s step=142 queue=9 dmax=0.306 | shoulder_pan.pos=-9.79 shoulder_lift.pos=+2.19 elbow_flex.pos=+31.70 wrist_flex.pos=+67.14 wrist_roll.pos=-7.61 gripper.pos=+10.70
DEBUG 2026-09-03 09:05:29 [action #144] t=6.05s step=143 queue=8 dmax=0.429 | shoulder_pan.pos=-9.90 shoulder_lift.pos=+2.25 elbow_flex.pos=+31.52 wrist_flex.pos=+67.57 wrist_roll.pos=-7.63 gripper.pos=+10.64
DEBUG 2026-09-03 09:05:29 [action #145] t=6.09s step=144 queue=7 dmax=0.858 | shoulder_pan.pos=-10.08 shoulder_lift.pos=+1.74 elbow_flex.pos=+30.66 wrist_flex.pos=+67.71 wrist_roll.pos=-7.71 gripper.pos=+10.67
DEBUG 2026-09-03 09:05:29 [action #146] t=6.12s step=145 queue=6 dmax=0.642 | shoulder_pan.pos=-10.08 shoulder_lift.pos=+2.37 elbow_flex.pos=+30.35 wrist_flex.pos=+68.36 wrist_roll.pos=-7.73 gripper.pos=+10.15
DEBUG 2026-09-03 09:05:29 [action #147] t=6.15s step=146 queue=5 dmax=1.009 | shoulder_pan.pos=-9.96 shoulder_lift.pos=+2.84 elbow_flex.pos=+29.51 wrist_flex.pos=+69.36 wrist_roll.pos=-7.73 gripper.pos=+9.76
DEBUG 2026-09-03 09:05:29 [action #148] t=6.19s step=147 queue=4 dmax=0.973 | shoulder_pan.pos=-10.01 shoulder_lift.pos=+2.94 elbow_flex.pos=+29.19 wrist_flex.pos=+70.34 wrist_roll.pos=-7.98 gripper.pos=+9.46
DEBUG 2026-09-03 09:05:29 [action #149] t=6.22s step=148 queue=3 dmax=1.456 | shoulder_pan.pos=-10.21 shoulder_lift.pos=+2.40 elbow_flex.pos=+28.16 wrist_flex.pos=+71.79 wrist_roll.pos=-8.14 gripper.pos=+9.24
DEBUG 2026-09-03 09:05:29 [action #150] t=6.25s step=149 queue=2 dmax=1.531 | shoulder_pan.pos=-10.14 shoulder_lift.pos=+2.98 elbow_flex.pos=+26.63 wrist_flex.pos=+73.05 wrist_roll.pos=-8.13 gripper.pos=+9.17
DEBUG 2026-09-03 09:05:29 [action #151] t=6.29s step=150 queue=1 dmax=1.412 | shoulder_pan.pos=-10.32 shoulder_lift.pos=+2.55 elbow_flex.pos=+25.65 wrist_flex.pos=+74.46 wrist_roll.pos=-8.30 gripper.pos=+9.13
DEBUG 2026-09-03 09:05:29 [chunk] received 50 actions, timesteps 128..177 | first: shoulder_pan.pos=-9.83 shoulder_lift.pos=-12.35 elbow_flex.pos=+36.65 wrist_flex.pos=+71.92 wrist_roll.pos=-7.77 gripper.pos=+32.61 | last: shoulder_pan.pos=-13.96 shoulder_lift.pos=-4.95 elbow_flex.pos=+22.79 wrist_flex.pos=+81.75 wrist_roll.pos=-8.34 gripper.pos=+8.22
DEBUG 2026-09-03 09:05:29 [action #152] t=6.55s step=151 queue=27 dmax=22.664 | shoulder_pan.pos=-10.17 shoulder_lift.pos=+4.51 elbow_flex.pos=+33.43 wrist_flex.pos=+68.09 wrist_roll.pos=-7.23 gripper.pos=+31.80
DEBUG 2026-09-03 09:05:29 [action #153] t=6.59s step=152 queue=26 dmax=2.538 | shoulder_pan.pos=-10.12 shoulder_lift.pos=+5.45 elbow_flex.pos=+32.79 wrist_flex.pos=+68.18 wrist_roll.pos=-7.28 gripper.pos=+29.26
DEBUG 2026-09-03 09:05:30 [action #154] t=6.62s step=153 queue=25 dmax=4.019 | shoulder_pan.pos=-10.36 shoulder_lift.pos=+5.02 elbow_flex.pos=+32.57 wrist_flex.pos=+68.37 wrist_roll.pos=-7.39 gripper.pos=+25.24
DEBUG 2026-09-03 09:05:30 [action #155] t=6.65s step=154 queue=24 dmax=4.170 | shoulder_pan.pos=-10.09 shoulder_lift.pos=+4.42 elbow_flex.pos=+32.34 wrist_flex.pos=+68.38 wrist_roll.pos=-7.35 gripper.pos=+21.07
DEBUG 2026-09-03 09:05:30 [action #156] t=6.69s step=155 queue=23 dmax=4.162 | shoulder_pan.pos=-10.11 shoulder_lift.pos=+3.58 elbow_flex.pos=+31.48 wrist_flex.pos=+68.26 wrist_roll.pos=-7.51 gripper.pos=+16.91
DEBUG 2026-09-03 09:05:30 [action #157] t=6.72s step=156 queue=22 dmax=3.472 | shoulder_pan.pos=-10.47 shoulder_lift.pos=+4.63 elbow_flex.pos=+32.10 wrist_flex.pos=+68.27 wrist_roll.pos=-7.27 gripper.pos=+13.44
DEBUG 2026-09-03 09:05:30 [action #158] t=6.75s step=157 queue=21 dmax=2.050 | shoulder_pan.pos=-10.14 shoulder_lift.pos=+4.74 elbow_flex.pos=+30.92 wrist_flex.pos=+68.28 wrist_roll.pos=-7.33 gripper.pos=+11.39
DEBUG 2026-09-03 09:05:30 [action #159] t=6.79s step=158 queue=20 dmax=1.143 | shoulder_pan.pos=-10.58 shoulder_lift.pos=+3.60 elbow_flex.pos=+31.57 wrist_flex.pos=+68.47 wrist_roll.pos=-7.34 gripper.pos=+10.32
DEBUG 2026-09-03 09:05:30 [action #160] t=6.82s step=159 queue=19 dmax=0.956 | shoulder_pan.pos=-11.08 shoulder_lift.pos=+4.34 elbow_flex.pos=+30.62 wrist_flex.pos=+68.41 wrist_roll.pos=-7.50 gripper.pos=+9.79
DEBUG 2026-09-03 09:05:30 [action #161] t=6.85s step=160 queue=18 dmax=0.536 | shoulder_pan.pos=-11.15 shoulder_lift.pos=+3.80 elbow_flex.pos=+30.59 wrist_flex.pos=+68.65 wrist_roll.pos=-7.53 gripper.pos=+9.61
DEBUG 2026-09-03 09:05:30 [action #162] t=6.89s step=161 queue=17 dmax=0.353 | shoulder_pan.pos=-11.50 shoulder_lift.pos=+3.82 elbow_flex.pos=+30.62 wrist_flex.pos=+68.99 wrist_roll.pos=-7.63 gripper.pos=+9.40
DEBUG 2026-09-03 09:05:30 [action #163] t=6.92s step=162 queue=16 dmax=0.857 | shoulder_pan.pos=-11.91 shoulder_lift.pos=+2.96 elbow_flex.pos=+30.25 wrist_flex.pos=+68.80 wrist_roll.pos=-7.49 gripper.pos=+8.90
DEBUG 2026-09-03 09:05:30 [action #164] t=6.96s step=163 queue=15 dmax=0.376 | shoulder_pan.pos=-12.04 shoulder_lift.pos=+3.34 elbow_flex.pos=+30.26 wrist_flex.pos=+69.13 wrist_roll.pos=-7.58 gripper.pos=+8.94
DEBUG 2026-09-03 09:05:30 [action #165] t=6.99s step=164 queue=14 dmax=1.069 | shoulder_pan.pos=-12.29 shoulder_lift.pos=+4.11 elbow_flex.pos=+29.19 wrist_flex.pos=+69.31 wrist_roll.pos=-7.80 gripper.pos=+9.15
DEBUG 2026-09-03 09:05:30 [action #166] t=7.02s step=165 queue=13 dmax=0.342 | shoulder_pan.pos=-12.38 shoulder_lift.pos=+3.99 elbow_flex.pos=+29.48 wrist_flex.pos=+69.65 wrist_roll.pos=-7.63 gripper.pos=+8.84
DEBUG 2026-09-03 09:05:30 [action #167] t=7.06s step=166 queue=12 dmax=0.526 | shoulder_pan.pos=-12.64 shoulder_lift.pos=+3.46 elbow_flex.pos=+29.42 wrist_flex.pos=+70.04 wrist_roll.pos=-7.64 gripper.pos=+8.57
DEBUG 2026-09-03 09:05:30 [action #168] t=7.09s step=167 queue=11 dmax=0.528 | shoulder_pan.pos=-12.63 shoulder_lift.pos=+3.27 elbow_flex.pos=+28.89 wrist_flex.pos=+70.43 wrist_roll.pos=-7.68 gripper.pos=+8.48
DEBUG 2026-09-03 09:05:30 [action #169] t=7.12s step=168 queue=10 dmax=0.735 | shoulder_pan.pos=-12.89 shoulder_lift.pos=+3.86 elbow_flex.pos=+28.63 wrist_flex.pos=+71.16 wrist_roll.pos=-7.84 gripper.pos=+8.06
DEBUG 2026-09-03 09:05:30 [action #170] t=7.16s step=169 queue=9 dmax=0.750 | shoulder_pan.pos=-13.06 shoulder_lift.pos=+3.29 elbow_flex.pos=+27.88 wrist_flex.pos=+71.81 wrist_roll.pos=-7.89 gripper.pos=+7.96
DEBUG 2026-09-03 09:05:30 [action #171] t=7.19s step=170 queue=8 dmax=1.185 | shoulder_pan.pos=-13.18 shoulder_lift.pos=+2.74 elbow_flex.pos=+27.29 wrist_flex.pos=+72.99 wrist_roll.pos=-7.96 gripper.pos=+7.93
DEBUG 2026-09-03 09:05:30 [action #172] t=7.22s step=171 queue=7 dmax=1.213 | shoulder_pan.pos=-13.46 shoulder_lift.pos=+2.05 elbow_flex.pos=+26.35 wrist_flex.pos=+74.20 wrist_roll.pos=-7.94 gripper.pos=+7.88
DEBUG 2026-09-03 09:05:30 [action #173] t=7.26s step=172 queue=6 dmax=1.058 | shoulder_pan.pos=-13.37 shoulder_lift.pos=+1.00 elbow_flex.pos=+25.92 wrist_flex.pos=+75.26 wrist_roll.pos=-8.09 gripper.pos=+8.12
DEBUG 2026-09-03 09:05:30 [action #174] t=7.29s step=173 queue=5 dmax=1.360 | shoulder_pan.pos=-13.49 shoulder_lift.pos=+0.21 elbow_flex.pos=+25.02 wrist_flex.pos=+76.62 wrist_roll.pos=-8.11 gripper.pos=+8.25
DEBUG 2026-09-03 09:05:30 [action #175] t=7.32s step=174 queue=4 dmax=1.281 | shoulder_pan.pos=-13.61 shoulder_lift.pos=-0.81 elbow_flex.pos=+24.30 wrist_flex.pos=+77.90 wrist_roll.pos=-8.08 gripper.pos=+8.31
DEBUG 2026-09-03 09:05:30 [chunk] received 50 actions, timesteps 150..199 | first: shoulder_pan.pos=-9.59 shoulder_lift.pos=-1.78 elbow_flex.pos=+21.79 wrist_flex.pos=+76.22 wrist_roll.pos=-8.56 gripper.pos=+7.25 | last: shoulder_pan.pos=+23.49 shoulder_lift.pos=-16.45 elbow_flex.pos=+7.76 wrist_flex.pos=+79.59 wrist_roll.pos=+7.64 gripper.pos=+7.57
DEBUG 2026-09-03 09:05:30 [action #176] t=7.36s step=175 queue=25 dmax=18.823 | shoulder_pan.pos=-5.49 shoulder_lift.pos=-19.63 elbow_flex.pos=+19.34 wrist_flex.pos=+88.49 wrist_roll.pos=-6.58 gripper.pos=+7.32
DEBUG 2026-09-03 09:05:30 [action #177] t=7.39s step=176 queue=24 dmax=0.675 | shoulder_pan.pos=-4.81 shoulder_lift.pos=-19.94 elbow_flex.pos=+18.98 wrist_flex.pos=+88.88 wrist_roll.pos=-6.03 gripper.pos=+7.24
DEBUG 2026-09-03 09:05:30 [action #178] t=7.42s step=177 queue=23 dmax=0.855 | shoulder_pan.pos=-3.96 shoulder_lift.pos=-20.43 elbow_flex.pos=+18.87 wrist_flex.pos=+89.22 wrist_roll.pos=-5.70 gripper.pos=+7.22
DEBUG 2026-09-03 09:05:30 [action #179] t=7.46s step=178 queue=22 dmax=6.762 | shoulder_pan.pos=+1.53 shoulder_lift.pos=-27.19 elbow_flex.pos=+16.66 wrist_flex.pos=+92.53 wrist_roll.pos=-3.87 gripper.pos=+6.89
DEBUG 2026-09-03 09:05:30 [action #180] t=7.49s step=179 queue=21 dmax=1.476 | shoulder_pan.pos=+3.01 shoulder_lift.pos=-26.97 elbow_flex.pos=+15.35 wrist_flex.pos=+92.25 wrist_roll.pos=-3.10 gripper.pos=+6.97
DEBUG 2026-09-03 09:05:30 [action #181] t=7.52s step=180 queue=20 dmax=1.098 | shoulder_pan.pos=+4.10 shoulder_lift.pos=-27.36 elbow_flex.pos=+16.02 wrist_flex.pos=+92.29 wrist_roll.pos=-2.23 gripper.pos=+6.85
DEBUG 2026-09-03 09:05:30 [action #182] t=7.56s step=181 queue=19 dmax=1.346 | shoulder_pan.pos=+5.45 shoulder_lift.pos=-27.62 elbow_flex.pos=+15.32 wrist_flex.pos=+91.95 wrist_roll.pos=-1.19 gripper.pos=+6.86
DEBUG 2026-09-03 09:05:30 [action #183] t=7.59s step=182 queue=18 dmax=1.487 | shoulder_pan.pos=+6.94 shoulder_lift.pos=-27.46 elbow_flex.pos=+14.44 wrist_flex.pos=+92.10 wrist_roll.pos=-0.26 gripper.pos=+6.91
DEBUG 2026-09-03 09:05:31 [action #184] t=7.62s step=183 queue=17 dmax=1.380 | shoulder_pan.pos=+8.32 shoulder_lift.pos=-27.42 elbow_flex.pos=+14.04 wrist_flex.pos=+91.96 wrist_roll.pos=+1.00 gripper.pos=+6.77
DEBUG 2026-09-03 09:05:31 [action #185] t=7.66s step=184 queue=16 dmax=1.208 | shoulder_pan.pos=+9.52 shoulder_lift.pos=-27.63 elbow_flex.pos=+13.26 wrist_flex.pos=+91.72 wrist_roll.pos=+1.76 gripper.pos=+6.94
DEBUG 2026-09-03 09:05:31 [action #186] t=7.69s step=185 queue=15 dmax=1.198 | shoulder_pan.pos=+10.72 shoulder_lift.pos=-26.54 elbow_flex.pos=+12.48 wrist_flex.pos=+91.51 wrist_roll.pos=+2.62 gripper.pos=+7.03
DEBUG 2026-09-03 09:05:31 [action #187] t=7.72s step=186 queue=14 dmax=1.779 | shoulder_pan.pos=+12.50 shoulder_lift.pos=-25.68 elbow_flex.pos=+12.00 wrist_flex.pos=+91.24 wrist_roll.pos=+3.60 gripper.pos=+6.88
DEBUG 2026-09-03 09:05:31 [action #188] t=7.76s step=187 queue=13 dmax=0.979 | shoulder_pan.pos=+13.48 shoulder_lift.pos=-26.01 elbow_flex.pos=+12.15 wrist_flex.pos=+90.53 wrist_roll.pos=+4.23 gripper.pos=+7.08
DEBUG 2026-09-03 09:05:31 [action #189] t=7.79s step=188 queue=12 dmax=1.238 | shoulder_pan.pos=+14.72 shoulder_lift.pos=-25.90 elbow_flex.pos=+11.30 wrist_flex.pos=+90.03 wrist_roll.pos=+4.91 gripper.pos=+7.21
DEBUG 2026-09-03 09:05:31 [action #190] t=7.82s step=189 queue=11 dmax=1.583 | shoulder_pan.pos=+16.09 shoulder_lift.pos=-25.33 elbow_flex.pos=+9.72 wrist_flex.pos=+89.08 wrist_roll.pos=+5.45 gripper.pos=+7.12
DEBUG 2026-09-03 09:05:31 [action #191] t=7.86s step=190 queue=10 dmax=1.200 | shoulder_pan.pos=+17.01 shoulder_lift.pos=-24.13 elbow_flex.pos=+10.80 wrist_flex.pos=+88.17 wrist_roll.pos=+5.92 gripper.pos=+7.15
DEBUG 2026-09-03 09:05:31 [action #192] t=7.89s step=191 queue=9 dmax=0.855 | shoulder_pan.pos=+17.87 shoulder_lift.pos=-24.32 elbow_flex.pos=+10.21 wrist_flex.pos=+87.32 wrist_roll.pos=+6.22 gripper.pos=+7.11
DEBUG 2026-09-03 09:05:31 [action #193] t=7.93s step=192 queue=8 dmax=1.424 | shoulder_pan.pos=+18.74 shoulder_lift.pos=-22.99 elbow_flex.pos=+9.21 wrist_flex.pos=+85.89 wrist_roll.pos=+6.42 gripper.pos=+7.25
DEBUG 2026-09-03 09:05:31 [action #194] t=7.96s step=193 queue=7 dmax=0.956 | shoulder_pan.pos=+19.70 shoulder_lift.pos=-22.44 elbow_flex.pos=+9.56 wrist_flex.pos=+85.06 wrist_roll.pos=+6.62 gripper.pos=+7.29
DEBUG 2026-09-03 09:05:31 [action #195] t=7.99s step=194 queue=6 dmax=1.327 | shoulder_pan.pos=+20.50 shoulder_lift.pos=-21.11 elbow_flex.pos=+9.55 wrist_flex.pos=+84.10 wrist_roll.pos=+6.60 gripper.pos=+7.35
DEBUG 2026-09-03 09:05:31 [action #196] t=8.03s step=195 queue=5 dmax=1.000 | shoulder_pan.pos=+21.25 shoulder_lift.pos=-20.36 elbow_flex.pos=+9.46 wrist_flex.pos=+83.10 wrist_roll.pos=+6.80 gripper.pos=+7.44
DEBUG 2026-09-03 09:05:31 [action #197] t=8.06s step=196 queue=4 dmax=0.967 | shoulder_pan.pos=+21.67 shoulder_lift.pos=-19.61 elbow_flex.pos=+8.49 wrist_flex.pos=+82.29 wrist_roll.pos=+6.85 gripper.pos=+7.23
DEBUG 2026-09-03 09:05:31 [action #198] t=8.09s step=197 queue=3 dmax=1.741 | shoulder_pan.pos=+22.70 shoulder_lift.pos=-17.87 elbow_flex.pos=+8.34 wrist_flex.pos=+81.56 wrist_roll.pos=+7.03 gripper.pos=+7.35
DEBUG 2026-09-03 09:05:31 [action #199] t=8.13s step=198 queue=2 dmax=1.038 | shoulder_pan.pos=+23.16 shoulder_lift.pos=-17.53 elbow_flex.pos=+7.30 wrist_flex.pos=+80.69 wrist_roll.pos=+7.18 gripper.pos=+7.37
DEBUG 2026-09-03 09:05:31 [action #200] t=8.16s step=199 queue=1 dmax=1.106 | shoulder_pan.pos=+23.49 shoulder_lift.pos=-16.45 elbow_flex.pos=+7.76 wrist_flex.pos=+79.59 wrist_roll.pos=+7.64 gripper.pos=+7.57
DEBUG 2026-09-03 09:05:31 [chunk] received 50 actions, timesteps 174..223 | first: shoulder_pan.pos=-12.34 shoulder_lift.pos=+0.07 elbow_flex.pos=+22.35 wrist_flex.pos=+75.04 wrist_roll.pos=-7.91 gripper.pos=+6.56 | last: shoulder_pan.pos=+23.43 shoulder_lift.pos=-14.25 elbow_flex.pos=+6.59 wrist_flex.pos=+81.44 wrist_roll.pos=+7.45 gripper.pos=+7.35
DEBUG 2026-09-03 09:05:31 [action #201] t=8.26s step=200 queue=24 dmax=24.049 | shoulder_pan.pos=-0.56 shoulder_lift.pos=-23.58 elbow_flex.pos=+13.20 wrist_flex.pos=+91.70 wrist_roll.pos=-5.54 gripper.pos=+6.75
DEBUG 2026-09-03 09:05:31 [action #202] t=8.29s step=201 queue=23 dmax=1.611 | shoulder_pan.pos=+1.05 shoulder_lift.pos=-24.54 elbow_flex.pos=+12.49 wrist_flex.pos=+91.70 wrist_roll.pos=-4.77 gripper.pos=+6.76
DEBUG 2026-09-03 09:05:31 [action #203] t=8.33s step=202 queue=22 dmax=1.069 | shoulder_pan.pos=+2.12 shoulder_lift.pos=-23.97 elbow_flex.pos=+12.93 wrist_flex.pos=+91.73 wrist_roll.pos=-3.81 gripper.pos=+6.76
DEBUG 2026-09-03 09:05:31 [action #204] t=8.36s step=203 queue=21 dmax=1.510 | shoulder_pan.pos=+3.63 shoulder_lift.pos=-23.68 elbow_flex.pos=+12.32 wrist_flex.pos=+91.42 wrist_roll.pos=-2.98 gripper.pos=+6.91
DEBUG 2026-09-03 09:05:31 [action #205] t=8.39s step=204 queue=20 dmax=1.468 | shoulder_pan.pos=+5.10 shoulder_lift.pos=-24.23 elbow_flex.pos=+12.72 wrist_flex.pos=+91.40 wrist_roll.pos=-1.84 gripper.pos=+6.78
DEBUG 2026-09-03 09:05:31 [action #206] t=8.43s step=205 queue=19 dmax=1.572 | shoulder_pan.pos=+6.63 shoulder_lift.pos=-22.66 elbow_flex.pos=+12.32 wrist_flex.pos=+90.95 wrist_roll.pos=-1.29 gripper.pos=+6.79
DEBUG 2026-09-03 09:05:31 [action #207] t=8.46s step=206 queue=18 dmax=1.527 | shoulder_pan.pos=+8.16 shoulder_lift.pos=-23.10 elbow_flex.pos=+12.74 wrist_flex.pos=+90.73 wrist_roll.pos=-0.58 gripper.pos=+6.90
DEBUG 2026-09-03 09:05:31 [action #208] t=8.49s step=207 queue=17 dmax=1.401 | shoulder_pan.pos=+9.56 shoulder_lift.pos=-22.24 elbow_flex.pos=+11.67 wrist_flex.pos=+90.52 wrist_roll.pos=+0.07 gripper.pos=+6.91
DEBUG 2026-09-03 09:05:31 [action #209] t=8.53s step=208 queue=16 dmax=1.218 | shoulder_pan.pos=+10.78 shoulder_lift.pos=-22.23 elbow_flex.pos=+12.15 wrist_flex.pos=+89.76 wrist_roll.pos=+0.72 gripper.pos=+6.93
DEBUG 2026-09-03 09:05:31 [action #210] t=8.56s step=209 queue=15 dmax=1.040 | shoulder_pan.pos=+11.82 shoulder_lift.pos=-21.85 elbow_flex.pos=+12.08 wrist_flex.pos=+89.59 wrist_roll.pos=+1.58 gripper.pos=+6.92
DEBUG 2026-09-03 09:05:31 [action #211] t=8.59s step=210 queue=14 dmax=0.936 | shoulder_pan.pos=+12.75 shoulder_lift.pos=-21.94 elbow_flex.pos=+11.59 wrist_flex.pos=+88.78 wrist_roll.pos=+2.50 gripper.pos=+6.94
DEBUG 2026-09-03 09:05:32 [action #212] t=8.63s step=211 queue=13 dmax=1.456 | shoulder_pan.pos=+14.21 shoulder_lift.pos=-20.64 elbow_flex.pos=+11.95 wrist_flex.pos=+88.48 wrist_roll.pos=+3.29 gripper.pos=+7.06
DEBUG 2026-09-03 09:05:32 [action #213] t=8.66s step=212 queue=12 dmax=1.146 | shoulder_pan.pos=+15.04 shoulder_lift.pos=-20.77 elbow_flex.pos=+10.80 wrist_flex.pos=+87.78 wrist_roll.pos=+3.81 gripper.pos=+7.01
DEBUG 2026-09-03 09:05:32 [action #214] t=8.69s step=213 queue=11 dmax=1.023 | shoulder_pan.pos=+16.07 shoulder_lift.pos=-19.77 elbow_flex.pos=+10.41 wrist_flex.pos=+87.25 wrist_roll.pos=+4.39 gripper.pos=+7.03
DEBUG 2026-09-03 09:05:32 [action #215] t=8.73s step=214 queue=10 dmax=1.320 | shoulder_pan.pos=+17.39 shoulder_lift.pos=-19.43 elbow_flex.pos=+9.91 wrist_flex.pos=+86.75 wrist_roll.pos=+4.95 gripper.pos=+6.93
DEBUG 2026-09-03 09:05:32 [action #216] t=8.76s step=215 queue=9 dmax=1.127 | shoulder_pan.pos=+18.44 shoulder_lift.pos=-18.31 elbow_flex.pos=+9.77 wrist_flex.pos=+86.05 wrist_roll.pos=+5.32 gripper.pos=+7.18
DEBUG 2026-09-03 09:05:32 [action #217] t=8.79s step=216 queue=8 dmax=0.858 | shoulder_pan.pos=+19.29 shoulder_lift.pos=-18.34 elbow_flex.pos=+9.04 wrist_flex.pos=+85.51 wrist_roll.pos=+5.65 gripper.pos=+7.21
DEBUG 2026-09-03 09:05:32 [action #218] t=8.83s step=217 queue=7 dmax=1.547 | shoulder_pan.pos=+20.13 shoulder_lift.pos=-16.79 elbow_flex.pos=+7.87 wrist_flex.pos=+84.81 wrist_roll.pos=+5.95 gripper.pos=+7.14
DEBUG 2026-09-03 09:05:32 [action #219] t=8.86s step=218 queue=6 dmax=0.534 | shoulder_pan.pos=+20.66 shoulder_lift.pos=-16.43 elbow_flex.pos=+8.29 wrist_flex.pos=+84.52 wrist_roll.pos=+6.13 gripper.pos=+6.96
DEBUG 2026-09-03 09:05:32 [action #220] t=8.89s step=219 queue=5 dmax=0.911 | shoulder_pan.pos=+21.57 shoulder_lift.pos=-16.15 elbow_flex.pos=+7.74 wrist_flex.pos=+83.64 wrist_roll.pos=+6.40 gripper.pos=+7.15
DEBUG 2026-09-03 09:05:32 [action #221] t=8.93s step=220 queue=4 dmax=0.473 | shoulder_pan.pos=+22.05 shoulder_lift.pos=-16.13 elbow_flex.pos=+7.56 wrist_flex.pos=+83.59 wrist_roll.pos=+6.87 gripper.pos=+7.31
DEBUG 2026-09-03 09:05:32 [action #222] t=8.96s step=221 queue=3 dmax=0.812 | shoulder_pan.pos=+22.59 shoulder_lift.pos=-15.32 elbow_flex.pos=+7.20 wrist_flex.pos=+83.21 wrist_roll.pos=+6.93 gripper.pos=+7.00
DEBUG 2026-09-03 09:05:32 [action #223] t=9.00s step=222 queue=2 dmax=1.035 | shoulder_pan.pos=+23.10 shoulder_lift.pos=-14.93 elbow_flex.pos=+7.23 wrist_flex.pos=+82.18 wrist_roll.pos=+7.18 gripper.pos=+7.13
DEBUG 2026-09-03 09:05:32 [action #224] t=9.03s step=223 queue=1 dmax=0.735 | shoulder_pan.pos=+23.43 shoulder_lift.pos=-14.25 elbow_flex.pos=+6.59 wrist_flex.pos=+81.44 wrist_roll.pos=+7.45 gripper.pos=+7.35
DEBUG 2026-09-03 09:05:32 [chunk] received 50 actions, timesteps 199..248 | first: shoulder_pan.pos=+25.57 shoulder_lift.pos=-23.02 elbow_flex.pos=+11.64 wrist_flex.pos=+80.39 wrist_roll.pos=+7.59 gripper.pos=+6.27 | last: shoulder_pan.pos=+38.55 shoulder_lift.pos=+5.49 elbow_flex.pos=+8.42 wrist_flex.pos=+61.14 wrist_roll.pos=+13.69 gripper.pos=+30.08
DEBUG 2026-09-03 09:05:32 [action #225] t=9.23s step=224 queue=25 dmax=17.133 | shoulder_pan.pos=+38.05 shoulder_lift.pos=-7.44 elbow_flex.pos=+12.49 wrist_flex.pos=+64.31 wrist_roll.pos=+13.54 gripper.pos=+6.69
DEBUG 2026-09-03 09:05:32 [action #226] t=9.26s step=225 queue=24 dmax=0.483 | shoulder_pan.pos=+38.37 shoulder_lift.pos=-6.95 elbow_flex.pos=+12.85 wrist_flex.pos=+64.00 wrist_roll.pos=+13.63 gripper.pos=+6.79
DEBUG 2026-09-03 09:05:32 [action #227] t=9.30s step=226 queue=23 dmax=0.519 | shoulder_pan.pos=+38.19 shoulder_lift.pos=-6.45 elbow_flex.pos=+12.59 wrist_flex.pos=+63.48 wrist_roll.pos=+13.70 gripper.pos=+6.72
DEBUG 2026-09-03 09:05:32 [action #228] t=9.33s step=227 queue=22 dmax=1.146 | shoulder_pan.pos=+38.64 shoulder_lift.pos=-5.31 elbow_flex.pos=+12.41 wrist_flex.pos=+63.00 wrist_roll.pos=+13.82 gripper.pos=+6.66
DEBUG 2026-09-03 09:05:32 [action #229] t=9.36s step=228 queue=21 dmax=0.728 | shoulder_pan.pos=+38.62 shoulder_lift.pos=-4.58 elbow_flex.pos=+12.17 wrist_flex.pos=+62.51 wrist_roll.pos=+13.79 gripper.pos=+6.72
DEBUG 2026-09-03 09:05:32 [action #230] t=9.40s step=229 queue=20 dmax=1.237 | shoulder_pan.pos=+38.75 shoulder_lift.pos=-3.34 elbow_flex.pos=+12.29 wrist_flex.pos=+62.23 wrist_roll.pos=+13.86 gripper.pos=+6.76
DEBUG 2026-09-03 09:05:32 [action #231] t=9.43s step=230 queue=19 dmax=1.567 | shoulder_pan.pos=+39.06 shoulder_lift.pos=-1.77 elbow_flex.pos=+11.06 wrist_flex.pos=+61.69 wrist_roll.pos=+13.84 gripper.pos=+6.71
DEBUG 2026-09-03 09:05:32 [action #232] t=9.46s step=231 queue=18 dmax=0.239 | shoulder_pan.pos=+39.09 shoulder_lift.pos=-1.53 elbow_flex.pos=+11.04 wrist_flex.pos=+61.58 wrist_roll.pos=+13.85 gripper.pos=+6.71
DEBUG 2026-09-03 09:05:32 [action #233] t=9.50s step=232 queue=17 dmax=0.655 | shoulder_pan.pos=+39.51 shoulder_lift.pos=-0.88 elbow_flex.pos=+11.60 wrist_flex.pos=+61.46 wrist_roll.pos=+13.87 gripper.pos=+6.53
DEBUG 2026-09-03 09:05:32 [action #234] t=9.53s step=233 queue=16 dmax=1.411 | shoulder_pan.pos=+39.33 shoulder_lift.pos=+0.53 elbow_flex.pos=+10.84 wrist_flex.pos=+61.07 wrist_roll.pos=+14.00 gripper.pos=+6.66
DEBUG 2026-09-03 09:05:32 [action #235] t=9.56s step=234 queue=15 dmax=0.383 | shoulder_pan.pos=+39.69 shoulder_lift.pos=+0.71 elbow_flex.pos=+10.84 wrist_flex.pos=+60.68 wrist_roll.pos=+14.02 gripper.pos=+6.89
DEBUG 2026-09-03 09:05:32 [action #236] t=9.60s step=235 queue=14 dmax=1.130 | shoulder_pan.pos=+39.42 shoulder_lift.pos=+1.84 elbow_flex.pos=+9.80 wrist_flex.pos=+60.77 wrist_roll.pos=+14.00 gripper.pos=+7.46
DEBUG 2026-09-03 09:05:33 [action #237] t=9.63s step=236 queue=13 dmax=0.901 | shoulder_pan.pos=+39.45 shoulder_lift.pos=+2.06 elbow_flex.pos=+9.61 wrist_flex.pos=+60.59 wrist_roll.pos=+14.11 gripper.pos=+8.36
DEBUG 2026-09-03 09:05:33 [action #238] t=9.66s step=237 queue=12 dmax=1.558 | shoulder_pan.pos=+39.52 shoulder_lift.pos=+3.26 elbow_flex.pos=+8.49 wrist_flex.pos=+60.52 wrist_roll.pos=+14.06 gripper.pos=+9.92
DEBUG 2026-09-03 09:05:33 [action #239] t=9.70s step=238 queue=11 dmax=1.711 | shoulder_pan.pos=+39.89 shoulder_lift.pos=+3.92 elbow_flex.pos=+8.20 wrist_flex.pos=+60.77 wrist_roll.pos=+13.87 gripper.pos=+11.63
DEBUG 2026-09-03 09:05:33 [action #240] t=9.73s step=239 queue=10 dmax=3.001 | shoulder_pan.pos=+39.63 shoulder_lift.pos=+4.98 elbow_flex.pos=+8.35 wrist_flex.pos=+60.60 wrist_roll.pos=+13.95 gripper.pos=+14.63
DEBUG 2026-09-03 09:05:33 [action #241] t=9.76s step=240 queue=9 dmax=3.147 | shoulder_pan.pos=+39.57 shoulder_lift.pos=+5.42 elbow_flex.pos=+8.14 wrist_flex.pos=+60.60 wrist_roll.pos=+14.07 gripper.pos=+17.78
DEBUG 2026-09-03 09:05:33 [action #242] t=9.80s step=241 queue=8 dmax=3.150 | shoulder_pan.pos=+39.54 shoulder_lift.pos=+5.65 elbow_flex.pos=+8.27 wrist_flex.pos=+60.74 wrist_roll.pos=+14.07 gripper.pos=+20.93
DEBUG 2026-09-03 09:05:33 [action #243] t=9.83s step=242 queue=7 dmax=2.562 | shoulder_pan.pos=+39.50 shoulder_lift.pos=+5.26 elbow_flex.pos=+8.11 wrist_flex.pos=+60.95 wrist_roll.pos=+14.06 gripper.pos=+23.49
DEBUG 2026-09-03 09:05:33 [action #244] t=9.86s step=243 queue=6 dmax=2.216 | shoulder_pan.pos=+39.33 shoulder_lift.pos=+5.57 elbow_flex.pos=+8.63 wrist_flex.pos=+60.74 wrist_roll.pos=+14.00 gripper.pos=+25.71
DEBUG 2026-09-03 09:05:33 [action #245] t=9.90s step=244 queue=5 dmax=1.405 | shoulder_pan.pos=+39.17 shoulder_lift.pos=+5.49 elbow_flex.pos=+8.19 wrist_flex.pos=+60.51 wrist_roll.pos=+13.98 gripper.pos=+27.11
DEBUG 2026-09-03 09:05:33 [action #246] t=9.93s step=245 queue=4 dmax=0.954 | shoulder_pan.pos=+39.20 shoulder_lift.pos=+5.82 elbow_flex.pos=+8.75 wrist_flex.pos=+60.43 wrist_roll.pos=+13.96 gripper.pos=+28.06
DEBUG 2026-09-03 09:05:33 [action #247] t=9.97s step=246 queue=3 dmax=0.816 | shoulder_pan.pos=+38.92 shoulder_lift.pos=+5.90 elbow_flex.pos=+8.52 wrist_flex.pos=+60.68 wrist_roll.pos=+13.88 gripper.pos=+28.88
DEBUG 2026-09-03 09:05:33 [action #248] t=10.00s step=247 queue=2 dmax=0.524 | shoulder_pan.pos=+38.70 shoulder_lift.pos=+6.06 elbow_flex.pos=+8.68 wrist_flex.pos=+60.59 wrist_roll.pos=+13.83 gripper.pos=+29.40
DEBUG 2026-09-03 09:05:33 [action #249] t=10.03s step=248 queue=1 dmax=0.673 | shoulder_pan.pos=+38.55 shoulder_lift.pos=+5.49 elbow_flex.pos=+8.42 wrist_flex.pos=+61.14 wrist_roll.pos=+13.69 gripper.pos=+30.08
DEBUG 2026-09-03 09:05:33 [chunk] received 50 actions, timesteps 223..272 | first: shoulder_pan.pos=+24.83 shoulder_lift.pos=-19.96 elbow_flex.pos=+10.23 wrist_flex.pos=+81.07 wrist_roll.pos=+7.54 gripper.pos=+5.99 | last: shoulder_pan.pos=+37.11 shoulder_lift.pos=+4.74 elbow_flex.pos=+8.10 wrist_flex.pos=+63.58 wrist_roll.pos=+11.21 gripper.pos=+32.74
DEBUG 2026-09-03 09:05:33 [action #250] t=10.10s step=249 queue=24 dmax=23.335 | shoulder_pan.pos=+37.69 shoulder_lift.pos=-3.79 elbow_flex.pos=+10.01 wrist_flex.pos=+63.37 wrist_roll.pos=+11.35 gripper.pos=+6.74
DEBUG 2026-09-03 09:05:33 [action #251] t=10.13s step=250 queue=23 dmax=0.983 | shoulder_pan.pos=+37.83 shoulder_lift.pos=-2.81 elbow_flex.pos=+9.54 wrist_flex.pos=+62.96 wrist_roll.pos=+11.47 gripper.pos=+6.64
DEBUG 2026-09-03 09:05:33 [action #252] t=10.17s step=251 queue=22 dmax=0.980 | shoulder_pan.pos=+37.89 shoulder_lift.pos=-1.83 elbow_flex.pos=+9.70 wrist_flex.pos=+62.79 wrist_roll.pos=+11.48 gripper.pos=+6.50
DEBUG 2026-09-03 09:05:33 [action #253] t=10.20s step=252 queue=21 dmax=1.113 | shoulder_pan.pos=+38.12 shoulder_lift.pos=-0.88 elbow_flex.pos=+8.59 wrist_flex.pos=+62.44 wrist_roll.pos=+11.54 gripper.pos=+6.49
DEBUG 2026-09-03 09:05:33 [action #254] t=10.23s step=253 queue=20 dmax=1.273 | shoulder_pan.pos=+37.92 shoulder_lift.pos=+0.40 elbow_flex.pos=+8.69 wrist_flex.pos=+62.32 wrist_roll.pos=+11.50 gripper.pos=+6.36
DEBUG 2026-09-03 09:05:33 [action #255] t=10.27s step=254 queue=19 dmax=0.550 | shoulder_pan.pos=+37.95 shoulder_lift.pos=+0.95 elbow_flex.pos=+8.18 wrist_flex.pos=+62.35 wrist_roll.pos=+11.52 gripper.pos=+6.42
DEBUG 2026-09-03 09:05:33 [action #256] t=10.30s step=255 queue=18 dmax=1.584 | shoulder_pan.pos=+37.88 shoulder_lift.pos=+2.53 elbow_flex.pos=+8.32 wrist_flex.pos=+62.56 wrist_roll.pos=+11.72 gripper.pos=+6.37
DEBUG 2026-09-03 09:05:33 [action #257] t=10.33s step=256 queue=17 dmax=0.376 | shoulder_pan.pos=+38.03 shoulder_lift.pos=+2.90 elbow_flex.pos=+7.95 wrist_flex.pos=+62.49 wrist_roll.pos=+11.49 gripper.pos=+6.73
DEBUG 2026-09-03 09:05:33 [action #258] t=10.37s step=257 queue=16 dmax=1.140 | shoulder_pan.pos=+38.09 shoulder_lift.pos=+3.16 elbow_flex.pos=+7.46 wrist_flex.pos=+62.43 wrist_roll.pos=+11.51 gripper.pos=+7.87
DEBUG 2026-09-03 09:05:33 [action #259] t=10.40s step=258 queue=15 dmax=2.343 | shoulder_pan.pos=+38.02 shoulder_lift.pos=+3.87 elbow_flex.pos=+7.64 wrist_flex.pos=+62.33 wrist_roll.pos=+11.43 gripper.pos=+10.21
DEBUG 2026-09-03 09:05:33 [action #260] t=10.43s step=259 queue=14 dmax=3.409 | shoulder_pan.pos=+38.08 shoulder_lift.pos=+4.60 elbow_flex.pos=+7.65 wrist_flex.pos=+62.61 wrist_roll.pos=+11.71 gripper.pos=+13.62
DEBUG 2026-09-03 09:05:33 [action #261] t=10.47s step=260 queue=13 dmax=3.497 | shoulder_pan.pos=+38.05 shoulder_lift.pos=+4.34 elbow_flex.pos=+7.65 wrist_flex.pos=+62.46 wrist_roll.pos=+11.63 gripper.pos=+17.11
DEBUG 2026-09-03 09:05:33 [action #262] t=10.50s step=261 queue=12 dmax=3.169 | shoulder_pan.pos=+37.80 shoulder_lift.pos=+4.76 elbow_flex.pos=+7.68 wrist_flex.pos=+62.52 wrist_roll.pos=+11.66 gripper.pos=+20.28
DEBUG 2026-09-03 09:05:33 [action #263] t=10.53s step=262 queue=11 dmax=2.537 | shoulder_pan.pos=+37.83 shoulder_lift.pos=+4.28 elbow_flex.pos=+7.44 wrist_flex.pos=+62.88 wrist_roll.pos=+11.47 gripper.pos=+22.82
DEBUG 2026-09-03 09:05:33 [action #264] t=10.57s step=263 queue=10 dmax=2.137 | shoulder_pan.pos=+37.75 shoulder_lift.pos=+4.88 elbow_flex.pos=+7.73 wrist_flex.pos=+63.01 wrist_roll.pos=+11.45 gripper.pos=+24.96
DEBUG 2026-09-03 09:05:33 [action #265] t=10.60s step=264 queue=9 dmax=1.710 | shoulder_pan.pos=+38.01 shoulder_lift.pos=+5.00 elbow_flex.pos=+7.16 wrist_flex.pos=+63.12 wrist_roll.pos=+11.62 gripper.pos=+26.67
DEBUG 2026-09-03 09:05:34 [action #266] t=10.63s step=265 queue=8 dmax=1.349 | shoulder_pan.pos=+37.90 shoulder_lift.pos=+4.71 elbow_flex.pos=+7.28 wrist_flex.pos=+63.18 wrist_roll.pos=+11.58 gripper.pos=+28.02
DEBUG 2026-09-03 09:05:34 [action #267] t=10.67s step=266 queue=7 dmax=1.181 | shoulder_pan.pos=+37.85 shoulder_lift.pos=+5.17 elbow_flex.pos=+7.97 wrist_flex.pos=+63.08 wrist_roll.pos=+11.50 gripper.pos=+29.20
DEBUG 2026-09-03 09:05:34 [action #268] t=10.70s step=267 queue=6 dmax=0.877 | shoulder_pan.pos=+37.85 shoulder_lift.pos=+5.20 elbow_flex.pos=+7.82 wrist_flex.pos=+62.99 wrist_roll.pos=+11.52 gripper.pos=+30.07
DEBUG 2026-09-03 09:05:34 [action #269] t=10.73s step=268 queue=5 dmax=0.807 | shoulder_pan.pos=+37.92 shoulder_lift.pos=+4.51 elbow_flex.pos=+7.51 wrist_flex.pos=+63.15 wrist_roll.pos=+11.57 gripper.pos=+30.88
DEBUG 2026-09-03 09:05:34 [action #270] t=10.77s step=269 queue=4 dmax=1.395 | shoulder_pan.pos=+37.51 shoulder_lift.pos=+5.91 elbow_flex.pos=+7.52 wrist_flex.pos=+63.12 wrist_roll.pos=+11.50 gripper.pos=+31.45
DEBUG 2026-09-03 09:05:34 [action #271] t=10.80s step=270 queue=3 dmax=0.936 | shoulder_pan.pos=+37.46 shoulder_lift.pos=+4.97 elbow_flex.pos=+8.34 wrist_flex.pos=+63.38 wrist_roll.pos=+11.40 gripper.pos=+31.97
DEBUG 2026-09-03 09:05:34 [action #272] t=10.84s step=271 queue=2 dmax=0.465 | shoulder_pan.pos=+37.15 shoulder_lift.pos=+5.27 elbow_flex.pos=+8.27 wrist_flex.pos=+63.19 wrist_roll.pos=+11.29 gripper.pos=+32.43
DEBUG 2026-09-03 09:05:34 [action #273] t=10.87s step=272 queue=1 dmax=0.521 | shoulder_pan.pos=+37.11 shoulder_lift.pos=+4.74 elbow_flex.pos=+8.10 wrist_flex.pos=+63.58 wrist_roll.pos=+11.21 gripper.pos=+32.74
DEBUG 2026-09-03 09:05:34 [chunk] received 50 actions, timesteps 248..297 | first: shoulder_pan.pos=+36.98 shoulder_lift.pos=+3.07 elbow_flex.pos=+11.41 wrist_flex.pos=+62.62 wrist_roll.pos=+14.80 gripper.pos=+31.81 | last: shoulder_pan.pos=+6.95 shoulder_lift.pos=-57.45 elbow_flex.pos=+34.11 wrist_flex.pos=+87.56 wrist_roll.pos=+10.16 gripper.pos=+3.39
DEBUG 2026-09-03 09:05:34 [action #274] t=10.94s step=273 queue=25 dmax=22.707 | shoulder_pan.pos=+31.21 shoulder_lift.pos=-8.19 elbow_flex.pos=+0.72 wrist_flex.pos=+86.29 wrist_roll.pos=+14.66 gripper.pos=+35.97
DEBUG 2026-09-03 09:05:34 [action #275] t=10.97s step=274 queue=24 dmax=1.608 | shoulder_pan.pos=+30.03 shoulder_lift.pos=-8.99 elbow_flex.pos=+0.78 wrist_flex.pos=+87.89 wrist_roll.pos=+14.47 gripper.pos=+36.14
DEBUG 2026-09-03 09:05:34 [action #276] t=11.00s step=275 queue=23 dmax=1.491 | shoulder_pan.pos=+28.68 shoulder_lift.pos=-9.63 elbow_flex.pos=+0.36 wrist_flex.pos=+89.39 wrist_roll.pos=+14.27 gripper.pos=+36.02
DEBUG 2026-09-03 09:05:34 [action #277] t=11.04s step=276 queue=22 dmax=1.144 | shoulder_pan.pos=+27.57 shoulder_lift.pos=-10.32 elbow_flex.pos=+0.16 wrist_flex.pos=+90.53 wrist_roll.pos=+13.98 gripper.pos=+35.93
DEBUG 2026-09-03 09:05:34 [action #278] t=11.07s step=277 queue=21 dmax=1.668 | shoulder_pan.pos=+26.23 shoulder_lift.pos=-11.99 elbow_flex.pos=+0.76 wrist_flex.pos=+91.44 wrist_roll.pos=+13.86 gripper.pos=+35.83
DEBUG 2026-09-03 09:05:34 [action #279] t=11.10s step=278 queue=20 dmax=1.914 | shoulder_pan.pos=+25.30 shoulder_lift.pos=-13.90 elbow_flex.pos=+0.87 wrist_flex.pos=+92.06 wrist_roll.pos=+13.80 gripper.pos=+35.64
DEBUG 2026-09-03 09:05:34 [action #280] t=11.14s step=279 queue=19 dmax=1.514 | shoulder_pan.pos=+23.78 shoulder_lift.pos=-14.64 elbow_flex.pos=+1.61 wrist_flex.pos=+92.31 wrist_roll.pos=+13.37 gripper.pos=+35.04
DEBUG 2026-09-03 09:05:34 [action #281] t=11.17s step=280 queue=18 dmax=2.670 | shoulder_pan.pos=+22.53 shoulder_lift.pos=-17.31 elbow_flex.pos=+2.84 wrist_flex.pos=+92.54 wrist_roll.pos=+13.03 gripper.pos=+34.31
DEBUG 2026-09-03 09:05:34 [action #282] t=11.20s step=281 queue=17 dmax=1.825 | shoulder_pan.pos=+21.23 shoulder_lift.pos=-19.13 elbow_flex.pos=+4.13 wrist_flex.pos=+92.10 wrist_roll.pos=+12.91 gripper.pos=+33.02
DEBUG 2026-09-03 09:05:34 [action #283] t=11.24s step=282 queue=16 dmax=1.934 | shoulder_pan.pos=+20.06 shoulder_lift.pos=-21.07 elbow_flex.pos=+5.42 wrist_flex.pos=+92.24 wrist_roll.pos=+12.56 gripper.pos=+31.30
DEBUG 2026-09-03 09:05:34 [action #284] t=11.27s step=283 queue=15 dmax=2.128 | shoulder_pan.pos=+18.83 shoulder_lift.pos=-23.19 elbow_flex.pos=+7.45 wrist_flex.pos=+92.17 wrist_roll.pos=+12.26 gripper.pos=+29.45
DEBUG 2026-09-03 09:05:34 [action #285] t=11.30s step=284 queue=14 dmax=2.401 | shoulder_pan.pos=+17.35 shoulder_lift.pos=-25.11 elbow_flex.pos=+8.45 wrist_flex.pos=+91.91 wrist_roll.pos=+11.80 gripper.pos=+27.05
DEBUG 2026-09-03 09:05:34 [action #286] t=11.34s step=285 queue=13 dmax=2.750 | shoulder_pan.pos=+16.27 shoulder_lift.pos=-27.86 elbow_flex.pos=+9.94 wrist_flex.pos=+91.89 wrist_roll.pos=+11.53 gripper.pos=+24.37
DEBUG 2026-09-03 09:05:34 [action #287] t=11.37s step=286 queue=12 dmax=2.796 | shoulder_pan.pos=+15.26 shoulder_lift.pos=-29.95 elbow_flex.pos=+12.49 wrist_flex.pos=+92.22 wrist_roll.pos=+11.07 gripper.pos=+21.57
DEBUG 2026-09-03 09:05:34 [action #288] t=11.40s step=287 queue=11 dmax=2.912 | shoulder_pan.pos=+13.99 shoulder_lift.pos=-31.56 elbow_flex.pos=+13.04 wrist_flex.pos=+92.00 wrist_roll.pos=+10.68 gripper.pos=+18.66
DEBUG 2026-09-03 09:05:34 [action #289] t=11.44s step=288 queue=10 dmax=3.058 | shoulder_pan.pos=+13.36 shoulder_lift.pos=-33.98 elbow_flex.pos=+15.49 wrist_flex.pos=+91.58 wrist_roll.pos=+10.62 gripper.pos=+15.60
DEBUG 2026-09-03 09:05:34 [action #290] t=11.47s step=289 queue=9 dmax=2.970 | shoulder_pan.pos=+12.75 shoulder_lift.pos=-35.53 elbow_flex.pos=+16.75 wrist_flex.pos=+91.15 wrist_roll.pos=+10.56 gripper.pos=+12.63
DEBUG 2026-09-03 09:05:34 [action #291] t=11.50s step=290 queue=8 dmax=3.382 | shoulder_pan.pos=+11.86 shoulder_lift.pos=-38.92 elbow_flex.pos=+18.87 wrist_flex.pos=+90.64 wrist_roll.pos=+10.66 gripper.pos=+10.12
DEBUG 2026-09-03 09:05:34 [action #292] t=11.54s step=291 queue=7 dmax=2.513 | shoulder_pan.pos=+10.97 shoulder_lift.pos=-41.15 elbow_flex.pos=+20.75 wrist_flex.pos=+90.39 wrist_roll.pos=+10.75 gripper.pos=+7.61
DEBUG 2026-09-03 09:05:34 [action #293] t=11.57s step=292 queue=6 dmax=2.485 | shoulder_pan.pos=+9.99 shoulder_lift.pos=-43.64 elbow_flex.pos=+22.75 wrist_flex.pos=+89.90 wrist_roll.pos=+10.63 gripper.pos=+6.06
DEBUG 2026-09-03 09:05:34 [action #294] t=11.60s step=293 queue=5 dmax=2.522 | shoulder_pan.pos=+9.41 shoulder_lift.pos=-46.08 elbow_flex.pos=+25.27 wrist_flex.pos=+89.48 wrist_roll.pos=+10.67 gripper.pos=+5.32
DEBUG 2026-09-03 09:05:35 [action #295] t=11.64s step=294 queue=4 dmax=3.255 | shoulder_pan.pos=+8.40 shoulder_lift.pos=-49.33 elbow_flex.pos=+27.11 wrist_flex.pos=+89.23 wrist_roll.pos=+10.41 gripper.pos=+4.81
DEBUG 2026-09-03 09:05:35 [action #296] t=11.67s step=295 queue=3 dmax=2.979 | shoulder_pan.pos=+7.95 shoulder_lift.pos=-52.31 elbow_flex.pos=+29.86 wrist_flex.pos=+88.71 wrist_roll.pos=+10.49 gripper.pos=+4.28
DEBUG 2026-09-03 09:05:35 [action #297] t=11.70s step=296 queue=2 dmax=2.628 | shoulder_pan.pos=+7.26 shoulder_lift.pos=-54.94 elbow_flex.pos=+32.03 wrist_flex.pos=+88.20 wrist_roll.pos=+10.46 gripper.pos=+3.67
DEBUG 2026-09-03 09:05:35 [action #298] t=11.74s step=297 queue=1 dmax=2.509 | shoulder_pan.pos=+6.95 shoulder_lift.pos=-57.45 elbow_flex.pos=+34.11 wrist_flex.pos=+87.56 wrist_roll.pos=+10.16 gripper.pos=+3.39
DEBUG 2026-09-03 09:05:35 [chunk] received 50 actions, timesteps 272..321 | first: shoulder_pan.pos=+38.11 shoulder_lift.pos=+1.33 elbow_flex.pos=+7.60 wrist_flex.pos=+63.47 wrist_roll.pos=+11.05 gripper.pos=+33.57 | last: shoulder_pan.pos=+8.91 shoulder_lift.pos=-68.70 elbow_flex.pos=+46.31 wrist_flex.pos=+81.28 wrist_roll.pos=+8.82 gripper.pos=+0.22
DEBUG 2026-09-03 09:05:35 [action #299] t=11.80s step=298 queue=24 dmax=43.755 | shoulder_pan.pos=+24.04 shoulder_lift.pos=-13.69 elbow_flex.pos=-2.72 wrist_flex.pos=+91.88 wrist_roll.pos=+9.77 gripper.pos=+35.12
DEBUG 2026-09-03 09:05:35 [action #300] t=11.84s step=299 queue=23 dmax=2.266 | shoulder_pan.pos=+23.37 shoulder_lift.pos=-15.96 elbow_flex.pos=-1.38 wrist_flex.pos=+91.85 wrist_roll.pos=+9.55 gripper.pos=+34.83
DEBUG 2026-09-03 09:05:35 [action #301] t=11.87s step=300 queue=22 dmax=1.940 | shoulder_pan.pos=+22.46 shoulder_lift.pos=-17.86 elbow_flex.pos=+0.56 wrist_flex.pos=+91.81 wrist_roll.pos=+9.37 gripper.pos=+33.92
DEBUG 2026-09-03 09:05:35 [action #302] t=11.91s step=301 queue=21 dmax=2.312 | shoulder_pan.pos=+21.50 shoulder_lift.pos=-20.17 elbow_flex.pos=+2.80 wrist_flex.pos=+91.64 wrist_roll.pos=+9.26 gripper.pos=+32.23
DEBUG 2026-09-03 09:05:35 [action #303] t=11.94s step=302 queue=20 dmax=3.804 | shoulder_pan.pos=+20.69 shoulder_lift.pos=-21.81 elbow_flex.pos=+4.73 wrist_flex.pos=+91.20 wrist_roll.pos=+9.41 gripper.pos=+28.42
DEBUG 2026-09-03 09:05:35 [action #304] t=11.97s step=303 queue=19 dmax=4.467 | shoulder_pan.pos=+19.50 shoulder_lift.pos=-24.31 elbow_flex.pos=+7.20 wrist_flex.pos=+90.35 wrist_roll.pos=+9.51 gripper.pos=+23.96
DEBUG 2026-09-03 09:05:35 [action #305] t=12.01s step=304 queue=18 dmax=4.796 | shoulder_pan.pos=+18.76 shoulder_lift.pos=-25.99 elbow_flex.pos=+9.37 wrist_flex.pos=+89.59 wrist_roll.pos=+9.67 gripper.pos=+19.16
DEBUG 2026-09-03 09:05:35 [action #306] t=12.04s step=305 queue=17 dmax=4.736 | shoulder_pan.pos=+17.95 shoulder_lift.pos=-28.91 elbow_flex.pos=+11.60 wrist_flex.pos=+88.88 wrist_roll.pos=+9.89 gripper.pos=+14.42
DEBUG 2026-09-03 09:05:35 [action #307] t=12.07s step=306 queue=16 dmax=3.687 | shoulder_pan.pos=+17.62 shoulder_lift.pos=-30.78 elbow_flex.pos=+13.93 wrist_flex.pos=+88.19 wrist_roll.pos=+9.96 gripper.pos=+10.74
DEBUG 2026-09-03 09:05:35 [action #308] t=12.11s step=307 queue=15 dmax=2.906 | shoulder_pan.pos=+16.99 shoulder_lift.pos=-33.01 elbow_flex.pos=+15.73 wrist_flex.pos=+87.86 wrist_roll.pos=+9.85 gripper.pos=+7.83
DEBUG 2026-09-03 09:05:35 [action #309] t=12.14s step=308 queue=14 dmax=2.120 | shoulder_pan.pos=+16.15 shoulder_lift.pos=-35.12 elbow_flex.pos=+17.50 wrist_flex.pos=+87.41 wrist_roll.pos=+9.74 gripper.pos=+5.95
DEBUG 2026-09-03 09:05:35 [action #310] t=12.17s step=309 queue=13 dmax=2.068 | shoulder_pan.pos=+15.63 shoulder_lift.pos=-37.11 elbow_flex.pos=+19.57 wrist_flex.pos=+86.90 wrist_roll.pos=+9.50 gripper.pos=+4.52
DEBUG 2026-09-03 09:05:35 [action #311] t=12.21s step=310 queue=12 dmax=2.665 | shoulder_pan.pos=+14.93 shoulder_lift.pos=-39.77 elbow_flex.pos=+21.75 wrist_flex.pos=+86.60 wrist_roll.pos=+9.35 gripper.pos=+3.48
DEBUG 2026-09-03 09:05:35 [action #312] t=12.24s step=311 queue=11 dmax=2.599 | shoulder_pan.pos=+14.39 shoulder_lift.pos=-42.37 elbow_flex.pos=+23.42 wrist_flex.pos=+86.05 wrist_roll.pos=+9.08 gripper.pos=+2.48
DEBUG 2026-09-03 09:05:35 [action #313] t=12.27s step=312 queue=10 dmax=2.920 | shoulder_pan.pos=+13.61 shoulder_lift.pos=-45.29 elbow_flex.pos=+26.06 wrist_flex.pos=+85.47 wrist_roll.pos=+9.00 gripper.pos=+1.60
DEBUG 2026-09-03 09:05:35 [action #314] t=12.31s step=313 queue=9 dmax=2.305 | shoulder_pan.pos=+13.27 shoulder_lift.pos=-47.52 elbow_flex.pos=+28.37 wrist_flex.pos=+84.97 wrist_roll.pos=+9.01 gripper.pos=+1.10
DEBUG 2026-09-03 09:05:35 [action #315] t=12.34s step=314 queue=8 dmax=2.510 | shoulder_pan.pos=+12.59 shoulder_lift.pos=-50.03 elbow_flex.pos=+30.28 wrist_flex.pos=+84.40 wrist_roll.pos=+9.13 gripper.pos=+0.60
DEBUG 2026-09-03 09:05:35 [action #316] t=12.37s step=315 queue=7 dmax=2.366 | shoulder_pan.pos=+11.91 shoulder_lift.pos=-52.39 elbow_flex.pos=+32.40 wrist_flex.pos=+84.22 wrist_roll.pos=+9.04 gripper.pos=+0.23
DEBUG 2026-09-03 09:05:35 [action #317] t=12.41s step=316 queue=6 dmax=2.276 | shoulder_pan.pos=+11.42 shoulder_lift.pos=-54.67 elbow_flex.pos=+34.38 wrist_flex.pos=+83.82 wrist_roll.pos=+8.92 gripper.pos=-0.06
DEBUG 2026-09-03 09:05:35 [action #318] t=12.44s step=317 queue=5 dmax=3.218 | shoulder_pan.pos=+11.10 shoulder_lift.pos=-57.89 elbow_flex.pos=+36.84 wrist_flex.pos=+83.47 wrist_roll.pos=+8.91 gripper.pos=-0.14
DEBUG 2026-09-03 09:05:35 [action #319] t=12.47s step=318 queue=4 dmax=2.231 | shoulder_pan.pos=+10.48 shoulder_lift.pos=-60.12 elbow_flex.pos=+38.91 wrist_flex.pos=+82.94 wrist_roll.pos=+8.77 gripper.pos=-0.13
DEBUG 2026-09-03 09:05:35 [action #320] t=12.51s step=319 queue=3 dmax=2.765 | shoulder_pan.pos=+9.97 shoulder_lift.pos=-62.88 elbow_flex.pos=+41.00 wrist_flex.pos=+82.57 wrist_roll.pos=+8.83 gripper.pos=+0.02
DEBUG 2026-09-03 09:05:35 [action #321] t=12.54s step=320 queue=2 dmax=3.186 | shoulder_pan.pos=+9.33 shoulder_lift.pos=-66.07 elbow_flex.pos=+43.30 wrist_flex.pos=+81.91 wrist_roll.pos=+8.84 gripper.pos=+0.08
DEBUG 2026-09-03 09:05:35 [action #322] t=12.57s step=321 queue=1 dmax=3.005 | shoulder_pan.pos=+8.91 shoulder_lift.pos=-68.70 elbow_flex.pos=+46.31 wrist_flex.pos=+81.28 wrist_roll.pos=+8.82 gripper.pos=+0.22
DEBUG 2026-09-03 09:05:36 [chunk] received 50 actions, timesteps 297..346 | first: shoulder_pan.pos=+6.94 shoulder_lift.pos=-51.74 elbow_flex.pos=+33.88 wrist_flex.pos=+88.97 wrist_roll.pos=+10.97 gripper.pos=+1.96 | last: shoulder_pan.pos=-0.96 shoulder_lift.pos=-100.52 elbow_flex.pos=+83.59 wrist_flex.pos=+79.20 wrist_roll.pos=-0.78 gripper.pos=+0.44
DEBUG 2026-09-03 09:05:36 [action #323] t=12.71s step=322 queue=25 dmax=25.424 | shoulder_pan.pos=+2.57 shoulder_lift.pos=-82.97 elbow_flex.pos=+71.73 wrist_flex.pos=+68.18 wrist_roll.pos=-1.54 gripper.pos=+0.19
DEBUG 2026-09-03 09:05:36 [action #324] t=12.74s step=323 queue=24 dmax=2.002 | shoulder_pan.pos=+2.58 shoulder_lift.pos=-84.97 elbow_flex.pos=+73.47 wrist_flex.pos=+68.23 wrist_roll.pos=-1.74 gripper.pos=+0.04
DEBUG 2026-09-03 09:05:36 [action #325] t=12.77s step=324 queue=23 dmax=2.191 | shoulder_pan.pos=+2.42 shoulder_lift.pos=-87.16 elbow_flex.pos=+74.49 wrist_flex.pos=+68.13 wrist_roll.pos=-1.77 gripper.pos=+0.06
DEBUG 2026-09-03 09:05:36 [action #326] t=12.81s step=325 queue=22 dmax=1.688 | shoulder_pan.pos=+2.23 shoulder_lift.pos=-88.85 elbow_flex.pos=+75.99 wrist_flex.pos=+68.24 wrist_roll.pos=-1.64 gripper.pos=+0.02
DEBUG 2026-09-03 09:05:36 [action #327] t=12.84s step=326 queue=21 dmax=2.167 | shoulder_pan.pos=+2.06 shoulder_lift.pos=-91.02 elbow_flex.pos=+77.17 wrist_flex.pos=+68.34 wrist_roll.pos=-1.73 gripper.pos=+0.10
DEBUG 2026-09-03 09:05:36 [action #328] t=12.87s step=327 queue=20 dmax=2.051 | shoulder_pan.pos=+1.90 shoulder_lift.pos=-93.07 elbow_flex.pos=+78.26 wrist_flex.pos=+68.55 wrist_roll.pos=-1.61 gripper.pos=-0.03
DEBUG 2026-09-03 09:05:36 [action #329] t=12.91s step=328 queue=19 dmax=1.641 | shoulder_pan.pos=+1.55 shoulder_lift.pos=-94.71 elbow_flex.pos=+79.89 wrist_flex.pos=+68.87 wrist_roll.pos=-1.55 gripper.pos=-0.07
DEBUG 2026-09-03 09:05:36 [action #330] t=12.94s step=329 queue=18 dmax=1.212 | shoulder_pan.pos=+1.24 shoulder_lift.pos=-95.92 elbow_flex.pos=+80.41 wrist_flex.pos=+69.15 wrist_roll.pos=-1.49 gripper.pos=+0.11
DEBUG 2026-09-03 09:05:36 [action #331] t=12.98s step=330 queue=17 dmax=1.458 | shoulder_pan.pos=+1.20 shoulder_lift.pos=-97.38 elbow_flex.pos=+81.41 wrist_flex.pos=+69.77 wrist_roll.pos=-1.41 gripper.pos=-0.02
DEBUG 2026-09-03 09:05:36 [action #332] t=13.01s step=331 queue=16 dmax=1.318 | shoulder_pan.pos=+1.17 shoulder_lift.pos=-98.70 elbow_flex.pos=+82.19 wrist_flex.pos=+70.20 wrist_roll.pos=-1.27 gripper.pos=+0.08
DEBUG 2026-09-03 09:05:36 [action #333] t=13.04s step=332 queue=15 dmax=1.292 | shoulder_pan.pos=+0.85 shoulder_lift.pos=-98.63 elbow_flex.pos=+82.10 wrist_flex.pos=+71.49 wrist_roll.pos=-1.32 gripper.pos=+0.23
DEBUG 2026-09-03 09:05:36 [action #334] t=13.08s step=333 queue=14 dmax=0.846 | shoulder_pan.pos=+0.67 shoulder_lift.pos=-99.48 elbow_flex.pos=+82.11 wrist_flex.pos=+72.18 wrist_roll.pos=-1.16 gripper.pos=+0.20
DEBUG 2026-09-03 09:05:36 [action #335] t=13.11s step=334 queue=13 dmax=0.982 | shoulder_pan.pos=+0.40 shoulder_lift.pos=-99.85 elbow_flex.pos=+83.10 wrist_flex.pos=+72.99 wrist_roll.pos=-1.07 gripper.pos=+0.15
DEBUG 2026-09-03 09:05:36 [action #336] t=13.14s step=335 queue=12 dmax=0.461 | shoulder_pan.pos=+0.48 shoulder_lift.pos=-100.04 elbow_flex.pos=+82.78 wrist_flex.pos=+73.45 wrist_roll.pos=-0.91 gripper.pos=+0.30
DEBUG 2026-09-03 09:05:36 [action #337] t=13.18s step=336 queue=11 dmax=0.682 | shoulder_pan.pos=+0.80 shoulder_lift.pos=-100.32 elbow_flex.pos=+83.46 wrist_flex.pos=+73.82 wrist_roll.pos=-0.78 gripper.pos=+0.11
DEBUG 2026-09-03 09:05:36 [action #338] t=13.21s step=337 queue=10 dmax=0.536 | shoulder_pan.pos=+0.48 shoulder_lift.pos=-100.23 elbow_flex.pos=+84.00 wrist_flex.pos=+74.26 wrist_roll.pos=-0.95 gripper.pos=+0.26
DEBUG 2026-09-03 09:05:36 [action #339] t=13.24s step=338 queue=9 dmax=0.215 | shoulder_pan.pos=+0.67 shoulder_lift.pos=-100.39 elbow_flex.pos=+83.88 wrist_flex.pos=+74.48 wrist_roll.pos=-0.79 gripper.pos=+0.25
DEBUG 2026-09-03 09:05:36 [action #340] t=13.28s step=339 queue=8 dmax=1.051 | shoulder_pan.pos=+0.36 shoulder_lift.pos=-100.98 elbow_flex.pos=+84.93 wrist_flex.pos=+75.17 wrist_roll.pos=-0.69 gripper.pos=+0.29
DEBUG 2026-09-03 09:05:36 [action #341] t=13.31s step=340 queue=7 dmax=0.648 | shoulder_pan.pos=+0.19 shoulder_lift.pos=-100.71 elbow_flex.pos=+85.07 wrist_flex.pos=+75.81 wrist_roll.pos=-0.70 gripper.pos=+0.28
DEBUG 2026-09-03 09:05:36 [action #342] t=13.34s step=341 queue=6 dmax=0.755 | shoulder_pan.pos=+0.48 shoulder_lift.pos=-100.57 elbow_flex.pos=+84.67 wrist_flex.pos=+76.57 wrist_roll.pos=-0.81 gripper.pos=+0.33
DEBUG 2026-09-03 09:05:36 [action #343] t=13.38s step=342 queue=5 dmax=0.717 | shoulder_pan.pos=-0.24 shoulder_lift.pos=-100.34 elbow_flex.pos=+84.16 wrist_flex.pos=+77.03 wrist_roll.pos=-0.83 gripper.pos=+0.27
DEBUG 2026-09-03 09:05:36 [action #344] t=13.41s step=343 queue=4 dmax=0.926 | shoulder_pan.pos=+0.01 shoulder_lift.pos=-101.27 elbow_flex.pos=+84.33 wrist_flex.pos=+77.66 wrist_roll.pos=-0.75 gripper.pos=+0.42
DEBUG 2026-09-03 09:05:36 [action #345] t=13.44s step=344 queue=3 dmax=0.663 | shoulder_pan.pos=-0.22 shoulder_lift.pos=-100.83 elbow_flex.pos=+84.80 wrist_flex.pos=+78.32 wrist_roll.pos=-0.82 gripper.pos=+0.43
DEBUG 2026-09-03 09:05:36 [action #346] t=13.48s step=345 queue=2 dmax=0.413 | shoulder_pan.pos=-0.63 shoulder_lift.pos=-100.64 elbow_flex.pos=+84.44 wrist_flex.pos=+78.55 wrist_roll.pos=-0.78 gripper.pos=+0.33
DEBUG 2026-09-03 09:05:36 [action #347] t=13.51s step=346 queue=1 dmax=0.847 | shoulder_pan.pos=-0.96 shoulder_lift.pos=-100.52 elbow_flex.pos=+83.59 wrist_flex.pos=+79.20 wrist_roll.pos=-0.78 gripper.pos=+0.44
DEBUG 2026-09-03 09:05:36 [chunk] received 50 actions, timesteps 321..370 | first: shoulder_pan.pos=+8.16 shoulder_lift.pos=-70.12 elbow_flex.pos=+50.53 wrist_flex.pos=+81.29 wrist_roll.pos=+8.93 gripper.pos=+0.69 | last: shoulder_pan.pos=-1.63 shoulder_lift.pos=-101.63 elbow_flex.pos=+88.24 wrist_flex.pos=+79.72 wrist_roll.pos=-0.65 gripper.pos=+0.82
DEBUG 2026-09-03 09:05:37 [action #348] t=13.64s step=347 queue=24 dmax=3.517 | shoulder_pan.pos=-3.11 shoulder_lift.pos=-101.42 elbow_flex.pos=+82.72 wrist_flex.pos=+77.07 wrist_roll.pos=-4.29 gripper.pos=+0.77
DEBUG 2026-09-03 09:05:37 [action #349] t=13.68s step=348 queue=23 dmax=0.497 | shoulder_pan.pos=-3.10 shoulder_lift.pos=-101.92 elbow_flex.pos=+82.91 wrist_flex.pos=+77.39 wrist_roll.pos=-4.12 gripper.pos=+0.94
DEBUG 2026-09-03 09:05:37 [action #350] t=13.71s step=349 queue=22 dmax=0.554 | shoulder_pan.pos=-3.00 shoulder_lift.pos=-101.58 elbow_flex.pos=+83.46 wrist_flex.pos=+77.22 wrist_roll.pos=-3.90 gripper.pos=+0.89
DEBUG 2026-09-03 09:05:37 [action #351] t=13.74s step=350 queue=21 dmax=0.712 | shoulder_pan.pos=-2.51 shoulder_lift.pos=-101.44 elbow_flex.pos=+84.16 wrist_flex.pos=+77.26 wrist_roll.pos=-3.18 gripper.pos=+0.64
DEBUG 2026-09-03 09:05:37 [action #352] t=13.78s step=351 queue=20 dmax=1.042 | shoulder_pan.pos=-2.04 shoulder_lift.pos=-101.47 elbow_flex.pos=+85.14 wrist_flex.pos=+77.09 wrist_roll.pos=-2.14 gripper.pos=+0.77
DEBUG 2026-09-03 09:05:37 [action #353] t=13.81s step=352 queue=19 dmax=1.545 | shoulder_pan.pos=-2.00 shoulder_lift.pos=-100.85 elbow_flex.pos=+85.72 wrist_flex.pos=+77.39 wrist_roll.pos=-0.60 gripper.pos=+0.72
DEBUG 2026-09-03 09:05:37 [action #354] t=13.85s step=353 queue=18 dmax=1.075 | shoulder_pan.pos=-1.88 shoulder_lift.pos=-100.90 elbow_flex.pos=+86.30 wrist_flex.pos=+76.99 wrist_roll.pos=+0.48 gripper.pos=+0.66
DEBUG 2026-09-03 09:05:37 [action #355] t=13.88s step=354 queue=17 dmax=0.723 | shoulder_pan.pos=-1.57 shoulder_lift.pos=-100.93 elbow_flex.pos=+87.02 wrist_flex.pos=+76.94 wrist_roll.pos=+0.50 gripper.pos=+0.81
DEBUG 2026-09-03 09:05:37 [action #356] t=13.91s step=355 queue=16 dmax=0.203 | shoulder_pan.pos=-1.52 shoulder_lift.pos=-101.13 elbow_flex.pos=+87.12 wrist_flex.pos=+77.06 wrist_roll.pos=+0.57 gripper.pos=+0.64
DEBUG 2026-09-03 09:05:37 [action #357] t=13.95s step=356 queue=15 dmax=0.468 | shoulder_pan.pos=-1.76 shoulder_lift.pos=-100.78 elbow_flex.pos=+87.58 wrist_flex.pos=+77.20 wrist_roll.pos=+0.65 gripper.pos=+0.74
DEBUG 2026-09-03 09:05:37 [action #358] t=13.98s step=357 queue=14 dmax=0.491 | shoulder_pan.pos=-1.27 shoulder_lift.pos=-101.14 elbow_flex.pos=+87.77 wrist_flex.pos=+77.59 wrist_roll.pos=+0.38 gripper.pos=+0.77
DEBUG 2026-09-03 09:05:37 [action #359] t=14.01s step=358 queue=13 dmax=0.257 | shoulder_pan.pos=-1.10 shoulder_lift.pos=-101.08 elbow_flex.pos=+88.02 wrist_flex.pos=+77.72 wrist_roll.pos=+0.15 gripper.pos=+0.77
DEBUG 2026-09-03 09:05:37 [action #360] t=14.05s step=359 queue=12 dmax=0.622 | shoulder_pan.pos=-1.73 shoulder_lift.pos=-101.05 elbow_flex.pos=+87.97 wrist_flex.pos=+77.59 wrist_roll.pos=-0.09 gripper.pos=+0.84
DEBUG 2026-09-03 09:05:37 [action #361] t=14.08s step=360 queue=11 dmax=0.372 | shoulder_pan.pos=-1.58 shoulder_lift.pos=-101.31 elbow_flex.pos=+87.78 wrist_flex.pos=+77.76 wrist_roll.pos=-0.47 gripper.pos=+0.71
DEBUG 2026-09-03 09:05:37 [action #362] t=14.11s step=361 queue=10 dmax=0.320 | shoulder_pan.pos=-1.66 shoulder_lift.pos=-101.25 elbow_flex.pos=+88.01 wrist_flex.pos=+78.08 wrist_roll.pos=-0.44 gripper.pos=+0.71
DEBUG 2026-09-03 09:05:37 [action #363] t=14.15s step=362 queue=9 dmax=0.436 | shoulder_pan.pos=-2.10 shoulder_lift.pos=-100.84 elbow_flex.pos=+88.09 wrist_flex.pos=+78.22 wrist_roll.pos=-0.79 gripper.pos=+0.65
DEBUG 2026-09-03 09:05:37 [action #364] t=14.18s step=363 queue=8 dmax=0.596 | shoulder_pan.pos=-1.77 shoulder_lift.pos=-101.43 elbow_flex.pos=+87.76 wrist_flex.pos=+78.47 wrist_roll.pos=-0.91 gripper.pos=+0.68
DEBUG 2026-09-03 09:05:37 [action #365] t=14.21s step=364 queue=7 dmax=0.703 | shoulder_pan.pos=-2.47 shoulder_lift.pos=-101.79 elbow_flex.pos=+88.28 wrist_flex.pos=+78.86 wrist_roll.pos=-0.87 gripper.pos=+0.76
DEBUG 2026-09-03 09:05:37 [action #366] t=14.25s step=365 queue=6 dmax=0.287 | shoulder_pan.pos=-2.19 shoulder_lift.pos=-101.77 elbow_flex.pos=+88.31 wrist_flex.pos=+78.61 wrist_roll.pos=-0.94 gripper.pos=+0.79
DEBUG 2026-09-03 09:05:37 [action #367] t=14.28s step=366 queue=5 dmax=0.559 | shoulder_pan.pos=-1.65 shoulder_lift.pos=-102.19 elbow_flex.pos=+88.31 wrist_flex.pos=+79.17 wrist_roll.pos=-0.87 gripper.pos=+0.83
DEBUG 2026-09-03 09:05:37 [action #368] t=14.31s step=367 queue=4 dmax=1.447 | shoulder_pan.pos=-1.79 shoulder_lift.pos=-100.75 elbow_flex.pos=+87.77 wrist_flex.pos=+79.47 wrist_roll.pos=-0.77 gripper.pos=+0.73
DEBUG 2026-09-03 09:05:37 [action #369] t=14.35s step=368 queue=3 dmax=0.798 | shoulder_pan.pos=-1.97 shoulder_lift.pos=-101.18 elbow_flex.pos=+88.56 wrist_flex.pos=+79.56 wrist_roll.pos=-0.63 gripper.pos=+0.83
DEBUG 2026-09-03 09:05:37 [chunk] received 50 actions, timesteps 346..395 | first: shoulder_pan.pos=-0.38 shoulder_lift.pos=-99.95 elbow_flex.pos=+87.36 wrist_flex.pos=+77.97 wrist_roll.pos=-0.99 gripper.pos=+0.30 | last: shoulder_pan.pos=-2.29 shoulder_lift.pos=-101.28 elbow_flex.pos=+89.40 wrist_flex.pos=+78.14 wrist_roll.pos=-1.46 gripper.pos=+0.23
DEBUG 2026-09-03 09:05:37 [action #370] t=14.38s step=369 queue=27 dmax=0.919 | shoulder_pan.pos=-1.88 shoulder_lift.pos=-101.35 elbow_flex.pos=+88.61 wrist_flex.pos=+78.64 wrist_roll.pos=-1.08 gripper.pos=+0.42
DEBUG 2026-09-03 09:05:37 [action #371] t=14.41s step=370 queue=26 dmax=0.446 | shoulder_pan.pos=-1.88 shoulder_lift.pos=-101.02 elbow_flex.pos=+89.06 wrist_flex.pos=+78.67 wrist_roll.pos=-1.10 gripper.pos=+0.44
DEBUG 2026-09-03 09:05:37 [action #372] t=14.45s step=371 queue=25 dmax=0.500 | shoulder_pan.pos=-2.12 shoulder_lift.pos=-100.86 elbow_flex.pos=+89.19 wrist_flex.pos=+78.17 wrist_roll.pos=-1.29 gripper.pos=+0.19
DEBUG 2026-09-03 09:05:37 [action #373] t=14.48s step=372 queue=24 dmax=0.267 | shoulder_pan.pos=-2.16 shoulder_lift.pos=-100.59 elbow_flex.pos=+88.99 wrist_flex.pos=+78.29 wrist_roll.pos=-1.33 gripper.pos=+0.21
DEBUG 2026-09-03 09:05:37 [action #374] t=14.51s step=373 queue=23 dmax=0.506 | shoulder_pan.pos=-2.10 shoulder_lift.pos=-101.09 elbow_flex.pos=+89.13 wrist_flex.pos=+78.16 wrist_roll.pos=-1.36 gripper.pos=+0.18
DEBUG 2026-09-03 09:05:37 [action #375] t=14.55s step=374 queue=22 dmax=0.305 | shoulder_pan.pos=-2.09 shoulder_lift.pos=-100.94 elbow_flex.pos=+89.44 wrist_flex.pos=+78.12 wrist_roll.pos=-1.33 gripper.pos=+0.14
DEBUG 2026-09-03 09:05:37 [action #376] t=14.58s step=375 queue=21 dmax=0.222 | shoulder_pan.pos=-2.21 shoulder_lift.pos=-100.71 elbow_flex.pos=+89.46 wrist_flex.pos=+78.15 wrist_roll.pos=-1.36 gripper.pos=+0.22
DEBUG 2026-09-03 09:05:37 [action #377] t=14.61s step=376 queue=20 dmax=0.944 | shoulder_pan.pos=-2.02 shoulder_lift.pos=-101.66 elbow_flex.pos=+89.39 wrist_flex.pos=+78.12 wrist_roll.pos=-1.29 gripper.pos=+0.19
DEBUG 2026-09-03 09:05:38 [action #378] t=14.65s step=377 queue=19 dmax=0.697 | shoulder_pan.pos=-2.29 shoulder_lift.pos=-100.96 elbow_flex.pos=+89.51 wrist_flex.pos=+78.15 wrist_roll.pos=-1.41 gripper.pos=+0.25
DEBUG 2026-09-03 09:05:38 [action #379] t=14.68s step=378 queue=18 dmax=0.201 | shoulder_pan.pos=-2.29 shoulder_lift.pos=-101.16 elbow_flex.pos=+89.51 wrist_flex.pos=+78.11 wrist_roll.pos=-1.34 gripper.pos=+0.27
DEBUG 2026-09-03 09:05:38 [action #380] t=14.71s step=379 queue=17 dmax=0.324 | shoulder_pan.pos=-2.20 shoulder_lift.pos=-101.49 elbow_flex.pos=+89.50 wrist_flex.pos=+78.18 wrist_roll.pos=-1.29 gripper.pos=+0.27
DEBUG 2026-09-03 09:05:38 [action #381] t=14.75s step=380 queue=16 dmax=0.396 | shoulder_pan.pos=-2.37 shoulder_lift.pos=-101.09 elbow_flex.pos=+89.80 wrist_flex.pos=+78.10 wrist_roll.pos=-1.36 gripper.pos=+0.14
DEBUG 2026-09-03 09:05:38 [action #382] t=14.78s step=381 queue=15 dmax=0.477 | shoulder_pan.pos=-2.46 shoulder_lift.pos=-101.57 elbow_flex.pos=+89.75 wrist_flex.pos=+78.12 wrist_roll.pos=-1.34 gripper.pos=+0.13
DEBUG 2026-09-03 09:05:38 [action #383] t=14.81s step=382 queue=14 dmax=0.314 | shoulder_pan.pos=-2.38 shoulder_lift.pos=-101.25 elbow_flex.pos=+89.76 wrist_flex.pos=+78.08 wrist_roll.pos=-1.36 gripper.pos=+0.23
DEBUG 2026-09-03 09:05:38 [action #384] t=14.85s step=383 queue=13 dmax=0.334 | shoulder_pan.pos=-2.34 shoulder_lift.pos=-100.95 elbow_flex.pos=+89.42 wrist_flex.pos=+78.13 wrist_roll.pos=-1.42 gripper.pos=+0.15
DEBUG 2026-09-03 09:05:38 [action #385] t=14.88s step=384 queue=12 dmax=0.442 | shoulder_pan.pos=-2.31 shoulder_lift.pos=-101.03 elbow_flex.pos=+89.86 wrist_flex.pos=+78.05 wrist_roll.pos=-1.46 gripper.pos=+0.18
DEBUG 2026-09-03 09:05:38 [action #386] t=14.92s step=385 queue=11 dmax=0.569 | shoulder_pan.pos=-2.45 shoulder_lift.pos=-101.60 elbow_flex.pos=+89.78 wrist_flex.pos=+78.25 wrist_roll.pos=-1.37 gripper.pos=+0.24
DEBUG 2026-09-03 09:05:38 [action #387] t=14.95s step=386 queue=10 dmax=0.335 | shoulder_pan.pos=-2.49 shoulder_lift.pos=-101.27 elbow_flex.pos=+89.56 wrist_flex.pos=+78.15 wrist_roll.pos=-1.42 gripper.pos=+0.29
DEBUG 2026-09-03 09:05:38 [action #388] t=14.98s step=387 queue=9 dmax=0.132 | shoulder_pan.pos=-2.39 shoulder_lift.pos=-101.26 elbow_flex.pos=+89.65 wrist_flex.pos=+78.16 wrist_roll.pos=-1.45 gripper.pos=+0.16
DEBUG 2026-09-03 09:05:38 [action #389] t=15.02s step=388 queue=8 dmax=0.154 | shoulder_pan.pos=-2.40 shoulder_lift.pos=-101.34 elbow_flex.pos=+89.80 wrist_flex.pos=+78.22 wrist_roll.pos=-1.44 gripper.pos=+0.15
DEBUG 2026-09-03 09:05:38 [action #390] t=15.05s step=389 queue=7 dmax=0.596 | shoulder_pan.pos=-2.34 shoulder_lift.pos=-100.74 elbow_flex.pos=+89.41 wrist_flex.pos=+78.08 wrist_roll.pos=-1.44 gripper.pos=+0.21
DEBUG 2026-09-03 09:05:38 [action #391] t=15.08s step=390 queue=6 dmax=0.541 | shoulder_pan.pos=-2.16 shoulder_lift.pos=-101.28 elbow_flex.pos=+89.27 wrist_flex.pos=+78.13 wrist_roll.pos=-1.38 gripper.pos=+0.16
DEBUG 2026-09-03 09:05:38 [action #392] t=15.12s step=391 queue=5 dmax=0.210 | shoulder_pan.pos=-2.37 shoulder_lift.pos=-101.36 elbow_flex.pos=+89.31 wrist_flex.pos=+78.16 wrist_roll.pos=-1.44 gripper.pos=+0.20
DEBUG 2026-09-03 09:05:38 [chunk] received 50 actions, timesteps 367..416 | first: shoulder_pan.pos=-1.72 shoulder_lift.pos=-101.27 elbow_flex.pos=+88.51 wrist_flex.pos=+77.54 wrist_roll.pos=-0.43 gripper.pos=+0.38 | last: shoulder_pan.pos=-1.83 shoulder_lift.pos=-102.29 elbow_flex.pos=+89.13 wrist_flex.pos=+78.21 wrist_roll.pos=-0.76 gripper.pos=+0.35
INFO 2026-09-03 09:05:43 Final action sent: shoulder_pan.pos=-2.37 shoulder_lift.pos=-101.36 elbow_flex.pos=+89.31 wrist_flex.pos=+78.16 wrist_roll.pos=-1.44 gripper.pos=+0.20
DEBUG 2026-09-03 09:05:43 === episode end | 20.6s | converged=True | actions=392 ===
