INFO 2026-08-19 07:31:49 strator.py:1224 Decomposing high-level prompt (round 1): 'put everything on the tray'
INFO 2026-08-19 07:31:50 strator.py:1003 Saved VLM frame: runs/run_2026-08-19_07-17-03/03/decompose_20260819_073149.png
  Generated 35 tokens in 2.5s (14.2 tok/s)

Identification output:
{
  "visible_objects": [
    "stuffed animal",
    "banana",
    "pouch",
    "tray",
    "table"
  ]
}
INFO 2026-08-19 07:31:52 estrator.py:726 Identified objects (5): ['stuffed animal', 'banana', 'pouch', 'tray', 'table']
  Generated 93 tokens in 6.1s (15.2 tok/s)
INFO 2026-08-19 07:31:58 estrator.py:731 Raw VLM decomposition output (321 chars): '{\n  "visible_objects": ["stuffed animal", "banana", "pouch", "tray", "table"],\n  "excluded_objects": [],\n  "completed_objects": [],\n  "allowed_objects": ["stuffed animal", "banana", "pouch"],\n  "subtasks": [\n    "put the stuffed animal on the tray",\n    "put the banana on the tray",\n    "put the pouch on the tray"\n  ]\n}'

Visible: ['stuffed animal', 'banana', 'pouch', 'tray', 'table']
Excluded: []
Completed: []
Allowed: ['stuffed animal', 'banana', 'pouch']

Parsed 3 sub-tasks:
  1. put the stuffed animal on the tray
  2. put the banana on the tray
  3. put the pouch on the tray
INFO 2026-08-19 07:31:58 strator.py:1242 Sub-task queue (3):
INFO 2026-08-19 07:31:58 strator.py:1244   1. put the stuffed animal on the tray
INFO 2026-08-19 07:31:58 strator.py:1244   2. put the banana on the tray
INFO 2026-08-19 07:31:58 strator.py:1244   3. put the pouch on the tray
INFO 2026-08-19 07:31:58 strator.py:1292 [1] Executing sub-task: 'put the stuffed animal on the tray' (1 retries left)
INFO 2026-08-19 07:31:58 ent_loop.py:565 Control loop started | task: 'put the stuffed animal on the tray' | duration: 30.0s
INFO 2026-08-19 07:31:58 ent_loop.py:512 Action receiver thread started
[INTERJECT] ABORT requested — stopping current action...
INFO 2026-08-19 07:32:27 ent_loop.py:753 Episode finished: 28.5s, converged=False, max_displacement=141.9796, actions=710
WARNING 2026-08-19 07:32:27 strator.py:1215 ABORT requested during sub-task 'put the stuffed animal on the tray' — abandoning high-level task 'put everything on the tray' and returning to the prompt.
INFO 2026-08-19 07:32:27 ent_loop.py:344 Returning to home position...
INFO 2026-08-19 07:32:29 ent_loop.py:357 Home position reached.
INFO 2026-08-19 07:32:29 strator.py:1465   Completed before the abort: []
