DEBUG 2026-09-03 10:01:43 === episode start | task: 'put the roll on the tray' | duration: 50.0s ===
DEBUG 2026-09-03 10:01:44 [chunk] dropped stale chunk (ts0=459 > max_sent=0)
DEBUG 2026-09-03 10:01:45 [chunk] received 50 actions, timesteps 0..49 | first: shoulder_pan.pos=-5.42 shoulder_lift.pos=-101.44 elbow_flex.pos=+88.90 wrist_flex.pos=+76.52 wrist_roll.pos=-1.03 gripper.pos=+1.51 | last: shoulder_pan.pos=-5.47 shoulder_lift.pos=-101.43 elbow_flex.pos=+88.55 wrist_flex.pos=+76.66 wrist_roll.pos=-1.05 gripper.pos=+1.33
DEBUG 2026-09-03 10:01:45 [action #1] t=1.77s step=0 queue=50 dmax=n/a | shoulder_pan.pos=-5.42 shoulder_lift.pos=-101.44 elbow_flex.pos=+88.90 wrist_flex.pos=+76.52 wrist_roll.pos=-1.03 gripper.pos=+1.51
DEBUG 2026-09-03 10:01:45 [action #2] t=1.81s step=1 queue=49 dmax=0.251 | shoulder_pan.pos=-5.19 shoulder_lift.pos=-101.24 elbow_flex.pos=+89.15 wrist_flex.pos=+76.34 wrist_roll.pos=-1.00 gripper.pos=+1.43
DEBUG 2026-09-03 10:01:45 [action #3] t=1.84s step=2 queue=48 dmax=0.343 | shoulder_pan.pos=-5.17 shoulder_lift.pos=-101.41 elbow_flex.pos=+88.81 wrist_flex.pos=+76.34 wrist_roll.pos=-1.07 gripper.pos=+1.39
DEBUG 2026-09-03 10:01:45 [action #4] t=1.87s step=3 queue=47 dmax=0.293 | shoulder_pan.pos=-5.42 shoulder_lift.pos=-101.53 elbow_flex.pos=+89.10 wrist_flex.pos=+76.51 wrist_roll.pos=-0.94 gripper.pos=+1.43
DEBUG 2026-09-03 10:01:45 [action #5] t=1.91s step=4 queue=46 dmax=0.201 | shoulder_pan.pos=-5.22 shoulder_lift.pos=-101.63 elbow_flex.pos=+89.21 wrist_flex.pos=+76.57 wrist_roll.pos=-0.99 gripper.pos=+1.42
DEBUG 2026-09-03 10:01:45 [action #6] t=1.94s step=5 queue=45 dmax=0.200 | shoulder_pan.pos=-5.25 shoulder_lift.pos=-101.71 elbow_flex.pos=+89.41 wrist_flex.pos=+76.54 wrist_roll.pos=-1.00 gripper.pos=+1.42
DEBUG 2026-09-03 10:01:45 [action #7] t=1.97s step=6 queue=44 dmax=0.240 | shoulder_pan.pos=-5.21 shoulder_lift.pos=-101.48 elbow_flex.pos=+89.30 wrist_flex.pos=+76.78 wrist_roll.pos=-1.09 gripper.pos=+1.29
DEBUG 2026-09-03 10:01:45 [action #8] t=2.01s step=7 queue=43 dmax=0.198 | shoulder_pan.pos=-5.02 shoulder_lift.pos=-101.64 elbow_flex.pos=+89.47 wrist_flex.pos=+76.84 wrist_roll.pos=-1.01 gripper.pos=+1.36
DEBUG 2026-09-03 10:01:45 [action #9] t=2.04s step=8 queue=42 dmax=0.491 | shoulder_pan.pos=-5.32 shoulder_lift.pos=-102.13 elbow_flex.pos=+89.07 wrist_flex.pos=+76.80 wrist_roll.pos=-1.06 gripper.pos=+1.36
DEBUG 2026-09-03 10:01:45 [action #10] t=2.07s step=9 queue=41 dmax=0.569 | shoulder_pan.pos=-5.29 shoulder_lift.pos=-101.56 elbow_flex.pos=+88.76 wrist_flex.pos=+76.67 wrist_roll.pos=-1.01 gripper.pos=+1.27
DEBUG 2026-09-03 10:01:45 [action #11] t=2.11s step=10 queue=40 dmax=0.768 | shoulder_pan.pos=-5.12 shoulder_lift.pos=-102.33 elbow_flex.pos=+89.27 wrist_flex.pos=+76.68 wrist_roll.pos=-1.05 gripper.pos=+1.32
DEBUG 2026-09-03 10:01:45 [action #12] t=2.14s step=11 queue=39 dmax=0.348 | shoulder_pan.pos=-5.24 shoulder_lift.pos=-101.98 elbow_flex.pos=+89.36 wrist_flex.pos=+76.79 wrist_roll.pos=-0.96 gripper.pos=+1.41
DEBUG 2026-09-03 10:01:45 [action #13] t=2.17s step=12 queue=38 dmax=0.243 | shoulder_pan.pos=-5.27 shoulder_lift.pos=-102.22 elbow_flex.pos=+89.17 wrist_flex.pos=+76.70 wrist_roll.pos=-1.12 gripper.pos=+1.21
DEBUG 2026-09-03 10:01:45 [action #14] t=2.21s step=13 queue=37 dmax=0.611 | shoulder_pan.pos=-5.36 shoulder_lift.pos=-101.90 elbow_flex.pos=+89.78 wrist_flex.pos=+76.62 wrist_roll.pos=-1.01 gripper.pos=+1.30
DEBUG 2026-09-03 10:01:45 [action #15] t=2.24s step=14 queue=36 dmax=0.424 | shoulder_pan.pos=-5.22 shoulder_lift.pos=-101.47 elbow_flex.pos=+89.70 wrist_flex.pos=+76.89 wrist_roll.pos=-1.02 gripper.pos=+1.43
DEBUG 2026-09-03 10:01:45 [action #16] t=2.27s step=15 queue=35 dmax=0.685 | shoulder_pan.pos=-5.30 shoulder_lift.pos=-102.16 elbow_flex.pos=+89.52 wrist_flex.pos=+76.84 wrist_roll.pos=-1.05 gripper.pos=+1.32
DEBUG 2026-09-03 10:01:46 [action #17] t=2.31s step=16 queue=34 dmax=0.327 | shoulder_pan.pos=-5.15 shoulder_lift.pos=-102.34 elbow_flex.pos=+89.19 wrist_flex.pos=+76.67 wrist_roll.pos=-1.03 gripper.pos=+1.24
DEBUG 2026-09-03 10:01:46 [action #18] t=2.34s step=17 queue=33 dmax=0.428 | shoulder_pan.pos=-5.14 shoulder_lift.pos=-101.91 elbow_flex.pos=+88.89 wrist_flex.pos=+76.77 wrist_roll.pos=-1.02 gripper.pos=+1.34
DEBUG 2026-09-03 10:01:46 [action #19] t=2.38s step=18 queue=32 dmax=0.355 | shoulder_pan.pos=-5.31 shoulder_lift.pos=-102.27 elbow_flex.pos=+89.08 wrist_flex.pos=+76.67 wrist_roll.pos=-1.04 gripper.pos=+1.30
DEBUG 2026-09-03 10:01:46 [action #20] t=2.41s step=19 queue=31 dmax=0.198 | shoulder_pan.pos=-5.23 shoulder_lift.pos=-102.07 elbow_flex.pos=+89.24 wrist_flex.pos=+76.71 wrist_roll.pos=-1.13 gripper.pos=+1.40
DEBUG 2026-09-03 10:01:46 [action #21] t=2.44s step=20 queue=30 dmax=0.740 | shoulder_pan.pos=-5.21 shoulder_lift.pos=-101.98 elbow_flex.pos=+88.50 wrist_flex.pos=+76.73 wrist_roll.pos=-1.11 gripper.pos=+1.23
DEBUG 2026-09-03 10:01:46 [action #22] t=2.48s step=21 queue=29 dmax=0.187 | shoulder_pan.pos=-5.28 shoulder_lift.pos=-101.83 elbow_flex.pos=+88.68 wrist_flex.pos=+76.67 wrist_roll.pos=-1.07 gripper.pos=+1.33
DEBUG 2026-09-03 10:01:46 [action #23] t=2.51s step=22 queue=28 dmax=0.754 | shoulder_pan.pos=-5.10 shoulder_lift.pos=-101.70 elbow_flex.pos=+89.44 wrist_flex.pos=+76.79 wrist_roll.pos=-1.12 gripper.pos=+1.27
DEBUG 2026-09-03 10:01:46 [action #24] t=2.54s step=23 queue=27 dmax=0.819 | shoulder_pan.pos=-5.24 shoulder_lift.pos=-101.63 elbow_flex.pos=+88.62 wrist_flex.pos=+76.70 wrist_roll.pos=-1.06 gripper.pos=+1.33
DEBUG 2026-09-03 10:01:46 [action #25] t=2.58s step=24 queue=26 dmax=0.674 | shoulder_pan.pos=-5.40 shoulder_lift.pos=-101.91 elbow_flex.pos=+89.29 wrist_flex.pos=+76.75 wrist_roll.pos=-1.06 gripper.pos=+1.35
DEBUG 2026-09-03 10:01:46 [action #26] t=2.61s step=25 queue=25 dmax=0.322 | shoulder_pan.pos=-5.15 shoulder_lift.pos=-101.88 elbow_flex.pos=+88.97 wrist_flex.pos=+76.78 wrist_roll.pos=-1.03 gripper.pos=+1.31
DEBUG 2026-09-03 10:01:46 [action #27] t=2.64s step=26 queue=24 dmax=0.536 | shoulder_pan.pos=-5.25 shoulder_lift.pos=-102.42 elbow_flex.pos=+89.39 wrist_flex.pos=+76.82 wrist_roll.pos=-1.07 gripper.pos=+1.23
DEBUG 2026-09-03 10:01:46 [action #28] t=2.68s step=27 queue=23 dmax=0.920 | shoulder_pan.pos=-5.16 shoulder_lift.pos=-101.79 elbow_flex.pos=+88.47 wrist_flex.pos=+76.73 wrist_roll.pos=-0.94 gripper.pos=+1.27
DEBUG 2026-09-03 10:01:46 [action #29] t=2.71s step=28 queue=22 dmax=0.975 | shoulder_pan.pos=-5.21 shoulder_lift.pos=-101.81 elbow_flex.pos=+89.44 wrist_flex.pos=+76.65 wrist_roll.pos=-1.03 gripper.pos=+1.28
DEBUG 2026-09-03 10:01:46 [action #30] t=2.74s step=29 queue=21 dmax=0.787 | shoulder_pan.pos=-5.26 shoulder_lift.pos=-101.02 elbow_flex.pos=+89.21 wrist_flex.pos=+76.70 wrist_roll.pos=-0.96 gripper.pos=+1.40
DEBUG 2026-09-03 10:01:46 [action #31] t=2.78s step=30 queue=20 dmax=0.780 | shoulder_pan.pos=-5.31 shoulder_lift.pos=-101.80 elbow_flex.pos=+89.13 wrist_flex.pos=+76.53 wrist_roll.pos=-1.01 gripper.pos=+1.32
DEBUG 2026-09-03 10:01:46 [action #32] t=2.81s step=31 queue=19 dmax=0.367 | shoulder_pan.pos=-5.17 shoulder_lift.pos=-101.44 elbow_flex.pos=+89.05 wrist_flex.pos=+76.64 wrist_roll.pos=-1.02 gripper.pos=+1.34
DEBUG 2026-09-03 10:01:46 [action #33] t=2.84s step=32 queue=18 dmax=0.339 | shoulder_pan.pos=-5.33 shoulder_lift.pos=-101.78 elbow_flex.pos=+89.16 wrist_flex.pos=+76.59 wrist_roll.pos=-1.04 gripper.pos=+1.21
DEBUG 2026-09-03 10:01:46 [action #34] t=2.88s step=33 queue=17 dmax=0.306 | shoulder_pan.pos=-5.19 shoulder_lift.pos=-102.08 elbow_flex.pos=+89.26 wrist_flex.pos=+76.68 wrist_roll.pos=-0.96 gripper.pos=+1.35
DEBUG 2026-09-03 10:01:46 [action #35] t=2.91s step=34 queue=16 dmax=0.291 | shoulder_pan.pos=-5.13 shoulder_lift.pos=-102.31 elbow_flex.pos=+88.97 wrist_flex.pos=+76.80 wrist_roll.pos=-1.01 gripper.pos=+1.38
DEBUG 2026-09-03 10:01:46 [action #36] t=2.94s step=35 queue=15 dmax=0.662 | shoulder_pan.pos=-5.25 shoulder_lift.pos=-101.65 elbow_flex.pos=+88.98 wrist_flex.pos=+76.61 wrist_roll.pos=-1.10 gripper.pos=+1.30
DEBUG 2026-09-03 10:01:46 [action #37] t=2.98s step=36 queue=14 dmax=0.546 | shoulder_pan.pos=-5.41 shoulder_lift.pos=-102.19 elbow_flex.pos=+89.42 wrist_flex.pos=+76.66 wrist_roll.pos=-1.03 gripper.pos=+1.23
DEBUG 2026-09-03 10:01:46 [action #38] t=3.01s step=37 queue=13 dmax=0.500 | shoulder_pan.pos=-5.37 shoulder_lift.pos=-101.71 elbow_flex.pos=+88.92 wrist_flex.pos=+76.66 wrist_roll.pos=-1.09 gripper.pos=+1.28
DEBUG 2026-09-03 10:01:46 [action #39] t=3.04s step=38 queue=12 dmax=0.146 | shoulder_pan.pos=-5.23 shoulder_lift.pos=-101.77 elbow_flex.pos=+88.89 wrist_flex.pos=+76.63 wrist_roll.pos=-1.01 gripper.pos=+1.35
DEBUG 2026-09-03 10:01:46 [action #40] t=3.08s step=39 queue=11 dmax=0.274 | shoulder_pan.pos=-5.39 shoulder_lift.pos=-102.04 elbow_flex.pos=+89.14 wrist_flex.pos=+76.55 wrist_roll.pos=-1.10 gripper.pos=+1.37
DEBUG 2026-09-03 10:01:46 [action #41] t=3.11s step=40 queue=10 dmax=0.673 | shoulder_pan.pos=-5.41 shoulder_lift.pos=-101.37 elbow_flex.pos=+88.99 wrist_flex.pos=+76.60 wrist_roll.pos=-1.10 gripper.pos=+1.30
DEBUG 2026-09-03 10:01:46 [action #42] t=3.14s step=41 queue=9 dmax=0.700 | shoulder_pan.pos=-5.28 shoulder_lift.pos=-102.07 elbow_flex.pos=+88.76 wrist_flex.pos=+76.49 wrist_roll.pos=-1.08 gripper.pos=+1.28
DEBUG 2026-09-03 10:01:46 [chunk] received 50 actions, timesteps 12..61 | first: shoulder_pan.pos=-5.15 shoulder_lift.pos=-101.37 elbow_flex.pos=+88.56 wrist_flex.pos=+77.07 wrist_roll.pos=-1.19 gripper.pos=+1.57 | last: shoulder_pan.pos=-5.17 shoulder_lift.pos=-102.19 elbow_flex.pos=+88.50 wrist_flex.pos=+77.23 wrist_roll.pos=-1.22 gripper.pos=+1.33
DEBUG 2026-09-03 10:01:46 [action #43] t=3.18s step=42 queue=20 dmax=0.449 | shoulder_pan.pos=-5.13 shoulder_lift.pos=-101.83 elbow_flex.pos=+88.88 wrist_flex.pos=+76.94 wrist_roll.pos=-1.17 gripper.pos=+1.39
DEBUG 2026-09-03 10:01:46 [action #44] t=3.21s step=43 queue=19 dmax=0.120 | shoulder_pan.pos=-5.08 shoulder_lift.pos=-101.74 elbow_flex.pos=+88.88 wrist_flex.pos=+76.82 wrist_roll.pos=-1.22 gripper.pos=+1.47
DEBUG 2026-09-03 10:01:46 [action #45] t=3.24s step=44 queue=18 dmax=0.132 | shoulder_pan.pos=-5.18 shoulder_lift.pos=-101.69 elbow_flex.pos=+89.01 wrist_flex.pos=+76.84 wrist_roll.pos=-1.19 gripper.pos=+1.39
DEBUG 2026-09-03 10:01:47 [action #46] t=3.28s step=45 queue=17 dmax=0.125 | shoulder_pan.pos=-5.21 shoulder_lift.pos=-101.57 elbow_flex.pos=+88.94 wrist_flex.pos=+76.88 wrist_roll.pos=-1.18 gripper.pos=+1.41
DEBUG 2026-09-03 10:01:47 [action #47] t=3.31s step=46 queue=16 dmax=0.561 | shoulder_pan.pos=-5.12 shoulder_lift.pos=-102.13 elbow_flex.pos=+88.86 wrist_flex.pos=+76.94 wrist_roll.pos=-1.22 gripper.pos=+1.42
DEBUG 2026-09-03 10:01:47 [action #48] t=3.34s step=47 queue=15 dmax=0.483 | shoulder_pan.pos=-5.20 shoulder_lift.pos=-101.64 elbow_flex.pos=+88.71 wrist_flex.pos=+76.85 wrist_roll.pos=-1.19 gripper.pos=+1.46
DEBUG 2026-09-03 10:01:47 [action #49] t=3.38s step=48 queue=14 dmax=0.248 | shoulder_pan.pos=-5.16 shoulder_lift.pos=-101.89 elbow_flex.pos=+88.67 wrist_flex.pos=+76.89 wrist_roll.pos=-1.13 gripper.pos=+1.44
DEBUG 2026-09-03 10:01:47 [action #50] t=3.41s step=49 queue=13 dmax=0.088 | shoulder_pan.pos=-5.17 shoulder_lift.pos=-101.82 elbow_flex.pos=+88.65 wrist_flex.pos=+76.98 wrist_roll.pos=-1.18 gripper.pos=+1.37
DEBUG 2026-09-03 10:01:47 [action #51] t=3.45s step=50 queue=12 dmax=0.173 | shoulder_pan.pos=-4.99 shoulder_lift.pos=-101.73 elbow_flex.pos=+88.64 wrist_flex.pos=+77.05 wrist_roll.pos=-1.21 gripper.pos=+1.54
DEBUG 2026-09-03 10:01:47 [action #52] t=3.48s step=51 queue=11 dmax=0.751 | shoulder_pan.pos=-4.99 shoulder_lift.pos=-102.12 elbow_flex.pos=+89.40 wrist_flex.pos=+77.05 wrist_roll.pos=-1.22 gripper.pos=+1.41
DEBUG 2026-09-03 10:01:47 [action #53] t=3.51s step=52 queue=10 dmax=0.778 | shoulder_pan.pos=-4.91 shoulder_lift.pos=-101.58 elbow_flex.pos=+88.62 wrist_flex.pos=+76.97 wrist_roll.pos=-1.22 gripper.pos=+1.42
DEBUG 2026-09-03 10:01:47 [action #54] t=3.55s step=53 queue=9 dmax=0.572 | shoulder_pan.pos=-4.90 shoulder_lift.pos=-101.55 elbow_flex.pos=+89.19 wrist_flex.pos=+77.14 wrist_roll.pos=-1.09 gripper.pos=+1.49
DEBUG 2026-09-03 10:01:47 [action #55] t=3.58s step=54 queue=8 dmax=0.606 | shoulder_pan.pos=-5.23 shoulder_lift.pos=-102.16 elbow_flex.pos=+88.61 wrist_flex.pos=+77.13 wrist_roll.pos=-1.15 gripper.pos=+1.35
DEBUG 2026-09-03 10:01:47 [action #56] t=3.61s step=55 queue=7 dmax=0.628 | shoulder_pan.pos=-5.07 shoulder_lift.pos=-101.53 elbow_flex.pos=+88.98 wrist_flex.pos=+77.01 wrist_roll.pos=-1.15 gripper.pos=+1.33
DEBUG 2026-09-03 10:01:47 [action #57] t=3.65s step=56 queue=6 dmax=0.409 | shoulder_pan.pos=-4.88 shoulder_lift.pos=-101.33 elbow_flex.pos=+88.57 wrist_flex.pos=+77.12 wrist_roll.pos=-1.17 gripper.pos=+1.37
DEBUG 2026-09-03 10:01:47 [action #58] t=3.68s step=57 queue=5 dmax=0.564 | shoulder_pan.pos=-5.03 shoulder_lift.pos=-101.90 elbow_flex.pos=+88.53 wrist_flex.pos=+77.12 wrist_roll.pos=-1.21 gripper.pos=+1.39
DEBUG 2026-09-03 10:01:47 [action #59] t=3.71s step=58 queue=4 dmax=0.149 | shoulder_pan.pos=-5.17 shoulder_lift.pos=-102.02 elbow_flex.pos=+88.68 wrist_flex.pos=+77.07 wrist_roll.pos=-1.15 gripper.pos=+1.35
DEBUG 2026-09-03 10:01:47 [action #60] t=3.75s step=59 queue=3 dmax=0.672 | shoulder_pan.pos=-5.02 shoulder_lift.pos=-102.21 elbow_flex.pos=+88.01 wrist_flex.pos=+77.09 wrist_roll.pos=-1.18 gripper.pos=+1.55
DEBUG 2026-09-03 10:01:47 [action #61] t=3.78s step=60 queue=2 dmax=0.788 | shoulder_pan.pos=-5.10 shoulder_lift.pos=-101.42 elbow_flex.pos=+88.19 wrist_flex.pos=+77.20 wrist_roll.pos=-1.19 gripper.pos=+1.35
DEBUG 2026-09-03 10:01:47 [action #62] t=3.81s step=61 queue=1 dmax=0.765 | shoulder_pan.pos=-5.17 shoulder_lift.pos=-102.19 elbow_flex.pos=+88.50 wrist_flex.pos=+77.23 wrist_roll.pos=-1.22 gripper.pos=+1.33
DEBUG 2026-09-03 10:01:48 [chunk] received 50 actions, timesteps 61..110 | first: shoulder_pan.pos=-4.94 shoulder_lift.pos=-102.25 elbow_flex.pos=+88.57 wrist_flex.pos=+76.78 wrist_roll.pos=-1.07 gripper.pos=+1.36 | last: shoulder_pan.pos=-4.90 shoulder_lift.pos=-102.21 elbow_flex.pos=+88.68 wrist_flex.pos=+76.82 wrist_roll.pos=-1.02 gripper.pos=+1.49
DEBUG 2026-09-03 10:01:48 [action #63] t=4.75s step=62 queue=49 dmax=0.644 | shoulder_pan.pos=-4.94 shoulder_lift.pos=-101.63 elbow_flex.pos=+88.40 wrist_flex.pos=+76.58 wrist_roll.pos=-1.06 gripper.pos=+1.53
DEBUG 2026-09-03 10:01:48 [action #64] t=4.78s step=63 queue=48 dmax=0.455 | shoulder_pan.pos=-4.91 shoulder_lift.pos=-102.09 elbow_flex.pos=+88.59 wrist_flex.pos=+76.68 wrist_roll.pos=-1.07 gripper.pos=+1.33
DEBUG 2026-09-03 10:01:48 [action #65] t=4.82s step=64 queue=47 dmax=0.786 | shoulder_pan.pos=-4.98 shoulder_lift.pos=-101.30 elbow_flex.pos=+88.86 wrist_flex.pos=+76.79 wrist_roll.pos=-1.10 gripper.pos=+1.57
DEBUG 2026-09-03 10:01:48 [action #66] t=4.85s step=65 queue=46 dmax=0.690 | shoulder_pan.pos=-4.93 shoulder_lift.pos=-101.43 elbow_flex.pos=+88.17 wrist_flex.pos=+76.73 wrist_roll.pos=-1.10 gripper.pos=+1.50
DEBUG 2026-09-03 10:01:48 [action #67] t=4.88s step=66 queue=45 dmax=0.428 | shoulder_pan.pos=-4.75 shoulder_lift.pos=-101.42 elbow_flex.pos=+88.59 wrist_flex.pos=+76.83 wrist_roll.pos=-1.13 gripper.pos=+1.47
DEBUG 2026-09-03 10:01:48 [action #68] t=4.92s step=67 queue=44 dmax=0.228 | shoulder_pan.pos=-4.71 shoulder_lift.pos=-101.36 elbow_flex.pos=+88.57 wrist_flex.pos=+76.60 wrist_roll.pos=-1.09 gripper.pos=+1.58
DEBUG 2026-09-03 10:01:48 [action #69] t=4.95s step=68 queue=43 dmax=0.397 | shoulder_pan.pos=-4.92 shoulder_lift.pos=-101.76 elbow_flex.pos=+88.65 wrist_flex.pos=+76.72 wrist_roll.pos=-1.07 gripper.pos=+1.36
DEBUG 2026-09-03 10:01:48 [action #70] t=4.98s step=69 queue=42 dmax=0.654 | shoulder_pan.pos=-4.91 shoulder_lift.pos=-102.25 elbow_flex.pos=+89.31 wrist_flex.pos=+76.72 wrist_roll.pos=-1.20 gripper.pos=+1.41
DEBUG 2026-09-03 10:01:48 [action #71] t=5.02s step=70 queue=41 dmax=0.596 | shoulder_pan.pos=-4.89 shoulder_lift.pos=-101.93 elbow_flex.pos=+88.71 wrist_flex.pos=+76.85 wrist_roll.pos=-1.11 gripper.pos=+1.38
DEBUG 2026-09-03 10:01:48 [action #72] t=5.05s step=71 queue=40 dmax=0.247 | shoulder_pan.pos=-5.09 shoulder_lift.pos=-102.18 elbow_flex.pos=+88.95 wrist_flex.pos=+76.86 wrist_roll.pos=-1.12 gripper.pos=+1.49
DEBUG 2026-09-03 10:01:48 [action #73] t=5.08s step=72 queue=39 dmax=0.383 | shoulder_pan.pos=-5.04 shoulder_lift.pos=-101.80 elbow_flex.pos=+89.02 wrist_flex.pos=+76.89 wrist_roll.pos=-1.04 gripper.pos=+1.48
DEBUG 2026-09-03 10:01:48 [action #74] t=5.12s step=73 queue=38 dmax=0.232 | shoulder_pan.pos=-5.27 shoulder_lift.pos=-101.89 elbow_flex.pos=+88.87 wrist_flex.pos=+76.94 wrist_roll.pos=-1.07 gripper.pos=+1.42
DEBUG 2026-09-03 10:01:48 [action #75] t=5.15s step=74 queue=37 dmax=0.518 | shoulder_pan.pos=-5.06 shoulder_lift.pos=-102.41 elbow_flex.pos=+89.06 wrist_flex.pos=+76.75 wrist_roll.pos=-1.10 gripper.pos=+1.49
DEBUG 2026-09-03 10:01:48 [action #76] t=5.18s step=75 queue=36 dmax=0.566 | shoulder_pan.pos=-5.30 shoulder_lift.pos=-101.85 elbow_flex.pos=+89.09 wrist_flex.pos=+76.99 wrist_roll.pos=-1.18 gripper.pos=+1.48
DEBUG 2026-09-03 10:01:48 [action #77] t=5.22s step=76 queue=35 dmax=0.233 | shoulder_pan.pos=-5.07 shoulder_lift.pos=-101.70 elbow_flex.pos=+89.31 wrist_flex.pos=+76.90 wrist_roll.pos=-1.14 gripper.pos=+1.36
DEBUG 2026-09-03 10:01:48 [action #78] t=5.25s step=77 queue=34 dmax=0.232 | shoulder_pan.pos=-5.06 shoulder_lift.pos=-101.60 elbow_flex.pos=+89.08 wrist_flex.pos=+76.86 wrist_roll.pos=-1.16 gripper.pos=+1.42
DEBUG 2026-09-03 10:01:49 [action #79] t=5.29s step=78 queue=33 dmax=0.786 | shoulder_pan.pos=-5.10 shoulder_lift.pos=-101.78 elbow_flex.pos=+88.29 wrist_flex.pos=+76.89 wrist_roll.pos=-1.15 gripper.pos=+1.50
DEBUG 2026-09-03 10:01:49 [action #80] t=5.32s step=79 queue=32 dmax=1.035 | shoulder_pan.pos=-5.00 shoulder_lift.pos=-101.86 elbow_flex.pos=+89.32 wrist_flex.pos=+76.84 wrist_roll.pos=-1.12 gripper.pos=+1.44
DEBUG 2026-09-03 10:01:49 [action #81] t=5.35s step=80 queue=31 dmax=0.462 | shoulder_pan.pos=-5.15 shoulder_lift.pos=-102.00 elbow_flex.pos=+89.79 wrist_flex.pos=+77.06 wrist_roll.pos=-1.16 gripper.pos=+1.52
DEBUG 2026-09-03 10:01:49 [action #82] t=5.39s step=81 queue=30 dmax=0.481 | shoulder_pan.pos=-4.98 shoulder_lift.pos=-102.08 elbow_flex.pos=+89.31 wrist_flex.pos=+76.81 wrist_roll.pos=-1.11 gripper.pos=+1.41
DEBUG 2026-09-03 10:01:49 [action #83] t=5.42s step=82 queue=29 dmax=0.182 | shoulder_pan.pos=-4.85 shoulder_lift.pos=-102.05 elbow_flex.pos=+89.49 wrist_flex.pos=+76.88 wrist_roll.pos=-1.12 gripper.pos=+1.31
DEBUG 2026-09-03 10:01:49 [action #84] t=5.45s step=83 queue=28 dmax=0.408 | shoulder_pan.pos=-4.86 shoulder_lift.pos=-101.69 elbow_flex.pos=+89.08 wrist_flex.pos=+76.88 wrist_roll.pos=-1.14 gripper.pos=+1.48
DEBUG 2026-09-03 10:01:49 [action #85] t=5.49s step=84 queue=27 dmax=0.456 | shoulder_pan.pos=-4.97 shoulder_lift.pos=-102.14 elbow_flex.pos=+89.10 wrist_flex.pos=+76.98 wrist_roll.pos=-1.11 gripper.pos=+1.45
DEBUG 2026-09-03 10:01:49 [action #86] t=5.52s step=85 queue=26 dmax=0.384 | shoulder_pan.pos=-4.81 shoulder_lift.pos=-101.76 elbow_flex.pos=+88.90 wrist_flex.pos=+77.02 wrist_roll.pos=-1.16 gripper.pos=+1.52
DEBUG 2026-09-03 10:01:49 [action #87] t=5.55s step=86 queue=25 dmax=0.129 | shoulder_pan.pos=-4.91 shoulder_lift.pos=-101.77 elbow_flex.pos=+89.01 wrist_flex.pos=+77.00 wrist_roll.pos=-1.11 gripper.pos=+1.39
DEBUG 2026-09-03 10:01:49 [action #88] t=5.59s step=87 queue=24 dmax=0.265 | shoulder_pan.pos=-4.95 shoulder_lift.pos=-101.59 elbow_flex.pos=+88.74 wrist_flex.pos=+76.91 wrist_roll.pos=-1.14 gripper.pos=+1.46
DEBUG 2026-09-03 10:01:49 [action #89] t=5.62s step=88 queue=23 dmax=0.345 | shoulder_pan.pos=-5.13 shoulder_lift.pos=-101.93 elbow_flex.pos=+89.03 wrist_flex.pos=+77.07 wrist_roll.pos=-1.16 gripper.pos=+1.52
DEBUG 2026-09-03 10:01:49 [action #90] t=5.65s step=89 queue=22 dmax=0.192 | shoulder_pan.pos=-5.09 shoulder_lift.pos=-102.12 elbow_flex.pos=+88.97 wrist_flex.pos=+77.10 wrist_roll.pos=-1.08 gripper.pos=+1.49
DEBUG 2026-09-03 10:01:49 [action #91] t=5.69s step=90 queue=21 dmax=0.270 | shoulder_pan.pos=-4.99 shoulder_lift.pos=-102.01 elbow_flex.pos=+88.70 wrist_flex.pos=+76.95 wrist_roll.pos=-1.17 gripper.pos=+1.45
DEBUG 2026-09-03 10:01:49 [action #92] t=5.72s step=91 queue=20 dmax=0.226 | shoulder_pan.pos=-4.95 shoulder_lift.pos=-102.21 elbow_flex.pos=+88.92 wrist_flex.pos=+77.04 wrist_roll.pos=-1.08 gripper.pos=+1.40
DEBUG 2026-09-03 10:01:49 [action #93] t=5.75s step=92 queue=19 dmax=0.478 | shoulder_pan.pos=-5.13 shoulder_lift.pos=-101.73 elbow_flex.pos=+88.76 wrist_flex.pos=+76.96 wrist_roll.pos=-1.16 gripper.pos=+1.50
DEBUG 2026-09-03 10:01:49 [action #94] t=5.79s step=93 queue=18 dmax=0.303 | shoulder_pan.pos=-5.07 shoulder_lift.pos=-101.95 elbow_flex.pos=+89.06 wrist_flex.pos=+76.88 wrist_roll.pos=-1.18 gripper.pos=+1.46
DEBUG 2026-09-03 10:01:49 [action #95] t=5.82s step=94 queue=17 dmax=0.414 | shoulder_pan.pos=-5.08 shoulder_lift.pos=-101.89 elbow_flex.pos=+88.64 wrist_flex.pos=+76.96 wrist_roll.pos=-1.22 gripper.pos=+1.50
DEBUG 2026-09-03 10:01:49 [action #96] t=5.85s step=95 queue=16 dmax=0.453 | shoulder_pan.pos=-4.95 shoulder_lift.pos=-101.61 elbow_flex.pos=+89.10 wrist_flex.pos=+77.05 wrist_roll.pos=-1.05 gripper.pos=+1.48
DEBUG 2026-09-03 10:01:49 [action #97] t=5.89s step=96 queue=15 dmax=0.521 | shoulder_pan.pos=-4.77 shoulder_lift.pos=-102.10 elbow_flex.pos=+88.58 wrist_flex.pos=+76.93 wrist_roll.pos=-1.17 gripper.pos=+1.45
DEBUG 2026-09-03 10:01:49 [action #98] t=5.92s step=97 queue=14 dmax=0.419 | shoulder_pan.pos=-5.05 shoulder_lift.pos=-101.68 elbow_flex.pos=+88.85 wrist_flex.pos=+76.90 wrist_roll.pos=-1.17 gripper.pos=+1.52
DEBUG 2026-09-03 10:01:49 [action #99] t=5.95s step=98 queue=13 dmax=0.745 | shoulder_pan.pos=-5.00 shoulder_lift.pos=-100.94 elbow_flex.pos=+88.59 wrist_flex.pos=+76.92 wrist_roll.pos=-1.12 gripper.pos=+1.57
DEBUG 2026-09-03 10:01:49 [action #100] t=5.99s step=99 queue=12 dmax=0.968 | shoulder_pan.pos=-4.99 shoulder_lift.pos=-101.90 elbow_flex.pos=+88.73 wrist_flex.pos=+76.89 wrist_roll.pos=-1.19 gripper.pos=+1.37
DEBUG 2026-09-03 10:01:49 [action #101] t=6.02s step=100 queue=11 dmax=0.526 | shoulder_pan.pos=-4.92 shoulder_lift.pos=-101.88 elbow_flex.pos=+89.25 wrist_flex.pos=+76.96 wrist_roll.pos=-1.18 gripper.pos=+1.47
DEBUG 2026-09-03 10:01:49 [action #102] t=6.05s step=101 queue=10 dmax=0.353 | shoulder_pan.pos=-4.93 shoulder_lift.pos=-101.91 elbow_flex.pos=+88.90 wrist_flex.pos=+77.00 wrist_roll.pos=-1.21 gripper.pos=+1.49
DEBUG 2026-09-03 10:01:49 [action #103] t=6.09s step=102 queue=9 dmax=0.597 | shoulder_pan.pos=-4.96 shoulder_lift.pos=-101.32 elbow_flex.pos=+89.02 wrist_flex.pos=+76.83 wrist_roll.pos=-1.24 gripper.pos=+1.40
DEBUG 2026-09-03 10:01:49 [action #104] t=6.12s step=103 queue=8 dmax=0.545 | shoulder_pan.pos=-5.07 shoulder_lift.pos=-101.86 elbow_flex.pos=+89.07 wrist_flex.pos=+76.94 wrist_roll.pos=-1.24 gripper.pos=+1.45
INFO 2026-09-03 10:01:53 Final action sent: shoulder_pan.pos=-5.07 shoulder_lift.pos=-101.86 elbow_flex.pos=+89.07 wrist_flex.pos=+76.94 wrist_roll.pos=-1.24 gripper.pos=+1.45
DEBUG 2026-09-03 10:01:53 === episode end | 9.6s | converged=True | actions=104 ===
