DEBUG 2026-09-03 10:02:01 === episode start | task: 'put the purse on the tray' | duration: 50.0s ===
DEBUG 2026-09-03 10:02:02 [chunk] received 50 actions, timesteps 0..49 | first: shoulder_pan.pos=-5.00 shoulder_lift.pos=-101.83 elbow_flex.pos=+88.57 wrist_flex.pos=+75.40 wrist_roll.pos=-1.09 gripper.pos=+1.71 | last: shoulder_pan.pos=-6.46 shoulder_lift.pos=-101.32 elbow_flex.pos=+89.31 wrist_flex.pos=+75.32 wrist_roll.pos=-1.15 gripper.pos=+1.44
DEBUG 2026-09-03 10:02:02 [action #1] t=1.00s step=0 queue=50 dmax=n/a | shoulder_pan.pos=-5.00 shoulder_lift.pos=-101.83 elbow_flex.pos=+88.57 wrist_flex.pos=+75.40 wrist_roll.pos=-1.09 gripper.pos=+1.71
DEBUG 2026-09-03 10:02:02 [action #2] t=1.04s step=1 queue=49 dmax=0.220 | shoulder_pan.pos=-4.78 shoulder_lift.pos=-101.67 elbow_flex.pos=+88.67 wrist_flex.pos=+75.58 wrist_roll.pos=-1.00 gripper.pos=+1.59
DEBUG 2026-09-03 10:02:02 [action #3] t=1.07s step=2 queue=48 dmax=0.446 | shoulder_pan.pos=-5.22 shoulder_lift.pos=-101.56 elbow_flex.pos=+88.72 wrist_flex.pos=+75.54 wrist_roll.pos=-1.14 gripper.pos=+1.61
DEBUG 2026-09-03 10:02:02 [action #4] t=1.10s step=3 queue=47 dmax=0.346 | shoulder_pan.pos=-4.99 shoulder_lift.pos=-101.90 elbow_flex.pos=+88.56 wrist_flex.pos=+75.52 wrist_roll.pos=-1.14 gripper.pos=+1.57
DEBUG 2026-09-03 10:02:02 [action #5] t=1.14s step=4 queue=46 dmax=0.280 | shoulder_pan.pos=-5.18 shoulder_lift.pos=-101.71 elbow_flex.pos=+88.84 wrist_flex.pos=+75.44 wrist_roll.pos=-1.14 gripper.pos=+1.68
DEBUG 2026-09-03 10:02:02 [action #6] t=1.17s step=5 queue=45 dmax=0.249 | shoulder_pan.pos=-5.43 shoulder_lift.pos=-101.46 elbow_flex.pos=+88.68 wrist_flex.pos=+75.49 wrist_roll.pos=-1.18 gripper.pos=+1.56
DEBUG 2026-09-03 10:02:02 [action #7] t=1.20s step=6 queue=44 dmax=0.206 | shoulder_pan.pos=-5.37 shoulder_lift.pos=-101.55 elbow_flex.pos=+88.89 wrist_flex.pos=+75.41 wrist_roll.pos=-1.12 gripper.pos=+1.57
DEBUG 2026-09-03 10:02:02 [action #8] t=1.24s step=7 queue=43 dmax=0.820 | shoulder_pan.pos=-5.32 shoulder_lift.pos=-102.09 elbow_flex.pos=+89.71 wrist_flex.pos=+75.42 wrist_roll.pos=-1.11 gripper.pos=+1.53
DEBUG 2026-09-03 10:02:02 [action #9] t=1.27s step=8 queue=42 dmax=0.654 | shoulder_pan.pos=-5.42 shoulder_lift.pos=-101.75 elbow_flex.pos=+89.06 wrist_flex.pos=+75.79 wrist_roll.pos=-1.13 gripper.pos=+1.49
DEBUG 2026-09-03 10:02:02 [action #10] t=1.30s step=9 queue=41 dmax=0.246 | shoulder_pan.pos=-5.50 shoulder_lift.pos=-101.97 elbow_flex.pos=+89.08 wrist_flex.pos=+75.54 wrist_roll.pos=-1.21 gripper.pos=+1.60
DEBUG 2026-09-03 10:02:02 [action #11] t=1.34s step=10 queue=40 dmax=0.199 | shoulder_pan.pos=-5.47 shoulder_lift.pos=-101.91 elbow_flex.pos=+89.11 wrist_flex.pos=+75.74 wrist_roll.pos=-1.11 gripper.pos=+1.62
DEBUG 2026-09-03 10:02:02 [action #12] t=1.37s step=11 queue=39 dmax=0.274 | shoulder_pan.pos=-5.28 shoulder_lift.pos=-101.93 elbow_flex.pos=+89.04 wrist_flex.pos=+75.47 wrist_roll.pos=-1.04 gripper.pos=+1.62
DEBUG 2026-09-03 10:02:02 [action #13] t=1.40s step=12 queue=38 dmax=0.586 | shoulder_pan.pos=-5.28 shoulder_lift.pos=-101.70 elbow_flex.pos=+89.63 wrist_flex.pos=+75.55 wrist_roll.pos=-1.13 gripper.pos=+1.68
DEBUG 2026-09-03 10:02:02 [action #14] t=1.44s step=13 queue=37 dmax=0.781 | shoulder_pan.pos=-5.32 shoulder_lift.pos=-101.75 elbow_flex.pos=+88.84 wrist_flex.pos=+75.71 wrist_roll.pos=-1.08 gripper.pos=+1.62
DEBUG 2026-09-03 10:02:03 [action #15] t=1.47s step=14 queue=36 dmax=0.373 | shoulder_pan.pos=-5.34 shoulder_lift.pos=-101.38 elbow_flex.pos=+89.18 wrist_flex.pos=+75.54 wrist_roll.pos=-1.13 gripper.pos=+1.49
DEBUG 2026-09-03 10:02:03 [action #16] t=1.51s step=15 queue=35 dmax=0.126 | shoulder_pan.pos=-5.28 shoulder_lift.pos=-101.50 elbow_flex.pos=+89.12 wrist_flex.pos=+75.67 wrist_roll.pos=-1.09 gripper.pos=+1.57
DEBUG 2026-09-03 10:02:03 [action #17] t=1.54s step=16 queue=34 dmax=0.589 | shoulder_pan.pos=-5.05 shoulder_lift.pos=-100.95 elbow_flex.pos=+88.53 wrist_flex.pos=+75.69 wrist_roll.pos=-1.11 gripper.pos=+1.60
DEBUG 2026-09-03 10:02:03 [action #18] t=1.57s step=17 queue=33 dmax=0.446 | shoulder_pan.pos=-5.27 shoulder_lift.pos=-101.40 elbow_flex.pos=+88.90 wrist_flex.pos=+75.59 wrist_roll.pos=-1.20 gripper.pos=+1.52
DEBUG 2026-09-03 10:02:03 [action #19] t=1.61s step=18 queue=32 dmax=0.270 | shoulder_pan.pos=-5.21 shoulder_lift.pos=-101.38 elbow_flex.pos=+89.17 wrist_flex.pos=+75.82 wrist_roll.pos=-1.15 gripper.pos=+1.53
DEBUG 2026-09-03 10:02:03 [action #20] t=1.64s step=19 queue=31 dmax=0.672 | shoulder_pan.pos=-5.14 shoulder_lift.pos=-101.63 elbow_flex.pos=+88.49 wrist_flex.pos=+75.75 wrist_roll.pos=-1.09 gripper.pos=+1.53
DEBUG 2026-09-03 10:02:03 [action #21] t=1.67s step=20 queue=30 dmax=0.252 | shoulder_pan.pos=-5.14 shoulder_lift.pos=-101.38 elbow_flex.pos=+88.59 wrist_flex.pos=+75.52 wrist_roll.pos=-1.06 gripper.pos=+1.45
DEBUG 2026-09-03 10:02:03 [action #22] t=1.71s step=21 queue=29 dmax=0.597 | shoulder_pan.pos=-5.32 shoulder_lift.pos=-101.79 elbow_flex.pos=+89.19 wrist_flex.pos=+75.53 wrist_roll.pos=-1.14 gripper.pos=+1.45
DEBUG 2026-09-03 10:02:03 [action #23] t=1.74s step=22 queue=28 dmax=0.706 | shoulder_pan.pos=-5.18 shoulder_lift.pos=-101.71 elbow_flex.pos=+88.48 wrist_flex.pos=+75.56 wrist_roll.pos=-1.09 gripper.pos=+1.40
DEBUG 2026-09-03 10:02:03 [action #24] t=1.77s step=23 queue=27 dmax=0.662 | shoulder_pan.pos=-5.30 shoulder_lift.pos=-102.12 elbow_flex.pos=+89.14 wrist_flex.pos=+75.66 wrist_roll.pos=-1.08 gripper.pos=+1.50
DEBUG 2026-09-03 10:02:03 [action #25] t=1.81s step=24 queue=26 dmax=0.896 | shoulder_pan.pos=-5.44 shoulder_lift.pos=-101.73 elbow_flex.pos=+88.25 wrist_flex.pos=+75.58 wrist_roll.pos=-1.11 gripper.pos=+1.49
DEBUG 2026-09-03 10:02:03 [action #26] t=1.84s step=25 queue=25 dmax=0.527 | shoulder_pan.pos=-5.01 shoulder_lift.pos=-101.44 elbow_flex.pos=+88.77 wrist_flex.pos=+75.71 wrist_roll.pos=-1.15 gripper.pos=+1.58
DEBUG 2026-09-03 10:02:03 [action #27] t=1.87s step=26 queue=24 dmax=0.303 | shoulder_pan.pos=-5.25 shoulder_lift.pos=-101.71 elbow_flex.pos=+88.47 wrist_flex.pos=+75.62 wrist_roll.pos=-1.12 gripper.pos=+1.53
DEBUG 2026-09-03 10:02:03 [action #28] t=1.91s step=27 queue=23 dmax=0.402 | shoulder_pan.pos=-5.41 shoulder_lift.pos=-102.07 elbow_flex.pos=+88.87 wrist_flex.pos=+75.42 wrist_roll.pos=-1.12 gripper.pos=+1.48
DEBUG 2026-09-03 10:02:03 [action #29] t=1.94s step=28 queue=22 dmax=0.310 | shoulder_pan.pos=-5.33 shoulder_lift.pos=-101.76 elbow_flex.pos=+88.63 wrist_flex.pos=+75.53 wrist_roll.pos=-1.18 gripper.pos=+1.56
DEBUG 2026-09-03 10:02:03 [action #30] t=1.97s step=29 queue=21 dmax=0.096 | shoulder_pan.pos=-5.38 shoulder_lift.pos=-101.75 elbow_flex.pos=+88.62 wrist_flex.pos=+75.43 wrist_roll.pos=-1.15 gripper.pos=+1.47
DEBUG 2026-09-03 10:02:03 [action #31] t=2.01s step=30 queue=20 dmax=0.298 | shoulder_pan.pos=-5.61 shoulder_lift.pos=-101.46 elbow_flex.pos=+88.55 wrist_flex.pos=+75.53 wrist_roll.pos=-1.16 gripper.pos=+1.52
DEBUG 2026-09-03 10:02:03 [action #32] t=2.04s step=31 queue=19 dmax=0.404 | shoulder_pan.pos=-5.49 shoulder_lift.pos=-101.73 elbow_flex.pos=+88.95 wrist_flex.pos=+75.46 wrist_roll.pos=-1.11 gripper.pos=+1.56
DEBUG 2026-09-03 10:02:03 [action #33] t=2.07s step=32 queue=18 dmax=0.214 | shoulder_pan.pos=-5.69 shoulder_lift.pos=-101.65 elbow_flex.pos=+88.74 wrist_flex.pos=+75.51 wrist_roll.pos=-1.09 gripper.pos=+1.53
DEBUG 2026-09-03 10:02:03 [chunk] received 50 actions, timesteps 4..53 | first: shoulder_pan.pos=-4.94 shoulder_lift.pos=-101.99 elbow_flex.pos=+88.13 wrist_flex.pos=+76.23 wrist_roll.pos=-1.04 gripper.pos=+1.71 | last: shoulder_pan.pos=-5.56 shoulder_lift.pos=-101.59 elbow_flex.pos=+88.92 wrist_flex.pos=+70.87 wrist_roll.pos=-1.05 gripper.pos=+1.67
DEBUG 2026-09-03 10:02:03 [action #34] t=2.11s step=33 queue=21 dmax=2.957 | shoulder_pan.pos=-5.51 shoulder_lift.pos=-101.70 elbow_flex.pos=+89.11 wrist_flex.pos=+72.55 wrist_roll.pos=-1.08 gripper.pos=+1.59
DEBUG 2026-09-03 10:02:03 [action #35] t=2.14s step=34 queue=20 dmax=0.353 | shoulder_pan.pos=-5.51 shoulder_lift.pos=-101.63 elbow_flex.pos=+88.76 wrist_flex.pos=+72.64 wrist_roll.pos=-1.07 gripper.pos=+1.57
DEBUG 2026-09-03 10:02:03 [action #36] t=2.17s step=35 queue=19 dmax=0.385 | shoulder_pan.pos=-5.58 shoulder_lift.pos=-101.82 elbow_flex.pos=+89.14 wrist_flex.pos=+72.51 wrist_roll.pos=-1.07 gripper.pos=+1.62
DEBUG 2026-09-03 10:02:03 [action #37] t=2.21s step=36 queue=18 dmax=0.200 | shoulder_pan.pos=-5.76 shoulder_lift.pos=-101.70 elbow_flex.pos=+88.94 wrist_flex.pos=+72.43 wrist_roll.pos=-1.08 gripper.pos=+1.59
DEBUG 2026-09-03 10:02:03 [action #38] t=2.24s step=37 queue=17 dmax=0.273 | shoulder_pan.pos=-5.76 shoulder_lift.pos=-101.65 elbow_flex.pos=+88.67 wrist_flex.pos=+72.35 wrist_roll.pos=-1.08 gripper.pos=+1.57
DEBUG 2026-09-03 10:02:03 [action #39] t=2.27s step=38 queue=16 dmax=0.343 | shoulder_pan.pos=-5.69 shoulder_lift.pos=-101.88 elbow_flex.pos=+89.01 wrist_flex.pos=+72.32 wrist_roll.pos=-1.08 gripper.pos=+1.52
DEBUG 2026-09-03 10:02:03 [action #40] t=2.31s step=39 queue=15 dmax=0.297 | shoulder_pan.pos=-5.71 shoulder_lift.pos=-101.58 elbow_flex.pos=+89.21 wrist_flex.pos=+72.20 wrist_roll.pos=-1.08 gripper.pos=+1.55
DEBUG 2026-09-03 10:02:03 [action #41] t=2.34s step=40 queue=14 dmax=0.453 | shoulder_pan.pos=-5.75 shoulder_lift.pos=-102.03 elbow_flex.pos=+88.92 wrist_flex.pos=+72.22 wrist_roll.pos=-1.08 gripper.pos=+1.49
DEBUG 2026-09-03 10:02:03 [action #42] t=2.37s step=41 queue=13 dmax=0.223 | shoulder_pan.pos=-5.75 shoulder_lift.pos=-101.81 elbow_flex.pos=+88.84 wrist_flex.pos=+72.11 wrist_roll.pos=-1.09 gripper.pos=+1.56
DEBUG 2026-09-03 10:02:03 [action #43] t=2.41s step=42 queue=12 dmax=0.333 | shoulder_pan.pos=-5.70 shoulder_lift.pos=-101.74 elbow_flex.pos=+89.17 wrist_flex.pos=+72.20 wrist_roll.pos=-1.06 gripper.pos=+1.59
DEBUG 2026-09-03 10:02:03 [action #44] t=2.44s step=43 queue=11 dmax=0.397 | shoulder_pan.pos=-5.84 shoulder_lift.pos=-101.35 elbow_flex.pos=+88.83 wrist_flex.pos=+72.18 wrist_roll.pos=-1.07 gripper.pos=+1.52
DEBUG 2026-09-03 10:02:04 [action #45] t=2.48s step=44 queue=10 dmax=0.194 | shoulder_pan.pos=-5.81 shoulder_lift.pos=-101.54 elbow_flex.pos=+88.95 wrist_flex.pos=+72.17 wrist_roll.pos=-1.06 gripper.pos=+1.49
DEBUG 2026-09-03 10:02:04 [action #46] t=2.51s step=45 queue=9 dmax=0.217 | shoulder_pan.pos=-5.70 shoulder_lift.pos=-101.52 elbow_flex.pos=+89.17 wrist_flex.pos=+72.15 wrist_roll.pos=-1.08 gripper.pos=+1.48
DEBUG 2026-09-03 10:02:04 [action #47] t=2.54s step=46 queue=8 dmax=0.329 | shoulder_pan.pos=-5.73 shoulder_lift.pos=-101.57 elbow_flex.pos=+88.84 wrist_flex.pos=+72.30 wrist_roll.pos=-1.06 gripper.pos=+1.51
DEBUG 2026-09-03 10:02:04 [action #48] t=2.58s step=47 queue=7 dmax=0.153 | shoulder_pan.pos=-5.58 shoulder_lift.pos=-101.64 elbow_flex.pos=+88.89 wrist_flex.pos=+72.22 wrist_roll.pos=-1.06 gripper.pos=+1.52
DEBUG 2026-09-03 10:02:04 [action #49] t=2.61s step=48 queue=6 dmax=0.171 | shoulder_pan.pos=-5.75 shoulder_lift.pos=-101.58 elbow_flex.pos=+88.89 wrist_flex.pos=+72.23 wrist_roll.pos=-1.09 gripper.pos=+1.60
DEBUG 2026-09-03 10:02:04 [action #50] t=2.64s step=49 queue=5 dmax=0.399 | shoulder_pan.pos=-5.83 shoulder_lift.pos=-101.48 elbow_flex.pos=+89.29 wrist_flex.pos=+72.19 wrist_roll.pos=-1.10 gripper.pos=+1.63
DEBUG 2026-09-03 10:02:04 [action #51] t=2.68s step=50 queue=4 dmax=1.325 | shoulder_pan.pos=-5.50 shoulder_lift.pos=-101.24 elbow_flex.pos=+88.56 wrist_flex.pos=+70.87 wrist_roll.pos=-1.10 gripper.pos=+1.63
DEBUG 2026-09-03 10:02:04 [action #52] t=2.71s step=51 queue=3 dmax=0.179 | shoulder_pan.pos=-5.47 shoulder_lift.pos=-101.42 elbow_flex.pos=+88.51 wrist_flex.pos=+70.76 wrist_roll.pos=-1.13 gripper.pos=+1.56
DEBUG 2026-09-03 10:02:04 [action #53] t=2.74s step=52 queue=2 dmax=0.418 | shoulder_pan.pos=-5.44 shoulder_lift.pos=-101.84 elbow_flex.pos=+88.72 wrist_flex.pos=+70.88 wrist_roll.pos=-1.05 gripper.pos=+1.62
DEBUG 2026-09-03 10:02:04 [action #54] t=2.78s step=53 queue=1 dmax=0.248 | shoulder_pan.pos=-5.56 shoulder_lift.pos=-101.59 elbow_flex.pos=+88.92 wrist_flex.pos=+70.87 wrist_roll.pos=-1.05 gripper.pos=+1.67
DEBUG 2026-09-03 10:02:04 [chunk] received 50 actions, timesteps 36..85 | first: shoulder_pan.pos=-5.10 shoulder_lift.pos=-102.10 elbow_flex.pos=+89.28 wrist_flex.pos=+74.82 wrist_roll.pos=-0.90 gripper.pos=+1.68 | last: shoulder_pan.pos=-11.12 shoulder_lift.pos=-99.79 elbow_flex.pos=+88.36 wrist_flex.pos=+64.64 wrist_roll.pos=-2.89 gripper.pos=+1.45
DEBUG 2026-09-03 10:02:04 [action #55] t=3.25s step=54 queue=32 dmax=3.396 | shoulder_pan.pos=-5.90 shoulder_lift.pos=-102.18 elbow_flex.pos=+88.51 wrist_flex.pos=+74.27 wrist_roll.pos=-1.06 gripper.pos=+1.50
DEBUG 2026-09-03 10:02:04 [action #56] t=3.28s step=55 queue=31 dmax=0.547 | shoulder_pan.pos=-6.17 shoulder_lift.pos=-101.64 elbow_flex.pos=+88.62 wrist_flex.pos=+74.31 wrist_roll.pos=-1.02 gripper.pos=+1.29
DEBUG 2026-09-03 10:02:04 [action #57] t=3.31s step=56 queue=30 dmax=0.215 | shoulder_pan.pos=-6.20 shoulder_lift.pos=-101.85 elbow_flex.pos=+88.57 wrist_flex.pos=+74.21 wrist_roll.pos=-1.03 gripper.pos=+1.43
DEBUG 2026-09-03 10:02:04 [action #58] t=3.35s step=57 queue=29 dmax=0.186 | shoulder_pan.pos=-6.39 shoulder_lift.pos=-101.84 elbow_flex.pos=+88.65 wrist_flex.pos=+74.14 wrist_roll.pos=-0.99 gripper.pos=+1.29
DEBUG 2026-09-03 10:02:04 [action #59] t=3.38s step=58 queue=28 dmax=0.201 | shoulder_pan.pos=-6.59 shoulder_lift.pos=-101.89 elbow_flex.pos=+88.70 wrist_flex.pos=+74.15 wrist_roll.pos=-1.01 gripper.pos=+1.28
DEBUG 2026-09-03 10:02:04 [action #60] t=3.41s step=59 queue=27 dmax=0.159 | shoulder_pan.pos=-6.74 shoulder_lift.pos=-101.98 elbow_flex.pos=+88.55 wrist_flex.pos=+73.99 wrist_roll.pos=-1.01 gripper.pos=+1.30
DEBUG 2026-09-03 10:02:04 [action #61] t=3.45s step=60 queue=26 dmax=0.430 | shoulder_pan.pos=-7.03 shoulder_lift.pos=-101.55 elbow_flex.pos=+88.53 wrist_flex.pos=+73.86 wrist_roll.pos=-1.06 gripper.pos=+1.34
DEBUG 2026-09-03 10:02:05 [action #62] t=3.48s step=61 queue=25 dmax=0.246 | shoulder_pan.pos=-7.27 shoulder_lift.pos=-101.33 elbow_flex.pos=+88.42 wrist_flex.pos=+73.76 wrist_roll.pos=-1.05 gripper.pos=+1.42
DEBUG 2026-09-03 10:02:05 [action #63] t=3.51s step=62 queue=24 dmax=0.446 | shoulder_pan.pos=-7.72 shoulder_lift.pos=-101.68 elbow_flex.pos=+88.36 wrist_flex.pos=+73.40 wrist_roll.pos=-1.08 gripper.pos=+1.30
DEBUG 2026-09-03 10:02:05 [action #64] t=3.55s step=63 queue=23 dmax=0.291 | shoulder_pan.pos=-7.96 shoulder_lift.pos=-101.98 elbow_flex.pos=+88.57 wrist_flex.pos=+73.48 wrist_roll.pos=-0.95 gripper.pos=+1.30
DEBUG 2026-09-03 10:02:05 [action #65] t=3.58s step=64 queue=22 dmax=0.469 | shoulder_pan.pos=-8.20 shoulder_lift.pos=-101.85 elbow_flex.pos=+88.10 wrist_flex.pos=+73.15 wrist_roll.pos=-1.07 gripper.pos=+1.34
DEBUG 2026-09-03 10:02:05 [action #66] t=3.61s step=65 queue=21 dmax=0.237 | shoulder_pan.pos=-8.44 shoulder_lift.pos=-101.88 elbow_flex.pos=+88.32 wrist_flex.pos=+72.99 wrist_roll.pos=-1.06 gripper.pos=+1.35
DEBUG 2026-09-03 10:02:05 [action #67] t=3.65s step=66 queue=20 dmax=0.428 | shoulder_pan.pos=-8.75 shoulder_lift.pos=-101.45 elbow_flex.pos=+88.50 wrist_flex.pos=+72.77 wrist_roll.pos=-1.12 gripper.pos=+1.35
DEBUG 2026-09-03 10:02:05 [action #68] t=3.68s step=67 queue=19 dmax=0.173 | shoulder_pan.pos=-8.90 shoulder_lift.pos=-101.27 elbow_flex.pos=+88.36 wrist_flex.pos=+72.69 wrist_roll.pos=-1.02 gripper.pos=+1.32
DEBUG 2026-09-03 10:02:05 [action #69] t=3.71s step=68 queue=18 dmax=0.326 | shoulder_pan.pos=-9.22 shoulder_lift.pos=-101.49 elbow_flex.pos=+88.19 wrist_flex.pos=+72.51 wrist_roll.pos=-1.16 gripper.pos=+1.38
DEBUG 2026-09-03 10:02:05 [action #70] t=3.75s step=69 queue=17 dmax=0.588 | shoulder_pan.pos=-9.45 shoulder_lift.pos=-102.08 elbow_flex.pos=+88.56 wrist_flex.pos=+72.26 wrist_roll.pos=-1.14 gripper.pos=+1.45
DEBUG 2026-09-03 10:02:05 [action #71] t=3.78s step=70 queue=16 dmax=0.447 | shoulder_pan.pos=-9.68 shoulder_lift.pos=-101.63 elbow_flex.pos=+88.42 wrist_flex.pos=+71.95 wrist_roll.pos=-1.13 gripper.pos=+1.45
DEBUG 2026-09-03 10:02:05 [action #72] t=3.81s step=71 queue=15 dmax=0.471 | shoulder_pan.pos=-9.76 shoulder_lift.pos=-101.82 elbow_flex.pos=+88.89 wrist_flex.pos=+71.55 wrist_roll.pos=-1.13 gripper.pos=+1.47
DEBUG 2026-09-03 10:02:05 [action #73] t=3.85s step=72 queue=14 dmax=0.974 | shoulder_pan.pos=-9.90 shoulder_lift.pos=-100.85 elbow_flex.pos=+88.33 wrist_flex.pos=+71.32 wrist_roll.pos=-1.16 gripper.pos=+1.41
DEBUG 2026-09-03 10:02:05 [action #74] t=3.88s step=73 queue=13 dmax=0.912 | shoulder_pan.pos=-9.91 shoulder_lift.pos=-101.76 elbow_flex.pos=+88.62 wrist_flex.pos=+70.83 wrist_roll.pos=-1.18 gripper.pos=+1.41
DEBUG 2026-09-03 10:02:05 [action #75] t=3.91s step=74 queue=12 dmax=0.338 | shoulder_pan.pos=-9.90 shoulder_lift.pos=-101.49 elbow_flex.pos=+88.71 wrist_flex.pos=+70.49 wrist_roll.pos=-1.17 gripper.pos=+1.47
DEBUG 2026-09-03 10:02:05 [action #76] t=3.95s step=75 queue=11 dmax=0.458 | shoulder_pan.pos=-10.07 shoulder_lift.pos=-101.59 elbow_flex.pos=+88.64 wrist_flex.pos=+70.03 wrist_roll.pos=-1.20 gripper.pos=+1.46
DEBUG 2026-09-03 10:02:05 [action #77] t=3.98s step=76 queue=10 dmax=0.446 | shoulder_pan.pos=-9.99 shoulder_lift.pos=-101.78 elbow_flex.pos=+88.19 wrist_flex.pos=+69.60 wrist_roll.pos=-1.30 gripper.pos=+1.47
DEBUG 2026-09-03 10:02:05 [action #78] t=4.01s step=77 queue=9 dmax=0.526 | shoulder_pan.pos=-10.13 shoulder_lift.pos=-101.99 elbow_flex.pos=+88.18 wrist_flex.pos=+69.08 wrist_roll.pos=-1.44 gripper.pos=+1.45
DEBUG 2026-09-03 10:02:05 [action #79] t=4.05s step=78 queue=8 dmax=0.504 | shoulder_pan.pos=-10.38 shoulder_lift.pos=-101.52 elbow_flex.pos=+88.20 wrist_flex.pos=+68.57 wrist_roll.pos=-1.55 gripper.pos=+1.41
DEBUG 2026-09-03 10:02:05 [action #80] t=4.08s step=79 queue=7 dmax=0.594 | shoulder_pan.pos=-10.44 shoulder_lift.pos=-101.72 elbow_flex.pos=+88.40 wrist_flex.pos=+67.98 wrist_roll.pos=-1.77 gripper.pos=+1.39
DEBUG 2026-09-03 10:02:05 [action #81] t=4.12s step=80 queue=6 dmax=0.556 | shoulder_pan.pos=-10.58 shoulder_lift.pos=-101.60 elbow_flex.pos=+88.54 wrist_flex.pos=+67.42 wrist_roll.pos=-1.99 gripper.pos=+1.43
DEBUG 2026-09-03 10:02:05 [action #82] t=4.15s step=81 queue=5 dmax=0.666 | shoulder_pan.pos=-10.71 shoulder_lift.pos=-101.44 elbow_flex.pos=+88.14 wrist_flex.pos=+66.76 wrist_roll.pos=-2.23 gripper.pos=+1.35
DEBUG 2026-09-03 10:02:05 [chunk] received 50 actions, timesteps 53..102 | first: shoulder_pan.pos=-5.52 shoulder_lift.pos=-101.58 elbow_flex.pos=+89.22 wrist_flex.pos=+71.98 wrist_roll.pos=-1.16 gripper.pos=+1.41 | last: shoulder_pan.pos=-7.14 shoulder_lift.pos=-101.19 elbow_flex.pos=+88.40 wrist_flex.pos=+70.51 wrist_roll.pos=-1.31 gripper.pos=+1.60
DEBUG 2026-09-03 10:02:05 [action #83] t=4.18s step=82 queue=21 dmax=2.174 | shoulder_pan.pos=-8.54 shoulder_lift.pos=-100.89 elbow_flex.pos=+88.70 wrist_flex.pos=+68.86 wrist_roll.pos=-1.46 gripper.pos=+1.43
DEBUG 2026-09-03 10:02:05 [action #84] t=4.22s step=83 queue=20 dmax=0.266 | shoulder_pan.pos=-8.35 shoulder_lift.pos=-101.16 elbow_flex.pos=+88.46 wrist_flex.pos=+68.76 wrist_roll.pos=-1.57 gripper.pos=+1.39
DEBUG 2026-09-03 10:02:05 [action #85] t=4.25s step=84 queue=19 dmax=0.352 | shoulder_pan.pos=-8.28 shoulder_lift.pos=-101.14 elbow_flex.pos=+88.46 wrist_flex.pos=+68.41 wrist_roll.pos=-1.69 gripper.pos=+1.32
DEBUG 2026-09-03 10:02:05 [action #86] t=4.28s step=85 queue=18 dmax=0.343 | shoulder_pan.pos=-8.38 shoulder_lift.pos=-100.80 elbow_flex.pos=+88.58 wrist_flex.pos=+68.35 wrist_roll.pos=-1.74 gripper.pos=+1.43
DEBUG 2026-09-03 10:02:05 [action #87] t=4.32s step=86 queue=17 dmax=1.706 | shoulder_pan.pos=-7.09 shoulder_lift.pos=-100.91 elbow_flex.pos=+88.85 wrist_flex.pos=+70.06 wrist_roll.pos=-1.29 gripper.pos=+1.44
DEBUG 2026-09-03 10:02:05 [action #88] t=4.35s step=87 queue=16 dmax=0.252 | shoulder_pan.pos=-7.04 shoulder_lift.pos=-100.66 elbow_flex.pos=+88.91 wrist_flex.pos=+70.15 wrist_roll.pos=-1.16 gripper.pos=+1.40
DEBUG 2026-09-03 10:02:05 [action #89] t=4.38s step=88 queue=15 dmax=0.632 | shoulder_pan.pos=-6.97 shoulder_lift.pos=-100.80 elbow_flex.pos=+88.28 wrist_flex.pos=+70.17 wrist_roll.pos=-1.28 gripper.pos=+1.40
DEBUG 2026-09-03 10:02:05 [action #90] t=4.42s step=89 queue=14 dmax=1.585 | shoulder_pan.pos=-6.98 shoulder_lift.pos=-102.39 elbow_flex.pos=+89.13 wrist_flex.pos=+70.21 wrist_roll.pos=-1.22 gripper.pos=+1.53
DEBUG 2026-09-03 10:02:05 [action #91] t=4.45s step=90 queue=13 dmax=1.408 | shoulder_pan.pos=-7.01 shoulder_lift.pos=-100.98 elbow_flex.pos=+88.32 wrist_flex.pos=+70.14 wrist_roll.pos=-1.24 gripper.pos=+1.62
DEBUG 2026-09-03 10:02:06 [action #92] t=4.48s step=91 queue=12 dmax=1.131 | shoulder_pan.pos=-7.08 shoulder_lift.pos=-101.42 elbow_flex.pos=+89.45 wrist_flex.pos=+70.16 wrist_roll.pos=-1.22 gripper.pos=+1.47
DEBUG 2026-09-03 10:02:06 [action #93] t=4.52s step=92 queue=11 dmax=1.351 | shoulder_pan.pos=-6.96 shoulder_lift.pos=-101.26 elbow_flex.pos=+88.10 wrist_flex.pos=+70.20 wrist_roll.pos=-1.29 gripper.pos=+1.62
DEBUG 2026-09-03 10:02:06 [action #94] t=4.55s step=93 queue=10 dmax=0.282 | shoulder_pan.pos=-6.81 shoulder_lift.pos=-100.98 elbow_flex.pos=+87.95 wrist_flex.pos=+70.21 wrist_roll.pos=-1.26 gripper.pos=+1.42
DEBUG 2026-09-03 10:02:06 [action #95] t=4.58s step=94 queue=9 dmax=1.166 | shoulder_pan.pos=-7.07 shoulder_lift.pos=-100.81 elbow_flex.pos=+89.11 wrist_flex.pos=+70.16 wrist_roll.pos=-1.24 gripper.pos=+1.51
DEBUG 2026-09-03 10:02:06 [action #96] t=4.62s step=95 queue=8 dmax=1.034 | shoulder_pan.pos=-7.13 shoulder_lift.pos=-100.96 elbow_flex.pos=+88.08 wrist_flex.pos=+70.20 wrist_roll.pos=-1.28 gripper.pos=+1.50
DEBUG 2026-09-03 10:02:06 [action #97] t=4.65s step=96 queue=7 dmax=0.670 | shoulder_pan.pos=-7.24 shoulder_lift.pos=-101.33 elbow_flex.pos=+88.75 wrist_flex.pos=+70.33 wrist_roll.pos=-1.27 gripper.pos=+1.33
DEBUG 2026-09-03 10:02:06 [action #98] t=4.68s step=97 queue=6 dmax=0.448 | shoulder_pan.pos=-7.23 shoulder_lift.pos=-101.27 elbow_flex.pos=+88.30 wrist_flex.pos=+70.43 wrist_roll.pos=-1.26 gripper.pos=+1.45
DEBUG 2026-09-03 10:02:06 [action #99] t=4.72s step=98 queue=5 dmax=0.821 | shoulder_pan.pos=-6.93 shoulder_lift.pos=-101.01 elbow_flex.pos=+87.48 wrist_flex.pos=+70.29 wrist_roll.pos=-1.29 gripper.pos=+1.48
DEBUG 2026-09-03 10:02:06 [action #100] t=4.75s step=99 queue=4 dmax=1.063 | shoulder_pan.pos=-7.08 shoulder_lift.pos=-101.06 elbow_flex.pos=+88.55 wrist_flex.pos=+70.34 wrist_roll.pos=-1.31 gripper.pos=+1.56
DEBUG 2026-09-03 10:02:06 [action #101] t=4.78s step=100 queue=3 dmax=0.399 | shoulder_pan.pos=-7.04 shoulder_lift.pos=-101.15 elbow_flex.pos=+88.15 wrist_flex.pos=+70.44 wrist_roll.pos=-1.20 gripper.pos=+1.60
DEBUG 2026-09-03 10:02:06 [action #102] t=4.82s step=101 queue=2 dmax=0.446 | shoulder_pan.pos=-7.02 shoulder_lift.pos=-100.70 elbow_flex.pos=+87.88 wrist_flex.pos=+70.36 wrist_roll.pos=-1.30 gripper.pos=+1.42
DEBUG 2026-09-03 10:02:06 [action #103] t=4.85s step=102 queue=1 dmax=0.525 | shoulder_pan.pos=-7.14 shoulder_lift.pos=-101.19 elbow_flex.pos=+88.40 wrist_flex.pos=+70.51 wrist_roll.pos=-1.31 gripper.pos=+1.60
DEBUG 2026-09-03 10:02:06 [chunk] received 50 actions, timesteps 81..130 | first: shoulder_pan.pos=-10.44 shoulder_lift.pos=-101.24 elbow_flex.pos=+90.12 wrist_flex.pos=+67.65 wrist_roll.pos=-0.98 gripper.pos=+1.63 | last: shoulder_pan.pos=-12.03 shoulder_lift.pos=-77.47 elbow_flex.pos=+72.67 wrist_flex.pos=+61.21 wrist_roll.pos=-3.99 gripper.pos=+1.65
DEBUG 2026-09-03 10:02:06 [action #104] t=5.12s step=103 queue=28 dmax=6.841 | shoulder_pan.pos=-12.07 shoulder_lift.pos=-102.06 elbow_flex.pos=+89.67 wrist_flex.pos=+63.67 wrist_roll.pos=-1.06 gripper.pos=+1.38
DEBUG 2026-09-03 10:02:06 [action #105] t=5.15s step=104 queue=27 dmax=0.439 | shoulder_pan.pos=-12.20 shoulder_lift.pos=-101.62 elbow_flex.pos=+89.88 wrist_flex.pos=+63.89 wrist_roll.pos=-1.06 gripper.pos=+1.51
DEBUG 2026-09-03 10:02:06 [action #106] t=5.19s step=105 queue=26 dmax=0.548 | shoulder_pan.pos=-12.08 shoulder_lift.pos=-101.68 elbow_flex.pos=+89.33 wrist_flex.pos=+64.13 wrist_roll.pos=-1.08 gripper.pos=+1.44
DEBUG 2026-09-03 10:02:06 [action #107] t=5.22s step=106 queue=25 dmax=0.300 | shoulder_pan.pos=-12.15 shoulder_lift.pos=-101.38 elbow_flex.pos=+89.63 wrist_flex.pos=+64.25 wrist_roll.pos=-1.09 gripper.pos=+1.46
DEBUG 2026-09-03 10:02:06 [action #108] t=5.25s step=107 queue=24 dmax=0.208 | shoulder_pan.pos=-12.35 shoulder_lift.pos=-101.51 elbow_flex.pos=+89.43 wrist_flex.pos=+64.44 wrist_roll.pos=-1.00 gripper.pos=+1.44
DEBUG 2026-09-03 10:02:06 [action #109] t=5.29s step=108 queue=23 dmax=0.129 | shoulder_pan.pos=-12.28 shoulder_lift.pos=-101.48 elbow_flex.pos=+89.34 wrist_flex.pos=+64.57 wrist_roll.pos=-1.08 gripper.pos=+1.38
DEBUG 2026-09-03 10:02:06 [action #110] t=5.32s step=109 queue=22 dmax=0.409 | shoulder_pan.pos=-12.25 shoulder_lift.pos=-101.55 elbow_flex.pos=+88.93 wrist_flex.pos=+64.59 wrist_roll.pos=-1.05 gripper.pos=+1.45
DEBUG 2026-09-03 10:02:06 [action #111] t=5.35s step=110 queue=21 dmax=0.364 | shoulder_pan.pos=-12.49 shoulder_lift.pos=-101.20 elbow_flex.pos=+89.08 wrist_flex.pos=+64.96 wrist_roll.pos=-1.09 gripper.pos=+1.52
DEBUG 2026-09-03 10:02:06 [action #112] t=5.39s step=111 queue=20 dmax=0.292 | shoulder_pan.pos=-12.20 shoulder_lift.pos=-101.32 elbow_flex.pos=+88.90 wrist_flex.pos=+65.06 wrist_roll.pos=-1.02 gripper.pos=+1.42
DEBUG 2026-09-03 10:02:06 [action #113] t=5.42s step=112 queue=19 dmax=0.225 | shoulder_pan.pos=-12.29 shoulder_lift.pos=-101.51 elbow_flex.pos=+88.67 wrist_flex.pos=+65.12 wrist_roll.pos=-1.06 gripper.pos=+1.51
DEBUG 2026-09-03 10:02:06 [action #114] t=5.45s step=113 queue=18 dmax=0.530 | shoulder_pan.pos=-12.50 shoulder_lift.pos=-102.04 elbow_flex.pos=+88.98 wrist_flex.pos=+65.36 wrist_roll.pos=-1.14 gripper.pos=+1.53
DEBUG 2026-09-03 10:02:07 [action #115] t=5.49s step=114 queue=17 dmax=0.910 | shoulder_pan.pos=-12.33 shoulder_lift.pos=-101.18 elbow_flex.pos=+88.07 wrist_flex.pos=+65.50 wrist_roll.pos=-1.17 gripper.pos=+1.54
DEBUG 2026-09-03 10:02:07 [action #116] t=5.52s step=115 queue=16 dmax=0.575 | shoulder_pan.pos=-12.31 shoulder_lift.pos=-101.09 elbow_flex.pos=+88.65 wrist_flex.pos=+65.35 wrist_roll.pos=-1.10 gripper.pos=+1.43
DEBUG 2026-09-03 10:02:07 [action #117] t=5.55s step=116 queue=15 dmax=0.798 | shoulder_pan.pos=-12.46 shoulder_lift.pos=-101.74 elbow_flex.pos=+87.85 wrist_flex.pos=+65.68 wrist_roll.pos=-1.10 gripper.pos=+1.45
DEBUG 2026-09-03 10:02:07 [action #118] t=5.59s step=117 queue=14 dmax=0.862 | shoulder_pan.pos=-12.46 shoulder_lift.pos=-100.87 elbow_flex.pos=+87.92 wrist_flex.pos=+65.62 wrist_roll.pos=-1.11 gripper.pos=+1.56
DEBUG 2026-09-03 10:02:07 [action #119] t=5.62s step=118 queue=13 dmax=0.534 | shoulder_pan.pos=-12.32 shoulder_lift.pos=-100.62 elbow_flex.pos=+87.39 wrist_flex.pos=+65.75 wrist_roll.pos=-1.20 gripper.pos=+1.46
DEBUG 2026-09-03 10:02:07 [action #120] t=5.65s step=119 queue=12 dmax=0.422 | shoulder_pan.pos=-12.20 shoulder_lift.pos=-100.19 elbow_flex.pos=+87.32 wrist_flex.pos=+65.55 wrist_roll.pos=-1.13 gripper.pos=+1.55
DEBUG 2026-09-03 10:02:07 [action #121] t=5.69s step=120 queue=11 dmax=0.529 | shoulder_pan.pos=-12.18 shoulder_lift.pos=-99.66 elbow_flex.pos=+86.85 wrist_flex.pos=+65.65 wrist_roll.pos=-1.12 gripper.pos=+1.37
DEBUG 2026-09-03 10:02:07 [action #122] t=5.72s step=121 queue=10 dmax=0.543 | shoulder_pan.pos=-12.30 shoulder_lift.pos=-99.12 elbow_flex.pos=+86.56 wrist_flex.pos=+65.59 wrist_roll.pos=-1.25 gripper.pos=+1.40
DEBUG 2026-09-03 10:02:07 [action #123] t=5.75s step=122 queue=9 dmax=0.767 | shoulder_pan.pos=-12.36 shoulder_lift.pos=-98.49 elbow_flex.pos=+85.79 wrist_flex.pos=+65.18 wrist_roll.pos=-1.40 gripper.pos=+1.47
DEBUG 2026-09-03 10:02:07 [action #124] t=5.79s step=123 queue=8 dmax=2.152 | shoulder_pan.pos=-12.09 shoulder_lift.pos=-96.34 elbow_flex.pos=+84.60 wrist_flex.pos=+64.95 wrist_roll.pos=-1.57 gripper.pos=+1.40
DEBUG 2026-09-03 10:02:07 [action #125] t=5.82s step=124 queue=7 dmax=2.058 | shoulder_pan.pos=-12.31 shoulder_lift.pos=-94.28 elbow_flex.pos=+83.40 wrist_flex.pos=+64.47 wrist_roll.pos=-1.83 gripper.pos=+1.30
DEBUG 2026-09-03 10:02:07 [action #126] t=5.86s step=125 queue=6 dmax=2.423 | shoulder_pan.pos=-12.20 shoulder_lift.pos=-91.86 elbow_flex.pos=+81.70 wrist_flex.pos=+63.95 wrist_roll.pos=-2.06 gripper.pos=+1.39
DEBUG 2026-09-03 10:02:07 [action #127] t=5.89s step=126 queue=5 dmax=2.390 | shoulder_pan.pos=-12.21 shoulder_lift.pos=-89.47 elbow_flex.pos=+80.39 wrist_flex.pos=+63.56 wrist_roll.pos=-2.35 gripper.pos=+1.45
DEBUG 2026-09-03 10:02:07 [action #128] t=5.92s step=127 queue=4 dmax=2.696 | shoulder_pan.pos=-12.07 shoulder_lift.pos=-86.77 elbow_flex.pos=+78.52 wrist_flex.pos=+62.92 wrist_roll.pos=-2.76 gripper.pos=+1.40
DEBUG 2026-09-03 10:02:07 [action #129] t=5.96s step=128 queue=3 dmax=2.859 | shoulder_pan.pos=-11.98 shoulder_lift.pos=-83.91 elbow_flex.pos=+76.30 wrist_flex.pos=+62.31 wrist_roll.pos=-3.24 gripper.pos=+1.51
DEBUG 2026-09-03 10:02:07 [action #130] t=5.99s step=129 queue=2 dmax=2.867 | shoulder_pan.pos=-11.76 shoulder_lift.pos=-81.05 elbow_flex.pos=+74.98 wrist_flex.pos=+61.83 wrist_roll.pos=-3.48 gripper.pos=+1.54
DEBUG 2026-09-03 10:02:07 [action #131] t=6.02s step=130 queue=1 dmax=3.571 | shoulder_pan.pos=-12.03 shoulder_lift.pos=-77.47 elbow_flex.pos=+72.67 wrist_flex.pos=+61.21 wrist_roll.pos=-3.99 gripper.pos=+1.65
DEBUG 2026-09-03 10:02:07 [chunk] received 50 actions, timesteps 102..151 | first: shoulder_pan.pos=-7.47 shoulder_lift.pos=-100.92 elbow_flex.pos=+88.98 wrist_flex.pos=+69.93 wrist_roll.pos=-1.60 gripper.pos=+1.82 | last: shoulder_pan.pos=-9.07 shoulder_lift.pos=-100.79 elbow_flex.pos=+86.55 wrist_flex.pos=+70.40 wrist_roll.pos=-1.75 gripper.pos=+1.60
DEBUG 2026-09-03 10:02:07 [action #132] t=6.09s step=131 queue=21 dmax=23.973 | shoulder_pan.pos=-8.89 shoulder_lift.pos=-101.45 elbow_flex.pos=+87.68 wrist_flex.pos=+70.01 wrist_roll.pos=-1.73 gripper.pos=+1.39
DEBUG 2026-09-03 10:02:07 [action #133] t=6.12s step=132 queue=20 dmax=0.571 | shoulder_pan.pos=-9.02 shoulder_lift.pos=-101.91 elbow_flex.pos=+88.25 wrist_flex.pos=+70.11 wrist_roll.pos=-1.65 gripper.pos=+1.50
DEBUG 2026-09-03 10:02:07 [action #134] t=6.16s step=133 queue=19 dmax=0.986 | shoulder_pan.pos=-9.15 shoulder_lift.pos=-101.07 elbow_flex.pos=+87.26 wrist_flex.pos=+69.94 wrist_roll.pos=-1.71 gripper.pos=+1.47
DEBUG 2026-09-03 10:02:07 [action #135] t=6.19s step=134 queue=18 dmax=0.321 | shoulder_pan.pos=-9.23 shoulder_lift.pos=-101.15 elbow_flex.pos=+87.58 wrist_flex.pos=+70.17 wrist_roll.pos=-1.72 gripper.pos=+1.55
DEBUG 2026-09-03 10:02:07 [action #136] t=6.22s step=135 queue=17 dmax=0.268 | shoulder_pan.pos=-9.17 shoulder_lift.pos=-101.42 elbow_flex.pos=+87.54 wrist_flex.pos=+70.06 wrist_roll.pos=-1.70 gripper.pos=+1.52
DEBUG 2026-09-03 10:02:07 [action #137] t=6.26s step=136 queue=16 dmax=0.475 | shoulder_pan.pos=-9.30 shoulder_lift.pos=-100.94 elbow_flex.pos=+87.42 wrist_flex.pos=+70.08 wrist_roll.pos=-1.72 gripper.pos=+1.57
DEBUG 2026-09-03 10:02:07 [action #138] t=6.29s step=137 queue=15 dmax=0.169 | shoulder_pan.pos=-9.36 shoulder_lift.pos=-100.88 elbow_flex.pos=+87.44 wrist_flex.pos=+69.91 wrist_roll.pos=-1.72 gripper.pos=+1.54
DEBUG 2026-09-03 10:02:07 [action #139] t=6.32s step=138 queue=14 dmax=0.459 | shoulder_pan.pos=-9.42 shoulder_lift.pos=-101.34 elbow_flex.pos=+87.49 wrist_flex.pos=+69.97 wrist_roll.pos=-1.73 gripper.pos=+1.49
DEBUG 2026-09-03 10:02:07 [action #140] t=6.36s step=139 queue=13 dmax=0.524 | shoulder_pan.pos=-9.16 shoulder_lift.pos=-100.81 elbow_flex.pos=+87.79 wrist_flex.pos=+70.19 wrist_roll.pos=-1.69 gripper.pos=+1.41
DEBUG 2026-09-03 10:02:07 [action #141] t=6.39s step=140 queue=12 dmax=0.411 | shoulder_pan.pos=-9.27 shoulder_lift.pos=-101.00 elbow_flex.pos=+87.38 wrist_flex.pos=+70.10 wrist_roll.pos=-1.73 gripper.pos=+1.49
DEBUG 2026-09-03 10:02:07 [action #142] t=6.42s step=141 queue=11 dmax=0.533 | shoulder_pan.pos=-8.99 shoulder_lift.pos=-101.09 elbow_flex.pos=+87.91 wrist_flex.pos=+70.12 wrist_roll.pos=-1.66 gripper.pos=+1.57
DEBUG 2026-09-03 10:02:07 [action #143] t=6.46s step=142 queue=10 dmax=0.468 | shoulder_pan.pos=-8.99 shoulder_lift.pos=-101.14 elbow_flex.pos=+87.44 wrist_flex.pos=+70.09 wrist_roll.pos=-1.77 gripper.pos=+1.51
DEBUG 2026-09-03 10:02:08 [action #144] t=6.49s step=143 queue=9 dmax=0.284 | shoulder_pan.pos=-8.99 shoulder_lift.pos=-100.86 elbow_flex.pos=+87.22 wrist_flex.pos=+70.07 wrist_roll.pos=-1.73 gripper.pos=+1.47
DEBUG 2026-09-03 10:02:08 [action #145] t=6.52s step=144 queue=8 dmax=0.603 | shoulder_pan.pos=-9.08 shoulder_lift.pos=-100.96 elbow_flex.pos=+87.82 wrist_flex.pos=+70.04 wrist_roll.pos=-1.78 gripper.pos=+1.44
DEBUG 2026-09-03 10:02:08 [action #146] t=6.56s step=145 queue=7 dmax=1.083 | shoulder_pan.pos=-8.84 shoulder_lift.pos=-100.55 elbow_flex.pos=+86.74 wrist_flex.pos=+70.04 wrist_roll.pos=-1.74 gripper.pos=+1.52
DEBUG 2026-09-03 10:02:08 [action #147] t=6.59s step=146 queue=6 dmax=0.413 | shoulder_pan.pos=-8.95 shoulder_lift.pos=-100.13 elbow_flex.pos=+86.71 wrist_flex.pos=+70.18 wrist_roll.pos=-1.80 gripper.pos=+1.56
DEBUG 2026-09-03 10:02:08 [action #148] t=6.62s step=147 queue=5 dmax=0.765 | shoulder_pan.pos=-9.06 shoulder_lift.pos=-100.90 elbow_flex.pos=+86.86 wrist_flex.pos=+70.06 wrist_roll.pos=-1.86 gripper.pos=+1.43
DEBUG 2026-09-03 10:02:08 [action #149] t=6.66s step=148 queue=4 dmax=0.528 | shoulder_pan.pos=-8.97 shoulder_lift.pos=-100.72 elbow_flex.pos=+86.33 wrist_flex.pos=+70.13 wrist_roll.pos=-1.82 gripper.pos=+1.51
DEBUG 2026-09-03 10:02:08 [action #150] t=6.69s step=149 queue=3 dmax=0.575 | shoulder_pan.pos=-8.99 shoulder_lift.pos=-100.78 elbow_flex.pos=+86.91 wrist_flex.pos=+70.26 wrist_roll.pos=-1.78 gripper.pos=+1.56
DEBUG 2026-09-03 10:02:08 [action #151] t=6.72s step=150 queue=2 dmax=0.512 | shoulder_pan.pos=-8.94 shoulder_lift.pos=-100.55 elbow_flex.pos=+86.40 wrist_flex.pos=+70.33 wrist_roll.pos=-1.78 gripper.pos=+1.62
DEBUG 2026-09-03 10:02:08 [action #152] t=6.76s step=151 queue=1 dmax=0.242 | shoulder_pan.pos=-9.07 shoulder_lift.pos=-100.79 elbow_flex.pos=+86.55 wrist_flex.pos=+70.40 wrist_roll.pos=-1.75 gripper.pos=+1.60
DEBUG 2026-09-03 10:02:08 [chunk] received 50 actions, timesteps 130..179 | first: shoulder_pan.pos=-12.35 shoulder_lift.pos=-87.77 elbow_flex.pos=+79.23 wrist_flex.pos=+61.97 wrist_roll.pos=-2.56 gripper.pos=+1.62 | last: shoulder_pan.pos=-10.74 shoulder_lift.pos=-30.37 elbow_flex.pos=+32.23 wrist_flex.pos=+63.27 wrist_roll.pos=-3.96 gripper.pos=+1.40
DEBUG 2026-09-03 10:02:08 [action #153] t=7.03s step=152 queue=28 dmax=38.635 | shoulder_pan.pos=-12.24 shoulder_lift.pos=-62.15 elbow_flex.pos=+62.77 wrist_flex.pos=+58.59 wrist_roll.pos=-3.02 gripper.pos=+0.99
DEBUG 2026-09-03 10:02:08 [action #154] t=7.06s step=153 queue=27 dmax=1.559 | shoulder_pan.pos=-12.11 shoulder_lift.pos=-60.91 elbow_flex.pos=+61.21 wrist_flex.pos=+58.63 wrist_roll.pos=-3.09 gripper.pos=+0.99
DEBUG 2026-09-03 10:02:08 [action #155] t=7.09s step=154 queue=26 dmax=2.276 | shoulder_pan.pos=-11.99 shoulder_lift.pos=-58.63 elbow_flex.pos=+59.94 wrist_flex.pos=+58.68 wrist_roll.pos=-3.09 gripper.pos=+1.03
DEBUG 2026-09-03 10:02:08 [action #156] t=7.13s step=155 queue=25 dmax=1.292 | shoulder_pan.pos=-11.90 shoulder_lift.pos=-57.89 elbow_flex.pos=+58.65 wrist_flex.pos=+59.32 wrist_roll.pos=-3.22 gripper.pos=+1.02
DEBUG 2026-09-03 10:02:08 [action #157] t=7.16s step=156 queue=24 dmax=1.134 | shoulder_pan.pos=-11.92 shoulder_lift.pos=-56.76 elbow_flex.pos=+57.96 wrist_flex.pos=+59.52 wrist_roll.pos=-3.20 gripper.pos=+0.95
DEBUG 2026-09-03 10:02:08 [action #158] t=7.19s step=157 queue=23 dmax=1.421 | shoulder_pan.pos=-11.67 shoulder_lift.pos=-55.69 elbow_flex.pos=+56.53 wrist_flex.pos=+60.01 wrist_roll.pos=-3.26 gripper.pos=+1.13
DEBUG 2026-09-03 10:02:08 [action #159] t=7.23s step=158 queue=22 dmax=1.515 | shoulder_pan.pos=-11.61 shoulder_lift.pos=-54.17 elbow_flex.pos=+55.30 wrist_flex.pos=+60.41 wrist_roll.pos=-3.18 gripper.pos=+1.00
DEBUG 2026-09-03 10:02:08 [action #160] t=7.26s step=159 queue=21 dmax=1.407 | shoulder_pan.pos=-11.78 shoulder_lift.pos=-52.77 elbow_flex.pos=+54.21 wrist_flex.pos=+60.72 wrist_roll.pos=-3.23 gripper.pos=+1.05
DEBUG 2026-09-03 10:02:08 [action #161] t=7.29s step=160 queue=20 dmax=1.671 | shoulder_pan.pos=-11.63 shoulder_lift.pos=-51.49 elbow_flex.pos=+52.54 wrist_flex.pos=+61.07 wrist_roll.pos=-3.24 gripper.pos=+1.16
DEBUG 2026-09-03 10:02:08 [action #162] t=7.33s step=161 queue=19 dmax=1.037 | shoulder_pan.pos=-11.39 shoulder_lift.pos=-50.61 elbow_flex.pos=+51.51 wrist_flex.pos=+61.40 wrist_roll.pos=-3.32 gripper.pos=+1.13
DEBUG 2026-09-03 10:02:08 [action #163] t=7.36s step=162 queue=18 dmax=1.585 | shoulder_pan.pos=-11.23 shoulder_lift.pos=-49.02 elbow_flex.pos=+50.62 wrist_flex.pos=+61.35 wrist_roll.pos=-3.26 gripper.pos=+1.11
DEBUG 2026-09-03 10:02:08 [action #164] t=7.39s step=163 queue=17 dmax=1.500 | shoulder_pan.pos=-11.13 shoulder_lift.pos=-48.17 elbow_flex.pos=+49.12 wrist_flex.pos=+61.77 wrist_roll.pos=-3.23 gripper.pos=+1.01
DEBUG 2026-09-03 10:02:08 [action #165] t=7.43s step=164 queue=16 dmax=1.754 | shoulder_pan.pos=-11.01 shoulder_lift.pos=-46.41 elbow_flex.pos=+47.64 wrist_flex.pos=+62.11 wrist_roll.pos=-3.29 gripper.pos=+1.18
DEBUG 2026-09-03 10:02:08 [action #166] t=7.46s step=165 queue=15 dmax=1.231 | shoulder_pan.pos=-11.01 shoulder_lift.pos=-45.44 elbow_flex.pos=+46.41 wrist_flex.pos=+62.54 wrist_roll.pos=-3.28 gripper.pos=+1.16
DEBUG 2026-09-03 10:02:09 [action #167] t=7.49s step=166 queue=14 dmax=1.414 | shoulder_pan.pos=-10.83 shoulder_lift.pos=-44.03 elbow_flex.pos=+45.12 wrist_flex.pos=+62.71 wrist_roll.pos=-3.34 gripper.pos=+1.15
DEBUG 2026-09-03 10:02:09 [action #168] t=7.53s step=167 queue=13 dmax=1.562 | shoulder_pan.pos=-11.14 shoulder_lift.pos=-43.11 elbow_flex.pos=+43.56 wrist_flex.pos=+63.02 wrist_roll.pos=-3.31 gripper.pos=+1.04
DEBUG 2026-09-03 10:02:09 [action #169] t=7.56s step=168 queue=12 dmax=1.212 | shoulder_pan.pos=-11.02 shoulder_lift.pos=-41.90 elbow_flex.pos=+42.48 wrist_flex.pos=+63.12 wrist_roll.pos=-3.38 gripper.pos=+1.04
DEBUG 2026-09-03 10:02:09 [action #170] t=7.59s step=169 queue=11 dmax=0.869 | shoulder_pan.pos=-11.11 shoulder_lift.pos=-41.03 elbow_flex.pos=+42.03 wrist_flex.pos=+63.31 wrist_roll.pos=-3.40 gripper.pos=+1.05
DEBUG 2026-09-03 10:02:09 [action #171] t=7.63s step=170 queue=10 dmax=1.709 | shoulder_pan.pos=-11.17 shoulder_lift.pos=-40.22 elbow_flex.pos=+40.32 wrist_flex.pos=+63.15 wrist_roll.pos=-3.39 gripper.pos=+1.09
DEBUG 2026-09-03 10:02:09 [action #172] t=7.66s step=171 queue=9 dmax=1.522 | shoulder_pan.pos=-11.12 shoulder_lift.pos=-38.70 elbow_flex.pos=+39.71 wrist_flex.pos=+63.34 wrist_roll.pos=-3.47 gripper.pos=+1.17
DEBUG 2026-09-03 10:02:09 [action #173] t=7.69s step=172 queue=8 dmax=1.139 | shoulder_pan.pos=-11.03 shoulder_lift.pos=-37.96 elbow_flex.pos=+38.58 wrist_flex.pos=+63.39 wrist_roll.pos=-3.57 gripper.pos=+1.10
DEBUG 2026-09-03 10:02:09 [action #174] t=7.73s step=173 queue=7 dmax=1.121 | shoulder_pan.pos=-10.95 shoulder_lift.pos=-36.84 elbow_flex.pos=+38.16 wrist_flex.pos=+63.46 wrist_roll.pos=-3.48 gripper.pos=+1.12
DEBUG 2026-09-03 10:02:09 [action #175] t=7.76s step=174 queue=6 dmax=1.606 | shoulder_pan.pos=-10.82 shoulder_lift.pos=-36.29 elbow_flex.pos=+36.56 wrist_flex.pos=+63.53 wrist_roll.pos=-3.56 gripper.pos=+1.39
DEBUG 2026-09-03 10:02:09 [action #176] t=7.79s step=175 queue=5 dmax=1.581 | shoulder_pan.pos=-11.14 shoulder_lift.pos=-34.71 elbow_flex.pos=+36.32 wrist_flex.pos=+63.56 wrist_roll.pos=-3.62 gripper.pos=+1.26
DEBUG 2026-09-03 10:02:09 [action #177] t=7.83s step=176 queue=4 dmax=1.082 | shoulder_pan.pos=-10.86 shoulder_lift.pos=-33.87 elbow_flex.pos=+35.24 wrist_flex.pos=+63.42 wrist_roll.pos=-3.71 gripper.pos=+1.18
DEBUG 2026-09-03 10:02:09 [action #178] t=7.86s step=177 queue=3 dmax=1.086 | shoulder_pan.pos=-10.60 shoulder_lift.pos=-32.79 elbow_flex.pos=+34.37 wrist_flex.pos=+63.57 wrist_roll.pos=-3.82 gripper.pos=+1.40
DEBUG 2026-09-03 10:02:09 [action #179] t=7.90s step=178 queue=2 dmax=1.677 | shoulder_pan.pos=-10.60 shoulder_lift.pos=-31.11 elbow_flex.pos=+33.80 wrist_flex.pos=+63.61 wrist_roll.pos=-3.93 gripper.pos=+1.44
DEBUG 2026-09-03 10:02:09 [action #180] t=7.93s step=179 queue=1 dmax=1.567 | shoulder_pan.pos=-10.74 shoulder_lift.pos=-30.37 elbow_flex.pos=+32.23 wrist_flex.pos=+63.27 wrist_roll.pos=-3.96 gripper.pos=+1.40
DEBUG 2026-09-03 10:02:09 [chunk] received 50 actions, timesteps 151..200 | first: shoulder_pan.pos=-9.53 shoulder_lift.pos=-100.55 elbow_flex.pos=+88.43 wrist_flex.pos=+67.87 wrist_roll.pos=-2.05 gripper.pos=+1.51 | last: shoulder_pan.pos=-13.22 shoulder_lift.pos=-77.60 elbow_flex.pos=+70.57 wrist_flex.pos=+62.27 wrist_roll.pos=-3.05 gripper.pos=+1.58
DEBUG 2026-09-03 10:02:09 [action #181] t=8.00s step=180 queue=21 dmax=70.657 | shoulder_pan.pos=-12.48 shoulder_lift.pos=-101.03 elbow_flex.pos=+85.92 wrist_flex.pos=+69.97 wrist_roll.pos=-1.91 gripper.pos=+1.36
DEBUG 2026-09-03 10:02:09 [action #182] t=8.03s step=181 queue=20 dmax=0.424 | shoulder_pan.pos=-12.62 shoulder_lift.pos=-100.60 elbow_flex.pos=+85.91 wrist_flex.pos=+69.88 wrist_roll.pos=-1.95 gripper.pos=+1.45
DEBUG 2026-09-03 10:02:09 [action #183] t=8.06s step=182 queue=19 dmax=0.294 | shoulder_pan.pos=-12.73 shoulder_lift.pos=-100.66 elbow_flex.pos=+85.62 wrist_flex.pos=+70.02 wrist_roll.pos=-1.96 gripper.pos=+1.47
DEBUG 2026-09-03 10:02:09 [action #184] t=8.10s step=183 queue=18 dmax=0.401 | shoulder_pan.pos=-12.98 shoulder_lift.pos=-100.26 elbow_flex.pos=+85.24 wrist_flex.pos=+69.73 wrist_roll.pos=-1.95 gripper.pos=+1.41
DEBUG 2026-09-03 10:02:09 [action #185] t=8.13s step=184 queue=17 dmax=0.345 | shoulder_pan.pos=-12.96 shoulder_lift.pos=-100.02 elbow_flex.pos=+84.89 wrist_flex.pos=+69.68 wrist_roll.pos=-1.95 gripper.pos=+1.41
DEBUG 2026-09-03 10:02:09 [action #186] t=8.16s step=185 queue=16 dmax=0.241 | shoulder_pan.pos=-13.20 shoulder_lift.pos=-100.15 elbow_flex.pos=+85.10 wrist_flex.pos=+69.56 wrist_roll.pos=-1.93 gripper.pos=+1.33
DEBUG 2026-09-03 10:02:09 [action #187] t=8.20s step=186 queue=15 dmax=0.292 | shoulder_pan.pos=-13.22 shoulder_lift.pos=-99.87 elbow_flex.pos=+84.98 wrist_flex.pos=+69.27 wrist_roll.pos=-1.99 gripper.pos=+1.44
DEBUG 2026-09-03 10:02:09 [action #188] t=8.23s step=187 queue=14 dmax=0.451 | shoulder_pan.pos=-13.16 shoulder_lift.pos=-99.80 elbow_flex.pos=+84.53 wrist_flex.pos=+69.01 wrist_roll.pos=-1.88 gripper.pos=+1.47
DEBUG 2026-09-03 10:02:09 [action #189] t=8.26s step=188 queue=13 dmax=1.705 | shoulder_pan.pos=-13.18 shoulder_lift.pos=-98.09 elbow_flex.pos=+84.16 wrist_flex.pos=+68.41 wrist_roll.pos=-1.90 gripper.pos=+1.32
DEBUG 2026-09-03 10:02:09 [action #190] t=8.30s step=189 queue=12 dmax=0.461 | shoulder_pan.pos=-13.18 shoulder_lift.pos=-97.79 elbow_flex.pos=+84.06 wrist_flex.pos=+67.95 wrist_roll.pos=-1.99 gripper.pos=+1.29
DEBUG 2026-09-03 10:02:09 [action #191] t=8.33s step=190 queue=11 dmax=1.367 | shoulder_pan.pos=-12.96 shoulder_lift.pos=-96.42 elbow_flex.pos=+82.90 wrist_flex.pos=+67.49 wrist_roll.pos=-2.02 gripper.pos=+1.42
DEBUG 2026-09-03 10:02:09 [action #192] t=8.36s step=191 queue=10 dmax=1.248 | shoulder_pan.pos=-12.87 shoulder_lift.pos=-95.17 elbow_flex.pos=+82.56 wrist_flex.pos=+66.87 wrist_roll.pos=-2.03 gripper.pos=+1.45
DEBUG 2026-09-03 10:02:09 [action #193] t=8.40s step=192 queue=9 dmax=1.824 | shoulder_pan.pos=-12.90 shoulder_lift.pos=-93.35 elbow_flex.pos=+81.35 wrist_flex.pos=+66.46 wrist_roll.pos=-2.03 gripper.pos=+1.42
DEBUG 2026-09-03 10:02:09 [action #194] t=8.43s step=193 queue=8 dmax=1.755 | shoulder_pan.pos=-12.92 shoulder_lift.pos=-91.59 elbow_flex.pos=+80.54 wrist_flex.pos=+65.91 wrist_roll.pos=-2.15 gripper.pos=+1.39
DEBUG 2026-09-03 10:02:09 [action #195] t=8.46s step=194 queue=7 dmax=1.653 | shoulder_pan.pos=-13.10 shoulder_lift.pos=-90.16 elbow_flex.pos=+78.89 wrist_flex.pos=+65.52 wrist_roll.pos=-2.16 gripper.pos=+1.45
DEBUG 2026-09-03 10:02:10 [action #196] t=8.50s step=195 queue=6 dmax=2.513 | shoulder_pan.pos=-13.06 shoulder_lift.pos=-87.65 elbow_flex.pos=+77.77 wrist_flex.pos=+64.87 wrist_roll.pos=-2.34 gripper.pos=+1.41
DEBUG 2026-09-03 10:02:10 [action #197] t=8.53s step=196 queue=5 dmax=1.863 | shoulder_pan.pos=-12.85 shoulder_lift.pos=-85.78 elbow_flex.pos=+76.07 wrist_flex.pos=+64.29 wrist_roll.pos=-2.42 gripper.pos=+1.40
DEBUG 2026-09-03 10:02:10 [action #198] t=8.56s step=197 queue=4 dmax=2.222 | shoulder_pan.pos=-13.01 shoulder_lift.pos=-83.56 elbow_flex.pos=+74.96 wrist_flex.pos=+63.52 wrist_roll.pos=-2.57 gripper.pos=+1.47
DEBUG 2026-09-03 10:02:10 [action #199] t=8.60s step=198 queue=3 dmax=1.862 | shoulder_pan.pos=-12.88 shoulder_lift.pos=-81.70 elbow_flex.pos=+74.02 wrist_flex.pos=+63.12 wrist_roll.pos=-2.72 gripper.pos=+1.52
DEBUG 2026-09-03 10:02:10 [action #200] t=8.63s step=199 queue=2 dmax=2.253 | shoulder_pan.pos=-12.92 shoulder_lift.pos=-79.45 elbow_flex.pos=+72.03 wrist_flex.pos=+62.74 wrist_roll.pos=-2.91 gripper.pos=+1.45
DEBUG 2026-09-03 10:02:10 [action #201] t=8.66s step=200 queue=1 dmax=1.848 | shoulder_pan.pos=-13.22 shoulder_lift.pos=-77.60 elbow_flex.pos=+70.57 wrist_flex.pos=+62.27 wrist_roll.pos=-3.05 gripper.pos=+1.58
DEBUG 2026-09-03 10:02:10 [chunk] received 50 actions, timesteps 179..228 | first: shoulder_pan.pos=-10.87 shoulder_lift.pos=-26.10 elbow_flex.pos=+31.58 wrist_flex.pos=+63.15 wrist_roll.pos=-3.25 gripper.pos=+2.42 | last: shoulder_pan.pos=-11.82 shoulder_lift.pos=+20.66 elbow_flex.pos=-9.40 wrist_flex.pos=+70.88 wrist_roll.pos=+0.40 gripper.pos=+36.25
DEBUG 2026-09-03 10:02:10 [action #202] t=8.93s step=201 queue=28 dmax=76.560 | shoulder_pan.pos=-10.38 shoulder_lift.pos=-1.04 elbow_flex.pos=+7.00 wrist_flex.pos=+69.14 wrist_roll.pos=-2.89 gripper.pos=+20.76
DEBUG 2026-09-03 10:02:10 [action #203] t=8.96s step=202 queue=27 dmax=1.371 | shoulder_pan.pos=-10.08 shoulder_lift.pos=-0.43 elbow_flex.pos=+6.83 wrist_flex.pos=+69.39 wrist_roll.pos=-2.86 gripper.pos=+22.13
DEBUG 2026-09-03 10:02:10 [action #204] t=9.00s step=203 queue=26 dmax=1.273 | shoulder_pan.pos=-9.92 shoulder_lift.pos=+0.49 elbow_flex.pos=+6.38 wrist_flex.pos=+69.72 wrist_roll.pos=-2.73 gripper.pos=+23.40
DEBUG 2026-09-03 10:02:10 [action #205] t=9.03s step=204 queue=25 dmax=1.445 | shoulder_pan.pos=-10.14 shoulder_lift.pos=+1.93 elbow_flex.pos=+5.81 wrist_flex.pos=+69.76 wrist_roll.pos=-2.55 gripper.pos=+24.57
DEBUG 2026-09-03 10:02:10 [action #206] t=9.07s step=205 queue=24 dmax=1.194 | shoulder_pan.pos=-9.88 shoulder_lift.pos=+1.87 elbow_flex.pos=+5.14 wrist_flex.pos=+69.64 wrist_roll.pos=-2.26 gripper.pos=+25.76
DEBUG 2026-09-03 10:02:10 [action #207] t=9.10s step=206 queue=23 dmax=1.299 | shoulder_pan.pos=-9.74 shoulder_lift.pos=+2.77 elbow_flex.pos=+5.18 wrist_flex.pos=+69.46 wrist_roll.pos=-1.97 gripper.pos=+27.06
DEBUG 2026-09-03 10:02:10 [action #208] t=9.13s step=207 queue=22 dmax=1.006 | shoulder_pan.pos=-9.93 shoulder_lift.pos=+2.50 elbow_flex.pos=+4.67 wrist_flex.pos=+69.59 wrist_roll.pos=-1.86 gripper.pos=+28.07
DEBUG 2026-09-03 10:02:10 [action #209] t=9.17s step=208 queue=21 dmax=1.031 | shoulder_pan.pos=-9.96 shoulder_lift.pos=+3.53 elbow_flex.pos=+3.99 wrist_flex.pos=+69.72 wrist_roll.pos=-1.65 gripper.pos=+29.03
DEBUG 2026-09-03 10:02:10 [action #210] t=9.20s step=209 queue=20 dmax=1.124 | shoulder_pan.pos=-9.89 shoulder_lift.pos=+4.66 elbow_flex.pos=+3.42 wrist_flex.pos=+69.63 wrist_roll.pos=-1.52 gripper.pos=+29.85
DEBUG 2026-09-03 10:02:10 [action #211] t=9.23s step=210 queue=19 dmax=0.840 | shoulder_pan.pos=-9.83 shoulder_lift.pos=+5.50 elbow_flex.pos=+2.97 wrist_flex.pos=+69.85 wrist_roll.pos=-1.52 gripper.pos=+30.14
DEBUG 2026-09-03 10:02:10 [action #212] t=9.27s step=211 queue=18 dmax=0.887 | shoulder_pan.pos=-9.96 shoulder_lift.pos=+6.39 elbow_flex.pos=+2.28 wrist_flex.pos=+69.97 wrist_roll.pos=-1.39 gripper.pos=+30.29
DEBUG 2026-09-03 10:02:10 [action #213] t=9.30s step=212 queue=17 dmax=0.952 | shoulder_pan.pos=-10.24 shoulder_lift.pos=+7.34 elbow_flex.pos=+1.35 wrist_flex.pos=+69.93 wrist_roll.pos=-1.20 gripper.pos=+30.62
DEBUG 2026-09-03 10:02:10 [action #214] t=9.33s step=213 queue=16 dmax=0.748 | shoulder_pan.pos=-10.42 shoulder_lift.pos=+8.09 elbow_flex.pos=+0.90 wrist_flex.pos=+70.01 wrist_roll.pos=-1.12 gripper.pos=+30.98
DEBUG 2026-09-03 10:02:10 [action #215] t=9.37s step=214 queue=15 dmax=1.239 | shoulder_pan.pos=-10.58 shoulder_lift.pos=+9.32 elbow_flex.pos=+0.34 wrist_flex.pos=+70.20 wrist_roll.pos=-1.14 gripper.pos=+31.26
DEBUG 2026-09-03 10:02:10 [action #216] t=9.40s step=215 queue=14 dmax=1.251 | shoulder_pan.pos=-10.57 shoulder_lift.pos=+9.90 elbow_flex.pos=-0.91 wrist_flex.pos=+70.30 wrist_roll.pos=-1.15 gripper.pos=+31.91
DEBUG 2026-09-03 10:02:10 [action #217] t=9.43s step=216 queue=13 dmax=0.833 | shoulder_pan.pos=-10.84 shoulder_lift.pos=+10.74 elbow_flex.pos=-1.53 wrist_flex.pos=+70.38 wrist_roll.pos=-1.10 gripper.pos=+32.23
DEBUG 2026-09-03 10:02:11 [action #218] t=9.47s step=217 queue=12 dmax=1.272 | shoulder_pan.pos=-11.01 shoulder_lift.pos=+12.01 elbow_flex.pos=-2.50 wrist_flex.pos=+70.28 wrist_roll.pos=-1.09 gripper.pos=+32.31
DEBUG 2026-09-03 10:02:11 [action #219] t=9.50s step=218 queue=11 dmax=0.936 | shoulder_pan.pos=-10.99 shoulder_lift.pos=+12.94 elbow_flex.pos=-3.27 wrist_flex.pos=+70.68 wrist_roll.pos=-0.98 gripper.pos=+32.93
DEBUG 2026-09-03 10:02:11 [action #220] t=9.53s step=219 queue=10 dmax=1.099 | shoulder_pan.pos=-11.27 shoulder_lift.pos=+14.04 elbow_flex.pos=-4.32 wrist_flex.pos=+70.92 wrist_roll.pos=-1.00 gripper.pos=+33.25
DEBUG 2026-09-03 10:02:11 [action #221] t=9.57s step=220 queue=9 dmax=1.156 | shoulder_pan.pos=-11.35 shoulder_lift.pos=+15.20 elbow_flex.pos=-5.20 wrist_flex.pos=+70.98 wrist_roll.pos=-0.83 gripper.pos=+33.72
DEBUG 2026-09-03 10:02:11 [action #222] t=9.60s step=221 queue=8 dmax=0.749 | shoulder_pan.pos=-11.49 shoulder_lift.pos=+15.30 elbow_flex.pos=-5.95 wrist_flex.pos=+71.25 wrist_roll.pos=-0.91 gripper.pos=+34.22
DEBUG 2026-09-03 10:02:11 [action #223] t=9.63s step=222 queue=7 dmax=0.857 | shoulder_pan.pos=-11.54 shoulder_lift.pos=+15.95 elbow_flex.pos=-6.81 wrist_flex.pos=+70.89 wrist_roll.pos=-0.76 gripper.pos=+34.67
DEBUG 2026-09-03 10:02:11 [action #224] t=9.67s step=223 queue=6 dmax=1.014 | shoulder_pan.pos=-11.67 shoulder_lift.pos=+16.97 elbow_flex.pos=-6.68 wrist_flex.pos=+70.87 wrist_roll.pos=-0.68 gripper.pos=+35.06
DEBUG 2026-09-03 10:02:11 [action #225] t=9.70s step=224 queue=5 dmax=0.650 | shoulder_pan.pos=-11.52 shoulder_lift.pos=+17.37 elbow_flex.pos=-7.27 wrist_flex.pos=+70.69 wrist_roll.pos=-0.45 gripper.pos=+35.71
DEBUG 2026-09-03 10:02:11 [action #226] t=9.73s step=225 queue=4 dmax=1.107 | shoulder_pan.pos=-11.80 shoulder_lift.pos=+18.48 elbow_flex.pos=-7.53 wrist_flex.pos=+70.89 wrist_roll.pos=-0.30 gripper.pos=+36.11
DEBUG 2026-09-03 10:02:11 [action #227] t=9.77s step=226 queue=3 dmax=0.596 | shoulder_pan.pos=-11.70 shoulder_lift.pos=+18.85 elbow_flex.pos=-8.13 wrist_flex.pos=+70.71 wrist_roll.pos=+0.09 gripper.pos=+36.12
DEBUG 2026-09-03 10:02:11 [action #228] t=9.80s step=227 queue=2 dmax=1.125 | shoulder_pan.pos=-11.71 shoulder_lift.pos=+19.97 elbow_flex.pos=-8.79 wrist_flex.pos=+70.63 wrist_roll.pos=+0.02 gripper.pos=+36.37
DEBUG 2026-09-03 10:02:11 [action #229] t=9.83s step=228 queue=1 dmax=0.682 | shoulder_pan.pos=-11.82 shoulder_lift.pos=+20.66 elbow_flex.pos=-9.40 wrist_flex.pos=+70.88 wrist_roll.pos=+0.40 gripper.pos=+36.25
DEBUG 2026-09-03 10:02:11 [chunk] received 50 actions, timesteps 200..249 | first: shoulder_pan.pos=-13.09 shoulder_lift.pos=-77.10 elbow_flex.pos=+70.58 wrist_flex.pos=+61.96 wrist_roll.pos=-2.48 gripper.pos=+1.49 | last: shoulder_pan.pos=-12.25 shoulder_lift.pos=+1.09 elbow_flex.pos=+6.82 wrist_flex.pos=+69.13 wrist_roll.pos=-4.08 gripper.pos=+10.70
DEBUG 2026-09-03 10:02:11 [action #230] t=9.93s step=229 queue=21 dmax=48.599 | shoulder_pan.pos=-12.08 shoulder_lift.pos=-27.94 elbow_flex.pos=+32.27 wrist_flex.pos=+64.45 wrist_roll.pos=-4.24 gripper.pos=+1.46
DEBUG 2026-09-03 10:02:11 [action #231] t=9.97s step=230 queue=20 dmax=1.773 | shoulder_pan.pos=-11.93 shoulder_lift.pos=-26.85 elbow_flex.pos=+30.49 wrist_flex.pos=+64.81 wrist_roll.pos=-4.33 gripper.pos=+1.41
DEBUG 2026-09-03 10:02:11 [action #232] t=10.00s step=231 queue=19 dmax=1.515 | shoulder_pan.pos=-12.06 shoulder_lift.pos=-25.34 elbow_flex.pos=+29.53 wrist_flex.pos=+64.87 wrist_roll.pos=-4.23 gripper.pos=+1.54
DEBUG 2026-09-03 10:02:11 [action #233] t=10.04s step=232 queue=18 dmax=1.628 | shoulder_pan.pos=-11.76 shoulder_lift.pos=-23.71 elbow_flex.pos=+27.96 wrist_flex.pos=+65.39 wrist_roll.pos=-4.18 gripper.pos=+1.34
DEBUG 2026-09-03 10:02:11 [action #234] t=10.07s step=233 queue=17 dmax=2.454 | shoulder_pan.pos=-12.03 shoulder_lift.pos=-21.26 elbow_flex.pos=+26.81 wrist_flex.pos=+65.62 wrist_roll.pos=-4.14 gripper.pos=+1.57
DEBUG 2026-09-03 10:02:11 [action #235] t=10.10s step=234 queue=16 dmax=2.126 | shoulder_pan.pos=-11.69 shoulder_lift.pos=-20.13 elbow_flex.pos=+24.69 wrist_flex.pos=+66.02 wrist_roll.pos=-4.08 gripper.pos=+1.63
DEBUG 2026-09-03 10:02:11 [action #236] t=10.14s step=235 queue=15 dmax=1.616 | shoulder_pan.pos=-11.94 shoulder_lift.pos=-18.52 elbow_flex.pos=+23.76 wrist_flex.pos=+66.45 wrist_roll.pos=-4.22 gripper.pos=+1.65
DEBUG 2026-09-03 10:02:11 [action #237] t=10.17s step=236 queue=14 dmax=1.836 | shoulder_pan.pos=-11.89 shoulder_lift.pos=-16.68 elbow_flex.pos=+22.24 wrist_flex.pos=+66.72 wrist_roll.pos=-4.06 gripper.pos=+1.71
DEBUG 2026-09-03 10:02:11 [action #238] t=10.20s step=237 queue=13 dmax=1.217 | shoulder_pan.pos=-11.99 shoulder_lift.pos=-15.74 elbow_flex.pos=+21.02 wrist_flex.pos=+66.80 wrist_roll.pos=-4.12 gripper.pos=+1.66
DEBUG 2026-09-03 10:02:11 [action #239] t=10.24s step=238 queue=12 dmax=1.420 | shoulder_pan.pos=-11.83 shoulder_lift.pos=-14.32 elbow_flex.pos=+19.85 wrist_flex.pos=+66.95 wrist_roll.pos=-4.05 gripper.pos=+1.62
DEBUG 2026-09-03 10:02:11 [action #240] t=10.27s step=239 queue=11 dmax=1.461 | shoulder_pan.pos=-11.92 shoulder_lift.pos=-12.85 elbow_flex.pos=+18.66 wrist_flex.pos=+67.10 wrist_roll.pos=-4.14 gripper.pos=+1.74
DEBUG 2026-09-03 10:02:11 [action #241] t=10.30s step=240 queue=10 dmax=1.925 | shoulder_pan.pos=-12.18 shoulder_lift.pos=-10.93 elbow_flex.pos=+17.77 wrist_flex.pos=+66.94 wrist_roll.pos=-4.05 gripper.pos=+2.08
DEBUG 2026-09-03 10:02:11 [action #242] t=10.34s step=241 queue=9 dmax=1.459 | shoulder_pan.pos=-12.14 shoulder_lift.pos=-9.61 elbow_flex.pos=+16.31 wrist_flex.pos=+67.15 wrist_roll.pos=-4.15 gripper.pos=+2.12
DEBUG 2026-09-03 10:02:11 [action #243] t=10.37s step=242 queue=8 dmax=1.417 | shoulder_pan.pos=-12.16 shoulder_lift.pos=-8.33 elbow_flex.pos=+14.89 wrist_flex.pos=+67.17 wrist_roll.pos=-4.15 gripper.pos=+2.26
DEBUG 2026-09-03 10:02:11 [action #244] t=10.40s step=243 queue=7 dmax=1.295 | shoulder_pan.pos=-12.29 shoulder_lift.pos=-7.04 elbow_flex.pos=+13.90 wrist_flex.pos=+67.26 wrist_roll.pos=-4.10 gripper.pos=+2.45
DEBUG 2026-09-03 10:02:11 [action #245] t=10.44s step=244 queue=6 dmax=0.761 | shoulder_pan.pos=-12.25 shoulder_lift.pos=-6.28 elbow_flex.pos=+13.15 wrist_flex.pos=+67.33 wrist_roll.pos=-4.14 gripper.pos=+2.99
DEBUG 2026-09-03 10:02:12 [action #246] t=10.47s step=245 queue=5 dmax=1.471 | shoulder_pan.pos=-12.21 shoulder_lift.pos=-4.81 elbow_flex.pos=+12.08 wrist_flex.pos=+67.49 wrist_roll.pos=-4.05 gripper.pos=+3.85
DEBUG 2026-09-03 10:02:12 [action #247] t=10.50s step=246 queue=4 dmax=1.503 | shoulder_pan.pos=-12.17 shoulder_lift.pos=-3.73 elbow_flex.pos=+10.68 wrist_flex.pos=+67.82 wrist_roll.pos=-4.08 gripper.pos=+5.35
DEBUG 2026-09-03 10:02:12 [action #248] t=10.54s step=247 queue=3 dmax=1.964 | shoulder_pan.pos=-12.31 shoulder_lift.pos=-1.76 elbow_flex.pos=+9.61 wrist_flex.pos=+68.28 wrist_roll.pos=-4.13 gripper.pos=+6.89
DEBUG 2026-09-03 10:02:12 [action #249] t=10.57s step=248 queue=2 dmax=2.037 | shoulder_pan.pos=-12.28 shoulder_lift.pos=-0.33 elbow_flex.pos=+7.75 wrist_flex.pos=+68.56 wrist_roll.pos=-4.06 gripper.pos=+8.92
DEBUG 2026-09-03 10:02:12 [action #250] t=10.60s step=249 queue=1 dmax=1.778 | shoulder_pan.pos=-12.25 shoulder_lift.pos=+1.09 elbow_flex.pos=+6.82 wrist_flex.pos=+69.13 wrist_roll.pos=-4.08 gripper.pos=+10.70
DEBUG 2026-09-03 10:02:12 [chunk] received 50 actions, timesteps 228..277 | first: shoulder_pan.pos=-10.71 shoulder_lift.pos=+21.79 elbow_flex.pos=-8.79 wrist_flex.pos=+71.72 wrist_roll.pos=+0.26 gripper.pos=+38.88 | last: shoulder_pan.pos=-10.96 shoulder_lift.pos=+48.31 elbow_flex.pos=-48.74 wrist_flex.pos=+96.41 wrist_roll.pos=-1.63 gripper.pos=+6.51
DEBUG 2026-09-03 10:02:12 [action #251] t=10.97s step=250 queue=28 dmax=39.319 | shoulder_pan.pos=-10.95 shoulder_lift.pos=+40.41 elbow_flex.pos=-29.02 wrist_flex.pos=+81.48 wrist_roll.pos=-0.18 gripper.pos=+36.12
DEBUG 2026-09-03 10:02:12 [action #252] t=11.01s step=251 queue=27 dmax=1.257 | shoulder_pan.pos=-10.71 shoulder_lift.pos=+41.44 elbow_flex.pos=-29.57 wrist_flex.pos=+82.09 wrist_roll.pos=-0.20 gripper.pos=+34.86
DEBUG 2026-09-03 10:02:12 [action #253] t=11.04s step=252 queue=26 dmax=1.971 | shoulder_pan.pos=-10.90 shoulder_lift.pos=+41.76 elbow_flex.pos=-31.28 wrist_flex.pos=+82.41 wrist_roll.pos=+0.02 gripper.pos=+32.89
DEBUG 2026-09-03 10:02:12 [action #254] t=11.07s step=253 queue=25 dmax=2.860 | shoulder_pan.pos=-10.59 shoulder_lift.pos=+43.25 elbow_flex.pos=-31.00 wrist_flex.pos=+82.50 wrist_roll.pos=-0.10 gripper.pos=+30.03
DEBUG 2026-09-03 10:02:12 [action #255] t=11.11s step=254 queue=24 dmax=3.264 | shoulder_pan.pos=-10.60 shoulder_lift.pos=+43.73 elbow_flex.pos=-30.99 wrist_flex.pos=+82.54 wrist_roll.pos=-0.19 gripper.pos=+26.77
DEBUG 2026-09-03 10:02:12 [action #256] t=11.14s step=255 queue=23 dmax=3.213 | shoulder_pan.pos=-10.63 shoulder_lift.pos=+43.93 elbow_flex.pos=-31.68 wrist_flex.pos=+82.66 wrist_roll.pos=-0.23 gripper.pos=+23.55
DEBUG 2026-09-03 10:02:12 [action #257] t=11.17s step=256 queue=22 dmax=2.976 | shoulder_pan.pos=-10.30 shoulder_lift.pos=+44.04 elbow_flex.pos=-31.98 wrist_flex.pos=+82.24 wrist_roll.pos=-0.26 gripper.pos=+20.58
DEBUG 2026-09-03 10:02:12 [action #258] t=11.21s step=257 queue=21 dmax=2.464 | shoulder_pan.pos=-10.45 shoulder_lift.pos=+44.20 elbow_flex.pos=-32.01 wrist_flex.pos=+82.31 wrist_roll.pos=-0.22 gripper.pos=+18.11
DEBUG 2026-09-03 10:02:12 [action #259] t=11.24s step=258 queue=20 dmax=2.133 | shoulder_pan.pos=-10.45 shoulder_lift.pos=+43.81 elbow_flex.pos=-31.87 wrist_flex.pos=+82.15 wrist_roll.pos=-0.41 gripper.pos=+15.98
DEBUG 2026-09-03 10:02:12 [action #260] t=11.27s step=259 queue=19 dmax=2.074 | shoulder_pan.pos=-10.63 shoulder_lift.pos=+43.61 elbow_flex.pos=-32.15 wrist_flex.pos=+82.30 wrist_roll.pos=-0.35 gripper.pos=+13.91
DEBUG 2026-09-03 10:02:12 [action #261] t=11.31s step=260 queue=18 dmax=1.547 | shoulder_pan.pos=-10.37 shoulder_lift.pos=+44.47 elbow_flex.pos=-31.69 wrist_flex.pos=+82.21 wrist_roll.pos=-0.48 gripper.pos=+12.36
DEBUG 2026-09-03 10:02:12 [action #262] t=11.34s step=261 queue=17 dmax=1.593 | shoulder_pan.pos=-10.48 shoulder_lift.pos=+43.71 elbow_flex.pos=-32.34 wrist_flex.pos=+82.17 wrist_roll.pos=-0.55 gripper.pos=+10.76
DEBUG 2026-09-03 10:02:12 [action #263] t=11.37s step=262 queue=16 dmax=0.987 | shoulder_pan.pos=-10.36 shoulder_lift.pos=+43.78 elbow_flex.pos=-32.17 wrist_flex.pos=+82.14 wrist_roll.pos=-0.49 gripper.pos=+9.78
DEBUG 2026-09-03 10:02:12 [action #264] t=11.41s step=263 queue=15 dmax=0.639 | shoulder_pan.pos=-10.42 shoulder_lift.pos=+44.31 elbow_flex.pos=-31.84 wrist_flex.pos=+82.27 wrist_roll.pos=-0.54 gripper.pos=+9.14
DEBUG 2026-09-03 10:02:12 [action #265] t=11.44s step=264 queue=14 dmax=0.428 | shoulder_pan.pos=-10.60 shoulder_lift.pos=+43.92 elbow_flex.pos=-32.27 wrist_flex.pos=+82.56 wrist_roll.pos=-0.75 gripper.pos=+8.90
DEBUG 2026-09-03 10:02:13 [action #266] t=11.47s step=265 queue=13 dmax=0.707 | shoulder_pan.pos=-10.43 shoulder_lift.pos=+44.63 elbow_flex.pos=-32.24 wrist_flex.pos=+82.50 wrist_roll.pos=-0.71 gripper.pos=+8.50
DEBUG 2026-09-03 10:02:13 [action #267] t=11.51s step=266 queue=12 dmax=0.912 | shoulder_pan.pos=-10.52 shoulder_lift.pos=+44.07 elbow_flex.pos=-33.15 wrist_flex.pos=+82.98 wrist_roll.pos=-0.68 gripper.pos=+8.01
DEBUG 2026-09-03 10:02:13 [action #268] t=11.54s step=267 queue=11 dmax=0.351 | shoulder_pan.pos=-10.60 shoulder_lift.pos=+44.24 elbow_flex.pos=-33.46 wrist_flex.pos=+83.33 wrist_roll.pos=-0.83 gripper.pos=+7.71
DEBUG 2026-09-03 10:02:13 [action #269] t=11.57s step=268 queue=10 dmax=0.971 | shoulder_pan.pos=-10.38 shoulder_lift.pos=+44.78 elbow_flex.pos=-34.43 wrist_flex.pos=+83.93 wrist_roll.pos=-0.89 gripper.pos=+7.36
DEBUG 2026-09-03 10:02:13 [action #270] t=11.61s step=269 queue=9 dmax=1.155 | shoulder_pan.pos=-10.70 shoulder_lift.pos=+45.69 elbow_flex.pos=-35.24 wrist_flex.pos=+85.08 wrist_roll.pos=-1.03 gripper.pos=+6.96
DEBUG 2026-09-03 10:02:13 [action #271] t=11.64s step=270 queue=8 dmax=1.369 | shoulder_pan.pos=-10.59 shoulder_lift.pos=+45.15 elbow_flex.pos=-36.61 wrist_flex.pos=+86.26 wrist_roll.pos=-1.07 gripper.pos=+6.73
DEBUG 2026-09-03 10:02:13 [action #272] t=11.67s step=271 queue=7 dmax=2.270 | shoulder_pan.pos=-10.45 shoulder_lift.pos=+45.79 elbow_flex.pos=-38.88 wrist_flex.pos=+87.58 wrist_roll.pos=-1.16 gripper.pos=+6.69
DEBUG 2026-09-03 10:02:13 [action #273] t=11.71s step=272 queue=6 dmax=1.429 | shoulder_pan.pos=-10.34 shoulder_lift.pos=+47.22 elbow_flex.pos=-39.98 wrist_flex.pos=+88.97 wrist_roll.pos=-1.17 gripper.pos=+6.63
DEBUG 2026-09-03 10:02:13 [action #274] t=11.74s step=273 queue=5 dmax=1.620 | shoulder_pan.pos=-10.49 shoulder_lift.pos=+47.30 elbow_flex.pos=-41.60 wrist_flex.pos=+90.43 wrist_roll.pos=-1.28 gripper.pos=+6.68
DEBUG 2026-09-03 10:02:13 [action #275] t=11.77s step=274 queue=4 dmax=2.432 | shoulder_pan.pos=-10.60 shoulder_lift.pos=+48.13 elbow_flex.pos=-44.03 wrist_flex.pos=+91.96 wrist_roll.pos=-1.24 gripper.pos=+6.62
DEBUG 2026-09-03 10:02:13 [action #276] t=11.81s step=275 queue=3 dmax=1.594 | shoulder_pan.pos=-10.29 shoulder_lift.pos=+47.63 elbow_flex.pos=-45.62 wrist_flex.pos=+93.33 wrist_roll.pos=-1.51 gripper.pos=+6.60
DEBUG 2026-09-03 10:02:13 [action #277] t=11.84s step=276 queue=2 dmax=2.348 | shoulder_pan.pos=-10.51 shoulder_lift.pos=+48.20 elbow_flex.pos=-47.97 wrist_flex.pos=+94.83 wrist_roll.pos=-1.52 gripper.pos=+6.54
DEBUG 2026-09-03 10:02:13 [action #278] t=11.87s step=277 queue=1 dmax=1.579 | shoulder_pan.pos=-10.96 shoulder_lift.pos=+48.31 elbow_flex.pos=-48.74 wrist_flex.pos=+96.41 wrist_roll.pos=-1.63 gripper.pos=+6.51
DEBUG 2026-09-03 10:02:13 [chunk] received 50 actions, timesteps 249..298 | first: shoulder_pan.pos=-11.89 shoulder_lift.pos=+1.78 elbow_flex.pos=+3.32 wrist_flex.pos=+68.78 wrist_roll.pos=-3.80 gripper.pos=+12.30 | last: shoulder_pan.pos=-11.61 shoulder_lift.pos=+40.39 elbow_flex.pos=-31.54 wrist_flex.pos=+80.65 wrist_roll.pos=-0.77 gripper.pos=+37.40
DEBUG 2026-09-03 10:02:13 [action #279] t=11.91s step=278 queue=21 dmax=33.692 | shoulder_pan.pos=-12.09 shoulder_lift.pos=+24.34 elbow_flex.pos=-15.04 wrist_flex.pos=+74.39 wrist_roll.pos=-1.20 gripper.pos=+37.27
DEBUG 2026-09-03 10:02:13 [action #280] t=11.94s step=279 queue=20 dmax=0.896 | shoulder_pan.pos=-12.16 shoulder_lift.pos=+24.53 elbow_flex.pos=-15.94 wrist_flex.pos=+74.18 wrist_roll.pos=-1.21 gripper.pos=+37.27
DEBUG 2026-09-03 10:02:13 [action #281] t=11.97s step=280 queue=19 dmax=1.129 | shoulder_pan.pos=-12.09 shoulder_lift.pos=+25.66 elbow_flex.pos=-16.58 wrist_flex.pos=+74.02 wrist_roll.pos=-1.15 gripper.pos=+37.24
DEBUG 2026-09-03 10:02:13 [action #282] t=12.01s step=281 queue=18 dmax=0.362 | shoulder_pan.pos=-11.96 shoulder_lift.pos=+26.02 elbow_flex.pos=-16.61 wrist_flex.pos=+73.89 wrist_roll.pos=-1.15 gripper.pos=+37.33
DEBUG 2026-09-03 10:02:13 [action #283] t=12.04s step=282 queue=17 dmax=0.708 | shoulder_pan.pos=-11.77 shoulder_lift.pos=+26.73 elbow_flex.pos=-16.71 wrist_flex.pos=+73.94 wrist_roll.pos=-1.06 gripper.pos=+37.14
DEBUG 2026-09-03 10:02:13 [action #284] t=12.07s step=283 queue=16 dmax=1.181 | shoulder_pan.pos=-12.00 shoulder_lift.pos=+27.58 elbow_flex.pos=-17.89 wrist_flex.pos=+74.01 wrist_roll.pos=-0.99 gripper.pos=+37.15
DEBUG 2026-09-03 10:02:13 [action #285] t=12.11s step=284 queue=15 dmax=0.982 | shoulder_pan.pos=-11.80 shoulder_lift.pos=+28.56 elbow_flex.pos=-18.70 wrist_flex.pos=+74.06 wrist_roll.pos=-1.00 gripper.pos=+37.08
DEBUG 2026-09-03 10:02:13 [action #286] t=12.14s step=285 queue=14 dmax=0.639 | shoulder_pan.pos=-12.11 shoulder_lift.pos=+28.94 elbow_flex.pos=-19.34 wrist_flex.pos=+74.20 wrist_roll.pos=-0.90 gripper.pos=+37.06
DEBUG 2026-09-03 10:02:13 [action #287] t=12.18s step=286 queue=13 dmax=1.036 | shoulder_pan.pos=-11.97 shoulder_lift.pos=+29.98 elbow_flex.pos=-19.52 wrist_flex.pos=+74.21 wrist_roll.pos=-0.98 gripper.pos=+36.96
DEBUG 2026-09-03 10:02:13 [action #288] t=12.21s step=287 queue=12 dmax=1.267 | shoulder_pan.pos=-11.60 shoulder_lift.pos=+30.69 elbow_flex.pos=-20.78 wrist_flex.pos=+74.44 wrist_roll.pos=-0.96 gripper.pos=+36.75
DEBUG 2026-09-03 10:02:13 [action #289] t=12.24s step=288 queue=11 dmax=1.210 | shoulder_pan.pos=-11.68 shoulder_lift.pos=+31.90 elbow_flex.pos=-21.78 wrist_flex.pos=+74.75 wrist_roll.pos=-1.08 gripper.pos=+36.82
DEBUG 2026-09-03 10:02:13 [action #290] t=12.28s step=289 queue=10 dmax=1.998 | shoulder_pan.pos=-11.76 shoulder_lift.pos=+33.90 elbow_flex.pos=-22.72 wrist_flex.pos=+75.27 wrist_roll.pos=-0.86 gripper.pos=+36.80
DEBUG 2026-09-03 10:02:13 [action #291] t=12.31s step=290 queue=9 dmax=1.092 | shoulder_pan.pos=-11.83 shoulder_lift.pos=+34.12 elbow_flex.pos=-23.82 wrist_flex.pos=+75.76 wrist_roll.pos=-0.87 gripper.pos=+36.53
DEBUG 2026-09-03 10:02:13 [action #292] t=12.34s step=291 queue=8 dmax=0.751 | shoulder_pan.pos=-11.70 shoulder_lift.pos=+34.87 elbow_flex.pos=-24.25 wrist_flex.pos=+76.29 wrist_roll.pos=-1.08 gripper.pos=+36.55
DEBUG 2026-09-03 10:02:13 [action #293] t=12.38s step=292 queue=7 dmax=1.687 | shoulder_pan.pos=-11.76 shoulder_lift.pos=+36.26 elbow_flex.pos=-25.94 wrist_flex.pos=+77.01 wrist_roll.pos=-0.98 gripper.pos=+36.73
DEBUG 2026-09-03 10:02:13 [action #294] t=12.41s step=293 queue=6 dmax=1.511 | shoulder_pan.pos=-11.78 shoulder_lift.pos=+37.77 elbow_flex.pos=-26.91 wrist_flex.pos=+77.35 wrist_roll.pos=-0.88 gripper.pos=+36.91
DEBUG 2026-09-03 10:02:13 [action #295] t=12.44s step=294 queue=5 dmax=0.504 | shoulder_pan.pos=-11.27 shoulder_lift.pos=+37.30 elbow_flex.pos=-26.55 wrist_flex.pos=+77.74 wrist_roll.pos=-0.93 gripper.pos=+36.75
DEBUG 2026-09-03 10:02:14 [action #296] t=12.48s step=295 queue=4 dmax=1.618 | shoulder_pan.pos=-11.50 shoulder_lift.pos=+38.80 elbow_flex.pos=-28.17 wrist_flex.pos=+78.55 wrist_roll.pos=-0.80 gripper.pos=+36.92
DEBUG 2026-09-03 10:02:14 [action #297] t=12.51s step=296 queue=3 dmax=0.996 | shoulder_pan.pos=-11.63 shoulder_lift.pos=+38.92 elbow_flex.pos=-29.17 wrist_flex.pos=+79.09 wrist_roll.pos=-0.90 gripper.pos=+36.76
DEBUG 2026-09-03 10:02:14 [action #298] t=12.54s step=297 queue=2 dmax=1.472 | shoulder_pan.pos=-11.69 shoulder_lift.pos=+40.40 elbow_flex.pos=-30.62 wrist_flex.pos=+79.92 wrist_roll.pos=-0.87 gripper.pos=+37.29
DEBUG 2026-09-03 10:02:14 [action #299] t=12.58s step=298 queue=1 dmax=0.922 | shoulder_pan.pos=-11.61 shoulder_lift.pos=+40.39 elbow_flex.pos=-31.54 wrist_flex.pos=+80.65 wrist_roll.pos=-0.77 gripper.pos=+37.40
DEBUG 2026-09-03 10:02:14 [chunk] received 50 actions, timesteps 276..325 | first: shoulder_pan.pos=-9.72 shoulder_lift.pos=+42.70 elbow_flex.pos=-47.02 wrist_flex.pos=+99.08 wrist_roll.pos=-1.48 gripper.pos=+5.38 | last: shoulder_pan.pos=+19.40 shoulder_lift.pos=+9.65 elbow_flex.pos=-39.16 wrist_flex.pos=+99.15 wrist_roll.pos=+3.83 gripper.pos=+5.70
DEBUG 2026-09-03 10:02:14 [action #300] t=12.81s step=299 queue=27 dmax=32.165 | shoulder_pan.pos=-8.79 shoulder_lift.pos=+31.04 elbow_flex.pos=-53.68 wrist_flex.pos=+103.56 wrist_roll.pos=-3.39 gripper.pos=+5.23
DEBUG 2026-09-03 10:02:14 [action #301] t=12.84s step=300 queue=26 dmax=1.255 | shoulder_pan.pos=-8.30 shoulder_lift.pos=+29.79 elbow_flex.pos=-52.66 wrist_flex.pos=+103.62 wrist_roll.pos=-3.37 gripper.pos=+5.14
DEBUG 2026-09-03 10:02:14 [action #302] t=12.88s step=301 queue=25 dmax=0.997 | shoulder_pan.pos=-7.90 shoulder_lift.pos=+28.79 elbow_flex.pos=-52.24 wrist_flex.pos=+103.57 wrist_roll.pos=-3.48 gripper.pos=+5.31
DEBUG 2026-09-03 10:02:14 [action #303] t=12.91s step=302 queue=24 dmax=1.288 | shoulder_pan.pos=-7.33 shoulder_lift.pos=+27.50 elbow_flex.pos=-51.62 wrist_flex.pos=+103.58 wrist_roll.pos=-3.46 gripper.pos=+5.31
DEBUG 2026-09-03 10:02:14 [action #304] t=12.94s step=303 queue=23 dmax=1.301 | shoulder_pan.pos=-6.83 shoulder_lift.pos=+26.20 elbow_flex.pos=-50.97 wrist_flex.pos=+103.78 wrist_roll.pos=-3.50 gripper.pos=+5.34
DEBUG 2026-09-03 10:02:14 [action #305] t=12.98s step=304 queue=22 dmax=1.541 | shoulder_pan.pos=-6.06 shoulder_lift.pos=+24.66 elbow_flex.pos=-49.64 wrist_flex.pos=+103.66 wrist_roll.pos=-3.50 gripper.pos=+5.41
DEBUG 2026-09-03 10:02:14 [action #306] t=13.01s step=305 queue=21 dmax=0.764 | shoulder_pan.pos=-5.29 shoulder_lift.pos=+23.91 elbow_flex.pos=-49.24 wrist_flex.pos=+103.77 wrist_roll.pos=-3.41 gripper.pos=+5.37
DEBUG 2026-09-03 10:02:14 [action #307] t=13.04s step=306 queue=20 dmax=1.506 | shoulder_pan.pos=-4.39 shoulder_lift.pos=+22.40 elbow_flex.pos=-48.81 wrist_flex.pos=+103.72 wrist_roll.pos=-3.37 gripper.pos=+5.40
DEBUG 2026-09-03 10:02:14 [action #308] t=13.08s step=307 queue=19 dmax=1.387 | shoulder_pan.pos=-3.19 shoulder_lift.pos=+21.02 elbow_flex.pos=-48.30 wrist_flex.pos=+103.79 wrist_roll.pos=-3.28 gripper.pos=+5.43
DEBUG 2026-09-03 10:02:14 [action #309] t=13.11s step=308 queue=18 dmax=1.021 | shoulder_pan.pos=-2.28 shoulder_lift.pos=+20.00 elbow_flex.pos=-47.60 wrist_flex.pos=+103.72 wrist_roll.pos=-3.24 gripper.pos=+5.43
DEBUG 2026-09-03 10:02:14 [action #310] t=13.14s step=309 queue=17 dmax=1.454 | shoulder_pan.pos=-0.82 shoulder_lift.pos=+18.75 elbow_flex.pos=-46.59 wrist_flex.pos=+103.74 wrist_roll.pos=-3.18 gripper.pos=+5.39
DEBUG 2026-09-03 10:02:14 [action #311] t=13.18s step=310 queue=16 dmax=1.050 | shoulder_pan.pos=+0.23 shoulder_lift.pos=+17.72 elbow_flex.pos=-46.05 wrist_flex.pos=+103.64 wrist_roll.pos=-2.98 gripper.pos=+5.56
DEBUG 2026-09-03 10:02:14 [action #312] t=13.21s step=311 queue=15 dmax=1.392 | shoulder_pan.pos=+1.62 shoulder_lift.pos=+16.60 elbow_flex.pos=-45.73 wrist_flex.pos=+103.75 wrist_roll.pos=-2.81 gripper.pos=+5.48
DEBUG 2026-09-03 10:02:14 [action #313] t=13.24s step=312 queue=14 dmax=1.437 | shoulder_pan.pos=+3.05 shoulder_lift.pos=+16.07 elbow_flex.pos=-44.97 wrist_flex.pos=+103.67 wrist_roll.pos=-2.54 gripper.pos=+5.39
DEBUG 2026-09-03 10:02:14 [action #314] t=13.28s step=313 queue=13 dmax=1.464 | shoulder_pan.pos=+4.49 shoulder_lift.pos=+14.61 elbow_flex.pos=-44.86 wrist_flex.pos=+103.66 wrist_roll.pos=-2.31 gripper.pos=+5.53
DEBUG 2026-09-03 10:02:14 [action #315] t=13.31s step=314 queue=12 dmax=1.514 | shoulder_pan.pos=+6.00 shoulder_lift.pos=+13.86 elbow_flex.pos=-44.40 wrist_flex.pos=+103.65 wrist_roll.pos=-2.08 gripper.pos=+5.55
DEBUG 2026-09-03 10:02:14 [action #316] t=13.35s step=315 queue=11 dmax=1.550 | shoulder_pan.pos=+7.55 shoulder_lift.pos=+13.05 elbow_flex.pos=-44.07 wrist_flex.pos=+103.65 wrist_roll.pos=-1.74 gripper.pos=+5.55
DEBUG 2026-09-03 10:02:14 [action #317] t=13.38s step=316 queue=10 dmax=1.211 | shoulder_pan.pos=+8.77 shoulder_lift.pos=+12.36 elbow_flex.pos=-43.54 wrist_flex.pos=+103.55 wrist_roll.pos=-1.33 gripper.pos=+5.53
DEBUG 2026-09-03 10:02:14 [action #318] t=13.41s step=317 queue=9 dmax=1.560 | shoulder_pan.pos=+10.33 shoulder_lift.pos=+11.29 elbow_flex.pos=-43.11 wrist_flex.pos=+103.48 wrist_roll.pos=-0.83 gripper.pos=+5.63
DEBUG 2026-09-03 10:02:14 [action #319] t=13.45s step=318 queue=8 dmax=1.000 | shoulder_pan.pos=+11.33 shoulder_lift.pos=+11.54 elbow_flex.pos=-42.69 wrist_flex.pos=+103.34 wrist_roll.pos=-0.14 gripper.pos=+5.59
DEBUG 2026-09-03 10:02:15 [action #320] t=13.48s step=319 queue=7 dmax=1.202 | shoulder_pan.pos=+12.53 shoulder_lift.pos=+11.13 elbow_flex.pos=-42.62 wrist_flex.pos=+103.36 wrist_roll.pos=+0.45 gripper.pos=+5.56
DEBUG 2026-09-03 10:02:15 [action #321] t=13.51s step=320 queue=6 dmax=1.059 | shoulder_pan.pos=+13.59 shoulder_lift.pos=+11.54 elbow_flex.pos=-42.39 wrist_flex.pos=+103.02 wrist_roll.pos=+1.02 gripper.pos=+5.66
DEBUG 2026-09-03 10:02:15 [action #322] t=13.55s step=321 queue=5 dmax=1.311 | shoulder_pan.pos=+14.90 shoulder_lift.pos=+10.71 elbow_flex.pos=-41.67 wrist_flex.pos=+102.70 wrist_roll.pos=+1.50 gripper.pos=+5.70
DEBUG 2026-09-03 10:02:15 [action #323] t=13.58s step=322 queue=4 dmax=1.117 | shoulder_pan.pos=+16.02 shoulder_lift.pos=+10.31 elbow_flex.pos=-41.49 wrist_flex.pos=+102.13 wrist_roll.pos=+2.26 gripper.pos=+5.64
DEBUG 2026-09-03 10:02:15 [action #324] t=13.61s step=323 queue=3 dmax=1.088 | shoulder_pan.pos=+17.10 shoulder_lift.pos=+10.56 elbow_flex.pos=-40.77 wrist_flex.pos=+101.47 wrist_roll.pos=+2.71 gripper.pos=+5.74
DEBUG 2026-09-03 10:02:15 [action #325] t=13.65s step=324 queue=2 dmax=1.268 | shoulder_pan.pos=+18.37 shoulder_lift.pos=+9.84 elbow_flex.pos=-40.38 wrist_flex.pos=+100.50 wrist_roll.pos=+3.35 gripper.pos=+5.73
DEBUG 2026-09-03 10:02:15 [chunk] received 50 actions, timesteps 298..347 | first: shoulder_pan.pos=-11.93 shoulder_lift.pos=+42.06 elbow_flex.pos=-32.27 wrist_flex.pos=+80.78 wrist_roll.pos=-0.75 gripper.pos=+37.67 | last: shoulder_pan.pos=-11.50 shoulder_lift.pos=+39.81 elbow_flex.pos=-62.15 wrist_flex.pos=+103.59 wrist_roll.pos=-3.39 gripper.pos=+6.86
DEBUG 2026-09-03 10:02:15 [action #326] t=13.68s step=325 queue=23 dmax=28.873 | shoulder_pan.pos=-2.71 shoulder_lift.pos=+38.72 elbow_flex.pos=-46.05 wrist_flex.pos=+94.53 wrist_roll.pos=-0.13 gripper.pos=+5.81
DEBUG 2026-09-03 10:02:15 [action #327] t=13.71s step=326 queue=22 dmax=12.328 | shoulder_pan.pos=-12.28 shoulder_lift.pos=+51.04 elbow_flex.pos=-50.84 wrist_flex.pos=+93.72 wrist_roll.pos=-1.89 gripper.pos=+5.76
DEBUG 2026-09-03 10:02:15 [action #328] t=13.75s step=327 queue=21 dmax=1.466 | shoulder_pan.pos=-12.28 shoulder_lift.pos=+50.98 elbow_flex.pos=-52.30 wrist_flex.pos=+95.05 wrist_roll.pos=-2.00 gripper.pos=+5.67
DEBUG 2026-09-03 10:02:15 [action #329] t=13.78s step=328 queue=20 dmax=1.761 | shoulder_pan.pos=-12.60 shoulder_lift.pos=+51.26 elbow_flex.pos=-54.06 wrist_flex.pos=+96.58 wrist_roll.pos=-2.25 gripper.pos=+5.76
DEBUG 2026-09-03 10:02:15 [action #330] t=13.81s step=329 queue=19 dmax=2.484 | shoulder_pan.pos=-12.77 shoulder_lift.pos=+51.23 elbow_flex.pos=-56.55 wrist_flex.pos=+97.96 wrist_roll.pos=-2.45 gripper.pos=+5.78
DEBUG 2026-09-03 10:02:15 [action #331] t=13.85s step=330 queue=18 dmax=2.270 | shoulder_pan.pos=-12.70 shoulder_lift.pos=+51.82 elbow_flex.pos=-58.82 wrist_flex.pos=+99.00 wrist_roll.pos=-2.61 gripper.pos=+6.03
DEBUG 2026-09-03 10:02:15 [action #332] t=13.88s step=331 queue=17 dmax=1.873 | shoulder_pan.pos=-12.97 shoulder_lift.pos=+52.40 elbow_flex.pos=-60.69 wrist_flex.pos=+99.93 wrist_roll.pos=-2.73 gripper.pos=+6.26
DEBUG 2026-09-03 10:02:15 [action #333] t=13.91s step=332 queue=16 dmax=1.056 | shoulder_pan.pos=-12.98 shoulder_lift.pos=+52.46 elbow_flex.pos=-61.74 wrist_flex.pos=+100.62 wrist_roll.pos=-2.79 gripper.pos=+6.41
DEBUG 2026-09-03 10:02:15 [action #334] t=13.95s step=333 queue=15 dmax=2.168 | shoulder_pan.pos=-13.15 shoulder_lift.pos=+52.73 elbow_flex.pos=-63.91 wrist_flex.pos=+101.40 wrist_roll.pos=-2.65 gripper.pos=+6.36
DEBUG 2026-09-03 10:02:15 [action #335] t=13.98s step=334 queue=14 dmax=1.005 | shoulder_pan.pos=-13.10 shoulder_lift.pos=+52.02 elbow_flex.pos=-64.92 wrist_flex.pos=+102.02 wrist_roll.pos=-2.89 gripper.pos=+6.46
DEBUG 2026-09-03 10:02:15 [action #336] t=14.01s step=335 queue=13 dmax=0.711 | shoulder_pan.pos=-13.36 shoulder_lift.pos=+52.13 elbow_flex.pos=-65.36 wrist_flex.pos=+102.73 wrist_roll.pos=-2.83 gripper.pos=+6.40
DEBUG 2026-09-03 10:02:15 [action #337] t=14.05s step=336 queue=12 dmax=1.006 | shoulder_pan.pos=-13.41 shoulder_lift.pos=+51.73 elbow_flex.pos=-66.37 wrist_flex.pos=+103.17 wrist_roll.pos=-2.70 gripper.pos=+6.51
DEBUG 2026-09-03 10:02:15 [action #338] t=14.08s step=337 queue=11 dmax=1.084 | shoulder_pan.pos=-13.09 shoulder_lift.pos=+52.00 elbow_flex.pos=-67.45 wrist_flex.pos=+103.42 wrist_roll.pos=-3.01 gripper.pos=+6.45
DEBUG 2026-09-03 10:02:15 [action #339] t=14.11s step=338 queue=10 dmax=0.932 | shoulder_pan.pos=-13.37 shoulder_lift.pos=+51.07 elbow_flex.pos=-67.54 wrist_flex.pos=+103.68 wrist_roll.pos=-2.97 gripper.pos=+6.52
DEBUG 2026-09-03 10:02:15 [action #340] t=14.15s step=339 queue=9 dmax=0.500 | shoulder_pan.pos=-13.12 shoulder_lift.pos=+50.73 elbow_flex.pos=-67.04 wrist_flex.pos=+103.68 wrist_roll.pos=-2.92 gripper.pos=+6.54
DEBUG 2026-09-03 10:02:15 [action #341] t=14.18s step=340 queue=8 dmax=1.352 | shoulder_pan.pos=-13.23 shoulder_lift.pos=+49.37 elbow_flex.pos=-67.53 wrist_flex.pos=+103.90 wrist_roll.pos=-2.84 gripper.pos=+6.57
DEBUG 2026-09-03 10:02:15 [action #342] t=14.21s step=341 queue=7 dmax=0.382 | shoulder_pan.pos=-13.14 shoulder_lift.pos=+49.30 elbow_flex.pos=-67.14 wrist_flex.pos=+103.98 wrist_roll.pos=-3.10 gripper.pos=+6.71
DEBUG 2026-09-03 10:02:15 [action #343] t=14.25s step=342 queue=6 dmax=1.145 | shoulder_pan.pos=-13.19 shoulder_lift.pos=+48.16 elbow_flex.pos=-66.58 wrist_flex.pos=+103.96 wrist_roll.pos=-3.15 gripper.pos=+6.80
DEBUG 2026-09-03 10:02:15 [action #344] t=14.28s step=343 queue=5 dmax=2.016 | shoulder_pan.pos=-12.93 shoulder_lift.pos=+46.14 elbow_flex.pos=-66.18 wrist_flex.pos=+103.91 wrist_roll.pos=-3.16 gripper.pos=+6.56
DEBUG 2026-09-03 10:02:15 [action #345] t=14.31s step=344 queue=4 dmax=0.717 | shoulder_pan.pos=-12.56 shoulder_lift.pos=+45.42 elbow_flex.pos=-65.47 wrist_flex.pos=+103.75 wrist_roll.pos=-3.30 gripper.pos=+6.73
DEBUG 2026-09-03 10:02:15 [action #346] t=14.35s step=345 queue=3 dmax=2.428 | shoulder_pan.pos=-12.35 shoulder_lift.pos=+43.00 elbow_flex.pos=-64.77 wrist_flex.pos=+104.15 wrist_roll.pos=-3.25 gripper.pos=+6.80
DEBUG 2026-09-03 10:02:15 [action #347] t=14.38s step=346 queue=2 dmax=1.382 | shoulder_pan.pos=-12.20 shoulder_lift.pos=+41.62 elbow_flex.pos=-63.39 wrist_flex.pos=+103.95 wrist_roll.pos=-3.19 gripper.pos=+6.72
DEBUG 2026-09-03 10:02:15 [action #348] t=14.42s step=347 queue=1 dmax=1.807 | shoulder_pan.pos=-11.50 shoulder_lift.pos=+39.81 elbow_flex.pos=-62.15 wrist_flex.pos=+103.59 wrist_roll.pos=-3.39 gripper.pos=+6.86
DEBUG 2026-09-03 10:02:16 [chunk] received 50 actions, timesteps 324..373 | first: shoulder_pan.pos=+10.57 shoulder_lift.pos=+4.15 elbow_flex.pos=-28.35 wrist_flex.pos=+103.30 wrist_roll.pos=+1.10 gripper.pos=+2.51 | last: shoulder_pan.pos=-3.88 shoulder_lift.pos=-88.39 elbow_flex.pos=+70.76 wrist_flex.pos=+69.35 wrist_roll.pos=-0.92 gripper.pos=+1.09
DEBUG 2026-09-03 10:02:16 [action #349] t=14.62s step=348 queue=26 dmax=97.679 | shoulder_pan.pos=-1.18 shoulder_lift.pos=-41.32 elbow_flex.pos=+35.53 wrist_flex.pos=+77.12 wrist_roll.pos=+0.52 gripper.pos=+1.55
DEBUG 2026-09-03 10:02:16 [action #350] t=14.65s step=349 queue=25 dmax=1.723 | shoulder_pan.pos=-1.58 shoulder_lift.pos=-43.01 elbow_flex.pos=+37.26 wrist_flex.pos=+76.44 wrist_roll.pos=+0.64 gripper.pos=+1.68
DEBUG 2026-09-03 10:02:16 [action #351] t=14.68s step=350 queue=24 dmax=1.321 | shoulder_pan.pos=-2.03 shoulder_lift.pos=-44.33 elbow_flex.pos=+38.42 wrist_flex.pos=+75.54 wrist_roll.pos=+0.57 gripper.pos=+1.65
DEBUG 2026-09-03 10:02:16 [action #352] t=14.72s step=351 queue=23 dmax=1.972 | shoulder_pan.pos=-2.09 shoulder_lift.pos=-45.54 elbow_flex.pos=+40.39 wrist_flex.pos=+75.16 wrist_roll.pos=+0.47 gripper.pos=+1.62
DEBUG 2026-09-03 10:02:16 [action #353] t=14.75s step=352 queue=22 dmax=1.792 | shoulder_pan.pos=-2.46 shoulder_lift.pos=-47.33 elbow_flex.pos=+41.54 wrist_flex.pos=+74.29 wrist_roll.pos=+0.45 gripper.pos=+1.57
DEBUG 2026-09-03 10:02:16 [action #354] t=14.78s step=353 queue=21 dmax=2.213 | shoulder_pan.pos=-2.84 shoulder_lift.pos=-48.75 elbow_flex.pos=+43.75 wrist_flex.pos=+73.62 wrist_roll.pos=+0.36 gripper.pos=+1.51
DEBUG 2026-09-03 10:02:16 [action #355] t=14.82s step=354 queue=20 dmax=1.716 | shoulder_pan.pos=-3.14 shoulder_lift.pos=-50.47 elbow_flex.pos=+44.78 wrist_flex.pos=+73.21 wrist_roll.pos=+0.41 gripper.pos=+1.52
DEBUG 2026-09-03 10:02:16 [action #356] t=14.85s step=355 queue=19 dmax=1.804 | shoulder_pan.pos=-3.31 shoulder_lift.pos=-52.07 elbow_flex.pos=+46.58 wrist_flex.pos=+72.81 wrist_roll.pos=+0.35 gripper.pos=+1.41
DEBUG 2026-09-03 10:02:16 [action #357] t=14.88s step=356 queue=18 dmax=1.962 | shoulder_pan.pos=-3.58 shoulder_lift.pos=-54.03 elbow_flex.pos=+48.35 wrist_flex.pos=+72.39 wrist_roll.pos=+0.27 gripper.pos=+1.33
DEBUG 2026-09-03 10:02:16 [action #358] t=14.92s step=357 queue=17 dmax=1.378 | shoulder_pan.pos=-3.76 shoulder_lift.pos=-55.40 elbow_flex.pos=+48.41 wrist_flex.pos=+72.03 wrist_roll.pos=+0.43 gripper.pos=+1.55
DEBUG 2026-09-03 10:02:16 [action #359] t=14.95s step=358 queue=16 dmax=2.420 | shoulder_pan.pos=-4.01 shoulder_lift.pos=-57.37 elbow_flex.pos=+50.83 wrist_flex.pos=+72.09 wrist_roll.pos=+0.42 gripper.pos=+1.49
DEBUG 2026-09-03 10:02:16 [action #360] t=14.98s step=359 queue=15 dmax=2.309 | shoulder_pan.pos=-4.06 shoulder_lift.pos=-59.68 elbow_flex.pos=+51.79 wrist_flex.pos=+71.84 wrist_roll.pos=+0.35 gripper.pos=+1.24
DEBUG 2026-09-03 10:02:16 [action #361] t=15.02s step=360 queue=14 dmax=2.060 | shoulder_pan.pos=-4.25 shoulder_lift.pos=-61.74 elbow_flex.pos=+52.96 wrist_flex.pos=+71.83 wrist_roll.pos=+0.31 gripper.pos=+1.14
DEBUG 2026-09-03 10:02:16 [action #362] t=15.05s step=361 queue=13 dmax=2.617 | shoulder_pan.pos=-4.31 shoulder_lift.pos=-64.36 elbow_flex.pos=+55.04 wrist_flex.pos=+71.75 wrist_roll.pos=+0.06 gripper.pos=+1.27
DEBUG 2026-09-03 10:02:16 [action #363] t=15.08s step=362 queue=12 dmax=2.939 | shoulder_pan.pos=-4.18 shoulder_lift.pos=-67.30 elbow_flex.pos=+56.09 wrist_flex.pos=+71.52 wrist_roll.pos=+0.03 gripper.pos=+1.42
DEBUG 2026-09-03 10:02:16 [action #364] t=15.12s step=363 queue=11 dmax=2.239 | shoulder_pan.pos=-4.24 shoulder_lift.pos=-69.53 elbow_flex.pos=+57.21 wrist_flex.pos=+71.39 wrist_roll.pos=-0.14 gripper.pos=+1.35
DEBUG 2026-09-03 10:02:16 [action #365] t=15.15s step=364 queue=10 dmax=1.816 | shoulder_pan.pos=-4.52 shoulder_lift.pos=-71.31 elbow_flex.pos=+59.02 wrist_flex.pos=+71.33 wrist_roll.pos=-0.53 gripper.pos=+1.34
DEBUG 2026-09-03 10:02:16 [action #366] t=15.18s step=365 queue=9 dmax=2.287 | shoulder_pan.pos=-4.38 shoulder_lift.pos=-73.60 elbow_flex.pos=+60.39 wrist_flex.pos=+71.10 wrist_roll.pos=-0.99 gripper.pos=+1.20
DEBUG 2026-09-03 10:02:16 [action #367] t=15.22s step=366 queue=8 dmax=2.811 | shoulder_pan.pos=-4.36 shoulder_lift.pos=-76.41 elbow_flex.pos=+61.70 wrist_flex.pos=+70.86 wrist_roll.pos=-1.11 gripper.pos=+1.20
DEBUG 2026-09-03 10:02:16 [action #368] t=15.25s step=367 queue=7 dmax=1.996 | shoulder_pan.pos=-4.61 shoulder_lift.pos=-78.40 elbow_flex.pos=+62.57 wrist_flex.pos=+70.42 wrist_roll.pos=-1.22 gripper.pos=+1.30
DEBUG 2026-09-03 10:02:16 [action #369] t=15.28s step=368 queue=6 dmax=2.049 | shoulder_pan.pos=-4.48 shoulder_lift.pos=-79.89 elbow_flex.pos=+64.62 wrist_flex.pos=+70.34 wrist_roll.pos=-1.29 gripper.pos=+1.11
DEBUG 2026-09-03 10:02:16 [action #370] t=15.32s step=369 queue=5 dmax=1.633 | shoulder_pan.pos=-4.45 shoulder_lift.pos=-81.52 elbow_flex.pos=+65.61 wrist_flex.pos=+69.89 wrist_roll.pos=-1.12 gripper.pos=+1.23
DEBUG 2026-09-03 10:02:16 [action #371] t=15.35s step=370 queue=4 dmax=1.982 | shoulder_pan.pos=-4.30 shoulder_lift.pos=-83.50 elbow_flex.pos=+66.66 wrist_flex.pos=+69.32 wrist_roll.pos=-0.91 gripper.pos=+1.15
DEBUG 2026-09-03 10:02:16 [action #372] t=15.39s step=371 queue=3 dmax=1.497 | shoulder_pan.pos=-4.48 shoulder_lift.pos=-84.56 elbow_flex.pos=+68.15 wrist_flex.pos=+69.36 wrist_roll.pos=-0.98 gripper.pos=+1.24
DEBUG 2026-09-03 10:02:16 [action #373] t=15.42s step=372 queue=2 dmax=1.772 | shoulder_pan.pos=-3.97 shoulder_lift.pos=-86.33 elbow_flex.pos=+69.62 wrist_flex.pos=+69.29 wrist_roll.pos=-1.03 gripper.pos=+1.13
DEBUG 2026-09-03 10:02:16 [action #374] t=15.45s step=373 queue=1 dmax=2.060 | shoulder_pan.pos=-3.88 shoulder_lift.pos=-88.39 elbow_flex.pos=+70.76 wrist_flex.pos=+69.35 wrist_roll.pos=-0.92 gripper.pos=+1.09
DEBUG 2026-09-03 10:02:17 [chunk] received 50 actions, timesteps 347..396 | first: shoulder_pan.pos=-12.35 shoulder_lift.pos=+47.06 elbow_flex.pos=-64.22 wrist_flex.pos=+98.39 wrist_roll.pos=-2.95 gripper.pos=+8.00 | last: shoulder_pan.pos=-11.33 shoulder_lift.pos=+55.98 elbow_flex.pos=-57.36 wrist_flex.pos=+87.66 wrist_roll.pos=+0.43 gripper.pos=+15.30
DEBUG 2026-09-03 10:02:17 [action #375] t=15.55s step=374 queue=23 dmax=137.832 | shoulder_pan.pos=-13.36 shoulder_lift.pos=+49.44 elbow_flex.pos=-55.62 wrist_flex.pos=+91.52 wrist_roll.pos=-0.33 gripper.pos=+31.47
DEBUG 2026-09-03 10:02:17 [action #376] t=15.59s step=375 queue=22 dmax=0.879 | shoulder_pan.pos=-13.36 shoulder_lift.pos=+48.56 elbow_flex.pos=-56.37 wrist_flex.pos=+91.24 wrist_roll.pos=-0.16 gripper.pos=+31.29
DEBUG 2026-09-03 10:02:17 [action #377] t=15.62s step=376 queue=21 dmax=1.429 | shoulder_pan.pos=-12.95 shoulder_lift.pos=+49.58 elbow_flex.pos=-54.94 wrist_flex.pos=+90.64 wrist_roll.pos=+0.01 gripper.pos=+31.16
DEBUG 2026-09-03 10:02:17 [action #378] t=15.65s step=377 queue=20 dmax=0.361 | shoulder_pan.pos=-12.97 shoulder_lift.pos=+49.39 elbow_flex.pos=-55.20 wrist_flex.pos=+90.27 wrist_roll.pos=+0.17 gripper.pos=+31.05
DEBUG 2026-09-03 10:02:17 [action #379] t=15.69s step=378 queue=19 dmax=0.631 | shoulder_pan.pos=-12.97 shoulder_lift.pos=+50.02 elbow_flex.pos=-55.36 wrist_flex.pos=+89.68 wrist_roll.pos=+0.18 gripper.pos=+30.96
DEBUG 2026-09-03 10:02:17 [action #380] t=15.72s step=379 queue=18 dmax=0.949 | shoulder_pan.pos=-12.97 shoulder_lift.pos=+50.97 elbow_flex.pos=-55.77 wrist_flex.pos=+89.37 wrist_roll.pos=+0.17 gripper.pos=+30.98
DEBUG 2026-09-03 10:02:17 [action #381] t=15.75s step=380 queue=17 dmax=0.763 | shoulder_pan.pos=-12.69 shoulder_lift.pos=+51.03 elbow_flex.pos=-55.01 wrist_flex.pos=+88.80 wrist_roll.pos=+0.25 gripper.pos=+30.78
DEBUG 2026-09-03 10:02:17 [action #382] t=15.79s step=381 queue=16 dmax=0.487 | shoulder_pan.pos=-12.50 shoulder_lift.pos=+51.14 elbow_flex.pos=-55.49 wrist_flex.pos=+88.31 wrist_roll.pos=+0.23 gripper.pos=+30.68
DEBUG 2026-09-03 10:02:17 [action #383] t=15.82s step=382 queue=15 dmax=1.137 | shoulder_pan.pos=-12.35 shoulder_lift.pos=+52.28 elbow_flex.pos=-55.15 wrist_flex.pos=+88.17 wrist_roll.pos=+0.27 gripper.pos=+30.59
DEBUG 2026-09-03 10:02:17 [action #384] t=15.85s step=383 queue=14 dmax=0.604 | shoulder_pan.pos=-12.14 shoulder_lift.pos=+52.71 elbow_flex.pos=-55.00 wrist_flex.pos=+87.57 wrist_roll.pos=+0.31 gripper.pos=+30.75
DEBUG 2026-09-03 10:02:17 [action #385] t=15.89s step=384 queue=13 dmax=0.675 | shoulder_pan.pos=-12.30 shoulder_lift.pos=+52.38 elbow_flex.pos=-55.68 wrist_flex.pos=+87.37 wrist_roll.pos=+0.26 gripper.pos=+30.62
DEBUG 2026-09-03 10:02:17 [action #386] t=15.92s step=385 queue=12 dmax=1.523 | shoulder_pan.pos=-11.88 shoulder_lift.pos=+53.90 elbow_flex.pos=-54.92 wrist_flex.pos=+87.40 wrist_roll.pos=+0.21 gripper.pos=+30.62
DEBUG 2026-09-03 10:02:17 [action #387] t=15.95s step=386 queue=11 dmax=0.458 | shoulder_pan.pos=-11.92 shoulder_lift.pos=+54.17 elbow_flex.pos=-55.38 wrist_flex.pos=+86.99 wrist_roll.pos=+0.31 gripper.pos=+30.46
DEBUG 2026-09-03 10:02:17 [action #388] t=15.99s step=387 queue=10 dmax=0.584 | shoulder_pan.pos=-12.22 shoulder_lift.pos=+53.58 elbow_flex.pos=-55.23 wrist_flex.pos=+87.01 wrist_roll.pos=+0.24 gripper.pos=+30.43
DEBUG 2026-09-03 10:02:17 [action #389] t=16.02s step=388 queue=9 dmax=0.577 | shoulder_pan.pos=-12.07 shoulder_lift.pos=+54.16 elbow_flex.pos=-55.09 wrist_flex.pos=+86.91 wrist_roll.pos=+0.35 gripper.pos=+30.34
DEBUG 2026-09-03 10:02:17 [action #390] t=16.05s step=389 queue=8 dmax=1.253 | shoulder_pan.pos=-11.98 shoulder_lift.pos=+55.41 elbow_flex.pos=-55.11 wrist_flex.pos=+86.67 wrist_roll.pos=+0.42 gripper.pos=+30.24
DEBUG 2026-09-03 10:02:17 [action #391] t=16.09s step=390 queue=7 dmax=0.841 | shoulder_pan.pos=-12.18 shoulder_lift.pos=+55.17 elbow_flex.pos=-55.95 wrist_flex.pos=+86.97 wrist_roll.pos=+0.25 gripper.pos=+30.35
DEBUG 2026-09-03 10:02:17 [action #392] t=16.12s step=391 queue=6 dmax=0.576 | shoulder_pan.pos=-12.18 shoulder_lift.pos=+55.75 elbow_flex.pos=-56.09 wrist_flex.pos=+86.69 wrist_roll.pos=+0.19 gripper.pos=+30.44
DEBUG 2026-09-03 10:02:17 [chunk] received 50 actions, timesteps 373..422 | first: shoulder_pan.pos=-4.19 shoulder_lift.pos=-87.86 elbow_flex.pos=+70.16 wrist_flex.pos=+69.95 wrist_roll.pos=-0.42 gripper.pos=+0.83 | last: shoulder_pan.pos=-6.44 shoulder_lift.pos=-45.12 elbow_flex.pos=+43.68 wrist_flex.pos=+75.12 wrist_roll.pos=-3.39 gripper.pos=+0.83
INFO 2026-09-03 10:02:22 Final action sent: shoulder_pan.pos=-12.18 shoulder_lift.pos=+55.75 elbow_flex.pos=-56.09 wrist_flex.pos=+86.69 wrist_roll.pos=+0.19 gripper.pos=+30.44
DEBUG 2026-09-03 10:02:22 === episode end | 21.1s | converged=False | actions=392 ===
