INFO 2026-09-06 05:51:01 strator.py:1443 Decomposing high-level prompt (round 1): 'put everything away'
INFO 2026-09-06 05:51:01 strator.py:1162 Saved VLM frame: runs/run_2026-09-06_05-50-19/01/decompose_20260906_055101.png
  Generated 93 tokens in 10.3s (9.1 tok/s)
INFO 2026-09-06 05:51:12 pace/vlm.py:411 Identification tokens: 49
INFO 2026-09-06 05:51:12 estrator.py:788 Identified objects (4): ['plush toy', 'pouch', 'tray', 'table']
  Generated 73 tokens in 5.7s (12.7 tok/s)

Visible: ['plush toy', 'pouch', 'tray', 'table']
Excluded: []
Completed: []
Allowed: ['plush toy', 'pouch']

Parsed 2 sub-tasks:
  1. put the plush toy in the tray
  2. put the pouch in the tray
INFO 2026-09-06 05:51:18 strator.py:1461 Sub-task queue (2):
INFO 2026-09-06 05:51:18 strator.py:1463   1. put the plush toy in the tray
INFO 2026-09-06 05:51:18 strator.py:1463   2. put the pouch in the tray
INFO 2026-09-06 05:51:18 strator.py:1517 [1] Executing sub-task: 'put the plush toy in the tray' (1 retries left)
INFO 2026-09-06 05:51:18 nt_loop.py:1049 VLA inputs for this episode -> vla_failure_test/plush/146_plush/
INFO 2026-09-06 05:51:18 ent_loop.py:689 Control loop started | task: 'put the plush toy in the tray' | duration: 50.0s
INFO 2026-09-06 05:51:18 ent_loop.py:603 Action receiver thread started
INFO 2026-09-06 05:51:54 ent_loop.py:913 Episode finished: 36.2s, converged=True, max_displacement=207.4563, actions=637
INFO 2026-09-06 05:51:54 ent_loop.py:409 Returning to home position...
INFO 2026-09-06 05:51:56 ent_loop.py:422 Home position reached.
INFO 2026-09-06 05:51:58 strator.py:1192 Saved VLM eval recap (32 frames): runs/run_2026-09-06_05-50-19/01/eval_task1_20260906_055156_recap.png
INFO 2026-09-06 05:51:58 strator.py:1639 Evaluation observation: video clip (32 frames over 27.2s of a 36.2s episode, 1.14 fps)
  Generated 22 tokens in 2.0s (11.2 tok/s)
INFO 2026-09-06 05:52:01 strator.py:1681 VLM judgement: success=True | failure_type=RETRY | The plush toy is now on the tray as instructed.
INFO 2026-09-06 05:52:01 strator.py:1517 [2] Executing sub-task: 'put the pouch in the tray' (1 retries left)
INFO 2026-09-06 05:52:01 nt_loop.py:1049 VLA inputs for this episode -> vla_failure_test/pouch/147_pouch/
INFO 2026-09-06 05:52:01 ent_loop.py:689 Control loop started | task: 'put the pouch in the tray' | duration: 50.0s
INFO 2026-09-06 05:52:01 ent_loop.py:603 Action receiver thread started
INFO 2026-09-06 05:52:24 ent_loop.py:913 Episode finished: 23.2s, converged=True, max_displacement=167.3829, actions=462
INFO 2026-09-06 05:52:24 ent_loop.py:409 Returning to home position...
INFO 2026-09-06 05:52:26 ent_loop.py:422 Home position reached.
INFO 2026-09-06 05:52:28 strator.py:1192 Saved VLM eval recap (32 frames): runs/run_2026-09-06_05-50-19/01/eval_task2_20260906_055226_recap.png
INFO 2026-09-06 05:52:28 strator.py:1639 Evaluation observation: video clip (32 frames over 16.7s of a 23.2s episode, 1.86 fps)
  Generated 21 tokens in 1.9s (11.1 tok/s)
INFO 2026-09-06 05:52:31 strator.py:1681 VLM judgement: success=True | failure_type=RETRY | The pouch is now on the tray as instructed.
INFO 2026-09-06 05:52:31 strator.py:1809 Running final evaluation against the original prompt...
INFO 2026-09-06 05:52:31 strator.py:1162 Saved VLM frame: runs/run_2026-09-06_05-50-19/01/final_eval_20260906_055231.png
  Generated 180 tokens in 11.2s (16.1 tok/s)
INFO 2026-09-06 05:52:42 pace/vlm.py:470 Scene survey tokens: 87
INFO 2026-09-06 05:52:42 estrator.py:951 Final-eval surveyed 4 object(s):
INFO 2026-09-06 05:52:42 estrator.py:953   plush toy -> tray (a brown, fuzzy plush animal with antlers, lying on a pink tray)
INFO 2026-09-06 05:52:42 estrator.py:953   cylinder -> tray (a brown, cylindrical object lying on the pink tray, next to the plush toy)
INFO 2026-09-06 05:52:42 estrator.py:953   tray -> table (a pink rectangular tray holding the plush toy and the cylinder)
INFO 2026-09-06 05:52:42 estrator.py:953   robot arm -> table (an orange robotic arm with wires and a label reading 'KUMQUAT', positioned on the table)
  Generated 25 tokens in 1.6s (15.9 tok/s)
INFO 2026-09-06 05:52:43 strator.py:1817 FINAL VLM judgement for 'put everything away' (round 1): success=True | All objects are on the tray as required by 'put everything away'.
INFO 2026-09-06 05:52:43 strator.py:1830 Round 1 complete for: 'put everything away'
INFO 2026-09-06 05:52:43 strator.py:1831   Completed 2/2 sub-tasks planned this round: ['put the plush toy in the tray', 'put the pouch in the tray']
INFO 2026-09-06 05:52:43 strator.py:1337 High-level task 'put everything away' judged COMPLETE after 1 round(s).
