INFO 2026-08-20 08:05:51 strator.py:1194 Decomposing high-level prompt (round 1): 'put everything on the tray'
INFO 2026-08-20 08:05:51 estrator.py:945 Saved VLM frame: runs/run_2026-08-20_08-03-31/02/decompose_20260820_080551.png
  Generated 28 tokens in 2.6s (10.9 tok/s)

Identification output:
{
  "visible_objects": [
    "banana",
    "toy",
    "tray",
    "table"
  ]
}
INFO 2026-08-20 08:05:54 estrator.py:615 Identified objects (4): ['banana', 'toy', 'tray', 'table']
  Generated 71 tokens in 4.8s (14.8 tok/s)
INFO 2026-08-20 08:05:59 estrator.py:620 Raw VLM decomposition output (237 chars): '{\n  "visible_objects": ["banana", "toy", "tray", "table"],\n  "excluded_objects": [],\n  "completed_objects": [],\n  "allowed_objects": ["banana", "toy"],\n  "subtasks": [\n    "put the banana on the tray",\n    "put the toy on the tray"\n  ]\n}'

Visible: ['banana', 'toy', 'tray', 'table']
Excluded: []
Completed: []
Allowed: ['banana', 'toy']

Parsed 2 sub-tasks:
  1. put the banana on the tray
  2. put the toy on the tray
INFO 2026-08-20 08:05:59 strator.py:1212 Sub-task queue (2):
INFO 2026-08-20 08:05:59 strator.py:1214   1. put the banana on the tray
INFO 2026-08-20 08:05:59 strator.py:1214   2. put the toy on the tray
INFO 2026-08-20 08:05:59 strator.py:1265 [1] Executing sub-task: 'put the banana on the tray' (1 retries left)
INFO 2026-08-20 08:05:59 ent_loop.py:567 Control loop started | task: 'put the banana on the tray' | duration: 30.0s
INFO 2026-08-20 08:05:59 ent_loop.py:514 Action receiver thread started
INFO 2026-08-20 08:06:29 ent_loop.py:584 Episode timeout (30.0s)
INFO 2026-08-20 08:06:29 ent_loop.py:755 Episode finished: 30.3s, converged=False, max_displacement=194.8636, actions=802
INFO 2026-08-20 08:06:29 ent_loop.py:346 Returning to home position...
INFO 2026-08-20 08:06:31 ent_loop.py:359 Home position reached.
INFO 2026-08-20 08:06:34 estrator.py:976 Saved VLM eval clip (32 frames) to runs/run_2026-08-20_08-03-31/02
INFO 2026-08-20 08:06:34 strator.py:1371 Evaluation observation: video clip (32 frames over 29.8s of a 30.3s episode, 1.04 fps)
  Generated 48 tokens in 3.5s (13.9 tok/s)
INFO 2026-08-20 08:06:37 estrator.py:701 Raw eval output: {"success": false, "failure_type": "RETRY", "reason": "The robot arm moved toward the banana but did not successfully grasp or place it on the tray; it appears to have failed to execute the placement."}
INFO 2026-08-20 08:06:37 strator.py:1413 VLM judgement: success=False | failure_type=RETRY | The robot arm moved toward the banana but did not successfully grasp or place it on the tray; it appears to have failed to execute the placement.
INFO 2026-08-20 08:06:37 strator.py:1158 ATTEMPT attempt=1 original='put the banana on the tray' current='put the banana on the tray' success=False failure_type=RETRY reason='The robot arm moved toward the banana but did not successfully grasp or place it on the tray; it appears to have failed to execute the placement.' refinement=False
INFO 2026-08-20 08:06:37 strator.py:1475 Retrying sub-task (1 attempt(s) left)...
INFO 2026-08-20 08:06:37 strator.py:1265 [1] Executing sub-task: 'put the banana on the tray' (0 retries left)
INFO 2026-08-20 08:06:37 ent_loop.py:567 Control loop started | task: 'put the banana on the tray' | duration: 30.0s
INFO 2026-08-20 08:06:37 ent_loop.py:514 Action receiver thread started
INFO 2026-08-20 08:06:45 ent_loop.py:755 Episode finished: 7.8s, converged=True, max_displacement=85.5619, actions=163
INFO 2026-08-20 08:06:45 ent_loop.py:346 Returning to home position...
INFO 2026-08-20 08:06:47 ent_loop.py:359 Home position reached.
INFO 2026-08-20 08:06:50 estrator.py:976 Saved VLM eval clip (32 frames) to runs/run_2026-08-20_08-03-31/02
INFO 2026-08-20 08:06:50 strator.py:1371 Evaluation observation: video clip (32 frames over 7.7s of a 7.8s episode, 4.05 fps)
  Generated 51 tokens in 4.6s (11.0 tok/s)
INFO 2026-08-20 08:06:55 estrator.py:701 Raw eval output: {"success": false, "failure_type": "RETRY", "reason": "The robot arm extended toward the banana but did not grasp it. It moved slightly toward the banana but failed to pick it up or place it on the tray."}
INFO 2026-08-20 08:06:55 strator.py:1413 VLM judgement: success=False | failure_type=RETRY | The robot arm extended toward the banana but did not grasp it. It moved slightly toward the banana but failed to pick it up or place it on the tray.
INFO 2026-08-20 08:06:55 strator.py:1158 ATTEMPT attempt=2 original='put the banana on the tray' current='put the banana on the tray' success=False failure_type=RETRY reason='The robot arm extended toward the banana but did not grasp it. It moved slightly toward the banana but failed to pick it up or place it on the tray.' refinement=False
WARNING 2026-08-20 08:06:55 strator.py:1499 Sub-task 'put the banana on the tray' failed after all retries.
INFO 2026-08-20 08:06:55 strator.py:1508 Triggering replan (0 replan(s) left after this)...
INFO 2026-08-20 08:06:55 strator.py:1509   Completed so far: []
INFO 2026-08-20 08:06:55 strator.py:1510   Failed: 'put the banana on the tray' — The robot arm extended toward the banana but did not grasp it. It moved slightly toward the banana but failed to pick it up or place it on the tray.
INFO 2026-08-20 08:06:55 strator.py:1511   Remaining (discarded): ['put the toy on the tray']

[REPLAN] Sub-task 'put the banana on the tray' failed after all retries: The robot arm extended toward the banana but did not grasp it. It moved slightly toward the banana but failed to pick it up or place it on the tray.
[REPLAN] Additional context for the planner (Enter for none, 'q' to abort): INFO 2026-08-20 08:07:03 estrator.py:945 Saved VLM frame: runs/run_2026-08-20_08-03-31/02/replan_20260820_080703.png
  Generated 70 tokens in 4.6s (15.1 tok/s)
INFO 2026-08-20 08:07:08 estrator.py:885 Raw VLM replan output (249 chars): '{\n  "visible_objects": ["banana", "toy", "brown object"],\n  "excluded_objects": [],\n  "allowed_objects": ["banana", "toy", "brown object"],\n  "subtasks": ["put the banana on the tray", "put the toy on the tray", "put the brown object on the tray"]\n}'

Visible: ['banana', 'toy', 'brown object']
Excluded: []
Completed: None
Allowed: ['banana', 'toy', 'brown object']

Parsed 3 sub-tasks:
  1. put the banana on the tray
  2. put the toy on the tray
  3. put the brown object on the tray
INFO 2026-08-20 08:07:08 strator.py:1239 Replanned queue (3):
INFO 2026-08-20 08:07:08 strator.py:1241   1. put the banana on the tray
INFO 2026-08-20 08:07:08 strator.py:1241   2. put the toy on the tray
INFO 2026-08-20 08:07:08 strator.py:1241   3. put the brown object on the tray
INFO 2026-08-20 08:07:08 strator.py:1265 [1] Executing sub-task: 'put the banana on the tray' (1 retries left)
INFO 2026-08-20 08:07:08 ent_loop.py:567 Control loop started | task: 'put the banana on the tray' | duration: 30.0s
INFO 2026-08-20 08:07:08 ent_loop.py:514 Action receiver thread started
INFO 2026-08-20 08:07:34 ent_loop.py:755 Episode finished: 26.1s, converged=True, max_displacement=217.1985, actions=654
INFO 2026-08-20 08:07:34 ent_loop.py:346 Returning to home position...
INFO 2026-08-20 08:07:36 ent_loop.py:359 Home position reached.
INFO 2026-08-20 08:07:39 estrator.py:976 Saved VLM eval clip (32 frames) to runs/run_2026-08-20_08-03-31/02
INFO 2026-08-20 08:07:39 strator.py:1371 Evaluation observation: video clip (32 frames over 25.8s of a 26.1s episode, 1.20 fps)
  Generated 21 tokens in 1.7s (12.3 tok/s)
INFO 2026-08-20 08:07:41 estrator.py:701 Raw eval output: {"success": true, "reason": "The banana is now on the tray as instructed."}
INFO 2026-08-20 08:07:41 strator.py:1413 VLM judgement: success=True | failure_type=RETRY | The banana is now on the tray as instructed.
INFO 2026-08-20 08:07:41 strator.py:1265 [2] Executing sub-task: 'put the toy on the tray' (1 retries left)
INFO 2026-08-20 08:07:41 ent_loop.py:567 Control loop started | task: 'put the toy on the tray' | duration: 30.0s
INFO 2026-08-20 08:07:41 ent_loop.py:514 Action receiver thread started
INFO 2026-08-20 08:07:49 ent_loop.py:755 Episode finished: 8.6s, converged=True, max_displacement=1.8325, actions=131
INFO 2026-08-20 08:07:49 ent_loop.py:346 Returning to home position...
INFO 2026-08-20 08:07:51 ent_loop.py:359 Home position reached.
WARNING 2026-08-20 08:07:51 strator.py:1345 No movement detected (max_displacement=1.8325). The object name 'toy' is likely not in the robot's vocabulary.
INFO 2026-08-20 08:07:54 estrator.py:976 Saved VLM eval clip (30 frames) to runs/run_2026-08-20_08-03-31/02
INFO 2026-08-20 08:07:54 strator.py:1371 Evaluation observation: video clip (30 frames over 7.1s of a 8.6s episode, 4.11 fps)
  Generated 36 tokens in 2.7s (13.4 tok/s)
INFO 2026-08-20 08:07:57 estrator.py:701 Raw eval output: {"success": false, "failure_type": "RETRY", "reason": "The robot arm is stationary and has not moved to place the toy on the tray."}
INFO 2026-08-20 08:07:57 strator.py:1413 VLM judgement: success=False | failure_type=VOCAB | The robot arm is stationary and has not moved to place the toy on the tray.
INFO 2026-08-20 08:07:57 strator.py:1158 ATTEMPT attempt=1 original='put the toy on the tray' current='put the toy on the tray' success=False failure_type=VOCAB reason='The robot arm is stationary and has not moved to place the toy on the tray.' refinement=False
INFO 2026-08-20 08:07:57 estrator.py:945 Saved VLM frame: runs/run_2026-08-20_08-03-31/02/refine_task2_20260820_080757.png
INFO 2026-08-20 08:07:57 strator.py:1439 VOCAB failure — attempting label refinement...
  Generated 8 tokens in 0.6s (13.7 tok/s)
INFO 2026-08-20 08:07:58 estrator.py:805 Raw refinement output: toy
stuffed animal
bear
INFO 2026-08-20 08:07:58 strator.py:1450 Refined: 'put the toy on the tray' -> 'put the toy on the tray' (candidates: ['toy', 'stuffed animal', 'bear'])
INFO 2026-08-20 08:07:58 strator.py:1265 [2] Executing sub-task: 'put the toy on the tray' (0 retries left)
INFO 2026-08-20 08:07:58 ent_loop.py:567 Control loop started | task: 'put the toy on the tray' | duration: 30.0s
INFO 2026-08-20 08:07:58 ent_loop.py:514 Action receiver thread started
INFO 2026-08-20 08:08:06 ent_loop.py:755 Episode finished: 8.6s, converged=True, max_displacement=2.2205, actions=117
INFO 2026-08-20 08:08:06 ent_loop.py:346 Returning to home position...
INFO 2026-08-20 08:08:08 ent_loop.py:359 Home position reached.
WARNING 2026-08-20 08:08:08 strator.py:1345 No movement detected (max_displacement=2.2205). The object name 'toy' is likely not in the robot's vocabulary.
INFO 2026-08-20 08:08:11 estrator.py:976 Saved VLM eval clip (31 frames) to runs/run_2026-08-20_08-03-31/02
INFO 2026-08-20 08:08:11 strator.py:1371 Evaluation observation: video clip (31 frames over 6.6s of a 8.6s episode, 4.58 fps)
  Generated 36 tokens in 2.7s (13.3 tok/s)
INFO 2026-08-20 08:08:14 estrator.py:701 Raw eval output: {"success": false, "failure_type": "RETRY", "reason": "The robot arm is stationary and has not moved to place the toy on the tray."}
INFO 2026-08-20 08:08:14 strator.py:1413 VLM judgement: success=False | failure_type=VOCAB | The robot arm is stationary and has not moved to place the toy on the tray.
INFO 2026-08-20 08:08:14 strator.py:1158 ATTEMPT attempt=2 original='put the toy on the tray' current='put the toy on the tray' success=False failure_type=VOCAB reason='The robot arm is stationary and has not moved to place the toy on the tray.' refinement=False
WARNING 2026-08-20 08:08:14 strator.py:1499 Sub-task 'put the toy on the tray' failed after all retries.
WARNING 2026-08-20 08:08:14 strator.py:1502 No replans remaining — skipping failed sub-task and continuing with the rest of the queue.
INFO 2026-08-20 08:08:14 strator.py:1265 [2] Executing sub-task: 'put the brown object on the tray' (1 retries left)
INFO 2026-08-20 08:08:14 ent_loop.py:567 Control loop started | task: 'put the brown object on the tray' | duration: 30.0s
INFO 2026-08-20 08:08:14 ent_loop.py:514 Action receiver thread started
INFO 2026-08-20 08:08:23 ent_loop.py:755 Episode finished: 8.6s, converged=True, max_displacement=2.2739, actions=142
INFO 2026-08-20 08:08:23 ent_loop.py:346 Returning to home position...
INFO 2026-08-20 08:08:25 ent_loop.py:359 Home position reached.
WARNING 2026-08-20 08:08:25 strator.py:1345 No movement detected (max_displacement=2.2739). The object name 'brown object' is likely not in the robot's vocabulary.
INFO 2026-08-20 08:08:27 estrator.py:976 Saved VLM eval clip (29 frames) to runs/run_2026-08-20_08-03-31/02
INFO 2026-08-20 08:08:27 strator.py:1371 Evaluation observation: video clip (29 frames over 7.4s of a 8.6s episode, 3.79 fps)
  Generated 49 tokens in 3.5s (13.9 tok/s)
INFO 2026-08-20 08:08:31 estrator.py:701 Raw eval output: {"success": false, "failure_type": "RETRY", "reason": "The robot arm remains stationary and does not move toward or interact with the brown object or the tray, indicating no attempt was made to complete the task."}
INFO 2026-08-20 08:08:31 strator.py:1413 VLM judgement: success=False | failure_type=VOCAB | The robot arm remains stationary and does not move toward or interact with the brown object or the tray, indicating no attempt was made to complete the task.
INFO 2026-08-20 08:08:31 strator.py:1158 ATTEMPT attempt=1 original='put the brown object on the tray' current='put the brown object on the tray' success=False failure_type=VOCAB reason='The robot arm remains stationary and does not move toward or interact with the brown object or the tray, indicating no attempt was made to complete the task.' refinement=False
INFO 2026-08-20 08:08:31 estrator.py:945 Saved VLM frame: runs/run_2026-08-20_08-03-31/02/refine_task2_20260820_080831.png
INFO 2026-08-20 08:08:31 strator.py:1439 VOCAB failure — attempting label refinement...
  Generated 6 tokens in 0.4s (13.8 tok/s)
INFO 2026-08-20 08:08:31 estrator.py:805 Raw refinement output: bar
block
rod
INFO 2026-08-20 08:08:31 strator.py:1450 Refined: 'put the brown object on the tray' -> 'put the bar on the tray' (candidates: ['bar', 'block', 'rod'])
INFO 2026-08-20 08:08:31 strator.py:1265 [2] Executing sub-task: 'put the bar on the tray' (0 retries left) [original: 'put the brown object on the tray']
INFO 2026-08-20 08:08:31 ent_loop.py:567 Control loop started | task: 'put the bar on the tray' | duration: 30.0s
INFO 2026-08-20 08:08:31 ent_loop.py:514 Action receiver thread started
INFO 2026-08-20 08:08:38 ent_loop.py:755 Episode finished: 6.2s, converged=True, max_displacement=2.5491, actions=143
INFO 2026-08-20 08:08:38 ent_loop.py:346 Returning to home position...
INFO 2026-08-20 08:08:40 ent_loop.py:359 Home position reached.
WARNING 2026-08-20 08:08:40 strator.py:1345 No movement detected (max_displacement=2.5491). The object name 'bar' is likely not in the robot's vocabulary.
INFO 2026-08-20 08:08:42 estrator.py:976 Saved VLM eval clip (31 frames) to runs/run_2026-08-20_08-03-31/02
INFO 2026-08-20 08:08:42 strator.py:1371 Evaluation observation: video clip (31 frames over 6.1s of a 6.2s episode, 4.90 fps)
  Generated 38 tokens in 2.8s (13.4 tok/s)
INFO 2026-08-20 08:08:45 estrator.py:701 Raw eval output: {"success": false, "failure_type": "RETRY", "reason": "The robot arm remains stationary and does not move to grasp or place the bar on the tray."}
INFO 2026-08-20 08:08:45 strator.py:1413 VLM judgement: success=False | failure_type=VOCAB | The robot arm remains stationary and does not move to grasp or place the bar on the tray.
INFO 2026-08-20 08:08:45 strator.py:1158 ATTEMPT attempt=2 original='put the brown object on the tray' current='put the bar on the tray' success=False failure_type=VOCAB reason='The robot arm remains stationary and does not move to grasp or place the bar on the tray.' refinement=True
WARNING 2026-08-20 08:08:45 strator.py:1499 Sub-task 'put the brown object on the tray' failed after all retries.
WARNING 2026-08-20 08:08:45 strator.py:1502 No replans remaining — skipping failed sub-task and continuing with the rest of the queue.
INFO 2026-08-20 08:08:45 strator.py:1541 Running final evaluation against the original prompt...
INFO 2026-08-20 08:08:45 estrator.py:945 Saved VLM frame: runs/run_2026-08-20_08-03-31/02/final_eval_20260820_080845.png
  Generated 134 tokens in 8.8s (15.2 tok/s)

Scene survey output:
{
  "object_locations": [
    {
      "object": "banana",
      "evidence": "lying inside the tray's rim, to the left of the plush toy",
      "support": "tray"
    },
    {
      "object": "plush toy",
      "evidence": "lying inside the tray's rim, to the right of the banana",
      "support": "tray"
    },
    {
      "object": "pouch",
      "evidence": "lying on the bare table, to the left of the tray, not touching it",
      "support": "table"
    }
  ]
}
INFO 2026-08-20 08:08:54 estrator.py:734 Final-eval surveyed 3 object(s):
INFO 2026-08-20 08:08:54 estrator.py:736   banana -> tray (lying inside the tray's rim, to the left of the plush toy)
INFO 2026-08-20 08:08:54 estrator.py:736   plush toy -> tray (lying inside the tray's rim, to the right of the banana)
INFO 2026-08-20 08:08:54 estrator.py:736   pouch -> table (lying on the bare table, to the left of the tray, not touching it)
  Generated 32 tokens in 2.2s (14.9 tok/s)
INFO 2026-08-20 08:08:56 estrator.py:783 Raw final-judge output: {"reason": "The pouch is still on the table instead of on the tray, so not everything was placed on the tray.", "success": false}
INFO 2026-08-20 08:08:56 strator.py:1549 FINAL VLM judgement for 'put everything on the tray' (round 1): success=False | The pouch is still on the table instead of on the tray, so not everything was placed on the tray.
INFO 2026-08-20 08:08:56 strator.py:1562 Round 1 complete for: 'put everything on the tray'
INFO 2026-08-20 08:08:56 strator.py:1563   Completed 1/2 sub-tasks planned this round: ['put the banana on the tray']
INFO 2026-08-20 08:08:56 strator.py:1121 Carrying 1 completed sub-task(s) into the re-decompose: ['put the banana on the tray']
INFO 2026-08-20 08:08:56 strator.py:1123 Retry context passed to the planner:
A previous attempt at this same instruction was judged INCOMPLETE by the evaluator, who reported:
The pouch is still on the table instead of on the tray, so not everything was placed on the tray.

These sub-tasks were already executed and verified complete in the previous attempt:
- put the banana on the tray
The objects they name are already at their destinations. Put those objects in completed_objects, NOT in allowed_objects, and do not plan any sub-task for them.

The camera image shows the CURRENT scene, after that attempt. The image is GROUND TRUTH: where the evaluator's report and the image disagree, believe the image.

Plan only the work that still REMAINS to satisfy the original instruction. If an object is already at its destination in the image, list it in completed_objects — do not put it in allowed_objects and do not give it a sub-task. Do not move any object the instruction says to leave alone; those go in excluded_objects.

Remember the invariant: every object in allowed_objects gets exactly one sub-task. Never return an empty subtasks list while allowed_objects is non-empty — an object that needs no action belongs in completed_objects.
WARNING 2026-08-20 08:08:56 strator.py:1124 Final evaluation judged 'put everything on the tray' INCOMPLETE: The pouch is still on the table instead of on the tray, so not everything was placed on the tray. — running the whole loop again.
INFO 2026-08-20 08:08:56 strator.py:1070 ============================================================
INFO 2026-08-20 08:08:56 strator.py:1071 ROUND 2 for 'put everything on the tray' — re-decomposing against the current scene (0 retry round(s) left after this one).
INFO 2026-08-20 08:08:56 strator.py:1074 ============================================================
INFO 2026-08-20 08:08:56 strator.py:1194 Decomposing high-level prompt (round 2): 'put everything on the tray'
INFO 2026-08-20 08:08:57 estrator.py:945 Saved VLM frame: runs/run_2026-08-20_08-03-31/02/decompose_round2_20260820_080856.png
  Generated 37 tokens in 2.4s (15.2 tok/s)

Identification output:
{
  "visible_objects": [
    "table",
    "robot",
    "banana",
    "toy",
    "tray",
    "pouch"
  ]
}
INFO 2026-08-20 08:08:59 estrator.py:615 Identified objects (6): ['table', 'robot', 'banana', 'toy', 'tray', 'pouch']
  Generated 76 tokens in 5.0s (15.2 tok/s)
INFO 2026-08-20 08:09:04 estrator.py:620 Raw VLM decomposition output (249 chars): '{\n  "visible_objects": ["table", "robot", "banana", "toy", "tray", "pouch"],\n  "excluded_objects": [],\n  "completed_objects": ["banana"],\n  "allowed_objects": ["toy", "pouch"],\n  "subtasks": ["put the toy on the tray", "put the pouch on the tray"]\n}'

Visible: ['table', 'robot', 'banana', 'toy', 'tray', 'pouch']
Excluded: []
Completed: ['banana']
Allowed: ['toy', 'pouch']

Parsed 2 sub-tasks:
  1. put the toy on the tray
  2. put the pouch on the tray
INFO 2026-08-20 08:09:04 strator.py:1212 Sub-task queue (2):
INFO 2026-08-20 08:09:04 strator.py:1214   1. put the toy on the tray
INFO 2026-08-20 08:09:04 strator.py:1214   2. put the pouch on the tray
INFO 2026-08-20 08:09:04 strator.py:1265 [1] Executing sub-task: 'put the toy on the tray' (1 retries left)
INFO 2026-08-20 08:09:04 ent_loop.py:567 Control loop started | task: 'put the toy on the tray' | duration: 30.0s
INFO 2026-08-20 08:09:04 ent_loop.py:514 Action receiver thread started
INFO 2026-08-20 08:09:13 ent_loop.py:755 Episode finished: 8.7s, converged=True, max_displacement=2.2369, actions=132
INFO 2026-08-20 08:09:13 ent_loop.py:346 Returning to home position...
INFO 2026-08-20 08:09:15 ent_loop.py:359 Home position reached.
WARNING 2026-08-20 08:09:15 strator.py:1345 No movement detected (max_displacement=2.2369). The object name 'toy' is likely not in the robot's vocabulary.
INFO 2026-08-20 08:09:17 estrator.py:976 Saved VLM eval clip (31 frames) to runs/run_2026-08-20_08-03-31/02
INFO 2026-08-20 08:09:17 strator.py:1371 Evaluation observation: video clip (31 frames over 6.7s of a 8.7s episode, 4.48 fps)
  Generated 42 tokens in 3.1s (13.5 tok/s)
INFO 2026-08-20 08:09:21 estrator.py:701 Raw eval output: {"success": false, "failure_type": "RETRY", "reason": "The robot arm remains stationary and does not move toward the toy or the tray, so the task is not attempted."}
INFO 2026-08-20 08:09:21 strator.py:1413 VLM judgement: success=False | failure_type=VOCAB | The robot arm remains stationary and does not move toward the toy or the tray, so the task is not attempted.
INFO 2026-08-20 08:09:21 strator.py:1158 ATTEMPT attempt=1 original='put the toy on the tray' current='put the toy on the tray' success=False failure_type=VOCAB reason='The robot arm remains stationary and does not move toward the toy or the tray, so the task is not attempted.' refinement=False
INFO 2026-08-20 08:09:21 estrator.py:945 Saved VLM frame: runs/run_2026-08-20_08-03-31/02/refine_task1_20260820_080921.png
INFO 2026-08-20 08:09:21 strator.py:1439 VOCAB failure — attempting label refinement...
  Generated 8 tokens in 0.6s (14.0 tok/s)
INFO 2026-08-20 08:09:22 estrator.py:805 Raw refinement output: toy
stuffed animal
bear
INFO 2026-08-20 08:09:22 strator.py:1450 Refined: 'put the toy on the tray' -> 'put the toy on the tray' (candidates: ['toy', 'stuffed animal', 'bear'])
INFO 2026-08-20 08:09:22 strator.py:1265 [1] Executing sub-task: 'put the toy on the tray' (0 retries left)
INFO 2026-08-20 08:09:22 ent_loop.py:567 Control loop started | task: 'put the toy on the tray' | duration: 30.0s
INFO 2026-08-20 08:09:22 ent_loop.py:514 Action receiver thread started
INFO 2026-08-20 08:09:34 ent_loop.py:755 Episode finished: 12.3s, converged=True, max_displacement=2.5421, actions=242
INFO 2026-08-20 08:09:34 ent_loop.py:346 Returning to home position...
INFO 2026-08-20 08:09:36 ent_loop.py:359 Home position reached.
WARNING 2026-08-20 08:09:36 strator.py:1345 No movement detected (max_displacement=2.5421). The object name 'toy' is likely not in the robot's vocabulary.
INFO 2026-08-20 08:09:38 estrator.py:976 Saved VLM eval clip (32 frames) to runs/run_2026-08-20_08-03-31/02
INFO 2026-08-20 08:09:38 strator.py:1371 Evaluation observation: video clip (32 frames over 10.8s of a 12.3s episode, 2.87 fps)
  Generated 52 tokens in 3.8s (13.9 tok/s)
INFO 2026-08-20 08:09:43 estrator.py:701 Raw eval output: {"success": false, "failure_type": "RETRY", "reason": "The toy (plush animal) is already on the tray, but the robot did not perform any action to place it there; it remained stationary throughout the clip."}
INFO 2026-08-20 08:09:43 strator.py:1413 VLM judgement: success=False | failure_type=VOCAB | The toy (plush animal) is already on the tray, but the robot did not perform any action to place it there; it remained stationary throughout the clip.
INFO 2026-08-20 08:09:43 strator.py:1158 ATTEMPT attempt=2 original='put the toy on the tray' current='put the toy on the tray' success=False failure_type=VOCAB reason='The toy (plush animal) is already on the tray, but the robot did not perform any action to place it there; it remained stationary throughout the clip.' refinement=False
WARNING 2026-08-20 08:09:43 strator.py:1499 Sub-task 'put the toy on the tray' failed after all retries.
INFO 2026-08-20 08:09:43 strator.py:1508 Triggering replan (0 replan(s) left after this)...
INFO 2026-08-20 08:09:43 strator.py:1509   Completed so far: []
INFO 2026-08-20 08:09:43 strator.py:1510   Failed: 'put the toy on the tray' — The toy (plush animal) is already on the tray, but the robot did not perform any action to place it there; it remained stationary throughout the clip.
INFO 2026-08-20 08:09:43 strator.py:1511   Remaining (discarded): ['put the pouch on the tray']

[REPLAN] Sub-task 'put the toy on the tray' failed after all retries: The toy (plush animal) is already on the tray, but the robot did not perform any action to place it there; it remained stationary throughout the clip.
[REPLAN] Additional context for the planner (Enter for none, 'q' to abort): INFO 2026-08-20 08:09:52 estrator.py:945 Saved VLM frame: runs/run_2026-08-20_08-03-31/02/replan_20260820_080952.png
  Generated 65 tokens in 4.4s (14.8 tok/s)
INFO 2026-08-20 08:09:56 estrator.py:885 Raw VLM replan output (207 chars): '{\n  "visible_objects": ["banana", "toy", "kumquat"],\n  "excluded_objects": [],\n  "allowed_objects": ["banana", "toy", "kumquat"],\n  "subtasks": ["put the banana on the tray", "put the kumquat on the tray"]\n}'

Visible: ['banana', 'toy', 'kumquat']
Excluded: []
Completed: None
Allowed: ['banana', 'toy', 'kumquat']

Parsed 2 sub-tasks:
  1. put the banana on the tray
  2. put the kumquat on the tray
INFO 2026-08-20 08:09:56 strator.py:1239 Replanned queue (2):
INFO 2026-08-20 08:09:56 strator.py:1241   1. put the banana on the tray
INFO 2026-08-20 08:09:56 strator.py:1241   2. put the kumquat on the tray
INFO 2026-08-20 08:09:56 strator.py:1265 [1] Executing sub-task: 'put the banana on the tray' (1 retries left)
INFO 2026-08-20 08:09:56 ent_loop.py:567 Control loop started | task: 'put the banana on the tray' | duration: 30.0s
INFO 2026-08-20 08:09:56 ent_loop.py:514 Action receiver thread started
[INTERJECT] ABORT requested — stopping current action...
INFO 2026-08-20 08:10:01 ent_loop.py:755 Episode finished: 4.3s, converged=False, max_displacement=2.1714, actions=86
WARNING 2026-08-20 08:10:01 strator.py:1185 ABORT requested during sub-task 'put the banana on the tray' — abandoning high-level task 'put everything on the tray' and returning to the prompt.
INFO 2026-08-20 08:10:01 ent_loop.py:346 Returning to home position...
INFO 2026-08-20 08:10:03 ent_loop.py:359 Home position reached.
INFO 2026-08-20 08:10:03 strator.py:1479   Completed before the abort: []
