INFO 2026-09-02 09:44:26 strator.py:1230 Decomposing high-level prompt (round 1): 'put everything on the tray'
INFO 2026-09-02 09:44:26 estrator.py:949 Saved VLM frame: runs/run_2026-09-02_09-41-46/01/decompose_20260902_094426.png
  Generated 18 tokens in 3.8s (4.8 tok/s)

Identification output:
{"visible_objects": ["toy", "banana", "tray", "table"]}
INFO 2026-09-02 09:44:30 estrator.py:619 Identified objects (4): ['toy', 'banana', 'tray', 'table']
  Generated 66 tokens in 4.2s (15.7 tok/s)
INFO 2026-09-02 09:44:34 estrator.py:624 Raw VLM decomposition output (225 chars): '{\n  "visible_objects": ["toy", "banana", "tray", "table"],\n  "excluded_objects": [],\n  "completed_objects": [],\n  "allowed_objects": ["toy", "banana"],\n  "subtasks": ["put the toy on the tray", "put the banana on the tray"]\n}'

Visible: ['toy', 'banana', 'tray', 'table']
Excluded: []
Completed: []
Allowed: ['toy', 'banana']

Parsed 2 sub-tasks:
  1. put the toy on the tray
  2. put the banana on the tray
INFO 2026-09-02 09:44:34 strator.py:1248 Sub-task queue (2):
INFO 2026-09-02 09:44:34 strator.py:1250   1. put the toy on the tray
INFO 2026-09-02 09:44:34 strator.py:1250   2. put the banana on the tray
INFO 2026-09-02 09:44:34 strator.py:1301 [1] Executing sub-task: 'put the toy on the tray' (1 retries left)
INFO 2026-09-02 09:44:34 nt_loop.py:1049 VLA inputs for this episode -> vla_failure_test/toy/034_toy/
INFO 2026-09-02 09:44:34 ent_loop.py:689 Control loop started | task: 'put the toy on the tray' | duration: 30.0s
INFO 2026-09-02 09:44:34 ent_loop.py:603 Action receiver thread started
INFO 2026-09-02 09:45:02 ent_loop.py:913 Episode finished: 28.5s, converged=True, max_displacement=178.3761, actions=567
INFO 2026-09-02 09:45:02 ent_loop.py:409 Returning to home position...
INFO 2026-09-02 09:45:04 ent_loop.py:422 Home position reached.
INFO 2026-09-02 09:45:07 estrator.py:979 Saved VLM eval recap (32 frames): runs/run_2026-09-02_09-41-46/01/eval_task1_20260902_094504_recap.png
INFO 2026-09-02 09:45:07 strator.py:1407 Evaluation observation: video clip (32 frames over 21.2s of a 28.5s episode, 1.46 fps)
  Generated 21 tokens in 1.9s (11.2 tok/s)
INFO 2026-09-02 09:45:09 estrator.py:705 Raw eval output: {"success": true, "reason": "The toy is now on the tray as instructed."}
INFO 2026-09-02 09:45:09 strator.py:1449 VLM judgement: success=True | failure_type=RETRY | The toy is now on the tray as instructed.
INFO 2026-09-02 09:45:09 strator.py:1301 [2] Executing sub-task: 'put the banana on the tray' (1 retries left)
INFO 2026-09-02 09:45:09 nt_loop.py:1049 VLA inputs for this episode -> vla_failure_test/banana/035_banana/
INFO 2026-09-02 09:45:09 ent_loop.py:689 Control loop started | task: 'put the banana on the tray' | duration: 30.0s
INFO 2026-09-02 09:45:09 ent_loop.py:603 Action receiver thread started
INFO 2026-09-02 09:45:39 ent_loop.py:706 Episode timeout (30.0s)
INFO 2026-09-02 09:45:48 ent_loop.py:913 Episode finished: 38.2s, converged=False, max_displacement=230.4490, actions=749
INFO 2026-09-02 09:45:48 ent_loop.py:409 Returning to home position...
INFO 2026-09-02 09:45:50 ent_loop.py:422 Home position reached.
INFO 2026-09-02 09:45:52 estrator.py:979 Saved VLM eval recap (32 frames): runs/run_2026-09-02_09-41-46/01/eval_task2_20260902_094550_recap.png
INFO 2026-09-02 09:45:52 strator.py:1407 Evaluation observation: video clip (32 frames over 29.9s of a 38.2s episode, 1.04 fps)
  Generated 37 tokens in 2.9s (12.9 tok/s)
INFO 2026-09-02 09:45:55 estrator.py:705 Raw eval output: {"success": false, "failure_type": "RETRY", "reason": "The arm reached the banana but the gripper closed on air and did not grasp it."}
INFO 2026-09-02 09:45:55 strator.py:1449 VLM judgement: success=False | failure_type=RETRY | The arm reached the banana but the gripper closed on air and did not grasp it.
INFO 2026-09-02 09:45:55 strator.py:1194 ATTEMPT attempt=1 original='put the banana on the tray' current='put the banana on the tray' success=False failure_type=RETRY reason='The arm reached the banana but the gripper closed on air and did not grasp it.' refinement=False
INFO 2026-09-02 09:45:55 strator.py:1511 Retrying sub-task (1 attempt(s) left)...
INFO 2026-09-02 09:45:55 strator.py:1301 [2] Executing sub-task: 'put the banana on the tray' (0 retries left)
INFO 2026-09-02 09:45:55 nt_loop.py:1049 VLA inputs for this episode -> vla_failure_test/banana/036_banana/
INFO 2026-09-02 09:45:55 ent_loop.py:689 Control loop started | task: 'put the banana on the tray' | duration: 30.0s
INFO 2026-09-02 09:45:55 ent_loop.py:603 Action receiver thread started
[INTERJECT] ABORT requested — stopping current action...
INFO 2026-09-02 09:46:29 ent_loop.py:913 Episode finished: 33.5s, converged=False, max_displacement=229.0003, actions=634
WARNING 2026-09-02 09:46:29 strator.py:1221 ABORT requested during sub-task 'put the banana on the tray' — abandoning high-level task 'put everything on the tray' and returning to the prompt.
INFO 2026-09-02 09:46:29 ent_loop.py:409 Returning to home position...
INFO 2026-09-02 09:46:31 ent_loop.py:422 Home position reached.
INFO 2026-09-02 09:46:31 strator.py:1515   Completed before the abort: ['put the toy on the tray']
