DEBUG 2026-08-19 07:32:50 === episode start | task: 'put the stuffed animal on the tray' | duration: 30.0s ===
DEBUG 2026-08-19 07:32:51 [chunk] received 50 actions, timesteps 2265..2314 | first: shoulder_pan.pos=-52.21 shoulder_lift.pos=+15.01 elbow_flex.pos=-14.32 wrist_flex.pos=+74.91 wrist_roll.pos=+3.23 gripper.pos=+28.00 | last: shoulder_pan.pos=-47.78 shoulder_lift.pos=+36.72 elbow_flex.pos=-33.17 wrist_flex.pos=+73.35 wrist_roll.pos=-0.74 gripper.pos=+6.22
DEBUG 2026-08-19 07:32:51 [action #1] t=0.90s step=2265 queue=50 dmax=n/a | shoulder_pan.pos=-52.21 shoulder_lift.pos=+15.01 elbow_flex.pos=-14.32 wrist_flex.pos=+74.91 wrist_roll.pos=+3.23 gripper.pos=+28.00
DEBUG 2026-08-19 07:32:51 [action #2] t=0.94s step=2266 queue=49 dmax=0.822 | shoulder_pan.pos=-53.03 shoulder_lift.pos=+15.25 elbow_flex.pos=-15.02 wrist_flex.pos=+74.71 wrist_roll.pos=+3.39 gripper.pos=+28.59
DEBUG 2026-08-19 07:32:51 [action #3] t=0.97s step=2267 queue=48 dmax=1.294 | shoulder_pan.pos=-53.08 shoulder_lift.pos=+16.50 elbow_flex.pos=-16.31 wrist_flex.pos=+74.40 wrist_roll.pos=+3.64 gripper.pos=+29.07
DEBUG 2026-08-19 07:32:51 [action #4] t=1.00s step=2268 queue=47 dmax=1.038 | shoulder_pan.pos=-53.53 shoulder_lift.pos=+16.61 elbow_flex.pos=-17.35 wrist_flex.pos=+74.22 wrist_roll.pos=+3.74 gripper.pos=+29.06
DEBUG 2026-08-19 07:32:51 [action #5] t=1.04s step=2269 queue=46 dmax=0.344 | shoulder_pan.pos=-53.88 shoulder_lift.pos=+16.94 elbow_flex.pos=-17.42 wrist_flex.pos=+73.88 wrist_roll.pos=+4.06 gripper.pos=+29.08
DEBUG 2026-08-19 07:32:51 [action #6] t=1.07s step=2270 queue=45 dmax=0.849 | shoulder_pan.pos=-54.04 shoulder_lift.pos=+17.79 elbow_flex.pos=-17.89 wrist_flex.pos=+73.77 wrist_roll.pos=+4.46 gripper.pos=+29.08
DEBUG 2026-08-19 07:32:51 [action #7] t=1.10s step=2271 queue=44 dmax=0.577 | shoulder_pan.pos=-54.29 shoulder_lift.pos=+18.27 elbow_flex.pos=-18.47 wrist_flex.pos=+73.25 wrist_roll.pos=+4.64 gripper.pos=+28.93
DEBUG 2026-08-19 07:32:51 [action #8] t=1.14s step=2272 queue=43 dmax=1.190 | shoulder_pan.pos=-54.22 shoulder_lift.pos=+19.46 elbow_flex.pos=-18.96 wrist_flex.pos=+73.04 wrist_roll.pos=+5.26 gripper.pos=+28.93
DEBUG 2026-08-19 07:32:51 [action #9] t=1.17s step=2273 queue=42 dmax=1.314 | shoulder_pan.pos=-54.10 shoulder_lift.pos=+20.24 elbow_flex.pos=-20.27 wrist_flex.pos=+72.61 wrist_roll.pos=+5.56 gripper.pos=+28.95
DEBUG 2026-08-19 07:32:51 [action #10] t=1.20s step=2274 queue=41 dmax=1.040 | shoulder_pan.pos=-53.98 shoulder_lift.pos=+21.28 elbow_flex.pos=-20.89 wrist_flex.pos=+72.52 wrist_roll.pos=+6.25 gripper.pos=+28.90
DEBUG 2026-08-19 07:32:51 [action #11] t=1.24s step=2275 queue=40 dmax=1.036 | shoulder_pan.pos=-54.08 shoulder_lift.pos=+22.32 elbow_flex.pos=-21.50 wrist_flex.pos=+72.00 wrist_roll.pos=+6.46 gripper.pos=+29.04
DEBUG 2026-08-19 07:32:51 [action #12] t=1.27s step=2276 queue=39 dmax=1.101 | shoulder_pan.pos=-54.06 shoulder_lift.pos=+23.33 elbow_flex.pos=-22.60 wrist_flex.pos=+72.02 wrist_roll.pos=+6.82 gripper.pos=+28.89
DEBUG 2026-08-19 07:32:51 [action #13] t=1.30s step=2277 queue=38 dmax=1.227 | shoulder_pan.pos=-54.12 shoulder_lift.pos=+24.55 elbow_flex.pos=-23.45 wrist_flex.pos=+71.87 wrist_roll.pos=+6.93 gripper.pos=+28.90
DEBUG 2026-08-19 07:32:51 [action #14] t=1.34s step=2278 queue=37 dmax=1.044 | shoulder_pan.pos=-53.92 shoulder_lift.pos=+25.54 elbow_flex.pos=-24.49 wrist_flex.pos=+71.91 wrist_roll.pos=+6.87 gripper.pos=+28.75
DEBUG 2026-08-19 07:32:51 [action #15] t=1.37s step=2279 queue=36 dmax=1.149 | shoulder_pan.pos=-54.02 shoulder_lift.pos=+26.69 elbow_flex.pos=-24.99 wrist_flex.pos=+71.65 wrist_roll.pos=+6.87 gripper.pos=+28.68
DEBUG 2026-08-19 07:32:51 [action #16] t=1.40s step=2280 queue=35 dmax=1.284 | shoulder_pan.pos=-54.06 shoulder_lift.pos=+27.31 elbow_flex.pos=-26.28 wrist_flex.pos=+71.59 wrist_roll.pos=+6.82 gripper.pos=+28.68
DEBUG 2026-08-19 07:32:51 [action #17] t=1.44s step=2281 queue=34 dmax=0.996 | shoulder_pan.pos=-53.83 shoulder_lift.pos=+28.30 elbow_flex.pos=-26.89 wrist_flex.pos=+71.50 wrist_roll.pos=+6.74 gripper.pos=+28.68
DEBUG 2026-08-19 07:32:51 [action #18] t=1.47s step=2282 queue=33 dmax=0.649 | shoulder_pan.pos=-53.86 shoulder_lift.pos=+28.86 elbow_flex.pos=-27.54 wrist_flex.pos=+71.42 wrist_roll.pos=+6.51 gripper.pos=+28.64
DEBUG 2026-08-19 07:32:51 [action #19] t=1.50s step=2283 queue=32 dmax=0.788 | shoulder_pan.pos=-54.02 shoulder_lift.pos=+29.65 elbow_flex.pos=-28.03 wrist_flex.pos=+71.55 wrist_roll.pos=+6.44 gripper.pos=+28.54
DEBUG 2026-08-19 07:32:51 [action #20] t=1.54s step=2284 queue=31 dmax=0.943 | shoulder_pan.pos=-53.97 shoulder_lift.pos=+30.04 elbow_flex.pos=-28.97 wrist_flex.pos=+71.59 wrist_roll.pos=+6.28 gripper.pos=+28.71
DEBUG 2026-08-19 07:32:51 [action #21] t=1.57s step=2285 queue=30 dmax=0.312 | shoulder_pan.pos=-53.99 shoulder_lift.pos=+30.29 elbow_flex.pos=-28.66 wrist_flex.pos=+71.68 wrist_roll.pos=+6.07 gripper.pos=+28.57
DEBUG 2026-08-19 07:32:51 [action #22] t=1.60s step=2286 queue=29 dmax=1.370 | shoulder_pan.pos=-53.83 shoulder_lift.pos=+31.66 elbow_flex.pos=-29.61 wrist_flex.pos=+71.72 wrist_roll.pos=+5.85 gripper.pos=+28.58
DEBUG 2026-08-19 07:32:51 [action #23] t=1.64s step=2287 queue=28 dmax=0.691 | shoulder_pan.pos=-54.09 shoulder_lift.pos=+30.97 elbow_flex.pos=-29.41 wrist_flex.pos=+71.84 wrist_roll.pos=+5.66 gripper.pos=+28.59
DEBUG 2026-08-19 07:32:52 [action #24] t=1.67s step=2288 queue=27 dmax=1.403 | shoulder_pan.pos=-54.11 shoulder_lift.pos=+31.17 elbow_flex.pos=-30.82 wrist_flex.pos=+71.63 wrist_roll.pos=+5.55 gripper.pos=+28.57
DEBUG 2026-08-19 07:32:52 [action #25] t=1.71s step=2289 queue=26 dmax=0.853 | shoulder_pan.pos=-54.24 shoulder_lift.pos=+32.02 elbow_flex.pos=-30.97 wrist_flex.pos=+71.68 wrist_roll.pos=+5.51 gripper.pos=+28.66
DEBUG 2026-08-19 07:32:52 [chunk] received 50 actions, timesteps 0..49 | first: shoulder_pan.pos=-4.92 shoulder_lift.pos=-100.80 elbow_flex.pos=+88.92 wrist_flex.pos=+75.12 wrist_roll.pos=+0.16 gripper.pos=+1.61 | last: shoulder_pan.pos=-30.75 shoulder_lift.pos=-101.23 elbow_flex.pos=+88.22 wrist_flex.pos=+72.87 wrist_roll.pos=-0.25 gripper.pos=+1.83
DEBUG 2026-08-19 07:32:52 [chunk] received 50 actions, timesteps 2289..2338 | first: shoulder_pan.pos=-48.55 shoulder_lift.pos=+32.31 elbow_flex.pos=-29.94 wrist_flex.pos=+75.47 wrist_roll.pos=+5.78 gripper.pos=+31.50 | last: shoulder_pan.pos=-38.56 shoulder_lift.pos=+37.57 elbow_flex.pos=-31.51 wrist_flex.pos=+84.94 wrist_roll.pos=-2.67 gripper.pos=+6.11
DEBUG 2026-08-19 07:32:52 [action #26] t=2.44s step=2290 queue=49 dmax=5.498 | shoulder_pan.pos=-48.85 shoulder_lift.pos=+32.72 elbow_flex.pos=-31.23 wrist_flex.pos=+77.18 wrist_roll.pos=+5.72 gripper.pos=+31.93
DEBUG 2026-08-19 07:32:52 [action #27] t=2.47s step=2291 queue=48 dmax=1.481 | shoulder_pan.pos=-49.44 shoulder_lift.pos=+32.47 elbow_flex.pos=-30.86 wrist_flex.pos=+78.66 wrist_roll.pos=+5.77 gripper.pos=+32.29
DEBUG 2026-08-19 07:32:52 [action #28] t=2.51s step=2292 queue=47 dmax=1.550 | shoulder_pan.pos=-49.57 shoulder_lift.pos=+32.98 elbow_flex.pos=-31.55 wrist_flex.pos=+80.21 wrist_roll.pos=+5.72 gripper.pos=+32.70
DEBUG 2026-08-19 07:32:52 [action #29] t=2.54s step=2293 queue=46 dmax=1.428 | shoulder_pan.pos=-49.76 shoulder_lift.pos=+32.76 elbow_flex.pos=-32.14 wrist_flex.pos=+81.63 wrist_roll.pos=+5.68 gripper.pos=+33.16
DEBUG 2026-08-19 07:32:52 [action #30] t=2.57s step=2294 queue=45 dmax=1.075 | shoulder_pan.pos=-49.94 shoulder_lift.pos=+32.18 elbow_flex.pos=-31.44 wrist_flex.pos=+82.71 wrist_roll.pos=+5.64 gripper.pos=+33.56
DEBUG 2026-08-19 07:32:52 [action #31] t=2.61s step=2295 queue=44 dmax=0.867 | shoulder_pan.pos=-49.91 shoulder_lift.pos=+31.36 elbow_flex.pos=-30.99 wrist_flex.pos=+83.58 wrist_roll.pos=+5.66 gripper.pos=+33.80
DEBUG 2026-08-19 07:32:53 [action #32] t=2.64s step=2296 queue=43 dmax=1.249 | shoulder_pan.pos=-49.83 shoulder_lift.pos=+30.93 elbow_flex.pos=-29.74 wrist_flex.pos=+84.14 wrist_roll.pos=+5.76 gripper.pos=+34.19
DEBUG 2026-08-19 07:32:53 [action #33] t=2.67s step=2297 queue=42 dmax=0.795 | shoulder_pan.pos=-49.57 shoulder_lift.pos=+30.13 elbow_flex.pos=-28.98 wrist_flex.pos=+84.62 wrist_roll.pos=+5.94 gripper.pos=+34.13
DEBUG 2026-08-19 07:32:53 [action #34] t=2.71s step=2298 queue=41 dmax=1.881 | shoulder_pan.pos=-49.46 shoulder_lift.pos=+29.64 elbow_flex.pos=-27.10 wrist_flex.pos=+84.78 wrist_roll.pos=+6.11 gripper.pos=+34.20
DEBUG 2026-08-19 07:32:53 [action #35] t=2.74s step=2299 queue=40 dmax=0.926 | shoulder_pan.pos=-49.18 shoulder_lift.pos=+28.72 elbow_flex.pos=-26.55 wrist_flex.pos=+84.88 wrist_roll.pos=+6.35 gripper.pos=+34.05
DEBUG 2026-08-19 07:32:53 [action #36] t=2.77s step=2300 queue=39 dmax=1.558 | shoulder_pan.pos=-49.27 shoulder_lift.pos=+28.08 elbow_flex.pos=-24.99 wrist_flex.pos=+84.93 wrist_roll.pos=+6.45 gripper.pos=+33.86
DEBUG 2026-08-19 07:32:53 [action #37] t=2.81s step=2301 queue=38 dmax=0.979 | shoulder_pan.pos=-48.70 shoulder_lift.pos=+27.58 elbow_flex.pos=-24.01 wrist_flex.pos=+84.68 wrist_roll.pos=+6.53 gripper.pos=+33.81
DEBUG 2026-08-19 07:32:53 [action #38] t=2.84s step=2302 queue=37 dmax=1.337 | shoulder_pan.pos=-48.87 shoulder_lift.pos=+27.43 elbow_flex.pos=-22.68 wrist_flex.pos=+84.52 wrist_roll.pos=+6.61 gripper.pos=+33.78
DEBUG 2026-08-19 07:32:53 [action #39] t=2.88s step=2303 queue=36 dmax=1.130 | shoulder_pan.pos=-48.74 shoulder_lift.pos=+27.04 elbow_flex.pos=-21.55 wrist_flex.pos=+84.31 wrist_roll.pos=+6.56 gripper.pos=+33.97
DEBUG 2026-08-19 07:32:53 [action #40] t=2.91s step=2304 queue=35 dmax=1.045 | shoulder_pan.pos=-48.67 shoulder_lift.pos=+26.76 elbow_flex.pos=-20.50 wrist_flex.pos=+84.21 wrist_roll.pos=+6.58 gripper.pos=+33.77
DEBUG 2026-08-19 07:32:53 [action #41] t=2.94s step=2305 queue=34 dmax=0.951 | shoulder_pan.pos=-48.44 shoulder_lift.pos=+27.03 elbow_flex.pos=-19.55 wrist_flex.pos=+84.00 wrist_roll.pos=+6.47 gripper.pos=+33.89
DEBUG 2026-08-19 07:32:53 [action #42] t=2.98s step=2306 queue=33 dmax=0.702 | shoulder_pan.pos=-48.24 shoulder_lift.pos=+27.73 elbow_flex.pos=-19.02 wrist_flex.pos=+83.75 wrist_roll.pos=+6.31 gripper.pos=+33.67
DEBUG 2026-08-19 07:32:53 [action #43] t=3.01s step=2307 queue=32 dmax=0.832 | shoulder_pan.pos=-48.26 shoulder_lift.pos=+26.97 elbow_flex.pos=-18.19 wrist_flex.pos=+83.79 wrist_roll.pos=+6.30 gripper.pos=+33.80
DEBUG 2026-08-19 07:32:53 [action #44] t=3.04s step=2308 queue=31 dmax=0.785 | shoulder_pan.pos=-48.40 shoulder_lift.pos=+27.28 elbow_flex.pos=-17.40 wrist_flex.pos=+83.68 wrist_roll.pos=+6.20 gripper.pos=+33.78
DEBUG 2026-08-19 07:32:53 [action #45] t=3.08s step=2309 queue=30 dmax=1.238 | shoulder_pan.pos=-48.24 shoulder_lift.pos=+28.52 elbow_flex.pos=-18.12 wrist_flex.pos=+83.35 wrist_roll.pos=+6.03 gripper.pos=+33.64
DEBUG 2026-08-19 07:32:53 [action #46] t=3.11s step=2310 queue=29 dmax=0.856 | shoulder_pan.pos=-47.77 shoulder_lift.pos=+29.05 elbow_flex.pos=-17.82 wrist_flex.pos=+82.49 wrist_roll.pos=+5.73 gripper.pos=+33.58
DEBUG 2026-08-19 07:32:53 [action #47] t=3.14s step=2311 queue=28 dmax=1.269 | shoulder_pan.pos=-47.62 shoulder_lift.pos=+30.32 elbow_flex.pos=-17.17 wrist_flex.pos=+81.83 wrist_roll.pos=+5.46 gripper.pos=+33.53
DEBUG 2026-08-19 07:32:53 [action #48] t=3.18s step=2312 queue=27 dmax=0.845 | shoulder_pan.pos=-47.24 shoulder_lift.pos=+30.73 elbow_flex.pos=-16.32 wrist_flex.pos=+81.19 wrist_roll.pos=+5.30 gripper.pos=+33.42
DEBUG 2026-08-19 07:32:53 [action #49] t=3.21s step=2313 queue=26 dmax=0.648 | shoulder_pan.pos=-47.48 shoulder_lift.pos=+30.93 elbow_flex.pos=-16.26 wrist_flex.pos=+80.54 wrist_roll.pos=+5.37 gripper.pos=+33.18
DEBUG 2026-08-19 07:32:53 [action #50] t=3.24s step=2314 queue=25 dmax=1.278 | shoulder_pan.pos=-47.44 shoulder_lift.pos=+32.21 elbow_flex.pos=-16.22 wrist_flex.pos=+79.78 wrist_roll.pos=+5.25 gripper.pos=+33.14
DEBUG 2026-08-19 07:32:53 [action #51] t=3.28s step=2315 queue=24 dmax=0.691 | shoulder_pan.pos=-47.30 shoulder_lift.pos=+32.65 elbow_flex.pos=-16.53 wrist_flex.pos=+79.09 wrist_roll.pos=+5.28 gripper.pos=+33.02
DEBUG 2026-08-19 07:32:53 [action #52] t=3.31s step=2316 queue=23 dmax=0.551 | shoulder_pan.pos=-47.01 shoulder_lift.pos=+33.20 elbow_flex.pos=-16.65 wrist_flex.pos=+78.62 wrist_roll.pos=+5.40 gripper.pos=+32.90
DEBUG 2026-08-19 07:32:53 [chunk] received 50 actions, timesteps 2289..2338 | first: shoulder_pan.pos=-50.85 shoulder_lift.pos=+30.57 elbow_flex.pos=-32.60 wrist_flex.pos=+74.69 wrist_roll.pos=+5.24 gripper.pos=+29.40 | last: shoulder_pan.pos=-39.03 shoulder_lift.pos=+35.31 elbow_flex.pos=-39.07 wrist_flex.pos=+89.62 wrist_roll.pos=-3.50 gripper.pos=+7.65
DEBUG 2026-08-19 07:32:53 [action #53] t=3.34s step=2317 queue=22 dmax=6.475 | shoulder_pan.pos=-45.71 shoulder_lift.pos=+39.67 elbow_flex.pos=-22.76 wrist_flex.pos=+78.28 wrist_roll.pos=+4.05 gripper.pos=+31.47
DEBUG 2026-08-19 07:32:53 [action #54] t=3.38s step=2318 queue=21 dmax=2.163 | shoulder_pan.pos=-45.54 shoulder_lift.pos=+39.57 elbow_flex.pos=-22.88 wrist_flex.pos=+78.62 wrist_roll.pos=+3.89 gripper.pos=+29.31
DEBUG 2026-08-19 07:32:53 [action #55] t=3.41s step=2319 queue=20 dmax=2.883 | shoulder_pan.pos=-45.08 shoulder_lift.pos=+40.07 elbow_flex.pos=-23.58 wrist_flex.pos=+78.83 wrist_roll.pos=+3.80 gripper.pos=+26.42
DEBUG 2026-08-19 07:32:53 [action #56] t=3.44s step=2320 queue=19 dmax=3.519 | shoulder_pan.pos=-44.75 shoulder_lift.pos=+39.94 elbow_flex.pos=-24.41 wrist_flex.pos=+79.12 wrist_roll.pos=+3.69 gripper.pos=+22.90
DEBUG 2026-08-19 07:32:53 [action #57] t=3.48s step=2321 queue=18 dmax=3.551 | shoulder_pan.pos=-44.57 shoulder_lift.pos=+40.33 elbow_flex.pos=-25.26 wrist_flex.pos=+79.28 wrist_roll.pos=+3.55 gripper.pos=+19.35
DEBUG 2026-08-19 07:32:53 [action #58] t=3.51s step=2322 queue=17 dmax=3.212 | shoulder_pan.pos=-44.18 shoulder_lift.pos=+40.34 elbow_flex.pos=-25.09 wrist_flex.pos=+79.64 wrist_roll.pos=+3.44 gripper.pos=+16.14
DEBUG 2026-08-19 07:32:53 [action #59] t=3.54s step=2323 queue=16 dmax=2.654 | shoulder_pan.pos=-44.16 shoulder_lift.pos=+40.29 elbow_flex.pos=-26.48 wrist_flex.pos=+79.78 wrist_roll.pos=+3.25 gripper.pos=+13.49
DEBUG 2026-08-19 07:32:53 [action #60] t=3.58s step=2324 queue=15 dmax=1.679 | shoulder_pan.pos=-43.62 shoulder_lift.pos=+40.44 elbow_flex.pos=-27.67 wrist_flex.pos=+80.22 wrist_roll.pos=+2.93 gripper.pos=+11.81
DEBUG 2026-08-19 07:32:53 [action #61] t=3.61s step=2325 queue=14 dmax=1.025 | shoulder_pan.pos=-43.37 shoulder_lift.pos=+40.79 elbow_flex.pos=-27.45 wrist_flex.pos=+80.41 wrist_roll.pos=+2.70 gripper.pos=+10.78
DEBUG 2026-08-19 07:32:54 [action #62] t=3.65s step=2326 queue=13 dmax=0.517 | shoulder_pan.pos=-43.36 shoulder_lift.pos=+40.45 elbow_flex.pos=-27.87 wrist_flex.pos=+80.92 wrist_roll.pos=+2.25 gripper.pos=+10.29
DEBUG 2026-08-19 07:32:54 [action #63] t=3.68s step=2327 queue=12 dmax=1.073 | shoulder_pan.pos=-42.91 shoulder_lift.pos=+40.10 elbow_flex.pos=-28.94 wrist_flex.pos=+81.42 wrist_roll.pos=+1.84 gripper.pos=+10.02
DEBUG 2026-08-19 07:32:54 [action #64] t=3.71s step=2328 queue=11 dmax=0.957 | shoulder_pan.pos=-42.77 shoulder_lift.pos=+39.93 elbow_flex.pos=-29.90 wrist_flex.pos=+81.97 wrist_roll.pos=+1.45 gripper.pos=+9.74
DEBUG 2026-08-19 07:32:54 [action #65] t=3.75s step=2329 queue=10 dmax=0.631 | shoulder_pan.pos=-42.63 shoulder_lift.pos=+39.88 elbow_flex.pos=-29.98 wrist_flex.pos=+82.60 wrist_roll.pos=+1.05 gripper.pos=+9.39
DEBUG 2026-08-19 07:32:54 [action #66] t=3.78s step=2330 queue=9 dmax=0.713 | shoulder_pan.pos=-42.43 shoulder_lift.pos=+39.79 elbow_flex.pos=-30.69 wrist_flex.pos=+83.06 wrist_roll.pos=+0.59 gripper.pos=+8.95
DEBUG 2026-08-19 07:32:54 [action #67] t=3.81s step=2331 queue=8 dmax=1.406 | shoulder_pan.pos=-42.06 shoulder_lift.pos=+39.38 elbow_flex.pos=-32.10 wrist_flex.pos=+83.67 wrist_roll.pos=+0.15 gripper.pos=+8.53
DEBUG 2026-08-19 07:32:54 [action #68] t=3.85s step=2332 queue=7 dmax=0.559 | shoulder_pan.pos=-41.80 shoulder_lift.pos=+38.82 elbow_flex.pos=-31.67 wrist_flex.pos=+83.90 wrist_roll.pos=-0.31 gripper.pos=+8.30
DEBUG 2026-08-19 07:32:54 [action #69] t=3.88s step=2333 queue=6 dmax=1.134 | shoulder_pan.pos=-41.52 shoulder_lift.pos=+39.15 elbow_flex.pos=-32.81 wrist_flex.pos=+84.50 wrist_roll.pos=-0.95 gripper.pos=+8.10
DEBUG 2026-08-19 07:32:54 [action #70] t=3.91s step=2334 queue=5 dmax=0.784 | shoulder_pan.pos=-41.09 shoulder_lift.pos=+38.36 elbow_flex.pos=-33.56 wrist_flex.pos=+85.04 wrist_roll.pos=-1.50 gripper.pos=+7.75
DEBUG 2026-08-19 07:32:54 [action #71] t=3.95s step=2335 queue=4 dmax=0.757 | shoulder_pan.pos=-40.78 shoulder_lift.pos=+37.78 elbow_flex.pos=-34.32 wrist_flex.pos=+85.62 wrist_roll.pos=-1.97 gripper.pos=+7.61
DEBUG 2026-08-19 07:32:54 [action #72] t=3.98s step=2336 queue=3 dmax=0.836 | shoulder_pan.pos=-40.04 shoulder_lift.pos=+36.94 elbow_flex.pos=-34.90 wrist_flex.pos=+86.40 wrist_roll.pos=-2.37 gripper.pos=+7.40
DEBUG 2026-08-19 07:32:54 [action #73] t=4.01s step=2337 queue=2 dmax=1.130 | shoulder_pan.pos=-39.35 shoulder_lift.pos=+36.37 elbow_flex.pos=-36.03 wrist_flex.pos=+87.34 wrist_roll.pos=-2.82 gripper.pos=+7.30
DEBUG 2026-08-19 07:32:54 [action #74] t=4.05s step=2338 queue=1 dmax=0.876 | shoulder_pan.pos=-38.89 shoulder_lift.pos=+35.99 elbow_flex.pos=-36.80 wrist_flex.pos=+88.22 wrist_roll.pos=-3.25 gripper.pos=+7.19
DEBUG 2026-08-19 07:32:54 [chunk] received 50 actions, timesteps 2316..2365 | first: shoulder_pan.pos=-49.54 shoulder_lift.pos=+32.50 elbow_flex.pos=-15.17 wrist_flex.pos=+79.25 wrist_roll.pos=+5.07 gripper.pos=+35.38 | last: shoulder_pan.pos=-27.20 shoulder_lift.pos=+7.13 elbow_flex.pos=-36.29 wrist_flex.pos=+93.39 wrist_roll.pos=-8.25 gripper.pos=+7.37
DEBUG 2026-08-19 07:32:54 [action #75] t=4.25s step=2339 queue=27 dmax=10.324 | shoulder_pan.pos=-47.74 shoulder_lift.pos=+32.01 elbow_flex.pos=-26.48 wrist_flex.pos=+85.04 wrist_roll.pos=-2.57 gripper.pos=+7.33
DEBUG 2026-08-19 07:32:54 [action #76] t=4.28s step=2340 queue=26 dmax=1.103 | shoulder_pan.pos=-47.50 shoulder_lift.pos=+30.91 elbow_flex.pos=-26.82 wrist_flex.pos=+85.73 wrist_roll.pos=-3.07 gripper.pos=+7.43
DEBUG 2026-08-19 07:32:54 [action #77] t=4.31s step=2341 queue=25 dmax=0.884 | shoulder_pan.pos=-47.35 shoulder_lift.pos=+30.03 elbow_flex.pos=-26.85 wrist_flex.pos=+86.16 wrist_roll.pos=-3.09 gripper.pos=+7.45
DEBUG 2026-08-19 07:32:54 [action #78] t=4.35s step=2342 queue=24 dmax=1.130 | shoulder_pan.pos=-46.80 shoulder_lift.pos=+28.90 elbow_flex.pos=-27.93 wrist_flex.pos=+86.56 wrist_roll.pos=-3.45 gripper.pos=+7.56
DEBUG 2026-08-19 07:32:54 [action #79] t=4.38s step=2343 queue=23 dmax=1.178 | shoulder_pan.pos=-45.62 shoulder_lift.pos=+28.12 elbow_flex.pos=-27.63 wrist_flex.pos=+86.90 wrist_roll.pos=-3.58 gripper.pos=+7.58
DEBUG 2026-08-19 07:32:54 [action #80] t=4.41s step=2344 queue=22 dmax=1.406 | shoulder_pan.pos=-45.82 shoulder_lift.pos=+27.28 elbow_flex.pos=-29.04 wrist_flex.pos=+87.52 wrist_roll.pos=-3.82 gripper.pos=+7.46
DEBUG 2026-08-19 07:32:54 [action #81] t=4.45s step=2345 queue=21 dmax=1.320 | shoulder_pan.pos=-44.50 shoulder_lift.pos=+26.27 elbow_flex.pos=-28.93 wrist_flex.pos=+87.69 wrist_roll.pos=-3.65 gripper.pos=+7.36
DEBUG 2026-08-19 07:32:54 [action #82] t=4.48s step=2346 queue=20 dmax=0.533 | shoulder_pan.pos=-43.96 shoulder_lift.pos=+26.00 elbow_flex.pos=-29.34 wrist_flex.pos=+88.13 wrist_roll.pos=-3.85 gripper.pos=+7.36
DEBUG 2026-08-19 07:32:54 [action #83] t=4.51s step=2347 queue=19 dmax=1.411 | shoulder_pan.pos=-43.56 shoulder_lift.pos=+24.59 elbow_flex.pos=-30.02 wrist_flex.pos=+88.33 wrist_roll.pos=-3.81 gripper.pos=+7.30
DEBUG 2026-08-19 07:32:54 [action #84] t=4.55s step=2348 queue=18 dmax=1.367 | shoulder_pan.pos=-42.72 shoulder_lift.pos=+23.23 elbow_flex.pos=-30.43 wrist_flex.pos=+88.87 wrist_roll.pos=-3.99 gripper.pos=+7.38
DEBUG 2026-08-19 07:32:54 [action #85] t=4.58s step=2349 queue=17 dmax=1.466 | shoulder_pan.pos=-42.40 shoulder_lift.pos=+21.76 elbow_flex.pos=-30.58 wrist_flex.pos=+89.27 wrist_roll.pos=-4.13 gripper.pos=+7.42
DEBUG 2026-08-19 07:32:54 [action #86] t=4.62s step=2350 queue=16 dmax=1.014 | shoulder_pan.pos=-41.74 shoulder_lift.pos=+21.66 elbow_flex.pos=-31.59 wrist_flex.pos=+89.67 wrist_roll.pos=-4.38 gripper.pos=+7.50
DEBUG 2026-08-19 07:32:55 [action #87] t=4.65s step=2351 queue=15 dmax=1.941 | shoulder_pan.pos=-41.06 shoulder_lift.pos=+19.72 elbow_flex.pos=-31.11 wrist_flex.pos=+90.15 wrist_roll.pos=-4.85 gripper.pos=+7.50
DEBUG 2026-08-19 07:32:55 [action #88] t=4.68s step=2352 queue=14 dmax=0.933 | shoulder_pan.pos=-40.30 shoulder_lift.pos=+19.78 elbow_flex.pos=-32.04 wrist_flex.pos=+90.44 wrist_roll.pos=-5.17 gripper.pos=+7.55
DEBUG 2026-08-19 07:32:55 [action #89] t=4.72s step=2353 queue=13 dmax=1.462 | shoulder_pan.pos=-39.70 shoulder_lift.pos=+18.32 elbow_flex.pos=-32.66 wrist_flex.pos=+90.85 wrist_roll.pos=-5.62 gripper.pos=+7.45
DEBUG 2026-08-19 07:32:55 [action #90] t=4.75s step=2354 queue=12 dmax=1.229 | shoulder_pan.pos=-38.47 shoulder_lift.pos=+17.18 elbow_flex.pos=-32.26 wrist_flex.pos=+91.03 wrist_roll.pos=-5.85 gripper.pos=+7.50
DEBUG 2026-08-19 07:32:55 [action #91] t=4.78s step=2355 queue=11 dmax=0.980 | shoulder_pan.pos=-37.69 shoulder_lift.pos=+16.22 elbow_flex.pos=-33.24 wrist_flex.pos=+91.34 wrist_roll.pos=-6.07 gripper.pos=+7.55
DEBUG 2026-08-19 07:32:55 [action #92] t=4.82s step=2356 queue=10 dmax=1.468 | shoulder_pan.pos=-36.65 shoulder_lift.pos=+14.75 elbow_flex.pos=-32.12 wrist_flex.pos=+91.87 wrist_roll.pos=-6.46 gripper.pos=+7.34
DEBUG 2026-08-19 07:32:55 [action #93] t=4.85s step=2357 queue=9 dmax=1.230 | shoulder_pan.pos=-35.84 shoulder_lift.pos=+13.52 elbow_flex.pos=-32.91 wrist_flex.pos=+91.96 wrist_roll.pos=-6.59 gripper.pos=+7.48
DEBUG 2026-08-19 07:32:55 [action #94] t=4.88s step=2358 queue=8 dmax=1.023 | shoulder_pan.pos=-34.86 shoulder_lift.pos=+12.50 elbow_flex.pos=-33.14 wrist_flex.pos=+92.21 wrist_roll.pos=-6.96 gripper.pos=+7.39
DEBUG 2026-08-19 07:32:55 [action #95] t=4.92s step=2359 queue=7 dmax=1.414 | shoulder_pan.pos=-33.44 shoulder_lift.pos=+12.21 elbow_flex.pos=-33.83 wrist_flex.pos=+92.30 wrist_roll.pos=-7.16 gripper.pos=+7.58
DEBUG 2026-08-19 07:32:55 [action #96] t=4.95s step=2360 queue=6 dmax=1.057 | shoulder_pan.pos=-32.38 shoulder_lift.pos=+11.63 elbow_flex.pos=-34.45 wrist_flex.pos=+92.73 wrist_roll.pos=-7.42 gripper.pos=+7.43
DEBUG 2026-08-19 07:32:55 [action #97] t=4.98s step=2361 queue=5 dmax=1.612 | shoulder_pan.pos=-31.37 shoulder_lift.pos=+10.02 elbow_flex.pos=-34.18 wrist_flex.pos=+92.84 wrist_roll.pos=-7.48 gripper.pos=+7.41
DEBUG 2026-08-19 07:32:55 [action #98] t=5.02s step=2362 queue=4 dmax=1.042 | shoulder_pan.pos=-30.33 shoulder_lift.pos=+9.11 elbow_flex.pos=-34.75 wrist_flex.pos=+93.08 wrist_roll.pos=-7.72 gripper.pos=+7.31
DEBUG 2026-08-19 07:32:55 [action #99] t=5.05s step=2363 queue=3 dmax=1.229 | shoulder_pan.pos=-29.10 shoulder_lift.pos=+8.34 elbow_flex.pos=-35.02 wrist_flex.pos=+93.26 wrist_roll.pos=-7.84 gripper.pos=+7.25
DEBUG 2026-08-19 07:32:55 [action #100] t=5.08s step=2364 queue=2 dmax=1.179 | shoulder_pan.pos=-28.09 shoulder_lift.pos=+7.76 elbow_flex.pos=-36.20 wrist_flex.pos=+93.38 wrist_roll.pos=-8.11 gripper.pos=+7.22
DEBUG 2026-08-19 07:32:55 [action #101] t=5.12s step=2365 queue=1 dmax=0.892 | shoulder_pan.pos=-27.20 shoulder_lift.pos=+7.13 elbow_flex.pos=-36.29 wrist_flex.pos=+93.39 wrist_roll.pos=-8.25 gripper.pos=+7.37
DEBUG 2026-08-19 07:32:55 [chunk] received 50 actions, timesteps 2338..2387 | first: shoulder_pan.pos=-42.06 shoulder_lift.pos=+42.46 elbow_flex.pos=-39.72 wrist_flex.pos=+91.19 wrist_roll.pos=-3.71 gripper.pos=+3.83 | last: shoulder_pan.pos=-0.43 shoulder_lift.pos=+25.14 elbow_flex.pos=-58.20 wrist_flex.pos=+100.16 wrist_roll.pos=-7.73 gripper.pos=+4.94
DEBUG 2026-08-19 07:32:55 [action #102] t=5.25s step=2366 queue=22 dmax=18.590 | shoulder_pan.pos=-25.86 shoulder_lift.pos=+25.72 elbow_flex.pos=-50.49 wrist_flex.pos=+98.93 wrist_roll.pos=-5.06 gripper.pos=+4.49
DEBUG 2026-08-19 07:32:55 [action #103] t=5.28s step=2367 queue=21 dmax=1.296 | shoulder_pan.pos=-24.56 shoulder_lift.pos=+25.50 elbow_flex.pos=-49.59 wrist_flex.pos=+98.61 wrist_roll.pos=-5.05 gripper.pos=+4.66
DEBUG 2026-08-19 07:32:55 [action #104] t=5.32s step=2368 queue=20 dmax=1.767 | shoulder_pan.pos=-22.79 shoulder_lift.pos=+25.25 elbow_flex.pos=-50.24 wrist_flex.pos=+98.83 wrist_roll.pos=-4.93 gripper.pos=+4.65
DEBUG 2026-08-19 07:32:55 [action #105] t=5.35s step=2369 queue=19 dmax=1.183 | shoulder_pan.pos=-21.61 shoulder_lift.pos=+24.96 elbow_flex.pos=-50.42 wrist_flex.pos=+98.98 wrist_roll.pos=-4.94 gripper.pos=+4.56
DEBUG 2026-08-19 07:32:55 [action #106] t=5.38s step=2370 queue=18 dmax=1.523 | shoulder_pan.pos=-20.09 shoulder_lift.pos=+25.48 elbow_flex.pos=-50.71 wrist_flex.pos=+99.01 wrist_roll.pos=-5.13 gripper.pos=+4.67
DEBUG 2026-08-19 07:32:55 [action #107] t=5.42s step=2371 queue=17 dmax=1.696 | shoulder_pan.pos=-18.39 shoulder_lift.pos=+24.98 elbow_flex.pos=-51.04 wrist_flex.pos=+99.18 wrist_roll.pos=-5.04 gripper.pos=+4.65
DEBUG 2026-08-19 07:32:55 [action #108] t=5.45s step=2372 queue=16 dmax=1.178 | shoulder_pan.pos=-17.21 shoulder_lift.pos=+24.99 elbow_flex.pos=-51.16 wrist_flex.pos=+99.25 wrist_roll.pos=-5.12 gripper.pos=+4.70
DEBUG 2026-08-19 07:32:55 [action #109] t=5.48s step=2373 queue=15 dmax=1.308 | shoulder_pan.pos=-15.91 shoulder_lift.pos=+25.18 elbow_flex.pos=-51.57 wrist_flex.pos=+99.09 wrist_roll.pos=-5.24 gripper.pos=+4.88
DEBUG 2026-08-19 07:32:55 [action #110] t=5.52s step=2374 queue=14 dmax=1.491 | shoulder_pan.pos=-14.41 shoulder_lift.pos=+25.19 elbow_flex.pos=-52.29 wrist_flex.pos=+99.05 wrist_roll.pos=-5.38 gripper.pos=+4.90
DEBUG 2026-08-19 07:32:55 [action #111] t=5.55s step=2375 queue=13 dmax=0.962 | shoulder_pan.pos=-13.45 shoulder_lift.pos=+25.17 elbow_flex.pos=-52.51 wrist_flex.pos=+99.09 wrist_roll.pos=-5.47 gripper.pos=+4.84
DEBUG 2026-08-19 07:32:55 [action #112] t=5.58s step=2376 queue=12 dmax=0.953 | shoulder_pan.pos=-12.50 shoulder_lift.pos=+25.32 elbow_flex.pos=-53.00 wrist_flex.pos=+99.17 wrist_roll.pos=-5.80 gripper.pos=+4.76
DEBUG 2026-08-19 07:32:55 [action #113] t=5.62s step=2377 queue=11 dmax=1.243 | shoulder_pan.pos=-11.26 shoulder_lift.pos=+25.26 elbow_flex.pos=-53.62 wrist_flex.pos=+99.49 wrist_roll.pos=-6.01 gripper.pos=+4.81
DEBUG 2026-08-19 07:32:56 [action #114] t=5.65s step=2378 queue=10 dmax=1.011 | shoulder_pan.pos=-10.24 shoulder_lift.pos=+25.54 elbow_flex.pos=-54.15 wrist_flex.pos=+99.37 wrist_roll.pos=-6.28 gripper.pos=+4.90
DEBUG 2026-08-19 07:32:56 [action #115] t=5.69s step=2379 queue=9 dmax=1.421 | shoulder_pan.pos=-8.82 shoulder_lift.pos=+25.57 elbow_flex.pos=-54.70 wrist_flex.pos=+99.40 wrist_roll.pos=-6.52 gripper.pos=+4.86
DEBUG 2026-08-19 07:32:56 [action #116] t=5.72s step=2380 queue=8 dmax=1.039 | shoulder_pan.pos=-7.78 shoulder_lift.pos=+25.32 elbow_flex.pos=-55.30 wrist_flex.pos=+99.30 wrist_roll.pos=-6.83 gripper.pos=+4.95
DEBUG 2026-08-19 07:32:56 [action #117] t=5.75s step=2381 queue=7 dmax=1.043 | shoulder_pan.pos=-6.74 shoulder_lift.pos=+25.47 elbow_flex.pos=-55.95 wrist_flex.pos=+99.64 wrist_roll.pos=-6.98 gripper.pos=+4.80
DEBUG 2026-08-19 07:32:56 [action #118] t=5.79s step=2382 queue=6 dmax=1.237 | shoulder_pan.pos=-5.50 shoulder_lift.pos=+25.27 elbow_flex.pos=-56.48 wrist_flex.pos=+99.64 wrist_roll.pos=-7.17 gripper.pos=+4.76
DEBUG 2026-08-19 07:32:56 [action #119] t=5.82s step=2383 queue=5 dmax=1.001 | shoulder_pan.pos=-4.50 shoulder_lift.pos=+24.58 elbow_flex.pos=-57.35 wrist_flex.pos=+99.60 wrist_roll.pos=-7.31 gripper.pos=+4.82
DEBUG 2026-08-19 07:32:56 [action #120] t=5.85s step=2384 queue=4 dmax=0.699 | shoulder_pan.pos=-3.80 shoulder_lift.pos=+25.19 elbow_flex.pos=-57.48 wrist_flex.pos=+99.74 wrist_roll.pos=-7.50 gripper.pos=+4.78
DEBUG 2026-08-19 07:32:56 [action #121] t=5.89s step=2385 queue=3 dmax=1.569 | shoulder_pan.pos=-2.23 shoulder_lift.pos=+24.95 elbow_flex.pos=-57.47 wrist_flex.pos=+99.78 wrist_roll.pos=-7.41 gripper.pos=+4.89
DEBUG 2026-08-19 07:32:56 [action #122] t=5.92s step=2386 queue=2 dmax=0.719 | shoulder_pan.pos=-1.52 shoulder_lift.pos=+25.66 elbow_flex.pos=-58.06 wrist_flex.pos=+99.98 wrist_roll.pos=-7.62 gripper.pos=+4.99
DEBUG 2026-08-19 07:32:56 [action #123] t=5.95s step=2387 queue=1 dmax=1.083 | shoulder_pan.pos=-0.43 shoulder_lift.pos=+25.14 elbow_flex.pos=-58.20 wrist_flex.pos=+100.16 wrist_roll.pos=-7.73 gripper.pos=+4.94
DEBUG 2026-08-19 07:32:56 [chunk] received 50 actions, timesteps 2365..2414 | first: shoulder_pan.pos=-29.40 shoulder_lift.pos=+10.10 elbow_flex.pos=-33.76 wrist_flex.pos=+100.17 wrist_roll.pos=-6.86 gripper.pos=+4.97 | last: shoulder_pan.pos=-34.00 shoulder_lift.pos=+21.99 elbow_flex.pos=-21.28 wrist_flex.pos=+88.14 wrist_roll.pos=+5.50 gripper.pos=+36.34
DEBUG 2026-08-19 07:32:56 [action #124] t=6.15s step=2388 queue=27 dmax=35.938 | shoulder_pan.pos=-31.27 shoulder_lift.pos=+12.55 elbow_flex.pos=-22.27 wrist_flex.pos=+96.12 wrist_roll.pos=-2.99 gripper.pos=+34.87
DEBUG 2026-08-19 07:32:56 [action #125] t=6.19s step=2389 queue=26 dmax=0.946 | shoulder_pan.pos=-31.19 shoulder_lift.pos=+12.51 elbow_flex.pos=-21.32 wrist_flex.pos=+95.38 wrist_roll.pos=-3.02 gripper.pos=+35.27
DEBUG 2026-08-19 07:32:56 [action #126] t=6.22s step=2390 queue=25 dmax=0.915 | shoulder_pan.pos=-31.14 shoulder_lift.pos=+13.00 elbow_flex.pos=-20.40 wrist_flex.pos=+94.64 wrist_roll.pos=-2.84 gripper.pos=+35.58
DEBUG 2026-08-19 07:32:56 [action #127] t=6.25s step=2391 queue=24 dmax=1.117 | shoulder_pan.pos=-31.52 shoulder_lift.pos=+12.58 elbow_flex.pos=-19.29 wrist_flex.pos=+94.01 wrist_roll.pos=-2.71 gripper.pos=+35.78
DEBUG 2026-08-19 07:32:56 [action #128] t=6.29s step=2392 queue=23 dmax=0.642 | shoulder_pan.pos=-31.87 shoulder_lift.pos=+12.47 elbow_flex.pos=-19.51 wrist_flex.pos=+93.37 wrist_roll.pos=-2.42 gripper.pos=+36.10
DEBUG 2026-08-19 07:32:56 [action #129] t=6.32s step=2393 queue=22 dmax=0.690 | shoulder_pan.pos=-31.47 shoulder_lift.pos=+12.26 elbow_flex.pos=-18.82 wrist_flex.pos=+92.92 wrist_roll.pos=-2.34 gripper.pos=+36.58
DEBUG 2026-08-19 07:32:56 [action #130] t=6.35s step=2394 queue=21 dmax=0.513 | shoulder_pan.pos=-31.99 shoulder_lift.pos=+12.01 elbow_flex.pos=-18.74 wrist_flex.pos=+92.72 wrist_roll.pos=-2.13 gripper.pos=+36.76
DEBUG 2026-08-19 07:32:56 [action #131] t=6.39s step=2395 queue=20 dmax=0.287 | shoulder_pan.pos=-31.95 shoulder_lift.pos=+12.24 elbow_flex.pos=-19.00 wrist_flex.pos=+92.51 wrist_roll.pos=-1.84 gripper.pos=+36.86
DEBUG 2026-08-19 07:32:56 [action #132] t=6.42s step=2396 queue=19 dmax=1.053 | shoulder_pan.pos=-32.14 shoulder_lift.pos=+13.29 elbow_flex.pos=-18.24 wrist_flex.pos=+92.43 wrist_roll.pos=-1.49 gripper.pos=+37.08
DEBUG 2026-08-19 07:32:56 [action #133] t=6.45s step=2397 queue=18 dmax=0.674 | shoulder_pan.pos=-32.23 shoulder_lift.pos=+13.01 elbow_flex.pos=-18.91 wrist_flex.pos=+92.02 wrist_roll.pos=-1.18 gripper.pos=+36.94
DEBUG 2026-08-19 07:32:56 [action #134] t=6.49s step=2398 queue=17 dmax=0.512 | shoulder_pan.pos=-32.37 shoulder_lift.pos=+13.52 elbow_flex.pos=-18.90 wrist_flex.pos=+92.19 wrist_roll.pos=-0.78 gripper.pos=+36.89
DEBUG 2026-08-19 07:32:56 [action #135] t=6.52s step=2399 queue=16 dmax=0.834 | shoulder_pan.pos=-32.48 shoulder_lift.pos=+14.35 elbow_flex.pos=-19.27 wrist_flex.pos=+91.87 wrist_roll.pos=-0.24 gripper.pos=+36.87
DEBUG 2026-08-19 07:32:56 [action #136] t=6.55s step=2400 queue=15 dmax=0.985 | shoulder_pan.pos=-32.57 shoulder_lift.pos=+15.34 elbow_flex.pos=-19.57 wrist_flex.pos=+91.85 wrist_roll.pos=+0.48 gripper.pos=+36.90
DEBUG 2026-08-19 07:32:56 [action #137] t=6.60s step=2401 queue=14 dmax=0.743 | shoulder_pan.pos=-32.44 shoulder_lift.pos=+16.08 elbow_flex.pos=-19.89 wrist_flex.pos=+91.58 wrist_roll.pos=+1.22 gripper.pos=+36.90
DEBUG 2026-08-19 07:32:56 [action #138] t=6.63s step=2402 queue=13 dmax=0.664 | shoulder_pan.pos=-32.84 shoulder_lift.pos=+16.32 elbow_flex.pos=-20.36 wrist_flex.pos=+91.32 wrist_roll.pos=+1.88 gripper.pos=+36.79
DEBUG 2026-08-19 07:32:57 [action #139] t=6.67s step=2403 queue=12 dmax=0.731 | shoulder_pan.pos=-33.01 shoulder_lift.pos=+17.05 elbow_flex.pos=-20.15 wrist_flex.pos=+91.10 wrist_roll.pos=+2.46 gripper.pos=+36.77
DEBUG 2026-08-19 07:32:57 [action #140] t=6.70s step=2404 queue=11 dmax=0.475 | shoulder_pan.pos=-33.21 shoulder_lift.pos=+17.53 elbow_flex.pos=-20.58 wrist_flex.pos=+90.92 wrist_roll.pos=+2.84 gripper.pos=+36.81
DEBUG 2026-08-19 07:32:57 [action #141] t=6.73s step=2405 queue=10 dmax=1.061 | shoulder_pan.pos=-33.07 shoulder_lift.pos=+18.59 elbow_flex.pos=-20.92 wrist_flex.pos=+90.26 wrist_roll.pos=+3.12 gripper.pos=+36.74
DEBUG 2026-08-19 07:32:57 [action #142] t=6.77s step=2406 queue=9 dmax=1.202 | shoulder_pan.pos=-33.33 shoulder_lift.pos=+19.79 elbow_flex.pos=-20.45 wrist_flex.pos=+90.37 wrist_roll.pos=+3.28 gripper.pos=+36.73
DEBUG 2026-08-19 07:32:57 [action #143] t=6.80s step=2407 queue=8 dmax=0.570 | shoulder_pan.pos=-33.42 shoulder_lift.pos=+19.78 elbow_flex.pos=-20.52 wrist_flex.pos=+89.80 wrist_roll.pos=+3.51 gripper.pos=+36.63
DEBUG 2026-08-19 07:32:57 [action #144] t=6.83s step=2408 queue=7 dmax=0.989 | shoulder_pan.pos=-33.52 shoulder_lift.pos=+19.76 elbow_flex.pos=-21.51 wrist_flex.pos=+89.68 wrist_roll.pos=+3.89 gripper.pos=+36.60
DEBUG 2026-08-19 07:32:57 [action #145] t=6.87s step=2409 queue=6 dmax=0.462 | shoulder_pan.pos=-33.54 shoulder_lift.pos=+20.22 elbow_flex.pos=-21.33 wrist_flex.pos=+89.45 wrist_roll.pos=+4.09 gripper.pos=+36.44
DEBUG 2026-08-19 07:32:57 [action #146] t=6.90s step=2410 queue=5 dmax=1.138 | shoulder_pan.pos=-33.63 shoulder_lift.pos=+21.36 elbow_flex.pos=-21.04 wrist_flex.pos=+89.22 wrist_roll.pos=+4.39 gripper.pos=+36.38
DEBUG 2026-08-19 07:32:57 [action #147] t=6.94s step=2411 queue=4 dmax=0.527 | shoulder_pan.pos=-34.16 shoulder_lift.pos=+21.53 elbow_flex.pos=-20.81 wrist_flex.pos=+89.17 wrist_roll.pos=+4.73 gripper.pos=+36.32
DEBUG 2026-08-19 07:32:57 [action #148] t=6.97s step=2412 queue=3 dmax=0.622 | shoulder_pan.pos=-33.88 shoulder_lift.pos=+20.91 elbow_flex.pos=-21.43 wrist_flex.pos=+88.73 wrist_roll.pos=+4.95 gripper.pos=+36.20
DEBUG 2026-08-19 07:32:57 [action #149] t=7.00s step=2413 queue=2 dmax=0.382 | shoulder_pan.pos=-33.76 shoulder_lift.pos=+21.29 elbow_flex.pos=-21.39 wrist_flex.pos=+88.43 wrist_roll.pos=+5.20 gripper.pos=+36.26
DEBUG 2026-08-19 07:32:57 [action #150] t=7.04s step=2414 queue=1 dmax=0.704 | shoulder_pan.pos=-34.00 shoulder_lift.pos=+21.99 elbow_flex.pos=-21.28 wrist_flex.pos=+88.14 wrist_roll.pos=+5.50 gripper.pos=+36.34
DEBUG 2026-08-19 07:32:57 [chunk] received 50 actions, timesteps 2387..2436 | first: shoulder_pan.pos=-3.84 shoulder_lift.pos=+19.41 elbow_flex.pos=-53.82 wrist_flex.pos=+102.18 wrist_roll.pos=-7.73 gripper.pos=+2.84 | last: shoulder_pan.pos=-26.36 shoulder_lift.pos=-8.46 elbow_flex.pos=+9.54 wrist_flex.pos=+84.84 wrist_roll.pos=-5.97 gripper.pos=+0.15
DEBUG 2026-08-19 07:32:57 [action #151] t=7.17s step=2415 queue=22 dmax=35.935 | shoulder_pan.pos=-27.03 shoulder_lift.pos=-9.99 elbow_flex.pos=-5.22 wrist_flex.pos=+99.17 wrist_roll.pos=-9.66 gripper.pos=+0.40
DEBUG 2026-08-19 07:32:57 [action #152] t=7.20s step=2416 queue=21 dmax=1.472 | shoulder_pan.pos=-27.35 shoulder_lift.pos=-10.29 elbow_flex.pos=-3.74 wrist_flex.pos=+98.52 wrist_roll.pos=-9.66 gripper.pos=+0.33
DEBUG 2026-08-19 07:32:57 [action #153] t=7.24s step=2417 queue=20 dmax=0.835 | shoulder_pan.pos=-27.72 shoulder_lift.pos=-10.77 elbow_flex.pos=-2.95 wrist_flex.pos=+97.68 wrist_roll.pos=-9.64 gripper.pos=+0.22
DEBUG 2026-08-19 07:32:57 [action #154] t=7.27s step=2418 queue=19 dmax=1.091 | shoulder_pan.pos=-27.91 shoulder_lift.pos=-10.78 elbow_flex.pos=-1.86 wrist_flex.pos=+96.71 wrist_roll.pos=-9.67 gripper.pos=+0.23
DEBUG 2026-08-19 07:32:57 [action #155] t=7.30s step=2419 queue=18 dmax=0.827 | shoulder_pan.pos=-27.92 shoulder_lift.pos=-10.68 elbow_flex.pos=-1.12 wrist_flex.pos=+95.88 wrist_roll.pos=-9.64 gripper.pos=+0.24
DEBUG 2026-08-19 07:32:57 [action #156] t=7.34s step=2420 queue=17 dmax=1.263 | shoulder_pan.pos=-27.99 shoulder_lift.pos=-10.93 elbow_flex.pos=+0.14 wrist_flex.pos=+95.09 wrist_roll.pos=-9.60 gripper.pos=+0.18
DEBUG 2026-08-19 07:32:57 [action #157] t=7.37s step=2421 queue=16 dmax=0.996 | shoulder_pan.pos=-27.75 shoulder_lift.pos=-11.14 elbow_flex.pos=+1.13 wrist_flex.pos=+94.29 wrist_roll.pos=-9.58 gripper.pos=+0.21
DEBUG 2026-08-19 07:32:57 [action #158] t=7.40s step=2422 queue=15 dmax=0.725 | shoulder_pan.pos=-27.79 shoulder_lift.pos=-10.99 elbow_flex.pos=+1.67 wrist_flex.pos=+93.56 wrist_roll.pos=-9.53 gripper.pos=+0.07
DEBUG 2026-08-19 07:32:57 [action #159] t=7.44s step=2423 queue=14 dmax=0.734 | shoulder_pan.pos=-27.75 shoulder_lift.pos=-11.12 elbow_flex.pos=+2.40 wrist_flex.pos=+93.10 wrist_roll.pos=-9.49 gripper.pos=+0.11
DEBUG 2026-08-19 07:32:57 [action #160] t=7.47s step=2424 queue=13 dmax=1.011 | shoulder_pan.pos=-27.58 shoulder_lift.pos=-11.06 elbow_flex.pos=+3.41 wrist_flex.pos=+92.48 wrist_roll.pos=-9.35 gripper.pos=+0.14
DEBUG 2026-08-19 07:32:57 [action #161] t=7.50s step=2425 queue=12 dmax=0.537 | shoulder_pan.pos=-27.43 shoulder_lift.pos=-10.75 elbow_flex.pos=+3.85 wrist_flex.pos=+91.95 wrist_roll.pos=-9.16 gripper.pos=+0.08
DEBUG 2026-08-19 07:32:57 [action #162] t=7.54s step=2426 queue=11 dmax=0.689 | shoulder_pan.pos=-27.41 shoulder_lift.pos=-10.81 elbow_flex.pos=+4.54 wrist_flex.pos=+91.30 wrist_roll.pos=-8.85 gripper.pos=+0.22
DEBUG 2026-08-19 07:32:57 [action #163] t=7.57s step=2427 queue=10 dmax=1.114 | shoulder_pan.pos=-27.29 shoulder_lift.pos=-10.78 elbow_flex.pos=+5.65 wrist_flex.pos=+90.66 wrist_roll.pos=-8.50 gripper.pos=+0.08
DEBUG 2026-08-19 07:32:57 [action #164] t=7.60s step=2428 queue=9 dmax=0.675 | shoulder_pan.pos=-27.22 shoulder_lift.pos=-10.51 elbow_flex.pos=+6.11 wrist_flex.pos=+89.98 wrist_roll.pos=-8.27 gripper.pos=+0.12
DEBUG 2026-08-19 07:32:57 [action #165] t=7.64s step=2429 queue=8 dmax=0.645 | shoulder_pan.pos=-27.08 shoulder_lift.pos=-10.58 elbow_flex.pos=+6.68 wrist_flex.pos=+89.34 wrist_roll.pos=-8.05 gripper.pos=+0.17
DEBUG 2026-08-19 07:32:58 [action #166] t=7.67s step=2430 queue=7 dmax=0.615 | shoulder_pan.pos=-26.75 shoulder_lift.pos=-10.61 elbow_flex.pos=+7.04 wrist_flex.pos=+88.72 wrist_roll.pos=-7.84 gripper.pos=+0.15
DEBUG 2026-08-19 07:32:58 [action #167] t=7.70s step=2431 queue=6 dmax=0.618 | shoulder_pan.pos=-26.83 shoulder_lift.pos=-10.17 elbow_flex.pos=+7.61 wrist_flex.pos=+88.10 wrist_roll.pos=-7.62 gripper.pos=+0.13
DEBUG 2026-08-19 07:32:58 [action #168] t=7.74s step=2432 queue=5 dmax=0.676 | shoulder_pan.pos=-26.60 shoulder_lift.pos=-10.41 elbow_flex.pos=+8.03 wrist_flex.pos=+87.43 wrist_roll.pos=-7.38 gripper.pos=+0.26
DEBUG 2026-08-19 07:32:58 [action #169] t=7.77s step=2433 queue=4 dmax=0.813 | shoulder_pan.pos=-26.63 shoulder_lift.pos=-9.91 elbow_flex.pos=+8.84 wrist_flex.pos=+86.79 wrist_roll.pos=-7.03 gripper.pos=+0.13
DEBUG 2026-08-19 07:32:58 [action #170] t=7.80s step=2434 queue=3 dmax=0.580 | shoulder_pan.pos=-26.58 shoulder_lift.pos=-9.33 elbow_flex.pos=+8.98 wrist_flex.pos=+86.30 wrist_roll.pos=-6.64 gripper.pos=+0.17
DEBUG 2026-08-19 07:32:58 [action #171] t=7.84s step=2435 queue=2 dmax=0.741 | shoulder_pan.pos=-26.35 shoulder_lift.pos=-9.17 elbow_flex.pos=+9.18 wrist_flex.pos=+85.56 wrist_roll.pos=-6.27 gripper.pos=+0.31
DEBUG 2026-08-19 07:32:58 [action #172] t=7.87s step=2436 queue=1 dmax=0.717 | shoulder_pan.pos=-26.36 shoulder_lift.pos=-8.46 elbow_flex.pos=+9.54 wrist_flex.pos=+84.84 wrist_roll.pos=-5.97 gripper.pos=+0.15
DEBUG 2026-08-19 07:32:58 [chunk] received 50 actions, timesteps 2414..2463 | first: shoulder_pan.pos=-39.80 shoulder_lift.pos=+23.89 elbow_flex.pos=-26.20 wrist_flex.pos=+92.76 wrist_roll.pos=+7.96 gripper.pos=+39.50 | last: shoulder_pan.pos=-32.32 shoulder_lift.pos=+16.80 elbow_flex.pos=-39.50 wrist_flex.pos=+96.84 wrist_roll.pos=+0.14 gripper.pos=+10.04
DEBUG 2026-08-19 07:32:58 [action #173] t=8.07s step=2437 queue=27 dmax=42.791 | shoulder_pan.pos=-39.97 shoulder_lift.pos=+34.33 elbow_flex.pos=-29.90 wrist_flex.pos=+88.38 wrist_roll.pos=+6.82 gripper.pos=+22.65
DEBUG 2026-08-19 07:32:58 [action #174] t=8.11s step=2438 queue=26 dmax=2.808 | shoulder_pan.pos=-40.10 shoulder_lift.pos=+33.84 elbow_flex.pos=-29.11 wrist_flex.pos=+88.57 wrist_roll.pos=+6.42 gripper.pos=+19.84
DEBUG 2026-08-19 07:32:58 [action #175] t=8.14s step=2439 queue=25 dmax=2.620 | shoulder_pan.pos=-39.65 shoulder_lift.pos=+33.76 elbow_flex.pos=-29.97 wrist_flex.pos=+88.34 wrist_roll.pos=+6.01 gripper.pos=+17.22
DEBUG 2026-08-19 07:32:58 [action #176] t=8.17s step=2440 queue=24 dmax=2.084 | shoulder_pan.pos=-39.81 shoulder_lift.pos=+34.04 elbow_flex.pos=-29.68 wrist_flex.pos=+88.40 wrist_roll.pos=+5.49 gripper.pos=+15.14
DEBUG 2026-08-19 07:32:58 [action #177] t=8.21s step=2441 queue=23 dmax=1.566 | shoulder_pan.pos=-39.59 shoulder_lift.pos=+33.36 elbow_flex.pos=-30.27 wrist_flex.pos=+88.32 wrist_roll.pos=+5.11 gripper.pos=+13.57
DEBUG 2026-08-19 07:32:58 [action #178] t=8.24s step=2442 queue=22 dmax=0.744 | shoulder_pan.pos=-39.50 shoulder_lift.pos=+33.60 elbow_flex.pos=-30.16 wrist_flex.pos=+88.41 wrist_roll.pos=+4.72 gripper.pos=+12.83
DEBUG 2026-08-19 07:32:58 [action #179] t=8.27s step=2443 queue=21 dmax=0.673 | shoulder_pan.pos=-39.26 shoulder_lift.pos=+32.92 elbow_flex.pos=-30.69 wrist_flex.pos=+88.70 wrist_roll.pos=+4.57 gripper.pos=+12.22
DEBUG 2026-08-19 07:32:58 [action #180] t=8.31s step=2444 queue=20 dmax=0.359 | shoulder_pan.pos=-39.15 shoulder_lift.pos=+32.93 elbow_flex.pos=-30.84 wrist_flex.pos=+88.76 wrist_roll.pos=+4.30 gripper.pos=+11.86
DEBUG 2026-08-19 07:32:58 [action #181] t=8.34s step=2445 queue=19 dmax=0.727 | shoulder_pan.pos=-39.05 shoulder_lift.pos=+32.87 elbow_flex.pos=-31.57 wrist_flex.pos=+88.99 wrist_roll.pos=+4.00 gripper.pos=+11.75
DEBUG 2026-08-19 07:32:58 [action #182] t=8.37s step=2446 queue=18 dmax=0.555 | shoulder_pan.pos=-38.85 shoulder_lift.pos=+32.75 elbow_flex.pos=-32.12 wrist_flex.pos=+89.34 wrist_roll.pos=+4.01 gripper.pos=+11.33
DEBUG 2026-08-19 07:32:58 [action #183] t=8.41s step=2447 queue=17 dmax=0.780 | shoulder_pan.pos=-38.67 shoulder_lift.pos=+31.97 elbow_flex.pos=-32.75 wrist_flex.pos=+89.76 wrist_roll.pos=+3.80 gripper.pos=+11.04
DEBUG 2026-08-19 07:32:58 [action #184] t=8.44s step=2448 queue=16 dmax=0.716 | shoulder_pan.pos=-38.78 shoulder_lift.pos=+32.68 elbow_flex.pos=-33.39 wrist_flex.pos=+90.19 wrist_roll.pos=+3.66 gripper.pos=+10.91
DEBUG 2026-08-19 07:32:58 [action #185] t=8.47s step=2449 queue=15 dmax=0.987 | shoulder_pan.pos=-38.37 shoulder_lift.pos=+32.22 elbow_flex.pos=-34.38 wrist_flex.pos=+90.53 wrist_roll.pos=+3.43 gripper.pos=+10.81
DEBUG 2026-08-19 07:32:58 [action #186] t=8.51s step=2450 queue=14 dmax=0.828 | shoulder_pan.pos=-38.04 shoulder_lift.pos=+31.39 elbow_flex.pos=-35.08 wrist_flex.pos=+91.31 wrist_roll.pos=+3.42 gripper.pos=+10.83
DEBUG 2026-08-19 07:32:58 [action #187] t=8.54s step=2451 queue=13 dmax=0.800 | shoulder_pan.pos=-37.84 shoulder_lift.pos=+30.90 elbow_flex.pos=-35.88 wrist_flex.pos=+91.94 wrist_roll.pos=+3.22 gripper.pos=+10.80
DEBUG 2026-08-19 07:32:58 [action #188] t=8.57s step=2452 queue=12 dmax=0.773 | shoulder_pan.pos=-37.49 shoulder_lift.pos=+30.12 elbow_flex.pos=-36.53 wrist_flex.pos=+92.57 wrist_roll.pos=+2.96 gripper.pos=+10.66
DEBUG 2026-08-19 07:32:58 [action #189] t=8.61s step=2453 queue=11 dmax=0.935 | shoulder_pan.pos=-37.53 shoulder_lift.pos=+29.27 elbow_flex.pos=-37.47 wrist_flex.pos=+93.41 wrist_roll.pos=+2.70 gripper.pos=+10.56
DEBUG 2026-08-19 07:32:59 [action #190] t=8.64s step=2454 queue=10 dmax=0.841 | shoulder_pan.pos=-37.05 shoulder_lift.pos=+28.42 elbow_flex.pos=-38.09 wrist_flex.pos=+93.96 wrist_roll.pos=+2.29 gripper.pos=+10.29
DEBUG 2026-08-19 07:32:59 [action #191] t=8.67s step=2455 queue=9 dmax=0.980 | shoulder_pan.pos=-37.02 shoulder_lift.pos=+27.44 elbow_flex.pos=-38.52 wrist_flex.pos=+94.55 wrist_roll.pos=+2.03 gripper.pos=+10.10
DEBUG 2026-08-19 07:32:59 [action #192] t=8.71s step=2456 queue=8 dmax=0.947 | shoulder_pan.pos=-36.60 shoulder_lift.pos=+26.50 elbow_flex.pos=-38.90 wrist_flex.pos=+95.20 wrist_roll.pos=+1.61 gripper.pos=+10.07
DEBUG 2026-08-19 07:32:59 [action #193] t=8.74s step=2457 queue=7 dmax=1.175 | shoulder_pan.pos=-36.25 shoulder_lift.pos=+25.32 elbow_flex.pos=-38.90 wrist_flex.pos=+95.40 wrist_roll.pos=+1.44 gripper.pos=+10.03
DEBUG 2026-08-19 07:32:59 [action #194] t=8.77s step=2458 queue=6 dmax=1.358 | shoulder_pan.pos=-35.56 shoulder_lift.pos=+23.96 elbow_flex.pos=-39.22 wrist_flex.pos=+95.52 wrist_roll.pos=+1.13 gripper.pos=+10.13
DEBUG 2026-08-19 07:32:59 [action #195] t=8.81s step=2459 queue=5 dmax=1.361 | shoulder_pan.pos=-34.91 shoulder_lift.pos=+22.60 elbow_flex.pos=-39.13 wrist_flex.pos=+95.74 wrist_roll.pos=+0.90 gripper.pos=+10.09
DEBUG 2026-08-19 07:32:59 [action #196] t=8.84s step=2460 queue=4 dmax=1.219 | shoulder_pan.pos=-34.43 shoulder_lift.pos=+21.39 elbow_flex.pos=-39.04 wrist_flex.pos=+96.09 wrist_roll.pos=+0.74 gripper.pos=+10.03
DEBUG 2026-08-19 07:32:59 [action #197] t=8.87s step=2461 queue=3 dmax=1.587 | shoulder_pan.pos=-33.45 shoulder_lift.pos=+19.80 elbow_flex.pos=-39.10 wrist_flex.pos=+96.37 wrist_roll.pos=+0.49 gripper.pos=+10.08
DEBUG 2026-08-19 07:32:59 [action #198] t=8.91s step=2462 queue=2 dmax=1.520 | shoulder_pan.pos=-32.94 shoulder_lift.pos=+18.28 elbow_flex.pos=-39.25 wrist_flex.pos=+96.49 wrist_roll.pos=+0.34 gripper.pos=+9.97
DEBUG 2026-08-19 07:32:59 [chunk] received 50 actions, timesteps 2436..2485 | first: shoulder_pan.pos=-28.75 shoulder_lift.pos=-8.49 elbow_flex.pos=+7.28 wrist_flex.pos=+85.24 wrist_roll.pos=-5.28 gripper.pos=+3.74 | last: shoulder_pan.pos=-33.50 shoulder_lift.pos=+14.15 elbow_flex.pos=+7.42 wrist_flex.pos=+67.73 wrist_roll.pos=-0.18 gripper.pos=+30.24
DEBUG 2026-08-19 07:32:59 [action #199] t=8.94s step=2463 queue=23 dmax=31.997 | shoulder_pan.pos=-33.58 shoulder_lift.pos=+5.68 elbow_flex.pos=-7.25 wrist_flex.pos=+83.97 wrist_roll.pos=-0.68 gripper.pos=+24.28
DEBUG 2026-08-19 07:32:59 [action #200] t=8.98s step=2464 queue=22 dmax=14.056 | shoulder_pan.pos=-34.13 shoulder_lift.pos=+1.43 elbow_flex.pos=+6.81 wrist_flex.pos=+78.26 wrist_roll.pos=-0.75 gripper.pos=+30.58
DEBUG 2026-08-19 07:32:59 [action #201] t=9.01s step=2465 queue=21 dmax=0.334 | shoulder_pan.pos=-33.97 shoulder_lift.pos=+1.64 elbow_flex.pos=+6.64 wrist_flex.pos=+77.93 wrist_roll.pos=-0.64 gripper.pos=+30.68
DEBUG 2026-08-19 07:32:59 [action #202] t=9.04s step=2466 queue=20 dmax=1.035 | shoulder_pan.pos=-33.87 shoulder_lift.pos=+2.68 elbow_flex.pos=+6.54 wrist_flex.pos=+77.69 wrist_roll.pos=-0.39 gripper.pos=+30.77
DEBUG 2026-08-19 07:32:59 [action #203] t=9.08s step=2467 queue=19 dmax=1.175 | shoulder_pan.pos=-33.83 shoulder_lift.pos=+3.85 elbow_flex.pos=+6.00 wrist_flex.pos=+77.24 wrist_roll.pos=-0.16 gripper.pos=+30.76
DEBUG 2026-08-19 07:32:59 [action #204] t=9.11s step=2468 queue=18 dmax=1.130 | shoulder_pan.pos=-33.89 shoulder_lift.pos=+4.98 elbow_flex.pos=+6.20 wrist_flex.pos=+76.95 wrist_roll.pos=-0.04 gripper.pos=+30.76
DEBUG 2026-08-19 07:32:59 [action #205] t=9.14s step=2469 queue=17 dmax=0.541 | shoulder_pan.pos=-33.76 shoulder_lift.pos=+5.23 elbow_flex.pos=+5.66 wrist_flex.pos=+76.42 wrist_roll.pos=+0.05 gripper.pos=+30.65
DEBUG 2026-08-19 07:32:59 [action #206] t=9.18s step=2470 queue=16 dmax=0.972 | shoulder_pan.pos=-33.76 shoulder_lift.pos=+6.21 elbow_flex.pos=+5.88 wrist_flex.pos=+76.13 wrist_roll.pos=+0.19 gripper.pos=+30.71
DEBUG 2026-08-19 07:32:59 [action #207] t=9.21s step=2471 queue=15 dmax=0.970 | shoulder_pan.pos=-33.77 shoulder_lift.pos=+7.18 elbow_flex.pos=+5.30 wrist_flex.pos=+75.58 wrist_roll.pos=+0.15 gripper.pos=+30.72
DEBUG 2026-08-19 07:32:59 [action #208] t=9.24s step=2472 queue=14 dmax=0.647 | shoulder_pan.pos=-33.63 shoulder_lift.pos=+7.82 elbow_flex.pos=+5.37 wrist_flex.pos=+75.07 wrist_roll.pos=+0.13 gripper.pos=+30.68
DEBUG 2026-08-19 07:32:59 [action #209] t=9.28s step=2473 queue=13 dmax=0.625 | shoulder_pan.pos=-33.62 shoulder_lift.pos=+8.45 elbow_flex.pos=+5.68 wrist_flex.pos=+74.69 wrist_roll.pos=+0.08 gripper.pos=+30.68
DEBUG 2026-08-19 07:32:59 [action #210] t=9.31s step=2474 queue=12 dmax=1.259 | shoulder_pan.pos=-33.49 shoulder_lift.pos=+9.71 elbow_flex.pos=+5.83 wrist_flex.pos=+74.13 wrist_roll.pos=+0.02 gripper.pos=+30.67
DEBUG 2026-08-19 07:32:59 [action #211] t=9.34s step=2475 queue=11 dmax=0.660 | shoulder_pan.pos=-33.54 shoulder_lift.pos=+10.15 elbow_flex.pos=+5.35 wrist_flex.pos=+73.47 wrist_roll.pos=+0.01 gripper.pos=+30.66
DEBUG 2026-08-19 07:32:59 [action #212] t=9.38s step=2476 queue=10 dmax=0.755 | shoulder_pan.pos=-33.34 shoulder_lift.pos=+10.66 elbow_flex.pos=+6.06 wrist_flex.pos=+72.72 wrist_roll.pos=+0.09 gripper.pos=+30.47
DEBUG 2026-08-19 07:32:59 [action #213] t=9.41s step=2477 queue=9 dmax=0.743 | shoulder_pan.pos=-33.31 shoulder_lift.pos=+11.40 elbow_flex.pos=+6.38 wrist_flex.pos=+72.11 wrist_roll.pos=+0.04 gripper.pos=+30.36
DEBUG 2026-08-19 07:32:59 [action #214] t=9.44s step=2478 queue=8 dmax=0.771 | shoulder_pan.pos=-33.31 shoulder_lift.pos=+11.91 elbow_flex.pos=+6.15 wrist_flex.pos=+71.33 wrist_roll.pos=+0.01 gripper.pos=+30.36
DEBUG 2026-08-19 07:32:59 [action #215] t=9.48s step=2479 queue=7 dmax=0.758 | shoulder_pan.pos=-33.56 shoulder_lift.pos=+12.06 elbow_flex.pos=+6.35 wrist_flex.pos=+70.58 wrist_roll.pos=+0.01 gripper.pos=+30.33
DEBUG 2026-08-19 07:32:59 [action #216] t=9.51s step=2480 queue=6 dmax=0.635 | shoulder_pan.pos=-33.37 shoulder_lift.pos=+12.53 elbow_flex.pos=+6.86 wrist_flex.pos=+69.94 wrist_roll.pos=-0.09 gripper.pos=+30.21
DEBUG 2026-08-19 07:32:59 [action #217] t=9.54s step=2481 queue=5 dmax=0.875 | shoulder_pan.pos=-33.14 shoulder_lift.pos=+13.22 elbow_flex.pos=+7.41 wrist_flex.pos=+69.07 wrist_roll.pos=-0.09 gripper.pos=+30.27
DEBUG 2026-08-19 07:32:59 [action #218] t=9.58s step=2482 queue=4 dmax=0.878 | shoulder_pan.pos=-33.19 shoulder_lift.pos=+13.77 elbow_flex.pos=+6.53 wrist_flex.pos=+68.56 wrist_roll.pos=-0.06 gripper.pos=+30.39
DEBUG 2026-08-19 07:32:59 [action #219] t=9.61s step=2483 queue=3 dmax=0.580 | shoulder_pan.pos=-33.11 shoulder_lift.pos=+13.92 elbow_flex.pos=+7.11 wrist_flex.pos=+68.23 wrist_roll.pos=-0.09 gripper.pos=+30.30
DEBUG 2026-08-19 07:33:00 [action #220] t=9.64s step=2484 queue=2 dmax=0.634 | shoulder_pan.pos=-33.56 shoulder_lift.pos=+14.55 elbow_flex.pos=+7.21 wrist_flex.pos=+67.94 wrist_roll.pos=-0.09 gripper.pos=+30.36
DEBUG 2026-08-19 07:33:00 [action #221] t=9.68s step=2485 queue=1 dmax=0.406 | shoulder_pan.pos=-33.50 shoulder_lift.pos=+14.15 elbow_flex.pos=+7.42 wrist_flex.pos=+67.73 wrist_roll.pos=-0.18 gripper.pos=+30.24
DEBUG 2026-08-19 07:33:00 [chunk] received 50 actions, timesteps 2462..2511 | first: shoulder_pan.pos=-39.94 shoulder_lift.pos=+26.19 elbow_flex.pos=-40.35 wrist_flex.pos=+99.96 wrist_roll.pos=+1.78 gripper.pos=+10.75 | last: shoulder_pan.pos=-40.57 shoulder_lift.pos=+22.49 elbow_flex.pos=-10.16 wrist_flex.pos=+80.28 wrist_roll.pos=+11.38 gripper.pos=+34.72
DEBUG 2026-08-19 07:33:00 [action #222] t=9.81s step=2486 queue=26 dmax=28.024 | shoulder_pan.pos=-45.02 shoulder_lift.pos=+7.61 elbow_flex.pos=-12.08 wrist_flex.pos=+95.75 wrist_roll.pos=+8.16 gripper.pos=+34.41
DEBUG 2026-08-19 07:33:00 [action #223] t=9.84s step=2487 queue=25 dmax=0.905 | shoulder_pan.pos=-44.94 shoulder_lift.pos=+6.71 elbow_flex.pos=-11.29 wrist_flex.pos=+95.26 wrist_roll.pos=+8.58 gripper.pos=+34.37
DEBUG 2026-08-19 07:33:00 [action #224] t=9.88s step=2488 queue=24 dmax=0.685 | shoulder_pan.pos=-44.95 shoulder_lift.pos=+6.85 elbow_flex.pos=-10.90 wrist_flex.pos=+94.58 wrist_roll.pos=+8.84 gripper.pos=+34.34
DEBUG 2026-08-19 07:33:00 [action #225] t=9.91s step=2489 queue=23 dmax=0.818 | shoulder_pan.pos=-44.95 shoulder_lift.pos=+6.06 elbow_flex.pos=-10.08 wrist_flex.pos=+93.84 wrist_roll.pos=+9.54 gripper.pos=+34.38
DEBUG 2026-08-19 07:33:00 [action #226] t=9.95s step=2490 queue=22 dmax=1.025 | shoulder_pan.pos=-45.05 shoulder_lift.pos=+7.08 elbow_flex.pos=-9.11 wrist_flex.pos=+92.97 wrist_roll.pos=+10.15 gripper.pos=+34.66
DEBUG 2026-08-19 07:33:00 [action #227] t=9.98s step=2491 queue=21 dmax=1.232 | shoulder_pan.pos=-45.12 shoulder_lift.pos=+6.69 elbow_flex.pos=-7.87 wrist_flex.pos=+92.52 wrist_roll.pos=+10.75 gripper.pos=+34.79
DEBUG 2026-08-19 07:33:00 [action #228] t=10.01s step=2492 queue=20 dmax=0.952 | shoulder_pan.pos=-45.42 shoulder_lift.pos=+6.82 elbow_flex.pos=-6.92 wrist_flex.pos=+91.68 wrist_roll.pos=+11.23 gripper.pos=+34.88
DEBUG 2026-08-19 07:33:00 [action #229] t=10.05s step=2493 queue=19 dmax=0.900 | shoulder_pan.pos=-45.29 shoulder_lift.pos=+6.72 elbow_flex.pos=-6.08 wrist_flex.pos=+90.78 wrist_roll.pos=+11.69 gripper.pos=+35.05
DEBUG 2026-08-19 07:33:00 [action #230] t=10.08s step=2494 queue=18 dmax=0.947 | shoulder_pan.pos=-45.07 shoulder_lift.pos=+7.08 elbow_flex.pos=-6.11 wrist_flex.pos=+89.83 wrist_roll.pos=+12.15 gripper.pos=+35.01
DEBUG 2026-08-19 07:33:00 [action #231] t=10.11s step=2495 queue=17 dmax=0.838 | shoulder_pan.pos=-44.89 shoulder_lift.pos=+7.92 elbow_flex.pos=-6.36 wrist_flex.pos=+89.04 wrist_roll.pos=+12.56 gripper.pos=+35.21
DEBUG 2026-08-19 07:33:00 [action #232] t=10.15s step=2496 queue=16 dmax=1.327 | shoulder_pan.pos=-44.84 shoulder_lift.pos=+7.80 elbow_flex.pos=-5.03 wrist_flex.pos=+88.30 wrist_roll.pos=+12.93 gripper.pos=+35.21
DEBUG 2026-08-19 07:33:00 [action #233] t=10.18s step=2497 queue=15 dmax=1.164 | shoulder_pan.pos=-44.99 shoulder_lift.pos=+8.25 elbow_flex.pos=-5.43 wrist_flex.pos=+87.13 wrist_roll.pos=+13.15 gripper.pos=+35.27
DEBUG 2026-08-19 07:33:00 [action #234] t=10.21s step=2498 queue=14 dmax=1.117 | shoulder_pan.pos=-44.84 shoulder_lift.pos=+9.36 elbow_flex.pos=-4.95 wrist_flex.pos=+86.36 wrist_roll.pos=+13.39 gripper.pos=+35.26
DEBUG 2026-08-19 07:33:00 [action #235] t=10.25s step=2499 queue=13 dmax=0.702 | shoulder_pan.pos=-44.69 shoulder_lift.pos=+9.88 elbow_flex.pos=-4.73 wrist_flex.pos=+85.66 wrist_roll.pos=+13.28 gripper.pos=+35.13
DEBUG 2026-08-19 07:33:00 [action #236] t=10.28s step=2500 queue=12 dmax=1.610 | shoulder_pan.pos=-44.63 shoulder_lift.pos=+11.49 elbow_flex.pos=-5.66 wrist_flex.pos=+84.75 wrist_roll.pos=+13.16 gripper.pos=+35.10
DEBUG 2026-08-19 07:33:00 [action #237] t=10.31s step=2501 queue=11 dmax=0.949 | shoulder_pan.pos=-44.20 shoulder_lift.pos=+12.44 elbow_flex.pos=-5.56 wrist_flex.pos=+84.33 wrist_roll.pos=+13.04 gripper.pos=+35.24
DEBUG 2026-08-19 07:33:00 [action #238] t=10.35s step=2502 queue=10 dmax=0.686 | shoulder_pan.pos=-44.40 shoulder_lift.pos=+12.71 elbow_flex.pos=-6.25 wrist_flex.pos=+84.04 wrist_roll.pos=+12.91 gripper.pos=+35.02
DEBUG 2026-08-19 07:33:00 [action #239] t=10.38s step=2503 queue=9 dmax=2.200 | shoulder_pan.pos=-44.20 shoulder_lift.pos=+14.91 elbow_flex.pos=-7.13 wrist_flex.pos=+83.37 wrist_roll.pos=+12.62 gripper.pos=+35.06
DEBUG 2026-08-19 07:33:00 [action #240] t=10.41s step=2504 queue=8 dmax=1.073 | shoulder_pan.pos=-43.63 shoulder_lift.pos=+15.98 elbow_flex.pos=-7.67 wrist_flex.pos=+83.07 wrist_roll.pos=+12.41 gripper.pos=+34.95
DEBUG 2026-08-19 07:33:00 [action #241] t=10.45s step=2505 queue=7 dmax=1.005 | shoulder_pan.pos=-43.29 shoulder_lift.pos=+16.99 elbow_flex.pos=-7.69 wrist_flex.pos=+82.70 wrist_roll.pos=+12.26 gripper.pos=+34.82
DEBUG 2026-08-19 07:33:00 [action #242] t=10.48s step=2506 queue=6 dmax=0.701 | shoulder_pan.pos=-43.28 shoulder_lift.pos=+17.69 elbow_flex.pos=-8.03 wrist_flex.pos=+82.47 wrist_roll.pos=+12.08 gripper.pos=+34.80
DEBUG 2026-08-19 07:33:00 [action #243] t=10.51s step=2507 queue=5 dmax=1.520 | shoulder_pan.pos=-42.77 shoulder_lift.pos=+18.88 elbow_flex.pos=-9.55 wrist_flex.pos=+81.99 wrist_roll.pos=+11.78 gripper.pos=+34.97
DEBUG 2026-08-19 07:33:00 [action #244] t=10.55s step=2508 queue=4 dmax=1.263 | shoulder_pan.pos=-42.33 shoulder_lift.pos=+20.15 elbow_flex.pos=-9.30 wrist_flex.pos=+81.62 wrist_roll.pos=+11.57 gripper.pos=+34.92
DEBUG 2026-08-19 07:33:00 [action #245] t=10.58s step=2509 queue=3 dmax=0.354 | shoulder_pan.pos=-41.98 shoulder_lift.pos=+20.00 elbow_flex.pos=-9.57 wrist_flex.pos=+81.61 wrist_roll.pos=+11.56 gripper.pos=+34.70
DEBUG 2026-08-19 07:33:00 [action #246] t=10.61s step=2510 queue=2 dmax=0.851 | shoulder_pan.pos=-41.22 shoulder_lift.pos=+20.85 elbow_flex.pos=-9.44 wrist_flex.pos=+81.04 wrist_roll.pos=+11.46 gripper.pos=+34.64
DEBUG 2026-08-19 07:33:01 [action #247] t=10.65s step=2511 queue=1 dmax=1.642 | shoulder_pan.pos=-40.57 shoulder_lift.pos=+22.49 elbow_flex.pos=-10.16 wrist_flex.pos=+80.28 wrist_roll.pos=+11.38 gripper.pos=+34.72
DEBUG 2026-08-19 07:33:01 [chunk] received 50 actions, timesteps 2485..2534 | first: shoulder_pan.pos=-41.36 shoulder_lift.pos=+14.60 elbow_flex.pos=+4.25 wrist_flex.pos=+68.35 wrist_roll.pos=-0.63 gripper.pos=+30.30 | last: shoulder_pan.pos=-13.90 shoulder_lift.pos=-16.02 elbow_flex.pos=-11.08 wrist_flex.pos=+85.10 wrist_roll.pos=-4.41 gripper.pos=+6.96
DEBUG 2026-08-19 07:33:01 [action #248] t=10.68s step=2512 queue=23 dmax=28.206 | shoulder_pan.pos=-38.18 shoulder_lift.pos=+4.00 elbow_flex.pos=-3.65 wrist_flex.pos=+77.25 wrist_roll.pos=-4.48 gripper.pos=+6.51
DEBUG 2026-08-19 07:33:01 [action #249] t=10.71s step=2513 queue=22 dmax=1.363 | shoulder_pan.pos=-37.17 shoulder_lift.pos=+2.64 elbow_flex.pos=-4.84 wrist_flex.pos=+78.18 wrist_roll.pos=-4.44 gripper.pos=+6.40
DEBUG 2026-08-19 07:33:01 [action #250] t=10.75s step=2514 queue=21 dmax=0.868 | shoulder_pan.pos=-36.30 shoulder_lift.pos=+2.04 elbow_flex.pos=-5.30 wrist_flex.pos=+78.78 wrist_roll.pos=-4.43 gripper.pos=+6.43
DEBUG 2026-08-19 07:33:01 [action #251] t=10.78s step=2515 queue=20 dmax=1.435 | shoulder_pan.pos=-35.26 shoulder_lift.pos=+0.61 elbow_flex.pos=-5.53 wrist_flex.pos=+79.25 wrist_roll.pos=-4.38 gripper.pos=+6.47
DEBUG 2026-08-19 07:33:01 [action #252] t=10.81s step=2516 queue=19 dmax=0.719 | shoulder_pan.pos=-34.66 shoulder_lift.pos=-0.11 elbow_flex.pos=-5.87 wrist_flex.pos=+79.96 wrist_roll.pos=-4.37 gripper.pos=+6.58
DEBUG 2026-08-19 07:33:01 [action #253] t=10.85s step=2517 queue=18 dmax=1.552 | shoulder_pan.pos=-33.11 shoulder_lift.pos=-1.40 elbow_flex.pos=-6.05 wrist_flex.pos=+80.27 wrist_roll.pos=-4.17 gripper.pos=+6.57
DEBUG 2026-08-19 07:33:01 [action #254] t=10.88s step=2518 queue=17 dmax=1.541 | shoulder_pan.pos=-32.34 shoulder_lift.pos=-2.94 elbow_flex.pos=-7.50 wrist_flex.pos=+80.89 wrist_roll.pos=-4.23 gripper.pos=+6.83
DEBUG 2026-08-19 07:33:01 [action #255] t=10.92s step=2519 queue=16 dmax=1.245 | shoulder_pan.pos=-31.34 shoulder_lift.pos=-4.18 elbow_flex.pos=-7.80 wrist_flex.pos=+81.45 wrist_roll.pos=-4.04 gripper.pos=+6.82
DEBUG 2026-08-19 07:33:01 [action #256] t=10.95s step=2520 queue=15 dmax=0.777 | shoulder_pan.pos=-30.56 shoulder_lift.pos=-3.91 elbow_flex.pos=-7.91 wrist_flex.pos=+81.85 wrist_roll.pos=-4.18 gripper.pos=+6.91
DEBUG 2026-08-19 07:33:01 [action #257] t=10.98s step=2521 queue=14 dmax=1.665 | shoulder_pan.pos=-29.17 shoulder_lift.pos=-5.57 elbow_flex.pos=-8.56 wrist_flex.pos=+82.22 wrist_roll.pos=-4.11 gripper.pos=+6.99
DEBUG 2026-08-19 07:33:01 [action #258] t=11.02s step=2522 queue=13 dmax=1.059 | shoulder_pan.pos=-28.11 shoulder_lift.pos=-5.96 elbow_flex.pos=-8.43 wrist_flex.pos=+82.77 wrist_roll.pos=-4.29 gripper.pos=+6.90
DEBUG 2026-08-19 07:33:01 [action #259] t=11.05s step=2523 queue=12 dmax=1.478 | shoulder_pan.pos=-27.40 shoulder_lift.pos=-6.83 elbow_flex.pos=-9.91 wrist_flex.pos=+83.26 wrist_roll.pos=-4.11 gripper.pos=+7.04
DEBUG 2026-08-19 07:33:01 [action #260] t=11.08s step=2524 queue=11 dmax=1.646 | shoulder_pan.pos=-26.36 shoulder_lift.pos=-8.47 elbow_flex.pos=-10.03 wrist_flex.pos=+83.61 wrist_roll.pos=-3.94 gripper.pos=+7.04
DEBUG 2026-08-19 07:33:01 [action #261] t=11.12s step=2525 queue=10 dmax=1.275 | shoulder_pan.pos=-25.09 shoulder_lift.pos=-9.62 elbow_flex.pos=-10.76 wrist_flex.pos=+84.04 wrist_roll.pos=-4.05 gripper.pos=+6.93
DEBUG 2026-08-19 07:33:01 [action #262] t=11.15s step=2526 queue=9 dmax=1.197 | shoulder_pan.pos=-24.15 shoulder_lift.pos=-10.82 elbow_flex.pos=-10.68 wrist_flex.pos=+84.13 wrist_roll.pos=-4.09 gripper.pos=+6.88
DEBUG 2026-08-19 07:33:01 [action #263] t=11.18s step=2527 queue=8 dmax=1.184 | shoulder_pan.pos=-22.96 shoulder_lift.pos=-11.28 elbow_flex.pos=-10.72 wrist_flex.pos=+84.46 wrist_roll.pos=-4.12 gripper.pos=+7.05
DEBUG 2026-08-19 07:33:01 [action #264] t=11.22s step=2528 queue=7 dmax=1.227 | shoulder_pan.pos=-21.74 shoulder_lift.pos=-12.36 elbow_flex.pos=-11.18 wrist_flex.pos=+84.62 wrist_roll.pos=-4.23 gripper.pos=+6.91
DEBUG 2026-08-19 07:33:01 [action #265] t=11.25s step=2529 queue=6 dmax=1.343 | shoulder_pan.pos=-20.96 shoulder_lift.pos=-13.32 elbow_flex.pos=-9.84 wrist_flex.pos=+84.49 wrist_roll.pos=-4.13 gripper.pos=+6.93
DEBUG 2026-08-19 07:33:01 [action #266] t=11.28s step=2530 queue=5 dmax=1.527 | shoulder_pan.pos=-19.43 shoulder_lift.pos=-13.97 elbow_flex.pos=-10.49 wrist_flex.pos=+84.78 wrist_roll.pos=-4.34 gripper.pos=+6.91
DEBUG 2026-08-19 07:33:01 [action #267] t=11.32s step=2531 queue=4 dmax=1.315 | shoulder_pan.pos=-18.11 shoulder_lift.pos=-14.63 elbow_flex.pos=-10.39 wrist_flex.pos=+84.91 wrist_roll.pos=-4.28 gripper.pos=+6.86
DEBUG 2026-08-19 07:33:01 [action #268] t=11.35s step=2532 queue=3 dmax=1.084 | shoulder_pan.pos=-17.03 shoulder_lift.pos=-15.61 elbow_flex.pos=-10.13 wrist_flex.pos=+84.75 wrist_roll.pos=-4.36 gripper.pos=+6.95
DEBUG 2026-08-19 07:33:01 [action #269] t=11.38s step=2533 queue=2 dmax=1.733 | shoulder_pan.pos=-15.30 shoulder_lift.pos=-15.64 elbow_flex.pos=-10.61 wrist_flex.pos=+84.89 wrist_roll.pos=-4.41 gripper.pos=+6.78
DEBUG 2026-08-19 07:33:01 [action #270] t=11.42s step=2534 queue=1 dmax=1.395 | shoulder_pan.pos=-13.90 shoulder_lift.pos=-16.02 elbow_flex.pos=-11.08 wrist_flex.pos=+85.10 wrist_roll.pos=-4.41 gripper.pos=+6.96
DEBUG 2026-08-19 07:33:01 [chunk] received 50 actions, timesteps 2511..2560 | first: shoulder_pan.pos=-46.22 shoulder_lift.pos=+20.41 elbow_flex.pos=-10.82 wrist_flex.pos=+78.60 wrist_roll.pos=+14.58 gripper.pos=+35.96 | last: shoulder_pan.pos=-43.02 shoulder_lift.pos=+17.45 elbow_flex.pos=-29.43 wrist_flex.pos=+84.51 wrist_roll.pos=+1.50 gripper.pos=+8.49
DEBUG 2026-08-19 07:33:01 [action #271] t=11.58s step=2535 queue=26 dmax=49.823 | shoulder_pan.pos=-48.58 shoulder_lift.pos=+33.80 elbow_flex.pos=-18.74 wrist_flex.pos=+69.67 wrist_roll.pos=+14.24 gripper.pos=+34.93
DEBUG 2026-08-19 07:33:01 [action #272] t=11.62s step=2536 queue=25 dmax=1.795 | shoulder_pan.pos=-48.36 shoulder_lift.pos=+33.77 elbow_flex.pos=-18.61 wrist_flex.pos=+70.14 wrist_roll.pos=+14.03 gripper.pos=+33.14
DEBUG 2026-08-19 07:33:02 [action #273] t=11.65s step=2537 queue=24 dmax=2.125 | shoulder_pan.pos=-48.40 shoulder_lift.pos=+34.35 elbow_flex.pos=-18.79 wrist_flex.pos=+70.97 wrist_roll.pos=+13.99 gripper.pos=+31.01
DEBUG 2026-08-19 07:33:02 [action #274] t=11.68s step=2538 queue=23 dmax=3.100 | shoulder_pan.pos=-48.00 shoulder_lift.pos=+33.99 elbow_flex.pos=-18.94 wrist_flex.pos=+71.13 wrist_roll.pos=+13.61 gripper.pos=+27.91
DEBUG 2026-08-19 07:33:02 [action #275] t=11.72s step=2539 queue=22 dmax=3.316 | shoulder_pan.pos=-47.74 shoulder_lift.pos=+33.93 elbow_flex.pos=-19.61 wrist_flex.pos=+71.48 wrist_roll.pos=+12.87 gripper.pos=+24.60
DEBUG 2026-08-19 07:33:02 [action #276] t=11.75s step=2540 queue=21 dmax=3.578 | shoulder_pan.pos=-47.40 shoulder_lift.pos=+34.00 elbow_flex.pos=-19.24 wrist_flex.pos=+71.58 wrist_roll.pos=+12.45 gripper.pos=+21.02
DEBUG 2026-08-19 07:33:02 [action #277] t=11.78s step=2541 queue=20 dmax=3.225 | shoulder_pan.pos=-47.15 shoulder_lift.pos=+33.37 elbow_flex.pos=-19.05 wrist_flex.pos=+71.57 wrist_roll.pos=+11.67 gripper.pos=+17.79
DEBUG 2026-08-19 07:33:02 [action #278] t=11.82s step=2542 queue=19 dmax=2.481 | shoulder_pan.pos=-46.99 shoulder_lift.pos=+33.40 elbow_flex.pos=-19.54 wrist_flex.pos=+72.06 wrist_roll.pos=+11.26 gripper.pos=+15.31
DEBUG 2026-08-19 07:33:02 [action #279] t=11.85s step=2543 queue=18 dmax=2.002 | shoulder_pan.pos=-46.98 shoulder_lift.pos=+33.66 elbow_flex.pos=-20.97 wrist_flex.pos=+72.11 wrist_roll.pos=+10.81 gripper.pos=+13.31
DEBUG 2026-08-19 07:33:02 [action #280] t=11.88s step=2544 queue=17 dmax=1.390 | shoulder_pan.pos=-46.63 shoulder_lift.pos=+32.56 elbow_flex.pos=-20.49 wrist_flex.pos=+72.63 wrist_roll.pos=+10.47 gripper.pos=+11.92
DEBUG 2026-08-19 07:33:02 [action #281] t=11.92s step=2545 queue=16 dmax=1.147 | shoulder_pan.pos=-46.71 shoulder_lift.pos=+32.53 elbow_flex.pos=-19.90 wrist_flex.pos=+73.34 wrist_roll.pos=+9.81 gripper.pos=+10.78
DEBUG 2026-08-19 07:33:02 [action #282] t=11.95s step=2546 queue=15 dmax=0.922 | shoulder_pan.pos=-46.22 shoulder_lift.pos=+32.05 elbow_flex.pos=-20.79 wrist_flex.pos=+74.26 wrist_roll.pos=+9.18 gripper.pos=+9.87
DEBUG 2026-08-19 07:33:02 [action #283] t=11.99s step=2547 queue=14 dmax=1.876 | shoulder_pan.pos=-46.32 shoulder_lift.pos=+31.96 elbow_flex.pos=-22.67 wrist_flex.pos=+75.06 wrist_roll.pos=+8.03 gripper.pos=+9.18
DEBUG 2026-08-19 07:33:02 [action #284] t=12.02s step=2548 queue=13 dmax=1.081 | shoulder_pan.pos=-45.72 shoulder_lift.pos=+31.64 elbow_flex.pos=-22.82 wrist_flex.pos=+75.71 wrist_roll.pos=+6.95 gripper.pos=+8.76
DEBUG 2026-08-19 07:33:02 [action #285] t=12.05s step=2549 queue=12 dmax=1.203 | shoulder_pan.pos=-45.67 shoulder_lift.pos=+30.44 elbow_flex.pos=-23.89 wrist_flex.pos=+76.40 wrist_roll.pos=+6.11 gripper.pos=+8.71
DEBUG 2026-08-19 07:33:02 [action #286] t=12.09s step=2550 queue=11 dmax=1.228 | shoulder_pan.pos=-45.45 shoulder_lift.pos=+30.47 elbow_flex.pos=-24.08 wrist_flex.pos=+77.62 wrist_roll.pos=+5.64 gripper.pos=+8.43
DEBUG 2026-08-19 07:33:02 [action #287] t=12.12s step=2551 queue=10 dmax=0.572 | shoulder_pan.pos=-45.46 shoulder_lift.pos=+29.95 elbow_flex.pos=-24.45 wrist_flex.pos=+78.20 wrist_roll.pos=+5.16 gripper.pos=+8.67
DEBUG 2026-08-19 07:33:02 [action #288] t=12.15s step=2552 queue=9 dmax=1.353 | shoulder_pan.pos=-45.16 shoulder_lift.pos=+28.82 elbow_flex.pos=-25.80 wrist_flex.pos=+79.39 wrist_roll.pos=+5.27 gripper.pos=+8.72
DEBUG 2026-08-19 07:33:02 [action #289] t=12.19s step=2553 queue=8 dmax=0.897 | shoulder_pan.pos=-44.91 shoulder_lift.pos=+27.92 elbow_flex.pos=-26.32 wrist_flex.pos=+79.88 wrist_roll.pos=+5.11 gripper.pos=+9.00
DEBUG 2026-08-19 07:33:02 [action #290] t=12.22s step=2554 queue=7 dmax=1.452 | shoulder_pan.pos=-45.14 shoulder_lift.pos=+26.47 elbow_flex.pos=-27.00 wrist_flex.pos=+80.49 wrist_roll.pos=+5.16 gripper.pos=+9.19
DEBUG 2026-08-19 07:33:02 [action #291] t=12.25s step=2555 queue=6 dmax=0.920 | shoulder_pan.pos=-44.90 shoulder_lift.pos=+25.74 elbow_flex.pos=-27.27 wrist_flex.pos=+81.41 wrist_roll.pos=+4.87 gripper.pos=+9.20
DEBUG 2026-08-19 07:33:02 [action #292] t=12.29s step=2556 queue=5 dmax=1.354 | shoulder_pan.pos=-45.09 shoulder_lift.pos=+24.38 elbow_flex.pos=-27.75 wrist_flex.pos=+81.73 wrist_roll.pos=+4.79 gripper.pos=+9.04
DEBUG 2026-08-19 07:33:02 [action #293] t=12.32s step=2557 queue=4 dmax=1.930 | shoulder_pan.pos=-44.23 shoulder_lift.pos=+22.45 elbow_flex.pos=-27.87 wrist_flex.pos=+82.51 wrist_roll.pos=+3.91 gripper.pos=+9.09
DEBUG 2026-08-19 07:33:02 [action #294] t=12.35s step=2558 queue=3 dmax=1.796 | shoulder_pan.pos=-43.91 shoulder_lift.pos=+20.66 elbow_flex.pos=-29.00 wrist_flex.pos=+83.27 wrist_roll.pos=+3.17 gripper.pos=+8.93
DEBUG 2026-08-19 07:33:02 [action #295] t=12.39s step=2559 queue=2 dmax=1.745 | shoulder_pan.pos=-43.30 shoulder_lift.pos=+18.91 elbow_flex.pos=-28.91 wrist_flex.pos=+84.02 wrist_roll.pos=+2.24 gripper.pos=+8.65
DEBUG 2026-08-19 07:33:02 [action #296] t=12.42s step=2560 queue=1 dmax=1.468 | shoulder_pan.pos=-43.02 shoulder_lift.pos=+17.45 elbow_flex.pos=-29.43 wrist_flex.pos=+84.51 wrist_roll.pos=+1.50 gripper.pos=+8.49
DEBUG 2026-08-19 07:33:02 [chunk] received 50 actions, timesteps 2534..2583 | first: shoulder_pan.pos=-17.24 shoulder_lift.pos=-11.32 elbow_flex.pos=-12.44 wrist_flex.pos=+87.35 wrist_roll.pos=-3.69 gripper.pos=+4.88 | last: shoulder_pan.pos=-39.92 shoulder_lift.pos=-9.04 elbow_flex.pos=-6.86 wrist_flex.pos=+69.87 wrist_roll.pos=-3.56 gripper.pos=+3.65
DEBUG 2026-08-19 07:33:02 [action #297] t=12.49s step=2561 queue=23 dmax=36.542 | shoulder_pan.pos=-37.36 shoulder_lift.pos=-19.10 elbow_flex.pos=-4.19 wrist_flex.pos=+82.13 wrist_roll.pos=-4.04 gripper.pos=+3.47
DEBUG 2026-08-19 07:33:02 [action #298] t=12.52s step=2562 queue=22 dmax=0.639 | shoulder_pan.pos=-37.74 shoulder_lift.pos=-18.90 elbow_flex.pos=-3.84 wrist_flex.pos=+81.49 wrist_roll.pos=-3.96 gripper.pos=+3.37
DEBUG 2026-08-19 07:33:02 [action #299] t=12.55s step=2563 queue=21 dmax=0.521 | shoulder_pan.pos=-37.72 shoulder_lift.pos=-18.57 elbow_flex.pos=-3.49 wrist_flex.pos=+80.97 wrist_roll.pos=-4.02 gripper.pos=+3.55
DEBUG 2026-08-19 07:33:02 [action #300] t=12.59s step=2564 queue=20 dmax=0.672 | shoulder_pan.pos=-38.13 shoulder_lift.pos=-18.69 elbow_flex.pos=-3.39 wrist_flex.pos=+80.30 wrist_roll.pos=-3.90 gripper.pos=+3.49
DEBUG 2026-08-19 07:33:02 [action #301] t=12.62s step=2565 queue=19 dmax=0.643 | shoulder_pan.pos=-38.33 shoulder_lift.pos=-18.80 elbow_flex.pos=-3.49 wrist_flex.pos=+79.66 wrist_roll.pos=-3.81 gripper.pos=+3.47
DEBUG 2026-08-19 07:33:03 [action #302] t=12.65s step=2566 queue=18 dmax=0.639 | shoulder_pan.pos=-38.56 shoulder_lift.pos=-18.74 elbow_flex.pos=-3.11 wrist_flex.pos=+79.02 wrist_roll.pos=-3.78 gripper.pos=+3.50
DEBUG 2026-08-19 07:33:03 [action #303] t=12.69s step=2567 queue=17 dmax=0.771 | shoulder_pan.pos=-38.80 shoulder_lift.pos=-18.52 elbow_flex.pos=-3.07 wrist_flex.pos=+78.25 wrist_roll.pos=-3.74 gripper.pos=+3.53
DEBUG 2026-08-19 07:33:03 [action #304] t=12.72s step=2568 queue=16 dmax=0.866 | shoulder_pan.pos=-38.71 shoulder_lift.pos=-17.66 elbow_flex.pos=-2.60 wrist_flex.pos=+77.66 wrist_roll.pos=-3.69 gripper.pos=+3.65
DEBUG 2026-08-19 07:33:03 [action #305] t=12.75s step=2569 queue=15 dmax=0.773 | shoulder_pan.pos=-38.98 shoulder_lift.pos=-17.67 elbow_flex.pos=-3.37 wrist_flex.pos=+77.05 wrist_roll.pos=-3.61 gripper.pos=+3.57
DEBUG 2026-08-19 07:33:03 [action #306] t=12.79s step=2570 queue=14 dmax=0.817 | shoulder_pan.pos=-38.83 shoulder_lift.pos=-17.37 elbow_flex.pos=-3.38 wrist_flex.pos=+76.23 wrist_roll.pos=-3.59 gripper.pos=+3.59
DEBUG 2026-08-19 07:33:03 [action #307] t=12.82s step=2571 queue=13 dmax=0.690 | shoulder_pan.pos=-38.65 shoulder_lift.pos=-17.20 elbow_flex.pos=-2.69 wrist_flex.pos=+75.80 wrist_roll.pos=-3.60 gripper.pos=+3.58
DEBUG 2026-08-19 07:33:03 [action #308] t=12.85s step=2572 queue=12 dmax=0.804 | shoulder_pan.pos=-38.96 shoulder_lift.pos=-16.68 elbow_flex.pos=-3.50 wrist_flex.pos=+75.33 wrist_roll.pos=-3.61 gripper.pos=+3.64
DEBUG 2026-08-19 07:33:03 [action #309] t=12.89s step=2573 queue=11 dmax=0.638 | shoulder_pan.pos=-38.87 shoulder_lift.pos=-16.04 elbow_flex.pos=-3.38 wrist_flex.pos=+74.88 wrist_roll.pos=-3.58 gripper.pos=+3.89
DEBUG 2026-08-19 07:33:03 [action #310] t=12.92s step=2574 queue=10 dmax=0.452 | shoulder_pan.pos=-39.32 shoulder_lift.pos=-15.93 elbow_flex.pos=-3.37 wrist_flex.pos=+74.50 wrist_roll.pos=-3.62 gripper.pos=+3.68
DEBUG 2026-08-19 07:33:03 [action #311] t=12.96s step=2575 queue=9 dmax=0.716 | shoulder_pan.pos=-39.27 shoulder_lift.pos=-15.21 elbow_flex.pos=-3.50 wrist_flex.pos=+73.95 wrist_roll.pos=-3.54 gripper.pos=+3.78
DEBUG 2026-08-19 07:33:03 [action #312] t=12.99s step=2576 queue=8 dmax=1.111 | shoulder_pan.pos=-39.15 shoulder_lift.pos=-14.10 elbow_flex.pos=-4.05 wrist_flex.pos=+73.73 wrist_roll.pos=-3.55 gripper.pos=+3.58
DEBUG 2026-08-19 07:33:03 [action #313] t=13.02s step=2577 queue=7 dmax=0.692 | shoulder_pan.pos=-39.32 shoulder_lift.pos=-13.41 elbow_flex.pos=-4.32 wrist_flex.pos=+73.53 wrist_roll.pos=-3.59 gripper.pos=+3.71
DEBUG 2026-08-19 07:33:03 [action #314] t=13.06s step=2578 queue=6 dmax=0.635 | shoulder_pan.pos=-39.32 shoulder_lift.pos=-12.78 elbow_flex.pos=-4.84 wrist_flex.pos=+72.95 wrist_roll.pos=-3.49 gripper.pos=+3.81
DEBUG 2026-08-19 07:33:03 [action #315] t=13.09s step=2579 queue=5 dmax=0.616 | shoulder_pan.pos=-39.55 shoulder_lift.pos=-12.20 elbow_flex.pos=-5.24 wrist_flex.pos=+72.34 wrist_roll.pos=-3.52 gripper.pos=+3.60
DEBUG 2026-08-19 07:33:03 [chunk] received 50 actions, timesteps 2560..2609 | first: shoulder_pan.pos=-44.69 shoulder_lift.pos=+20.89 elbow_flex.pos=-30.77 wrist_flex.pos=+86.05 wrist_roll.pos=+2.25 gripper.pos=+7.36 | last: shoulder_pan.pos=-50.94 shoulder_lift.pos=+19.25 elbow_flex.pos=-12.18 wrist_flex.pos=+76.21 wrist_roll.pos=+20.32 gripper.pos=+36.31
INFO 2026-08-19 07:33:03 Final action sent: shoulder_pan.pos=-39.55 shoulder_lift.pos=-12.20 elbow_flex.pos=-5.24 wrist_flex.pos=+72.34 wrist_roll.pos=-3.52 gripper.pos=+3.60
DEBUG 2026-08-19 07:33:03 === episode end | 13.3s | converged=False | actions=315 ===
