INFO 2026-08-06 23:35:23 estrator.py:696 Decomposing high-level prompt: 'put everything on the tray, banana first'
INFO 2026-08-06 23:35:24 estrator.py:615 Saved VLM frame: runs/run_2026-08-06_23-31-04/01/decompose_20260806_233523.png
  Generated 23 tokens in 3.0s (7.7 tok/s)

Identification output:
{"visible_objects": ["stuffed animal", "banana", "container", "tray", "table"]}
INFO 2026-08-06 23:35:27 estrator.py:454 Identified objects (5): ['stuffed animal', 'banana', 'container', 'tray', 'table']
  Generated 85 tokens in 5.9s (14.5 tok/s)
INFO 2026-08-06 23:35:33 estrator.py:473 Raw VLM decomposition output (306 chars): '{\n  "visible_objects": ["stuffed animal", "banana", "container", "tray", "table"],\n  "excluded_objects": [],\n  "allowed_objects": ["stuffed animal", "banana", "container"],\n  "subtasks": [\n    "put the banana on the tray",\n    "put the stuffed animal on the tray",\n    "put the container on the tray"\n  ]\n}'

Visible: ['stuffed animal', 'banana', 'container', 'tray', 'table']
Excluded: []
Allowed: ['stuffed animal', 'banana', 'container']

Parsed 3 sub-tasks:
  1. put the banana on the tray
  2. put the stuffed animal on the tray
  3. put the container on the tray
INFO 2026-08-06 23:35:33 estrator.py:714 Sub-task queue (3):
INFO 2026-08-06 23:35:33 estrator.py:716   1. put the banana on the tray
INFO 2026-08-06 23:35:33 estrator.py:716   2. put the stuffed animal on the tray
INFO 2026-08-06 23:35:33 estrator.py:716   3. put the container on the tray
INFO 2026-08-06 23:35:33 estrator.py:764 [1] Executing sub-task: 'put the banana on the tray' (1 retries left)
INFO 2026-08-06 23:35:33 ent_loop.py:453 Control loop started | task: 'put the banana on the tray' | duration: 30.0s
INFO 2026-08-06 23:35:33 ent_loop.py:411 Action receiver thread started
INFO 2026-08-06 23:35:49 ent_loop.py:620 Episode finished: 16.5s, converged=True, max_displacement=202.6612, actions=445
INFO 2026-08-06 23:35:49 ent_loop.py:266 Returning to home position...
INFO 2026-08-06 23:35:51 ent_loop.py:279 Home position reached.
INFO 2026-08-06 23:35:54 estrator.py:646 Saved VLM eval clip (32 frames) to runs/run_2026-08-06_23-31-04/01
INFO 2026-08-06 23:35:54 estrator.py:877 Evaluation observation: video clip (32 frames over 16.4s of a 16.5s episode, 1.89 fps)
  Generated 21 tokens in 1.8s (11.5 tok/s)
INFO 2026-08-06 23:35:56 estrator.py:506 Raw eval output: {"success": true, "reason": "The banana is now on the tray as instructed."}
INFO 2026-08-06 23:35:56 estrator.py:926 VLM judgement: success=True | The banana is now on the tray as instructed.
INFO 2026-08-06 23:35:56 estrator.py:764 [2] Executing sub-task: 'put the stuffed animal on the tray' (1 retries left)
INFO 2026-08-06 23:35:56 ent_loop.py:453 Control loop started | task: 'put the stuffed animal on the tray' | duration: 30.0s
INFO 2026-08-06 23:35:56 ent_loop.py:411 Action receiver thread started
INFO 2026-08-06 23:36:26 ent_loop.py:464 Episode timeout (30.0s)
INFO 2026-08-06 23:36:26 ent_loop.py:620 Episode finished: 30.0s, converged=False, max_displacement=200.4462, actions=836
INFO 2026-08-06 23:36:26 ent_loop.py:266 Returning to home position...
INFO 2026-08-06 23:36:28 ent_loop.py:279 Home position reached.
INFO 2026-08-06 23:36:30 estrator.py:646 Saved VLM eval clip (32 frames) to runs/run_2026-08-06_23-31-04/01
INFO 2026-08-06 23:36:30 estrator.py:877 Evaluation observation: video clip (32 frames over 29.7s of a 30.0s episode, 1.04 fps)
  Generated 41 tokens in 3.8s (10.7 tok/s)
INFO 2026-08-06 23:36:35 estrator.py:506 Raw eval output: {"success": false, "reason": "The robot arm moves towards the stuffed animal but does not grasp or place it on the tray. The stuffed animal remains on the table throughout the sequence."}
INFO 2026-08-06 23:36:35 estrator.py:926 VLM judgement: success=False | The robot arm moves towards the stuffed animal but does not grasp or place it on the tray. The stuffed animal remains on the table throughout the sequence.
INFO 2026-08-06 23:36:35 estrator.py:933 Retrying sub-task (1 attempt(s) left)...
INFO 2026-08-06 23:36:35 estrator.py:764 [2] Executing sub-task: 'put the stuffed animal on the tray' (0 retries left)
INFO 2026-08-06 23:36:35 ent_loop.py:453 Control loop started | task: 'put the stuffed animal on the tray' | duration: 30.0s
INFO 2026-08-06 23:36:35 ent_loop.py:411 Action receiver thread started
INFO 2026-08-06 23:36:52 ent_loop.py:620 Episode finished: 17.0s, converged=True, max_displacement=183.3526, actions=414
INFO 2026-08-06 23:36:52 ent_loop.py:266 Returning to home position...
INFO 2026-08-06 23:36:54 ent_loop.py:279 Home position reached.
INFO 2026-08-06 23:36:56 estrator.py:646 Saved VLM eval clip (32 frames) to runs/run_2026-08-06_23-31-04/01
INFO 2026-08-06 23:36:56 estrator.py:877 Evaluation observation: video clip (32 frames over 16.3s of a 17.0s episode, 1.90 fps)
  Generated 24 tokens in 2.0s (11.8 tok/s)
INFO 2026-08-06 23:36:58 estrator.py:506 Raw eval output: {"success": false, "reason": "The stuffed animal remains on the table, not on the tray."}
INFO 2026-08-06 23:36:58 estrator.py:926 VLM judgement: success=False | The stuffed animal remains on the table, not on the tray.
WARNING 2026-08-06 23:36:58 estrator.py:955 Sub-task 'put the stuffed animal on the tray' failed after all retries.
INFO 2026-08-06 23:36:58 estrator.py:964 Triggering replan (0 replan(s) left after this)...
INFO 2026-08-06 23:36:58 estrator.py:965   Completed so far: ['put the banana on the tray']
INFO 2026-08-06 23:36:58 estrator.py:966   Failed: 'put the stuffed animal on the tray' — The stuffed animal remains on the table, not on the tray.
INFO 2026-08-06 23:36:58 estrator.py:967   Remaining (discarded): ['put the container on the tray']

[REPLAN] Sub-task 'put the stuffed animal on the tray' failed after all retries: The stuffed animal remains on the table, not on the tray.
[REPLAN] Additional context for the planner (Enter for none, 'q' to abort): INFO 2026-08-06 23:37:09 estrator.py:615 Saved VLM frame: runs/run_2026-08-06_23-31-04/01/replan_20260806_233709.png
  Generated 64 tokens in 4.6s (14.0 tok/s)
INFO 2026-08-06 23:37:14 estrator.py:555 Raw VLM replan output (268 chars): '{\n  "visible_objects": ["stuffed animal", "brown cylindrical object"],\n  "excluded_objects": [],\n  "allowed_objects": ["stuffed animal", "brown cylindrical object"],\n  "subtasks": ["put the stuffed animal on the tray", "put the brown cylindrical object on the tray"]\n}'

Visible: ['stuffed animal', 'brown cylindrical object']
Excluded: []
Allowed: ['stuffed animal', 'brown cylindrical object']

Parsed 2 sub-tasks:
  1. put the stuffed animal on the tray
  2. put the brown cylindrical object on the tray
INFO 2026-08-06 23:37:14 estrator.py:741 Replanned queue (2):
INFO 2026-08-06 23:37:14 estrator.py:743   1. put the stuffed animal on the tray
INFO 2026-08-06 23:37:14 estrator.py:743   2. put the brown cylindrical object on the tray
INFO 2026-08-06 23:37:14 estrator.py:764 [2] Executing sub-task: 'put the stuffed animal on the tray' (1 retries left)
INFO 2026-08-06 23:37:14 ent_loop.py:453 Control loop started | task: 'put the stuffed animal on the tray' | duration: 30.0s
INFO 2026-08-06 23:37:14 ent_loop.py:411 Action receiver thread started
INFO 2026-08-06 23:37:21 ent_loop.py:620 Episode finished: 7.3s, converged=True, max_displacement=4.4449, actions=161
INFO 2026-08-06 23:37:21 ent_loop.py:266 Returning to home position...
INFO 2026-08-06 23:37:23 ent_loop.py:279 Home position reached.
INFO 2026-08-06 23:37:26 estrator.py:646 Saved VLM eval clip (32 frames) to runs/run_2026-08-06_23-31-04/01
INFO 2026-08-06 23:37:26 estrator.py:877 Evaluation observation: video clip (32 frames over 7.2s of a 7.3s episode, 4.33 fps)
  Generated 25 tokens in 2.6s (9.7 tok/s)
INFO 2026-08-06 23:37:29 estrator.py:506 Raw eval output: {"success": false, "reason": "The stuffed animal is still on the table, not on the tray."}
INFO 2026-08-06 23:37:29 estrator.py:926 VLM judgement: success=False | The stuffed animal is still on the table, not on the tray.
INFO 2026-08-06 23:37:29 estrator.py:933 Retrying sub-task (1 attempt(s) left)...
INFO 2026-08-06 23:37:29 estrator.py:764 [2] Executing sub-task: 'put the stuffed animal on the tray' (0 retries left)
INFO 2026-08-06 23:37:29 ent_loop.py:453 Control loop started | task: 'put the stuffed animal on the tray' | duration: 30.0s
INFO 2026-08-06 23:37:29 ent_loop.py:411 Action receiver thread started
INFO 2026-08-06 23:37:37 ent_loop.py:620 Episode finished: 8.5s, converged=True, max_displacement=3.3636, actions=126
INFO 2026-08-06 23:37:37 ent_loop.py:266 Returning to home position...
INFO 2026-08-06 23:37:39 ent_loop.py:279 Home position reached.
INFO 2026-08-06 23:37:41 estrator.py:646 Saved VLM eval clip (30 frames) to runs/run_2026-08-06_23-31-04/01
INFO 2026-08-06 23:37:41 estrator.py:877 Evaluation observation: video clip (30 frames over 6.4s of a 8.5s episode, 4.52 fps)
  Generated 25 tokens in 2.0s (12.8 tok/s)
INFO 2026-08-06 23:37:44 estrator.py:506 Raw eval output: {"success": false, "reason": "The stuffed animal is still on the table, not on the tray."}
INFO 2026-08-06 23:37:44 estrator.py:926 VLM judgement: success=False | The stuffed animal is still on the table, not on the tray.
WARNING 2026-08-06 23:37:44 estrator.py:955 Sub-task 'put the stuffed animal on the tray' failed after all retries.
WARNING 2026-08-06 23:37:44 estrator.py:958 No replans remaining — skipping failed sub-task and continuing with the rest of the queue.
INFO 2026-08-06 23:37:44 estrator.py:764 [2] Executing sub-task: 'put the brown cylindrical object on the tray' (1 retries left)
INFO 2026-08-06 23:37:44 ent_loop.py:453 Control loop started | task: 'put the brown cylindrical object on the tray' | duration: 30.0s
INFO 2026-08-06 23:37:44 ent_loop.py:411 Action receiver thread started
INFO 2026-08-06 23:37:53 ent_loop.py:620 Episode finished: 8.9s, converged=True, max_displacement=2.9240, actions=141
INFO 2026-08-06 23:37:53 ent_loop.py:266 Returning to home position...
INFO 2026-08-06 23:37:55 ent_loop.py:279 Home position reached.
INFO 2026-08-06 23:37:57 estrator.py:646 Saved VLM eval clip (29 frames) to runs/run_2026-08-06_23-31-04/01
INFO 2026-08-06 23:37:57 estrator.py:877 Evaluation observation: video clip (29 frames over 7.7s of a 8.9s episode, 3.63 fps)
[INTERJECT] SKIP requested — stopping current action...
  Generated 28 tokens in 2.3s (12.3 tok/s)
INFO 2026-08-06 23:37:59 estrator.py:506 Raw eval output: {"success": false, "reason": "The brown cylindrical object remains on the table and has not been moved onto the tray."}
INFO 2026-08-06 23:37:59 estrator.py:921 Ignoring skip requested during evaluation — 'put the brown cylindrical object on the tray' was already judged.
INFO 2026-08-06 23:37:59 estrator.py:926 VLM judgement: success=False | The brown cylindrical object remains on the table and has not been moved onto the tray.
INFO 2026-08-06 23:37:59 estrator.py:933 Retrying sub-task (1 attempt(s) left)...
INFO 2026-08-06 23:37:59 estrator.py:764 [2] Executing sub-task: 'put the brown cylindrical object on the tray' (0 retries left)
INFO 2026-08-06 23:37:59 ent_loop.py:453 Control loop started | task: 'put the brown cylindrical object on the tray' | duration: 30.0s
INFO 2026-08-06 23:37:59 ent_loop.py:411 Action receiver thread started
[INTERJECT] REPLAN requested — stopping current action...
INFO 2026-08-06 23:38:06 ent_loop.py:620 Episode finished: 6.3s, converged=False, max_displacement=2.6522, actions=117
INFO 2026-08-06 23:38:06 estrator.py:782 User requested replan — stopping and asking for context...
INFO 2026-08-06 23:38:06 ent_loop.py:266 Returning to home position...
INFO 2026-08-06 23:38:08 ent_loop.py:279 Home position reached.

[REPLAN] Replan requested during sub-task 'put the brown cylindrical object on the tray'
[REPLAN] Additional context for the planner (Enter for none, 'q' to abort): INFO 2026-08-06 23:38:22 estrator.py:793   Operator context: it is a pouch not a cylinderical object
INFO 2026-08-06 23:38:22 estrator.py:615 Saved VLM frame: runs/run_2026-08-06_23-31-04/01/user_replan_20260806_233822.png
  Generated 58 tokens in 5.4s (10.8 tok/s)
INFO 2026-08-06 23:38:27 estrator.py:555 Raw VLM replan output (188 chars): '{\n  "visible_objects": ["pouch", "toy", "banana"],\n  "excluded_objects": [],\n  "allowed_objects": ["pouch", "toy"],\n  "subtasks": ["put the pouch on the tray", "put the toy on the tray"]\n}'

Visible: ['pouch', 'toy', 'banana']
Excluded: []
Allowed: ['pouch', 'toy']

Parsed 2 sub-tasks:
  1. put the pouch on the tray
  2. put the toy on the tray
INFO 2026-08-06 23:38:27 estrator.py:741 Replanned queue (2):
INFO 2026-08-06 23:38:27 estrator.py:743   1. put the pouch on the tray
INFO 2026-08-06 23:38:27 estrator.py:743   2. put the toy on the tray
INFO 2026-08-06 23:38:27 estrator.py:764 [2] Executing sub-task: 'put the pouch on the tray' (1 retries left)
INFO 2026-08-06 23:38:27 ent_loop.py:453 Control loop started | task: 'put the pouch on the tray' | duration: 30.0s
INFO 2026-08-06 23:38:27 ent_loop.py:411 Action receiver thread started
[INTERJECT] ABORT requested — stopping current action...
INFO 2026-08-06 23:38:36 ent_loop.py:620 Episode finished: 8.7s, converged=False, max_displacement=188.1092, actions=225
WARNING 2026-08-06 23:38:36 estrator.py:691 ABORT requested during sub-task 'put the pouch on the tray' — abandoning high-level task 'put everything on the tray, banana first' and returning to the prompt.
INFO 2026-08-06 23:38:36 ent_loop.py:266 Returning to home position...
INFO 2026-08-06 23:38:38 ent_loop.py:279 Home position reached.
INFO 2026-08-06 23:38:38 estrator.py:936   Completed before the abort: ['put the banana on the tray']
