DEBUG 2026-09-03 09:48:54 === episode start | task: 'put the box on the tray' | duration: 50.0s ===
DEBUG 2026-09-03 09:48:55 [chunk] received 50 actions, timesteps 0..49 | first: shoulder_pan.pos=-3.87 shoulder_lift.pos=-102.06 elbow_flex.pos=+88.62 wrist_flex.pos=+77.12 wrist_roll.pos=-0.74 gripper.pos=+0.88 | last: shoulder_pan.pos=-4.00 shoulder_lift.pos=-101.70 elbow_flex.pos=+87.95 wrist_flex.pos=+77.09 wrist_roll.pos=-0.99 gripper.pos=+0.86
DEBUG 2026-09-03 09:48:55 [action #1] t=0.94s step=0 queue=50 dmax=n/a | shoulder_pan.pos=-3.87 shoulder_lift.pos=-102.06 elbow_flex.pos=+88.62 wrist_flex.pos=+77.12 wrist_roll.pos=-0.74 gripper.pos=+0.88
DEBUG 2026-09-03 09:48:55 [action #2] t=0.97s step=1 queue=49 dmax=0.537 | shoulder_pan.pos=-3.92 shoulder_lift.pos=-102.60 elbow_flex.pos=+88.63 wrist_flex.pos=+77.16 wrist_roll.pos=-0.73 gripper.pos=+0.95
DEBUG 2026-09-03 09:48:55 [action #3] t=1.00s step=2 queue=48 dmax=0.422 | shoulder_pan.pos=-3.97 shoulder_lift.pos=-102.30 elbow_flex.pos=+88.21 wrist_flex.pos=+77.15 wrist_roll.pos=-0.80 gripper.pos=+0.88
DEBUG 2026-09-03 09:48:55 [action #4] t=1.04s step=3 queue=47 dmax=1.023 | shoulder_pan.pos=-3.79 shoulder_lift.pos=-102.57 elbow_flex.pos=+89.23 wrist_flex.pos=+77.38 wrist_roll.pos=-0.75 gripper.pos=+1.00
DEBUG 2026-09-03 09:48:55 [action #5] t=1.07s step=4 queue=46 dmax=0.993 | shoulder_pan.pos=-3.91 shoulder_lift.pos=-102.15 elbow_flex.pos=+88.24 wrist_flex.pos=+77.24 wrist_roll.pos=-0.92 gripper.pos=+0.89
DEBUG 2026-09-03 09:48:55 [action #6] t=1.10s step=5 queue=45 dmax=0.238 | shoulder_pan.pos=-3.75 shoulder_lift.pos=-101.94 elbow_flex.pos=+88.48 wrist_flex.pos=+77.37 wrist_roll.pos=-0.99 gripper.pos=+0.93
DEBUG 2026-09-03 09:48:55 [action #7] t=1.14s step=6 queue=44 dmax=0.482 | shoulder_pan.pos=-3.83 shoulder_lift.pos=-102.06 elbow_flex.pos=+88.96 wrist_flex.pos=+77.19 wrist_roll.pos=-1.01 gripper.pos=+0.91
DEBUG 2026-09-03 09:48:55 [action #8] t=1.17s step=7 queue=43 dmax=0.618 | shoulder_pan.pos=-3.72 shoulder_lift.pos=-101.93 elbow_flex.pos=+88.34 wrist_flex.pos=+77.30 wrist_roll.pos=-0.99 gripper.pos=+0.85
DEBUG 2026-09-03 09:48:55 [action #9] t=1.20s step=8 queue=42 dmax=0.133 | shoulder_pan.pos=-3.84 shoulder_lift.pos=-102.06 elbow_flex.pos=+88.22 wrist_flex.pos=+77.29 wrist_roll.pos=-1.09 gripper.pos=+0.95
DEBUG 2026-09-03 09:48:55 [action #10] t=1.24s step=9 queue=41 dmax=0.549 | shoulder_pan.pos=-3.80 shoulder_lift.pos=-102.11 elbow_flex.pos=+88.76 wrist_flex.pos=+77.29 wrist_roll.pos=-1.27 gripper.pos=+0.94
DEBUG 2026-09-03 09:48:55 [action #11] t=1.27s step=10 queue=40 dmax=0.804 | shoulder_pan.pos=-3.61 shoulder_lift.pos=-101.49 elbow_flex.pos=+87.96 wrist_flex.pos=+77.28 wrist_roll.pos=-1.08 gripper.pos=+0.99
DEBUG 2026-09-03 09:48:55 [action #12] t=1.30s step=11 queue=39 dmax=0.939 | shoulder_pan.pos=-3.96 shoulder_lift.pos=-102.43 elbow_flex.pos=+88.47 wrist_flex.pos=+77.38 wrist_roll.pos=-1.02 gripper.pos=+0.86
DEBUG 2026-09-03 09:48:55 [action #13] t=1.34s step=12 queue=38 dmax=0.342 | shoulder_pan.pos=-3.81 shoulder_lift.pos=-102.08 elbow_flex.pos=+88.47 wrist_flex.pos=+77.27 wrist_roll.pos=-1.03 gripper.pos=+0.86
DEBUG 2026-09-03 09:48:55 [action #14] t=1.37s step=13 queue=37 dmax=0.263 | shoulder_pan.pos=-3.59 shoulder_lift.pos=-101.83 elbow_flex.pos=+88.46 wrist_flex.pos=+77.53 wrist_roll.pos=-1.01 gripper.pos=+0.90
DEBUG 2026-09-03 09:48:55 [action #15] t=1.40s step=14 queue=36 dmax=0.342 | shoulder_pan.pos=-3.72 shoulder_lift.pos=-102.17 elbow_flex.pos=+88.51 wrist_flex.pos=+77.33 wrist_roll.pos=-1.09 gripper.pos=+0.99
DEBUG 2026-09-03 09:48:55 [action #16] t=1.44s step=15 queue=35 dmax=0.109 | shoulder_pan.pos=-3.83 shoulder_lift.pos=-102.18 elbow_flex.pos=+88.41 wrist_flex.pos=+77.25 wrist_roll.pos=-0.98 gripper.pos=+1.06
DEBUG 2026-09-03 09:48:55 [action #17] t=1.47s step=16 queue=34 dmax=0.602 | shoulder_pan.pos=-3.78 shoulder_lift.pos=-101.58 elbow_flex.pos=+88.12 wrist_flex.pos=+77.38 wrist_roll.pos=-1.03 gripper.pos=+0.96
DEBUG 2026-09-03 09:48:55 [action #18] t=1.50s step=17 queue=33 dmax=0.151 | shoulder_pan.pos=-3.88 shoulder_lift.pos=-101.60 elbow_flex.pos=+88.27 wrist_flex.pos=+77.25 wrist_roll.pos=-1.05 gripper.pos=+0.99
DEBUG 2026-09-03 09:48:55 [action #19] t=1.54s step=18 queue=32 dmax=0.443 | shoulder_pan.pos=-3.82 shoulder_lift.pos=-101.86 elbow_flex.pos=+87.83 wrist_flex.pos=+77.32 wrist_roll.pos=-0.99 gripper.pos=+0.89
DEBUG 2026-09-03 09:48:55 [action #20] t=1.57s step=19 queue=31 dmax=0.440 | shoulder_pan.pos=-3.79 shoulder_lift.pos=-101.87 elbow_flex.pos=+88.27 wrist_flex.pos=+77.38 wrist_roll.pos=-1.03 gripper.pos=+1.00
DEBUG 2026-09-03 09:48:55 [action #21] t=1.61s step=20 queue=30 dmax=0.595 | shoulder_pan.pos=-3.84 shoulder_lift.pos=-102.08 elbow_flex.pos=+87.67 wrist_flex.pos=+77.37 wrist_roll.pos=-1.04 gripper.pos=+0.95
DEBUG 2026-09-03 09:48:55 [action #22] t=1.64s step=21 queue=29 dmax=0.860 | shoulder_pan.pos=-3.80 shoulder_lift.pos=-102.22 elbow_flex.pos=+88.53 wrist_flex.pos=+77.34 wrist_roll.pos=-1.07 gripper.pos=+0.81
DEBUG 2026-09-03 09:48:55 [action #23] t=1.67s step=22 queue=28 dmax=0.326 | shoulder_pan.pos=-4.08 shoulder_lift.pos=-101.90 elbow_flex.pos=+88.22 wrist_flex.pos=+77.24 wrist_roll.pos=-1.06 gripper.pos=+0.85
DEBUG 2026-09-03 09:48:55 [action #24] t=1.71s step=23 queue=27 dmax=0.366 | shoulder_pan.pos=-3.71 shoulder_lift.pos=-101.71 elbow_flex.pos=+87.99 wrist_flex.pos=+77.22 wrist_roll.pos=-0.99 gripper.pos=+0.86
DEBUG 2026-09-03 09:48:55 [action #25] t=1.74s step=24 queue=26 dmax=0.637 | shoulder_pan.pos=-3.79 shoulder_lift.pos=-102.35 elbow_flex.pos=+88.57 wrist_flex.pos=+77.28 wrist_roll.pos=-1.09 gripper.pos=+0.94
DEBUG 2026-09-03 09:48:55 [action #26] t=1.77s step=25 queue=25 dmax=0.411 | shoulder_pan.pos=-3.66 shoulder_lift.pos=-101.94 elbow_flex.pos=+88.46 wrist_flex.pos=+77.30 wrist_roll.pos=-1.01 gripper.pos=+0.94
DEBUG 2026-09-03 09:48:56 [action #27] t=1.81s step=26 queue=24 dmax=0.634 | shoulder_pan.pos=-3.79 shoulder_lift.pos=-102.04 elbow_flex.pos=+87.83 wrist_flex.pos=+77.43 wrist_roll.pos=-0.99 gripper.pos=+0.90
DEBUG 2026-09-03 09:48:56 [action #28] t=1.84s step=27 queue=23 dmax=0.667 | shoulder_pan.pos=-3.76 shoulder_lift.pos=-101.97 elbow_flex.pos=+88.49 wrist_flex.pos=+77.30 wrist_roll.pos=-0.93 gripper.pos=+0.92
DEBUG 2026-09-03 09:48:56 [chunk] received 50 actions, timesteps 3..52 | first: shoulder_pan.pos=-3.84 shoulder_lift.pos=-102.25 elbow_flex.pos=+87.99 wrist_flex.pos=+77.15 wrist_roll.pos=-0.53 gripper.pos=+0.81 | last: shoulder_pan.pos=-3.73 shoulder_lift.pos=-101.74 elbow_flex.pos=+87.44 wrist_flex.pos=+77.67 wrist_roll.pos=-0.69 gripper.pos=+0.75
DEBUG 2026-09-03 09:48:56 [action #29] t=1.87s step=28 queue=25 dmax=0.600 | shoulder_pan.pos=-3.72 shoulder_lift.pos=-101.76 elbow_flex.pos=+87.89 wrist_flex.pos=+77.51 wrist_roll.pos=-0.72 gripper.pos=+0.76
DEBUG 2026-09-03 09:48:56 [action #30] t=1.91s step=29 queue=24 dmax=0.221 | shoulder_pan.pos=-3.67 shoulder_lift.pos=-101.84 elbow_flex.pos=+88.11 wrist_flex.pos=+77.55 wrist_roll.pos=-0.74 gripper.pos=+0.78
DEBUG 2026-09-03 09:48:56 [action #31] t=1.94s step=30 queue=23 dmax=0.166 | shoulder_pan.pos=-3.68 shoulder_lift.pos=-102.01 elbow_flex.pos=+88.14 wrist_flex.pos=+77.53 wrist_roll.pos=-0.71 gripper.pos=+0.72
DEBUG 2026-09-03 09:48:56 [action #32] t=1.97s step=31 queue=22 dmax=0.086 | shoulder_pan.pos=-3.66 shoulder_lift.pos=-102.09 elbow_flex.pos=+88.09 wrist_flex.pos=+77.62 wrist_roll.pos=-0.74 gripper.pos=+0.75
DEBUG 2026-09-03 09:48:56 [action #33] t=2.01s step=32 queue=21 dmax=0.156 | shoulder_pan.pos=-3.58 shoulder_lift.pos=-101.93 elbow_flex.pos=+87.98 wrist_flex.pos=+77.52 wrist_roll.pos=-0.74 gripper.pos=+0.84
DEBUG 2026-09-03 09:48:56 [action #34] t=2.04s step=33 queue=20 dmax=0.190 | shoulder_pan.pos=-3.77 shoulder_lift.pos=-102.01 elbow_flex.pos=+88.07 wrist_flex.pos=+77.50 wrist_roll.pos=-0.74 gripper.pos=+0.78
DEBUG 2026-09-03 09:48:56 [action #35] t=2.07s step=34 queue=19 dmax=0.580 | shoulder_pan.pos=-3.73 shoulder_lift.pos=-101.43 elbow_flex.pos=+87.95 wrist_flex.pos=+77.50 wrist_roll.pos=-0.74 gripper.pos=+0.83
DEBUG 2026-09-03 09:48:56 [action #36] t=2.11s step=35 queue=18 dmax=0.096 | shoulder_pan.pos=-3.78 shoulder_lift.pos=-101.51 elbow_flex.pos=+87.85 wrist_flex.pos=+77.45 wrist_roll.pos=-0.77 gripper.pos=+0.78
DEBUG 2026-09-03 09:48:56 [action #37] t=2.14s step=36 queue=17 dmax=0.492 | shoulder_pan.pos=-3.81 shoulder_lift.pos=-101.94 elbow_flex.pos=+88.34 wrist_flex.pos=+77.63 wrist_roll.pos=-0.70 gripper.pos=+0.71
DEBUG 2026-09-03 09:48:56 [action #38] t=2.17s step=37 queue=16 dmax=0.276 | shoulder_pan.pos=-3.83 shoulder_lift.pos=-102.03 elbow_flex.pos=+88.07 wrist_flex.pos=+77.63 wrist_roll.pos=-0.70 gripper.pos=+0.80
DEBUG 2026-09-03 09:48:56 [action #39] t=2.21s step=38 queue=15 dmax=0.152 | shoulder_pan.pos=-3.88 shoulder_lift.pos=-101.87 elbow_flex.pos=+88.16 wrist_flex.pos=+77.62 wrist_roll.pos=-0.75 gripper.pos=+0.80
DEBUG 2026-09-03 09:48:56 [action #40] t=2.24s step=39 queue=14 dmax=0.277 | shoulder_pan.pos=-3.85 shoulder_lift.pos=-101.60 elbow_flex.pos=+88.00 wrist_flex.pos=+77.53 wrist_roll.pos=-0.76 gripper.pos=+0.82
DEBUG 2026-09-03 09:48:56 [action #41] t=2.27s step=40 queue=13 dmax=0.212 | shoulder_pan.pos=-3.77 shoulder_lift.pos=-101.81 elbow_flex.pos=+87.83 wrist_flex.pos=+77.61 wrist_roll.pos=-0.71 gripper.pos=+0.80
DEBUG 2026-09-03 09:48:56 [action #42] t=2.31s step=41 queue=12 dmax=0.194 | shoulder_pan.pos=-3.85 shoulder_lift.pos=-101.68 elbow_flex.pos=+88.02 wrist_flex.pos=+77.66 wrist_roll.pos=-0.73 gripper.pos=+0.81
DEBUG 2026-09-03 09:48:56 [action #43] t=2.34s step=42 queue=11 dmax=0.312 | shoulder_pan.pos=-3.78 shoulder_lift.pos=-101.62 elbow_flex.pos=+88.33 wrist_flex.pos=+77.56 wrist_roll.pos=-0.73 gripper.pos=+0.84
DEBUG 2026-09-03 09:48:56 [action #44] t=2.37s step=43 queue=10 dmax=0.176 | shoulder_pan.pos=-3.79 shoulder_lift.pos=-101.45 elbow_flex.pos=+88.16 wrist_flex.pos=+77.64 wrist_roll.pos=-0.76 gripper.pos=+0.79
DEBUG 2026-09-03 09:48:56 [action #45] t=2.41s step=44 queue=9 dmax=0.288 | shoulder_pan.pos=-3.90 shoulder_lift.pos=-101.73 elbow_flex.pos=+88.17 wrist_flex.pos=+77.57 wrist_roll.pos=-0.76 gripper.pos=+0.78
DEBUG 2026-09-03 09:48:56 [action #46] t=2.44s step=45 queue=8 dmax=0.415 | shoulder_pan.pos=-3.80 shoulder_lift.pos=-101.32 elbow_flex.pos=+88.07 wrist_flex.pos=+77.54 wrist_roll.pos=-0.73 gripper.pos=+0.85
DEBUG 2026-09-03 09:48:56 [action #47] t=2.47s step=46 queue=7 dmax=0.639 | shoulder_pan.pos=-3.72 shoulder_lift.pos=-101.96 elbow_flex.pos=+88.01 wrist_flex.pos=+77.56 wrist_roll.pos=-0.78 gripper.pos=+0.83
DEBUG 2026-09-03 09:48:56 [action #48] t=2.51s step=47 queue=6 dmax=0.352 | shoulder_pan.pos=-3.78 shoulder_lift.pos=-101.80 elbow_flex.pos=+87.66 wrist_flex.pos=+77.55 wrist_roll.pos=-0.75 gripper.pos=+0.76
DEBUG 2026-09-03 09:48:56 [action #49] t=2.54s step=48 queue=5 dmax=0.276 | shoulder_pan.pos=-3.80 shoulder_lift.pos=-101.52 elbow_flex.pos=+87.76 wrist_flex.pos=+77.59 wrist_roll.pos=-0.80 gripper.pos=+0.80
DEBUG 2026-09-03 09:48:56 [action #50] t=2.57s step=49 queue=4 dmax=0.503 | shoulder_pan.pos=-3.95 shoulder_lift.pos=-102.02 elbow_flex.pos=+88.02 wrist_flex.pos=+77.52 wrist_roll.pos=-0.77 gripper.pos=+0.74
DEBUG 2026-09-03 09:48:56 [action #51] t=2.61s step=50 queue=3 dmax=0.371 | shoulder_pan.pos=-3.70 shoulder_lift.pos=-101.81 elbow_flex.pos=+87.65 wrist_flex.pos=+77.72 wrist_roll.pos=-0.68 gripper.pos=+0.80
DEBUG 2026-09-03 09:48:56 [action #52] t=2.64s step=51 queue=2 dmax=0.362 | shoulder_pan.pos=-3.78 shoulder_lift.pos=-101.45 elbow_flex.pos=+87.60 wrist_flex.pos=+77.75 wrist_roll.pos=-0.71 gripper.pos=+0.73
DEBUG 2026-09-03 09:48:56 [action #53] t=2.68s step=52 queue=1 dmax=0.285 | shoulder_pan.pos=-3.73 shoulder_lift.pos=-101.74 elbow_flex.pos=+87.44 wrist_flex.pos=+77.67 wrist_roll.pos=-0.69 gripper.pos=+0.75
DEBUG 2026-09-03 09:48:57 [chunk] received 50 actions, timesteps 52..101 | first: shoulder_pan.pos=-3.40 shoulder_lift.pos=-102.51 elbow_flex.pos=+88.44 wrist_flex.pos=+77.70 wrist_roll.pos=-0.62 gripper.pos=+0.71 | last: shoulder_pan.pos=-3.68 shoulder_lift.pos=-101.80 elbow_flex.pos=+87.87 wrist_flex.pos=+77.72 wrist_roll.pos=-0.73 gripper.pos=+0.71
DEBUG 2026-09-03 09:48:57 [action #54] t=3.61s step=53 queue=49 dmax=0.823 | shoulder_pan.pos=-3.47 shoulder_lift.pos=-102.56 elbow_flex.pos=+88.15 wrist_flex.pos=+77.77 wrist_roll.pos=-0.63 gripper.pos=+0.69
DEBUG 2026-09-03 09:48:57 [action #55] t=3.65s step=54 queue=48 dmax=0.246 | shoulder_pan.pos=-3.49 shoulder_lift.pos=-102.39 elbow_flex.pos=+87.90 wrist_flex.pos=+77.82 wrist_roll.pos=-0.66 gripper.pos=+0.61
DEBUG 2026-09-03 09:48:57 [action #56] t=3.68s step=55 queue=47 dmax=0.339 | shoulder_pan.pos=-3.48 shoulder_lift.pos=-102.36 elbow_flex.pos=+88.24 wrist_flex.pos=+77.92 wrist_roll.pos=-0.60 gripper.pos=+0.62
DEBUG 2026-09-03 09:48:57 [action #57] t=3.71s step=56 queue=46 dmax=0.712 | shoulder_pan.pos=-3.55 shoulder_lift.pos=-101.65 elbow_flex.pos=+88.00 wrist_flex.pos=+77.87 wrist_roll.pos=-0.60 gripper.pos=+0.72
DEBUG 2026-09-03 09:48:57 [action #58] t=3.75s step=57 queue=45 dmax=0.253 | shoulder_pan.pos=-3.61 shoulder_lift.pos=-101.91 elbow_flex.pos=+88.02 wrist_flex.pos=+77.84 wrist_roll.pos=-0.66 gripper.pos=+0.58
DEBUG 2026-09-03 09:48:57 [action #59] t=3.78s step=58 queue=44 dmax=0.198 | shoulder_pan.pos=-3.62 shoulder_lift.pos=-102.05 elbow_flex.pos=+87.95 wrist_flex.pos=+78.04 wrist_roll.pos=-0.63 gripper.pos=+0.64
DEBUG 2026-09-03 09:48:58 [action #60] t=3.81s step=59 queue=43 dmax=0.136 | shoulder_pan.pos=-3.69 shoulder_lift.pos=-102.15 elbow_flex.pos=+88.08 wrist_flex.pos=+78.06 wrist_roll.pos=-0.64 gripper.pos=+0.66
DEBUG 2026-09-03 09:48:58 [action #61] t=3.85s step=60 queue=42 dmax=0.176 | shoulder_pan.pos=-3.69 shoulder_lift.pos=-102.08 elbow_flex.pos=+88.26 wrist_flex.pos=+78.00 wrist_roll.pos=-0.64 gripper.pos=+0.78
DEBUG 2026-09-03 09:48:58 [action #62] t=3.88s step=61 queue=41 dmax=0.281 | shoulder_pan.pos=-3.53 shoulder_lift.pos=-102.17 elbow_flex.pos=+87.98 wrist_flex.pos=+78.01 wrist_roll.pos=-0.56 gripper.pos=+0.66
DEBUG 2026-09-03 09:48:58 [action #63] t=3.91s step=62 queue=40 dmax=0.204 | shoulder_pan.pos=-3.51 shoulder_lift.pos=-102.18 elbow_flex.pos=+88.18 wrist_flex.pos=+78.04 wrist_roll.pos=-0.65 gripper.pos=+0.70
DEBUG 2026-09-03 09:48:58 [action #64] t=3.95s step=63 queue=39 dmax=0.262 | shoulder_pan.pos=-3.77 shoulder_lift.pos=-101.92 elbow_flex.pos=+88.25 wrist_flex.pos=+77.99 wrist_roll.pos=-0.65 gripper.pos=+0.72
DEBUG 2026-09-03 09:48:58 [action #65] t=3.98s step=64 queue=38 dmax=0.610 | shoulder_pan.pos=-3.54 shoulder_lift.pos=-101.81 elbow_flex.pos=+87.64 wrist_flex.pos=+77.90 wrist_roll.pos=-0.65 gripper.pos=+0.61
DEBUG 2026-09-03 09:48:58 [action #66] t=4.01s step=65 queue=37 dmax=0.313 | shoulder_pan.pos=-3.58 shoulder_lift.pos=-102.13 elbow_flex.pos=+87.56 wrist_flex.pos=+77.86 wrist_roll.pos=-0.63 gripper.pos=+0.72
DEBUG 2026-09-03 09:48:58 [action #67] t=4.05s step=66 queue=36 dmax=0.377 | shoulder_pan.pos=-3.82 shoulder_lift.pos=-102.50 elbow_flex.pos=+87.90 wrist_flex.pos=+78.01 wrist_roll.pos=-0.70 gripper.pos=+0.68
DEBUG 2026-09-03 09:48:58 [action #68] t=4.08s step=67 queue=35 dmax=0.318 | shoulder_pan.pos=-3.60 shoulder_lift.pos=-102.18 elbow_flex.pos=+87.84 wrist_flex.pos=+77.79 wrist_roll.pos=-0.71 gripper.pos=+0.70
DEBUG 2026-09-03 09:48:58 [action #69] t=4.11s step=68 queue=34 dmax=0.088 | shoulder_pan.pos=-3.67 shoulder_lift.pos=-102.20 elbow_flex.pos=+87.90 wrist_flex.pos=+77.80 wrist_roll.pos=-0.63 gripper.pos=+0.72
DEBUG 2026-09-03 09:48:58 [action #70] t=4.15s step=69 queue=33 dmax=0.375 | shoulder_pan.pos=-3.70 shoulder_lift.pos=-102.57 elbow_flex.pos=+87.67 wrist_flex.pos=+77.86 wrist_roll.pos=-0.64 gripper.pos=+0.70
DEBUG 2026-09-03 09:48:58 [action #71] t=4.18s step=70 queue=32 dmax=0.671 | shoulder_pan.pos=-3.73 shoulder_lift.pos=-101.90 elbow_flex.pos=+87.43 wrist_flex.pos=+77.76 wrist_roll.pos=-0.63 gripper.pos=+0.70
DEBUG 2026-09-03 09:48:58 [action #72] t=4.21s step=71 queue=31 dmax=0.677 | shoulder_pan.pos=-3.83 shoulder_lift.pos=-102.58 elbow_flex.pos=+87.75 wrist_flex.pos=+77.80 wrist_roll.pos=-0.64 gripper.pos=+0.70
DEBUG 2026-09-03 09:48:58 [action #73] t=4.25s step=72 queue=30 dmax=0.842 | shoulder_pan.pos=-3.88 shoulder_lift.pos=-101.74 elbow_flex.pos=+87.35 wrist_flex.pos=+77.87 wrist_roll.pos=-0.60 gripper.pos=+0.64
DEBUG 2026-09-03 09:48:58 [action #74] t=4.28s step=73 queue=29 dmax=0.527 | shoulder_pan.pos=-3.87 shoulder_lift.pos=-102.27 elbow_flex.pos=+87.71 wrist_flex.pos=+77.79 wrist_roll.pos=-0.64 gripper.pos=+0.73
DEBUG 2026-09-03 09:48:58 [action #75] t=4.31s step=74 queue=28 dmax=0.236 | shoulder_pan.pos=-3.75 shoulder_lift.pos=-102.50 elbow_flex.pos=+87.48 wrist_flex.pos=+77.82 wrist_roll.pos=-0.62 gripper.pos=+0.71
DEBUG 2026-09-03 09:48:58 [action #76] t=4.35s step=75 queue=27 dmax=0.519 | shoulder_pan.pos=-4.03 shoulder_lift.pos=-101.98 elbow_flex.pos=+87.66 wrist_flex.pos=+77.82 wrist_roll.pos=-0.64 gripper.pos=+0.71
DEBUG 2026-09-03 09:48:58 [action #77] t=4.38s step=76 queue=26 dmax=0.193 | shoulder_pan.pos=-3.94 shoulder_lift.pos=-102.07 elbow_flex.pos=+87.47 wrist_flex.pos=+77.67 wrist_roll.pos=-0.64 gripper.pos=+0.63
DEBUG 2026-09-03 09:48:58 [action #78] t=4.41s step=77 queue=25 dmax=0.086 | shoulder_pan.pos=-3.94 shoulder_lift.pos=-102.15 elbow_flex.pos=+87.40 wrist_flex.pos=+77.75 wrist_roll.pos=-0.61 gripper.pos=+0.66
DEBUG 2026-09-03 09:48:58 [action #79] t=4.45s step=78 queue=24 dmax=0.291 | shoulder_pan.pos=-3.98 shoulder_lift.pos=-102.13 elbow_flex.pos=+87.69 wrist_flex.pos=+77.74 wrist_roll.pos=-0.62 gripper.pos=+0.62
DEBUG 2026-09-03 09:48:58 [action #80] t=4.48s step=79 queue=23 dmax=0.097 | shoulder_pan.pos=-3.88 shoulder_lift.pos=-102.07 elbow_flex.pos=+87.66 wrist_flex.pos=+77.71 wrist_roll.pos=-0.63 gripper.pos=+0.67
DEBUG 2026-09-03 09:48:58 [action #81] t=4.51s step=80 queue=22 dmax=0.610 | shoulder_pan.pos=-3.99 shoulder_lift.pos=-102.68 elbow_flex.pos=+88.06 wrist_flex.pos=+77.71 wrist_roll.pos=-0.60 gripper.pos=+0.67
DEBUG 2026-09-03 09:48:58 [action #82] t=4.55s step=81 queue=21 dmax=0.665 | shoulder_pan.pos=-3.91 shoulder_lift.pos=-102.19 elbow_flex.pos=+87.39 wrist_flex.pos=+77.80 wrist_roll.pos=-0.63 gripper.pos=+0.73
DEBUG 2026-09-03 09:48:58 [action #83] t=4.58s step=82 queue=20 dmax=0.322 | shoulder_pan.pos=-3.88 shoulder_lift.pos=-102.14 elbow_flex.pos=+87.71 wrist_flex.pos=+77.76 wrist_roll.pos=-0.67 gripper.pos=+0.67
DEBUG 2026-09-03 09:48:58 [action #84] t=4.62s step=83 queue=19 dmax=0.337 | shoulder_pan.pos=-3.82 shoulder_lift.pos=-102.48 elbow_flex.pos=+87.98 wrist_flex.pos=+77.74 wrist_roll.pos=-0.67 gripper.pos=+0.76
DEBUG 2026-09-03 09:48:58 [action #85] t=4.65s step=84 queue=18 dmax=0.312 | shoulder_pan.pos=-3.84 shoulder_lift.pos=-102.17 elbow_flex.pos=+88.04 wrist_flex.pos=+77.81 wrist_roll.pos=-0.68 gripper.pos=+0.66
DEBUG 2026-09-03 09:48:58 [action #86] t=4.68s step=85 queue=17 dmax=0.106 | shoulder_pan.pos=-3.79 shoulder_lift.pos=-102.27 elbow_flex.pos=+88.11 wrist_flex.pos=+77.74 wrist_roll.pos=-0.66 gripper.pos=+0.69
DEBUG 2026-09-03 09:48:58 [action #87] t=4.72s step=86 queue=16 dmax=0.469 | shoulder_pan.pos=-3.79 shoulder_lift.pos=-101.86 elbow_flex.pos=+87.64 wrist_flex.pos=+77.76 wrist_roll.pos=-0.74 gripper.pos=+0.71
DEBUG 2026-09-03 09:48:58 [action #88] t=4.75s step=87 queue=15 dmax=0.452 | shoulder_pan.pos=-3.74 shoulder_lift.pos=-102.31 elbow_flex.pos=+87.56 wrist_flex.pos=+77.74 wrist_roll.pos=-0.67 gripper.pos=+0.70
DEBUG 2026-09-03 09:48:58 [action #89] t=4.78s step=88 queue=14 dmax=0.499 | shoulder_pan.pos=-3.74 shoulder_lift.pos=-101.98 elbow_flex.pos=+88.06 wrist_flex.pos=+77.75 wrist_roll.pos=-0.74 gripper.pos=+0.69
DEBUG 2026-09-03 09:48:59 [action #90] t=4.82s step=89 queue=13 dmax=0.527 | shoulder_pan.pos=-3.79 shoulder_lift.pos=-101.80 elbow_flex.pos=+87.53 wrist_flex.pos=+77.76 wrist_roll.pos=-0.65 gripper.pos=+0.66
DEBUG 2026-09-03 09:48:59 [action #91] t=4.85s step=90 queue=12 dmax=0.254 | shoulder_pan.pos=-3.73 shoulder_lift.pos=-101.96 elbow_flex.pos=+87.79 wrist_flex.pos=+77.73 wrist_roll.pos=-0.68 gripper.pos=+0.70
DEBUG 2026-09-03 09:48:59 [action #92] t=4.88s step=91 queue=11 dmax=0.434 | shoulder_pan.pos=-3.78 shoulder_lift.pos=-102.14 elbow_flex.pos=+88.22 wrist_flex.pos=+77.71 wrist_roll.pos=-0.70 gripper.pos=+0.75
DEBUG 2026-09-03 09:48:59 [action #93] t=4.92s step=92 queue=10 dmax=0.486 | shoulder_pan.pos=-3.71 shoulder_lift.pos=-102.00 elbow_flex.pos=+87.74 wrist_flex.pos=+77.65 wrist_roll.pos=-0.70 gripper.pos=+0.73
DEBUG 2026-09-03 09:48:59 [action #94] t=4.95s step=93 queue=9 dmax=0.140 | shoulder_pan.pos=-3.73 shoulder_lift.pos=-102.04 elbow_flex.pos=+87.88 wrist_flex.pos=+77.76 wrist_roll.pos=-0.76 gripper.pos=+0.71
DEBUG 2026-09-03 09:48:59 [action #95] t=4.98s step=94 queue=8 dmax=0.407 | shoulder_pan.pos=-3.82 shoulder_lift.pos=-102.07 elbow_flex.pos=+87.47 wrist_flex.pos=+77.65 wrist_roll.pos=-0.69 gripper.pos=+0.72
DEBUG 2026-09-03 09:48:59 [action #96] t=5.02s step=95 queue=7 dmax=0.217 | shoulder_pan.pos=-3.79 shoulder_lift.pos=-101.97 elbow_flex.pos=+87.69 wrist_flex.pos=+77.76 wrist_roll.pos=-0.74 gripper.pos=+0.74
DEBUG 2026-09-03 09:48:59 [action #97] t=5.05s step=96 queue=6 dmax=0.153 | shoulder_pan.pos=-3.83 shoulder_lift.pos=-102.13 elbow_flex.pos=+87.71 wrist_flex.pos=+77.74 wrist_roll.pos=-0.76 gripper.pos=+0.78
DEBUG 2026-09-03 09:48:59 [action #98] t=5.08s step=97 queue=5 dmax=0.144 | shoulder_pan.pos=-3.87 shoulder_lift.pos=-101.99 elbow_flex.pos=+87.57 wrist_flex.pos=+77.66 wrist_roll.pos=-0.74 gripper.pos=+0.74
DEBUG 2026-09-03 09:48:59 [action #99] t=5.12s step=98 queue=4 dmax=0.139 | shoulder_pan.pos=-3.87 shoulder_lift.pos=-101.86 elbow_flex.pos=+87.71 wrist_flex.pos=+77.74 wrist_roll.pos=-0.81 gripper.pos=+0.81
DEBUG 2026-09-03 09:48:59 [action #100] t=5.15s step=99 queue=3 dmax=0.221 | shoulder_pan.pos=-3.86 shoulder_lift.pos=-101.89 elbow_flex.pos=+87.49 wrist_flex.pos=+77.72 wrist_roll.pos=-0.76 gripper.pos=+0.82
DEBUG 2026-09-03 09:48:59 [action #101] t=5.18s step=100 queue=2 dmax=0.383 | shoulder_pan.pos=-3.93 shoulder_lift.pos=-102.01 elbow_flex.pos=+87.87 wrist_flex.pos=+77.73 wrist_roll.pos=-0.78 gripper.pos=+0.76
DEBUG 2026-09-03 09:48:59 [action #102] t=5.22s step=101 queue=1 dmax=0.250 | shoulder_pan.pos=-3.68 shoulder_lift.pos=-101.80 elbow_flex.pos=+87.87 wrist_flex.pos=+77.72 wrist_roll.pos=-0.73 gripper.pos=+0.71
DEBUG 2026-09-03 09:49:00 [chunk] received 50 actions, timesteps 101..150 | first: shoulder_pan.pos=-4.17 shoulder_lift.pos=-102.13 elbow_flex.pos=+88.22 wrist_flex.pos=+77.61 wrist_roll.pos=-0.81 gripper.pos=+0.63 | last: shoulder_pan.pos=-3.40 shoulder_lift.pos=-102.36 elbow_flex.pos=+87.84 wrist_flex.pos=+77.54 wrist_roll.pos=-0.86 gripper.pos=+0.76
DEBUG 2026-09-03 09:49:00 [action #103] t=6.15s step=102 queue=49 dmax=0.728 | shoulder_pan.pos=-3.80 shoulder_lift.pos=-102.40 elbow_flex.pos=+88.60 wrist_flex.pos=+77.58 wrist_roll.pos=-0.65 gripper.pos=+0.85
INFO 2026-09-03 09:49:05 Final action sent: shoulder_pan.pos=-3.80 shoulder_lift.pos=-102.40 elbow_flex.pos=+88.60 wrist_flex.pos=+77.58 wrist_roll.pos=-0.65 gripper.pos=+0.85
DEBUG 2026-09-03 09:49:05 === episode end | 11.1s | converged=True | actions=103 ===
