INFO 2026-08-06 23:19:33 estrator.py:696 Decomposing high-level prompt: 'put everything on the tray except for the toy'
INFO 2026-08-06 23:19:34 estrator.py:615 Saved VLM frame: runs/run_2026-08-06_23-04-44/06/decompose_20260806_231933.png
  Generated 18 tokens in 1.4s (13.2 tok/s)

Identification output:
{"visible_objects": ["banana", "toy", "tray", "table"]}
INFO 2026-08-06 23:19:35 estrator.py:454 Identified objects (4): ['banana', 'toy', 'tray', 'table']
  Generated 51 tokens in 3.5s (14.6 tok/s)
INFO 2026-08-06 23:19:39 estrator.py:473 Raw VLM decomposition output (169 chars): '{\n  "visible_objects": ["banana", "toy", "tray", "table"],\n  "excluded_objects": ["toy"],\n  "allowed_objects": ["banana"],\n  "subtasks": ["put the banana on the tray"]\n}'

Visible: ['banana', 'toy', 'tray', 'table']
Excluded: ['toy']
Allowed: ['banana']

Parsed 1 sub-tasks:
  1. put the banana on the tray
INFO 2026-08-06 23:19:39 estrator.py:714 Sub-task queue (1):
INFO 2026-08-06 23:19:39 estrator.py:716   1. put the banana on the tray
INFO 2026-08-06 23:19:39 estrator.py:764 [1] Executing sub-task: 'put the banana on the tray' (1 retries left)
INFO 2026-08-06 23:19:39 ent_loop.py:453 Control loop started | task: 'put the banana on the tray' | duration: 30.0s
INFO 2026-08-06 23:19:39 ent_loop.py:411 Action receiver thread started
INFO 2026-08-06 23:20:00 ent_loop.py:620 Episode finished: 21.6s, converged=True, max_displacement=212.2990, actions=588
INFO 2026-08-06 23:20:00 ent_loop.py:266 Returning to home position...
INFO 2026-08-06 23:20:02 ent_loop.py:279 Home position reached.
INFO 2026-08-06 23:20:05 estrator.py:646 Saved VLM eval clip (32 frames) to runs/run_2026-08-06_23-04-44/06
INFO 2026-08-06 23:20:05 estrator.py:877 Evaluation observation: video clip (32 frames over 21.0s of a 21.6s episode, 1.47 fps)
  Generated 21 tokens in 1.8s (11.9 tok/s)
INFO 2026-08-06 23:20:07 estrator.py:506 Raw eval output: {"success": true, "reason": "The banana is now on the tray as instructed."}
INFO 2026-08-06 23:20:07 estrator.py:926 VLM judgement: success=True | The banana is now on the tray as instructed.
INFO 2026-08-06 23:20:07 estrator.py:990 High-level task complete: 'put everything on the tray except for the toy'
INFO 2026-08-06 23:20:07 estrator.py:991   Completed 1/1 original sub-tasks: ['put the banana on the tray']
