DEBUG 2026-09-03 09:52:47 === episode start | task: 'put the brown cylinder on the tray' | duration: 50.0s ===
DEBUG 2026-09-03 09:52:48 [chunk] received 50 actions, timesteps 0..49 | first: shoulder_pan.pos=-4.35 shoulder_lift.pos=-102.81 elbow_flex.pos=+88.66 wrist_flex.pos=+77.12 wrist_roll.pos=-0.27 gripper.pos=+1.09 | last: shoulder_pan.pos=-3.99 shoulder_lift.pos=-102.38 elbow_flex.pos=+88.55 wrist_flex.pos=+77.16 wrist_roll.pos=-0.37 gripper.pos=+0.81
DEBUG 2026-09-03 09:52:48 [action #1] t=0.90s step=0 queue=50 dmax=n/a | shoulder_pan.pos=-4.35 shoulder_lift.pos=-102.81 elbow_flex.pos=+88.66 wrist_flex.pos=+77.12 wrist_roll.pos=-0.27 gripper.pos=+1.09
DEBUG 2026-09-03 09:52:48 [action #2] t=0.94s step=1 queue=49 dmax=0.277 | shoulder_pan.pos=-4.36 shoulder_lift.pos=-102.87 elbow_flex.pos=+88.39 wrist_flex.pos=+77.14 wrist_roll.pos=-0.25 gripper.pos=+1.01
DEBUG 2026-09-03 09:52:48 [action #3] t=0.97s step=2 queue=48 dmax=0.175 | shoulder_pan.pos=-4.34 shoulder_lift.pos=-102.69 elbow_flex.pos=+88.26 wrist_flex.pos=+77.16 wrist_roll.pos=-0.23 gripper.pos=+0.93
DEBUG 2026-09-03 09:52:48 [action #4] t=1.00s step=3 queue=47 dmax=0.316 | shoulder_pan.pos=-4.18 shoulder_lift.pos=-102.38 elbow_flex.pos=+88.49 wrist_flex.pos=+77.23 wrist_roll.pos=-0.21 gripper.pos=+1.02
DEBUG 2026-09-03 09:52:48 [action #5] t=1.04s step=4 queue=46 dmax=0.404 | shoulder_pan.pos=-4.00 shoulder_lift.pos=-102.78 elbow_flex.pos=+88.31 wrist_flex.pos=+77.46 wrist_roll.pos=-0.23 gripper.pos=+1.03
DEBUG 2026-09-03 09:52:48 [action #6] t=1.07s step=5 queue=45 dmax=0.463 | shoulder_pan.pos=-4.12 shoulder_lift.pos=-102.75 elbow_flex.pos=+88.77 wrist_flex.pos=+77.46 wrist_roll.pos=-0.28 gripper.pos=+1.01
DEBUG 2026-09-03 09:52:48 [action #7] t=1.10s step=6 queue=44 dmax=0.344 | shoulder_pan.pos=-4.28 shoulder_lift.pos=-102.40 elbow_flex.pos=+88.63 wrist_flex.pos=+77.42 wrist_roll.pos=-0.27 gripper.pos=+1.01
DEBUG 2026-09-03 09:52:48 [action #8] t=1.14s step=7 queue=43 dmax=0.316 | shoulder_pan.pos=-4.20 shoulder_lift.pos=-102.72 elbow_flex.pos=+88.38 wrist_flex.pos=+77.66 wrist_roll.pos=-0.31 gripper.pos=+1.00
DEBUG 2026-09-03 09:52:48 [action #9] t=1.17s step=8 queue=42 dmax=0.185 | shoulder_pan.pos=-4.09 shoulder_lift.pos=-102.61 elbow_flex.pos=+88.56 wrist_flex.pos=+77.47 wrist_roll.pos=-0.23 gripper.pos=+0.92
DEBUG 2026-09-03 09:52:48 [action #10] t=1.20s step=9 queue=41 dmax=0.236 | shoulder_pan.pos=-4.11 shoulder_lift.pos=-102.53 elbow_flex.pos=+88.44 wrist_flex.pos=+77.71 wrist_roll.pos=-0.25 gripper.pos=+0.93
DEBUG 2026-09-03 09:52:48 [action #11] t=1.24s step=10 queue=40 dmax=0.210 | shoulder_pan.pos=-4.05 shoulder_lift.pos=-102.74 elbow_flex.pos=+88.32 wrist_flex.pos=+77.76 wrist_roll.pos=-0.21 gripper.pos=+0.95
DEBUG 2026-09-03 09:52:48 [action #12] t=1.27s step=11 queue=39 dmax=0.326 | shoulder_pan.pos=-4.06 shoulder_lift.pos=-102.42 elbow_flex.pos=+88.46 wrist_flex.pos=+77.72 wrist_roll.pos=-0.30 gripper.pos=+1.00
DEBUG 2026-09-03 09:52:48 [action #13] t=1.30s step=12 queue=38 dmax=0.203 | shoulder_pan.pos=-4.25 shoulder_lift.pos=-102.62 elbow_flex.pos=+88.60 wrist_flex.pos=+77.66 wrist_roll.pos=-0.31 gripper.pos=+0.98
DEBUG 2026-09-03 09:52:48 [action #14] t=1.34s step=13 queue=37 dmax=0.308 | shoulder_pan.pos=-4.23 shoulder_lift.pos=-102.31 elbow_flex.pos=+88.59 wrist_flex.pos=+77.74 wrist_roll.pos=-0.32 gripper.pos=+0.87
DEBUG 2026-09-03 09:52:48 [action #15] t=1.37s step=14 queue=36 dmax=0.122 | shoulder_pan.pos=-4.13 shoulder_lift.pos=-102.26 elbow_flex.pos=+88.71 wrist_flex.pos=+77.61 wrist_roll.pos=-0.29 gripper.pos=+0.91
DEBUG 2026-09-03 09:52:48 [action #16] t=1.41s step=15 queue=35 dmax=0.188 | shoulder_pan.pos=-4.08 shoulder_lift.pos=-102.45 elbow_flex.pos=+88.80 wrist_flex.pos=+77.73 wrist_roll.pos=-0.35 gripper.pos=+0.93
DEBUG 2026-09-03 09:52:48 [action #17] t=1.44s step=16 queue=34 dmax=0.228 | shoulder_pan.pos=-4.26 shoulder_lift.pos=-102.22 elbow_flex.pos=+88.74 wrist_flex.pos=+77.63 wrist_roll.pos=-0.33 gripper.pos=+1.02
DEBUG 2026-09-03 09:52:48 [action #18] t=1.47s step=17 queue=33 dmax=0.271 | shoulder_pan.pos=-3.99 shoulder_lift.pos=-102.35 elbow_flex.pos=+88.61 wrist_flex.pos=+77.53 wrist_roll.pos=-0.33 gripper.pos=+0.95
DEBUG 2026-09-03 09:52:48 [action #19] t=1.51s step=18 queue=32 dmax=0.305 | shoulder_pan.pos=-4.07 shoulder_lift.pos=-102.20 elbow_flex.pos=+88.92 wrist_flex.pos=+77.54 wrist_roll.pos=-0.36 gripper.pos=+1.08
DEBUG 2026-09-03 09:52:48 [action #20] t=1.54s step=19 queue=31 dmax=0.233 | shoulder_pan.pos=-4.10 shoulder_lift.pos=-101.96 elbow_flex.pos=+88.99 wrist_flex.pos=+77.62 wrist_roll.pos=-0.36 gripper.pos=+1.07
DEBUG 2026-09-03 09:52:48 [action #21] t=1.57s step=20 queue=30 dmax=0.357 | shoulder_pan.pos=-4.17 shoulder_lift.pos=-102.32 elbow_flex.pos=+88.97 wrist_flex.pos=+77.49 wrist_roll.pos=-0.37 gripper.pos=+1.00
DEBUG 2026-09-03 09:52:49 [action #22] t=1.61s step=21 queue=29 dmax=0.179 | shoulder_pan.pos=-4.13 shoulder_lift.pos=-102.22 elbow_flex.pos=+88.79 wrist_flex.pos=+77.52 wrist_roll.pos=-0.42 gripper.pos=+0.97
DEBUG 2026-09-03 09:52:49 [action #23] t=1.64s step=22 queue=28 dmax=0.343 | shoulder_pan.pos=-4.19 shoulder_lift.pos=-102.09 elbow_flex.pos=+88.45 wrist_flex.pos=+77.64 wrist_roll.pos=-0.39 gripper.pos=+1.06
DEBUG 2026-09-03 09:52:49 [action #24] t=1.67s step=23 queue=27 dmax=0.269 | shoulder_pan.pos=-4.27 shoulder_lift.pos=-102.14 elbow_flex.pos=+88.45 wrist_flex.pos=+77.37 wrist_roll.pos=-0.34 gripper.pos=+0.96
DEBUG 2026-09-03 09:52:49 [action #25] t=1.71s step=24 queue=26 dmax=0.274 | shoulder_pan.pos=-4.08 shoulder_lift.pos=-102.00 elbow_flex.pos=+88.72 wrist_flex.pos=+77.29 wrist_roll.pos=-0.35 gripper.pos=+0.92
DEBUG 2026-09-03 09:52:49 [action #26] t=1.74s step=25 queue=25 dmax=0.185 | shoulder_pan.pos=-4.19 shoulder_lift.pos=-102.09 elbow_flex.pos=+88.89 wrist_flex.pos=+77.48 wrist_roll.pos=-0.32 gripper.pos=+0.87
DEBUG 2026-09-03 09:52:49 [action #27] t=1.77s step=26 queue=24 dmax=0.326 | shoulder_pan.pos=-4.23 shoulder_lift.pos=-102.41 elbow_flex.pos=+89.00 wrist_flex.pos=+77.31 wrist_roll.pos=-0.32 gripper.pos=+0.95
DEBUG 2026-09-03 09:52:49 [action #28] t=1.81s step=27 queue=23 dmax=0.263 | shoulder_pan.pos=-4.13 shoulder_lift.pos=-102.44 elbow_flex.pos=+88.94 wrist_flex.pos=+77.57 wrist_roll.pos=-0.31 gripper.pos=+0.99
DEBUG 2026-09-03 09:52:49 [action #29] t=1.84s step=28 queue=22 dmax=0.374 | shoulder_pan.pos=-4.18 shoulder_lift.pos=-102.35 elbow_flex.pos=+88.98 wrist_flex.pos=+77.20 wrist_roll.pos=-0.33 gripper.pos=+1.14
DEBUG 2026-09-03 09:52:49 [action #30] t=1.87s step=29 queue=21 dmax=0.248 | shoulder_pan.pos=-4.28 shoulder_lift.pos=-102.18 elbow_flex.pos=+89.23 wrist_flex.pos=+77.22 wrist_roll.pos=-0.38 gripper.pos=+0.91
DEBUG 2026-09-03 09:52:49 [action #31] t=1.91s step=30 queue=20 dmax=0.323 | shoulder_pan.pos=-4.29 shoulder_lift.pos=-102.18 elbow_flex.pos=+88.91 wrist_flex.pos=+77.29 wrist_roll.pos=-0.30 gripper.pos=+1.00
DEBUG 2026-09-03 09:52:49 [chunk] received 50 actions, timesteps 3..52 | first: shoulder_pan.pos=-3.84 shoulder_lift.pos=-102.31 elbow_flex.pos=+88.02 wrist_flex.pos=+77.31 wrist_roll.pos=-0.21 gripper.pos=+0.88 | last: shoulder_pan.pos=-3.86 shoulder_lift.pos=-102.24 elbow_flex.pos=+88.65 wrist_flex.pos=+77.46 wrist_roll.pos=-0.72 gripper.pos=+0.92
DEBUG 2026-09-03 09:52:49 [action #32] t=1.94s step=31 queue=22 dmax=0.400 | shoulder_pan.pos=-3.89 shoulder_lift.pos=-102.18 elbow_flex.pos=+88.70 wrist_flex.pos=+77.61 wrist_roll.pos=-0.49 gripper.pos=+1.01
DEBUG 2026-09-03 09:52:49 [action #33] t=1.97s step=32 queue=21 dmax=0.277 | shoulder_pan.pos=-3.85 shoulder_lift.pos=-102.24 elbow_flex.pos=+88.42 wrist_flex.pos=+77.46 wrist_roll.pos=-0.55 gripper.pos=+1.01
DEBUG 2026-09-03 09:52:49 [action #34] t=2.01s step=33 queue=20 dmax=0.394 | shoulder_pan.pos=-3.95 shoulder_lift.pos=-102.33 elbow_flex.pos=+88.81 wrist_flex.pos=+77.58 wrist_roll.pos=-0.53 gripper.pos=+0.96
DEBUG 2026-09-03 09:52:49 [action #35] t=2.04s step=34 queue=19 dmax=0.095 | shoulder_pan.pos=-3.97 shoulder_lift.pos=-102.24 elbow_flex.pos=+88.73 wrist_flex.pos=+77.68 wrist_roll.pos=-0.52 gripper.pos=+0.98
DEBUG 2026-09-03 09:52:49 [action #36] t=2.07s step=35 queue=18 dmax=0.199 | shoulder_pan.pos=-4.07 shoulder_lift.pos=-102.04 elbow_flex.pos=+88.54 wrist_flex.pos=+77.55 wrist_roll.pos=-0.50 gripper.pos=+0.89
DEBUG 2026-09-03 09:52:49 [action #37] t=2.11s step=36 queue=17 dmax=0.251 | shoulder_pan.pos=-3.96 shoulder_lift.pos=-102.05 elbow_flex.pos=+88.79 wrist_flex.pos=+77.53 wrist_roll.pos=-0.50 gripper.pos=+0.96
DEBUG 2026-09-03 09:52:49 [action #38] t=2.14s step=37 queue=16 dmax=0.133 | shoulder_pan.pos=-3.86 shoulder_lift.pos=-102.08 elbow_flex.pos=+88.79 wrist_flex.pos=+77.39 wrist_roll.pos=-0.52 gripper.pos=+1.00
DEBUG 2026-09-03 09:52:49 [action #39] t=2.17s step=38 queue=15 dmax=0.394 | shoulder_pan.pos=-3.89 shoulder_lift.pos=-102.48 elbow_flex.pos=+88.58 wrist_flex.pos=+77.59 wrist_roll.pos=-0.53 gripper.pos=+0.93
DEBUG 2026-09-03 09:52:49 [action #40] t=2.21s step=39 queue=14 dmax=0.409 | shoulder_pan.pos=-3.85 shoulder_lift.pos=-102.07 elbow_flex.pos=+88.59 wrist_flex.pos=+77.62 wrist_roll.pos=-0.57 gripper.pos=+0.96
DEBUG 2026-09-03 09:52:49 [action #41] t=2.24s step=40 queue=13 dmax=0.100 | shoulder_pan.pos=-3.86 shoulder_lift.pos=-102.16 elbow_flex.pos=+88.69 wrist_flex.pos=+77.56 wrist_roll.pos=-0.48 gripper.pos=+0.96
DEBUG 2026-09-03 09:52:49 [action #42] t=2.28s step=41 queue=12 dmax=0.152 | shoulder_pan.pos=-3.74 shoulder_lift.pos=-102.01 elbow_flex.pos=+88.73 wrist_flex.pos=+77.57 wrist_roll.pos=-0.57 gripper.pos=+0.98
DEBUG 2026-09-03 09:52:49 [action #43] t=2.31s step=42 queue=11 dmax=0.319 | shoulder_pan.pos=-4.06 shoulder_lift.pos=-101.96 elbow_flex.pos=+88.64 wrist_flex.pos=+77.57 wrist_roll.pos=-0.59 gripper.pos=+0.93
DEBUG 2026-09-03 09:52:49 [action #44] t=2.34s step=43 queue=10 dmax=0.280 | shoulder_pan.pos=-3.78 shoulder_lift.pos=-101.90 elbow_flex.pos=+88.50 wrist_flex.pos=+77.45 wrist_roll.pos=-0.58 gripper.pos=+0.99
DEBUG 2026-09-03 09:52:49 [action #45] t=2.38s step=44 queue=9 dmax=0.223 | shoulder_pan.pos=-3.92 shoulder_lift.pos=-102.12 elbow_flex.pos=+88.71 wrist_flex.pos=+77.59 wrist_roll.pos=-0.56 gripper.pos=+1.00
DEBUG 2026-09-03 09:52:49 [action #46] t=2.41s step=45 queue=8 dmax=0.257 | shoulder_pan.pos=-3.96 shoulder_lift.pos=-102.11 elbow_flex.pos=+88.46 wrist_flex.pos=+77.64 wrist_roll.pos=-0.59 gripper.pos=+0.95
DEBUG 2026-09-03 09:52:49 [action #47] t=2.44s step=46 queue=7 dmax=0.192 | shoulder_pan.pos=-3.91 shoulder_lift.pos=-102.18 elbow_flex.pos=+88.27 wrist_flex.pos=+77.58 wrist_roll.pos=-0.58 gripper.pos=+0.93
DEBUG 2026-09-03 09:52:49 [action #48] t=2.48s step=47 queue=6 dmax=0.608 | shoulder_pan.pos=-3.83 shoulder_lift.pos=-102.19 elbow_flex.pos=+88.87 wrist_flex.pos=+77.52 wrist_roll.pos=-0.61 gripper.pos=+0.94
DEBUG 2026-09-03 09:52:49 [action #49] t=2.51s step=48 queue=5 dmax=0.612 | shoulder_pan.pos=-3.86 shoulder_lift.pos=-101.70 elbow_flex.pos=+88.26 wrist_flex.pos=+77.48 wrist_roll.pos=-0.60 gripper.pos=+0.96
DEBUG 2026-09-03 09:52:49 [action #50] t=2.54s step=49 queue=4 dmax=0.371 | shoulder_pan.pos=-4.05 shoulder_lift.pos=-102.07 elbow_flex.pos=+88.31 wrist_flex.pos=+77.51 wrist_roll.pos=-0.55 gripper.pos=+0.95
DEBUG 2026-09-03 09:52:49 [action #51] t=2.58s step=50 queue=3 dmax=0.629 | shoulder_pan.pos=-3.71 shoulder_lift.pos=-102.60 elbow_flex.pos=+88.94 wrist_flex.pos=+77.72 wrist_roll.pos=-0.71 gripper.pos=+0.99
DEBUG 2026-09-03 09:52:50 [action #52] t=2.61s step=51 queue=2 dmax=0.508 | shoulder_pan.pos=-3.83 shoulder_lift.pos=-102.09 elbow_flex.pos=+88.45 wrist_flex.pos=+77.72 wrist_roll.pos=-0.71 gripper.pos=+1.02
DEBUG 2026-09-03 09:52:50 [action #53] t=2.64s step=52 queue=1 dmax=0.251 | shoulder_pan.pos=-3.86 shoulder_lift.pos=-102.24 elbow_flex.pos=+88.65 wrist_flex.pos=+77.46 wrist_roll.pos=-0.72 gripper.pos=+0.92
DEBUG 2026-09-03 09:52:51 [chunk] received 50 actions, timesteps 52..101 | first: shoulder_pan.pos=-3.55 shoulder_lift.pos=-102.72 elbow_flex.pos=+89.07 wrist_flex.pos=+76.73 wrist_roll.pos=-0.29 gripper.pos=+0.94 | last: shoulder_pan.pos=-3.78 shoulder_lift.pos=-102.47 elbow_flex.pos=+88.77 wrist_flex.pos=+77.09 wrist_roll.pos=-0.35 gripper.pos=+0.83
DEBUG 2026-09-03 09:52:51 [action #54] t=3.61s step=53 queue=49 dmax=0.523 | shoulder_pan.pos=-3.45 shoulder_lift.pos=-102.47 elbow_flex.pos=+88.58 wrist_flex.pos=+76.95 wrist_roll.pos=-0.20 gripper.pos=+0.86
DEBUG 2026-09-03 09:52:51 [action #55] t=3.65s step=54 queue=48 dmax=0.744 | shoulder_pan.pos=-3.62 shoulder_lift.pos=-101.80 elbow_flex.pos=+89.33 wrist_flex.pos=+76.71 wrist_roll.pos=-0.25 gripper.pos=+0.94
DEBUG 2026-09-03 09:52:51 [action #56] t=3.68s step=55 queue=47 dmax=0.651 | shoulder_pan.pos=-3.66 shoulder_lift.pos=-102.22 elbow_flex.pos=+88.68 wrist_flex.pos=+76.65 wrist_roll.pos=-0.26 gripper.pos=+0.98
DEBUG 2026-09-03 09:52:51 [action #57] t=3.71s step=56 queue=46 dmax=0.437 | shoulder_pan.pos=-3.52 shoulder_lift.pos=-102.28 elbow_flex.pos=+89.11 wrist_flex.pos=+76.75 wrist_roll.pos=-0.19 gripper.pos=+0.89
DEBUG 2026-09-03 09:52:51 [action #58] t=3.75s step=57 queue=45 dmax=0.320 | shoulder_pan.pos=-3.56 shoulder_lift.pos=-101.96 elbow_flex.pos=+88.92 wrist_flex.pos=+76.84 wrist_roll.pos=-0.22 gripper.pos=+0.98
DEBUG 2026-09-03 09:52:51 [action #59] t=3.78s step=58 queue=44 dmax=0.079 | shoulder_pan.pos=-3.58 shoulder_lift.pos=-101.96 elbow_flex.pos=+88.89 wrist_flex.pos=+76.76 wrist_roll.pos=-0.29 gripper.pos=+0.90
DEBUG 2026-09-03 09:52:51 [action #60] t=3.81s step=59 queue=43 dmax=0.329 | shoulder_pan.pos=-3.66 shoulder_lift.pos=-102.29 elbow_flex.pos=+89.05 wrist_flex.pos=+76.74 wrist_roll.pos=-0.20 gripper.pos=+0.89
DEBUG 2026-09-03 09:52:51 [action #61] t=3.85s step=60 queue=42 dmax=0.122 | shoulder_pan.pos=-3.62 shoulder_lift.pos=-102.17 elbow_flex.pos=+88.97 wrist_flex.pos=+76.86 wrist_roll.pos=-0.27 gripper.pos=+0.83
DEBUG 2026-09-03 09:52:51 [action #62] t=3.88s step=61 queue=41 dmax=0.482 | shoulder_pan.pos=-3.75 shoulder_lift.pos=-102.47 elbow_flex.pos=+89.45 wrist_flex.pos=+76.68 wrist_roll.pos=-0.17 gripper.pos=+0.91
DEBUG 2026-09-03 09:52:51 [action #63] t=3.91s step=62 queue=40 dmax=0.375 | shoulder_pan.pos=-3.65 shoulder_lift.pos=-102.09 elbow_flex.pos=+89.41 wrist_flex.pos=+76.72 wrist_roll.pos=-0.20 gripper.pos=+0.95
DEBUG 2026-09-03 09:52:51 [action #64] t=3.95s step=63 queue=39 dmax=0.589 | shoulder_pan.pos=-3.83 shoulder_lift.pos=-102.30 elbow_flex.pos=+88.82 wrist_flex.pos=+76.74 wrist_roll.pos=-0.25 gripper.pos=+0.93
DEBUG 2026-09-03 09:52:51 [action #65] t=3.98s step=64 queue=38 dmax=0.481 | shoulder_pan.pos=-3.60 shoulder_lift.pos=-101.82 elbow_flex.pos=+88.47 wrist_flex.pos=+76.71 wrist_roll.pos=-0.24 gripper.pos=+0.95
DEBUG 2026-09-03 09:52:51 [action #66] t=4.01s step=65 queue=37 dmax=0.781 | shoulder_pan.pos=-3.73 shoulder_lift.pos=-102.52 elbow_flex.pos=+89.25 wrist_flex.pos=+76.78 wrist_roll.pos=-0.18 gripper.pos=+0.89
DEBUG 2026-09-03 09:52:51 [action #67] t=4.05s step=66 queue=36 dmax=0.643 | shoulder_pan.pos=-3.65 shoulder_lift.pos=-102.25 elbow_flex.pos=+88.61 wrist_flex.pos=+76.71 wrist_roll.pos=-0.15 gripper.pos=+0.93
DEBUG 2026-09-03 09:52:51 [action #68] t=4.08s step=67 queue=35 dmax=0.104 | shoulder_pan.pos=-3.54 shoulder_lift.pos=-102.15 elbow_flex.pos=+88.70 wrist_flex.pos=+76.80 wrist_roll.pos=-0.23 gripper.pos=+0.85
DEBUG 2026-09-03 09:52:51 [action #69] t=4.12s step=68 queue=34 dmax=0.369 | shoulder_pan.pos=-3.41 shoulder_lift.pos=-102.52 elbow_flex.pos=+88.86 wrist_flex.pos=+76.85 wrist_roll.pos=-0.26 gripper.pos=+0.88
DEBUG 2026-09-03 09:52:51 [action #70] t=4.15s step=69 queue=33 dmax=0.543 | shoulder_pan.pos=-3.54 shoulder_lift.pos=-101.97 elbow_flex.pos=+89.02 wrist_flex.pos=+76.83 wrist_roll.pos=-0.33 gripper.pos=+0.87
DEBUG 2026-09-03 09:52:51 [action #71] t=4.18s step=70 queue=32 dmax=0.335 | shoulder_pan.pos=-3.47 shoulder_lift.pos=-102.27 elbow_flex.pos=+88.68 wrist_flex.pos=+76.82 wrist_roll.pos=-0.26 gripper.pos=+0.94
DEBUG 2026-09-03 09:52:51 [action #72] t=4.22s step=71 queue=31 dmax=0.408 | shoulder_pan.pos=-3.42 shoulder_lift.pos=-101.86 elbow_flex.pos=+88.46 wrist_flex.pos=+76.73 wrist_roll.pos=-0.33 gripper.pos=+0.95
DEBUG 2026-09-03 09:52:51 [action #73] t=4.25s step=72 queue=30 dmax=0.302 | shoulder_pan.pos=-3.57 shoulder_lift.pos=-101.95 elbow_flex.pos=+88.76 wrist_flex.pos=+76.84 wrist_roll.pos=-0.32 gripper.pos=+0.89
DEBUG 2026-09-03 09:52:51 [action #74] t=4.28s step=73 queue=29 dmax=0.367 | shoulder_pan.pos=-3.38 shoulder_lift.pos=-101.69 elbow_flex.pos=+88.40 wrist_flex.pos=+76.74 wrist_roll.pos=-0.31 gripper.pos=+0.93
DEBUG 2026-09-03 09:52:51 [action #75] t=4.32s step=74 queue=28 dmax=0.693 | shoulder_pan.pos=-3.36 shoulder_lift.pos=-102.23 elbow_flex.pos=+89.09 wrist_flex.pos=+76.70 wrist_roll.pos=-0.33 gripper.pos=+1.01
DEBUG 2026-09-03 09:52:51 [action #76] t=4.35s step=75 queue=27 dmax=0.388 | shoulder_pan.pos=-3.52 shoulder_lift.pos=-102.19 elbow_flex.pos=+88.70 wrist_flex.pos=+76.82 wrist_roll.pos=-0.27 gripper.pos=+1.03
DEBUG 2026-09-03 09:52:51 [action #77] t=4.38s step=76 queue=26 dmax=0.409 | shoulder_pan.pos=-3.47 shoulder_lift.pos=-101.78 elbow_flex.pos=+88.87 wrist_flex.pos=+76.71 wrist_roll.pos=-0.32 gripper.pos=+0.98
DEBUG 2026-09-03 09:52:51 [action #78] t=4.42s step=77 queue=25 dmax=0.174 | shoulder_pan.pos=-3.52 shoulder_lift.pos=-101.95 elbow_flex.pos=+88.95 wrist_flex.pos=+76.87 wrist_roll.pos=-0.29 gripper.pos=+0.95
DEBUG 2026-09-03 09:52:51 [action #79] t=4.45s step=78 queue=24 dmax=0.466 | shoulder_pan.pos=-3.64 shoulder_lift.pos=-102.42 elbow_flex.pos=+88.73 wrist_flex.pos=+76.67 wrist_roll.pos=-0.38 gripper.pos=+0.99
DEBUG 2026-09-03 09:52:51 [action #80] t=4.48s step=79 queue=23 dmax=0.456 | shoulder_pan.pos=-3.53 shoulder_lift.pos=-101.96 elbow_flex.pos=+88.59 wrist_flex.pos=+76.82 wrist_roll.pos=-0.33 gripper.pos=+1.02
DEBUG 2026-09-03 09:52:51 [action #81] t=4.52s step=80 queue=22 dmax=0.650 | shoulder_pan.pos=-3.69 shoulder_lift.pos=-102.61 elbow_flex.pos=+88.79 wrist_flex.pos=+76.83 wrist_roll.pos=-0.30 gripper.pos=+0.99
DEBUG 2026-09-03 09:52:51 [action #82] t=4.55s step=81 queue=21 dmax=0.382 | shoulder_pan.pos=-3.55 shoulder_lift.pos=-102.23 elbow_flex.pos=+88.72 wrist_flex.pos=+76.79 wrist_roll.pos=-0.30 gripper.pos=+1.09
DEBUG 2026-09-03 09:52:51 [action #83] t=4.58s step=82 queue=20 dmax=0.312 | shoulder_pan.pos=-3.49 shoulder_lift.pos=-101.92 elbow_flex.pos=+88.66 wrist_flex.pos=+76.74 wrist_roll.pos=-0.29 gripper.pos=+0.96
DEBUG 2026-09-03 09:52:52 [action #84] t=4.62s step=83 queue=19 dmax=0.303 | shoulder_pan.pos=-3.79 shoulder_lift.pos=-102.17 elbow_flex.pos=+88.60 wrist_flex.pos=+76.72 wrist_roll.pos=-0.34 gripper.pos=+0.89
DEBUG 2026-09-03 09:52:52 [action #85] t=4.65s step=84 queue=18 dmax=0.278 | shoulder_pan.pos=-3.67 shoulder_lift.pos=-102.05 elbow_flex.pos=+88.88 wrist_flex.pos=+76.89 wrist_roll.pos=-0.26 gripper.pos=+0.98
DEBUG 2026-09-03 09:52:52 [action #86] t=4.68s step=85 queue=17 dmax=0.307 | shoulder_pan.pos=-3.61 shoulder_lift.pos=-102.35 elbow_flex.pos=+89.01 wrist_flex.pos=+76.82 wrist_roll.pos=-0.32 gripper.pos=+0.97
DEBUG 2026-09-03 09:52:52 [action #87] t=4.72s step=86 queue=16 dmax=0.222 | shoulder_pan.pos=-3.39 shoulder_lift.pos=-102.23 elbow_flex.pos=+88.79 wrist_flex.pos=+76.90 wrist_roll.pos=-0.30 gripper.pos=+1.00
DEBUG 2026-09-03 09:52:52 [action #88] t=4.75s step=87 queue=15 dmax=0.396 | shoulder_pan.pos=-3.54 shoulder_lift.pos=-101.83 elbow_flex.pos=+88.76 wrist_flex.pos=+76.94 wrist_roll.pos=-0.22 gripper.pos=+0.86
DEBUG 2026-09-03 09:52:52 [action #89] t=4.78s step=88 queue=14 dmax=0.374 | shoulder_pan.pos=-3.68 shoulder_lift.pos=-102.21 elbow_flex.pos=+88.81 wrist_flex.pos=+76.70 wrist_roll.pos=-0.20 gripper.pos=+0.93
DEBUG 2026-09-03 09:52:52 [action #90] t=4.82s step=89 queue=13 dmax=0.352 | shoulder_pan.pos=-3.59 shoulder_lift.pos=-101.86 elbow_flex.pos=+89.02 wrist_flex.pos=+76.76 wrist_roll.pos=-0.30 gripper.pos=+0.96
DEBUG 2026-09-03 09:52:52 [action #91] t=4.85s step=90 queue=12 dmax=0.296 | shoulder_pan.pos=-3.58 shoulder_lift.pos=-102.15 elbow_flex.pos=+89.03 wrist_flex.pos=+76.89 wrist_roll.pos=-0.35 gripper.pos=+0.87
DEBUG 2026-09-03 09:52:52 [action #92] t=4.88s step=91 queue=11 dmax=0.143 | shoulder_pan.pos=-3.54 shoulder_lift.pos=-102.30 elbow_flex.pos=+89.16 wrist_flex.pos=+76.87 wrist_roll.pos=-0.36 gripper.pos=+0.84
DEBUG 2026-09-03 09:52:52 [action #93] t=4.92s step=92 queue=10 dmax=0.450 | shoulder_pan.pos=-3.75 shoulder_lift.pos=-101.85 elbow_flex.pos=+89.10 wrist_flex.pos=+76.88 wrist_roll.pos=-0.21 gripper.pos=+0.84
DEBUG 2026-09-03 09:52:52 [action #94] t=4.95s step=93 queue=9 dmax=0.601 | shoulder_pan.pos=-3.84 shoulder_lift.pos=-102.45 elbow_flex.pos=+88.78 wrist_flex.pos=+76.80 wrist_roll.pos=-0.34 gripper.pos=+0.93
DEBUG 2026-09-03 09:52:52 [action #95] t=4.98s step=94 queue=8 dmax=0.228 | shoulder_pan.pos=-3.68 shoulder_lift.pos=-102.52 elbow_flex.pos=+88.55 wrist_flex.pos=+76.93 wrist_roll.pos=-0.33 gripper.pos=+0.92
DEBUG 2026-09-03 09:52:52 [action #96] t=5.02s step=95 queue=7 dmax=0.069 | shoulder_pan.pos=-3.61 shoulder_lift.pos=-102.52 elbow_flex.pos=+88.54 wrist_flex.pos=+76.98 wrist_roll.pos=-0.38 gripper.pos=+0.99
DEBUG 2026-09-03 09:52:52 [action #97] t=5.05s step=96 queue=6 dmax=0.965 | shoulder_pan.pos=-3.73 shoulder_lift.pos=-101.56 elbow_flex.pos=+88.38 wrist_flex.pos=+76.95 wrist_roll.pos=-0.32 gripper.pos=+1.06
DEBUG 2026-09-03 09:52:52 [action #98] t=5.09s step=97 queue=5 dmax=1.035 | shoulder_pan.pos=-3.66 shoulder_lift.pos=-102.59 elbow_flex.pos=+88.91 wrist_flex.pos=+76.99 wrist_roll.pos=-0.39 gripper.pos=+0.89
DEBUG 2026-09-03 09:52:52 [action #99] t=5.12s step=98 queue=4 dmax=0.482 | shoulder_pan.pos=-3.71 shoulder_lift.pos=-102.11 elbow_flex.pos=+88.76 wrist_flex.pos=+76.95 wrist_roll.pos=-0.43 gripper.pos=+0.99
DEBUG 2026-09-03 09:52:52 [action #100] t=5.15s step=99 queue=3 dmax=0.356 | shoulder_pan.pos=-3.58 shoulder_lift.pos=-102.47 elbow_flex.pos=+88.70 wrist_flex.pos=+76.93 wrist_roll.pos=-0.39 gripper.pos=+1.07
DEBUG 2026-09-03 09:52:52 [action #101] t=5.19s step=100 queue=2 dmax=0.532 | shoulder_pan.pos=-3.64 shoulder_lift.pos=-101.93 elbow_flex.pos=+88.41 wrist_flex.pos=+77.08 wrist_roll.pos=-0.35 gripper.pos=+1.02
DEBUG 2026-09-03 09:52:52 [action #102] t=5.22s step=101 queue=1 dmax=0.539 | shoulder_pan.pos=-3.78 shoulder_lift.pos=-102.47 elbow_flex.pos=+88.77 wrist_flex.pos=+77.09 wrist_roll.pos=-0.35 gripper.pos=+0.83
DEBUG 2026-09-03 09:52:53 [chunk] received 50 actions, timesteps 101..150 | first: shoulder_pan.pos=-3.29 shoulder_lift.pos=-102.00 elbow_flex.pos=+88.75 wrist_flex.pos=+76.69 wrist_roll.pos=-0.31 gripper.pos=+0.77 | last: shoulder_pan.pos=-3.36 shoulder_lift.pos=-102.76 elbow_flex.pos=+88.44 wrist_flex.pos=+76.94 wrist_roll.pos=-0.36 gripper.pos=+0.94
DEBUG 2026-09-03 09:52:53 [action #103] t=6.09s step=102 queue=49 dmax=0.520 | shoulder_pan.pos=-3.26 shoulder_lift.pos=-102.20 elbow_flex.pos=+89.15 wrist_flex.pos=+76.90 wrist_roll.pos=-0.26 gripper.pos=+0.71
DEBUG 2026-09-03 09:52:53 [action #104] t=6.12s step=103 queue=48 dmax=0.303 | shoulder_pan.pos=-3.23 shoulder_lift.pos=-102.50 elbow_flex.pos=+89.32 wrist_flex.pos=+76.92 wrist_roll.pos=-0.41 gripper.pos=+0.92
DEBUG 2026-09-03 09:52:53 [action #105] t=6.16s step=104 queue=47 dmax=0.737 | shoulder_pan.pos=-3.31 shoulder_lift.pos=-102.20 elbow_flex.pos=+88.58 wrist_flex.pos=+76.90 wrist_roll.pos=-0.38 gripper.pos=+0.87
DEBUG 2026-09-03 09:52:53 [action #106] t=6.19s step=105 queue=46 dmax=0.702 | shoulder_pan.pos=-3.22 shoulder_lift.pos=-102.61 elbow_flex.pos=+89.28 wrist_flex.pos=+76.97 wrist_roll.pos=-0.37 gripper.pos=+0.86
DEBUG 2026-09-03 09:52:53 [action #107] t=6.22s step=106 queue=45 dmax=0.897 | shoulder_pan.pos=-3.16 shoulder_lift.pos=-101.71 elbow_flex.pos=+89.28 wrist_flex.pos=+76.85 wrist_roll.pos=-0.26 gripper.pos=+0.93
DEBUG 2026-09-03 09:52:53 [action #108] t=6.26s step=107 queue=44 dmax=0.298 | shoulder_pan.pos=-3.42 shoulder_lift.pos=-101.87 elbow_flex.pos=+88.98 wrist_flex.pos=+76.99 wrist_roll.pos=-0.36 gripper.pos=+0.84
DEBUG 2026-09-03 09:52:53 [action #109] t=6.29s step=108 queue=43 dmax=0.336 | shoulder_pan.pos=-3.26 shoulder_lift.pos=-102.20 elbow_flex.pos=+89.20 wrist_flex.pos=+76.98 wrist_roll.pos=-0.28 gripper.pos=+0.79
DEBUG 2026-09-03 09:52:53 [action #110] t=6.32s step=109 queue=42 dmax=0.636 | shoulder_pan.pos=-3.20 shoulder_lift.pos=-102.25 elbow_flex.pos=+88.57 wrist_flex.pos=+76.87 wrist_roll.pos=-0.34 gripper.pos=+0.91
DEBUG 2026-09-03 09:52:53 [action #111] t=6.36s step=110 queue=41 dmax=0.570 | shoulder_pan.pos=-3.17 shoulder_lift.pos=-102.35 elbow_flex.pos=+89.14 wrist_flex.pos=+77.02 wrist_roll.pos=-0.39 gripper.pos=+0.90
DEBUG 2026-09-03 09:52:53 [action #112] t=6.39s step=111 queue=40 dmax=0.355 | shoulder_pan.pos=-3.30 shoulder_lift.pos=-102.71 elbow_flex.pos=+89.00 wrist_flex.pos=+77.09 wrist_roll.pos=-0.35 gripper.pos=+0.91
DEBUG 2026-09-03 09:52:53 [action #113] t=6.42s step=112 queue=39 dmax=0.312 | shoulder_pan.pos=-3.18 shoulder_lift.pos=-102.63 elbow_flex.pos=+89.27 wrist_flex.pos=+76.78 wrist_roll.pos=-0.31 gripper.pos=+0.86
DEBUG 2026-09-03 09:52:53 [action #114] t=6.46s step=113 queue=38 dmax=0.574 | shoulder_pan.pos=-3.20 shoulder_lift.pos=-102.05 elbow_flex.pos=+89.57 wrist_flex.pos=+77.08 wrist_roll.pos=-0.31 gripper.pos=+0.87
DEBUG 2026-09-03 09:52:53 [action #115] t=6.49s step=114 queue=37 dmax=0.683 | shoulder_pan.pos=-3.40 shoulder_lift.pos=-102.74 elbow_flex.pos=+89.23 wrist_flex.pos=+76.96 wrist_roll.pos=-0.27 gripper.pos=+0.83
DEBUG 2026-09-03 09:52:53 [action #116] t=6.52s step=115 queue=36 dmax=0.588 | shoulder_pan.pos=-3.51 shoulder_lift.pos=-102.15 elbow_flex.pos=+88.90 wrist_flex.pos=+76.72 wrist_roll.pos=-0.38 gripper.pos=+0.91
DEBUG 2026-09-03 09:52:53 [action #117] t=6.56s step=116 queue=35 dmax=0.238 | shoulder_pan.pos=-3.34 shoulder_lift.pos=-102.23 elbow_flex.pos=+88.86 wrist_flex.pos=+76.96 wrist_roll.pos=-0.31 gripper.pos=+0.82
DEBUG 2026-09-03 09:52:54 [action #118] t=6.59s step=117 queue=34 dmax=0.445 | shoulder_pan.pos=-3.46 shoulder_lift.pos=-102.21 elbow_flex.pos=+89.30 wrist_flex.pos=+76.99 wrist_roll.pos=-0.42 gripper.pos=+0.86
DEBUG 2026-09-03 09:52:54 [action #119] t=6.62s step=118 queue=33 dmax=0.801 | shoulder_pan.pos=-3.35 shoulder_lift.pos=-102.35 elbow_flex.pos=+88.50 wrist_flex.pos=+76.91 wrist_roll.pos=-0.32 gripper.pos=+0.86
DEBUG 2026-09-03 09:52:54 [action #120] t=6.66s step=119 queue=32 dmax=0.405 | shoulder_pan.pos=-3.31 shoulder_lift.pos=-102.44 elbow_flex.pos=+88.91 wrist_flex.pos=+76.86 wrist_roll.pos=-0.35 gripper.pos=+0.85
DEBUG 2026-09-03 09:52:54 [action #121] t=6.69s step=120 queue=31 dmax=0.153 | shoulder_pan.pos=-3.23 shoulder_lift.pos=-102.37 elbow_flex.pos=+88.98 wrist_flex.pos=+77.02 wrist_roll.pos=-0.38 gripper.pos=+0.83
DEBUG 2026-09-03 09:52:54 [action #122] t=6.72s step=121 queue=30 dmax=0.205 | shoulder_pan.pos=-3.28 shoulder_lift.pos=-102.34 elbow_flex.pos=+88.78 wrist_flex.pos=+76.97 wrist_roll.pos=-0.43 gripper.pos=+0.84
INFO 2026-09-03 09:52:58 Final action sent: shoulder_pan.pos=-3.28 shoulder_lift.pos=-102.34 elbow_flex.pos=+88.78 wrist_flex.pos=+76.97 wrist_roll.pos=-0.43 gripper.pos=+0.84
DEBUG 2026-09-03 09:52:58 === episode end | 11.0s | converged=True | actions=122 ===
