DEBUG 2026-09-03 08:19:12 === episode start | task: 'put the purse on the tray' | duration: 50.0s ===
DEBUG 2026-09-03 08:19:13 [chunk] dropped stale chunk (ts0=417 > max_sent=0)
DEBUG 2026-09-03 08:19:14 [chunk] received 50 actions, timesteps 0..49 | first: shoulder_pan.pos=-4.60 shoulder_lift.pos=-101.70 elbow_flex.pos=+88.21 wrist_flex.pos=+74.79 wrist_roll.pos=-1.36 gripper.pos=+0.84 | last: shoulder_pan.pos=-5.63 shoulder_lift.pos=-100.59 elbow_flex.pos=+81.83 wrist_flex.pos=+69.60 wrist_roll.pos=-2.75 gripper.pos=+0.52
DEBUG 2026-09-03 08:19:14 [action #1] t=1.74s step=0 queue=50 dmax=n/a | shoulder_pan.pos=-4.60 shoulder_lift.pos=-101.70 elbow_flex.pos=+88.21 wrist_flex.pos=+74.79 wrist_roll.pos=-1.36 gripper.pos=+0.84
DEBUG 2026-09-03 08:19:14 [action #2] t=1.77s step=1 queue=49 dmax=0.201 | shoulder_pan.pos=-4.75 shoulder_lift.pos=-101.69 elbow_flex.pos=+88.15 wrist_flex.pos=+74.59 wrist_roll.pos=-1.31 gripper.pos=+0.87
DEBUG 2026-09-03 08:19:14 [action #3] t=1.81s step=2 queue=48 dmax=0.194 | shoulder_pan.pos=-4.77 shoulder_lift.pos=-101.85 elbow_flex.pos=+87.95 wrist_flex.pos=+74.51 wrist_roll.pos=-1.26 gripper.pos=+0.88
DEBUG 2026-09-03 08:19:14 [action #4] t=1.84s step=3 queue=47 dmax=0.354 | shoulder_pan.pos=-4.70 shoulder_lift.pos=-101.93 elbow_flex.pos=+88.07 wrist_flex.pos=+74.15 wrist_roll.pos=-1.20 gripper.pos=+0.74
DEBUG 2026-09-03 08:19:14 [action #5] t=1.87s step=4 queue=46 dmax=0.880 | shoulder_pan.pos=-4.54 shoulder_lift.pos=-101.05 elbow_flex.pos=+88.08 wrist_flex.pos=+73.95 wrist_roll.pos=-1.22 gripper.pos=+0.83
DEBUG 2026-09-03 08:19:14 [action #6] t=1.91s step=5 queue=45 dmax=0.536 | shoulder_pan.pos=-4.51 shoulder_lift.pos=-101.58 elbow_flex.pos=+87.96 wrist_flex.pos=+73.47 wrist_roll.pos=-1.23 gripper.pos=+0.68
DEBUG 2026-09-03 08:19:14 [action #7] t=1.94s step=6 queue=44 dmax=0.259 | shoulder_pan.pos=-4.49 shoulder_lift.pos=-101.41 elbow_flex.pos=+88.22 wrist_flex.pos=+73.26 wrist_roll.pos=-1.32 gripper.pos=+0.76
DEBUG 2026-09-03 08:19:14 [action #8] t=1.97s step=7 queue=43 dmax=0.361 | shoulder_pan.pos=-4.66 shoulder_lift.pos=-101.65 elbow_flex.pos=+87.97 wrist_flex.pos=+72.90 wrist_roll.pos=-1.27 gripper.pos=+0.79
DEBUG 2026-09-03 08:19:14 [action #9] t=2.01s step=8 queue=42 dmax=0.210 | shoulder_pan.pos=-4.45 shoulder_lift.pos=-101.85 elbow_flex.pos=+87.86 wrist_flex.pos=+72.72 wrist_roll.pos=-1.26 gripper.pos=+0.73
DEBUG 2026-09-03 08:19:14 [action #10] t=2.04s step=9 queue=41 dmax=0.506 | shoulder_pan.pos=-4.45 shoulder_lift.pos=-101.41 elbow_flex.pos=+88.07 wrist_flex.pos=+72.21 wrist_roll.pos=-1.23 gripper.pos=+0.69
DEBUG 2026-09-03 08:19:14 [action #11] t=2.07s step=10 queue=40 dmax=0.691 | shoulder_pan.pos=-4.49 shoulder_lift.pos=-101.84 elbow_flex.pos=+87.38 wrist_flex.pos=+71.89 wrist_roll.pos=-1.26 gripper.pos=+0.74
DEBUG 2026-09-03 08:19:14 [action #12] t=2.11s step=11 queue=39 dmax=0.672 | shoulder_pan.pos=-4.32 shoulder_lift.pos=-101.16 elbow_flex.pos=+87.41 wrist_flex.pos=+71.50 wrist_roll.pos=-1.17 gripper.pos=+0.69
DEBUG 2026-09-03 08:19:14 [action #13] t=2.14s step=12 queue=38 dmax=0.322 | shoulder_pan.pos=-4.56 shoulder_lift.pos=-101.49 elbow_flex.pos=+87.48 wrist_flex.pos=+71.35 wrist_roll.pos=-1.27 gripper.pos=+0.71
DEBUG 2026-09-03 08:19:14 [action #14] t=2.17s step=13 queue=37 dmax=0.657 | shoulder_pan.pos=-4.67 shoulder_lift.pos=-102.14 elbow_flex.pos=+87.84 wrist_flex.pos=+71.27 wrist_roll.pos=-1.28 gripper.pos=+0.68
DEBUG 2026-09-03 08:19:14 [action #15] t=2.21s step=14 queue=36 dmax=0.909 | shoulder_pan.pos=-4.73 shoulder_lift.pos=-101.50 elbow_flex.pos=+86.93 wrist_flex.pos=+71.07 wrist_roll.pos=-1.25 gripper.pos=+0.68
DEBUG 2026-09-03 08:19:14 [action #16] t=2.24s step=15 queue=35 dmax=0.243 | shoulder_pan.pos=-4.77 shoulder_lift.pos=-101.64 elbow_flex.pos=+87.18 wrist_flex.pos=+70.98 wrist_roll.pos=-1.20 gripper.pos=+0.73
DEBUG 2026-09-03 08:19:14 [action #17] t=2.27s step=16 queue=34 dmax=0.396 | shoulder_pan.pos=-4.54 shoulder_lift.pos=-102.03 elbow_flex.pos=+87.39 wrist_flex.pos=+70.70 wrist_roll.pos=-1.21 gripper.pos=+0.47
DEBUG 2026-09-03 08:19:14 [action #18] t=2.31s step=17 queue=33 dmax=0.137 | shoulder_pan.pos=-4.55 shoulder_lift.pos=-102.07 elbow_flex.pos=+87.34 wrist_flex.pos=+70.66 wrist_roll.pos=-1.23 gripper.pos=+0.61
DEBUG 2026-09-03 08:19:14 [action #19] t=2.34s step=18 queue=32 dmax=0.437 | shoulder_pan.pos=-4.61 shoulder_lift.pos=-101.91 elbow_flex.pos=+86.90 wrist_flex.pos=+70.59 wrist_roll.pos=-1.16 gripper.pos=+0.51
DEBUG 2026-09-03 08:19:15 [action #20] t=2.38s step=19 queue=31 dmax=0.402 | shoulder_pan.pos=-4.62 shoulder_lift.pos=-102.31 elbow_flex.pos=+86.97 wrist_flex.pos=+70.64 wrist_roll.pos=-1.25 gripper.pos=+0.64
DEBUG 2026-09-03 08:19:15 [action #21] t=2.41s step=20 queue=30 dmax=0.418 | shoulder_pan.pos=-4.49 shoulder_lift.pos=-102.62 elbow_flex.pos=+87.38 wrist_flex.pos=+70.34 wrist_roll.pos=-1.26 gripper.pos=+0.59
DEBUG 2026-09-03 08:19:15 [action #22] t=2.44s step=21 queue=29 dmax=0.491 | shoulder_pan.pos=-4.47 shoulder_lift.pos=-102.13 elbow_flex.pos=+87.25 wrist_flex.pos=+70.20 wrist_roll.pos=-1.23 gripper.pos=+0.61
DEBUG 2026-09-03 08:19:15 [action #23] t=2.48s step=22 queue=28 dmax=0.208 | shoulder_pan.pos=-4.45 shoulder_lift.pos=-102.08 elbow_flex.pos=+87.04 wrist_flex.pos=+70.19 wrist_roll.pos=-1.29 gripper.pos=+0.76
DEBUG 2026-09-03 08:19:15 [action #24] t=2.51s step=23 queue=27 dmax=0.384 | shoulder_pan.pos=-4.73 shoulder_lift.pos=-102.32 elbow_flex.pos=+87.43 wrist_flex.pos=+70.05 wrist_roll.pos=-1.25 gripper.pos=+0.60
DEBUG 2026-09-03 08:19:15 [action #25] t=2.54s step=24 queue=26 dmax=0.508 | shoulder_pan.pos=-4.85 shoulder_lift.pos=-102.39 elbow_flex.pos=+86.92 wrist_flex.pos=+70.11 wrist_roll.pos=-1.23 gripper.pos=+0.56
DEBUG 2026-09-03 08:19:15 [action #26] t=2.58s step=25 queue=25 dmax=0.237 | shoulder_pan.pos=-5.08 shoulder_lift.pos=-102.45 elbow_flex.pos=+87.16 wrist_flex.pos=+69.94 wrist_roll.pos=-1.23 gripper.pos=+0.50
DEBUG 2026-09-03 08:19:15 [action #27] t=2.61s step=26 queue=24 dmax=0.969 | shoulder_pan.pos=-5.35 shoulder_lift.pos=-102.02 elbow_flex.pos=+86.19 wrist_flex.pos=+70.12 wrist_roll.pos=-1.27 gripper.pos=+0.56
DEBUG 2026-09-03 08:19:15 [action #28] t=2.64s step=27 queue=23 dmax=0.309 | shoulder_pan.pos=-5.43 shoulder_lift.pos=-102.23 elbow_flex.pos=+86.50 wrist_flex.pos=+70.34 wrist_roll.pos=-1.26 gripper.pos=+0.55
DEBUG 2026-09-03 08:19:15 [action #29] t=2.68s step=28 queue=22 dmax=0.268 | shoulder_pan.pos=-5.70 shoulder_lift.pos=-102.05 elbow_flex.pos=+86.34 wrist_flex.pos=+70.58 wrist_roll.pos=-1.18 gripper.pos=+0.57
DEBUG 2026-09-03 08:19:15 [action #30] t=2.71s step=29 queue=21 dmax=0.184 | shoulder_pan.pos=-5.83 shoulder_lift.pos=-101.98 elbow_flex.pos=+86.17 wrist_flex.pos=+70.76 wrist_roll.pos=-1.29 gripper.pos=+0.58
DEBUG 2026-09-03 08:19:15 [chunk] received 50 actions, timesteps 3..52 | first: shoulder_pan.pos=-3.82 shoulder_lift.pos=-99.81 elbow_flex.pos=+86.63 wrist_flex.pos=+74.60 wrist_roll.pos=-1.04 gripper.pos=+1.00 | last: shoulder_pan.pos=-5.46 shoulder_lift.pos=-78.45 elbow_flex.pos=+65.45 wrist_flex.pos=+72.20 wrist_roll.pos=-2.52 gripper.pos=+0.44
DEBUG 2026-09-03 08:19:15 [action #31] t=2.75s step=30 queue=23 dmax=3.533 | shoulder_pan.pos=-4.83 shoulder_lift.pos=-100.93 elbow_flex.pos=+82.64 wrist_flex.pos=+72.30 wrist_roll.pos=-1.35 gripper.pos=+0.70
DEBUG 2026-09-03 08:19:15 [action #32] t=2.78s step=31 queue=22 dmax=0.396 | shoulder_pan.pos=-4.95 shoulder_lift.pos=-101.33 elbow_flex.pos=+82.44 wrist_flex.pos=+72.22 wrist_roll.pos=-1.36 gripper.pos=+0.66
DEBUG 2026-09-03 08:19:15 [action #33] t=2.81s step=32 queue=21 dmax=0.428 | shoulder_pan.pos=-5.01 shoulder_lift.pos=-101.14 elbow_flex.pos=+82.01 wrist_flex.pos=+72.36 wrist_roll.pos=-1.36 gripper.pos=+0.63
DEBUG 2026-09-03 08:19:15 [action #34] t=2.85s step=33 queue=20 dmax=0.493 | shoulder_pan.pos=-4.98 shoulder_lift.pos=-100.94 elbow_flex.pos=+81.52 wrist_flex.pos=+72.35 wrist_roll.pos=-1.38 gripper.pos=+0.59
DEBUG 2026-09-03 08:19:15 [action #35] t=2.88s step=34 queue=19 dmax=0.359 | shoulder_pan.pos=-5.12 shoulder_lift.pos=-101.11 elbow_flex.pos=+81.16 wrist_flex.pos=+72.45 wrist_roll.pos=-1.43 gripper.pos=+0.61
DEBUG 2026-09-03 08:19:15 [action #36] t=2.91s step=35 queue=18 dmax=0.338 | shoulder_pan.pos=-5.11 shoulder_lift.pos=-100.77 elbow_flex.pos=+81.03 wrist_flex.pos=+72.68 wrist_roll.pos=-1.42 gripper.pos=+0.73
DEBUG 2026-09-03 08:19:15 [action #37] t=2.95s step=36 queue=17 dmax=0.900 | shoulder_pan.pos=-5.31 shoulder_lift.pos=-100.87 elbow_flex.pos=+80.13 wrist_flex.pos=+72.89 wrist_roll.pos=-1.50 gripper.pos=+0.58
DEBUG 2026-09-03 08:19:15 [action #38] t=2.98s step=37 queue=16 dmax=0.563 | shoulder_pan.pos=-5.33 shoulder_lift.pos=-100.30 elbow_flex.pos=+79.80 wrist_flex.pos=+72.71 wrist_roll.pos=-1.48 gripper.pos=+0.64
DEBUG 2026-09-03 08:19:15 [action #39] t=3.01s step=38 queue=15 dmax=0.378 | shoulder_pan.pos=-5.36 shoulder_lift.pos=-100.33 elbow_flex.pos=+79.43 wrist_flex.pos=+72.92 wrist_roll.pos=-1.58 gripper.pos=+0.56
DEBUG 2026-09-03 08:19:15 [action #40] t=3.05s step=39 queue=14 dmax=0.711 | shoulder_pan.pos=-5.32 shoulder_lift.pos=-99.97 elbow_flex.pos=+78.71 wrist_flex.pos=+72.98 wrist_roll.pos=-1.58 gripper.pos=+0.65
DEBUG 2026-09-03 08:19:15 [action #41] t=3.08s step=40 queue=13 dmax=0.607 | shoulder_pan.pos=-5.38 shoulder_lift.pos=-99.36 elbow_flex.pos=+78.55 wrist_flex.pos=+72.99 wrist_roll.pos=-1.60 gripper.pos=+0.61
DEBUG 2026-09-03 08:19:15 [action #42] t=3.11s step=41 queue=12 dmax=1.209 | shoulder_pan.pos=-5.46 shoulder_lift.pos=-98.15 elbow_flex.pos=+77.39 wrist_flex.pos=+72.86 wrist_roll.pos=-1.66 gripper.pos=+0.54
DEBUG 2026-09-03 08:19:15 [action #43] t=3.15s step=42 queue=11 dmax=1.033 | shoulder_pan.pos=-5.52 shoulder_lift.pos=-97.12 elbow_flex.pos=+76.63 wrist_flex.pos=+72.75 wrist_roll.pos=-1.72 gripper.pos=+0.49
DEBUG 2026-09-03 08:19:15 [action #44] t=3.18s step=43 queue=10 dmax=1.350 | shoulder_pan.pos=-5.34 shoulder_lift.pos=-95.77 elbow_flex.pos=+75.91 wrist_flex.pos=+72.75 wrist_roll.pos=-1.77 gripper.pos=+0.53
DEBUG 2026-09-03 08:19:15 [action #45] t=3.21s step=44 queue=9 dmax=1.546 | shoulder_pan.pos=-5.53 shoulder_lift.pos=-94.22 elbow_flex.pos=+75.32 wrist_flex.pos=+72.60 wrist_roll.pos=-1.91 gripper.pos=+0.59
DEBUG 2026-09-03 08:19:15 [action #46] t=3.25s step=45 queue=8 dmax=1.267 | shoulder_pan.pos=-5.40 shoulder_lift.pos=-92.95 elbow_flex.pos=+74.53 wrist_flex.pos=+72.27 wrist_roll.pos=-2.08 gripper.pos=+0.50
DEBUG 2026-09-03 08:19:15 [action #47] t=3.28s step=46 queue=7 dmax=0.952 | shoulder_pan.pos=-5.39 shoulder_lift.pos=-92.00 elbow_flex.pos=+73.81 wrist_flex.pos=+72.09 wrist_roll.pos=-2.10 gripper.pos=+0.55
DEBUG 2026-09-03 08:19:15 [action #48] t=3.31s step=47 queue=6 dmax=1.176 | shoulder_pan.pos=-5.36 shoulder_lift.pos=-90.83 elbow_flex.pos=+72.71 wrist_flex.pos=+71.80 wrist_roll.pos=-2.24 gripper.pos=+0.49
DEBUG 2026-09-03 08:19:16 [action #49] t=3.35s step=48 queue=5 dmax=1.272 | shoulder_pan.pos=-5.36 shoulder_lift.pos=-89.55 elbow_flex.pos=+72.59 wrist_flex.pos=+71.56 wrist_roll.pos=-2.21 gripper.pos=+0.48
DEBUG 2026-09-03 08:19:16 [action #50] t=3.38s step=49 queue=4 dmax=1.259 | shoulder_pan.pos=-5.36 shoulder_lift.pos=-88.30 elbow_flex.pos=+72.18 wrist_flex.pos=+71.49 wrist_roll.pos=-2.41 gripper.pos=+0.49
DEBUG 2026-09-03 08:19:16 [action #51] t=3.42s step=50 queue=3 dmax=7.153 | shoulder_pan.pos=-5.35 shoulder_lift.pos=-81.14 elbow_flex.pos=+66.84 wrist_flex.pos=+72.20 wrist_roll.pos=-2.20 gripper.pos=+0.60
DEBUG 2026-09-03 08:19:16 [action #52] t=3.45s step=51 queue=2 dmax=0.940 | shoulder_pan.pos=-5.55 shoulder_lift.pos=-80.20 elbow_flex.pos=+66.63 wrist_flex.pos=+72.35 wrist_roll.pos=-2.45 gripper.pos=+0.47
DEBUG 2026-09-03 08:19:16 [action #53] t=3.48s step=52 queue=1 dmax=1.757 | shoulder_pan.pos=-5.46 shoulder_lift.pos=-78.45 elbow_flex.pos=+65.45 wrist_flex.pos=+72.20 wrist_roll.pos=-2.52 gripper.pos=+0.44
DEBUG 2026-09-03 08:19:16 [chunk] received 50 actions, timesteps 28..77 | first: shoulder_pan.pos=-4.70 shoulder_lift.pos=-100.82 elbow_flex.pos=+85.39 wrist_flex.pos=+70.38 wrist_roll.pos=-1.36 gripper.pos=+1.12 | last: shoulder_pan.pos=-5.85 shoulder_lift.pos=-58.18 elbow_flex.pos=+53.26 wrist_flex.pos=+68.05 wrist_roll.pos=-5.08 gripper.pos=+0.65
DEBUG 2026-09-03 08:19:16 [action #54] t=3.58s step=53 queue=25 dmax=21.341 | shoulder_pan.pos=-5.44 shoulder_lift.pos=-99.79 elbow_flex.pos=+78.41 wrist_flex.pos=+71.04 wrist_roll.pos=-1.22 gripper.pos=+0.61
DEBUG 2026-09-03 08:19:16 [action #55] t=3.62s step=54 queue=24 dmax=1.518 | shoulder_pan.pos=-4.85 shoulder_lift.pos=-98.27 elbow_flex.pos=+78.23 wrist_flex.pos=+71.03 wrist_roll.pos=-1.38 gripper.pos=+0.81
DEBUG 2026-09-03 08:19:16 [action #56] t=3.65s step=55 queue=23 dmax=0.942 | shoulder_pan.pos=-5.16 shoulder_lift.pos=-97.33 elbow_flex.pos=+77.31 wrist_flex.pos=+70.98 wrist_roll.pos=-1.31 gripper.pos=+0.83
DEBUG 2026-09-03 08:19:16 [action #57] t=3.68s step=56 queue=22 dmax=1.384 | shoulder_pan.pos=-5.18 shoulder_lift.pos=-95.94 elbow_flex.pos=+76.09 wrist_flex.pos=+70.84 wrist_roll.pos=-1.40 gripper.pos=+0.77
DEBUG 2026-09-03 08:19:16 [action #58] t=3.72s step=57 queue=21 dmax=2.668 | shoulder_pan.pos=-5.24 shoulder_lift.pos=-93.27 elbow_flex.pos=+74.99 wrist_flex.pos=+70.65 wrist_roll.pos=-1.44 gripper.pos=+0.77
DEBUG 2026-09-03 08:19:16 [action #59] t=3.75s step=58 queue=20 dmax=2.432 | shoulder_pan.pos=-5.26 shoulder_lift.pos=-90.84 elbow_flex.pos=+74.47 wrist_flex.pos=+70.21 wrist_roll.pos=-1.64 gripper.pos=+0.67
DEBUG 2026-09-03 08:19:16 [action #60] t=3.78s step=59 queue=19 dmax=1.477 | shoulder_pan.pos=-5.11 shoulder_lift.pos=-89.38 elbow_flex.pos=+72.99 wrist_flex.pos=+70.26 wrist_roll.pos=-1.74 gripper.pos=+0.59
DEBUG 2026-09-03 08:19:16 [action #61] t=3.82s step=60 queue=18 dmax=2.449 | shoulder_pan.pos=-5.38 shoulder_lift.pos=-86.94 elbow_flex.pos=+71.69 wrist_flex.pos=+70.00 wrist_roll.pos=-1.94 gripper.pos=+0.90
DEBUG 2026-09-03 08:19:16 [action #62] t=3.85s step=61 queue=17 dmax=1.876 | shoulder_pan.pos=-5.54 shoulder_lift.pos=-85.19 elbow_flex.pos=+69.81 wrist_flex.pos=+69.55 wrist_roll.pos=-2.07 gripper.pos=+0.83
DEBUG 2026-09-03 08:19:16 [action #63] t=3.88s step=62 queue=16 dmax=1.680 | shoulder_pan.pos=-5.55 shoulder_lift.pos=-83.51 elbow_flex.pos=+68.74 wrist_flex.pos=+69.52 wrist_roll.pos=-2.26 gripper.pos=+0.73
DEBUG 2026-09-03 08:19:16 [action #64] t=3.92s step=63 queue=15 dmax=1.254 | shoulder_pan.pos=-5.57 shoulder_lift.pos=-82.25 elbow_flex.pos=+68.17 wrist_flex.pos=+69.16 wrist_roll.pos=-2.43 gripper.pos=+0.66
DEBUG 2026-09-03 08:19:16 [action #65] t=3.95s step=64 queue=14 dmax=2.537 | shoulder_pan.pos=-5.34 shoulder_lift.pos=-79.72 elbow_flex.pos=+66.99 wrist_flex.pos=+69.34 wrist_roll.pos=-2.60 gripper.pos=+0.75
DEBUG 2026-09-03 08:19:16 [action #66] t=3.98s step=65 queue=13 dmax=1.636 | shoulder_pan.pos=-5.32 shoulder_lift.pos=-78.08 elbow_flex.pos=+65.43 wrist_flex.pos=+69.25 wrist_roll.pos=-2.92 gripper.pos=+0.79
DEBUG 2026-09-03 08:19:16 [action #67] t=4.02s step=66 queue=12 dmax=1.593 | shoulder_pan.pos=-5.65 shoulder_lift.pos=-76.49 elbow_flex.pos=+64.45 wrist_flex.pos=+69.13 wrist_roll.pos=-3.32 gripper.pos=+0.75
DEBUG 2026-09-03 08:19:16 [action #68] t=4.05s step=67 queue=11 dmax=1.906 | shoulder_pan.pos=-5.67 shoulder_lift.pos=-74.58 elbow_flex.pos=+63.18 wrist_flex.pos=+69.17 wrist_roll.pos=-3.72 gripper.pos=+0.64
DEBUG 2026-09-03 08:19:16 [action #69] t=4.08s step=68 queue=10 dmax=2.006 | shoulder_pan.pos=-5.52 shoulder_lift.pos=-72.58 elbow_flex.pos=+62.38 wrist_flex.pos=+68.93 wrist_roll.pos=-3.95 gripper.pos=+0.53
DEBUG 2026-09-03 08:19:16 [action #70] t=4.12s step=69 queue=9 dmax=1.705 | shoulder_pan.pos=-5.41 shoulder_lift.pos=-70.87 elbow_flex.pos=+61.02 wrist_flex.pos=+68.94 wrist_roll.pos=-4.13 gripper.pos=+0.79
DEBUG 2026-09-03 08:19:16 [action #71] t=4.15s step=70 queue=8 dmax=1.602 | shoulder_pan.pos=-5.74 shoulder_lift.pos=-69.27 elbow_flex.pos=+59.88 wrist_flex.pos=+68.79 wrist_roll.pos=-4.43 gripper.pos=+0.63
DEBUG 2026-09-03 08:19:16 [action #72] t=4.19s step=71 queue=7 dmax=1.874 | shoulder_pan.pos=-5.88 shoulder_lift.pos=-67.40 elbow_flex.pos=+59.27 wrist_flex.pos=+68.84 wrist_roll.pos=-4.47 gripper.pos=+0.63
DEBUG 2026-09-03 08:19:16 [action #73] t=4.22s step=72 queue=6 dmax=1.311 | shoulder_pan.pos=-5.73 shoulder_lift.pos=-66.12 elbow_flex.pos=+57.96 wrist_flex.pos=+68.61 wrist_roll.pos=-4.57 gripper.pos=+0.66
DEBUG 2026-09-03 08:19:16 [action #74] t=4.25s step=73 queue=5 dmax=1.887 | shoulder_pan.pos=-5.55 shoulder_lift.pos=-64.24 elbow_flex.pos=+56.83 wrist_flex.pos=+68.60 wrist_roll.pos=-4.74 gripper.pos=+0.55
DEBUG 2026-09-03 08:19:16 [action #75] t=4.29s step=74 queue=4 dmax=1.717 | shoulder_pan.pos=-6.11 shoulder_lift.pos=-62.52 elbow_flex.pos=+56.23 wrist_flex.pos=+68.47 wrist_roll.pos=-4.81 gripper.pos=+0.76
DEBUG 2026-09-03 08:19:16 [action #76] t=4.32s step=75 queue=3 dmax=1.824 | shoulder_pan.pos=-5.74 shoulder_lift.pos=-60.69 elbow_flex.pos=+54.68 wrist_flex.pos=+68.20 wrist_roll.pos=-4.80 gripper.pos=+0.63
DEBUG 2026-09-03 08:19:17 [action #77] t=4.35s step=76 queue=2 dmax=1.043 | shoulder_pan.pos=-6.11 shoulder_lift.pos=-59.65 elbow_flex.pos=+53.73 wrist_flex.pos=+68.14 wrist_roll.pos=-4.92 gripper.pos=+0.53
DEBUG 2026-09-03 08:19:17 [action #78] t=4.39s step=77 queue=1 dmax=1.472 | shoulder_pan.pos=-5.85 shoulder_lift.pos=-58.18 elbow_flex.pos=+53.26 wrist_flex.pos=+68.05 wrist_roll.pos=-5.08 gripper.pos=+0.65
DEBUG 2026-09-03 08:19:17 [chunk] received 50 actions, timesteps 52..101 | first: shoulder_pan.pos=-4.65 shoulder_lift.pos=-76.32 elbow_flex.pos=+64.86 wrist_flex.pos=+71.25 wrist_roll.pos=-3.16 gripper.pos=+1.26 | last: shoulder_pan.pos=-5.47 shoulder_lift.pos=-32.46 elbow_flex.pos=+44.98 wrist_flex.pos=+73.01 wrist_roll.pos=-6.42 gripper.pos=+33.51
DEBUG 2026-09-03 08:19:17 [action #79] t=4.49s step=78 queue=24 dmax=26.688 | shoulder_pan.pos=-4.64 shoulder_lift.pos=-48.11 elbow_flex.pos=+49.52 wrist_flex.pos=+73.92 wrist_roll.pos=-5.17 gripper.pos=+27.34
DEBUG 2026-09-03 08:19:17 [action #80] t=4.52s step=79 queue=23 dmax=1.101 | shoulder_pan.pos=-4.72 shoulder_lift.pos=-47.61 elbow_flex.pos=+49.51 wrist_flex.pos=+74.26 wrist_roll.pos=-5.03 gripper.pos=+28.44
DEBUG 2026-09-03 08:19:17 [action #81] t=4.55s step=80 queue=22 dmax=1.221 | shoulder_pan.pos=-4.59 shoulder_lift.pos=-46.39 elbow_flex.pos=+48.76 wrist_flex.pos=+74.53 wrist_roll.pos=-4.95 gripper.pos=+29.30
DEBUG 2026-09-03 08:19:17 [action #82] t=4.59s step=81 queue=21 dmax=1.056 | shoulder_pan.pos=-4.78 shoulder_lift.pos=-46.43 elbow_flex.pos=+48.58 wrist_flex.pos=+74.63 wrist_roll.pos=-4.95 gripper.pos=+30.36
DEBUG 2026-09-03 08:19:17 [action #83] t=4.62s step=82 queue=20 dmax=1.104 | shoulder_pan.pos=-4.72 shoulder_lift.pos=-45.33 elbow_flex.pos=+48.36 wrist_flex.pos=+74.72 wrist_roll.pos=-5.01 gripper.pos=+31.12
DEBUG 2026-09-03 08:19:17 [action #84] t=4.65s step=83 queue=19 dmax=0.783 | shoulder_pan.pos=-4.73 shoulder_lift.pos=-44.86 elbow_flex.pos=+48.15 wrist_flex.pos=+74.96 wrist_roll.pos=-4.94 gripper.pos=+31.90
DEBUG 2026-09-03 08:19:17 [action #85] t=4.69s step=84 queue=18 dmax=0.554 | shoulder_pan.pos=-4.70 shoulder_lift.pos=-44.54 elbow_flex.pos=+47.93 wrist_flex.pos=+74.88 wrist_roll.pos=-4.94 gripper.pos=+32.46
DEBUG 2026-09-03 08:19:17 [action #86] t=4.72s step=85 queue=17 dmax=0.802 | shoulder_pan.pos=-4.74 shoulder_lift.pos=-43.74 elbow_flex.pos=+47.37 wrist_flex.pos=+74.97 wrist_roll.pos=-4.91 gripper.pos=+32.64
DEBUG 2026-09-03 08:19:17 [action #87] t=4.75s step=86 queue=16 dmax=0.734 | shoulder_pan.pos=-4.78 shoulder_lift.pos=-43.05 elbow_flex.pos=+46.63 wrist_flex.pos=+75.01 wrist_roll.pos=-4.90 gripper.pos=+32.72
DEBUG 2026-09-03 08:19:17 [action #88] t=4.79s step=87 queue=15 dmax=0.855 | shoulder_pan.pos=-4.84 shoulder_lift.pos=-42.20 elbow_flex.pos=+47.12 wrist_flex.pos=+74.83 wrist_roll.pos=-5.03 gripper.pos=+32.53
DEBUG 2026-09-03 08:19:17 [action #89] t=4.82s step=88 queue=14 dmax=0.503 | shoulder_pan.pos=-4.90 shoulder_lift.pos=-41.69 elbow_flex.pos=+46.71 wrist_flex.pos=+74.71 wrist_roll.pos=-5.17 gripper.pos=+32.55
DEBUG 2026-09-03 08:19:17 [action #90] t=4.85s step=89 queue=13 dmax=0.306 | shoulder_pan.pos=-4.85 shoulder_lift.pos=-41.39 elbow_flex.pos=+46.40 wrist_flex.pos=+74.56 wrist_roll.pos=-5.45 gripper.pos=+32.39
DEBUG 2026-09-03 08:19:17 [action #91] t=4.89s step=90 queue=12 dmax=1.415 | shoulder_pan.pos=-4.97 shoulder_lift.pos=-39.97 elbow_flex.pos=+45.84 wrist_flex.pos=+74.33 wrist_roll.pos=-5.69 gripper.pos=+32.52
DEBUG 2026-09-03 08:19:17 [action #92] t=4.92s step=91 queue=11 dmax=0.273 | shoulder_pan.pos=-5.10 shoulder_lift.pos=-39.70 elbow_flex.pos=+45.96 wrist_flex.pos=+74.30 wrist_roll.pos=-5.88 gripper.pos=+32.66
DEBUG 2026-09-03 08:19:17 [action #93] t=4.95s step=92 queue=10 dmax=1.248 | shoulder_pan.pos=-5.07 shoulder_lift.pos=-38.45 elbow_flex.pos=+45.56 wrist_flex.pos=+74.25 wrist_roll.pos=-6.01 gripper.pos=+32.74
DEBUG 2026-09-03 08:19:17 [action #94] t=4.99s step=93 queue=9 dmax=0.380 | shoulder_pan.pos=-4.87 shoulder_lift.pos=-38.38 elbow_flex.pos=+45.86 wrist_flex.pos=+74.04 wrist_roll.pos=-6.17 gripper.pos=+33.12
DEBUG 2026-09-03 08:19:17 [action #95] t=5.02s step=94 queue=8 dmax=1.297 | shoulder_pan.pos=-5.28 shoulder_lift.pos=-37.08 elbow_flex.pos=+45.79 wrist_flex.pos=+73.88 wrist_roll.pos=-6.16 gripper.pos=+33.22
DEBUG 2026-09-03 08:19:17 [action #96] t=5.06s step=95 queue=7 dmax=0.417 | shoulder_pan.pos=-5.32 shoulder_lift.pos=-36.97 elbow_flex.pos=+45.37 wrist_flex.pos=+74.00 wrist_roll.pos=-6.28 gripper.pos=+33.25
DEBUG 2026-09-03 08:19:17 [action #97] t=5.09s step=96 queue=6 dmax=0.824 | shoulder_pan.pos=-5.29 shoulder_lift.pos=-36.14 elbow_flex.pos=+44.86 wrist_flex.pos=+73.88 wrist_roll.pos=-6.31 gripper.pos=+33.21
DEBUG 2026-09-03 08:19:17 [action #98] t=5.12s step=97 queue=5 dmax=0.853 | shoulder_pan.pos=-5.37 shoulder_lift.pos=-35.85 elbow_flex.pos=+45.71 wrist_flex.pos=+73.56 wrist_roll.pos=-6.32 gripper.pos=+33.29
DEBUG 2026-09-03 08:19:17 [action #99] t=5.16s step=98 queue=4 dmax=0.707 | shoulder_pan.pos=-5.29 shoulder_lift.pos=-35.15 elbow_flex.pos=+45.68 wrist_flex.pos=+73.43 wrist_roll.pos=-6.34 gripper.pos=+33.27
DEBUG 2026-09-03 08:19:17 [action #100] t=5.19s step=99 queue=3 dmax=1.330 | shoulder_pan.pos=-5.29 shoulder_lift.pos=-33.82 elbow_flex.pos=+44.83 wrist_flex.pos=+73.49 wrist_roll.pos=-6.39 gripper.pos=+33.24
DEBUG 2026-09-03 08:19:17 [action #101] t=5.22s step=100 queue=2 dmax=0.581 | shoulder_pan.pos=-5.43 shoulder_lift.pos=-33.63 elbow_flex.pos=+45.41 wrist_flex.pos=+73.18 wrist_roll.pos=-6.40 gripper.pos=+33.33
DEBUG 2026-09-03 08:19:17 [action #102] t=5.26s step=101 queue=1 dmax=1.174 | shoulder_pan.pos=-5.47 shoulder_lift.pos=-32.46 elbow_flex.pos=+44.98 wrist_flex.pos=+73.01 wrist_roll.pos=-6.42 gripper.pos=+33.51
DEBUG 2026-09-03 08:19:18 [chunk] received 50 actions, timesteps 77..126 | first: shoulder_pan.pos=-4.87 shoulder_lift.pos=-56.13 elbow_flex.pos=+52.85 wrist_flex.pos=+69.67 wrist_roll.pos=-4.85 gripper.pos=+0.82 | last: shoulder_pan.pos=-6.20 shoulder_lift.pos=-18.85 elbow_flex.pos=+38.06 wrist_flex.pos=+69.33 wrist_roll.pos=-6.00 gripper.pos=+29.85
DEBUG 2026-09-03 08:19:18 [action #103] t=5.36s step=102 queue=25 dmax=9.798 | shoulder_pan.pos=-5.83 shoulder_lift.pos=-37.55 elbow_flex.pos=+43.78 wrist_flex.pos=+72.79 wrist_roll.pos=-5.32 gripper.pos=+23.71
DEBUG 2026-09-03 08:19:18 [action #104] t=5.39s step=103 queue=24 dmax=0.357 | shoulder_pan.pos=-5.58 shoulder_lift.pos=-37.19 elbow_flex.pos=+43.64 wrist_flex.pos=+72.56 wrist_roll.pos=-5.10 gripper.pos=+23.75
DEBUG 2026-09-03 08:19:18 [action #105] t=5.42s step=104 queue=23 dmax=0.317 | shoulder_pan.pos=-5.42 shoulder_lift.pos=-37.07 elbow_flex.pos=+43.78 wrist_flex.pos=+72.57 wrist_roll.pos=-5.08 gripper.pos=+24.07
DEBUG 2026-09-03 08:19:18 [action #106] t=5.46s step=105 queue=22 dmax=0.695 | shoulder_pan.pos=-5.45 shoulder_lift.pos=-37.02 elbow_flex.pos=+43.09 wrist_flex.pos=+72.65 wrist_roll.pos=-5.09 gripper.pos=+24.67
DEBUG 2026-09-03 08:19:18 [action #107] t=5.49s step=106 queue=21 dmax=1.136 | shoulder_pan.pos=-5.55 shoulder_lift.pos=-35.88 elbow_flex.pos=+43.20 wrist_flex.pos=+72.64 wrist_roll.pos=-5.08 gripper.pos=+25.77
DEBUG 2026-09-03 08:19:18 [action #108] t=5.52s step=107 queue=20 dmax=1.340 | shoulder_pan.pos=-5.36 shoulder_lift.pos=-35.28 elbow_flex.pos=+43.77 wrist_flex.pos=+72.59 wrist_roll.pos=-5.28 gripper.pos=+27.11
DEBUG 2026-09-03 08:19:18 [action #109] t=5.56s step=108 queue=19 dmax=1.605 | shoulder_pan.pos=-5.44 shoulder_lift.pos=-35.05 elbow_flex.pos=+43.99 wrist_flex.pos=+72.59 wrist_roll.pos=-5.30 gripper.pos=+28.71
DEBUG 2026-09-03 08:19:18 [action #110] t=5.59s step=109 queue=18 dmax=1.656 | shoulder_pan.pos=-5.79 shoulder_lift.pos=-35.15 elbow_flex.pos=+43.42 wrist_flex.pos=+72.61 wrist_roll.pos=-5.44 gripper.pos=+30.37
DEBUG 2026-09-03 08:19:18 [action #111] t=5.62s step=110 queue=17 dmax=1.130 | shoulder_pan.pos=-5.43 shoulder_lift.pos=-34.07 elbow_flex.pos=+43.45 wrist_flex.pos=+72.88 wrist_roll.pos=-5.41 gripper.pos=+31.50
DEBUG 2026-09-03 08:19:18 [action #112] t=5.66s step=111 queue=16 dmax=0.849 | shoulder_pan.pos=-5.76 shoulder_lift.pos=-33.22 elbow_flex.pos=+43.24 wrist_flex.pos=+72.74 wrist_roll.pos=-5.50 gripper.pos=+31.61
DEBUG 2026-09-03 08:19:18 [action #113] t=5.69s step=112 queue=15 dmax=0.708 | shoulder_pan.pos=-5.89 shoulder_lift.pos=-32.77 elbow_flex.pos=+42.54 wrist_flex.pos=+72.72 wrist_roll.pos=-5.56 gripper.pos=+31.44
DEBUG 2026-09-03 08:19:18 [action #114] t=5.72s step=113 queue=14 dmax=1.415 | shoulder_pan.pos=-5.63 shoulder_lift.pos=-31.35 elbow_flex.pos=+42.68 wrist_flex.pos=+72.54 wrist_roll.pos=-5.60 gripper.pos=+31.23
DEBUG 2026-09-03 08:19:18 [action #115] t=5.76s step=114 queue=13 dmax=0.566 | shoulder_pan.pos=-6.08 shoulder_lift.pos=-31.63 elbow_flex.pos=+42.29 wrist_flex.pos=+72.32 wrist_roll.pos=-5.74 gripper.pos=+30.66
DEBUG 2026-09-03 08:19:18 [action #116] t=5.79s step=115 queue=12 dmax=1.736 | shoulder_pan.pos=-5.86 shoulder_lift.pos=-29.89 elbow_flex.pos=+41.95 wrist_flex.pos=+72.15 wrist_roll.pos=-5.87 gripper.pos=+30.32
DEBUG 2026-09-03 08:19:18 [action #117] t=5.82s step=116 queue=11 dmax=0.662 | shoulder_pan.pos=-6.05 shoulder_lift.pos=-29.23 elbow_flex.pos=+41.81 wrist_flex.pos=+72.09 wrist_roll.pos=-5.85 gripper.pos=+30.09
DEBUG 2026-09-03 08:19:18 [action #118] t=5.86s step=117 queue=10 dmax=2.135 | shoulder_pan.pos=-5.96 shoulder_lift.pos=-27.09 elbow_flex.pos=+40.15 wrist_flex.pos=+71.61 wrist_roll.pos=-5.75 gripper.pos=+29.91
DEBUG 2026-09-03 08:19:18 [action #119] t=5.89s step=118 queue=9 dmax=0.361 | shoulder_pan.pos=-6.14 shoulder_lift.pos=-26.88 elbow_flex.pos=+40.51 wrist_flex.pos=+71.44 wrist_roll.pos=-5.95 gripper.pos=+29.99
DEBUG 2026-09-03 08:19:18 [action #120] t=5.93s step=119 queue=8 dmax=1.307 | shoulder_pan.pos=-6.20 shoulder_lift.pos=-25.57 elbow_flex.pos=+41.05 wrist_flex.pos=+71.10 wrist_roll.pos=-5.89 gripper.pos=+29.94
DEBUG 2026-09-03 08:19:18 [action #121] t=5.96s step=120 queue=7 dmax=1.143 | shoulder_pan.pos=-6.29 shoulder_lift.pos=-24.77 elbow_flex.pos=+39.91 wrist_flex.pos=+70.50 wrist_roll.pos=-5.87 gripper.pos=+29.95
DEBUG 2026-09-03 08:19:18 [action #122] t=5.99s step=121 queue=6 dmax=1.695 | shoulder_pan.pos=-6.31 shoulder_lift.pos=-23.08 elbow_flex.pos=+39.18 wrist_flex.pos=+70.12 wrist_roll.pos=-5.91 gripper.pos=+29.73
DEBUG 2026-09-03 08:19:18 [action #123] t=6.03s step=122 queue=5 dmax=0.339 | shoulder_pan.pos=-6.14 shoulder_lift.pos=-22.74 elbow_flex.pos=+39.18 wrist_flex.pos=+69.80 wrist_roll.pos=-5.95 gripper.pos=+29.75
DEBUG 2026-09-03 08:19:18 [action #124] t=6.06s step=123 queue=4 dmax=0.773 | shoulder_pan.pos=-6.31 shoulder_lift.pos=-21.97 elbow_flex.pos=+38.88 wrist_flex.pos=+69.85 wrist_roll.pos=-5.97 gripper.pos=+29.72
DEBUG 2026-09-03 08:19:18 [action #125] t=6.09s step=124 queue=3 dmax=1.872 | shoulder_pan.pos=-6.30 shoulder_lift.pos=-20.09 elbow_flex.pos=+38.38 wrist_flex.pos=+69.76 wrist_roll.pos=-6.00 gripper.pos=+29.86
DEBUG 2026-09-03 08:19:18 [action #126] t=6.13s step=125 queue=2 dmax=0.378 | shoulder_pan.pos=-6.27 shoulder_lift.pos=-20.01 elbow_flex.pos=+38.32 wrist_flex.pos=+69.38 wrist_roll.pos=-5.92 gripper.pos=+29.89
DEBUG 2026-09-03 08:19:18 [action #127] t=6.16s step=126 queue=1 dmax=1.166 | shoulder_pan.pos=-6.20 shoulder_lift.pos=-18.85 elbow_flex.pos=+38.06 wrist_flex.pos=+69.33 wrist_roll.pos=-6.00 gripper.pos=+29.85
DEBUG 2026-09-03 08:19:18 [chunk] received 50 actions, timesteps 101..150 | first: shoulder_pan.pos=-4.53 shoulder_lift.pos=-30.27 elbow_flex.pos=+45.20 wrist_flex.pos=+72.23 wrist_roll.pos=-5.99 gripper.pos=+34.55 | last: shoulder_pan.pos=-3.21 shoulder_lift.pos=-3.55 elbow_flex.pos=+32.83 wrist_flex.pos=+67.87 wrist_roll.pos=-6.49 gripper.pos=+7.27
DEBUG 2026-09-03 08:19:18 [action #128] t=6.29s step=127 queue=24 dmax=12.920 | shoulder_pan.pos=-3.82 shoulder_lift.pos=-5.93 elbow_flex.pos=+33.73 wrist_flex.pos=+70.11 wrist_roll.pos=-6.43 gripper.pos=+35.22
DEBUG 2026-09-03 08:19:18 [action #129] t=6.33s step=128 queue=23 dmax=0.133 | shoulder_pan.pos=-3.76 shoulder_lift.pos=-5.93 elbow_flex.pos=+33.60 wrist_flex.pos=+70.04 wrist_roll.pos=-6.51 gripper.pos=+35.17
DEBUG 2026-09-03 08:19:19 [action #130] t=6.36s step=129 queue=22 dmax=1.147 | shoulder_pan.pos=-3.77 shoulder_lift.pos=-4.79 elbow_flex.pos=+33.47 wrist_flex.pos=+69.82 wrist_roll.pos=-6.38 gripper.pos=+35.20
DEBUG 2026-09-03 08:19:19 [action #131] t=6.39s step=130 queue=21 dmax=0.882 | shoulder_pan.pos=-3.67 shoulder_lift.pos=-3.90 elbow_flex.pos=+33.11 wrist_flex.pos=+69.79 wrist_roll.pos=-6.55 gripper.pos=+35.24
DEBUG 2026-09-03 08:19:19 [action #132] t=6.43s step=131 queue=20 dmax=0.529 | shoulder_pan.pos=-4.03 shoulder_lift.pos=-3.38 elbow_flex.pos=+33.08 wrist_flex.pos=+69.44 wrist_roll.pos=-6.50 gripper.pos=+35.24
DEBUG 2026-09-03 08:19:19 [action #133] t=6.46s step=132 queue=19 dmax=0.287 | shoulder_pan.pos=-3.89 shoulder_lift.pos=-3.66 elbow_flex.pos=+33.13 wrist_flex.pos=+69.37 wrist_roll.pos=-6.67 gripper.pos=+35.51
DEBUG 2026-09-03 08:19:19 [action #134] t=6.49s step=133 queue=18 dmax=0.931 | shoulder_pan.pos=-3.84 shoulder_lift.pos=-2.73 elbow_flex.pos=+32.98 wrist_flex.pos=+68.98 wrist_roll.pos=-6.54 gripper.pos=+35.04
DEBUG 2026-09-03 08:19:19 [action #135] t=6.53s step=134 queue=17 dmax=0.877 | shoulder_pan.pos=-3.81 shoulder_lift.pos=-2.59 elbow_flex.pos=+33.44 wrist_flex.pos=+68.85 wrist_roll.pos=-6.41 gripper.pos=+34.16
DEBUG 2026-09-03 08:19:19 [action #136] t=6.56s step=135 queue=16 dmax=1.620 | shoulder_pan.pos=-3.83 shoulder_lift.pos=-2.83 elbow_flex.pos=+32.37 wrist_flex.pos=+68.73 wrist_roll.pos=-6.67 gripper.pos=+32.54
DEBUG 2026-09-03 08:19:19 [action #137] t=6.59s step=136 queue=15 dmax=2.701 | shoulder_pan.pos=-3.67 shoulder_lift.pos=-3.26 elbow_flex.pos=+32.99 wrist_flex.pos=+68.86 wrist_roll.pos=-6.60 gripper.pos=+29.84
DEBUG 2026-09-03 08:19:19 [action #138] t=6.63s step=137 queue=14 dmax=2.503 | shoulder_pan.pos=-4.00 shoulder_lift.pos=-2.54 elbow_flex.pos=+33.78 wrist_flex.pos=+68.71 wrist_roll.pos=-6.60 gripper.pos=+27.34
DEBUG 2026-09-03 08:19:19 [action #139] t=6.66s step=138 queue=13 dmax=2.738 | shoulder_pan.pos=-3.85 shoulder_lift.pos=-2.87 elbow_flex.pos=+33.09 wrist_flex.pos=+68.54 wrist_roll.pos=-6.76 gripper.pos=+24.60
DEBUG 2026-09-03 08:19:19 [action #140] t=6.70s step=139 queue=12 dmax=2.813 | shoulder_pan.pos=-3.94 shoulder_lift.pos=-2.89 elbow_flex.pos=+33.23 wrist_flex.pos=+69.14 wrist_roll.pos=-6.56 gripper.pos=+21.79
DEBUG 2026-09-03 08:19:19 [action #141] t=6.73s step=140 queue=11 dmax=2.795 | shoulder_pan.pos=-3.76 shoulder_lift.pos=-3.85 elbow_flex.pos=+33.39 wrist_flex.pos=+68.67 wrist_roll.pos=-6.55 gripper.pos=+18.99
DEBUG 2026-09-03 08:19:19 [action #142] t=6.76s step=141 queue=10 dmax=2.719 | shoulder_pan.pos=-3.44 shoulder_lift.pos=-3.42 elbow_flex.pos=+33.94 wrist_flex.pos=+68.25 wrist_roll.pos=-6.56 gripper.pos=+16.28
DEBUG 2026-09-03 08:19:19 [action #143] t=6.80s step=142 queue=9 dmax=2.173 | shoulder_pan.pos=-3.44 shoulder_lift.pos=-4.06 elbow_flex.pos=+33.76 wrist_flex.pos=+67.84 wrist_roll.pos=-6.51 gripper.pos=+14.10
DEBUG 2026-09-03 08:19:19 [action #144] t=6.83s step=143 queue=8 dmax=1.592 | shoulder_pan.pos=-3.68 shoulder_lift.pos=-4.42 elbow_flex.pos=+33.96 wrist_flex.pos=+67.93 wrist_roll.pos=-6.42 gripper.pos=+12.51
DEBUG 2026-09-03 08:19:19 [action #145] t=6.86s step=144 queue=7 dmax=1.261 | shoulder_pan.pos=-3.43 shoulder_lift.pos=-4.09 elbow_flex.pos=+33.00 wrist_flex.pos=+67.90 wrist_roll.pos=-6.47 gripper.pos=+11.25
DEBUG 2026-09-03 08:19:19 [action #146] t=6.90s step=145 queue=6 dmax=1.105 | shoulder_pan.pos=-3.50 shoulder_lift.pos=-4.14 elbow_flex.pos=+33.55 wrist_flex.pos=+67.91 wrist_roll.pos=-6.56 gripper.pos=+10.15
DEBUG 2026-09-03 08:19:19 [action #147] t=6.93s step=146 queue=5 dmax=0.682 | shoulder_pan.pos=-3.33 shoulder_lift.pos=-4.31 elbow_flex.pos=+34.11 wrist_flex.pos=+67.51 wrist_roll.pos=-6.46 gripper.pos=+9.46
DEBUG 2026-09-03 08:19:19 [action #148] t=6.96s step=147 queue=4 dmax=0.541 | shoulder_pan.pos=-3.35 shoulder_lift.pos=-4.52 elbow_flex.pos=+33.98 wrist_flex.pos=+67.66 wrist_roll.pos=-6.44 gripper.pos=+8.92
DEBUG 2026-09-03 08:19:19 [action #149] t=7.00s step=148 queue=3 dmax=0.679 | shoulder_pan.pos=-3.53 shoulder_lift.pos=-4.17 elbow_flex.pos=+33.70 wrist_flex.pos=+67.88 wrist_roll.pos=-6.35 gripper.pos=+8.24
DEBUG 2026-09-03 08:19:19 [action #150] t=7.03s step=149 queue=2 dmax=0.748 | shoulder_pan.pos=-3.80 shoulder_lift.pos=-4.01 elbow_flex.pos=+32.95 wrist_flex.pos=+67.84 wrist_roll.pos=-6.37 gripper.pos=+7.61
DEBUG 2026-09-03 08:19:19 [action #151] t=7.06s step=150 queue=1 dmax=0.588 | shoulder_pan.pos=-3.21 shoulder_lift.pos=-3.55 elbow_flex.pos=+32.83 wrist_flex.pos=+67.87 wrist_roll.pos=-6.49 gripper.pos=+7.27
DEBUG 2026-09-03 08:19:19 [chunk] received 50 actions, timesteps 126..175 | first: shoulder_pan.pos=-5.66 shoulder_lift.pos=-19.17 elbow_flex.pos=+38.35 wrist_flex.pos=+69.78 wrist_roll.pos=-5.49 gripper.pos=+31.31 | last: shoulder_pan.pos=-5.40 shoulder_lift.pos=-3.64 elbow_flex.pos=+29.31 wrist_flex.pos=+69.74 wrist_roll.pos=-6.68 gripper.pos=+4.77
DEBUG 2026-09-03 08:19:19 [action #152] t=7.23s step=151 queue=25 dmax=26.053 | shoulder_pan.pos=-5.89 shoulder_lift.pos=-1.09 elbow_flex.pos=+32.36 wrist_flex.pos=+68.96 wrist_roll.pos=-5.90 gripper.pos=+33.32
DEBUG 2026-09-03 08:19:19 [action #153] t=7.26s step=152 queue=24 dmax=0.627 | shoulder_pan.pos=-5.82 shoulder_lift.pos=-1.19 elbow_flex.pos=+31.73 wrist_flex.pos=+68.70 wrist_roll.pos=-5.86 gripper.pos=+33.18
DEBUG 2026-09-03 08:19:19 [action #154] t=7.30s step=153 queue=23 dmax=0.724 | shoulder_pan.pos=-5.68 shoulder_lift.pos=-0.47 elbow_flex.pos=+31.46 wrist_flex.pos=+68.83 wrist_roll.pos=-5.94 gripper.pos=+32.83
DEBUG 2026-09-03 08:19:19 [action #155] t=7.33s step=154 queue=22 dmax=1.515 | shoulder_pan.pos=-5.49 shoulder_lift.pos=-0.45 elbow_flex.pos=+31.71 wrist_flex.pos=+68.76 wrist_roll.pos=-5.97 gripper.pos=+31.31
DEBUG 2026-09-03 08:19:20 [action #156] t=7.36s step=155 queue=21 dmax=2.739 | shoulder_pan.pos=-5.37 shoulder_lift.pos=-0.16 elbow_flex.pos=+31.94 wrist_flex.pos=+69.00 wrist_roll.pos=-6.01 gripper.pos=+28.57
DEBUG 2026-09-03 08:19:20 [action #157] t=7.40s step=156 queue=20 dmax=3.583 | shoulder_pan.pos=-5.27 shoulder_lift.pos=-0.78 elbow_flex.pos=+31.33 wrist_flex.pos=+69.05 wrist_roll.pos=-6.15 gripper.pos=+24.99
DEBUG 2026-09-03 08:19:20 [action #158] t=7.43s step=157 queue=19 dmax=3.295 | shoulder_pan.pos=-4.94 shoulder_lift.pos=-1.05 elbow_flex.pos=+31.15 wrist_flex.pos=+68.73 wrist_roll.pos=-6.08 gripper.pos=+21.69
DEBUG 2026-09-03 08:19:20 [action #159] t=7.47s step=158 queue=18 dmax=3.153 | shoulder_pan.pos=-5.12 shoulder_lift.pos=-0.64 elbow_flex.pos=+31.04 wrist_flex.pos=+68.95 wrist_roll.pos=-6.12 gripper.pos=+18.54
DEBUG 2026-09-03 08:19:20 [action #160] t=7.50s step=159 queue=17 dmax=2.066 | shoulder_pan.pos=-4.83 shoulder_lift.pos=-1.20 elbow_flex.pos=+31.07 wrist_flex.pos=+68.72 wrist_roll.pos=-6.23 gripper.pos=+16.47
DEBUG 2026-09-03 08:19:20 [action #161] t=7.53s step=160 queue=16 dmax=1.594 | shoulder_pan.pos=-5.06 shoulder_lift.pos=-0.70 elbow_flex.pos=+31.21 wrist_flex.pos=+68.82 wrist_roll.pos=-6.19 gripper.pos=+14.88
DEBUG 2026-09-03 08:19:20 [action #162] t=7.57s step=161 queue=15 dmax=1.405 | shoulder_pan.pos=-4.86 shoulder_lift.pos=-1.11 elbow_flex.pos=+30.82 wrist_flex.pos=+68.82 wrist_roll.pos=-6.28 gripper.pos=+13.48
DEBUG 2026-09-03 08:19:20 [action #163] t=7.60s step=162 queue=14 dmax=1.377 | shoulder_pan.pos=-5.12 shoulder_lift.pos=-1.17 elbow_flex.pos=+31.33 wrist_flex.pos=+68.88 wrist_roll.pos=-6.26 gripper.pos=+12.10
DEBUG 2026-09-03 08:19:20 [action #164] t=7.63s step=163 queue=13 dmax=1.388 | shoulder_pan.pos=-5.19 shoulder_lift.pos=-1.16 elbow_flex.pos=+30.64 wrist_flex.pos=+68.93 wrist_roll.pos=-6.35 gripper.pos=+10.71
DEBUG 2026-09-03 08:19:20 [action #165] t=7.67s step=164 queue=12 dmax=1.312 | shoulder_pan.pos=-5.06 shoulder_lift.pos=-1.78 elbow_flex.pos=+30.82 wrist_flex.pos=+68.80 wrist_roll.pos=-6.49 gripper.pos=+9.40
DEBUG 2026-09-03 08:19:20 [action #166] t=7.70s step=165 queue=11 dmax=1.359 | shoulder_pan.pos=-5.16 shoulder_lift.pos=-1.38 elbow_flex.pos=+30.92 wrist_flex.pos=+69.01 wrist_roll.pos=-6.53 gripper.pos=+8.04
DEBUG 2026-09-03 08:19:20 [action #167] t=7.73s step=166 queue=10 dmax=0.892 | shoulder_pan.pos=-5.30 shoulder_lift.pos=-1.58 elbow_flex.pos=+30.81 wrist_flex.pos=+68.94 wrist_roll.pos=-6.46 gripper.pos=+7.15
DEBUG 2026-09-03 08:19:20 [action #168] t=7.77s step=167 queue=9 dmax=0.660 | shoulder_pan.pos=-5.54 shoulder_lift.pos=-1.52 elbow_flex.pos=+30.98 wrist_flex.pos=+68.81 wrist_roll.pos=-6.53 gripper.pos=+6.49
DEBUG 2026-09-03 08:19:20 [action #169] t=7.80s step=168 queue=8 dmax=0.387 | shoulder_pan.pos=-5.32 shoulder_lift.pos=-1.77 elbow_flex.pos=+31.33 wrist_flex.pos=+68.88 wrist_roll.pos=-6.58 gripper.pos=+6.10
DEBUG 2026-09-03 08:19:20 [action #170] t=7.83s step=169 queue=7 dmax=0.602 | shoulder_pan.pos=-5.23 shoulder_lift.pos=-1.82 elbow_flex.pos=+30.73 wrist_flex.pos=+68.98 wrist_roll.pos=-6.64 gripper.pos=+5.72
DEBUG 2026-09-03 08:19:20 [action #171] t=7.87s step=170 queue=6 dmax=0.641 | shoulder_pan.pos=-5.47 shoulder_lift.pos=-2.46 elbow_flex.pos=+31.02 wrist_flex.pos=+68.90 wrist_roll.pos=-6.70 gripper.pos=+5.55
DEBUG 2026-09-03 08:19:20 [action #172] t=7.90s step=171 queue=5 dmax=0.582 | shoulder_pan.pos=-5.51 shoulder_lift.pos=-3.05 elbow_flex.pos=+30.61 wrist_flex.pos=+69.04 wrist_roll.pos=-6.50 gripper.pos=+5.32
DEBUG 2026-09-03 08:19:20 [action #173] t=7.93s step=172 queue=4 dmax=1.851 | shoulder_pan.pos=-5.85 shoulder_lift.pos=-1.19 elbow_flex.pos=+30.46 wrist_flex.pos=+69.04 wrist_roll.pos=-6.58 gripper.pos=+5.09
DEBUG 2026-09-03 08:19:20 [action #174] t=7.97s step=173 queue=3 dmax=1.412 | shoulder_pan.pos=-5.45 shoulder_lift.pos=-2.61 elbow_flex.pos=+30.73 wrist_flex.pos=+69.27 wrist_roll.pos=-6.70 gripper.pos=+4.88
DEBUG 2026-09-03 08:19:20 [action #175] t=8.00s step=174 queue=2 dmax=1.155 | shoulder_pan.pos=-5.52 shoulder_lift.pos=-3.10 elbow_flex.pos=+29.57 wrist_flex.pos=+69.23 wrist_roll.pos=-6.69 gripper.pos=+4.83
DEBUG 2026-09-03 08:19:20 [action #176] t=8.03s step=175 queue=1 dmax=0.537 | shoulder_pan.pos=-5.40 shoulder_lift.pos=-3.64 elbow_flex.pos=+29.31 wrist_flex.pos=+69.74 wrist_roll.pos=-6.68 gripper.pos=+4.77
DEBUG 2026-09-03 08:19:20 [chunk] received 50 actions, timesteps 150..199 | first: shoulder_pan.pos=-3.28 shoulder_lift.pos=-5.83 elbow_flex.pos=+31.86 wrist_flex.pos=+68.86 wrist_roll.pos=-7.10 gripper.pos=+6.80 | last: shoulder_pan.pos=+24.22 shoulder_lift.pos=-7.67 elbow_flex.pos=-3.39 wrist_flex.pos=+77.91 wrist_roll.pos=-5.96 gripper.pos=+5.78
DEBUG 2026-09-03 08:19:20 [action #177] t=8.13s step=176 queue=24 dmax=23.225 | shoulder_pan.pos=+5.76 shoulder_lift.pos=-16.95 elbow_flex.pos=+6.08 wrist_flex.pos=+84.92 wrist_roll.pos=-7.29 gripper.pos=+5.49
DEBUG 2026-09-03 08:19:20 [action #178] t=8.17s step=177 queue=23 dmax=0.724 | shoulder_pan.pos=+6.48 shoulder_lift.pos=-16.55 elbow_flex.pos=+5.78 wrist_flex.pos=+84.89 wrist_roll.pos=-7.34 gripper.pos=+5.36
DEBUG 2026-09-03 08:19:20 [action #179] t=8.20s step=178 queue=22 dmax=0.824 | shoulder_pan.pos=+7.31 shoulder_lift.pos=-16.82 elbow_flex.pos=+5.32 wrist_flex.pos=+84.63 wrist_roll.pos=-7.17 gripper.pos=+5.65
DEBUG 2026-09-03 08:19:20 [action #180] t=8.24s step=179 queue=21 dmax=0.760 | shoulder_pan.pos=+8.07 shoulder_lift.pos=-16.77 elbow_flex.pos=+5.18 wrist_flex.pos=+84.60 wrist_roll.pos=-7.19 gripper.pos=+5.50
DEBUG 2026-09-03 08:19:20 [action #181] t=8.27s step=180 queue=20 dmax=1.166 | shoulder_pan.pos=+8.60 shoulder_lift.pos=-17.93 elbow_flex.pos=+5.22 wrist_flex.pos=+84.64 wrist_roll.pos=-7.16 gripper.pos=+5.50
DEBUG 2026-09-03 08:19:20 [action #182] t=8.30s step=181 queue=19 dmax=0.778 | shoulder_pan.pos=+9.35 shoulder_lift.pos=-17.96 elbow_flex.pos=+4.44 wrist_flex.pos=+84.61 wrist_roll.pos=-7.06 gripper.pos=+5.55
DEBUG 2026-09-03 08:19:20 [action #183] t=8.34s step=182 queue=18 dmax=0.954 | shoulder_pan.pos=+10.30 shoulder_lift.pos=-18.41 elbow_flex.pos=+4.39 wrist_flex.pos=+84.57 wrist_roll.pos=-7.05 gripper.pos=+5.67
DEBUG 2026-09-03 08:19:21 [action #184] t=8.37s step=183 queue=17 dmax=1.351 | shoulder_pan.pos=+11.31 shoulder_lift.pos=-18.91 elbow_flex.pos=+3.04 wrist_flex.pos=+84.47 wrist_roll.pos=-6.95 gripper.pos=+5.71
DEBUG 2026-09-03 08:19:21 [action #185] t=8.40s step=184 queue=16 dmax=0.505 | shoulder_pan.pos=+11.81 shoulder_lift.pos=-19.08 elbow_flex.pos=+2.89 wrist_flex.pos=+84.28 wrist_roll.pos=-6.93 gripper.pos=+5.69
DEBUG 2026-09-03 08:19:21 [action #186] t=8.44s step=185 queue=15 dmax=1.074 | shoulder_pan.pos=+12.89 shoulder_lift.pos=-18.82 elbow_flex.pos=+2.09 wrist_flex.pos=+84.30 wrist_roll.pos=-6.95 gripper.pos=+5.73
DEBUG 2026-09-03 08:19:21 [action #187] t=8.47s step=186 queue=14 dmax=0.800 | shoulder_pan.pos=+13.39 shoulder_lift.pos=-19.34 elbow_flex.pos=+1.29 wrist_flex.pos=+84.26 wrist_roll.pos=-7.06 gripper.pos=+5.87
DEBUG 2026-09-03 08:19:21 [action #188] t=8.50s step=187 queue=13 dmax=1.325 | shoulder_pan.pos=+14.71 shoulder_lift.pos=-18.41 elbow_flex.pos=+1.27 wrist_flex.pos=+83.83 wrist_roll.pos=-6.91 gripper.pos=+5.71
DEBUG 2026-09-03 08:19:21 [action #189] t=8.54s step=188 queue=12 dmax=1.257 | shoulder_pan.pos=+15.97 shoulder_lift.pos=-18.48 elbow_flex.pos=+1.40 wrist_flex.pos=+83.67 wrist_roll.pos=-6.84 gripper.pos=+5.84
DEBUG 2026-09-03 08:19:21 [action #190] t=8.57s step=189 queue=11 dmax=1.651 | shoulder_pan.pos=+17.07 shoulder_lift.pos=-18.14 elbow_flex.pos=-0.25 wrist_flex.pos=+82.82 wrist_roll.pos=-6.58 gripper.pos=+5.90
DEBUG 2026-09-03 08:19:21 [action #191] t=8.60s step=190 queue=10 dmax=1.445 | shoulder_pan.pos=+18.52 shoulder_lift.pos=-17.32 elbow_flex.pos=-0.00 wrist_flex.pos=+82.10 wrist_roll.pos=-6.50 gripper.pos=+5.83
DEBUG 2026-09-03 08:19:21 [action #192] t=8.64s step=191 queue=9 dmax=0.626 | shoulder_pan.pos=+19.14 shoulder_lift.pos=-17.22 elbow_flex.pos=+0.04 wrist_flex.pos=+81.91 wrist_roll.pos=-6.51 gripper.pos=+5.81
DEBUG 2026-09-03 08:19:21 [action #193] t=8.67s step=192 queue=8 dmax=1.108 | shoulder_pan.pos=+19.92 shoulder_lift.pos=-16.11 elbow_flex.pos=+0.02 wrist_flex.pos=+81.18 wrist_roll.pos=-6.26 gripper.pos=+5.97
DEBUG 2026-09-03 08:19:21 [action #194] t=8.70s step=193 queue=7 dmax=0.903 | shoulder_pan.pos=+20.82 shoulder_lift.pos=-15.46 elbow_flex.pos=-0.33 wrist_flex.pos=+80.52 wrist_roll.pos=-6.10 gripper.pos=+5.54
DEBUG 2026-09-03 08:19:21 [action #195] t=8.74s step=194 queue=6 dmax=1.387 | shoulder_pan.pos=+21.71 shoulder_lift.pos=-14.08 elbow_flex.pos=-1.12 wrist_flex.pos=+79.79 wrist_roll.pos=-5.98 gripper.pos=+5.90
DEBUG 2026-09-03 08:19:21 [action #196] t=8.77s step=195 queue=5 dmax=0.721 | shoulder_pan.pos=+22.22 shoulder_lift.pos=-13.35 elbow_flex.pos=-1.19 wrist_flex.pos=+79.22 wrist_roll.pos=-6.05 gripper.pos=+5.73
DEBUG 2026-09-03 08:19:21 [action #197] t=8.80s step=196 queue=4 dmax=1.972 | shoulder_pan.pos=+22.87 shoulder_lift.pos=-11.38 elbow_flex.pos=-1.50 wrist_flex.pos=+78.60 wrist_roll.pos=-6.16 gripper.pos=+5.69
DEBUG 2026-09-03 08:19:21 [action #198] t=8.84s step=197 queue=3 dmax=1.336 | shoulder_pan.pos=+23.50 shoulder_lift.pos=-11.16 elbow_flex.pos=-2.83 wrist_flex.pos=+78.42 wrist_roll.pos=-5.95 gripper.pos=+5.86
DEBUG 2026-09-03 08:19:21 [action #199] t=8.87s step=198 queue=2 dmax=1.971 | shoulder_pan.pos=+23.94 shoulder_lift.pos=-9.19 elbow_flex.pos=-2.65 wrist_flex.pos=+78.22 wrist_roll.pos=-5.97 gripper.pos=+5.76
DEBUG 2026-09-03 08:19:21 [action #200] t=8.90s step=199 queue=1 dmax=1.522 | shoulder_pan.pos=+24.22 shoulder_lift.pos=-7.67 elbow_flex.pos=-3.39 wrist_flex.pos=+77.91 wrist_roll.pos=-5.96 gripper.pos=+5.78
DEBUG 2026-09-03 08:19:21 [chunk] received 50 actions, timesteps 175..224 | first: shoulder_pan.pos=-4.96 shoulder_lift.pos=-7.36 elbow_flex.pos=+28.98 wrist_flex.pos=+69.74 wrist_roll.pos=-6.71 gripper.pos=+6.81 | last: shoulder_pan.pos=+24.74 shoulder_lift.pos=-5.45 elbow_flex.pos=-6.53 wrist_flex.pos=+76.98 wrist_roll.pos=-6.97 gripper.pos=+6.25
DEBUG 2026-09-03 08:19:21 [action #201] t=9.04s step=200 queue=25 dmax=16.038 | shoulder_pan.pos=+8.18 shoulder_lift.pos=-15.72 elbow_flex.pos=+4.47 wrist_flex.pos=+83.12 wrist_roll.pos=-7.89 gripper.pos=+6.17
DEBUG 2026-09-03 08:19:21 [action #202] t=9.07s step=201 queue=24 dmax=0.937 | shoulder_pan.pos=+9.12 shoulder_lift.pos=-15.70 elbow_flex.pos=+4.10 wrist_flex.pos=+83.10 wrist_roll.pos=-7.79 gripper.pos=+6.31
DEBUG 2026-09-03 08:19:21 [action #203] t=9.11s step=202 queue=23 dmax=0.923 | shoulder_pan.pos=+10.04 shoulder_lift.pos=-15.85 elbow_flex.pos=+3.41 wrist_flex.pos=+82.93 wrist_roll.pos=-7.68 gripper.pos=+6.29
DEBUG 2026-09-03 08:19:21 [action #204] t=9.14s step=203 queue=22 dmax=0.865 | shoulder_pan.pos=+10.91 shoulder_lift.pos=-15.69 elbow_flex.pos=+2.83 wrist_flex.pos=+82.87 wrist_roll.pos=-7.59 gripper.pos=+6.24
DEBUG 2026-09-03 08:19:21 [action #205] t=9.17s step=204 queue=21 dmax=1.157 | shoulder_pan.pos=+12.07 shoulder_lift.pos=-15.97 elbow_flex.pos=+3.07 wrist_flex.pos=+82.81 wrist_roll.pos=-7.67 gripper.pos=+6.24
DEBUG 2026-09-03 08:19:21 [action #206] t=9.21s step=205 queue=20 dmax=0.943 | shoulder_pan.pos=+12.92 shoulder_lift.pos=-16.24 elbow_flex.pos=+2.13 wrist_flex.pos=+82.48 wrist_roll.pos=-7.55 gripper.pos=+6.27
DEBUG 2026-09-03 08:19:21 [action #207] t=9.24s step=206 queue=19 dmax=0.908 | shoulder_pan.pos=+13.83 shoulder_lift.pos=-15.89 elbow_flex.pos=+1.81 wrist_flex.pos=+82.27 wrist_roll.pos=-7.48 gripper.pos=+6.22
DEBUG 2026-09-03 08:19:21 [action #208] t=9.27s step=207 queue=18 dmax=1.089 | shoulder_pan.pos=+14.92 shoulder_lift.pos=-16.34 elbow_flex.pos=+2.09 wrist_flex.pos=+81.85 wrist_roll.pos=-7.33 gripper.pos=+6.42
DEBUG 2026-09-03 08:19:21 [action #209] t=9.31s step=208 queue=17 dmax=1.049 | shoulder_pan.pos=+15.70 shoulder_lift.pos=-16.29 elbow_flex.pos=+1.04 wrist_flex.pos=+81.43 wrist_roll.pos=-6.94 gripper.pos=+6.35
DEBUG 2026-09-03 08:19:21 [action #210] t=9.34s step=209 queue=16 dmax=0.817 | shoulder_pan.pos=+16.51 shoulder_lift.pos=-16.38 elbow_flex.pos=+1.38 wrist_flex.pos=+81.21 wrist_roll.pos=-6.81 gripper.pos=+6.25
DEBUG 2026-09-03 08:19:22 [action #211] t=9.37s step=210 queue=15 dmax=0.556 | shoulder_pan.pos=+17.07 shoulder_lift.pos=-16.14 elbow_flex.pos=+0.89 wrist_flex.pos=+80.66 wrist_roll.pos=-6.54 gripper.pos=+6.39
DEBUG 2026-09-03 08:19:22 [action #212] t=9.41s step=211 queue=14 dmax=0.764 | shoulder_pan.pos=+17.83 shoulder_lift.pos=-15.48 elbow_flex.pos=+0.32 wrist_flex.pos=+80.35 wrist_roll.pos=-6.42 gripper.pos=+6.28
DEBUG 2026-09-03 08:19:22 [action #213] t=9.44s step=212 queue=13 dmax=0.712 | shoulder_pan.pos=+18.54 shoulder_lift.pos=-15.49 elbow_flex.pos=+0.41 wrist_flex.pos=+79.99 wrist_roll.pos=-6.41 gripper.pos=+6.23
DEBUG 2026-09-03 08:19:22 [action #214] t=9.47s step=213 queue=12 dmax=0.673 | shoulder_pan.pos=+19.22 shoulder_lift.pos=-14.83 elbow_flex.pos=+0.06 wrist_flex.pos=+79.60 wrist_roll.pos=-6.49 gripper.pos=+6.20
DEBUG 2026-09-03 08:19:22 [action #215] t=9.51s step=214 queue=11 dmax=0.980 | shoulder_pan.pos=+20.20 shoulder_lift.pos=-14.62 elbow_flex.pos=-0.76 wrist_flex.pos=+78.98 wrist_roll.pos=-6.54 gripper.pos=+6.20
DEBUG 2026-09-03 08:19:22 [action #216] t=9.54s step=215 queue=10 dmax=0.931 | shoulder_pan.pos=+20.44 shoulder_lift.pos=-13.69 elbow_flex.pos=-0.64 wrist_flex.pos=+79.09 wrist_roll.pos=-6.37 gripper.pos=+6.19
DEBUG 2026-09-03 08:19:22 [action #217] t=9.57s step=216 queue=9 dmax=0.711 | shoulder_pan.pos=+21.11 shoulder_lift.pos=-13.50 elbow_flex.pos=-1.35 wrist_flex.pos=+78.88 wrist_roll.pos=-6.48 gripper.pos=+6.18
DEBUG 2026-09-03 08:19:22 [action #218] t=9.61s step=217 queue=8 dmax=0.800 | shoulder_pan.pos=+21.50 shoulder_lift.pos=-12.70 elbow_flex.pos=-2.05 wrist_flex.pos=+78.76 wrist_roll.pos=-6.47 gripper.pos=+6.16
DEBUG 2026-09-03 08:19:22 [action #219] t=9.64s step=218 queue=7 dmax=1.021 | shoulder_pan.pos=+22.12 shoulder_lift.pos=-11.68 elbow_flex.pos=-2.28 wrist_flex.pos=+78.49 wrist_roll.pos=-6.47 gripper.pos=+6.19
DEBUG 2026-09-03 08:19:22 [action #220] t=9.67s step=219 queue=6 dmax=0.881 | shoulder_pan.pos=+22.61 shoulder_lift.pos=-10.80 elbow_flex.pos=-2.72 wrist_flex.pos=+78.19 wrist_roll.pos=-6.55 gripper.pos=+6.14
DEBUG 2026-09-03 08:19:22 [action #221] t=9.71s step=220 queue=5 dmax=1.013 | shoulder_pan.pos=+23.15 shoulder_lift.pos=-10.17 elbow_flex.pos=-3.74 wrist_flex.pos=+77.86 wrist_roll.pos=-6.54 gripper.pos=+6.15
DEBUG 2026-09-03 08:19:22 [action #222] t=9.74s step=221 queue=4 dmax=1.497 | shoulder_pan.pos=+23.29 shoulder_lift.pos=-8.67 elbow_flex.pos=-3.59 wrist_flex.pos=+77.59 wrist_roll.pos=-6.72 gripper.pos=+6.18
DEBUG 2026-09-03 08:19:22 [action #223] t=9.78s step=222 queue=3 dmax=1.012 | shoulder_pan.pos=+23.86 shoulder_lift.pos=-7.76 elbow_flex.pos=-4.60 wrist_flex.pos=+77.36 wrist_roll.pos=-6.83 gripper.pos=+6.26
DEBUG 2026-09-03 08:19:22 [action #224] t=9.81s step=223 queue=2 dmax=1.125 | shoulder_pan.pos=+24.21 shoulder_lift.pos=-6.83 elbow_flex.pos=-5.73 wrist_flex.pos=+77.21 wrist_roll.pos=-6.87 gripper.pos=+6.33
DEBUG 2026-09-03 08:19:22 [action #225] t=9.84s step=224 queue=1 dmax=1.376 | shoulder_pan.pos=+24.74 shoulder_lift.pos=-5.45 elbow_flex.pos=-6.53 wrist_flex.pos=+76.98 wrist_roll.pos=-6.97 gripper.pos=+6.25
DEBUG 2026-09-03 08:19:22 [chunk] received 50 actions, timesteps 199..248 | first: shoulder_pan.pos=+26.07 shoulder_lift.pos=-9.07 elbow_flex.pos=-0.59 wrist_flex.pos=+74.88 wrist_roll.pos=-5.98 gripper.pos=+4.96 | last: shoulder_pan.pos=+35.55 shoulder_lift.pos=+21.30 elbow_flex.pos=-16.90 wrist_flex.pos=+72.85 wrist_roll.pos=-6.80 gripper.pos=+29.42
DEBUG 2026-09-03 08:19:22 [action #226] t=9.91s step=225 queue=24 dmax=23.283 | shoulder_pan.pos=+34.74 shoulder_lift.pos=+17.83 elbow_flex.pos=-19.44 wrist_flex.pos=+68.37 wrist_roll.pos=-6.08 gripper.pos=+4.88
DEBUG 2026-09-03 08:19:22 [action #227] t=9.94s step=226 queue=23 dmax=1.026 | shoulder_pan.pos=+35.05 shoulder_lift.pos=+18.62 elbow_flex.pos=-20.46 wrist_flex.pos=+68.05 wrist_roll.pos=-6.15 gripper.pos=+4.77
DEBUG 2026-09-03 08:19:22 [action #228] t=9.98s step=227 queue=22 dmax=0.663 | shoulder_pan.pos=+34.93 shoulder_lift.pos=+19.29 elbow_flex.pos=-20.05 wrist_flex.pos=+67.79 wrist_roll.pos=-6.19 gripper.pos=+4.88
DEBUG 2026-09-03 08:19:22 [action #229] t=10.01s step=228 queue=21 dmax=0.678 | shoulder_pan.pos=+35.35 shoulder_lift.pos=+19.96 elbow_flex.pos=-20.41 wrist_flex.pos=+67.59 wrist_roll.pos=-6.20 gripper.pos=+4.70
DEBUG 2026-09-03 08:19:22 [action #230] t=10.04s step=229 queue=20 dmax=0.779 | shoulder_pan.pos=+35.64 shoulder_lift.pos=+20.74 elbow_flex.pos=-20.11 wrist_flex.pos=+67.24 wrist_roll.pos=-6.35 gripper.pos=+4.89
DEBUG 2026-09-03 08:19:22 [action #231] t=10.08s step=230 queue=19 dmax=0.874 | shoulder_pan.pos=+35.98 shoulder_lift.pos=+21.42 elbow_flex.pos=-20.98 wrist_flex.pos=+67.26 wrist_roll.pos=-6.15 gripper.pos=+4.87
DEBUG 2026-09-03 08:19:22 [action #232] t=10.11s step=231 queue=18 dmax=0.495 | shoulder_pan.pos=+36.25 shoulder_lift.pos=+21.88 elbow_flex.pos=-20.93 wrist_flex.pos=+66.77 wrist_roll.pos=-6.32 gripper.pos=+4.82
DEBUG 2026-09-03 08:19:22 [action #233] t=10.14s step=232 queue=17 dmax=0.609 | shoulder_pan.pos=+36.85 shoulder_lift.pos=+22.42 elbow_flex.pos=-20.80 wrist_flex.pos=+66.32 wrist_roll.pos=-6.18 gripper.pos=+4.97
DEBUG 2026-09-03 08:19:22 [action #234] t=10.18s step=233 queue=16 dmax=1.045 | shoulder_pan.pos=+36.99 shoulder_lift.pos=+23.47 elbow_flex.pos=-20.94 wrist_flex.pos=+66.11 wrist_roll.pos=-6.27 gripper.pos=+5.15
DEBUG 2026-09-03 08:19:22 [action #235] t=10.21s step=234 queue=15 dmax=0.595 | shoulder_pan.pos=+37.41 shoulder_lift.pos=+23.55 elbow_flex.pos=-20.52 wrist_flex.pos=+65.79 wrist_roll.pos=-6.26 gripper.pos=+5.75
DEBUG 2026-09-03 08:19:22 [action #236] t=10.24s step=235 queue=14 dmax=1.084 | shoulder_pan.pos=+37.26 shoulder_lift.pos=+23.92 elbow_flex.pos=-20.84 wrist_flex.pos=+65.82 wrist_roll.pos=-6.21 gripper.pos=+6.83
DEBUG 2026-09-03 08:19:22 [action #237] t=10.28s step=236 queue=13 dmax=1.070 | shoulder_pan.pos=+37.33 shoulder_lift.pos=+23.92 elbow_flex.pos=-20.87 wrist_flex.pos=+65.85 wrist_roll.pos=-6.41 gripper.pos=+7.90
DEBUG 2026-09-03 08:19:22 [action #238] t=10.31s step=237 queue=12 dmax=1.989 | shoulder_pan.pos=+37.55 shoulder_lift.pos=+24.13 elbow_flex.pos=-20.54 wrist_flex.pos=+66.05 wrist_roll.pos=-6.42 gripper.pos=+9.89
DEBUG 2026-09-03 08:19:22 [action #239] t=10.34s step=238 queue=11 dmax=1.957 | shoulder_pan.pos=+37.27 shoulder_lift.pos=+24.06 elbow_flex.pos=-20.31 wrist_flex.pos=+66.41 wrist_roll.pos=-6.48 gripper.pos=+11.85
DEBUG 2026-09-03 08:19:23 [action #240] t=10.38s step=239 queue=10 dmax=2.142 | shoulder_pan.pos=+37.34 shoulder_lift.pos=+23.32 elbow_flex.pos=-20.04 wrist_flex.pos=+66.48 wrist_roll.pos=-6.57 gripper.pos=+13.99
DEBUG 2026-09-03 08:19:23 [action #241] t=10.41s step=240 queue=9 dmax=2.408 | shoulder_pan.pos=+37.06 shoulder_lift.pos=+23.57 elbow_flex.pos=-19.00 wrist_flex.pos=+67.02 wrist_roll.pos=-6.62 gripper.pos=+16.40
DEBUG 2026-09-03 08:19:23 [action #242] t=10.44s step=241 queue=8 dmax=2.672 | shoulder_pan.pos=+36.61 shoulder_lift.pos=+23.92 elbow_flex.pos=-18.97 wrist_flex.pos=+67.58 wrist_roll.pos=-6.71 gripper.pos=+19.07
DEBUG 2026-09-03 08:19:23 [action #243] t=10.48s step=242 queue=7 dmax=2.504 | shoulder_pan.pos=+36.38 shoulder_lift.pos=+23.16 elbow_flex.pos=-18.07 wrist_flex.pos=+68.28 wrist_roll.pos=-6.65 gripper.pos=+21.57
DEBUG 2026-09-03 08:19:23 [action #244] t=10.51s step=243 queue=6 dmax=2.631 | shoulder_pan.pos=+36.45 shoulder_lift.pos=+22.59 elbow_flex.pos=-18.02 wrist_flex.pos=+69.28 wrist_roll.pos=-6.72 gripper.pos=+24.20
DEBUG 2026-09-03 08:19:23 [action #245] t=10.54s step=244 queue=5 dmax=1.815 | shoulder_pan.pos=+36.07 shoulder_lift.pos=+22.90 elbow_flex.pos=-17.19 wrist_flex.pos=+69.88 wrist_roll.pos=-6.84 gripper.pos=+26.02
DEBUG 2026-09-03 08:19:23 [action #246] t=10.58s step=245 queue=4 dmax=1.510 | shoulder_pan.pos=+36.09 shoulder_lift.pos=+22.53 elbow_flex.pos=-17.46 wrist_flex.pos=+70.62 wrist_roll.pos=-6.81 gripper.pos=+27.53
DEBUG 2026-09-03 08:19:23 [action #247] t=10.61s step=246 queue=3 dmax=0.840 | shoulder_pan.pos=+35.68 shoulder_lift.pos=+21.88 elbow_flex.pos=-16.87 wrist_flex.pos=+71.32 wrist_roll.pos=-6.80 gripper.pos=+28.37
DEBUG 2026-09-03 08:19:23 [action #248] t=10.65s step=247 queue=2 dmax=0.761 | shoulder_pan.pos=+35.85 shoulder_lift.pos=+21.12 elbow_flex.pos=-16.60 wrist_flex.pos=+72.02 wrist_roll.pos=-6.72 gripper.pos=+29.00
DEBUG 2026-09-03 08:19:23 [action #249] t=10.68s step=248 queue=1 dmax=0.822 | shoulder_pan.pos=+35.55 shoulder_lift.pos=+21.30 elbow_flex.pos=-16.90 wrist_flex.pos=+72.85 wrist_roll.pos=-6.80 gripper.pos=+29.42
DEBUG 2026-09-03 08:19:23 [chunk] received 50 actions, timesteps 224..273 | first: shoulder_pan.pos=+26.32 shoulder_lift.pos=-9.61 elbow_flex.pos=-3.71 wrist_flex.pos=+77.70 wrist_roll.pos=-5.42 gripper.pos=+5.09 | last: shoulder_pan.pos=+36.26 shoulder_lift.pos=+28.81 elbow_flex.pos=-24.10 wrist_flex.pos=+71.27 wrist_roll.pos=-6.64 gripper.pos=+24.66
DEBUG 2026-09-03 08:19:23 [action #250] t=10.81s step=249 queue=25 dmax=24.318 | shoulder_pan.pos=+36.17 shoulder_lift.pos=+17.14 elbow_flex.pos=-19.11 wrist_flex.pos=+68.61 wrist_roll.pos=-5.52 gripper.pos=+5.10
DEBUG 2026-09-03 08:19:23 [action #251] t=10.85s step=250 queue=24 dmax=1.031 | shoulder_pan.pos=+35.75 shoulder_lift.pos=+18.17 elbow_flex.pos=-19.38 wrist_flex.pos=+68.55 wrist_roll.pos=-5.57 gripper.pos=+5.05
DEBUG 2026-09-03 08:19:23 [action #252] t=10.88s step=251 queue=23 dmax=0.727 | shoulder_pan.pos=+36.47 shoulder_lift.pos=+18.48 elbow_flex.pos=-20.11 wrist_flex.pos=+68.43 wrist_roll.pos=-5.62 gripper.pos=+5.09
DEBUG 2026-09-03 08:19:23 [action #253] t=10.91s step=252 queue=22 dmax=1.444 | shoulder_pan.pos=+36.15 shoulder_lift.pos=+19.92 elbow_flex.pos=-20.75 wrist_flex.pos=+68.69 wrist_roll.pos=-5.43 gripper.pos=+4.97
DEBUG 2026-09-03 08:19:23 [action #254] t=10.95s step=253 queue=21 dmax=0.832 | shoulder_pan.pos=+36.22 shoulder_lift.pos=+19.09 elbow_flex.pos=-21.36 wrist_flex.pos=+68.34 wrist_roll.pos=-5.67 gripper.pos=+5.26
DEBUG 2026-09-03 08:19:23 [action #255] t=10.98s step=254 queue=20 dmax=1.815 | shoulder_pan.pos=+36.07 shoulder_lift.pos=+20.91 elbow_flex.pos=-21.88 wrist_flex.pos=+68.28 wrist_roll.pos=-5.52 gripper.pos=+5.00
DEBUG 2026-09-03 08:19:23 [action #256] t=11.01s step=255 queue=19 dmax=0.630 | shoulder_pan.pos=+36.37 shoulder_lift.pos=+21.35 elbow_flex.pos=-22.51 wrist_flex.pos=+68.14 wrist_roll.pos=-5.50 gripper.pos=+4.96
DEBUG 2026-09-03 08:19:23 [action #257] t=11.05s step=256 queue=18 dmax=0.816 | shoulder_pan.pos=+36.30 shoulder_lift.pos=+22.16 elbow_flex.pos=-22.13 wrist_flex.pos=+68.19 wrist_roll.pos=-5.77 gripper.pos=+5.04
DEBUG 2026-09-03 08:19:23 [action #258] t=11.08s step=257 queue=17 dmax=0.946 | shoulder_pan.pos=+36.27 shoulder_lift.pos=+23.11 elbow_flex.pos=-22.72 wrist_flex.pos=+67.96 wrist_roll.pos=-5.82 gripper.pos=+5.37
DEBUG 2026-09-03 08:19:23 [action #259] t=11.11s step=258 queue=16 dmax=1.470 | shoulder_pan.pos=+36.82 shoulder_lift.pos=+24.58 elbow_flex.pos=-23.67 wrist_flex.pos=+68.15 wrist_roll.pos=-5.69 gripper.pos=+5.26
DEBUG 2026-09-03 08:19:23 [action #260] t=11.15s step=259 queue=15 dmax=0.592 | shoulder_pan.pos=+36.96 shoulder_lift.pos=+25.17 elbow_flex.pos=-23.89 wrist_flex.pos=+68.39 wrist_roll.pos=-5.76 gripper.pos=+5.19
DEBUG 2026-09-03 08:19:23 [action #261] t=11.18s step=260 queue=14 dmax=1.045 | shoulder_pan.pos=+36.92 shoulder_lift.pos=+24.12 elbow_flex.pos=-24.58 wrist_flex.pos=+68.31 wrist_roll.pos=-5.80 gripper.pos=+5.28
DEBUG 2026-09-03 08:19:23 [action #262] t=11.21s step=261 queue=13 dmax=1.664 | shoulder_pan.pos=+37.18 shoulder_lift.pos=+25.79 elbow_flex.pos=-24.20 wrist_flex.pos=+68.24 wrist_roll.pos=-5.73 gripper.pos=+5.15
DEBUG 2026-09-03 08:19:23 [action #263] t=11.25s step=262 queue=12 dmax=1.109 | shoulder_pan.pos=+37.08 shoulder_lift.pos=+26.90 elbow_flex.pos=-25.19 wrist_flex.pos=+68.21 wrist_roll.pos=-5.88 gripper.pos=+5.38
DEBUG 2026-09-03 08:19:23 [action #264] t=11.28s step=263 queue=11 dmax=1.531 | shoulder_pan.pos=+37.47 shoulder_lift.pos=+25.37 elbow_flex.pos=-25.06 wrist_flex.pos=+68.29 wrist_roll.pos=-6.01 gripper.pos=+5.93
DEBUG 2026-09-03 08:19:23 [action #265] t=11.31s step=264 queue=10 dmax=1.418 | shoulder_pan.pos=+37.41 shoulder_lift.pos=+26.78 elbow_flex.pos=-24.93 wrist_flex.pos=+68.43 wrist_roll.pos=-6.23 gripper.pos=+7.26
DEBUG 2026-09-03 08:19:24 [action #266] t=11.35s step=265 queue=9 dmax=3.314 | shoulder_pan.pos=+37.18 shoulder_lift.pos=+26.40 elbow_flex.pos=-24.70 wrist_flex.pos=+68.85 wrist_roll.pos=-6.25 gripper.pos=+10.57
DEBUG 2026-09-03 08:19:24 [action #267] t=11.38s step=266 queue=8 dmax=3.638 | shoulder_pan.pos=+37.17 shoulder_lift.pos=+26.99 elbow_flex.pos=-25.72 wrist_flex.pos=+69.19 wrist_roll.pos=-6.25 gripper.pos=+14.21
DEBUG 2026-09-03 08:19:24 [action #268] t=11.41s step=267 queue=7 dmax=2.918 | shoulder_pan.pos=+37.19 shoulder_lift.pos=+26.94 elbow_flex.pos=-26.47 wrist_flex.pos=+69.57 wrist_roll.pos=-6.47 gripper.pos=+17.13
DEBUG 2026-09-03 08:19:24 [action #269] t=11.45s step=268 queue=6 dmax=2.429 | shoulder_pan.pos=+36.54 shoulder_lift.pos=+27.82 elbow_flex.pos=-24.64 wrist_flex.pos=+69.81 wrist_roll.pos=-6.20 gripper.pos=+19.56
DEBUG 2026-09-03 08:19:24 [action #270] t=11.48s step=269 queue=5 dmax=1.354 | shoulder_pan.pos=+36.84 shoulder_lift.pos=+27.93 elbow_flex.pos=-24.38 wrist_flex.pos=+70.10 wrist_roll.pos=-6.43 gripper.pos=+20.91
DEBUG 2026-09-03 08:19:24 [action #271] t=11.52s step=270 queue=4 dmax=1.166 | shoulder_pan.pos=+36.72 shoulder_lift.pos=+27.95 elbow_flex.pos=-24.31 wrist_flex.pos=+70.14 wrist_roll.pos=-6.48 gripper.pos=+22.08
DEBUG 2026-09-03 08:19:24 [action #272] t=11.55s step=271 queue=3 dmax=0.870 | shoulder_pan.pos=+36.56 shoulder_lift.pos=+27.89 elbow_flex.pos=-24.33 wrist_flex.pos=+70.50 wrist_roll.pos=-6.52 gripper.pos=+22.95
DEBUG 2026-09-03 08:19:24 [action #273] t=11.58s step=272 queue=2 dmax=0.919 | shoulder_pan.pos=+36.76 shoulder_lift.pos=+28.23 elbow_flex.pos=-24.15 wrist_flex.pos=+70.78 wrist_roll.pos=-6.81 gripper.pos=+23.87
DEBUG 2026-09-03 08:19:24 [action #274] t=11.62s step=273 queue=1 dmax=0.790 | shoulder_pan.pos=+36.26 shoulder_lift.pos=+28.81 elbow_flex.pos=-24.10 wrist_flex.pos=+71.27 wrist_roll.pos=-6.64 gripper.pos=+24.66
DEBUG 2026-09-03 08:19:24 [chunk] received 50 actions, timesteps 248..297 | first: shoulder_pan.pos=+29.21 shoulder_lift.pos=+23.74 elbow_flex.pos=-23.06 wrist_flex.pos=+72.73 wrist_roll.pos=-5.25 gripper.pos=+28.65 | last: shoulder_pan.pos=+1.40 shoulder_lift.pos=-40.70 elbow_flex.pos=+31.97 wrist_flex.pos=+77.59 wrist_roll.pos=-1.79 gripper.pos=+0.31
DEBUG 2026-09-03 08:19:24 [action #275] t=11.75s step=274 queue=24 dmax=28.986 | shoulder_pan.pos=+17.06 shoulder_lift.pos=-0.17 elbow_flex.pos=-18.90 wrist_flex.pos=+95.76 wrist_roll.pos=-3.67 gripper.pos=+27.63
DEBUG 2026-09-03 08:19:24 [action #276] t=11.78s step=275 queue=23 dmax=1.423 | shoulder_pan.pos=+16.00 shoulder_lift.pos=-1.50 elbow_flex.pos=-17.50 wrist_flex.pos=+95.69 wrist_roll.pos=-3.58 gripper.pos=+26.21
DEBUG 2026-09-03 08:19:24 [action #277] t=11.82s step=276 queue=22 dmax=2.439 | shoulder_pan.pos=+14.99 shoulder_lift.pos=-3.94 elbow_flex.pos=-16.45 wrist_flex.pos=+95.55 wrist_roll.pos=-3.54 gripper.pos=+23.94
DEBUG 2026-09-03 08:19:24 [action #278] t=11.85s step=277 queue=21 dmax=2.143 | shoulder_pan.pos=+14.15 shoulder_lift.pos=-4.94 elbow_flex.pos=-14.90 wrist_flex.pos=+95.69 wrist_roll.pos=-3.54 gripper.pos=+21.79
DEBUG 2026-09-03 08:19:24 [action #279] t=11.88s step=278 queue=20 dmax=2.095 | shoulder_pan.pos=+13.22 shoulder_lift.pos=-6.56 elbow_flex.pos=-13.12 wrist_flex.pos=+95.33 wrist_roll.pos=-3.49 gripper.pos=+19.70
DEBUG 2026-09-03 08:19:24 [action #280] t=11.92s step=279 queue=19 dmax=2.585 | shoulder_pan.pos=+12.38 shoulder_lift.pos=-8.44 elbow_flex.pos=-11.20 wrist_flex.pos=+94.84 wrist_roll.pos=-3.43 gripper.pos=+17.11
DEBUG 2026-09-03 08:19:24 [action #281] t=11.95s step=280 queue=18 dmax=2.755 | shoulder_pan.pos=+11.51 shoulder_lift.pos=-10.32 elbow_flex.pos=-8.93 wrist_flex.pos=+94.16 wrist_roll.pos=-3.25 gripper.pos=+14.36
DEBUG 2026-09-03 08:19:24 [action #282] t=11.98s step=281 queue=17 dmax=2.866 | shoulder_pan.pos=+10.61 shoulder_lift.pos=-12.06 elbow_flex.pos=-6.53 wrist_flex.pos=+93.34 wrist_roll.pos=-3.01 gripper.pos=+11.49
DEBUG 2026-09-03 08:19:24 [action #283] t=12.02s step=282 queue=16 dmax=2.984 | shoulder_pan.pos=+9.70 shoulder_lift.pos=-14.09 elbow_flex.pos=-3.99 wrist_flex.pos=+92.45 wrist_roll.pos=-2.65 gripper.pos=+8.51
DEBUG 2026-09-03 08:19:24 [action #284] t=12.05s step=283 queue=15 dmax=2.685 | shoulder_pan.pos=+8.84 shoulder_lift.pos=-16.22 elbow_flex.pos=-1.31 wrist_flex.pos=+91.23 wrist_roll.pos=-2.56 gripper.pos=+5.98
DEBUG 2026-09-03 08:19:24 [action #285] t=12.08s step=284 queue=14 dmax=2.977 | shoulder_pan.pos=+7.97 shoulder_lift.pos=-18.07 elbow_flex.pos=+1.67 wrist_flex.pos=+90.16 wrist_roll.pos=-2.44 gripper.pos=+4.07
DEBUG 2026-09-03 08:19:24 [action #286] t=12.12s step=285 queue=13 dmax=2.721 | shoulder_pan.pos=+7.25 shoulder_lift.pos=-20.09 elbow_flex.pos=+4.39 wrist_flex.pos=+88.92 wrist_roll.pos=-2.39 gripper.pos=+2.96
DEBUG 2026-09-03 08:19:24 [action #287] t=12.15s step=286 queue=12 dmax=2.884 | shoulder_pan.pos=+6.52 shoulder_lift.pos=-22.09 elbow_flex.pos=+7.28 wrist_flex.pos=+87.81 wrist_roll.pos=-2.35 gripper.pos=+2.08
DEBUG 2026-09-03 08:19:24 [action #288] t=12.18s step=287 queue=11 dmax=2.609 | shoulder_pan.pos=+5.83 shoulder_lift.pos=-23.88 elbow_flex.pos=+9.88 wrist_flex.pos=+86.77 wrist_roll.pos=-2.32 gripper.pos=+1.70
DEBUG 2026-09-03 08:19:24 [action #289] t=12.22s step=288 queue=10 dmax=2.634 | shoulder_pan.pos=+5.13 shoulder_lift.pos=-25.73 elbow_flex.pos=+12.52 wrist_flex.pos=+85.74 wrist_roll.pos=-2.15 gripper.pos=+1.15
DEBUG 2026-09-03 08:19:24 [action #290] t=12.25s step=289 queue=9 dmax=2.260 | shoulder_pan.pos=+4.50 shoulder_lift.pos=-27.64 elbow_flex.pos=+14.78 wrist_flex.pos=+84.77 wrist_roll.pos=-2.09 gripper.pos=+0.88
DEBUG 2026-09-03 08:19:24 [action #291] t=12.28s step=290 queue=8 dmax=2.403 | shoulder_pan.pos=+3.91 shoulder_lift.pos=-29.68 elbow_flex.pos=+17.18 wrist_flex.pos=+83.79 wrist_roll.pos=-2.07 gripper.pos=+0.64
DEBUG 2026-09-03 08:19:24 [action #292] t=12.32s step=291 queue=7 dmax=2.028 | shoulder_pan.pos=+3.51 shoulder_lift.pos=-31.04 elbow_flex.pos=+19.21 wrist_flex.pos=+82.87 wrist_roll.pos=-2.11 gripper.pos=+0.16
DEBUG 2026-09-03 08:19:25 [action #293] t=12.35s step=292 queue=6 dmax=2.343 | shoulder_pan.pos=+3.23 shoulder_lift.pos=-32.72 elbow_flex.pos=+21.55 wrist_flex.pos=+81.93 wrist_roll.pos=-2.17 gripper.pos=+0.11
DEBUG 2026-09-03 08:19:25 [action #294] t=12.39s step=293 queue=5 dmax=1.687 | shoulder_pan.pos=+2.76 shoulder_lift.pos=-34.06 elbow_flex.pos=+23.24 wrist_flex.pos=+81.06 wrist_roll.pos=-1.95 gripper.pos=+0.15
DEBUG 2026-09-03 08:19:25 [action #295] t=12.42s step=294 queue=4 dmax=1.893 | shoulder_pan.pos=+2.33 shoulder_lift.pos=-35.61 elbow_flex.pos=+25.13 wrist_flex.pos=+80.12 wrist_roll.pos=-1.95 gripper.pos=+0.23
DEBUG 2026-09-03 08:19:25 [action #296] t=12.45s step=295 queue=3 dmax=2.543 | shoulder_pan.pos=+2.05 shoulder_lift.pos=-37.57 elbow_flex.pos=+27.68 wrist_flex.pos=+79.21 wrist_roll.pos=-1.95 gripper.pos=+0.31
DEBUG 2026-09-03 08:19:25 [action #297] t=12.49s step=296 queue=2 dmax=1.875 | shoulder_pan.pos=+1.71 shoulder_lift.pos=-39.31 elbow_flex.pos=+29.55 wrist_flex.pos=+78.32 wrist_roll.pos=-2.02 gripper.pos=+0.34
DEBUG 2026-09-03 08:19:25 [action #298] t=12.52s step=297 queue=1 dmax=2.424 | shoulder_pan.pos=+1.40 shoulder_lift.pos=-40.70 elbow_flex.pos=+31.97 wrist_flex.pos=+77.59 wrist_roll.pos=-1.79 gripper.pos=+0.31
DEBUG 2026-09-03 08:19:25 [chunk] received 50 actions, timesteps 273..322 | first: shoulder_pan.pos=+29.78 shoulder_lift.pos=+27.75 elbow_flex.pos=-29.78 wrist_flex.pos=+73.84 wrist_roll.pos=-4.89 gripper.pos=+25.06 | last: shoulder_pan.pos=+5.68 shoulder_lift.pos=-37.45 elbow_flex.pos=+31.27 wrist_flex.pos=+80.56 wrist_roll.pos=-1.40 gripper.pos=+0.29
DEBUG 2026-09-03 08:19:25 [action #299] t=12.65s step=298 queue=25 dmax=54.021 | shoulder_pan.pos=+18.46 shoulder_lift.pos=+3.14 elbow_flex.pos=-22.05 wrist_flex.pos=+93.87 wrist_roll.pos=-2.40 gripper.pos=+20.57
DEBUG 2026-09-03 08:19:25 [action #300] t=12.69s step=299 queue=24 dmax=3.404 | shoulder_pan.pos=+17.46 shoulder_lift.pos=+1.25 elbow_flex.pos=-18.64 wrist_flex.pos=+93.50 wrist_roll.pos=-2.08 gripper.pos=+17.50
DEBUG 2026-09-03 08:19:25 [action #301] t=12.72s step=300 queue=23 dmax=2.849 | shoulder_pan.pos=+16.61 shoulder_lift.pos=-0.82 elbow_flex.pos=-16.55 wrist_flex.pos=+93.36 wrist_roll.pos=-1.67 gripper.pos=+14.65
DEBUG 2026-09-03 08:19:25 [action #302] t=12.75s step=301 queue=22 dmax=2.599 | shoulder_pan.pos=+15.73 shoulder_lift.pos=-3.16 elbow_flex.pos=-14.23 wrist_flex.pos=+93.31 wrist_roll.pos=-1.45 gripper.pos=+12.06
DEBUG 2026-09-03 08:19:25 [action #303] t=12.79s step=302 queue=21 dmax=2.428 | shoulder_pan.pos=+14.98 shoulder_lift.pos=-5.35 elbow_flex.pos=-11.81 wrist_flex.pos=+93.07 wrist_roll.pos=-1.28 gripper.pos=+9.74
DEBUG 2026-09-03 08:19:25 [action #304] t=12.82s step=303 queue=20 dmax=2.197 | shoulder_pan.pos=+14.09 shoulder_lift.pos=-6.64 elbow_flex.pos=-9.90 wrist_flex.pos=+92.85 wrist_roll.pos=-1.29 gripper.pos=+7.55
DEBUG 2026-09-03 08:19:25 [action #305] t=12.85s step=304 queue=19 dmax=1.908 | shoulder_pan.pos=+13.08 shoulder_lift.pos=-7.91 elbow_flex.pos=-8.03 wrist_flex.pos=+92.69 wrist_roll.pos=-1.28 gripper.pos=+5.64
DEBUG 2026-09-03 08:19:25 [action #306] t=12.89s step=305 queue=18 dmax=2.839 | shoulder_pan.pos=+12.66 shoulder_lift.pos=-9.96 elbow_flex.pos=-5.19 wrist_flex.pos=+92.16 wrist_roll.pos=-1.37 gripper.pos=+4.01
DEBUG 2026-09-03 08:19:25 [action #307] t=12.92s step=306 queue=17 dmax=1.746 | shoulder_pan.pos=+11.83 shoulder_lift.pos=-11.65 elbow_flex.pos=-3.44 wrist_flex.pos=+91.80 wrist_roll.pos=-1.30 gripper.pos=+2.82
DEBUG 2026-09-03 08:19:25 [action #308] t=12.95s step=307 queue=16 dmax=1.884 | shoulder_pan.pos=+11.04 shoulder_lift.pos=-13.54 elbow_flex.pos=-1.58 wrist_flex.pos=+91.23 wrist_roll.pos=-1.38 gripper.pos=+1.92
DEBUG 2026-09-03 08:19:25 [action #309] t=12.99s step=308 queue=15 dmax=2.517 | shoulder_pan.pos=+10.42 shoulder_lift.pos=-15.39 elbow_flex.pos=+0.94 wrist_flex.pos=+90.75 wrist_roll.pos=-1.38 gripper.pos=+1.63
DEBUG 2026-09-03 08:19:25 [action #310] t=13.02s step=309 queue=14 dmax=2.000 | shoulder_pan.pos=+9.58 shoulder_lift.pos=-16.66 elbow_flex.pos=+2.94 wrist_flex.pos=+90.00 wrist_roll.pos=-1.51 gripper.pos=+1.23
DEBUG 2026-09-03 08:19:25 [action #311] t=13.05s step=310 queue=13 dmax=2.508 | shoulder_pan.pos=+9.11 shoulder_lift.pos=-18.36 elbow_flex.pos=+5.44 wrist_flex.pos=+89.61 wrist_roll.pos=-1.61 gripper.pos=+1.11
DEBUG 2026-09-03 08:19:25 [action #312] t=13.09s step=311 queue=12 dmax=1.760 | shoulder_pan.pos=+8.20 shoulder_lift.pos=-20.12 elbow_flex.pos=+6.67 wrist_flex.pos=+89.03 wrist_roll.pos=-1.51 gripper.pos=+1.07
DEBUG 2026-09-03 08:19:25 [action #313] t=13.12s step=312 queue=11 dmax=3.015 | shoulder_pan.pos=+7.53 shoulder_lift.pos=-22.17 elbow_flex.pos=+9.69 wrist_flex.pos=+88.51 wrist_roll.pos=-1.57 gripper.pos=+0.74
DEBUG 2026-09-03 08:19:25 [action #314] t=13.15s step=313 queue=10 dmax=2.763 | shoulder_pan.pos=+6.87 shoulder_lift.pos=-22.94 elbow_flex.pos=+12.45 wrist_flex.pos=+88.22 wrist_roll.pos=-1.64 gripper.pos=+0.50
DEBUG 2026-09-03 08:19:25 [action #315] t=13.19s step=314 queue=9 dmax=1.749 | shoulder_pan.pos=+6.43 shoulder_lift.pos=-24.69 elbow_flex.pos=+13.86 wrist_flex.pos=+87.81 wrist_roll.pos=-1.67 gripper.pos=+0.17
DEBUG 2026-09-03 08:19:25 [action #316] t=13.22s step=315 queue=8 dmax=1.809 | shoulder_pan.pos=+6.14 shoulder_lift.pos=-26.03 elbow_flex.pos=+15.67 wrist_flex.pos=+87.21 wrist_roll.pos=-1.68 gripper.pos=+0.09
DEBUG 2026-09-03 08:19:25 [action #317] t=13.25s step=316 queue=7 dmax=2.505 | shoulder_pan.pos=+5.71 shoulder_lift.pos=-28.28 elbow_flex.pos=+18.17 wrist_flex.pos=+86.70 wrist_roll.pos=-1.65 gripper.pos=-0.02
DEBUG 2026-09-03 08:19:25 [action #318] t=13.29s step=317 queue=6 dmax=2.181 | shoulder_pan.pos=+5.65 shoulder_lift.pos=-29.22 elbow_flex.pos=+20.35 wrist_flex.pos=+85.91 wrist_roll.pos=-1.66 gripper.pos=-0.03
DEBUG 2026-09-03 08:19:25 [action #319] t=13.32s step=318 queue=5 dmax=2.563 | shoulder_pan.pos=+5.66 shoulder_lift.pos=-30.80 elbow_flex.pos=+22.92 wrist_flex.pos=+84.77 wrist_roll.pos=-1.79 gripper.pos=-0.01
DEBUG 2026-09-03 08:19:26 [action #320] t=13.36s step=319 queue=4 dmax=1.819 | shoulder_pan.pos=+5.79 shoulder_lift.pos=-32.45 elbow_flex.pos=+24.74 wrist_flex.pos=+83.60 wrist_roll.pos=-1.60 gripper.pos=+0.09
DEBUG 2026-09-03 08:19:26 [action #321] t=13.39s step=320 queue=3 dmax=3.187 | shoulder_pan.pos=+5.38 shoulder_lift.pos=-34.29 elbow_flex.pos=+27.92 wrist_flex.pos=+82.59 wrist_roll.pos=-1.62 gripper.pos=+0.20
DEBUG 2026-09-03 08:19:26 [action #322] t=13.42s step=321 queue=2 dmax=1.663 | shoulder_pan.pos=+5.73 shoulder_lift.pos=-35.47 elbow_flex.pos=+29.59 wrist_flex.pos=+81.51 wrist_roll.pos=-1.50 gripper.pos=+0.18
DEBUG 2026-09-03 08:19:26 [action #323] t=13.46s step=322 queue=1 dmax=1.981 | shoulder_pan.pos=+5.68 shoulder_lift.pos=-37.45 elbow_flex.pos=+31.27 wrist_flex.pos=+80.56 wrist_roll.pos=-1.40 gripper.pos=+0.29
DEBUG 2026-09-03 08:19:26 [chunk] received 50 actions, timesteps 297..346 | first: shoulder_pan.pos=+1.42 shoulder_lift.pos=-43.90 elbow_flex.pos=+36.53 wrist_flex.pos=+75.73 wrist_roll.pos=-1.37 gripper.pos=+0.40 | last: shoulder_pan.pos=-6.00 shoulder_lift.pos=-105.37 elbow_flex.pos=+88.78 wrist_flex.pos=+76.43 wrist_roll.pos=-2.10 gripper.pos=+0.60
DEBUG 2026-09-03 08:19:26 [action #324] t=13.59s step=323 queue=24 dmax=48.836 | shoulder_pan.pos=-5.06 shoulder_lift.pos=-86.29 elbow_flex.pos=+75.88 wrist_flex.pos=+64.68 wrist_roll.pos=-0.87 gripper.pos=+0.73
DEBUG 2026-09-03 08:19:26 [action #325] t=13.62s step=324 queue=23 dmax=1.802 | shoulder_pan.pos=-5.54 shoulder_lift.pos=-88.09 elbow_flex.pos=+77.00 wrist_flex.pos=+64.49 wrist_roll.pos=-0.72 gripper.pos=+0.58
DEBUG 2026-09-03 08:19:26 [action #326] t=13.66s step=325 queue=22 dmax=1.673 | shoulder_pan.pos=-5.77 shoulder_lift.pos=-89.76 elbow_flex.pos=+77.91 wrist_flex.pos=+64.53 wrist_roll.pos=-0.84 gripper.pos=+0.66
DEBUG 2026-09-03 08:19:26 [action #327] t=13.69s step=326 queue=21 dmax=1.521 | shoulder_pan.pos=-6.12 shoulder_lift.pos=-91.28 elbow_flex.pos=+79.40 wrist_flex.pos=+64.68 wrist_roll.pos=-0.89 gripper.pos=+0.60
DEBUG 2026-09-03 08:19:26 [action #328] t=13.72s step=327 queue=20 dmax=1.657 | shoulder_pan.pos=-6.19 shoulder_lift.pos=-92.94 elbow_flex.pos=+80.81 wrist_flex.pos=+64.80 wrist_roll.pos=-0.80 gripper.pos=+0.57
DEBUG 2026-09-03 08:19:26 [action #329] t=13.76s step=328 queue=19 dmax=1.921 | shoulder_pan.pos=-6.42 shoulder_lift.pos=-94.86 elbow_flex.pos=+81.58 wrist_flex.pos=+64.99 wrist_roll.pos=-0.84 gripper.pos=+0.66
DEBUG 2026-09-03 08:19:26 [action #330] t=13.79s step=329 queue=18 dmax=1.501 | shoulder_pan.pos=-6.56 shoulder_lift.pos=-96.36 elbow_flex.pos=+82.45 wrist_flex.pos=+65.23 wrist_roll.pos=-0.81 gripper.pos=+0.67
DEBUG 2026-09-03 08:19:26 [action #331] t=13.82s step=330 queue=17 dmax=1.526 | shoulder_pan.pos=-6.42 shoulder_lift.pos=-97.81 elbow_flex.pos=+83.97 wrist_flex.pos=+65.68 wrist_roll.pos=-0.86 gripper.pos=+0.62
DEBUG 2026-09-03 08:19:26 [action #332] t=13.86s step=331 queue=16 dmax=2.156 | shoulder_pan.pos=-6.41 shoulder_lift.pos=-99.97 elbow_flex.pos=+84.76 wrist_flex.pos=+65.87 wrist_roll.pos=-0.85 gripper.pos=+0.57
DEBUG 2026-09-03 08:19:26 [action #333] t=13.89s step=332 queue=15 dmax=1.145 | shoulder_pan.pos=-6.26 shoulder_lift.pos=-101.10 elbow_flex.pos=+85.91 wrist_flex.pos=+66.23 wrist_roll.pos=-0.95 gripper.pos=+0.53
DEBUG 2026-09-03 08:19:26 [action #334] t=13.92s step=333 queue=14 dmax=1.387 | shoulder_pan.pos=-6.18 shoulder_lift.pos=-102.49 elbow_flex.pos=+86.71 wrist_flex.pos=+66.79 wrist_roll.pos=-0.92 gripper.pos=+0.59
DEBUG 2026-09-03 08:19:26 [action #335] t=13.96s step=334 queue=13 dmax=1.181 | shoulder_pan.pos=-6.00 shoulder_lift.pos=-103.67 elbow_flex.pos=+87.62 wrist_flex.pos=+67.44 wrist_roll.pos=-1.11 gripper.pos=+0.46
DEBUG 2026-09-03 08:19:26 [action #336] t=13.99s step=335 queue=12 dmax=1.006 | shoulder_pan.pos=-5.98 shoulder_lift.pos=-104.03 elbow_flex.pos=+87.56 wrist_flex.pos=+68.44 wrist_roll.pos=-1.23 gripper.pos=+0.49
DEBUG 2026-09-03 08:19:26 [action #337] t=14.02s step=336 queue=11 dmax=0.986 | shoulder_pan.pos=-5.76 shoulder_lift.pos=-104.06 elbow_flex.pos=+88.02 wrist_flex.pos=+69.43 wrist_roll.pos=-1.49 gripper.pos=+0.64
DEBUG 2026-09-03 08:19:26 [action #338] t=14.06s step=337 queue=10 dmax=1.173 | shoulder_pan.pos=-6.01 shoulder_lift.pos=-103.90 elbow_flex.pos=+88.12 wrist_flex.pos=+70.60 wrist_roll.pos=-1.62 gripper.pos=+0.56
DEBUG 2026-09-03 08:19:26 [action #339] t=14.09s step=338 queue=9 dmax=1.026 | shoulder_pan.pos=-5.68 shoulder_lift.pos=-103.98 elbow_flex.pos=+88.28 wrist_flex.pos=+71.63 wrist_roll.pos=-1.82 gripper.pos=+0.54
DEBUG 2026-09-03 08:19:26 [action #340] t=14.12s step=339 queue=8 dmax=0.944 | shoulder_pan.pos=-5.66 shoulder_lift.pos=-104.45 elbow_flex.pos=+88.31 wrist_flex.pos=+72.57 wrist_roll.pos=-1.91 gripper.pos=+0.45
DEBUG 2026-09-03 08:19:26 [action #341] t=14.16s step=340 queue=7 dmax=0.822 | shoulder_pan.pos=-5.74 shoulder_lift.pos=-104.61 elbow_flex.pos=+88.81 wrist_flex.pos=+73.39 wrist_roll.pos=-1.98 gripper.pos=+0.51
DEBUG 2026-09-03 08:19:26 [action #342] t=14.19s step=341 queue=6 dmax=0.679 | shoulder_pan.pos=-5.76 shoulder_lift.pos=-104.58 elbow_flex.pos=+88.46 wrist_flex.pos=+74.07 wrist_roll.pos=-2.25 gripper.pos=+0.50
DEBUG 2026-09-03 08:19:26 [action #343] t=14.22s step=342 queue=5 dmax=0.653 | shoulder_pan.pos=-5.70 shoulder_lift.pos=-104.95 elbow_flex.pos=+88.89 wrist_flex.pos=+74.73 wrist_roll.pos=-2.18 gripper.pos=+0.50
DEBUG 2026-09-03 08:19:26 [action #344] t=14.26s step=343 queue=4 dmax=0.458 | shoulder_pan.pos=-5.71 shoulder_lift.pos=-105.07 elbow_flex.pos=+88.51 wrist_flex.pos=+75.19 wrist_roll.pos=-2.16 gripper.pos=+0.44
DEBUG 2026-09-03 08:19:26 [action #345] t=14.29s step=344 queue=3 dmax=0.603 | shoulder_pan.pos=-5.83 shoulder_lift.pos=-104.67 elbow_flex.pos=+88.04 wrist_flex.pos=+75.79 wrist_roll.pos=-2.18 gripper.pos=+0.52
DEBUG 2026-09-03 08:19:26 [action #346] t=14.32s step=345 queue=2 dmax=0.638 | shoulder_pan.pos=-5.91 shoulder_lift.pos=-105.14 elbow_flex.pos=+88.68 wrist_flex.pos=+76.22 wrist_roll.pos=-2.11 gripper.pos=+0.51
DEBUG 2026-09-03 08:19:27 [action #347] t=14.36s step=346 queue=1 dmax=0.236 | shoulder_pan.pos=-6.00 shoulder_lift.pos=-105.37 elbow_flex.pos=+88.78 wrist_flex.pos=+76.43 wrist_roll.pos=-2.10 gripper.pos=+0.60
DEBUG 2026-09-03 08:19:27 [chunk] received 50 actions, timesteps 322..371 | first: shoulder_pan.pos=+4.01 shoulder_lift.pos=-41.75 elbow_flex.pos=+36.81 wrist_flex.pos=+77.31 wrist_roll.pos=-1.93 gripper.pos=-0.03 | last: shoulder_pan.pos=-3.41 shoulder_lift.pos=-105.92 elbow_flex.pos=+88.68 wrist_flex.pos=+78.91 wrist_roll.pos=-1.09 gripper.pos=+0.53
DEBUG 2026-09-03 08:19:27 [action #348] t=14.56s step=347 queue=25 dmax=22.479 | shoulder_pan.pos=-3.01 shoulder_lift.pos=-82.90 elbow_flex.pos=+73.54 wrist_flex.pos=+67.48 wrist_roll.pos=-1.63 gripper.pos=+0.45
DEBUG 2026-09-03 08:19:27 [action #349] t=14.59s step=348 queue=24 dmax=2.092 | shoulder_pan.pos=-3.24 shoulder_lift.pos=-84.99 elbow_flex.pos=+75.11 wrist_flex.pos=+67.49 wrist_roll.pos=-1.61 gripper.pos=+0.30
DEBUG 2026-09-03 08:19:27 [action #350] t=14.63s step=349 queue=23 dmax=1.919 | shoulder_pan.pos=-3.12 shoulder_lift.pos=-86.91 elbow_flex.pos=+76.33 wrist_flex.pos=+67.53 wrist_roll.pos=-1.65 gripper.pos=+0.35
DEBUG 2026-09-03 08:19:27 [action #351] t=14.66s step=350 queue=22 dmax=1.649 | shoulder_pan.pos=-3.38 shoulder_lift.pos=-88.55 elbow_flex.pos=+77.57 wrist_flex.pos=+67.43 wrist_roll.pos=-1.67 gripper.pos=+0.16
DEBUG 2026-09-03 08:19:27 [action #352] t=14.69s step=351 queue=21 dmax=1.964 | shoulder_pan.pos=-3.30 shoulder_lift.pos=-90.52 elbow_flex.pos=+78.54 wrist_flex.pos=+67.51 wrist_roll.pos=-1.65 gripper.pos=+0.41
DEBUG 2026-09-03 08:19:27 [action #353] t=14.73s step=352 queue=20 dmax=2.068 | shoulder_pan.pos=-3.74 shoulder_lift.pos=-92.59 elbow_flex.pos=+79.61 wrist_flex.pos=+67.68 wrist_roll.pos=-1.60 gripper.pos=+0.06
DEBUG 2026-09-03 08:19:27 [action #354] t=14.76s step=353 queue=19 dmax=1.705 | shoulder_pan.pos=-3.37 shoulder_lift.pos=-94.29 elbow_flex.pos=+81.03 wrist_flex.pos=+67.51 wrist_roll.pos=-1.59 gripper.pos=+0.17
DEBUG 2026-09-03 08:19:27 [action #355] t=14.79s step=354 queue=18 dmax=1.153 | shoulder_pan.pos=-3.51 shoulder_lift.pos=-95.44 elbow_flex.pos=+81.35 wrist_flex.pos=+67.68 wrist_roll.pos=-1.65 gripper.pos=+0.31
DEBUG 2026-09-03 08:19:27 [action #356] t=14.83s step=355 queue=17 dmax=2.319 | shoulder_pan.pos=-3.51 shoulder_lift.pos=-97.76 elbow_flex.pos=+83.16 wrist_flex.pos=+67.72 wrist_roll.pos=-1.65 gripper.pos=+0.35
DEBUG 2026-09-03 08:19:27 [action #357] t=14.86s step=356 queue=16 dmax=1.588 | shoulder_pan.pos=-3.46 shoulder_lift.pos=-99.35 elbow_flex.pos=+83.97 wrist_flex.pos=+67.88 wrist_roll.pos=-1.77 gripper.pos=+0.23
DEBUG 2026-09-03 08:19:27 [action #358] t=14.89s step=357 queue=15 dmax=1.506 | shoulder_pan.pos=-3.50 shoulder_lift.pos=-100.86 elbow_flex.pos=+84.36 wrist_flex.pos=+68.04 wrist_roll.pos=-1.62 gripper.pos=+0.22
DEBUG 2026-09-03 08:19:27 [action #359] t=14.93s step=358 queue=14 dmax=1.766 | shoulder_pan.pos=-3.33 shoulder_lift.pos=-102.05 elbow_flex.pos=+86.13 wrist_flex.pos=+68.30 wrist_roll.pos=-1.74 gripper.pos=+0.31
DEBUG 2026-09-03 08:19:27 [action #360] t=14.96s step=359 queue=13 dmax=1.902 | shoulder_pan.pos=-3.28 shoulder_lift.pos=-103.96 elbow_flex.pos=+86.56 wrist_flex.pos=+68.70 wrist_roll.pos=-1.64 gripper.pos=+0.11
DEBUG 2026-09-03 08:19:27 [action #361] t=14.99s step=360 queue=12 dmax=1.017 | shoulder_pan.pos=-3.27 shoulder_lift.pos=-104.97 elbow_flex.pos=+87.00 wrist_flex.pos=+69.32 wrist_roll.pos=-1.70 gripper.pos=+0.31
DEBUG 2026-09-03 08:19:27 [action #362] t=15.03s step=361 queue=11 dmax=1.214 | shoulder_pan.pos=-3.40 shoulder_lift.pos=-105.74 elbow_flex.pos=+87.66 wrist_flex.pos=+70.53 wrist_roll.pos=-1.64 gripper.pos=+0.29
DEBUG 2026-09-03 08:19:27 [action #363] t=15.06s step=362 queue=10 dmax=1.192 | shoulder_pan.pos=-3.43 shoulder_lift.pos=-106.70 elbow_flex.pos=+88.85 wrist_flex.pos=+71.72 wrist_roll.pos=-1.66 gripper.pos=+0.35
DEBUG 2026-09-03 08:19:27 [action #364] t=15.09s step=363 queue=9 dmax=1.108 | shoulder_pan.pos=-3.65 shoulder_lift.pos=-106.23 elbow_flex.pos=+88.06 wrist_flex.pos=+72.82 wrist_roll.pos=-1.62 gripper.pos=+0.37
DEBUG 2026-09-03 08:19:27 [action #365] t=15.13s step=364 queue=8 dmax=1.239 | shoulder_pan.pos=-3.55 shoulder_lift.pos=-106.88 elbow_flex.pos=+88.72 wrist_flex.pos=+74.06 wrist_roll.pos=-1.54 gripper.pos=+0.34
DEBUG 2026-09-03 08:19:27 [action #366] t=15.16s step=365 queue=7 dmax=1.233 | shoulder_pan.pos=-3.30 shoulder_lift.pos=-107.26 elbow_flex.pos=+88.88 wrist_flex.pos=+75.30 wrist_roll.pos=-1.59 gripper.pos=+0.39
DEBUG 2026-09-03 08:19:27 [action #367] t=15.19s step=366 queue=6 dmax=1.159 | shoulder_pan.pos=-3.23 shoulder_lift.pos=-106.10 elbow_flex.pos=+88.88 wrist_flex.pos=+76.05 wrist_roll.pos=-1.39 gripper.pos=+0.41
DEBUG 2026-09-03 08:19:27 [action #368] t=15.23s step=367 queue=5 dmax=1.069 | shoulder_pan.pos=-3.33 shoulder_lift.pos=-107.17 elbow_flex.pos=+88.60 wrist_flex.pos=+77.06 wrist_roll.pos=-1.43 gripper.pos=+0.42
DEBUG 2026-09-03 08:19:27 [action #369] t=15.26s step=368 queue=4 dmax=0.854 | shoulder_pan.pos=-3.23 shoulder_lift.pos=-106.57 elbow_flex.pos=+88.49 wrist_flex.pos=+77.91 wrist_roll.pos=-1.32 gripper.pos=+0.33
DEBUG 2026-09-03 08:19:27 [action #370] t=15.29s step=369 queue=3 dmax=0.465 | shoulder_pan.pos=-3.36 shoulder_lift.pos=-106.23 elbow_flex.pos=+88.62 wrist_flex.pos=+78.38 wrist_roll.pos=-1.18 gripper.pos=+0.39
DEBUG 2026-09-03 08:19:27 [action #371] t=15.33s step=370 queue=2 dmax=0.662 | shoulder_pan.pos=-3.58 shoulder_lift.pos=-105.57 elbow_flex.pos=+88.31 wrist_flex.pos=+78.68 wrist_roll.pos=-1.20 gripper.pos=+0.55
DEBUG 2026-09-03 08:19:28 [action #372] t=15.36s step=371 queue=1 dmax=0.374 | shoulder_pan.pos=-3.41 shoulder_lift.pos=-105.92 elbow_flex.pos=+88.68 wrist_flex.pos=+78.91 wrist_roll.pos=-1.09 gripper.pos=+0.53
DEBUG 2026-09-03 08:19:28 [chunk] received 50 actions, timesteps 346..395 | first: shoulder_pan.pos=-6.24 shoulder_lift.pos=-101.67 elbow_flex.pos=+89.09 wrist_flex.pos=+77.62 wrist_roll.pos=-1.50 gripper.pos=+0.43 | last: shoulder_pan.pos=-13.29 shoulder_lift.pos=-102.39 elbow_flex.pos=+88.97 wrist_flex.pos=+78.34 wrist_roll.pos=-1.83 gripper.pos=+0.14
DEBUG 2026-09-03 08:19:28 [action #373] t=15.46s step=372 queue=24 dmax=10.416 | shoulder_pan.pos=-13.83 shoulder_lift.pos=-102.45 elbow_flex.pos=+88.75 wrist_flex.pos=+78.08 wrist_roll.pos=-1.90 gripper.pos=+0.38
DEBUG 2026-09-03 08:19:28 [action #374] t=15.50s step=373 queue=23 dmax=0.473 | shoulder_pan.pos=-13.78 shoulder_lift.pos=-102.20 elbow_flex.pos=+89.23 wrist_flex.pos=+78.08 wrist_roll.pos=-1.85 gripper.pos=+0.24
DEBUG 2026-09-03 08:19:28 [action #375] t=15.53s step=374 queue=22 dmax=0.127 | shoulder_pan.pos=-13.84 shoulder_lift.pos=-102.23 elbow_flex.pos=+89.15 wrist_flex.pos=+77.95 wrist_roll.pos=-1.96 gripper.pos=+0.22
DEBUG 2026-09-03 08:19:28 [action #376] t=15.56s step=375 queue=21 dmax=0.205 | shoulder_pan.pos=-13.64 shoulder_lift.pos=-102.04 elbow_flex.pos=+89.29 wrist_flex.pos=+78.02 wrist_roll.pos=-1.88 gripper.pos=+0.33
DEBUG 2026-09-03 08:19:28 [action #377] t=15.60s step=376 queue=20 dmax=0.442 | shoulder_pan.pos=-13.32 shoulder_lift.pos=-102.48 elbow_flex.pos=+89.07 wrist_flex.pos=+77.86 wrist_roll.pos=-1.99 gripper.pos=+0.23
DEBUG 2026-09-03 08:19:28 [action #378] t=15.63s step=377 queue=19 dmax=0.151 | shoulder_pan.pos=-13.30 shoulder_lift.pos=-102.33 elbow_flex.pos=+88.98 wrist_flex.pos=+77.89 wrist_roll.pos=-1.88 gripper.pos=+0.27
DEBUG 2026-09-03 08:19:28 [action #379] t=15.66s step=378 queue=18 dmax=0.428 | shoulder_pan.pos=-13.24 shoulder_lift.pos=-101.90 elbow_flex.pos=+89.16 wrist_flex.pos=+77.92 wrist_roll.pos=-1.87 gripper.pos=+0.39
DEBUG 2026-09-03 08:19:28 [action #380] t=15.70s step=379 queue=17 dmax=0.442 | shoulder_pan.pos=-13.33 shoulder_lift.pos=-102.31 elbow_flex.pos=+89.60 wrist_flex.pos=+78.08 wrist_roll.pos=-1.81 gripper.pos=+0.36
DEBUG 2026-09-03 08:19:28 [action #381] t=15.73s step=380 queue=16 dmax=0.677 | shoulder_pan.pos=-13.45 shoulder_lift.pos=-101.92 elbow_flex.pos=+88.93 wrist_flex.pos=+78.14 wrist_roll.pos=-1.82 gripper.pos=+0.27
DEBUG 2026-09-03 08:19:28 [action #382] t=15.76s step=381 queue=15 dmax=0.293 | shoulder_pan.pos=-13.51 shoulder_lift.pos=-102.22 elbow_flex.pos=+88.74 wrist_flex.pos=+78.18 wrist_roll.pos=-1.66 gripper.pos=+0.25
DEBUG 2026-09-03 08:19:28 [action #383] t=15.80s step=382 queue=14 dmax=0.352 | shoulder_pan.pos=-13.72 shoulder_lift.pos=-101.93 elbow_flex.pos=+89.10 wrist_flex.pos=+78.07 wrist_roll.pos=-1.77 gripper.pos=+0.32
DEBUG 2026-09-03 08:19:28 [action #384] t=15.83s step=383 queue=13 dmax=0.501 | shoulder_pan.pos=-13.54 shoulder_lift.pos=-102.40 elbow_flex.pos=+89.60 wrist_flex.pos=+78.09 wrist_roll.pos=-1.82 gripper.pos=+0.40
DEBUG 2026-09-03 08:19:28 [action #385] t=15.86s step=384 queue=12 dmax=0.967 | shoulder_pan.pos=-13.74 shoulder_lift.pos=-101.44 elbow_flex.pos=+89.28 wrist_flex.pos=+78.17 wrist_roll.pos=-1.74 gripper.pos=+0.28
DEBUG 2026-09-03 08:19:28 [action #386] t=15.90s step=385 queue=11 dmax=1.000 | shoulder_pan.pos=-13.58 shoulder_lift.pos=-102.44 elbow_flex.pos=+89.21 wrist_flex.pos=+78.09 wrist_roll.pos=-1.85 gripper.pos=+0.31
DEBUG 2026-09-03 08:19:28 [action #387] t=15.93s step=386 queue=10 dmax=0.571 | shoulder_pan.pos=-13.54 shoulder_lift.pos=-102.31 elbow_flex.pos=+89.78 wrist_flex.pos=+78.09 wrist_roll.pos=-1.83 gripper.pos=+0.28
DEBUG 2026-09-03 08:19:28 [action #388] t=15.96s step=387 queue=9 dmax=0.531 | shoulder_pan.pos=-13.51 shoulder_lift.pos=-101.77 elbow_flex.pos=+89.36 wrist_flex.pos=+78.26 wrist_roll.pos=-1.79 gripper.pos=+0.29
DEBUG 2026-09-03 08:19:28 [action #389] t=16.00s step=388 queue=8 dmax=0.558 | shoulder_pan.pos=-13.60 shoulder_lift.pos=-102.33 elbow_flex.pos=+89.19 wrist_flex.pos=+78.15 wrist_roll.pos=-1.84 gripper.pos=+0.31
DEBUG 2026-09-03 08:19:28 [action #390] t=16.03s step=389 queue=7 dmax=0.512 | shoulder_pan.pos=-13.51 shoulder_lift.pos=-102.38 elbow_flex.pos=+89.70 wrist_flex.pos=+78.13 wrist_roll.pos=-1.87 gripper.pos=+0.34
DEBUG 2026-09-03 08:19:28 [action #391] t=16.06s step=390 queue=6 dmax=0.150 | shoulder_pan.pos=-13.43 shoulder_lift.pos=-102.53 elbow_flex.pos=+89.80 wrist_flex.pos=+78.21 wrist_roll.pos=-1.89 gripper.pos=+0.22
DEBUG 2026-09-03 08:19:28 [action #392] t=16.10s step=391 queue=5 dmax=0.517 | shoulder_pan.pos=-13.47 shoulder_lift.pos=-102.36 elbow_flex.pos=+89.29 wrist_flex.pos=+78.12 wrist_roll.pos=-1.86 gripper.pos=+0.26
DEBUG 2026-09-03 08:19:28 [action #393] t=16.13s step=392 queue=4 dmax=0.535 | shoulder_pan.pos=-13.42 shoulder_lift.pos=-102.27 elbow_flex.pos=+88.75 wrist_flex.pos=+78.17 wrist_roll.pos=-1.78 gripper.pos=+0.15
DEBUG 2026-09-03 08:19:28 [action #394] t=16.16s step=393 queue=3 dmax=1.183 | shoulder_pan.pos=-13.29 shoulder_lift.pos=-102.25 elbow_flex.pos=+89.94 wrist_flex.pos=+77.92 wrist_roll.pos=-1.92 gripper.pos=+0.31
DEBUG 2026-09-03 08:19:28 [action #395] t=16.20s step=394 queue=2 dmax=0.516 | shoulder_pan.pos=-13.55 shoulder_lift.pos=-102.70 elbow_flex.pos=+90.45 wrist_flex.pos=+78.29 wrist_roll.pos=-1.86 gripper.pos=+0.20
DEBUG 2026-09-03 08:19:28 [action #396] t=16.23s step=395 queue=1 dmax=1.480 | shoulder_pan.pos=-13.29 shoulder_lift.pos=-102.39 elbow_flex.pos=+88.97 wrist_flex.pos=+78.34 wrist_roll.pos=-1.83 gripper.pos=+0.14
DEBUG 2026-09-03 08:19:29 [chunk] received 50 actions, timesteps 371..420 | first: shoulder_pan.pos=-3.44 shoulder_lift.pos=-103.30 elbow_flex.pos=+89.37 wrist_flex.pos=+77.06 wrist_roll.pos=-1.43 gripper.pos=+0.25 | last: shoulder_pan.pos=-3.91 shoulder_lift.pos=-102.41 elbow_flex.pos=+89.32 wrist_flex.pos=+77.41 wrist_roll.pos=-1.41 gripper.pos=+0.32
DEBUG 2026-09-03 08:19:29 [action #397] t=16.36s step=396 queue=25 dmax=9.410 | shoulder_pan.pos=-3.88 shoulder_lift.pos=-102.36 elbow_flex.pos=+88.67 wrist_flex.pos=+77.30 wrist_roll.pos=-1.39 gripper.pos=+0.24
DEBUG 2026-09-03 08:19:29 [action #398] t=16.40s step=397 queue=24 dmax=0.691 | shoulder_pan.pos=-3.96 shoulder_lift.pos=-102.70 elbow_flex.pos=+89.36 wrist_flex.pos=+77.22 wrist_roll.pos=-1.47 gripper.pos=+0.31
DEBUG 2026-09-03 08:19:29 [action #399] t=16.43s step=398 queue=23 dmax=0.277 | shoulder_pan.pos=-3.91 shoulder_lift.pos=-102.98 elbow_flex.pos=+89.46 wrist_flex.pos=+77.26 wrist_roll.pos=-1.45 gripper.pos=+0.28
DEBUG 2026-09-03 08:19:29 [action #400] t=16.47s step=399 queue=22 dmax=0.308 | shoulder_pan.pos=-4.07 shoulder_lift.pos=-102.68 elbow_flex.pos=+89.15 wrist_flex.pos=+77.29 wrist_roll.pos=-1.50 gripper.pos=+0.20
DEBUG 2026-09-03 08:19:29 [action #401] t=16.50s step=400 queue=21 dmax=0.378 | shoulder_pan.pos=-3.69 shoulder_lift.pos=-102.59 elbow_flex.pos=+89.44 wrist_flex.pos=+77.25 wrist_roll.pos=-1.45 gripper.pos=+0.41
DEBUG 2026-09-03 08:19:29 [action #402] t=16.53s step=401 queue=20 dmax=0.492 | shoulder_pan.pos=-4.03 shoulder_lift.pos=-102.29 elbow_flex.pos=+89.93 wrist_flex.pos=+77.26 wrist_roll.pos=-1.37 gripper.pos=+0.32
DEBUG 2026-09-03 08:19:29 [action #403] t=16.57s step=402 queue=19 dmax=0.484 | shoulder_pan.pos=-3.84 shoulder_lift.pos=-102.44 elbow_flex.pos=+89.45 wrist_flex.pos=+77.41 wrist_roll.pos=-1.46 gripper.pos=+0.42
DEBUG 2026-09-03 08:19:29 [action #404] t=16.60s step=403 queue=18 dmax=0.196 | shoulder_pan.pos=-3.93 shoulder_lift.pos=-102.63 elbow_flex.pos=+89.59 wrist_flex.pos=+77.36 wrist_roll.pos=-1.45 gripper.pos=+0.27
DEBUG 2026-09-03 08:19:29 [action #405] t=16.63s step=404 queue=17 dmax=0.407 | shoulder_pan.pos=-4.01 shoulder_lift.pos=-102.72 elbow_flex.pos=+89.18 wrist_flex.pos=+77.28 wrist_roll.pos=-1.44 gripper.pos=+0.40
DEBUG 2026-09-03 08:19:29 [action #406] t=16.67s step=405 queue=16 dmax=0.309 | shoulder_pan.pos=-3.84 shoulder_lift.pos=-102.41 elbow_flex.pos=+89.41 wrist_flex.pos=+77.46 wrist_roll.pos=-1.37 gripper.pos=+0.38
DEBUG 2026-09-03 08:19:29 [action #407] t=16.70s step=406 queue=15 dmax=0.227 | shoulder_pan.pos=-3.82 shoulder_lift.pos=-102.63 elbow_flex.pos=+89.37 wrist_flex.pos=+77.32 wrist_roll.pos=-1.42 gripper.pos=+0.42
DEBUG 2026-09-03 08:19:29 [action #408] t=16.73s step=407 queue=14 dmax=0.141 | shoulder_pan.pos=-3.94 shoulder_lift.pos=-102.74 elbow_flex.pos=+89.51 wrist_flex.pos=+77.29 wrist_roll.pos=-1.46 gripper.pos=+0.33
DEBUG 2026-09-03 08:19:29 [action #409] t=16.77s step=408 queue=13 dmax=0.732 | shoulder_pan.pos=-3.84 shoulder_lift.pos=-102.01 elbow_flex.pos=+89.72 wrist_flex.pos=+77.27 wrist_roll.pos=-1.45 gripper.pos=+0.28
DEBUG 2026-09-03 08:19:29 [action #410] t=16.80s step=409 queue=12 dmax=0.578 | shoulder_pan.pos=-3.90 shoulder_lift.pos=-102.59 elbow_flex.pos=+89.54 wrist_flex.pos=+77.42 wrist_roll.pos=-1.53 gripper.pos=+0.27
DEBUG 2026-09-03 08:19:29 [action #411] t=16.83s step=410 queue=11 dmax=0.281 | shoulder_pan.pos=-3.71 shoulder_lift.pos=-102.71 elbow_flex.pos=+89.26 wrist_flex.pos=+77.15 wrist_roll.pos=-1.44 gripper.pos=+0.26
DEBUG 2026-09-03 08:19:29 [action #412] t=16.87s step=411 queue=10 dmax=0.392 | shoulder_pan.pos=-3.71 shoulder_lift.pos=-102.32 elbow_flex.pos=+89.16 wrist_flex.pos=+77.27 wrist_roll.pos=-1.48 gripper.pos=+0.25
DEBUG 2026-09-03 08:19:29 [action #413] t=16.90s step=412 queue=9 dmax=0.373 | shoulder_pan.pos=-3.64 shoulder_lift.pos=-102.69 elbow_flex.pos=+89.13 wrist_flex.pos=+77.30 wrist_roll.pos=-1.52 gripper.pos=+0.31
DEBUG 2026-09-03 08:19:29 [action #414] t=16.93s step=413 queue=8 dmax=0.107 | shoulder_pan.pos=-3.75 shoulder_lift.pos=-102.72 elbow_flex.pos=+89.24 wrist_flex.pos=+77.24 wrist_roll.pos=-1.52 gripper.pos=+0.29
DEBUG 2026-09-03 08:19:29 [action #415] t=16.97s step=414 queue=7 dmax=0.570 | shoulder_pan.pos=-3.66 shoulder_lift.pos=-102.15 elbow_flex.pos=+89.11 wrist_flex.pos=+77.20 wrist_roll.pos=-1.40 gripper.pos=+0.26
DEBUG 2026-09-03 08:19:29 [action #416] t=17.00s step=415 queue=6 dmax=0.603 | shoulder_pan.pos=-3.70 shoulder_lift.pos=-102.76 elbow_flex.pos=+89.36 wrist_flex.pos=+77.39 wrist_roll.pos=-1.47 gripper.pos=+0.41
DEBUG 2026-09-03 08:19:29 [action #417] t=17.03s step=416 queue=5 dmax=0.281 | shoulder_pan.pos=-3.98 shoulder_lift.pos=-102.49 elbow_flex.pos=+89.41 wrist_flex.pos=+77.30 wrist_roll.pos=-1.49 gripper.pos=+0.29
DEBUG 2026-09-03 08:19:29 [action #418] t=17.07s step=417 queue=4 dmax=0.167 | shoulder_pan.pos=-3.82 shoulder_lift.pos=-102.42 elbow_flex.pos=+89.25 wrist_flex.pos=+77.41 wrist_roll.pos=-1.42 gripper.pos=+0.31
DEBUG 2026-09-03 08:19:29 [action #419] t=17.10s step=418 queue=3 dmax=0.348 | shoulder_pan.pos=-3.85 shoulder_lift.pos=-102.45 elbow_flex.pos=+89.60 wrist_flex.pos=+77.45 wrist_roll.pos=-1.48 gripper.pos=+0.32
DEBUG 2026-09-03 08:19:29 [action #420] t=17.13s step=419 queue=2 dmax=0.380 | shoulder_pan.pos=-3.87 shoulder_lift.pos=-102.07 elbow_flex.pos=+89.27 wrist_flex.pos=+77.36 wrist_roll.pos=-1.42 gripper.pos=+0.32
DEBUG 2026-09-03 08:19:29 [action #421] t=17.17s step=420 queue=1 dmax=0.340 | shoulder_pan.pos=-3.91 shoulder_lift.pos=-102.41 elbow_flex.pos=+89.32 wrist_flex.pos=+77.41 wrist_roll.pos=-1.41 gripper.pos=+0.32
DEBUG 2026-09-03 08:19:29 [chunk] received 50 actions, timesteps 395..444 | first: shoulder_pan.pos=-15.00 shoulder_lift.pos=-101.55 elbow_flex.pos=+89.26 wrist_flex.pos=+76.90 wrist_roll.pos=-1.33 gripper.pos=+0.19 | last: shoulder_pan.pos=-32.81 shoulder_lift.pos=-101.52 elbow_flex.pos=+88.73 wrist_flex.pos=+76.52 wrist_roll.pos=-1.62 gripper.pos=-0.13
INFO 2026-09-03 08:19:35 Final action sent: shoulder_pan.pos=-3.91 shoulder_lift.pos=-102.41 elbow_flex.pos=+89.32 wrist_flex.pos=+77.41 wrist_roll.pos=-1.41 gripper.pos=+0.32
DEBUG 2026-09-03 08:19:35 === episode end | 22.8s | converged=True | actions=421 ===
