DEBUG 2026-09-03 10:03:21 === episode start | task: 'put the brown cylinder on the tray' | duration: 50.0s ===
DEBUG 2026-09-03 10:03:22 [chunk] received 50 actions, timesteps 0..49 | first: shoulder_pan.pos=-4.76 shoulder_lift.pos=-102.28 elbow_flex.pos=+89.34 wrist_flex.pos=+76.87 wrist_roll.pos=-0.12 gripper.pos=+1.36 | last: shoulder_pan.pos=-4.64 shoulder_lift.pos=-102.24 elbow_flex.pos=+89.90 wrist_flex.pos=+76.84 wrist_roll.pos=-0.19 gripper.pos=+1.10
DEBUG 2026-09-03 10:03:22 [action #1] t=0.97s step=0 queue=50 dmax=n/a | shoulder_pan.pos=-4.76 shoulder_lift.pos=-102.28 elbow_flex.pos=+89.34 wrist_flex.pos=+76.87 wrist_roll.pos=-0.12 gripper.pos=+1.36
DEBUG 2026-09-03 10:03:22 [action #2] t=1.00s step=1 queue=49 dmax=0.669 | shoulder_pan.pos=-4.60 shoulder_lift.pos=-102.20 elbow_flex.pos=+88.67 wrist_flex.pos=+76.94 wrist_roll.pos=-0.19 gripper.pos=+1.23
DEBUG 2026-09-03 10:03:22 [action #3] t=1.04s step=2 queue=48 dmax=0.377 | shoulder_pan.pos=-4.57 shoulder_lift.pos=-102.18 elbow_flex.pos=+89.05 wrist_flex.pos=+76.86 wrist_roll.pos=-0.16 gripper.pos=+1.24
DEBUG 2026-09-03 10:03:22 [action #4] t=1.07s step=3 queue=47 dmax=0.546 | shoulder_pan.pos=-4.60 shoulder_lift.pos=-102.22 elbow_flex.pos=+89.60 wrist_flex.pos=+77.06 wrist_roll.pos=-0.08 gripper.pos=+1.33
DEBUG 2026-09-03 10:03:22 [action #5] t=1.10s step=4 queue=46 dmax=0.802 | shoulder_pan.pos=-4.99 shoulder_lift.pos=-102.16 elbow_flex.pos=+88.80 wrist_flex.pos=+77.06 wrist_roll.pos=-0.20 gripper.pos=+1.17
DEBUG 2026-09-03 10:03:22 [action #6] t=1.14s step=5 queue=45 dmax=1.016 | shoulder_pan.pos=-4.55 shoulder_lift.pos=-102.35 elbow_flex.pos=+89.81 wrist_flex.pos=+76.87 wrist_roll.pos=-0.10 gripper.pos=+1.22
DEBUG 2026-09-03 10:03:22 [action #7] t=1.17s step=6 queue=44 dmax=0.221 | shoulder_pan.pos=-4.61 shoulder_lift.pos=-102.42 elbow_flex.pos=+89.59 wrist_flex.pos=+76.84 wrist_roll.pos=-0.12 gripper.pos=+1.06
DEBUG 2026-09-03 10:03:22 [action #8] t=1.20s step=7 queue=43 dmax=0.234 | shoulder_pan.pos=-4.70 shoulder_lift.pos=-102.64 elbow_flex.pos=+89.54 wrist_flex.pos=+77.07 wrist_roll.pos=-0.14 gripper.pos=+1.18
DEBUG 2026-09-03 10:03:22 [action #9] t=1.24s step=8 queue=42 dmax=0.408 | shoulder_pan.pos=-4.64 shoulder_lift.pos=-102.23 elbow_flex.pos=+89.54 wrist_flex.pos=+76.87 wrist_roll.pos=-0.11 gripper.pos=+1.08
DEBUG 2026-09-03 10:03:22 [action #10] t=1.27s step=9 queue=41 dmax=0.542 | shoulder_pan.pos=-4.65 shoulder_lift.pos=-102.77 elbow_flex.pos=+89.51 wrist_flex.pos=+76.99 wrist_roll.pos=-0.13 gripper.pos=+1.25
DEBUG 2026-09-03 10:03:22 [action #11] t=1.30s step=10 queue=40 dmax=0.205 | shoulder_pan.pos=-4.60 shoulder_lift.pos=-102.57 elbow_flex.pos=+89.50 wrist_flex.pos=+77.01 wrist_roll.pos=-0.01 gripper.pos=+1.14
DEBUG 2026-09-03 10:03:22 [action #12] t=1.34s step=11 queue=39 dmax=0.224 | shoulder_pan.pos=-4.38 shoulder_lift.pos=-102.73 elbow_flex.pos=+89.50 wrist_flex.pos=+76.88 wrist_roll.pos=-0.13 gripper.pos=+1.13
DEBUG 2026-09-03 10:03:22 [action #13] t=1.37s step=12 queue=38 dmax=0.630 | shoulder_pan.pos=-4.49 shoulder_lift.pos=-102.10 elbow_flex.pos=+89.33 wrist_flex.pos=+76.88 wrist_roll.pos=-0.07 gripper.pos=+1.18
DEBUG 2026-09-03 10:03:22 [action #14] t=1.40s step=13 queue=37 dmax=0.782 | shoulder_pan.pos=-4.49 shoulder_lift.pos=-102.88 elbow_flex.pos=+89.87 wrist_flex.pos=+77.01 wrist_roll.pos=-0.12 gripper.pos=+1.06
DEBUG 2026-09-03 10:03:23 [action #15] t=1.44s step=14 queue=36 dmax=0.447 | shoulder_pan.pos=-4.66 shoulder_lift.pos=-102.87 elbow_flex.pos=+89.42 wrist_flex.pos=+76.94 wrist_roll.pos=-0.03 gripper.pos=+1.08
DEBUG 2026-09-03 10:03:23 [action #16] t=1.47s step=15 queue=35 dmax=0.614 | shoulder_pan.pos=-4.60 shoulder_lift.pos=-102.25 elbow_flex.pos=+89.40 wrist_flex.pos=+77.06 wrist_roll.pos=-0.19 gripper.pos=+1.23
DEBUG 2026-09-03 10:03:23 [action #17] t=1.50s step=16 queue=34 dmax=0.162 | shoulder_pan.pos=-4.66 shoulder_lift.pos=-102.09 elbow_flex.pos=+89.36 wrist_flex.pos=+77.17 wrist_roll.pos=-0.11 gripper.pos=+1.33
DEBUG 2026-09-03 10:03:23 [action #18] t=1.54s step=17 queue=33 dmax=0.357 | shoulder_pan.pos=-4.73 shoulder_lift.pos=-102.39 elbow_flex.pos=+89.72 wrist_flex.pos=+76.92 wrist_roll.pos=-0.24 gripper.pos=+1.25
DEBUG 2026-09-03 10:03:23 [action #19] t=1.57s step=18 queue=32 dmax=0.222 | shoulder_pan.pos=-4.57 shoulder_lift.pos=-102.16 elbow_flex.pos=+89.75 wrist_flex.pos=+76.90 wrist_roll.pos=-0.21 gripper.pos=+1.19
DEBUG 2026-09-03 10:03:23 [action #20] t=1.61s step=19 queue=31 dmax=0.322 | shoulder_pan.pos=-4.72 shoulder_lift.pos=-102.06 elbow_flex.pos=+90.07 wrist_flex.pos=+76.84 wrist_roll.pos=-0.20 gripper.pos=+1.16
DEBUG 2026-09-03 10:03:23 [action #21] t=1.64s step=20 queue=30 dmax=0.356 | shoulder_pan.pos=-4.97 shoulder_lift.pos=-102.02 elbow_flex.pos=+89.72 wrist_flex.pos=+77.01 wrist_roll.pos=-0.26 gripper.pos=+1.21
DEBUG 2026-09-03 10:03:23 [action #22] t=1.67s step=21 queue=29 dmax=0.078 | shoulder_pan.pos=-4.92 shoulder_lift.pos=-102.09 elbow_flex.pos=+89.75 wrist_flex.pos=+76.93 wrist_roll.pos=-0.21 gripper.pos=+1.22
DEBUG 2026-09-03 10:03:23 [action #23] t=1.71s step=22 queue=28 dmax=0.265 | shoulder_pan.pos=-4.80 shoulder_lift.pos=-101.82 elbow_flex.pos=+89.83 wrist_flex.pos=+76.81 wrist_roll.pos=-0.19 gripper.pos=+1.21
DEBUG 2026-09-03 10:03:23 [action #24] t=1.74s step=23 queue=27 dmax=0.605 | shoulder_pan.pos=-4.77 shoulder_lift.pos=-102.43 elbow_flex.pos=+89.54 wrist_flex.pos=+76.81 wrist_roll.pos=-0.14 gripper.pos=+1.12
DEBUG 2026-09-03 10:03:23 [action #25] t=1.77s step=24 queue=26 dmax=0.886 | shoulder_pan.pos=-4.91 shoulder_lift.pos=-103.13 elbow_flex.pos=+90.43 wrist_flex.pos=+77.07 wrist_roll.pos=-0.18 gripper.pos=+1.23
DEBUG 2026-09-03 10:03:23 [action #26] t=1.81s step=25 queue=25 dmax=1.353 | shoulder_pan.pos=-4.89 shoulder_lift.pos=-102.20 elbow_flex.pos=+89.08 wrist_flex.pos=+76.89 wrist_roll.pos=-0.11 gripper.pos=+1.13
DEBUG 2026-09-03 10:03:23 [action #27] t=1.84s step=26 queue=24 dmax=0.667 | shoulder_pan.pos=-4.79 shoulder_lift.pos=-102.42 elbow_flex.pos=+89.74 wrist_flex.pos=+76.92 wrist_roll.pos=-0.17 gripper.pos=+1.19
DEBUG 2026-09-03 10:03:23 [action #28] t=1.87s step=27 queue=23 dmax=0.314 | shoulder_pan.pos=-4.68 shoulder_lift.pos=-102.74 elbow_flex.pos=+89.87 wrist_flex.pos=+77.02 wrist_roll.pos=-0.18 gripper.pos=+1.17
DEBUG 2026-09-03 10:03:23 [action #29] t=1.91s step=28 queue=22 dmax=0.434 | shoulder_pan.pos=-4.63 shoulder_lift.pos=-102.30 elbow_flex.pos=+89.52 wrist_flex.pos=+76.88 wrist_roll.pos=-0.18 gripper.pos=+1.20
DEBUG 2026-09-03 10:03:23 [action #30] t=1.94s step=29 queue=21 dmax=0.821 | shoulder_pan.pos=-4.59 shoulder_lift.pos=-103.12 elbow_flex.pos=+89.83 wrist_flex.pos=+76.79 wrist_roll.pos=-0.07 gripper.pos=+1.18
DEBUG 2026-09-03 10:03:23 [action #31] t=1.97s step=30 queue=20 dmax=1.016 | shoulder_pan.pos=-4.75 shoulder_lift.pos=-102.11 elbow_flex.pos=+89.48 wrist_flex.pos=+76.98 wrist_roll.pos=-0.11 gripper.pos=+1.16
DEBUG 2026-09-03 10:03:23 [chunk] received 50 actions, timesteps 3..52 | first: shoulder_pan.pos=-4.89 shoulder_lift.pos=-101.84 elbow_flex.pos=+89.65 wrist_flex.pos=+77.19 wrist_roll.pos=-0.12 gripper.pos=+1.26 | last: shoulder_pan.pos=-4.80 shoulder_lift.pos=-102.43 elbow_flex.pos=+89.78 wrist_flex.pos=+77.31 wrist_roll.pos=-0.15 gripper.pos=+1.30
DEBUG 2026-09-03 10:03:23 [action #32] t=2.01s step=31 queue=22 dmax=0.300 | shoulder_pan.pos=-4.45 shoulder_lift.pos=-102.11 elbow_flex.pos=+89.49 wrist_flex.pos=+77.07 wrist_roll.pos=-0.17 gripper.pos=+1.26
DEBUG 2026-09-03 10:03:23 [action #33] t=2.04s step=32 queue=21 dmax=0.302 | shoulder_pan.pos=-4.36 shoulder_lift.pos=-101.91 elbow_flex.pos=+89.19 wrist_flex.pos=+77.03 wrist_roll.pos=-0.09 gripper.pos=+1.18
DEBUG 2026-09-03 10:03:23 [action #34] t=2.07s step=33 queue=20 dmax=0.518 | shoulder_pan.pos=-4.49 shoulder_lift.pos=-102.35 elbow_flex.pos=+89.71 wrist_flex.pos=+76.94 wrist_roll.pos=-0.23 gripper.pos=+1.18
DEBUG 2026-09-03 10:03:23 [action #35] t=2.11s step=34 queue=19 dmax=0.210 | shoulder_pan.pos=-4.50 shoulder_lift.pos=-102.22 elbow_flex.pos=+89.77 wrist_flex.pos=+77.15 wrist_roll.pos=-0.11 gripper.pos=+1.21
DEBUG 2026-09-03 10:03:23 [action #36] t=2.14s step=35 queue=18 dmax=0.183 | shoulder_pan.pos=-4.47 shoulder_lift.pos=-102.08 elbow_flex.pos=+89.66 wrist_flex.pos=+76.96 wrist_roll.pos=-0.14 gripper.pos=+1.10
DEBUG 2026-09-03 10:03:23 [action #37] t=2.17s step=36 queue=17 dmax=0.263 | shoulder_pan.pos=-4.32 shoulder_lift.pos=-102.34 elbow_flex.pos=+89.51 wrist_flex.pos=+77.07 wrist_roll.pos=-0.15 gripper.pos=+1.20
DEBUG 2026-09-03 10:03:23 [action #38] t=2.21s step=37 queue=16 dmax=0.430 | shoulder_pan.pos=-4.61 shoulder_lift.pos=-101.91 elbow_flex.pos=+89.57 wrist_flex.pos=+77.11 wrist_roll.pos=-0.09 gripper.pos=+1.26
DEBUG 2026-09-03 10:03:23 [action #39] t=2.24s step=38 queue=15 dmax=0.424 | shoulder_pan.pos=-4.50 shoulder_lift.pos=-102.33 elbow_flex.pos=+89.31 wrist_flex.pos=+76.92 wrist_roll.pos=-0.10 gripper.pos=+1.10
DEBUG 2026-09-03 10:03:23 [action #40] t=2.27s step=39 queue=14 dmax=0.141 | shoulder_pan.pos=-4.60 shoulder_lift.pos=-102.43 elbow_flex.pos=+89.45 wrist_flex.pos=+76.93 wrist_roll.pos=-0.10 gripper.pos=+1.13
DEBUG 2026-09-03 10:03:23 [action #41] t=2.31s step=40 queue=13 dmax=0.157 | shoulder_pan.pos=-4.76 shoulder_lift.pos=-102.41 elbow_flex.pos=+89.45 wrist_flex.pos=+77.01 wrist_roll.pos=-0.11 gripper.pos=+1.14
DEBUG 2026-09-03 10:03:23 [action #42] t=2.34s step=41 queue=12 dmax=0.488 | shoulder_pan.pos=-4.64 shoulder_lift.pos=-102.04 elbow_flex.pos=+89.94 wrist_flex.pos=+77.10 wrist_roll.pos=-0.20 gripper.pos=+1.20
DEBUG 2026-09-03 10:03:23 [action #43] t=2.37s step=42 queue=11 dmax=0.607 | shoulder_pan.pos=-4.68 shoulder_lift.pos=-102.65 elbow_flex.pos=+89.92 wrist_flex.pos=+76.94 wrist_roll.pos=-0.13 gripper.pos=+1.13
DEBUG 2026-09-03 10:03:23 [action #44] t=2.41s step=43 queue=10 dmax=0.274 | shoulder_pan.pos=-4.65 shoulder_lift.pos=-102.37 elbow_flex.pos=+89.84 wrist_flex.pos=+77.07 wrist_roll.pos=-0.17 gripper.pos=+1.09
DEBUG 2026-09-03 10:03:24 [action #45] t=2.44s step=44 queue=9 dmax=0.389 | shoulder_pan.pos=-4.76 shoulder_lift.pos=-101.99 elbow_flex.pos=+89.74 wrist_flex.pos=+77.21 wrist_roll.pos=-0.04 gripper.pos=+1.13
DEBUG 2026-09-03 10:03:24 [action #46] t=2.47s step=45 queue=8 dmax=0.481 | shoulder_pan.pos=-4.53 shoulder_lift.pos=-102.47 elbow_flex.pos=+89.84 wrist_flex.pos=+76.96 wrist_roll.pos=-0.18 gripper.pos=+1.11
DEBUG 2026-09-03 10:03:24 [action #47] t=2.51s step=46 queue=7 dmax=0.341 | shoulder_pan.pos=-4.68 shoulder_lift.pos=-102.23 elbow_flex.pos=+89.50 wrist_flex.pos=+77.02 wrist_roll.pos=-0.16 gripper.pos=+1.12
DEBUG 2026-09-03 10:03:24 [action #48] t=2.54s step=47 queue=6 dmax=0.505 | shoulder_pan.pos=-4.76 shoulder_lift.pos=-102.20 elbow_flex.pos=+90.01 wrist_flex.pos=+77.17 wrist_roll.pos=-0.15 gripper.pos=+1.18
DEBUG 2026-09-03 10:03:24 [action #49] t=2.58s step=48 queue=5 dmax=0.161 | shoulder_pan.pos=-4.65 shoulder_lift.pos=-102.26 elbow_flex.pos=+89.84 wrist_flex.pos=+77.11 wrist_roll.pos=-0.13 gripper.pos=+1.31
DEBUG 2026-09-03 10:03:24 [action #50] t=2.61s step=49 queue=4 dmax=0.143 | shoulder_pan.pos=-4.64 shoulder_lift.pos=-102.34 elbow_flex.pos=+89.86 wrist_flex.pos=+77.01 wrist_roll.pos=-0.21 gripper.pos=+1.17
DEBUG 2026-09-03 10:03:24 [action #51] t=2.64s step=50 queue=3 dmax=0.437 | shoulder_pan.pos=-4.68 shoulder_lift.pos=-101.90 elbow_flex.pos=+89.90 wrist_flex.pos=+77.13 wrist_roll.pos=-0.17 gripper.pos=+1.15
DEBUG 2026-09-03 10:03:24 [action #52] t=2.68s step=51 queue=2 dmax=0.332 | shoulder_pan.pos=-4.64 shoulder_lift.pos=-102.24 elbow_flex.pos=+89.76 wrist_flex.pos=+77.17 wrist_roll.pos=-0.07 gripper.pos=+1.23
DEBUG 2026-09-03 10:03:24 [action #53] t=2.71s step=52 queue=1 dmax=0.193 | shoulder_pan.pos=-4.80 shoulder_lift.pos=-102.43 elbow_flex.pos=+89.78 wrist_flex.pos=+77.31 wrist_roll.pos=-0.15 gripper.pos=+1.30
DEBUG 2026-09-03 10:03:25 [chunk] received 50 actions, timesteps 52..101 | first: shoulder_pan.pos=-4.56 shoulder_lift.pos=-101.90 elbow_flex.pos=+89.03 wrist_flex.pos=+76.78 wrist_roll.pos=-0.24 gripper.pos=+1.27 | last: shoulder_pan.pos=-4.32 shoulder_lift.pos=-102.96 elbow_flex.pos=+89.60 wrist_flex.pos=+77.00 wrist_roll.pos=-0.32 gripper.pos=+1.33
DEBUG 2026-09-03 10:03:25 [action #54] t=3.61s step=53 queue=49 dmax=0.290 | shoulder_pan.pos=-4.59 shoulder_lift.pos=-102.14 elbow_flex.pos=+89.81 wrist_flex.pos=+77.19 wrist_roll.pos=-0.09 gripper.pos=+1.39
DEBUG 2026-09-03 10:03:25 [action #55] t=3.65s step=54 queue=48 dmax=0.377 | shoulder_pan.pos=-4.41 shoulder_lift.pos=-101.79 elbow_flex.pos=+89.43 wrist_flex.pos=+76.84 wrist_roll.pos=-0.23 gripper.pos=+1.34
DEBUG 2026-09-03 10:03:25 [action #56] t=3.68s step=55 queue=47 dmax=0.474 | shoulder_pan.pos=-4.50 shoulder_lift.pos=-101.31 elbow_flex.pos=+89.22 wrist_flex.pos=+77.01 wrist_roll.pos=-0.23 gripper.pos=+1.18
DEBUG 2026-09-03 10:03:25 [action #57] t=3.71s step=56 queue=46 dmax=0.490 | shoulder_pan.pos=-4.55 shoulder_lift.pos=-101.00 elbow_flex.pos=+89.71 wrist_flex.pos=+77.16 wrist_roll.pos=-0.26 gripper.pos=+1.27
DEBUG 2026-09-03 10:03:25 [action #58] t=3.75s step=57 queue=45 dmax=0.684 | shoulder_pan.pos=-4.41 shoulder_lift.pos=-101.69 elbow_flex.pos=+89.46 wrist_flex.pos=+77.01 wrist_roll.pos=-0.24 gripper.pos=+1.24
DEBUG 2026-09-03 10:03:25 [action #59] t=3.78s step=58 queue=44 dmax=0.314 | shoulder_pan.pos=-4.59 shoulder_lift.pos=-101.37 elbow_flex.pos=+89.39 wrist_flex.pos=+77.18 wrist_roll.pos=-0.19 gripper.pos=+1.20
DEBUG 2026-09-03 10:03:25 [action #60] t=3.81s step=59 queue=43 dmax=0.460 | shoulder_pan.pos=-4.72 shoulder_lift.pos=-100.91 elbow_flex.pos=+89.41 wrist_flex.pos=+76.95 wrist_roll.pos=-0.26 gripper.pos=+1.22
DEBUG 2026-09-03 10:03:25 [action #61] t=3.85s step=60 queue=42 dmax=1.153 | shoulder_pan.pos=-4.53 shoulder_lift.pos=-102.06 elbow_flex.pos=+89.49 wrist_flex.pos=+77.09 wrist_roll.pos=-0.22 gripper.pos=+1.16
DEBUG 2026-09-03 10:03:25 [action #62] t=3.88s step=61 queue=41 dmax=0.196 | shoulder_pan.pos=-4.63 shoulder_lift.pos=-102.08 elbow_flex.pos=+89.30 wrist_flex.pos=+77.25 wrist_roll.pos=-0.14 gripper.pos=+1.25
DEBUG 2026-09-03 10:03:25 [action #63] t=3.91s step=62 queue=40 dmax=0.328 | shoulder_pan.pos=-4.54 shoulder_lift.pos=-102.20 elbow_flex.pos=+89.63 wrist_flex.pos=+77.10 wrist_roll.pos=-0.22 gripper.pos=+1.23
DEBUG 2026-09-03 10:03:25 [action #64] t=3.95s step=63 queue=39 dmax=0.210 | shoulder_pan.pos=-4.33 shoulder_lift.pos=-102.15 elbow_flex.pos=+89.48 wrist_flex.pos=+77.26 wrist_roll.pos=-0.20 gripper.pos=+1.20
DEBUG 2026-09-03 10:03:25 [action #65] t=3.98s step=64 queue=38 dmax=0.431 | shoulder_pan.pos=-4.66 shoulder_lift.pos=-101.90 elbow_flex.pos=+89.05 wrist_flex.pos=+77.17 wrist_roll.pos=-0.20 gripper.pos=+1.12
DEBUG 2026-09-03 10:03:25 [action #66] t=4.01s step=65 queue=37 dmax=0.226 | shoulder_pan.pos=-4.43 shoulder_lift.pos=-101.71 elbow_flex.pos=+89.13 wrist_flex.pos=+77.12 wrist_roll.pos=-0.17 gripper.pos=+1.25
DEBUG 2026-09-03 10:03:25 [action #67] t=4.05s step=66 queue=36 dmax=0.686 | shoulder_pan.pos=-4.42 shoulder_lift.pos=-102.40 elbow_flex.pos=+88.49 wrist_flex.pos=+77.17 wrist_roll.pos=-0.14 gripper.pos=+1.30
DEBUG 2026-09-03 10:03:25 [action #68] t=4.08s step=67 queue=35 dmax=0.908 | shoulder_pan.pos=-4.54 shoulder_lift.pos=-102.54 elbow_flex.pos=+89.40 wrist_flex.pos=+77.15 wrist_roll.pos=-0.09 gripper.pos=+1.11
DEBUG 2026-09-03 10:03:25 [action #69] t=4.11s step=68 queue=34 dmax=0.247 | shoulder_pan.pos=-4.44 shoulder_lift.pos=-102.56 elbow_flex.pos=+89.15 wrist_flex.pos=+77.20 wrist_roll.pos=-0.16 gripper.pos=+1.23
DEBUG 2026-09-03 10:03:25 [action #70] t=4.15s step=69 queue=33 dmax=0.276 | shoulder_pan.pos=-4.41 shoulder_lift.pos=-102.40 elbow_flex.pos=+89.43 wrist_flex.pos=+77.13 wrist_roll.pos=-0.20 gripper.pos=+1.18
DEBUG 2026-09-03 10:03:25 [action #71] t=4.18s step=70 queue=32 dmax=0.170 | shoulder_pan.pos=-4.39 shoulder_lift.pos=-102.23 elbow_flex.pos=+89.37 wrist_flex.pos=+77.23 wrist_roll.pos=-0.31 gripper.pos=+1.24
DEBUG 2026-09-03 10:03:25 [action #72] t=4.21s step=71 queue=31 dmax=0.280 | shoulder_pan.pos=-4.38 shoulder_lift.pos=-102.39 elbow_flex.pos=+89.09 wrist_flex.pos=+77.06 wrist_roll.pos=-0.22 gripper.pos=+1.19
DEBUG 2026-09-03 10:03:25 [action #73] t=4.25s step=72 queue=30 dmax=0.442 | shoulder_pan.pos=-4.58 shoulder_lift.pos=-102.52 elbow_flex.pos=+89.53 wrist_flex.pos=+77.05 wrist_roll.pos=-0.28 gripper.pos=+1.26
DEBUG 2026-09-03 10:03:25 [action #74] t=4.28s step=73 queue=29 dmax=0.278 | shoulder_pan.pos=-4.41 shoulder_lift.pos=-102.36 elbow_flex.pos=+89.25 wrist_flex.pos=+77.18 wrist_roll.pos=-0.27 gripper.pos=+1.28
DEBUG 2026-09-03 10:03:25 [action #75] t=4.31s step=74 queue=28 dmax=0.330 | shoulder_pan.pos=-4.31 shoulder_lift.pos=-102.28 elbow_flex.pos=+88.92 wrist_flex.pos=+77.07 wrist_roll.pos=-0.30 gripper.pos=+1.34
DEBUG 2026-09-03 10:03:25 [action #76] t=4.35s step=75 queue=27 dmax=0.698 | shoulder_pan.pos=-4.42 shoulder_lift.pos=-102.11 elbow_flex.pos=+89.62 wrist_flex.pos=+77.08 wrist_roll.pos=-0.26 gripper.pos=+1.16
DEBUG 2026-09-03 10:03:25 [action #77] t=4.38s step=76 queue=26 dmax=0.513 | shoulder_pan.pos=-4.59 shoulder_lift.pos=-102.63 elbow_flex.pos=+89.35 wrist_flex.pos=+77.10 wrist_roll.pos=-0.20 gripper.pos=+1.25
DEBUG 2026-09-03 10:03:25 [action #78] t=4.41s step=77 queue=25 dmax=0.408 | shoulder_pan.pos=-4.27 shoulder_lift.pos=-102.22 elbow_flex.pos=+89.19 wrist_flex.pos=+77.11 wrist_roll.pos=-0.21 gripper.pos=+1.18
DEBUG 2026-09-03 10:03:26 [action #79] t=4.45s step=78 queue=24 dmax=0.469 | shoulder_pan.pos=-4.21 shoulder_lift.pos=-102.69 elbow_flex.pos=+89.16 wrist_flex.pos=+77.16 wrist_roll.pos=-0.19 gripper.pos=+1.18
DEBUG 2026-09-03 10:03:26 [action #80] t=4.48s step=79 queue=23 dmax=0.407 | shoulder_pan.pos=-4.59 shoulder_lift.pos=-102.28 elbow_flex.pos=+89.38 wrist_flex.pos=+77.23 wrist_roll.pos=-0.26 gripper.pos=+1.22
DEBUG 2026-09-03 10:03:26 [action #81] t=4.52s step=80 queue=22 dmax=0.273 | shoulder_pan.pos=-4.32 shoulder_lift.pos=-102.43 elbow_flex.pos=+89.47 wrist_flex.pos=+77.04 wrist_roll.pos=-0.24 gripper.pos=+1.25
DEBUG 2026-09-03 10:03:26 [action #82] t=4.55s step=81 queue=21 dmax=0.559 | shoulder_pan.pos=-4.61 shoulder_lift.pos=-101.87 elbow_flex.pos=+89.52 wrist_flex.pos=+77.08 wrist_roll.pos=-0.08 gripper.pos=+1.12
DEBUG 2026-09-03 10:03:26 [action #83] t=4.58s step=82 queue=20 dmax=0.767 | shoulder_pan.pos=-4.63 shoulder_lift.pos=-102.64 elbow_flex.pos=+89.56 wrist_flex.pos=+77.19 wrist_roll.pos=-0.18 gripper.pos=+1.30
DEBUG 2026-09-03 10:03:26 [action #84] t=4.62s step=83 queue=19 dmax=0.458 | shoulder_pan.pos=-4.75 shoulder_lift.pos=-102.69 elbow_flex.pos=+90.02 wrist_flex.pos=+77.18 wrist_roll.pos=-0.19 gripper.pos=+1.24
DEBUG 2026-09-03 10:03:26 [action #85] t=4.65s step=84 queue=18 dmax=0.455 | shoulder_pan.pos=-4.59 shoulder_lift.pos=-102.24 elbow_flex.pos=+89.58 wrist_flex.pos=+77.06 wrist_roll.pos=-0.22 gripper.pos=+1.30
DEBUG 2026-09-03 10:03:26 [action #86] t=4.68s step=85 queue=17 dmax=0.673 | shoulder_pan.pos=-4.50 shoulder_lift.pos=-102.41 elbow_flex.pos=+90.25 wrist_flex.pos=+77.06 wrist_roll.pos=-0.13 gripper.pos=+1.13
DEBUG 2026-09-03 10:03:26 [action #87] t=4.72s step=86 queue=16 dmax=0.820 | shoulder_pan.pos=-4.68 shoulder_lift.pos=-102.49 elbow_flex.pos=+89.43 wrist_flex.pos=+77.17 wrist_roll.pos=-0.22 gripper.pos=+1.13
DEBUG 2026-09-03 10:03:26 [action #88] t=4.75s step=87 queue=15 dmax=0.221 | shoulder_pan.pos=-4.54 shoulder_lift.pos=-102.27 elbow_flex.pos=+89.59 wrist_flex.pos=+77.11 wrist_roll.pos=-0.17 gripper.pos=+1.16
DEBUG 2026-09-03 10:03:26 [action #89] t=4.78s step=88 queue=14 dmax=0.350 | shoulder_pan.pos=-4.68 shoulder_lift.pos=-102.33 elbow_flex.pos=+89.94 wrist_flex.pos=+77.20 wrist_roll.pos=-0.30 gripper.pos=+1.09
DEBUG 2026-09-03 10:03:26 [action #90] t=4.82s step=89 queue=13 dmax=0.423 | shoulder_pan.pos=-4.27 shoulder_lift.pos=-101.91 elbow_flex.pos=+89.81 wrist_flex.pos=+77.02 wrist_roll.pos=-0.08 gripper.pos=+1.04
DEBUG 2026-09-03 10:03:26 [action #91] t=4.85s step=90 queue=12 dmax=0.456 | shoulder_pan.pos=-4.72 shoulder_lift.pos=-102.23 elbow_flex.pos=+89.35 wrist_flex.pos=+77.01 wrist_roll.pos=-0.25 gripper.pos=+1.20
DEBUG 2026-09-03 10:03:26 [action #92] t=4.88s step=91 queue=11 dmax=1.004 | shoulder_pan.pos=-4.66 shoulder_lift.pos=-102.56 elbow_flex.pos=+90.35 wrist_flex.pos=+77.10 wrist_roll.pos=-0.25 gripper.pos=+1.32
DEBUG 2026-09-03 10:03:26 [action #93] t=4.92s step=92 queue=10 dmax=0.938 | shoulder_pan.pos=-4.61 shoulder_lift.pos=-101.63 elbow_flex.pos=+89.65 wrist_flex.pos=+77.26 wrist_roll.pos=-0.23 gripper.pos=+1.12
DEBUG 2026-09-03 10:03:26 [action #94] t=4.95s step=93 queue=9 dmax=0.757 | shoulder_pan.pos=-4.56 shoulder_lift.pos=-102.38 elbow_flex.pos=+89.33 wrist_flex.pos=+77.16 wrist_roll.pos=-0.29 gripper.pos=+1.07
DEBUG 2026-09-03 10:03:26 [action #95] t=4.98s step=94 queue=8 dmax=0.401 | shoulder_pan.pos=-4.49 shoulder_lift.pos=-101.98 elbow_flex.pos=+89.03 wrist_flex.pos=+77.24 wrist_roll.pos=-0.11 gripper.pos=+1.11
DEBUG 2026-09-03 10:03:26 [action #96] t=5.02s step=95 queue=7 dmax=0.798 | shoulder_pan.pos=-4.50 shoulder_lift.pos=-102.78 elbow_flex.pos=+89.25 wrist_flex.pos=+77.14 wrist_roll.pos=-0.23 gripper.pos=+1.28
DEBUG 2026-09-03 10:03:26 [action #97] t=5.05s step=96 queue=6 dmax=0.834 | shoulder_pan.pos=-4.45 shoulder_lift.pos=-101.95 elbow_flex.pos=+89.74 wrist_flex.pos=+77.04 wrist_roll.pos=-0.21 gripper.pos=+1.25
DEBUG 2026-09-03 10:03:26 [action #98] t=5.08s step=97 queue=5 dmax=0.635 | shoulder_pan.pos=-4.58 shoulder_lift.pos=-102.05 elbow_flex.pos=+89.10 wrist_flex.pos=+76.91 wrist_roll.pos=-0.25 gripper.pos=+1.23
DEBUG 2026-09-03 10:03:26 [action #99] t=5.12s step=98 queue=4 dmax=0.408 | shoulder_pan.pos=-4.54 shoulder_lift.pos=-102.45 elbow_flex.pos=+88.88 wrist_flex.pos=+77.26 wrist_roll.pos=-0.25 gripper.pos=+1.34
DEBUG 2026-09-03 10:03:26 [action #100] t=5.15s step=99 queue=3 dmax=0.292 | shoulder_pan.pos=-4.50 shoulder_lift.pos=-102.16 elbow_flex.pos=+89.12 wrist_flex.pos=+77.08 wrist_roll.pos=-0.28 gripper.pos=+1.22
DEBUG 2026-09-03 10:03:26 [action #101] t=5.18s step=100 queue=2 dmax=0.276 | shoulder_pan.pos=-4.63 shoulder_lift.pos=-101.89 elbow_flex.pos=+88.92 wrist_flex.pos=+77.24 wrist_roll.pos=-0.22 gripper.pos=+1.30
DEBUG 2026-09-03 10:03:26 [action #102] t=5.22s step=101 queue=1 dmax=1.072 | shoulder_pan.pos=-4.32 shoulder_lift.pos=-102.96 elbow_flex.pos=+89.60 wrist_flex.pos=+77.00 wrist_roll.pos=-0.32 gripper.pos=+1.33
DEBUG 2026-09-03 10:03:27 [chunk] received 50 actions, timesteps 101..150 | first: shoulder_pan.pos=-4.39 shoulder_lift.pos=-102.17 elbow_flex.pos=+89.67 wrist_flex.pos=+76.88 wrist_roll.pos=-0.10 gripper.pos=+1.18 | last: shoulder_pan.pos=-4.50 shoulder_lift.pos=-102.83 elbow_flex.pos=+89.18 wrist_flex.pos=+77.25 wrist_roll.pos=-0.28 gripper.pos=+1.36
DEBUG 2026-09-03 10:03:27 [action #103] t=6.19s step=102 queue=49 dmax=0.297 | shoulder_pan.pos=-4.28 shoulder_lift.pos=-102.66 elbow_flex.pos=+89.51 wrist_flex.pos=+77.00 wrist_roll.pos=-0.18 gripper.pos=+1.30
DEBUG 2026-09-03 10:03:27 [action #104] t=6.22s step=103 queue=48 dmax=0.755 | shoulder_pan.pos=-4.45 shoulder_lift.pos=-101.91 elbow_flex.pos=+89.57 wrist_flex.pos=+77.16 wrist_roll.pos=-0.22 gripper.pos=+1.46
DEBUG 2026-09-03 10:03:27 [action #105] t=6.25s step=104 queue=47 dmax=0.493 | shoulder_pan.pos=-4.21 shoulder_lift.pos=-102.40 elbow_flex.pos=+89.67 wrist_flex.pos=+77.10 wrist_roll.pos=-0.34 gripper.pos=+1.25
DEBUG 2026-09-03 10:03:27 [action #106] t=6.29s step=105 queue=46 dmax=0.562 | shoulder_pan.pos=-4.47 shoulder_lift.pos=-101.84 elbow_flex.pos=+89.76 wrist_flex.pos=+77.23 wrist_roll.pos=-0.28 gripper.pos=+1.30
DEBUG 2026-09-03 10:03:27 [action #107] t=6.32s step=106 queue=45 dmax=0.397 | shoulder_pan.pos=-4.36 shoulder_lift.pos=-102.24 elbow_flex.pos=+89.62 wrist_flex.pos=+77.24 wrist_roll.pos=-0.25 gripper.pos=+1.37
DEBUG 2026-09-03 10:03:27 [action #108] t=6.35s step=107 queue=44 dmax=0.638 | shoulder_pan.pos=-4.41 shoulder_lift.pos=-102.11 elbow_flex.pos=+88.99 wrist_flex.pos=+77.19 wrist_roll.pos=-0.21 gripper.pos=+1.27
DEBUG 2026-09-03 10:03:27 [action #109] t=6.39s step=108 queue=43 dmax=0.599 | shoulder_pan.pos=-4.54 shoulder_lift.pos=-102.26 elbow_flex.pos=+89.59 wrist_flex.pos=+77.17 wrist_roll.pos=-0.33 gripper.pos=+1.30
DEBUG 2026-09-03 10:03:27 [action #110] t=6.42s step=109 queue=42 dmax=0.370 | shoulder_pan.pos=-4.31 shoulder_lift.pos=-101.89 elbow_flex.pos=+89.35 wrist_flex.pos=+77.11 wrist_roll.pos=-0.20 gripper.pos=+1.18
DEBUG 2026-09-03 10:03:28 [action #111] t=6.46s step=110 queue=41 dmax=0.320 | shoulder_pan.pos=-4.50 shoulder_lift.pos=-101.57 elbow_flex.pos=+89.58 wrist_flex.pos=+77.18 wrist_roll.pos=-0.29 gripper.pos=+1.25
DEBUG 2026-09-03 10:03:28 [action #112] t=6.49s step=111 queue=40 dmax=0.549 | shoulder_pan.pos=-4.38 shoulder_lift.pos=-102.12 elbow_flex.pos=+89.46 wrist_flex.pos=+77.37 wrist_roll.pos=-0.23 gripper.pos=+1.35
DEBUG 2026-09-03 10:03:28 [action #113] t=6.52s step=112 queue=39 dmax=0.234 | shoulder_pan.pos=-4.32 shoulder_lift.pos=-102.32 elbow_flex.pos=+89.57 wrist_flex.pos=+77.13 wrist_roll.pos=-0.20 gripper.pos=+1.22
DEBUG 2026-09-03 10:03:28 [action #114] t=6.56s step=113 queue=38 dmax=0.267 | shoulder_pan.pos=-4.45 shoulder_lift.pos=-102.59 elbow_flex.pos=+89.58 wrist_flex.pos=+76.99 wrist_roll.pos=-0.19 gripper.pos=+1.33
DEBUG 2026-09-03 10:03:28 [action #115] t=6.59s step=114 queue=37 dmax=0.570 | shoulder_pan.pos=-4.35 shoulder_lift.pos=-102.02 elbow_flex.pos=+89.28 wrist_flex.pos=+77.09 wrist_roll.pos=-0.21 gripper.pos=+1.18
DEBUG 2026-09-03 10:03:28 [action #116] t=6.62s step=115 queue=36 dmax=0.278 | shoulder_pan.pos=-4.31 shoulder_lift.pos=-102.30 elbow_flex.pos=+89.48 wrist_flex.pos=+77.22 wrist_roll.pos=-0.20 gripper.pos=+1.26
DEBUG 2026-09-03 10:03:28 [action #117] t=6.66s step=116 queue=35 dmax=0.555 | shoulder_pan.pos=-4.33 shoulder_lift.pos=-101.83 elbow_flex.pos=+88.92 wrist_flex.pos=+77.05 wrist_roll.pos=-0.21 gripper.pos=+1.34
DEBUG 2026-09-03 10:03:28 [action #118] t=6.69s step=117 queue=34 dmax=0.239 | shoulder_pan.pos=-4.51 shoulder_lift.pos=-101.90 elbow_flex.pos=+89.16 wrist_flex.pos=+77.15 wrist_roll.pos=-0.26 gripper.pos=+1.25
DEBUG 2026-09-03 10:03:28 [action #119] t=6.72s step=118 queue=33 dmax=0.250 | shoulder_pan.pos=-4.42 shoulder_lift.pos=-102.10 elbow_flex.pos=+88.91 wrist_flex.pos=+76.99 wrist_roll.pos=-0.20 gripper.pos=+1.26
DEBUG 2026-09-03 10:03:28 [action #120] t=6.76s step=119 queue=32 dmax=0.193 | shoulder_pan.pos=-4.37 shoulder_lift.pos=-102.29 elbow_flex.pos=+88.87 wrist_flex.pos=+77.03 wrist_roll.pos=-0.19 gripper.pos=+1.28
DEBUG 2026-09-03 10:03:28 [action #121] t=6.79s step=120 queue=31 dmax=0.872 | shoulder_pan.pos=-4.42 shoulder_lift.pos=-101.42 elbow_flex.pos=+88.75 wrist_flex.pos=+77.04 wrist_roll.pos=-0.14 gripper.pos=+1.22
DEBUG 2026-09-03 10:03:28 [action #122] t=6.82s step=121 queue=30 dmax=0.998 | shoulder_pan.pos=-4.41 shoulder_lift.pos=-102.41 elbow_flex.pos=+89.11 wrist_flex.pos=+77.14 wrist_roll.pos=-0.23 gripper.pos=+1.37
DEBUG 2026-09-03 10:03:28 [action #123] t=6.86s step=122 queue=29 dmax=0.253 | shoulder_pan.pos=-4.33 shoulder_lift.pos=-102.27 elbow_flex.pos=+89.37 wrist_flex.pos=+77.12 wrist_roll.pos=-0.28 gripper.pos=+1.28
DEBUG 2026-09-03 10:03:28 [action #124] t=6.89s step=123 queue=28 dmax=0.100 | shoulder_pan.pos=-4.39 shoulder_lift.pos=-102.17 elbow_flex.pos=+89.41 wrist_flex.pos=+77.22 wrist_roll.pos=-0.19 gripper.pos=+1.29
DEBUG 2026-09-03 10:03:28 [action #125] t=6.92s step=124 queue=27 dmax=0.528 | shoulder_pan.pos=-4.35 shoulder_lift.pos=-102.70 elbow_flex.pos=+89.59 wrist_flex.pos=+77.01 wrist_roll.pos=-0.22 gripper.pos=+1.22
DEBUG 2026-09-03 10:03:28 [action #126] t=6.96s step=125 queue=26 dmax=0.329 | shoulder_pan.pos=-4.32 shoulder_lift.pos=-102.37 elbow_flex.pos=+89.36 wrist_flex.pos=+77.10 wrist_roll.pos=-0.27 gripper.pos=+1.27
INFO 2026-09-03 10:03:32 Final action sent: shoulder_pan.pos=-4.32 shoulder_lift.pos=-102.37 elbow_flex.pos=+89.36 wrist_flex.pos=+77.10 wrist_roll.pos=-0.27 gripper.pos=+1.27
DEBUG 2026-09-03 10:03:32 === episode end | 11.0s | converged=True | actions=126 ===
