INFO 2026-09-10 02:36:38 strator.py:1394 Decomposing high-level prompt (round 1): 'put everything on the tray'
INFO 2026-09-10 02:36:38 strator.py:1113 Saved VLM frame: runs/run_2026-09-10_02-36-03/01/decompose_20260910_023638.png
  Generated 110 tokens in 9.6s (11.4 tok/s)
INFO 2026-09-10 02:36:48 pace/vlm.py:405 Identification tokens: 57
INFO 2026-09-10 02:36:48 estrator.py:766 Identified objects (5): ['plush toy', 'banana', 'chocolate bar', 'tray', 'table']
  Generated 90 tokens in 5.8s (15.4 tok/s)

Visible: ['plush toy', 'banana', 'chocolate bar', 'tray', 'table']
Excluded: []
Completed: []
Allowed: ['plush toy', 'banana', 'chocolate bar']

Parsed 3 sub-tasks:
  1. put the plush toy on the tray
  2. put the banana on the tray
  3. put the chocolate bar on the tray
INFO 2026-09-10 02:36:53 strator.py:1412 Sub-task queue (3):
INFO 2026-09-10 02:36:53 strator.py:1414   1. put the plush toy on the tray
INFO 2026-09-10 02:36:53 strator.py:1414   2. put the banana on the tray
INFO 2026-09-10 02:36:53 strator.py:1414   3. put the chocolate bar on the tray
INFO 2026-09-10 02:36:53 strator.py:1467 [1] Executing sub-task: 'put the plush toy on the tray' (1 retries left)
INFO 2026-09-10 02:36:53 nt_loop.py:1049 VLA inputs for this episode -> vla_failure_test/plush/162_plush/
INFO 2026-09-10 02:36:53 ent_loop.py:689 Control loop started | task: 'put the plush toy on the tray' | duration: 50.0s
INFO 2026-09-10 02:36:53 ent_loop.py:603 Action receiver thread started
  Generated 24 tokens in 3.5s (7.0 tok/s)
INFO 2026-09-10 02:37:03 estrator.py:629 [VLM MONITOR] CONTINUE (check 1): The arm is reaching toward the plush toy as instructed.
  Generated 24 tokens in 3.1s (7.7 tok/s)
INFO 2026-09-10 02:37:07 estrator.py:629 [VLM MONITOR] CONTINUE (check 2): The arm is reaching toward the plush toy as instructed.
  Generated 24 tokens in 2.9s (8.2 tok/s)
INFO 2026-09-10 02:37:10 estrator.py:629 [VLM MONITOR] CONTINUE (check 3): The arm is reaching toward the plush toy as instructed.
  Generated 24 tokens in 3.4s (7.0 tok/s)
INFO 2026-09-10 02:37:14 estrator.py:629 [VLM MONITOR] CONTINUE (check 4): The arm is reaching toward the plush toy as instructed.
  Generated 26 tokens in 3.2s (8.1 tok/s)
INFO 2026-09-10 02:37:17 estrator.py:629 [VLM MONITOR] CONTINUE (check 5): The arm is moving the plush toy toward the tray as instructed.
  Generated 30 tokens in 3.8s (7.9 tok/s)
INFO 2026-09-10 02:37:21 estrator.py:629 [VLM MONITOR] CONTINUE (check 6): The arm is in the process of placing the plush toy onto the tray as instructed.
  Generated 26 tokens in 2.0s (12.8 tok/s)
INFO 2026-09-10 02:37:23 estrator.py:629 [VLM MONITOR] CONTINUE (check 7): The arm is moving the plush toy toward the tray as instructed.
  Generated 26 tokens in 1.9s (13.5 tok/s)
INFO 2026-09-10 02:37:26 estrator.py:629 [VLM MONITOR] CONTINUE (check 8): The arm is moving the plush toy toward the tray as instructed.
  Generated 26 tokens in 2.0s (13.2 tok/s)
INFO 2026-09-10 02:37:28 estrator.py:629 [VLM MONITOR] CONTINUE (check 9): The arm is moving the plush toy toward the tray as instructed.
  Generated 26 tokens in 1.9s (13.4 tok/s)
INFO 2026-09-10 02:37:30 estrator.py:629 [VLM MONITOR] CONTINUE (check 10): The arm is moving the plush toy toward the tray as instructed.
INFO 2026-09-10 02:37:30 ent_loop.py:913 Episode finished: 36.7s, converged=True, max_displacement=204.5891, actions=705
  Generated 26 tokens in 2.0s (13.2 tok/s)
INFO 2026-09-10 02:37:32 estrator.py:629 [VLM MONITOR] CONTINUE (check 11): The arm is moving the plush toy toward the tray as instructed.
INFO 2026-09-10 02:37:32 estrator.py:574 Monitor completed 11 check(s) for 'put the plush toy on the tray'
INFO 2026-09-10 02:37:32 ent_loop.py:409 Returning to home position...
INFO 2026-09-10 02:37:34 ent_loop.py:422 Home position reached.
INFO 2026-09-10 02:37:37 strator.py:1143 Saved VLM eval recap (32 frames): runs/run_2026-09-10_02-36-03/01/eval_task1_20260910_023734_recap.png
INFO 2026-09-10 02:37:37 strator.py:1583 Evaluation observation: video clip (32 frames over 27.6s of a 36.7s episode, 1.12 fps)
  Generated 22 tokens in 2.0s (11.2 tok/s)
INFO 2026-09-10 02:37:39 strator.py:1625 VLM judgement: success=True | failure_type=RETRY | The plush toy is now on the tray as instructed.
INFO 2026-09-10 02:37:39 strator.py:1467 [2] Executing sub-task: 'put the banana on the tray' (1 retries left)
INFO 2026-09-10 02:37:39 nt_loop.py:1049 VLA inputs for this episode -> vla_failure_test/banana/163_banana/
INFO 2026-09-10 02:37:39 ent_loop.py:689 Control loop started | task: 'put the banana on the tray' | duration: 50.0s
INFO 2026-09-10 02:37:39 ent_loop.py:603 Action receiver thread started
  Generated 34 tokens in 2.5s (13.6 tok/s)
INFO 2026-09-10 02:37:48 estrator.py:629 [VLM MONITOR] CONTINUE (check 1): The arm is stationary and appears to be in a starting position, likely preparing to move toward the banana.
INFO 2026-09-10 02:37:50 ent_loop.py:913 Episode finished: 11.2s, converged=True, max_displacement=2.4650, actions=108
  Generated 34 tokens in 2.5s (13.8 tok/s)
INFO 2026-09-10 02:37:51 estrator.py:629 [VLM MONITOR] CONTINUE (check 2): The arm is stationary and appears to be in a starting position, likely preparing to move toward the banana.
INFO 2026-09-10 02:37:51 estrator.py:574 Monitor completed 2 check(s) for 'put the banana on the tray'
INFO 2026-09-10 02:37:51 ent_loop.py:409 Returning to home position...
INFO 2026-09-10 02:37:53 ent_loop.py:422 Home position reached.
WARNING 2026-09-10 02:37:53 strator.py:1550 No movement detected (max_displacement=2.4650). The object name 'banana' is likely not in the robot's vocabulary.
INFO 2026-09-10 02:37:55 strator.py:1143 Saved VLM eval recap (32 frames): runs/run_2026-09-10_02-36-03/01/eval_task2_20260910_023753_recap.png
INFO 2026-09-10 02:37:55 strator.py:1583 Evaluation observation: video clip (32 frames over 6.0s of a 11.2s episode, 5.18 fps)
  Generated 21 tokens in 2.1s (9.8 tok/s)
INFO 2026-09-10 02:37:58 strator.py:1625 VLM judgement: success=True | failure_type=RETRY | The banana is already on the tray as instructed.
INFO 2026-09-10 02:37:58 strator.py:1467 [3] Executing sub-task: 'put the chocolate bar on the tray' (1 retries left)
INFO 2026-09-10 02:37:58 nt_loop.py:1049 VLA inputs for this episode -> vla_failure_test/chocolate/164_chocolate/
INFO 2026-09-10 02:37:58 ent_loop.py:689 Control loop started | task: 'put the chocolate bar on the tray' | duration: 50.0s
INFO 2026-09-10 02:37:58 ent_loop.py:603 Action receiver thread started
  Generated 37 tokens in 2.8s (13.3 tok/s)
INFO 2026-09-10 02:38:07 estrator.py:629 [VLM MONITOR] CONTINUE (check 1): The arm has not moved much yet and appears to be starting up, which is normal at the beginning of a task.
INFO 2026-09-10 02:38:09 ent_loop.py:913 Episode finished: 11.3s, converged=True, max_displacement=2.1492, actions=126
  Generated 35 tokens in 2.5s (14.0 tok/s)
INFO 2026-09-10 02:38:09 estrator.py:629 [VLM MONITOR] CONTINUE (check 2): The arm is stationary and appears to be in a starting position, likely preparing to move toward the chocolate bar.
INFO 2026-09-10 02:38:09 estrator.py:574 Monitor completed 2 check(s) for 'put the chocolate bar on the tray'
INFO 2026-09-10 02:38:09 ent_loop.py:409 Returning to home position...
[INTERJECT] SKIP requested — stopping current action...
INFO 2026-09-10 02:38:12 ent_loop.py:422 Home position reached.
INFO 2026-09-10 02:38:12 strator.py:1523 User skipped sub-task: 'put the chocolate bar on the tray' (1 attempt(s) left)
INFO 2026-09-10 02:38:12 strator.py:1467 [3] Executing sub-task: 'put the chocolate bar on the tray' (0 retries left)
INFO 2026-09-10 02:38:12 nt_loop.py:1049 VLA inputs for this episode -> vla_failure_test/chocolate/165_chocolate/
INFO 2026-09-10 02:38:12 ent_loop.py:689 Control loop started | task: 'put the chocolate bar on the tray' | duration: 50.0s
INFO 2026-09-10 02:38:12 ent_loop.py:603 Action receiver thread started
[INTERJECT] ABORT requested — stopping current action...
  Generated 35 tokens in 2.6s (13.7 tok/s)
INFO 2026-09-10 02:38:20 estrator.py:629 [VLM MONITOR] CONTINUE (check 1): The arm is stationary and appears to be in a starting position, likely preparing to move toward the chocolate bar.
INFO 2026-09-10 02:38:21 ent_loop.py:913 Episode finished: 9.1s, converged=False, max_displacement=2.8618, actions=102
  Generated 35 tokens in 2.5s (13.9 tok/s)
INFO 2026-09-10 02:38:23 estrator.py:629 [VLM MONITOR] CONTINUE (check 2): The arm is stationary and appears to be in a starting position, likely preparing to move toward the chocolate bar.
INFO 2026-09-10 02:38:23 estrator.py:574 Monitor completed 2 check(s) for 'put the chocolate bar on the tray'
WARNING 2026-09-10 02:38:23 strator.py:1385 ABORT requested during sub-task 'put the chocolate bar on the tray' — abandoning high-level task 'put everything on the tray' and returning to the prompt.
INFO 2026-09-10 02:38:23 ent_loop.py:409 Returning to home position...
INFO 2026-09-10 02:38:25 ent_loop.py:422 Home position reached.
INFO 2026-09-10 02:38:25 strator.py:1672   Completed before the abort: ['put the plush toy on the tray', 'put the banana on the tray']
