DEBUG 2026-09-03 09:07:54 === episode start | task: 'put the bag on the tray' | duration: 50.0s ===
DEBUG 2026-09-03 09:07:55 [chunk] dropped stale chunk (ts0=419 > max_sent=0)
DEBUG 2026-09-03 09:07:56 [chunk] received 50 actions, timesteps 0..49 | first: shoulder_pan.pos=-4.94 shoulder_lift.pos=-101.70 elbow_flex.pos=+88.38 wrist_flex.pos=+75.19 wrist_roll.pos=-0.20 gripper.pos=+1.20 | last: shoulder_pan.pos=-6.07 shoulder_lift.pos=-100.78 elbow_flex.pos=+80.90 wrist_flex.pos=+72.98 wrist_roll.pos=-1.94 gripper.pos=+0.89
DEBUG 2026-09-03 09:07:56 [action #1] t=1.87s step=0 queue=50 dmax=n/a | shoulder_pan.pos=-4.94 shoulder_lift.pos=-101.70 elbow_flex.pos=+88.38 wrist_flex.pos=+75.19 wrist_roll.pos=-0.20 gripper.pos=+1.20
DEBUG 2026-09-03 09:07:56 [action #2] t=1.91s step=1 queue=49 dmax=0.301 | shoulder_pan.pos=-5.01 shoulder_lift.pos=-101.40 elbow_flex.pos=+88.42 wrist_flex.pos=+74.95 wrist_roll.pos=-0.31 gripper.pos=+1.02
DEBUG 2026-09-03 09:07:56 [action #3] t=1.94s step=2 queue=48 dmax=0.422 | shoulder_pan.pos=-5.06 shoulder_lift.pos=-101.82 elbow_flex.pos=+88.39 wrist_flex.pos=+75.08 wrist_roll.pos=-0.35 gripper.pos=+1.13
DEBUG 2026-09-03 09:07:56 [action #4] t=1.97s step=3 queue=47 dmax=0.368 | shoulder_pan.pos=-5.02 shoulder_lift.pos=-101.46 elbow_flex.pos=+88.20 wrist_flex.pos=+74.98 wrist_roll.pos=-0.43 gripper.pos=+0.99
DEBUG 2026-09-03 09:07:56 [action #5] t=2.01s step=4 queue=46 dmax=0.110 | shoulder_pan.pos=-5.12 shoulder_lift.pos=-101.44 elbow_flex.pos=+88.25 wrist_flex.pos=+74.94 wrist_roll.pos=-0.45 gripper.pos=+1.10
DEBUG 2026-09-03 09:07:56 [action #6] t=2.04s step=5 queue=45 dmax=0.585 | shoulder_pan.pos=-5.10 shoulder_lift.pos=-101.72 elbow_flex.pos=+87.67 wrist_flex.pos=+75.04 wrist_roll.pos=-0.48 gripper.pos=+0.98
DEBUG 2026-09-03 09:07:56 [action #7] t=2.07s step=6 queue=44 dmax=0.377 | shoulder_pan.pos=-5.35 shoulder_lift.pos=-102.09 elbow_flex.pos=+87.96 wrist_flex.pos=+75.15 wrist_roll.pos=-0.67 gripper.pos=+0.91
DEBUG 2026-09-03 09:07:56 [action #8] t=2.11s step=7 queue=43 dmax=0.639 | shoulder_pan.pos=-5.22 shoulder_lift.pos=-101.45 elbow_flex.pos=+88.14 wrist_flex.pos=+75.04 wrist_roll.pos=-0.80 gripper.pos=+0.92
DEBUG 2026-09-03 09:07:56 [action #9] t=2.14s step=8 queue=42 dmax=0.426 | shoulder_pan.pos=-5.21 shoulder_lift.pos=-101.79 elbow_flex.pos=+87.72 wrist_flex.pos=+74.97 wrist_roll.pos=-1.23 gripper.pos=+0.90
DEBUG 2026-09-03 09:07:56 [action #10] t=2.17s step=9 queue=41 dmax=0.470 | shoulder_pan.pos=-5.39 shoulder_lift.pos=-101.91 elbow_flex.pos=+87.52 wrist_flex.pos=+74.84 wrist_roll.pos=-1.70 gripper.pos=+0.91
DEBUG 2026-09-03 09:07:56 [action #11] t=2.21s step=10 queue=40 dmax=0.718 | shoulder_pan.pos=-5.18 shoulder_lift.pos=-102.12 elbow_flex.pos=+87.09 wrist_flex.pos=+74.42 wrist_roll.pos=-2.41 gripper.pos=+0.94
DEBUG 2026-09-03 09:07:56 [action #12] t=2.24s step=11 queue=39 dmax=0.790 | shoulder_pan.pos=-5.13 shoulder_lift.pos=-101.84 elbow_flex.pos=+86.85 wrist_flex.pos=+74.14 wrist_roll.pos=-3.20 gripper.pos=+0.97
DEBUG 2026-09-03 09:07:56 [action #13] t=2.27s step=12 queue=38 dmax=0.583 | shoulder_pan.pos=-5.40 shoulder_lift.pos=-102.27 elbow_flex.pos=+87.43 wrist_flex.pos=+73.78 wrist_roll.pos=-3.65 gripper.pos=+0.87
DEBUG 2026-09-03 09:07:56 [action #14] t=2.31s step=13 queue=37 dmax=0.699 | shoulder_pan.pos=-5.39 shoulder_lift.pos=-101.80 elbow_flex.pos=+86.74 wrist_flex.pos=+73.43 wrist_roll.pos=-3.64 gripper.pos=+1.00
DEBUG 2026-09-03 09:07:57 [action #15] t=2.34s step=14 queue=36 dmax=0.216 | shoulder_pan.pos=-5.57 shoulder_lift.pos=-101.77 elbow_flex.pos=+86.58 wrist_flex.pos=+73.22 wrist_roll.pos=-3.66 gripper.pos=+0.98
DEBUG 2026-09-03 09:07:57 [action #16] t=2.37s step=15 queue=35 dmax=0.459 | shoulder_pan.pos=-5.37 shoulder_lift.pos=-102.00 elbow_flex.pos=+86.73 wrist_flex.pos=+72.96 wrist_roll.pos=-3.20 gripper.pos=+0.85
DEBUG 2026-09-03 09:07:57 [action #17] t=2.41s step=16 queue=34 dmax=0.356 | shoulder_pan.pos=-5.72 shoulder_lift.pos=-102.21 elbow_flex.pos=+86.88 wrist_flex.pos=+72.64 wrist_roll.pos=-2.97 gripper.pos=+0.90
DEBUG 2026-09-03 09:07:57 [action #18] t=2.44s step=17 queue=33 dmax=0.592 | shoulder_pan.pos=-5.53 shoulder_lift.pos=-101.62 elbow_flex.pos=+86.67 wrist_flex.pos=+72.55 wrist_roll.pos=-2.63 gripper.pos=+0.90
DEBUG 2026-09-03 09:07:57 [action #19] t=2.47s step=18 queue=32 dmax=0.341 | shoulder_pan.pos=-5.62 shoulder_lift.pos=-101.73 elbow_flex.pos=+86.99 wrist_flex.pos=+72.30 wrist_roll.pos=-2.29 gripper.pos=+0.98
DEBUG 2026-09-03 09:07:57 [action #20] t=2.51s step=19 queue=31 dmax=0.422 | shoulder_pan.pos=-5.44 shoulder_lift.pos=-101.98 elbow_flex.pos=+87.42 wrist_flex.pos=+71.99 wrist_roll.pos=-2.28 gripper.pos=+0.98
DEBUG 2026-09-03 09:07:57 [action #21] t=2.54s step=20 queue=30 dmax=0.796 | shoulder_pan.pos=-5.51 shoulder_lift.pos=-101.53 elbow_flex.pos=+86.62 wrist_flex.pos=+72.06 wrist_roll.pos=-2.08 gripper.pos=+0.92
DEBUG 2026-09-03 09:07:57 [action #22] t=2.58s step=21 queue=29 dmax=1.126 | shoulder_pan.pos=-5.54 shoulder_lift.pos=-101.98 elbow_flex.pos=+87.75 wrist_flex.pos=+71.77 wrist_roll.pos=-2.10 gripper.pos=+0.89
DEBUG 2026-09-03 09:07:57 [action #23] t=2.61s step=22 queue=28 dmax=0.342 | shoulder_pan.pos=-5.60 shoulder_lift.pos=-102.32 elbow_flex.pos=+87.47 wrist_flex.pos=+71.93 wrist_roll.pos=-1.96 gripper.pos=+1.01
DEBUG 2026-09-03 09:07:57 [action #24] t=2.64s step=23 queue=27 dmax=0.997 | shoulder_pan.pos=-5.50 shoulder_lift.pos=-101.65 elbow_flex.pos=+86.48 wrist_flex.pos=+71.65 wrist_roll.pos=-1.97 gripper.pos=+0.91
DEBUG 2026-09-03 09:07:57 [action #25] t=2.68s step=24 queue=26 dmax=0.151 | shoulder_pan.pos=-5.59 shoulder_lift.pos=-101.80 elbow_flex.pos=+86.47 wrist_flex.pos=+71.67 wrist_roll.pos=-1.96 gripper.pos=+0.92
DEBUG 2026-09-03 09:07:57 [action #26] t=2.71s step=25 queue=25 dmax=0.234 | shoulder_pan.pos=-5.64 shoulder_lift.pos=-101.89 elbow_flex.pos=+86.53 wrist_flex.pos=+71.44 wrist_roll.pos=-1.88 gripper.pos=+0.84
DEBUG 2026-09-03 09:07:57 [action #27] t=2.74s step=26 queue=24 dmax=0.208 | shoulder_pan.pos=-5.52 shoulder_lift.pos=-102.10 elbow_flex.pos=+86.56 wrist_flex.pos=+71.45 wrist_roll.pos=-1.89 gripper.pos=+0.93
DEBUG 2026-09-03 09:07:57 [action #28] t=2.78s step=27 queue=23 dmax=0.363 | shoulder_pan.pos=-5.65 shoulder_lift.pos=-102.26 elbow_flex.pos=+86.92 wrist_flex.pos=+71.39 wrist_roll.pos=-1.82 gripper.pos=+0.89
DEBUG 2026-09-03 09:07:57 [action #29] t=2.81s step=28 queue=22 dmax=1.172 | shoulder_pan.pos=-5.44 shoulder_lift.pos=-101.83 elbow_flex.pos=+85.75 wrist_flex.pos=+71.57 wrist_roll.pos=-1.77 gripper.pos=+0.97
DEBUG 2026-09-03 09:07:57 [action #30] t=2.84s step=29 queue=21 dmax=0.123 | shoulder_pan.pos=-5.56 shoulder_lift.pos=-101.86 elbow_flex.pos=+85.76 wrist_flex.pos=+71.54 wrist_roll.pos=-1.80 gripper.pos=+0.93
DEBUG 2026-09-03 09:07:57 [action #31] t=2.88s step=30 queue=20 dmax=0.443 | shoulder_pan.pos=-5.61 shoulder_lift.pos=-102.31 elbow_flex.pos=+86.11 wrist_flex.pos=+71.56 wrist_roll.pos=-1.77 gripper.pos=+0.91
DEBUG 2026-09-03 09:07:57 [chunk] received 50 actions, timesteps 3..52 | first: shoulder_pan.pos=-4.94 shoulder_lift.pos=-100.52 elbow_flex.pos=+87.66 wrist_flex.pos=+71.12 wrist_roll.pos=-0.22 gripper.pos=+1.11 | last: shoulder_pan.pos=-7.11 shoulder_lift.pos=-98.05 elbow_flex.pos=+73.73 wrist_flex.pos=+72.82 wrist_roll.pos=-3.81 gripper.pos=+0.81
DEBUG 2026-09-03 09:07:57 [action #32] t=2.91s step=31 queue=22 dmax=3.461 | shoulder_pan.pos=-6.77 shoulder_lift.pos=-100.90 elbow_flex.pos=+82.65 wrist_flex.pos=+70.13 wrist_roll.pos=-1.41 gripper.pos=+0.87
DEBUG 2026-09-03 09:07:57 [action #33] t=2.94s step=32 queue=21 dmax=0.331 | shoulder_pan.pos=-6.73 shoulder_lift.pos=-101.13 elbow_flex.pos=+82.32 wrist_flex.pos=+70.36 wrist_roll.pos=-1.29 gripper.pos=+0.83
DEBUG 2026-09-03 09:07:57 [action #34] t=2.98s step=33 queue=20 dmax=0.193 | shoulder_pan.pos=-6.77 shoulder_lift.pos=-101.25 elbow_flex.pos=+82.37 wrist_flex.pos=+70.55 wrist_roll.pos=-1.34 gripper.pos=+0.89
DEBUG 2026-09-03 09:07:57 [action #35] t=3.01s step=34 queue=19 dmax=0.658 | shoulder_pan.pos=-6.76 shoulder_lift.pos=-101.38 elbow_flex.pos=+81.72 wrist_flex.pos=+70.90 wrist_roll.pos=-1.24 gripper.pos=+0.91
DEBUG 2026-09-03 09:07:57 [action #36] t=3.04s step=35 queue=18 dmax=0.245 | shoulder_pan.pos=-6.72 shoulder_lift.pos=-101.20 elbow_flex.pos=+81.79 wrist_flex.pos=+71.14 wrist_roll.pos=-1.20 gripper.pos=+0.90
DEBUG 2026-09-03 09:07:57 [action #37] t=3.08s step=36 queue=17 dmax=1.304 | shoulder_pan.pos=-6.53 shoulder_lift.pos=-100.82 elbow_flex.pos=+80.48 wrist_flex.pos=+71.37 wrist_roll.pos=-1.23 gripper.pos=+0.92
DEBUG 2026-09-03 09:07:57 [action #38] t=3.11s step=37 queue=16 dmax=0.381 | shoulder_pan.pos=-6.87 shoulder_lift.pos=-100.61 elbow_flex.pos=+80.25 wrist_flex.pos=+71.76 wrist_roll.pos=-1.31 gripper.pos=+0.83
DEBUG 2026-09-03 09:07:57 [action #39] t=3.14s step=38 queue=15 dmax=0.455 | shoulder_pan.pos=-6.81 shoulder_lift.pos=-100.55 elbow_flex.pos=+79.80 wrist_flex.pos=+72.10 wrist_roll.pos=-1.22 gripper.pos=+0.74
DEBUG 2026-09-03 09:07:57 [action #40] t=3.18s step=39 queue=14 dmax=0.439 | shoulder_pan.pos=-6.72 shoulder_lift.pos=-100.65 elbow_flex.pos=+79.36 wrist_flex.pos=+72.29 wrist_roll.pos=-1.31 gripper.pos=+0.82
DEBUG 2026-09-03 09:07:57 [action #41] t=3.21s step=40 queue=13 dmax=0.254 | shoulder_pan.pos=-6.83 shoulder_lift.pos=-100.76 elbow_flex.pos=+79.42 wrist_flex.pos=+72.55 wrist_roll.pos=-1.22 gripper.pos=+0.82
DEBUG 2026-09-03 09:07:57 [action #42] t=3.24s step=41 queue=12 dmax=0.539 | shoulder_pan.pos=-6.74 shoulder_lift.pos=-100.22 elbow_flex.pos=+79.49 wrist_flex.pos=+72.64 wrist_roll.pos=-1.24 gripper.pos=+0.80
DEBUG 2026-09-03 09:07:57 [action #43] t=3.28s step=42 queue=11 dmax=0.178 | shoulder_pan.pos=-6.82 shoulder_lift.pos=-100.40 elbow_flex.pos=+79.32 wrist_flex.pos=+72.71 wrist_roll.pos=-1.39 gripper.pos=+0.79
DEBUG 2026-09-03 09:07:57 [action #44] t=3.31s step=43 queue=10 dmax=0.826 | shoulder_pan.pos=-6.55 shoulder_lift.pos=-100.69 elbow_flex.pos=+78.49 wrist_flex.pos=+72.63 wrist_roll.pos=-1.61 gripper.pos=+0.71
DEBUG 2026-09-03 09:07:58 [action #45] t=3.34s step=44 queue=9 dmax=0.845 | shoulder_pan.pos=-6.64 shoulder_lift.pos=-100.10 elbow_flex.pos=+77.87 wrist_flex.pos=+72.30 wrist_roll.pos=-2.45 gripper.pos=+0.79
DEBUG 2026-09-03 09:07:58 [action #46] t=3.38s step=45 queue=8 dmax=0.937 | shoulder_pan.pos=-6.58 shoulder_lift.pos=-100.23 elbow_flex.pos=+77.44 wrist_flex.pos=+72.42 wrist_roll.pos=-3.39 gripper.pos=+0.71
DEBUG 2026-09-03 09:07:58 [action #47] t=3.41s step=46 queue=7 dmax=0.839 | shoulder_pan.pos=-6.75 shoulder_lift.pos=-100.30 elbow_flex.pos=+76.60 wrist_flex.pos=+72.47 wrist_roll.pos=-3.70 gripper.pos=+0.70
DEBUG 2026-09-03 09:07:58 [action #48] t=3.44s step=47 queue=6 dmax=0.550 | shoulder_pan.pos=-6.76 shoulder_lift.pos=-99.75 elbow_flex.pos=+76.51 wrist_flex.pos=+72.61 wrist_roll.pos=-3.68 gripper.pos=+0.69
DEBUG 2026-09-03 09:07:58 [action #49] t=3.48s step=48 queue=5 dmax=0.211 | shoulder_pan.pos=-6.80 shoulder_lift.pos=-99.79 elbow_flex.pos=+76.30 wrist_flex.pos=+72.79 wrist_roll.pos=-3.63 gripper.pos=+0.68
DEBUG 2026-09-03 09:07:58 [action #50] t=3.51s step=49 queue=4 dmax=0.335 | shoulder_pan.pos=-6.76 shoulder_lift.pos=-99.82 elbow_flex.pos=+75.97 wrist_flex.pos=+72.80 wrist_roll.pos=-3.59 gripper.pos=+0.76
DEBUG 2026-09-03 09:07:58 [action #51] t=3.54s step=50 queue=3 dmax=1.586 | shoulder_pan.pos=-7.13 shoulder_lift.pos=-98.61 elbow_flex.pos=+74.38 wrist_flex.pos=+72.79 wrist_roll.pos=-3.89 gripper.pos=+0.77
DEBUG 2026-09-03 09:07:58 [action #52] t=3.58s step=51 queue=2 dmax=0.475 | shoulder_pan.pos=-6.98 shoulder_lift.pos=-99.05 elbow_flex.pos=+73.90 wrist_flex.pos=+72.93 wrist_roll.pos=-3.88 gripper.pos=+0.73
DEBUG 2026-09-03 09:07:58 [action #53] t=3.61s step=52 queue=1 dmax=1.003 | shoulder_pan.pos=-7.11 shoulder_lift.pos=-98.05 elbow_flex.pos=+73.73 wrist_flex.pos=+72.82 wrist_roll.pos=-3.81 gripper.pos=+0.81
DEBUG 2026-09-03 09:07:58 [chunk] received 50 actions, timesteps 30..79 | first: shoulder_pan.pos=-5.28 shoulder_lift.pos=-101.08 elbow_flex.pos=+84.14 wrist_flex.pos=+71.85 wrist_roll.pos=-2.46 gripper.pos=+1.10 | last: shoulder_pan.pos=-7.53 shoulder_lift.pos=-64.14 elbow_flex.pos=+58.36 wrist_flex.pos=+67.09 wrist_roll.pos=-3.63 gripper.pos=+0.74
DEBUG 2026-09-03 09:07:58 [action #54] t=3.81s step=53 queue=27 dmax=5.110 | shoulder_pan.pos=-9.03 shoulder_lift.pos=-101.03 elbow_flex.pos=+78.84 wrist_flex.pos=+70.12 wrist_roll.pos=-2.66 gripper.pos=+0.81
DEBUG 2026-09-03 09:07:58 [action #55] t=3.85s step=54 queue=26 dmax=0.479 | shoulder_pan.pos=-8.66 shoulder_lift.pos=-101.00 elbow_flex.pos=+78.36 wrist_flex.pos=+69.93 wrist_roll.pos=-2.74 gripper.pos=+0.73
DEBUG 2026-09-03 09:07:58 [action #56] t=3.88s step=55 queue=25 dmax=0.631 | shoulder_pan.pos=-8.59 shoulder_lift.pos=-100.42 elbow_flex.pos=+77.73 wrist_flex.pos=+70.03 wrist_roll.pos=-2.64 gripper.pos=+0.68
DEBUG 2026-09-03 09:07:58 [action #57] t=3.91s step=56 queue=24 dmax=0.275 | shoulder_pan.pos=-8.32 shoulder_lift.pos=-100.18 elbow_flex.pos=+77.81 wrist_flex.pos=+69.83 wrist_roll.pos=-2.69 gripper.pos=+0.85
DEBUG 2026-09-03 09:07:58 [action #58] t=3.95s step=57 queue=23 dmax=0.196 | shoulder_pan.pos=-8.51 shoulder_lift.pos=-100.16 elbow_flex.pos=+77.82 wrist_flex.pos=+70.02 wrist_roll.pos=-2.63 gripper.pos=+0.77
DEBUG 2026-09-03 09:07:58 [action #59] t=3.98s step=58 queue=22 dmax=1.046 | shoulder_pan.pos=-8.55 shoulder_lift.pos=-99.12 elbow_flex.pos=+77.33 wrist_flex.pos=+70.03 wrist_roll.pos=-2.69 gripper.pos=+0.76
DEBUG 2026-09-03 09:07:58 [action #60] t=4.01s step=59 queue=21 dmax=0.769 | shoulder_pan.pos=-8.01 shoulder_lift.pos=-98.35 elbow_flex.pos=+77.06 wrist_flex.pos=+69.59 wrist_roll.pos=-2.62 gripper.pos=+0.77
DEBUG 2026-09-03 09:07:58 [action #61] t=4.05s step=60 queue=20 dmax=1.160 | shoulder_pan.pos=-8.05 shoulder_lift.pos=-97.19 elbow_flex.pos=+76.56 wrist_flex.pos=+69.48 wrist_roll.pos=-2.65 gripper.pos=+1.03
DEBUG 2026-09-03 09:07:58 [action #62] t=4.08s step=61 queue=19 dmax=1.839 | shoulder_pan.pos=-7.81 shoulder_lift.pos=-95.35 elbow_flex.pos=+75.86 wrist_flex.pos=+69.26 wrist_roll.pos=-2.69 gripper.pos=+0.70
DEBUG 2026-09-03 09:07:58 [action #63] t=4.11s step=62 queue=18 dmax=2.488 | shoulder_pan.pos=-8.14 shoulder_lift.pos=-92.86 elbow_flex.pos=+74.78 wrist_flex.pos=+68.78 wrist_roll.pos=-2.73 gripper.pos=+0.81
DEBUG 2026-09-03 09:07:58 [action #64] t=4.15s step=63 queue=17 dmax=1.879 | shoulder_pan.pos=-8.04 shoulder_lift.pos=-90.98 elbow_flex.pos=+74.22 wrist_flex.pos=+68.56 wrist_roll.pos=-2.78 gripper.pos=+0.72
DEBUG 2026-09-03 09:07:58 [action #65] t=4.18s step=64 queue=16 dmax=3.031 | shoulder_pan.pos=-8.02 shoulder_lift.pos=-87.95 elbow_flex.pos=+72.98 wrist_flex.pos=+68.06 wrist_roll.pos=-2.94 gripper.pos=+0.59
DEBUG 2026-09-03 09:07:58 [action #66] t=4.21s step=65 queue=15 dmax=2.814 | shoulder_pan.pos=-8.03 shoulder_lift.pos=-85.14 elbow_flex.pos=+71.33 wrist_flex.pos=+67.58 wrist_roll.pos=-3.03 gripper.pos=+0.72
DEBUG 2026-09-03 09:07:58 [action #67] t=4.25s step=66 queue=14 dmax=2.886 | shoulder_pan.pos=-7.69 shoulder_lift.pos=-82.25 elbow_flex.pos=+69.63 wrist_flex.pos=+67.23 wrist_roll.pos=-3.10 gripper.pos=+0.76
DEBUG 2026-09-03 09:07:58 [action #68] t=4.28s step=67 queue=13 dmax=2.240 | shoulder_pan.pos=-7.40 shoulder_lift.pos=-80.01 elbow_flex.pos=+68.57 wrist_flex.pos=+66.87 wrist_roll.pos=-3.04 gripper.pos=+0.80
DEBUG 2026-09-03 09:07:58 [action #69] t=4.31s step=68 queue=12 dmax=2.116 | shoulder_pan.pos=-7.78 shoulder_lift.pos=-77.89 elbow_flex.pos=+68.06 wrist_flex.pos=+66.85 wrist_roll.pos=-3.25 gripper.pos=+0.68
DEBUG 2026-09-03 09:07:59 [action #70] t=4.35s step=69 queue=11 dmax=1.742 | shoulder_pan.pos=-7.29 shoulder_lift.pos=-76.15 elbow_flex.pos=+66.56 wrist_flex.pos=+66.71 wrist_roll.pos=-3.23 gripper.pos=+0.56
DEBUG 2026-09-03 09:07:59 [action #71] t=4.38s step=70 queue=10 dmax=1.194 | shoulder_pan.pos=-7.46 shoulder_lift.pos=-74.96 elbow_flex.pos=+65.37 wrist_flex.pos=+66.97 wrist_roll.pos=-3.32 gripper.pos=+0.62
DEBUG 2026-09-03 09:07:59 [action #72] t=4.41s step=71 queue=9 dmax=1.361 | shoulder_pan.pos=-7.02 shoulder_lift.pos=-73.60 elbow_flex.pos=+64.81 wrist_flex.pos=+66.73 wrist_roll.pos=-3.40 gripper.pos=+0.90
DEBUG 2026-09-03 09:07:59 [action #73] t=4.45s step=72 queue=8 dmax=1.513 | shoulder_pan.pos=-7.24 shoulder_lift.pos=-72.09 elbow_flex.pos=+63.87 wrist_flex.pos=+66.66 wrist_roll.pos=-3.42 gripper.pos=+0.71
DEBUG 2026-09-03 09:07:59 [action #74] t=4.48s step=73 queue=7 dmax=0.514 | shoulder_pan.pos=-6.95 shoulder_lift.pos=-71.96 elbow_flex.pos=+63.35 wrist_flex.pos=+66.73 wrist_roll.pos=-3.36 gripper.pos=+0.72
DEBUG 2026-09-03 09:07:59 [action #75] t=4.51s step=74 queue=6 dmax=1.657 | shoulder_pan.pos=-7.11 shoulder_lift.pos=-70.30 elbow_flex.pos=+62.74 wrist_flex.pos=+67.03 wrist_roll.pos=-3.38 gripper.pos=+0.77
DEBUG 2026-09-03 09:07:59 [action #76] t=4.55s step=75 queue=5 dmax=0.820 | shoulder_pan.pos=-7.17 shoulder_lift.pos=-69.48 elbow_flex.pos=+62.30 wrist_flex.pos=+66.96 wrist_roll.pos=-3.50 gripper.pos=+0.75
DEBUG 2026-09-03 09:07:59 [action #77] t=4.58s step=76 queue=4 dmax=1.482 | shoulder_pan.pos=-7.27 shoulder_lift.pos=-68.42 elbow_flex.pos=+60.82 wrist_flex.pos=+67.06 wrist_roll.pos=-3.50 gripper.pos=+0.77
DEBUG 2026-09-03 09:07:59 [action #78] t=4.61s step=77 queue=3 dmax=1.377 | shoulder_pan.pos=-7.14 shoulder_lift.pos=-67.05 elbow_flex.pos=+60.31 wrist_flex.pos=+67.15 wrist_roll.pos=-3.45 gripper.pos=+0.93
DEBUG 2026-09-03 09:07:59 [action #79] t=4.65s step=78 queue=2 dmax=1.408 | shoulder_pan.pos=-7.43 shoulder_lift.pos=-65.64 elbow_flex.pos=+60.08 wrist_flex.pos=+67.28 wrist_roll.pos=-3.55 gripper.pos=+0.64
DEBUG 2026-09-03 09:07:59 [action #80] t=4.68s step=79 queue=1 dmax=1.722 | shoulder_pan.pos=-7.53 shoulder_lift.pos=-64.14 elbow_flex.pos=+58.36 wrist_flex.pos=+67.09 wrist_roll.pos=-3.63 gripper.pos=+0.74
DEBUG 2026-09-03 09:07:59 [chunk] received 50 actions, timesteps 52..101 | first: shoulder_pan.pos=-6.97 shoulder_lift.pos=-91.59 elbow_flex.pos=+70.89 wrist_flex.pos=+71.83 wrist_roll.pos=-3.71 gripper.pos=+0.74 | last: shoulder_pan.pos=-10.46 shoulder_lift.pos=-32.29 elbow_flex.pos=+42.56 wrist_flex.pos=+74.92 wrist_roll.pos=-6.10 gripper.pos=+32.40
DEBUG 2026-09-03 09:07:59 [action #81] t=4.72s step=80 queue=22 dmax=19.496 | shoulder_pan.pos=-8.10 shoulder_lift.pos=-44.64 elbow_flex.pos=+46.64 wrist_flex.pos=+72.09 wrist_roll.pos=-7.16 gripper.pos=+19.69
DEBUG 2026-09-03 09:07:59 [action #82] t=4.75s step=81 queue=21 dmax=1.908 | shoulder_pan.pos=-8.02 shoulder_lift.pos=-44.26 elbow_flex.pos=+46.50 wrist_flex.pos=+72.54 wrist_roll.pos=-6.81 gripper.pos=+21.59
DEBUG 2026-09-03 09:07:59 [action #83] t=4.78s step=82 queue=20 dmax=1.573 | shoulder_pan.pos=-8.04 shoulder_lift.pos=-43.14 elbow_flex.pos=+45.74 wrist_flex.pos=+73.17 wrist_roll.pos=-6.82 gripper.pos=+23.17
DEBUG 2026-09-03 09:07:59 [action #84] t=4.82s step=83 queue=19 dmax=1.099 | shoulder_pan.pos=-8.44 shoulder_lift.pos=-42.36 elbow_flex.pos=+45.38 wrist_flex.pos=+73.88 wrist_roll.pos=-6.82 gripper.pos=+24.27
DEBUG 2026-09-03 09:07:59 [action #85] t=4.85s step=84 queue=18 dmax=1.160 | shoulder_pan.pos=-8.54 shoulder_lift.pos=-42.36 elbow_flex.pos=+45.30 wrist_flex.pos=+74.19 wrist_roll.pos=-6.78 gripper.pos=+25.43
DEBUG 2026-09-03 09:07:59 [action #86] t=4.88s step=85 queue=17 dmax=0.957 | shoulder_pan.pos=-8.47 shoulder_lift.pos=-41.42 elbow_flex.pos=+45.78 wrist_flex.pos=+74.42 wrist_roll.pos=-6.64 gripper.pos=+26.38
DEBUG 2026-09-03 09:07:59 [action #87] t=4.92s step=86 queue=16 dmax=1.195 | shoulder_pan.pos=-8.66 shoulder_lift.pos=-40.39 elbow_flex.pos=+44.58 wrist_flex.pos=+74.45 wrist_roll.pos=-6.60 gripper.pos=+27.23
DEBUG 2026-09-03 09:07:59 [action #88] t=4.95s step=87 queue=15 dmax=0.705 | shoulder_pan.pos=-8.50 shoulder_lift.pos=-40.47 elbow_flex.pos=+45.29 wrist_flex.pos=+74.73 wrist_roll.pos=-6.50 gripper.pos=+27.81
DEBUG 2026-09-03 09:07:59 [action #89] t=4.98s step=88 queue=14 dmax=1.231 | shoulder_pan.pos=-8.79 shoulder_lift.pos=-39.23 elbow_flex.pos=+44.52 wrist_flex.pos=+75.22 wrist_roll.pos=-6.51 gripper.pos=+28.56
DEBUG 2026-09-03 09:07:59 [action #90] t=5.02s step=89 queue=13 dmax=0.974 | shoulder_pan.pos=-9.14 shoulder_lift.pos=-38.51 elbow_flex.pos=+44.03 wrist_flex.pos=+75.51 wrist_roll.pos=-6.57 gripper.pos=+29.53
DEBUG 2026-09-03 09:07:59 [action #91] t=5.05s step=90 queue=12 dmax=0.787 | shoulder_pan.pos=-9.06 shoulder_lift.pos=-39.10 elbow_flex.pos=+43.40 wrist_flex.pos=+76.13 wrist_roll.pos=-6.69 gripper.pos=+30.32
DEBUG 2026-09-03 09:07:59 [action #92] t=5.08s step=91 queue=11 dmax=1.343 | shoulder_pan.pos=-9.53 shoulder_lift.pos=-37.76 elbow_flex.pos=+43.06 wrist_flex.pos=+76.24 wrist_roll.pos=-6.72 gripper.pos=+31.20
DEBUG 2026-09-03 09:07:59 [action #93] t=5.12s step=92 queue=10 dmax=0.515 | shoulder_pan.pos=-9.54 shoulder_lift.pos=-37.24 elbow_flex.pos=+42.85 wrist_flex.pos=+76.44 wrist_roll.pos=-6.56 gripper.pos=+31.40
DEBUG 2026-09-03 09:07:59 [action #94] t=5.15s step=93 queue=9 dmax=0.324 | shoulder_pan.pos=-9.79 shoulder_lift.pos=-37.04 elbow_flex.pos=+42.52 wrist_flex.pos=+76.23 wrist_roll.pos=-6.51 gripper.pos=+31.41
DEBUG 2026-09-03 09:07:59 [action #95] t=5.18s step=94 queue=8 dmax=0.861 | shoulder_pan.pos=-9.87 shoulder_lift.pos=-36.18 elbow_flex.pos=+42.30 wrist_flex.pos=+76.25 wrist_roll.pos=-6.64 gripper.pos=+31.30
DEBUG 2026-09-03 09:07:59 [action #96] t=5.22s step=95 queue=7 dmax=0.205 | shoulder_pan.pos=-9.95 shoulder_lift.pos=-35.97 elbow_flex.pos=+42.46 wrist_flex.pos=+76.05 wrist_roll.pos=-6.62 gripper.pos=+31.20
DEBUG 2026-09-03 09:07:59 [action #97] t=5.25s step=96 queue=6 dmax=0.596 | shoulder_pan.pos=-10.20 shoulder_lift.pos=-35.38 elbow_flex.pos=+42.07 wrist_flex.pos=+76.05 wrist_roll.pos=-6.56 gripper.pos=+31.08
DEBUG 2026-09-03 09:07:59 [action #98] t=5.28s step=97 queue=5 dmax=0.940 | shoulder_pan.pos=-10.17 shoulder_lift.pos=-35.91 elbow_flex.pos=+43.01 wrist_flex.pos=+75.67 wrist_roll.pos=-6.58 gripper.pos=+31.18
DEBUG 2026-09-03 09:07:59 [action #99] t=5.32s step=98 queue=4 dmax=1.786 | shoulder_pan.pos=-10.31 shoulder_lift.pos=-34.12 elbow_flex.pos=+42.50 wrist_flex.pos=+75.62 wrist_roll.pos=-6.44 gripper.pos=+31.47
DEBUG 2026-09-03 09:08:00 [action #100] t=5.35s step=99 queue=3 dmax=0.271 | shoulder_pan.pos=-10.35 shoulder_lift.pos=-33.85 elbow_flex.pos=+42.64 wrist_flex.pos=+75.50 wrist_roll.pos=-6.32 gripper.pos=+31.68
DEBUG 2026-09-03 09:08:00 [action #101] t=5.38s step=100 queue=2 dmax=0.605 | shoulder_pan.pos=-10.54 shoulder_lift.pos=-33.25 elbow_flex.pos=+42.86 wrist_flex.pos=+75.29 wrist_roll.pos=-6.26 gripper.pos=+32.04
DEBUG 2026-09-03 09:08:00 [action #102] t=5.42s step=101 queue=1 dmax=0.952 | shoulder_pan.pos=-10.46 shoulder_lift.pos=-32.29 elbow_flex.pos=+42.56 wrist_flex.pos=+74.92 wrist_roll.pos=-6.10 gripper.pos=+32.40
DEBUG 2026-09-03 09:08:00 [chunk] received 50 actions, timesteps 79..128 | first: shoulder_pan.pos=-7.43 shoulder_lift.pos=-63.14 elbow_flex.pos=+59.76 wrist_flex.pos=+67.23 wrist_roll.pos=-3.84 gripper.pos=+1.53 | last: shoulder_pan.pos=-9.78 shoulder_lift.pos=-21.64 elbow_flex.pos=+40.51 wrist_flex.pos=+69.38 wrist_roll.pos=-3.37 gripper.pos=+35.79
DEBUG 2026-09-03 09:08:00 [action #103] t=5.59s step=102 queue=27 dmax=7.841 | shoulder_pan.pos=-9.64 shoulder_lift.pos=-39.63 elbow_flex.pos=+45.31 wrist_flex.pos=+70.67 wrist_roll.pos=-4.77 gripper.pos=+24.56
DEBUG 2026-09-03 09:08:00 [action #104] t=5.62s step=103 queue=26 dmax=1.530 | shoulder_pan.pos=-9.54 shoulder_lift.pos=-39.48 elbow_flex.pos=+45.13 wrist_flex.pos=+71.06 wrist_roll.pos=-4.75 gripper.pos=+26.09
DEBUG 2026-09-03 09:08:00 [action #105] t=5.65s step=104 queue=25 dmax=1.460 | shoulder_pan.pos=-9.34 shoulder_lift.pos=-38.02 elbow_flex.pos=+45.01 wrist_flex.pos=+70.95 wrist_roll.pos=-4.73 gripper.pos=+26.81
DEBUG 2026-09-03 09:08:00 [action #106] t=5.69s step=105 queue=24 dmax=0.769 | shoulder_pan.pos=-9.60 shoulder_lift.pos=-37.25 elbow_flex.pos=+44.25 wrist_flex.pos=+71.23 wrist_roll.pos=-4.75 gripper.pos=+27.40
DEBUG 2026-09-03 09:08:00 [action #107] t=5.72s step=106 queue=23 dmax=0.774 | shoulder_pan.pos=-9.44 shoulder_lift.pos=-37.16 elbow_flex.pos=+44.71 wrist_flex.pos=+71.24 wrist_roll.pos=-4.75 gripper.pos=+28.17
DEBUG 2026-09-03 09:08:00 [action #108] t=5.75s step=107 queue=22 dmax=0.622 | shoulder_pan.pos=-9.38 shoulder_lift.pos=-36.99 elbow_flex.pos=+45.33 wrist_flex.pos=+71.32 wrist_roll.pos=-4.85 gripper.pos=+28.72
DEBUG 2026-09-03 09:08:00 [action #109] t=5.79s step=108 queue=21 dmax=1.509 | shoulder_pan.pos=-9.45 shoulder_lift.pos=-35.48 elbow_flex.pos=+44.27 wrist_flex.pos=+71.60 wrist_roll.pos=-4.88 gripper.pos=+29.64
DEBUG 2026-09-03 09:08:00 [action #110] t=5.82s step=109 queue=20 dmax=1.261 | shoulder_pan.pos=-9.52 shoulder_lift.pos=-36.50 elbow_flex.pos=+44.84 wrist_flex.pos=+71.88 wrist_roll.pos=-4.90 gripper.pos=+30.90
DEBUG 2026-09-03 09:08:00 [action #111] t=5.85s step=110 queue=19 dmax=1.568 | shoulder_pan.pos=-9.63 shoulder_lift.pos=-35.75 elbow_flex.pos=+44.44 wrist_flex.pos=+72.16 wrist_roll.pos=-4.71 gripper.pos=+32.46
DEBUG 2026-09-03 09:08:00 [action #112] t=5.89s step=111 queue=18 dmax=0.994 | shoulder_pan.pos=-9.06 shoulder_lift.pos=-35.23 elbow_flex.pos=+44.74 wrist_flex.pos=+72.33 wrist_roll.pos=-4.77 gripper.pos=+33.46
DEBUG 2026-09-03 09:08:00 [action #113] t=5.92s step=112 queue=17 dmax=0.835 | shoulder_pan.pos=-9.51 shoulder_lift.pos=-34.39 elbow_flex.pos=+44.86 wrist_flex.pos=+72.35 wrist_roll.pos=-4.85 gripper.pos=+34.02
DEBUG 2026-09-03 09:08:00 [action #114] t=5.95s step=113 queue=16 dmax=0.188 | shoulder_pan.pos=-9.63 shoulder_lift.pos=-34.58 elbow_flex.pos=+44.84 wrist_flex.pos=+72.33 wrist_roll.pos=-4.73 gripper.pos=+34.14
DEBUG 2026-09-03 09:08:00 [action #115] t=5.99s step=114 queue=15 dmax=0.346 | shoulder_pan.pos=-9.28 shoulder_lift.pos=-34.60 elbow_flex.pos=+44.92 wrist_flex.pos=+72.23 wrist_roll.pos=-4.80 gripper.pos=+34.00
DEBUG 2026-09-03 09:08:00 [action #116] t=6.02s step=115 queue=14 dmax=0.582 | shoulder_pan.pos=-9.63 shoulder_lift.pos=-34.01 elbow_flex.pos=+44.42 wrist_flex.pos=+72.22 wrist_roll.pos=-4.76 gripper.pos=+33.69
DEBUG 2026-09-03 09:08:00 [action #117] t=6.05s step=116 queue=13 dmax=0.350 | shoulder_pan.pos=-9.52 shoulder_lift.pos=-34.19 elbow_flex.pos=+44.26 wrist_flex.pos=+71.87 wrist_roll.pos=-4.64 gripper.pos=+33.52
DEBUG 2026-09-03 09:08:00 [action #118] t=6.09s step=117 queue=12 dmax=0.320 | shoulder_pan.pos=-9.56 shoulder_lift.pos=-33.87 elbow_flex.pos=+44.06 wrist_flex.pos=+71.55 wrist_roll.pos=-4.57 gripper.pos=+33.44
DEBUG 2026-09-03 09:08:00 [action #119] t=6.12s step=118 queue=11 dmax=1.591 | shoulder_pan.pos=-9.55 shoulder_lift.pos=-32.28 elbow_flex.pos=+43.84 wrist_flex.pos=+71.28 wrist_roll.pos=-4.56 gripper.pos=+33.45
DEBUG 2026-09-03 09:08:00 [action #120] t=6.15s step=119 queue=10 dmax=0.509 | shoulder_pan.pos=-9.62 shoulder_lift.pos=-32.30 elbow_flex.pos=+44.35 wrist_flex.pos=+71.11 wrist_roll.pos=-4.47 gripper.pos=+33.60
DEBUG 2026-09-03 09:08:00 [action #121] t=6.19s step=120 queue=9 dmax=0.920 | shoulder_pan.pos=-9.75 shoulder_lift.pos=-31.82 elbow_flex.pos=+43.43 wrist_flex.pos=+70.70 wrist_roll.pos=-4.52 gripper.pos=+33.83
DEBUG 2026-09-03 09:08:00 [action #122] t=6.22s step=121 queue=8 dmax=1.152 | shoulder_pan.pos=-9.71 shoulder_lift.pos=-30.67 elbow_flex.pos=+43.34 wrist_flex.pos=+70.25 wrist_roll.pos=-4.44 gripper.pos=+33.98
DEBUG 2026-09-03 09:08:00 [action #123] t=6.25s step=122 queue=7 dmax=1.087 | shoulder_pan.pos=-9.78 shoulder_lift.pos=-29.58 elbow_flex.pos=+42.80 wrist_flex.pos=+70.21 wrist_roll.pos=-4.19 gripper.pos=+34.18
DEBUG 2026-09-03 09:08:00 [action #124] t=6.29s step=123 queue=6 dmax=1.202 | shoulder_pan.pos=-9.74 shoulder_lift.pos=-28.87 elbow_flex.pos=+41.59 wrist_flex.pos=+69.81 wrist_roll.pos=-4.03 gripper.pos=+34.44
DEBUG 2026-09-03 09:08:00 [action #125] t=6.32s step=124 queue=5 dmax=1.722 | shoulder_pan.pos=-9.67 shoulder_lift.pos=-27.14 elbow_flex.pos=+42.29 wrist_flex.pos=+69.93 wrist_roll.pos=-3.72 gripper.pos=+34.73
DEBUG 2026-09-03 09:08:01 [action #126] t=6.35s step=125 queue=4 dmax=0.589 | shoulder_pan.pos=-9.91 shoulder_lift.pos=-26.55 elbow_flex.pos=+42.40 wrist_flex.pos=+69.44 wrist_roll.pos=-3.60 gripper.pos=+35.01
DEBUG 2026-09-03 09:08:01 [action #127] t=6.39s step=126 queue=3 dmax=1.478 | shoulder_pan.pos=-9.76 shoulder_lift.pos=-25.08 elbow_flex.pos=+41.25 wrist_flex.pos=+69.44 wrist_roll.pos=-3.45 gripper.pos=+35.40
DEBUG 2026-09-03 09:08:01 [action #128] t=6.42s step=127 queue=2 dmax=1.585 | shoulder_pan.pos=-10.00 shoulder_lift.pos=-23.49 elbow_flex.pos=+39.88 wrist_flex.pos=+69.30 wrist_roll.pos=-3.42 gripper.pos=+35.62
DEBUG 2026-09-03 09:08:01 [action #129] t=6.45s step=128 queue=1 dmax=1.848 | shoulder_pan.pos=-9.78 shoulder_lift.pos=-21.64 elbow_flex.pos=+40.51 wrist_flex.pos=+69.38 wrist_roll.pos=-3.37 gripper.pos=+35.79
DEBUG 2026-09-03 09:08:01 [chunk] received 50 actions, timesteps 101..150 | first: shoulder_pan.pos=-10.83 shoulder_lift.pos=-29.58 elbow_flex.pos=+42.28 wrist_flex.pos=+74.29 wrist_roll.pos=-7.04 gripper.pos=+34.29 | last: shoulder_pan.pos=-9.72 shoulder_lift.pos=+2.45 elbow_flex.pos=+27.57 wrist_flex.pos=+70.93 wrist_roll.pos=-5.40 gripper.pos=+9.99
DEBUG 2026-09-03 09:08:01 [action #130] t=6.55s step=129 queue=22 dmax=17.749 | shoulder_pan.pos=-11.39 shoulder_lift.pos=-3.89 elbow_flex.pos=+32.90 wrist_flex.pos=+68.79 wrist_roll.pos=-5.66 gripper.pos=+37.48
DEBUG 2026-09-03 09:08:01 [action #131] t=6.59s step=130 queue=21 dmax=1.129 | shoulder_pan.pos=-10.73 shoulder_lift.pos=-2.77 elbow_flex.pos=+32.29 wrist_flex.pos=+68.82 wrist_roll.pos=-5.63 gripper.pos=+37.40
DEBUG 2026-09-03 09:08:01 [action #132] t=6.62s step=131 queue=20 dmax=0.808 | shoulder_pan.pos=-11.14 shoulder_lift.pos=-2.53 elbow_flex.pos=+31.49 wrist_flex.pos=+69.03 wrist_roll.pos=-5.56 gripper.pos=+37.46
DEBUG 2026-09-03 09:08:01 [action #133] t=6.65s step=132 queue=19 dmax=1.514 | shoulder_pan.pos=-10.78 shoulder_lift.pos=-1.02 elbow_flex.pos=+31.38 wrist_flex.pos=+69.32 wrist_roll.pos=-5.58 gripper.pos=+37.33
DEBUG 2026-09-03 09:08:01 [action #134] t=6.69s step=133 queue=18 dmax=0.852 | shoulder_pan.pos=-10.85 shoulder_lift.pos=-0.17 elbow_flex.pos=+31.10 wrist_flex.pos=+69.32 wrist_roll.pos=-5.59 gripper.pos=+37.57
DEBUG 2026-09-03 09:08:01 [action #135] t=6.72s step=134 queue=17 dmax=1.067 | shoulder_pan.pos=-10.83 shoulder_lift.pos=+0.90 elbow_flex.pos=+30.44 wrist_flex.pos=+69.56 wrist_roll.pos=-5.48 gripper.pos=+37.45
DEBUG 2026-09-03 09:08:01 [action #136] t=6.76s step=135 queue=16 dmax=0.739 | shoulder_pan.pos=-10.40 shoulder_lift.pos=+1.13 elbow_flex.pos=+29.70 wrist_flex.pos=+69.54 wrist_roll.pos=-5.54 gripper.pos=+37.57
DEBUG 2026-09-03 09:08:01 [action #137] t=6.79s step=136 queue=15 dmax=1.103 | shoulder_pan.pos=-10.69 shoulder_lift.pos=+2.24 elbow_flex.pos=+29.92 wrist_flex.pos=+69.77 wrist_roll.pos=-5.59 gripper.pos=+37.65
DEBUG 2026-09-03 09:08:01 [action #138] t=6.82s step=137 queue=14 dmax=0.418 | shoulder_pan.pos=-10.58 shoulder_lift.pos=+2.65 elbow_flex.pos=+29.66 wrist_flex.pos=+70.14 wrist_roll.pos=-5.52 gripper.pos=+37.66
DEBUG 2026-09-03 09:08:01 [action #139] t=6.86s step=138 queue=13 dmax=0.794 | shoulder_pan.pos=-10.63 shoulder_lift.pos=+3.45 elbow_flex.pos=+29.22 wrist_flex.pos=+70.11 wrist_roll.pos=-5.60 gripper.pos=+37.55
DEBUG 2026-09-03 09:08:01 [action #140] t=6.89s step=139 queue=12 dmax=0.538 | shoulder_pan.pos=-10.71 shoulder_lift.pos=+3.84 elbow_flex.pos=+29.57 wrist_flex.pos=+70.37 wrist_roll.pos=-5.54 gripper.pos=+37.01
DEBUG 2026-09-03 09:08:01 [action #141] t=6.92s step=140 queue=11 dmax=1.556 | shoulder_pan.pos=-10.43 shoulder_lift.pos=+4.16 elbow_flex.pos=+28.97 wrist_flex.pos=+70.59 wrist_roll.pos=-5.61 gripper.pos=+35.45
DEBUG 2026-09-03 09:08:01 [action #142] t=6.96s step=141 queue=10 dmax=2.522 | shoulder_pan.pos=-10.29 shoulder_lift.pos=+3.97 elbow_flex.pos=+29.04 wrist_flex.pos=+70.67 wrist_roll.pos=-5.57 gripper.pos=+32.93
DEBUG 2026-09-03 09:08:01 [action #143] t=6.99s step=142 queue=9 dmax=2.870 | shoulder_pan.pos=-10.19 shoulder_lift.pos=+3.86 elbow_flex.pos=+29.18 wrist_flex.pos=+70.83 wrist_roll.pos=-5.50 gripper.pos=+30.06
DEBUG 2026-09-03 09:08:01 [action #144] t=7.02s step=143 queue=8 dmax=2.977 | shoulder_pan.pos=-10.37 shoulder_lift.pos=+4.02 elbow_flex.pos=+29.34 wrist_flex.pos=+70.66 wrist_roll.pos=-5.49 gripper.pos=+27.09
DEBUG 2026-09-03 09:08:01 [action #145] t=7.06s step=144 queue=7 dmax=2.842 | shoulder_pan.pos=-10.24 shoulder_lift.pos=+3.84 elbow_flex.pos=+28.49 wrist_flex.pos=+71.03 wrist_roll.pos=-5.59 gripper.pos=+24.24
DEBUG 2026-09-03 09:08:01 [action #146] t=7.09s step=145 queue=6 dmax=3.226 | shoulder_pan.pos=-9.58 shoulder_lift.pos=+3.58 elbow_flex.pos=+28.81 wrist_flex.pos=+70.78 wrist_roll.pos=-5.45 gripper.pos=+21.02
DEBUG 2026-09-03 09:08:01 [action #147] t=7.12s step=146 queue=5 dmax=2.921 | shoulder_pan.pos=-9.78 shoulder_lift.pos=+3.13 elbow_flex.pos=+28.29 wrist_flex.pos=+70.87 wrist_roll.pos=-5.43 gripper.pos=+18.10
DEBUG 2026-09-03 09:08:01 [action #148] t=7.16s step=147 queue=4 dmax=2.755 | shoulder_pan.pos=-9.59 shoulder_lift.pos=+3.28 elbow_flex.pos=+27.88 wrist_flex.pos=+70.67 wrist_roll.pos=-5.32 gripper.pos=+15.34
DEBUG 2026-09-03 09:08:01 [action #149] t=7.19s step=148 queue=3 dmax=2.397 | shoulder_pan.pos=-9.73 shoulder_lift.pos=+2.12 elbow_flex.pos=+27.67 wrist_flex.pos=+70.77 wrist_roll.pos=-5.39 gripper.pos=+12.95
DEBUG 2026-09-03 09:08:01 [action #150] t=7.22s step=149 queue=2 dmax=1.766 | shoulder_pan.pos=-9.73 shoulder_lift.pos=+2.49 elbow_flex.pos=+28.32 wrist_flex.pos=+70.77 wrist_roll.pos=-5.33 gripper.pos=+11.18
DEBUG 2026-09-03 09:08:01 [action #151] t=7.26s step=150 queue=1 dmax=1.189 | shoulder_pan.pos=-9.72 shoulder_lift.pos=+2.45 elbow_flex.pos=+27.57 wrist_flex.pos=+70.93 wrist_roll.pos=-5.40 gripper.pos=+9.99
DEBUG 2026-09-03 09:08:02 [chunk] received 50 actions, timesteps 128..177 | first: shoulder_pan.pos=-9.66 shoulder_lift.pos=-21.14 elbow_flex.pos=+42.02 wrist_flex.pos=+69.31 wrist_roll.pos=-3.94 gripper.pos=+35.01 | last: shoulder_pan.pos=-9.96 shoulder_lift.pos=+0.14 elbow_flex.pos=+22.56 wrist_flex.pos=+76.85 wrist_roll.pos=-5.17 gripper.pos=+9.55
DEBUG 2026-09-03 09:08:02 [action #152] t=7.39s step=151 queue=27 dmax=27.255 | shoulder_pan.pos=-9.88 shoulder_lift.pos=+0.96 elbow_flex.pos=+32.63 wrist_flex.pos=+67.91 wrist_roll.pos=-4.33 gripper.pos=+37.24
DEBUG 2026-09-03 09:08:02 [action #153] t=7.42s step=152 queue=26 dmax=1.162 | shoulder_pan.pos=-9.96 shoulder_lift.pos=+2.12 elbow_flex.pos=+32.36 wrist_flex.pos=+67.69 wrist_roll.pos=-4.21 gripper.pos=+37.27
DEBUG 2026-09-03 09:08:02 [action #154] t=7.46s step=153 queue=25 dmax=0.712 | shoulder_pan.pos=-9.61 shoulder_lift.pos=+2.24 elbow_flex.pos=+31.65 wrist_flex.pos=+67.62 wrist_roll.pos=-4.35 gripper.pos=+37.14
DEBUG 2026-09-03 09:08:02 [action #155] t=7.49s step=154 queue=24 dmax=1.037 | shoulder_pan.pos=-9.61 shoulder_lift.pos=+3.27 elbow_flex.pos=+31.53 wrist_flex.pos=+67.68 wrist_roll.pos=-4.46 gripper.pos=+36.86
DEBUG 2026-09-03 09:08:02 [action #156] t=7.52s step=155 queue=23 dmax=1.448 | shoulder_pan.pos=-9.78 shoulder_lift.pos=+3.80 elbow_flex.pos=+31.03 wrist_flex.pos=+67.73 wrist_roll.pos=-4.36 gripper.pos=+35.42
DEBUG 2026-09-03 09:08:02 [action #157] t=7.56s step=156 queue=22 dmax=3.358 | shoulder_pan.pos=-9.67 shoulder_lift.pos=+4.20 elbow_flex.pos=+31.36 wrist_flex.pos=+67.76 wrist_roll.pos=-4.27 gripper.pos=+32.06
DEBUG 2026-09-03 09:08:02 [action #158] t=7.59s step=157 queue=21 dmax=3.584 | shoulder_pan.pos=-9.75 shoulder_lift.pos=+4.82 elbow_flex.pos=+31.27 wrist_flex.pos=+67.61 wrist_roll.pos=-4.31 gripper.pos=+28.47
DEBUG 2026-09-03 09:08:02 [action #159] t=7.63s step=158 queue=20 dmax=3.978 | shoulder_pan.pos=-9.98 shoulder_lift.pos=+4.27 elbow_flex.pos=+31.03 wrist_flex.pos=+67.67 wrist_roll.pos=-4.22 gripper.pos=+24.50
DEBUG 2026-09-03 09:08:02 [action #160] t=7.66s step=159 queue=19 dmax=3.601 | shoulder_pan.pos=-9.88 shoulder_lift.pos=+4.34 elbow_flex.pos=+31.69 wrist_flex.pos=+67.54 wrist_roll.pos=-4.08 gripper.pos=+20.90
DEBUG 2026-09-03 09:08:02 [action #161] t=7.69s step=160 queue=18 dmax=3.052 | shoulder_pan.pos=-9.93 shoulder_lift.pos=+3.87 elbow_flex.pos=+31.48 wrist_flex.pos=+67.73 wrist_roll.pos=-4.13 gripper.pos=+17.84
DEBUG 2026-09-03 09:08:02 [action #162] t=7.73s step=161 queue=17 dmax=2.262 | shoulder_pan.pos=-10.16 shoulder_lift.pos=+4.75 elbow_flex.pos=+31.30 wrist_flex.pos=+67.62 wrist_roll.pos=-4.30 gripper.pos=+15.58
DEBUG 2026-09-03 09:08:02 [action #163] t=7.76s step=162 queue=16 dmax=2.004 | shoulder_pan.pos=-10.11 shoulder_lift.pos=+3.84 elbow_flex.pos=+30.28 wrist_flex.pos=+67.56 wrist_roll.pos=-4.14 gripper.pos=+13.58
DEBUG 2026-09-03 09:08:02 [action #164] t=7.79s step=163 queue=15 dmax=1.364 | shoulder_pan.pos=-9.87 shoulder_lift.pos=+3.28 elbow_flex.pos=+30.30 wrist_flex.pos=+67.83 wrist_roll.pos=-4.06 gripper.pos=+12.21
DEBUG 2026-09-03 09:08:02 [action #165] t=7.83s step=164 queue=14 dmax=0.966 | shoulder_pan.pos=-10.30 shoulder_lift.pos=+3.01 elbow_flex.pos=+30.43 wrist_flex.pos=+67.82 wrist_roll.pos=-4.09 gripper.pos=+11.25
DEBUG 2026-09-03 09:08:02 [action #166] t=7.86s step=165 queue=13 dmax=0.528 | shoulder_pan.pos=-10.42 shoulder_lift.pos=+2.87 elbow_flex.pos=+30.53 wrist_flex.pos=+67.95 wrist_roll.pos=-4.14 gripper.pos=+10.72
DEBUG 2026-09-03 09:08:02 [action #167] t=7.89s step=166 queue=12 dmax=0.530 | shoulder_pan.pos=-10.08 shoulder_lift.pos=+2.62 elbow_flex.pos=+30.03 wrist_flex.pos=+68.42 wrist_roll.pos=-4.16 gripper.pos=+10.19
DEBUG 2026-09-03 09:08:02 [action #168] t=7.93s step=167 queue=11 dmax=0.496 | shoulder_pan.pos=-10.29 shoulder_lift.pos=+3.03 elbow_flex.pos=+29.53 wrist_flex.pos=+68.75 wrist_roll.pos=-4.25 gripper.pos=+9.79
DEBUG 2026-09-03 09:08:02 [action #169] t=7.96s step=168 queue=10 dmax=0.795 | shoulder_pan.pos=-10.42 shoulder_lift.pos=+2.24 elbow_flex.pos=+29.03 wrist_flex.pos=+69.34 wrist_roll.pos=-4.26 gripper.pos=+9.60
DEBUG 2026-09-03 09:08:02 [action #170] t=7.99s step=169 queue=9 dmax=0.314 | shoulder_pan.pos=-10.41 shoulder_lift.pos=+2.55 elbow_flex.pos=+29.19 wrist_flex.pos=+69.49 wrist_roll.pos=-4.50 gripper.pos=+9.74
DEBUG 2026-09-03 09:08:02 [action #171] t=8.03s step=170 queue=8 dmax=0.648 | shoulder_pan.pos=-10.06 shoulder_lift.pos=+2.66 elbow_flex.pos=+28.54 wrist_flex.pos=+70.09 wrist_roll.pos=-4.46 gripper.pos=+9.53
DEBUG 2026-09-03 09:08:02 [action #172] t=8.06s step=171 queue=7 dmax=0.946 | shoulder_pan.pos=-10.27 shoulder_lift.pos=+2.49 elbow_flex.pos=+27.61 wrist_flex.pos=+71.04 wrist_roll.pos=-4.59 gripper.pos=+9.45
DEBUG 2026-09-03 09:08:02 [action #173] t=8.09s step=172 queue=6 dmax=1.070 | shoulder_pan.pos=-10.21 shoulder_lift.pos=+1.42 elbow_flex.pos=+27.04 wrist_flex.pos=+71.79 wrist_roll.pos=-4.64 gripper.pos=+9.40
DEBUG 2026-09-03 09:08:02 [action #174] t=8.13s step=173 queue=5 dmax=1.035 | shoulder_pan.pos=-10.32 shoulder_lift.pos=+1.79 elbow_flex.pos=+26.12 wrist_flex.pos=+72.83 wrist_roll.pos=-4.90 gripper.pos=+9.68
DEBUG 2026-09-03 09:08:02 [action #175] t=8.16s step=174 queue=4 dmax=1.350 | shoulder_pan.pos=-10.35 shoulder_lift.pos=+1.97 elbow_flex.pos=+24.77 wrist_flex.pos=+73.96 wrist_roll.pos=-5.00 gripper.pos=+9.60
DEBUG 2026-09-03 09:08:02 [action #176] t=8.19s step=175 queue=3 dmax=1.196 | shoulder_pan.pos=-9.93 shoulder_lift.pos=+0.78 elbow_flex.pos=+24.28 wrist_flex.pos=+74.81 wrist_roll.pos=-5.11 gripper.pos=+9.50
DEBUG 2026-09-03 09:08:02 [action #177] t=8.23s step=176 queue=2 dmax=1.093 | shoulder_pan.pos=-10.07 shoulder_lift.pos=+0.71 elbow_flex.pos=+23.66 wrist_flex.pos=+75.90 wrist_roll.pos=-5.10 gripper.pos=+9.45
DEBUG 2026-09-03 09:08:02 [action #178] t=8.26s step=177 queue=1 dmax=1.100 | shoulder_pan.pos=-9.96 shoulder_lift.pos=+0.14 elbow_flex.pos=+22.56 wrist_flex.pos=+76.85 wrist_roll.pos=-5.17 gripper.pos=+9.55
DEBUG 2026-09-03 09:08:02 [chunk] received 50 actions, timesteps 150..199 | first: shoulder_pan.pos=-10.74 shoulder_lift.pos=+0.37 elbow_flex.pos=+26.11 wrist_flex.pos=+71.46 wrist_roll.pos=-5.74 gripper.pos=+10.27 | last: shoulder_pan.pos=+17.81 shoulder_lift.pos=-20.96 elbow_flex.pos=+11.12 wrist_flex.pos=+84.35 wrist_roll.pos=+2.49 gripper.pos=+8.88
DEBUG 2026-09-03 09:08:02 [action #179] t=8.33s step=178 queue=22 dmax=20.666 | shoulder_pan.pos=-4.84 shoulder_lift.pos=-20.53 elbow_flex.pos=+15.61 wrist_flex.pos=+90.38 wrist_roll.pos=-5.21 gripper.pos=+8.98
DEBUG 2026-09-03 09:08:03 [action #180] t=8.36s step=179 queue=21 dmax=1.482 | shoulder_pan.pos=-3.35 shoulder_lift.pos=-21.82 elbow_flex.pos=+16.62 wrist_flex.pos=+90.08 wrist_roll.pos=-4.68 gripper.pos=+8.86
DEBUG 2026-09-03 09:08:03 [action #181] t=8.39s step=180 queue=20 dmax=0.918 | shoulder_pan.pos=-2.64 shoulder_lift.pos=-22.45 elbow_flex.pos=+15.70 wrist_flex.pos=+90.04 wrist_roll.pos=-4.30 gripper.pos=+9.06
DEBUG 2026-09-03 09:08:03 [action #182] t=8.43s step=181 queue=19 dmax=1.393 | shoulder_pan.pos=-1.25 shoulder_lift.pos=-22.94 elbow_flex.pos=+15.64 wrist_flex.pos=+90.02 wrist_roll.pos=-3.65 gripper.pos=+8.81
DEBUG 2026-09-03 09:08:03 [action #183] t=8.46s step=182 queue=18 dmax=1.185 | shoulder_pan.pos=-0.06 shoulder_lift.pos=-23.20 elbow_flex.pos=+15.70 wrist_flex.pos=+89.67 wrist_roll.pos=-3.15 gripper.pos=+8.96
DEBUG 2026-09-03 09:08:03 [action #184] t=8.49s step=183 queue=17 dmax=1.012 | shoulder_pan.pos=+0.95 shoulder_lift.pos=-23.56 elbow_flex.pos=+15.39 wrist_flex.pos=+89.69 wrist_roll.pos=-2.57 gripper.pos=+8.98
DEBUG 2026-09-03 09:08:03 [action #185] t=8.53s step=184 queue=16 dmax=1.133 | shoulder_pan.pos=+2.08 shoulder_lift.pos=-24.15 elbow_flex.pos=+15.65 wrist_flex.pos=+89.33 wrist_roll.pos=-2.16 gripper.pos=+8.81
DEBUG 2026-09-03 09:08:03 [action #186] t=8.56s step=185 queue=15 dmax=0.944 | shoulder_pan.pos=+3.03 shoulder_lift.pos=-24.76 elbow_flex.pos=+15.55 wrist_flex.pos=+89.20 wrist_roll.pos=-1.92 gripper.pos=+9.02
DEBUG 2026-09-03 09:08:03 [action #187] t=8.60s step=186 queue=14 dmax=1.300 | shoulder_pan.pos=+4.33 shoulder_lift.pos=-23.88 elbow_flex.pos=+15.13 wrist_flex.pos=+88.97 wrist_roll.pos=-1.40 gripper.pos=+8.82
DEBUG 2026-09-03 09:08:03 [action #188] t=8.63s step=187 queue=13 dmax=1.042 | shoulder_pan.pos=+5.37 shoulder_lift.pos=-24.23 elbow_flex.pos=+15.47 wrist_flex.pos=+88.84 wrist_roll.pos=-1.09 gripper.pos=+8.70
DEBUG 2026-09-03 09:08:03 [action #189] t=8.66s step=188 queue=12 dmax=0.865 | shoulder_pan.pos=+6.23 shoulder_lift.pos=-24.90 elbow_flex.pos=+15.20 wrist_flex.pos=+88.50 wrist_roll.pos=-0.76 gripper.pos=+8.87
DEBUG 2026-09-03 09:08:03 [action #190] t=8.70s step=189 queue=11 dmax=0.916 | shoulder_pan.pos=+7.14 shoulder_lift.pos=-23.99 elbow_flex.pos=+14.28 wrist_flex.pos=+88.22 wrist_roll.pos=-0.37 gripper.pos=+8.75
DEBUG 2026-09-03 09:08:03 [action #191] t=8.73s step=190 queue=10 dmax=1.277 | shoulder_pan.pos=+8.42 shoulder_lift.pos=-24.58 elbow_flex.pos=+14.31 wrist_flex.pos=+88.01 wrist_roll.pos=+0.09 gripper.pos=+8.89
DEBUG 2026-09-03 09:08:03 [action #192] t=8.76s step=191 queue=9 dmax=1.077 | shoulder_pan.pos=+9.50 shoulder_lift.pos=-23.85 elbow_flex.pos=+13.89 wrist_flex.pos=+87.65 wrist_roll.pos=+0.27 gripper.pos=+8.66
DEBUG 2026-09-03 09:08:03 [action #193] t=8.80s step=192 queue=8 dmax=0.831 | shoulder_pan.pos=+10.33 shoulder_lift.pos=-23.96 elbow_flex.pos=+13.82 wrist_flex.pos=+87.34 wrist_roll.pos=+0.49 gripper.pos=+8.84
DEBUG 2026-09-03 09:08:03 [action #194] t=8.83s step=193 queue=7 dmax=1.385 | shoulder_pan.pos=+11.71 shoulder_lift.pos=-23.31 elbow_flex.pos=+13.13 wrist_flex.pos=+87.15 wrist_roll.pos=+0.88 gripper.pos=+8.89
DEBUG 2026-09-03 09:08:03 [action #195] t=8.86s step=194 queue=6 dmax=1.113 | shoulder_pan.pos=+12.83 shoulder_lift.pos=-23.21 elbow_flex.pos=+12.68 wrist_flex.pos=+86.82 wrist_roll.pos=+1.11 gripper.pos=+8.77
DEBUG 2026-09-03 09:08:03 [action #196] t=8.90s step=195 queue=5 dmax=1.066 | shoulder_pan.pos=+13.89 shoulder_lift.pos=-23.00 elbow_flex.pos=+12.68 wrist_flex.pos=+86.45 wrist_roll.pos=+1.32 gripper.pos=+8.67
DEBUG 2026-09-03 09:08:03 [action #197] t=8.93s step=196 queue=4 dmax=0.796 | shoulder_pan.pos=+14.69 shoulder_lift.pos=-22.52 elbow_flex.pos=+12.11 wrist_flex.pos=+86.13 wrist_roll.pos=+1.75 gripper.pos=+8.88
DEBUG 2026-09-03 09:08:03 [action #198] t=8.96s step=197 queue=3 dmax=1.032 | shoulder_pan.pos=+15.72 shoulder_lift.pos=-22.18 elbow_flex.pos=+11.44 wrist_flex.pos=+85.69 wrist_roll.pos=+1.92 gripper.pos=+8.78
DEBUG 2026-09-03 09:08:03 [action #199] t=9.00s step=198 queue=2 dmax=1.198 | shoulder_pan.pos=+16.92 shoulder_lift.pos=-22.00 elbow_flex.pos=+11.31 wrist_flex.pos=+85.01 wrist_roll.pos=+2.24 gripper.pos=+8.75
DEBUG 2026-09-03 09:08:03 [action #200] t=9.03s step=199 queue=1 dmax=1.041 | shoulder_pan.pos=+17.81 shoulder_lift.pos=-20.96 elbow_flex.pos=+11.12 wrist_flex.pos=+84.35 wrist_roll.pos=+2.49 gripper.pos=+8.88
DEBUG 2026-09-03 09:08:03 [chunk] received 50 actions, timesteps 177..226 | first: shoulder_pan.pos=-9.90 shoulder_lift.pos=+1.38 elbow_flex.pos=+24.25 wrist_flex.pos=+72.43 wrist_roll.pos=-4.79 gripper.pos=+8.15 | last: shoulder_pan.pos=+21.89 shoulder_lift.pos=-19.20 elbow_flex.pos=+15.16 wrist_flex.pos=+77.37 wrist_roll.pos=+7.53 gripper.pos=+7.83
DEBUG 2026-09-03 09:08:03 [action #201] t=9.23s step=200 queue=27 dmax=22.757 | shoulder_pan.pos=-4.94 shoulder_lift.pos=-21.37 elbow_flex.pos=+18.12 wrist_flex.pos=+89.76 wrist_roll.pos=-4.29 gripper.pos=+7.60
DEBUG 2026-09-03 09:08:03 [action #202] t=9.26s step=201 queue=26 dmax=1.234 | shoulder_pan.pos=-3.97 shoulder_lift.pos=-22.61 elbow_flex.pos=+17.89 wrist_flex.pos=+90.13 wrist_roll.pos=-4.09 gripper.pos=+7.56
DEBUG 2026-09-03 09:08:03 [action #203] t=9.30s step=202 queue=25 dmax=1.258 | shoulder_pan.pos=-3.07 shoulder_lift.pos=-22.79 elbow_flex.pos=+16.63 wrist_flex.pos=+90.24 wrist_roll.pos=-4.01 gripper.pos=+7.72
DEBUG 2026-09-03 09:08:04 [action #204] t=9.33s step=203 queue=24 dmax=0.968 | shoulder_pan.pos=-2.11 shoulder_lift.pos=-23.55 elbow_flex.pos=+16.95 wrist_flex.pos=+90.64 wrist_roll.pos=-3.57 gripper.pos=+7.63
DEBUG 2026-09-03 09:08:04 [action #205] t=9.36s step=204 queue=23 dmax=1.331 | shoulder_pan.pos=-0.78 shoulder_lift.pos=-23.54 elbow_flex.pos=+17.19 wrist_flex.pos=+90.55 wrist_roll.pos=-3.26 gripper.pos=+7.60
DEBUG 2026-09-03 09:08:04 [action #206] t=9.40s step=205 queue=22 dmax=1.304 | shoulder_pan.pos=+0.53 shoulder_lift.pos=-24.43 elbow_flex.pos=+16.99 wrist_flex.pos=+90.50 wrist_roll.pos=-2.57 gripper.pos=+7.68
DEBUG 2026-09-03 09:08:04 [action #207] t=9.43s step=206 queue=21 dmax=1.610 | shoulder_pan.pos=+2.14 shoulder_lift.pos=-24.56 elbow_flex.pos=+16.11 wrist_flex.pos=+90.44 wrist_roll.pos=-2.12 gripper.pos=+7.65
DEBUG 2026-09-03 09:08:04 [action #208] t=9.46s step=207 queue=20 dmax=0.833 | shoulder_pan.pos=+2.97 shoulder_lift.pos=-24.47 elbow_flex.pos=+16.24 wrist_flex.pos=+90.33 wrist_roll.pos=-1.68 gripper.pos=+7.69
DEBUG 2026-09-03 09:08:04 [action #209] t=9.50s step=208 queue=19 dmax=1.472 | shoulder_pan.pos=+4.44 shoulder_lift.pos=-24.07 elbow_flex.pos=+15.73 wrist_flex.pos=+90.16 wrist_roll.pos=-0.95 gripper.pos=+7.69
DEBUG 2026-09-03 09:08:04 [action #210] t=9.53s step=209 queue=18 dmax=1.423 | shoulder_pan.pos=+5.87 shoulder_lift.pos=-24.09 elbow_flex.pos=+15.45 wrist_flex.pos=+90.02 wrist_roll.pos=-0.29 gripper.pos=+7.66
DEBUG 2026-09-03 09:08:04 [action #211] t=9.57s step=210 queue=17 dmax=1.172 | shoulder_pan.pos=+7.04 shoulder_lift.pos=-24.15 elbow_flex.pos=+14.84 wrist_flex.pos=+89.69 wrist_roll.pos=+0.18 gripper.pos=+7.70
DEBUG 2026-09-03 09:08:04 [action #212] t=9.60s step=211 queue=16 dmax=1.060 | shoulder_pan.pos=+8.10 shoulder_lift.pos=-24.78 elbow_flex.pos=+14.52 wrist_flex.pos=+89.56 wrist_roll.pos=+0.85 gripper.pos=+7.65
DEBUG 2026-09-03 09:08:04 [action #213] t=9.63s step=212 queue=15 dmax=1.508 | shoulder_pan.pos=+9.61 shoulder_lift.pos=-24.44 elbow_flex.pos=+14.85 wrist_flex.pos=+89.40 wrist_roll.pos=+1.60 gripper.pos=+7.70
DEBUG 2026-09-03 09:08:04 [action #214] t=9.67s step=213 queue=14 dmax=1.180 | shoulder_pan.pos=+10.79 shoulder_lift.pos=-24.63 elbow_flex.pos=+14.55 wrist_flex.pos=+88.94 wrist_roll.pos=+2.22 gripper.pos=+7.61
DEBUG 2026-09-03 09:08:04 [action #215] t=9.70s step=214 queue=13 dmax=1.112 | shoulder_pan.pos=+11.90 shoulder_lift.pos=-24.12 elbow_flex.pos=+14.74 wrist_flex.pos=+88.32 wrist_roll.pos=+2.62 gripper.pos=+7.67
DEBUG 2026-09-03 09:08:04 [action #216] t=9.73s step=215 queue=12 dmax=1.166 | shoulder_pan.pos=+13.06 shoulder_lift.pos=-23.74 elbow_flex.pos=+14.58 wrist_flex.pos=+87.81 wrist_roll.pos=+3.17 gripper.pos=+7.68
DEBUG 2026-09-03 09:08:04 [action #217] t=9.77s step=216 queue=11 dmax=0.855 | shoulder_pan.pos=+13.92 shoulder_lift.pos=-23.80 elbow_flex.pos=+14.96 wrist_flex.pos=+87.20 wrist_roll.pos=+3.67 gripper.pos=+7.64
DEBUG 2026-09-03 09:08:04 [action #218] t=9.80s step=217 queue=10 dmax=1.024 | shoulder_pan.pos=+14.94 shoulder_lift.pos=-23.15 elbow_flex.pos=+14.30 wrist_flex.pos=+86.40 wrist_roll.pos=+3.98 gripper.pos=+7.53
DEBUG 2026-09-03 09:08:04 [action #219] t=9.83s step=218 queue=9 dmax=0.910 | shoulder_pan.pos=+15.85 shoulder_lift.pos=-23.63 elbow_flex.pos=+14.92 wrist_flex.pos=+85.54 wrist_roll.pos=+4.38 gripper.pos=+7.53
DEBUG 2026-09-03 09:08:04 [action #220] t=9.87s step=219 queue=8 dmax=1.089 | shoulder_pan.pos=+16.84 shoulder_lift.pos=-23.58 elbow_flex.pos=+15.48 wrist_flex.pos=+84.45 wrist_roll.pos=+4.91 gripper.pos=+7.65
DEBUG 2026-09-03 09:08:04 [action #221] t=9.90s step=220 queue=7 dmax=1.095 | shoulder_pan.pos=+17.59 shoulder_lift.pos=-22.69 elbow_flex.pos=+15.52 wrist_flex.pos=+83.35 wrist_roll.pos=+5.41 gripper.pos=+7.62
DEBUG 2026-09-03 09:08:04 [action #222] t=9.93s step=221 queue=6 dmax=0.942 | shoulder_pan.pos=+18.51 shoulder_lift.pos=-22.82 elbow_flex.pos=+16.03 wrist_flex.pos=+82.41 wrist_roll.pos=+5.79 gripper.pos=+7.72
DEBUG 2026-09-03 09:08:04 [action #223] t=9.97s step=222 queue=5 dmax=1.193 | shoulder_pan.pos=+19.16 shoulder_lift.pos=-22.38 elbow_flex.pos=+15.95 wrist_flex.pos=+81.22 wrist_roll.pos=+6.33 gripper.pos=+7.81
DEBUG 2026-09-03 09:08:04 [action #224] t=10.00s step=223 queue=4 dmax=1.207 | shoulder_pan.pos=+20.01 shoulder_lift.pos=-21.17 elbow_flex.pos=+16.25 wrist_flex.pos=+80.35 wrist_roll.pos=+6.41 gripper.pos=+7.57
DEBUG 2026-09-03 09:08:04 [action #225] t=10.03s step=224 queue=3 dmax=1.327 | shoulder_pan.pos=+20.51 shoulder_lift.pos=-20.97 elbow_flex.pos=+16.29 wrist_flex.pos=+79.03 wrist_roll.pos=+6.98 gripper.pos=+7.86
DEBUG 2026-09-03 09:08:04 [action #226] t=10.07s step=225 queue=2 dmax=0.893 | shoulder_pan.pos=+21.01 shoulder_lift.pos=-20.52 elbow_flex.pos=+16.27 wrist_flex.pos=+78.13 wrist_roll.pos=+7.15 gripper.pos=+7.94
DEBUG 2026-09-03 09:08:04 [action #227] t=10.10s step=226 queue=1 dmax=1.314 | shoulder_pan.pos=+21.89 shoulder_lift.pos=-19.20 elbow_flex.pos=+15.16 wrist_flex.pos=+77.37 wrist_roll.pos=+7.53 gripper.pos=+7.83
DEBUG 2026-09-03 09:08:04 [chunk] received 50 actions, timesteps 199..248 | first: shoulder_pan.pos=+22.91 shoulder_lift.pos=-22.54 elbow_flex.pos=+12.17 wrist_flex.pos=+81.54 wrist_roll.pos=+3.63 gripper.pos=+7.67 | last: shoulder_pan.pos=+39.98 shoulder_lift.pos=+9.21 elbow_flex.pos=+1.25 wrist_flex.pos=+67.03 wrist_roll.pos=+9.63 gripper.pos=+30.05
DEBUG 2026-09-03 09:08:04 [action #228] t=10.13s step=227 queue=22 dmax=14.796 | shoulder_pan.pos=+36.69 shoulder_lift.pos=-6.59 elbow_flex.pos=+8.61 wrist_flex.pos=+67.76 wrist_roll.pos=+10.65 gripper.pos=+7.95
DEBUG 2026-09-03 09:08:04 [action #229] t=10.17s step=228 queue=21 dmax=0.501 | shoulder_pan.pos=+37.19 shoulder_lift.pos=-6.23 elbow_flex.pos=+8.14 wrist_flex.pos=+67.52 wrist_roll.pos=+10.67 gripper.pos=+8.09
DEBUG 2026-09-03 09:08:04 [action #230] t=10.20s step=229 queue=20 dmax=1.918 | shoulder_pan.pos=+37.47 shoulder_lift.pos=-4.31 elbow_flex.pos=+7.81 wrist_flex.pos=+67.44 wrist_roll.pos=+10.69 gripper.pos=+8.12
DEBUG 2026-09-03 09:08:04 [action #231] t=10.23s step=230 queue=19 dmax=0.639 | shoulder_pan.pos=+37.72 shoulder_lift.pos=-3.67 elbow_flex.pos=+7.46 wrist_flex.pos=+67.43 wrist_roll.pos=+10.83 gripper.pos=+7.78
DEBUG 2026-09-03 09:08:04 [action #232] t=10.27s step=231 queue=18 dmax=0.631 | shoulder_pan.pos=+37.92 shoulder_lift.pos=-3.04 elbow_flex.pos=+7.40 wrist_flex.pos=+67.10 wrist_roll.pos=+10.87 gripper.pos=+8.07
DEBUG 2026-09-03 09:08:04 [action #233] t=10.30s step=232 queue=17 dmax=1.213 | shoulder_pan.pos=+38.16 shoulder_lift.pos=-1.82 elbow_flex.pos=+6.99 wrist_flex.pos=+66.78 wrist_roll.pos=+10.80 gripper.pos=+7.88
DEBUG 2026-09-03 09:08:05 [action #234] t=10.33s step=233 queue=16 dmax=1.324 | shoulder_pan.pos=+38.41 shoulder_lift.pos=-0.50 elbow_flex.pos=+5.94 wrist_flex.pos=+66.79 wrist_roll.pos=+10.88 gripper.pos=+8.09
DEBUG 2026-09-03 09:08:05 [action #235] t=10.37s step=234 queue=15 dmax=0.849 | shoulder_pan.pos=+38.86 shoulder_lift.pos=+0.35 elbow_flex.pos=+6.35 wrist_flex.pos=+66.71 wrist_roll.pos=+10.88 gripper.pos=+7.78
DEBUG 2026-09-03 09:08:05 [action #236] t=10.40s step=235 queue=14 dmax=1.238 | shoulder_pan.pos=+38.46 shoulder_lift.pos=+0.71 elbow_flex.pos=+5.11 wrist_flex.pos=+66.36 wrist_roll.pos=+11.07 gripper.pos=+7.87
DEBUG 2026-09-03 09:08:05 [action #237] t=10.43s step=236 queue=13 dmax=2.542 | shoulder_pan.pos=+38.58 shoulder_lift.pos=+3.26 elbow_flex.pos=+4.52 wrist_flex.pos=+66.34 wrist_roll.pos=+10.90 gripper.pos=+7.65
DEBUG 2026-09-03 09:08:05 [action #238] t=10.47s step=237 queue=12 dmax=0.795 | shoulder_pan.pos=+39.01 shoulder_lift.pos=+2.46 elbow_flex.pos=+4.42 wrist_flex.pos=+66.23 wrist_roll.pos=+11.06 gripper.pos=+7.86
DEBUG 2026-09-03 09:08:05 [action #239] t=10.50s step=238 queue=11 dmax=0.868 | shoulder_pan.pos=+39.30 shoulder_lift.pos=+3.33 elbow_flex.pos=+5.00 wrist_flex.pos=+66.00 wrist_roll.pos=+11.02 gripper.pos=+7.83
DEBUG 2026-09-03 09:08:05 [action #240] t=10.54s step=239 queue=10 dmax=0.731 | shoulder_pan.pos=+39.35 shoulder_lift.pos=+3.99 elbow_flex.pos=+4.27 wrist_flex.pos=+65.94 wrist_roll.pos=+11.19 gripper.pos=+7.71
DEBUG 2026-09-03 09:08:05 [action #241] t=10.57s step=240 queue=9 dmax=0.841 | shoulder_pan.pos=+39.29 shoulder_lift.pos=+4.83 elbow_flex.pos=+3.48 wrist_flex.pos=+65.90 wrist_roll.pos=+10.90 gripper.pos=+7.92
DEBUG 2026-09-03 09:08:05 [action #242] t=10.60s step=241 queue=8 dmax=0.953 | shoulder_pan.pos=+39.67 shoulder_lift.pos=+5.78 elbow_flex.pos=+3.44 wrist_flex.pos=+65.91 wrist_roll.pos=+11.02 gripper.pos=+8.08
DEBUG 2026-09-03 09:08:05 [action #243] t=10.64s step=242 queue=7 dmax=0.938 | shoulder_pan.pos=+39.69 shoulder_lift.pos=+6.72 elbow_flex.pos=+2.87 wrist_flex.pos=+65.84 wrist_roll.pos=+10.93 gripper.pos=+8.99
DEBUG 2026-09-03 09:08:05 [action #244] t=10.67s step=243 queue=6 dmax=2.469 | shoulder_pan.pos=+39.91 shoulder_lift.pos=+6.89 elbow_flex.pos=+2.27 wrist_flex.pos=+66.03 wrist_roll.pos=+10.97 gripper.pos=+11.46
DEBUG 2026-09-03 09:08:05 [action #245] t=10.70s step=244 queue=5 dmax=4.100 | shoulder_pan.pos=+40.23 shoulder_lift.pos=+8.11 elbow_flex.pos=+0.99 wrist_flex.pos=+66.22 wrist_roll.pos=+10.76 gripper.pos=+15.56
DEBUG 2026-09-03 09:08:05 [action #246] t=10.74s step=245 queue=4 dmax=4.547 | shoulder_pan.pos=+40.22 shoulder_lift.pos=+9.13 elbow_flex.pos=+1.42 wrist_flex.pos=+66.09 wrist_roll.pos=+10.65 gripper.pos=+20.11
DEBUG 2026-09-03 09:08:05 [action #247] t=10.77s step=246 queue=3 dmax=4.496 | shoulder_pan.pos=+39.92 shoulder_lift.pos=+9.79 elbow_flex.pos=+0.73 wrist_flex.pos=+66.52 wrist_roll.pos=+10.32 gripper.pos=+24.60
DEBUG 2026-09-03 09:08:05 [action #248] t=10.80s step=247 queue=2 dmax=3.254 | shoulder_pan.pos=+40.03 shoulder_lift.pos=+8.80 elbow_flex.pos=+1.53 wrist_flex.pos=+67.04 wrist_roll.pos=+9.87 gripper.pos=+27.86
DEBUG 2026-09-03 09:08:05 [action #249] t=10.84s step=248 queue=1 dmax=2.191 | shoulder_pan.pos=+39.98 shoulder_lift.pos=+9.21 elbow_flex.pos=+1.25 wrist_flex.pos=+67.03 wrist_roll.pos=+9.63 gripper.pos=+30.05
DEBUG 2026-09-03 09:08:05 [chunk] received 50 actions, timesteps 226..275 | first: shoulder_pan.pos=+23.13 shoulder_lift.pos=-21.01 elbow_flex.pos=+13.59 wrist_flex.pos=+79.31 wrist_roll.pos=+7.21 gripper.pos=+8.59 | last: shoulder_pan.pos=+37.67 shoulder_lift.pos=+11.01 elbow_flex.pos=+2.59 wrist_flex.pos=+63.60 wrist_roll.pos=+12.82 gripper.pos=+25.30
DEBUG 2026-09-03 09:08:05 [action #250] t=11.07s step=249 queue=27 dmax=20.761 | shoulder_pan.pos=+36.51 shoulder_lift.pos=-2.53 elbow_flex.pos=+3.47 wrist_flex.pos=+69.19 wrist_roll.pos=+12.62 gripper.pos=+9.29
DEBUG 2026-09-03 09:08:05 [action #251] t=11.10s step=250 queue=26 dmax=1.607 | shoulder_pan.pos=+36.63 shoulder_lift.pos=-0.92 elbow_flex.pos=+2.67 wrist_flex.pos=+69.08 wrist_roll.pos=+12.72 gripper.pos=+9.29
DEBUG 2026-09-03 09:08:05 [action #252] t=11.14s step=251 queue=25 dmax=0.516 | shoulder_pan.pos=+36.83 shoulder_lift.pos=-0.51 elbow_flex.pos=+2.15 wrist_flex.pos=+68.75 wrist_roll.pos=+13.07 gripper.pos=+9.32
DEBUG 2026-09-03 09:08:05 [action #253] t=11.17s step=252 queue=24 dmax=0.924 | shoulder_pan.pos=+37.04 shoulder_lift.pos=+0.42 elbow_flex.pos=+2.66 wrist_flex.pos=+68.91 wrist_roll.pos=+13.01 gripper.pos=+9.36
DEBUG 2026-09-03 09:08:05 [action #254] t=11.20s step=253 queue=23 dmax=1.334 | shoulder_pan.pos=+36.96 shoulder_lift.pos=+1.50 elbow_flex.pos=+1.32 wrist_flex.pos=+68.44 wrist_roll.pos=+13.12 gripper.pos=+9.33
DEBUG 2026-09-03 09:08:05 [action #255] t=11.24s step=254 queue=22 dmax=0.444 | shoulder_pan.pos=+37.01 shoulder_lift.pos=+1.95 elbow_flex.pos=+1.32 wrist_flex.pos=+68.30 wrist_roll.pos=+13.17 gripper.pos=+9.28
DEBUG 2026-09-03 09:08:05 [action #256] t=11.27s step=255 queue=21 dmax=0.980 | shoulder_pan.pos=+37.11 shoulder_lift.pos=+2.93 elbow_flex.pos=+1.83 wrist_flex.pos=+68.06 wrist_roll.pos=+13.26 gripper.pos=+9.37
DEBUG 2026-09-03 09:08:05 [action #257] t=11.30s step=256 queue=20 dmax=0.480 | shoulder_pan.pos=+37.21 shoulder_lift.pos=+3.31 elbow_flex.pos=+1.35 wrist_flex.pos=+67.60 wrist_roll.pos=+13.41 gripper.pos=+9.40
DEBUG 2026-09-03 09:08:06 [action #258] t=11.34s step=257 queue=19 dmax=0.620 | shoulder_pan.pos=+37.12 shoulder_lift.pos=+3.93 elbow_flex.pos=+1.70 wrist_flex.pos=+67.55 wrist_roll.pos=+13.45 gripper.pos=+9.47
DEBUG 2026-09-03 09:08:06 [action #259] t=11.37s step=258 queue=18 dmax=0.810 | shoulder_pan.pos=+37.36 shoulder_lift.pos=+4.74 elbow_flex.pos=+1.82 wrist_flex.pos=+67.10 wrist_roll.pos=+13.44 gripper.pos=+9.31
DEBUG 2026-09-03 09:08:06 [action #260] t=11.40s step=259 queue=17 dmax=0.613 | shoulder_pan.pos=+37.38 shoulder_lift.pos=+4.53 elbow_flex.pos=+1.21 wrist_flex.pos=+66.89 wrist_roll.pos=+13.33 gripper.pos=+9.34
DEBUG 2026-09-03 09:08:06 [action #261] t=11.44s step=260 queue=16 dmax=1.743 | shoulder_pan.pos=+37.20 shoulder_lift.pos=+6.27 elbow_flex.pos=+1.05 wrist_flex.pos=+66.54 wrist_roll.pos=+13.41 gripper.pos=+9.33
DEBUG 2026-09-03 09:08:06 [action #262] t=11.47s step=261 queue=15 dmax=0.757 | shoulder_pan.pos=+37.61 shoulder_lift.pos=+6.93 elbow_flex.pos=+1.81 wrist_flex.pos=+66.16 wrist_roll.pos=+13.46 gripper.pos=+9.27
DEBUG 2026-09-03 09:08:06 [action #263] t=11.50s step=262 queue=14 dmax=0.556 | shoulder_pan.pos=+37.78 shoulder_lift.pos=+6.91 elbow_flex.pos=+2.13 wrist_flex.pos=+65.60 wrist_roll.pos=+13.25 gripper.pos=+9.26
DEBUG 2026-09-03 09:08:06 [action #264] t=11.54s step=263 queue=13 dmax=1.134 | shoulder_pan.pos=+37.71 shoulder_lift.pos=+8.05 elbow_flex.pos=+2.68 wrist_flex.pos=+65.21 wrist_roll.pos=+13.47 gripper.pos=+9.15
DEBUG 2026-09-03 09:08:06 [action #265] t=11.57s step=264 queue=12 dmax=0.346 | shoulder_pan.pos=+37.95 shoulder_lift.pos=+7.70 elbow_flex.pos=+3.02 wrist_flex.pos=+64.90 wrist_roll.pos=+13.42 gripper.pos=+9.04
DEBUG 2026-09-03 09:08:06 [action #266] t=11.61s step=265 queue=11 dmax=1.182 | shoulder_pan.pos=+37.80 shoulder_lift.pos=+8.81 elbow_flex.pos=+1.84 wrist_flex.pos=+64.51 wrist_roll.pos=+13.19 gripper.pos=+8.97
DEBUG 2026-09-03 09:08:06 [action #267] t=11.64s step=266 queue=10 dmax=0.834 | shoulder_pan.pos=+37.80 shoulder_lift.pos=+9.29 elbow_flex.pos=+2.67 wrist_flex.pos=+64.20 wrist_roll.pos=+13.33 gripper.pos=+9.20
DEBUG 2026-09-03 09:08:06 [action #268] t=11.67s step=267 queue=9 dmax=0.423 | shoulder_pan.pos=+38.21 shoulder_lift.pos=+8.87 elbow_flex.pos=+2.44 wrist_flex.pos=+64.16 wrist_roll.pos=+13.12 gripper.pos=+9.53
DEBUG 2026-09-03 09:08:06 [action #269] t=11.71s step=268 queue=8 dmax=0.494 | shoulder_pan.pos=+37.91 shoulder_lift.pos=+9.36 elbow_flex.pos=+2.43 wrist_flex.pos=+63.93 wrist_roll.pos=+13.23 gripper.pos=+10.02
DEBUG 2026-09-03 09:08:06 [action #270] t=11.74s step=269 queue=7 dmax=1.230 | shoulder_pan.pos=+38.01 shoulder_lift.pos=+9.91 elbow_flex.pos=+2.53 wrist_flex.pos=+63.50 wrist_roll.pos=+13.23 gripper.pos=+11.25
DEBUG 2026-09-03 09:08:06 [action #271] t=11.77s step=270 queue=6 dmax=2.239 | shoulder_pan.pos=+38.24 shoulder_lift.pos=+10.01 elbow_flex.pos=+2.42 wrist_flex.pos=+63.56 wrist_roll.pos=+13.12 gripper.pos=+13.49
DEBUG 2026-09-03 09:08:06 [action #272] t=11.81s step=271 queue=5 dmax=2.486 | shoulder_pan.pos=+37.98 shoulder_lift.pos=+10.24 elbow_flex.pos=+1.88 wrist_flex.pos=+63.43 wrist_roll.pos=+13.09 gripper.pos=+15.98
DEBUG 2026-09-03 09:08:06 [action #273] t=11.84s step=272 queue=4 dmax=2.982 | shoulder_pan.pos=+38.08 shoulder_lift.pos=+10.32 elbow_flex.pos=+1.58 wrist_flex.pos=+63.36 wrist_roll.pos=+13.04 gripper.pos=+18.96
DEBUG 2026-09-03 09:08:06 [action #274] t=11.87s step=273 queue=3 dmax=2.668 | shoulder_pan.pos=+37.56 shoulder_lift.pos=+10.79 elbow_flex.pos=+1.56 wrist_flex.pos=+63.58 wrist_roll.pos=+13.03 gripper.pos=+21.63
DEBUG 2026-09-03 09:08:06 [chunk] received 50 actions, timesteps 248..297 | first: shoulder_pan.pos=+37.02 shoulder_lift.pos=+7.69 elbow_flex.pos=+1.06 wrist_flex.pos=+68.47 wrist_roll.pos=+10.56 gripper.pos=+34.01 | last: shoulder_pan.pos=+9.17 shoulder_lift.pos=-55.86 elbow_flex.pos=+29.26 wrist_flex.pos=+85.82 wrist_roll.pos=+7.10 gripper.pos=+1.26
DEBUG 2026-09-03 09:08:06 [action #275] t=11.91s step=274 queue=24 dmax=18.868 | shoulder_pan.pos=+31.69 shoulder_lift.pos=-1.34 elbow_flex.pos=-3.42 wrist_flex.pos=+82.44 wrist_roll.pos=+11.05 gripper.pos=+33.14
DEBUG 2026-09-03 09:08:06 [action #276] t=11.94s step=275 queue=23 dmax=1.308 | shoulder_pan.pos=+30.93 shoulder_lift.pos=-2.64 elbow_flex.pos=-3.15 wrist_flex.pos=+82.98 wrist_roll.pos=+10.86 gripper.pos=+33.86
DEBUG 2026-09-03 09:08:06 [action #277] t=11.97s step=276 queue=22 dmax=8.813 | shoulder_pan.pos=+26.64 shoulder_lift.pos=-9.36 elbow_flex.pos=-6.05 wrist_flex.pos=+91.79 wrist_roll.pos=+9.96 gripper.pos=+37.50
DEBUG 2026-09-03 09:08:06 [action #278] t=12.01s step=277 queue=21 dmax=1.903 | shoulder_pan.pos=+25.36 shoulder_lift.pos=-11.26 elbow_flex.pos=-5.12 wrist_flex.pos=+92.01 wrist_roll.pos=+9.78 gripper.pos=+37.63
DEBUG 2026-09-03 09:08:06 [action #279] t=12.04s step=278 queue=20 dmax=1.608 | shoulder_pan.pos=+24.20 shoulder_lift.pos=-12.87 elbow_flex.pos=-4.42 wrist_flex.pos=+92.47 wrist_roll.pos=+9.66 gripper.pos=+37.54
DEBUG 2026-09-03 09:08:06 [action #280] t=12.07s step=279 queue=19 dmax=1.681 | shoulder_pan.pos=+22.83 shoulder_lift.pos=-14.55 elbow_flex.pos=-3.83 wrist_flex.pos=+92.81 wrist_roll.pos=+9.64 gripper.pos=+37.14
DEBUG 2026-09-03 09:08:06 [action #281] t=12.11s step=280 queue=18 dmax=1.803 | shoulder_pan.pos=+21.92 shoulder_lift.pos=-16.35 elbow_flex.pos=-3.05 wrist_flex.pos=+93.19 wrist_roll.pos=+9.62 gripper.pos=+35.95
DEBUG 2026-09-03 09:08:06 [action #282] t=12.14s step=281 queue=17 dmax=2.344 | shoulder_pan.pos=+20.96 shoulder_lift.pos=-18.69 elbow_flex.pos=-1.82 wrist_flex.pos=+93.40 wrist_roll.pos=+9.68 gripper.pos=+33.72
DEBUG 2026-09-03 09:08:06 [action #283] t=12.17s step=282 queue=16 dmax=3.194 | shoulder_pan.pos=+19.96 shoulder_lift.pos=-20.63 elbow_flex.pos=-1.23 wrist_flex.pos=+93.26 wrist_roll.pos=+9.61 gripper.pos=+30.53
DEBUG 2026-09-03 09:08:06 [action #284] t=12.21s step=283 queue=15 dmax=3.848 | shoulder_pan.pos=+18.80 shoulder_lift.pos=-22.24 elbow_flex.pos=+0.24 wrist_flex.pos=+93.22 wrist_roll.pos=+9.68 gripper.pos=+26.68
DEBUG 2026-09-03 09:08:06 [action #285] t=12.24s step=284 queue=14 dmax=4.459 | shoulder_pan.pos=+17.90 shoulder_lift.pos=-25.17 elbow_flex.pos=+1.98 wrist_flex.pos=+92.69 wrist_roll.pos=+9.65 gripper.pos=+22.22
DEBUG 2026-09-03 09:08:06 [action #286] t=12.28s step=285 queue=13 dmax=4.463 | shoulder_pan.pos=+16.87 shoulder_lift.pos=-27.40 elbow_flex.pos=+3.97 wrist_flex.pos=+92.38 wrist_roll.pos=+9.92 gripper.pos=+17.76
DEBUG 2026-09-03 09:08:06 [action #287] t=12.31s step=286 queue=12 dmax=4.347 | shoulder_pan.pos=+15.61 shoulder_lift.pos=-29.40 elbow_flex.pos=+6.49 wrist_flex.pos=+92.14 wrist_roll.pos=+10.07 gripper.pos=+13.41
DEBUG 2026-09-03 09:08:07 [action #288] t=12.34s step=287 queue=11 dmax=3.792 | shoulder_pan.pos=+15.16 shoulder_lift.pos=-31.82 elbow_flex.pos=+8.57 wrist_flex.pos=+91.79 wrist_roll.pos=+10.12 gripper.pos=+9.62
DEBUG 2026-09-03 09:08:07 [action #289] t=12.38s step=288 queue=10 dmax=3.196 | shoulder_pan.pos=+14.14 shoulder_lift.pos=-34.10 elbow_flex.pos=+8.71 wrist_flex.pos=+91.11 wrist_roll.pos=+10.19 gripper.pos=+6.42
DEBUG 2026-09-03 09:08:07 [action #290] t=12.41s step=289 queue=9 dmax=2.656 | shoulder_pan.pos=+13.24 shoulder_lift.pos=-36.71 elbow_flex.pos=+11.34 wrist_flex.pos=+90.69 wrist_roll.pos=+10.41 gripper.pos=+3.77
DEBUG 2026-09-03 09:08:07 [action #291] t=12.44s step=290 queue=8 dmax=2.691 | shoulder_pan.pos=+12.37 shoulder_lift.pos=-39.33 elbow_flex.pos=+14.03 wrist_flex.pos=+90.06 wrist_roll.pos=+10.17 gripper.pos=+2.46
DEBUG 2026-09-03 09:08:07 [action #292] t=12.48s step=291 queue=7 dmax=2.436 | shoulder_pan.pos=+11.52 shoulder_lift.pos=-41.77 elbow_flex.pos=+15.94 wrist_flex.pos=+89.26 wrist_roll.pos=+10.06 gripper.pos=+1.43
DEBUG 2026-09-03 09:08:07 [action #293] t=12.51s step=292 queue=6 dmax=2.252 | shoulder_pan.pos=+11.07 shoulder_lift.pos=-43.89 elbow_flex.pos=+18.19 wrist_flex.pos=+88.71 wrist_roll.pos=+9.84 gripper.pos=+1.32
DEBUG 2026-09-03 09:08:07 [action #294] t=12.54s step=293 queue=5 dmax=2.268 | shoulder_pan.pos=+10.52 shoulder_lift.pos=-46.16 elbow_flex.pos=+20.23 wrist_flex.pos=+88.16 wrist_roll.pos=+9.57 gripper.pos=+1.09
DEBUG 2026-09-03 09:08:07 [action #295] t=12.58s step=294 queue=4 dmax=2.545 | shoulder_pan.pos=+9.86 shoulder_lift.pos=-48.70 elbow_flex.pos=+22.74 wrist_flex.pos=+87.56 wrist_roll.pos=+9.21 gripper.pos=+0.97
DEBUG 2026-09-03 09:08:07 [action #296] t=12.61s step=295 queue=3 dmax=2.445 | shoulder_pan.pos=+9.51 shoulder_lift.pos=-51.15 elbow_flex.pos=+24.82 wrist_flex.pos=+87.07 wrist_roll.pos=+8.49 gripper.pos=+1.20
DEBUG 2026-09-03 09:08:07 [action #297] t=12.64s step=296 queue=2 dmax=2.219 | shoulder_pan.pos=+9.22 shoulder_lift.pos=-53.37 elbow_flex.pos=+26.95 wrist_flex.pos=+86.42 wrist_roll.pos=+7.78 gripper.pos=+1.25
DEBUG 2026-09-03 09:08:07 [action #298] t=12.68s step=297 queue=1 dmax=2.497 | shoulder_pan.pos=+9.17 shoulder_lift.pos=-55.86 elbow_flex.pos=+29.26 wrist_flex.pos=+85.82 wrist_roll.pos=+7.10 gripper.pos=+1.26
DEBUG 2026-09-03 09:08:07 [chunk] received 50 actions, timesteps 273..322 | first: shoulder_pan.pos=+36.68 shoulder_lift.pos=+5.16 elbow_flex.pos=+4.22 wrist_flex.pos=+64.00 wrist_roll.pos=+13.58 gripper.pos=+8.32 | last: shoulder_pan.pos=+8.91 shoulder_lift.pos=-49.20 elbow_flex.pos=+27.02 wrist_flex.pos=+86.37 wrist_roll.pos=+8.74 gripper.pos=+3.10
DEBUG 2026-09-03 09:08:07 [action #299] t=12.78s step=298 queue=25 dmax=54.062 | shoulder_pan.pos=+33.00 shoulder_lift.pos=-1.80 elbow_flex.pos=+1.01 wrist_flex.pos=+76.22 wrist_roll.pos=+13.87 gripper.pos=+29.51
DEBUG 2026-09-03 09:08:07 [action #300] t=12.81s step=299 queue=24 dmax=1.717 | shoulder_pan.pos=+32.25 shoulder_lift.pos=-3.14 elbow_flex.pos=+0.30 wrist_flex.pos=+77.94 wrist_roll.pos=+13.89 gripper.pos=+29.55
DEBUG 2026-09-03 09:08:07 [action #301] t=12.84s step=300 queue=23 dmax=1.794 | shoulder_pan.pos=+31.41 shoulder_lift.pos=-4.94 elbow_flex.pos=-0.72 wrist_flex.pos=+79.55 wrist_roll.pos=+13.90 gripper.pos=+29.83
DEBUG 2026-09-03 09:08:07 [action #302] t=12.88s step=301 queue=22 dmax=1.912 | shoulder_pan.pos=+30.40 shoulder_lift.pos=-6.82 elbow_flex.pos=-1.72 wrist_flex.pos=+81.46 wrist_roll.pos=+13.67 gripper.pos=+29.83
DEBUG 2026-09-03 09:08:07 [action #303] t=12.91s step=302 queue=21 dmax=2.136 | shoulder_pan.pos=+29.53 shoulder_lift.pos=-8.09 elbow_flex.pos=-2.38 wrist_flex.pos=+83.59 wrist_roll.pos=+13.57 gripper.pos=+30.00
DEBUG 2026-09-03 09:08:07 [action #304] t=12.94s step=303 queue=20 dmax=1.827 | shoulder_pan.pos=+28.37 shoulder_lift.pos=-9.80 elbow_flex.pos=-3.27 wrist_flex.pos=+85.42 wrist_roll.pos=+13.48 gripper.pos=+30.14
DEBUG 2026-09-03 09:08:07 [action #305] t=12.98s step=304 queue=19 dmax=2.109 | shoulder_pan.pos=+27.20 shoulder_lift.pos=-11.90 elbow_flex.pos=-3.50 wrist_flex.pos=+87.14 wrist_roll.pos=+13.27 gripper.pos=+30.26
DEBUG 2026-09-03 09:08:07 [action #306] t=13.01s step=305 queue=18 dmax=1.725 | shoulder_pan.pos=+26.34 shoulder_lift.pos=-13.43 elbow_flex.pos=-4.14 wrist_flex.pos=+88.86 wrist_roll.pos=+13.06 gripper.pos=+30.47
DEBUG 2026-09-03 09:08:07 [action #307] t=13.04s step=306 queue=17 dmax=1.441 | shoulder_pan.pos=+25.48 shoulder_lift.pos=-14.87 elbow_flex.pos=-4.79 wrist_flex.pos=+90.24 wrist_roll.pos=+12.72 gripper.pos=+30.71
DEBUG 2026-09-03 09:08:07 [action #308] t=13.08s step=307 queue=16 dmax=1.764 | shoulder_pan.pos=+24.23 shoulder_lift.pos=-16.63 elbow_flex.pos=-4.59 wrist_flex.pos=+91.09 wrist_roll.pos=+12.36 gripper.pos=+30.69
DEBUG 2026-09-03 09:08:07 [action #309] t=13.11s step=308 queue=15 dmax=2.192 | shoulder_pan.pos=+22.88 shoulder_lift.pos=-18.83 elbow_flex.pos=-3.95 wrist_flex.pos=+92.04 wrist_roll.pos=+12.02 gripper.pos=+30.47
DEBUG 2026-09-03 09:08:07 [action #310] t=13.14s step=309 queue=14 dmax=1.458 | shoulder_pan.pos=+22.15 shoulder_lift.pos=-20.28 elbow_flex.pos=-3.54 wrist_flex.pos=+92.56 wrist_roll.pos=+11.72 gripper.pos=+29.37
DEBUG 2026-09-03 09:08:07 [action #311] t=13.18s step=310 queue=13 dmax=2.479 | shoulder_pan.pos=+21.16 shoulder_lift.pos=-22.20 elbow_flex.pos=-2.69 wrist_flex.pos=+92.89 wrist_roll.pos=+11.39 gripper.pos=+26.90
DEBUG 2026-09-03 09:08:07 [action #312] t=13.21s step=311 queue=12 dmax=3.660 | shoulder_pan.pos=+19.99 shoulder_lift.pos=-24.30 elbow_flex.pos=-1.05 wrist_flex.pos=+93.07 wrist_roll.pos=+11.15 gripper.pos=+23.24
DEBUG 2026-09-03 09:08:07 [action #313] t=13.24s step=312 queue=11 dmax=4.215 | shoulder_pan.pos=+18.96 shoulder_lift.pos=-25.78 elbow_flex.pos=+0.98 wrist_flex.pos=+92.85 wrist_roll.pos=+10.95 gripper.pos=+19.02
DEBUG 2026-09-03 09:08:07 [action #314] t=13.28s step=313 queue=10 dmax=3.682 | shoulder_pan.pos=+17.62 shoulder_lift.pos=-27.70 elbow_flex.pos=+2.95 wrist_flex.pos=+92.71 wrist_roll.pos=+10.99 gripper.pos=+15.34
DEBUG 2026-09-03 09:08:07 [action #315] t=13.31s step=314 queue=9 dmax=3.485 | shoulder_pan.pos=+16.39 shoulder_lift.pos=-29.55 elbow_flex.pos=+5.26 wrist_flex.pos=+92.18 wrist_roll.pos=+10.99 gripper.pos=+11.85
DEBUG 2026-09-03 09:08:08 [action #316] t=13.35s step=315 queue=8 dmax=2.997 | shoulder_pan.pos=+15.20 shoulder_lift.pos=-31.53 elbow_flex.pos=+7.24 wrist_flex.pos=+91.76 wrist_roll.pos=+10.99 gripper.pos=+8.86
DEBUG 2026-09-03 09:08:08 [action #317] t=13.38s step=316 queue=7 dmax=2.106 | shoulder_pan.pos=+14.50 shoulder_lift.pos=-33.54 elbow_flex.pos=+9.35 wrist_flex.pos=+90.98 wrist_roll.pos=+10.89 gripper.pos=+6.76
DEBUG 2026-09-03 09:08:08 [action #318] t=13.41s step=317 queue=6 dmax=3.255 | shoulder_pan.pos=+13.18 shoulder_lift.pos=-35.49 elbow_flex.pos=+12.60 wrist_flex.pos=+90.53 wrist_roll.pos=+10.61 gripper.pos=+5.13
DEBUG 2026-09-03 09:08:08 [action #319] t=13.45s step=318 queue=5 dmax=2.624 | shoulder_pan.pos=+12.28 shoulder_lift.pos=-37.96 elbow_flex.pos=+15.22 wrist_flex.pos=+89.97 wrist_roll.pos=+10.48 gripper.pos=+4.26
DEBUG 2026-09-03 09:08:08 [action #320] t=13.48s step=319 queue=4 dmax=3.151 | shoulder_pan.pos=+11.06 shoulder_lift.pos=-41.00 elbow_flex.pos=+18.38 wrist_flex.pos=+89.42 wrist_roll.pos=+10.04 gripper.pos=+3.69
DEBUG 2026-09-03 09:08:08 [action #321] t=13.51s step=320 queue=3 dmax=3.042 | shoulder_pan.pos=+10.48 shoulder_lift.pos=-43.50 elbow_flex.pos=+21.42 wrist_flex.pos=+88.47 wrist_roll.pos=+9.49 gripper.pos=+3.53
DEBUG 2026-09-03 09:08:08 [action #322] t=13.55s step=321 queue=2 dmax=2.835 | shoulder_pan.pos=+9.56 shoulder_lift.pos=-46.22 elbow_flex.pos=+24.25 wrist_flex.pos=+87.45 wrist_roll.pos=+9.15 gripper.pos=+3.39
DEBUG 2026-09-03 09:08:08 [action #323] t=13.58s step=322 queue=1 dmax=2.977 | shoulder_pan.pos=+8.91 shoulder_lift.pos=-49.20 elbow_flex.pos=+27.02 wrist_flex.pos=+86.37 wrist_roll.pos=+8.74 gripper.pos=+3.10
DEBUG 2026-09-03 09:08:08 [chunk] received 50 actions, timesteps 297..346 | first: shoulder_pan.pos=+7.60 shoulder_lift.pos=-56.34 elbow_flex.pos=+34.36 wrist_flex.pos=+86.54 wrist_roll.pos=+8.92 gripper.pos=+1.67 | last: shoulder_pan.pos=-3.91 shoulder_lift.pos=-104.40 elbow_flex.pos=+87.42 wrist_flex.pos=+76.58 wrist_roll.pos=-0.95 gripper.pos=+0.58
DEBUG 2026-09-03 09:08:08 [action #324] t=13.65s step=323 queue=24 dmax=46.994 | shoulder_pan.pos=-0.44 shoulder_lift.pos=-92.60 elbow_flex.pos=+74.01 wrist_flex.pos=+74.44 wrist_roll.pos=-2.38 gripper.pos=+0.79
DEBUG 2026-09-03 09:08:08 [action #325] t=13.68s step=324 queue=23 dmax=1.238 | shoulder_pan.pos=-1.14 shoulder_lift.pos=-93.83 elbow_flex.pos=+74.79 wrist_flex.pos=+74.34 wrist_roll.pos=-2.21 gripper.pos=+0.56
DEBUG 2026-09-03 09:08:08 [action #326] t=13.71s step=325 queue=22 dmax=0.972 | shoulder_pan.pos=-1.79 shoulder_lift.pos=-94.81 elbow_flex.pos=+75.75 wrist_flex.pos=+74.43 wrist_roll.pos=-1.96 gripper.pos=+0.54
DEBUG 2026-09-03 09:08:08 [action #327] t=13.75s step=326 queue=21 dmax=1.318 | shoulder_pan.pos=-2.35 shoulder_lift.pos=-96.12 elbow_flex.pos=+76.58 wrist_flex.pos=+74.42 wrist_roll.pos=-1.71 gripper.pos=+0.49
DEBUG 2026-09-03 09:08:08 [action #328] t=13.78s step=327 queue=20 dmax=0.782 | shoulder_pan.pos=-2.35 shoulder_lift.pos=-96.90 elbow_flex.pos=+77.36 wrist_flex.pos=+74.42 wrist_roll.pos=-1.82 gripper.pos=+0.28
DEBUG 2026-09-03 09:08:08 [action #329] t=13.81s step=328 queue=19 dmax=1.930 | shoulder_pan.pos=-2.46 shoulder_lift.pos=-98.83 elbow_flex.pos=+77.85 wrist_flex.pos=+74.45 wrist_roll.pos=-1.78 gripper.pos=+0.23
DEBUG 2026-09-03 09:08:08 [action #330] t=13.85s step=329 queue=18 dmax=0.774 | shoulder_pan.pos=-2.17 shoulder_lift.pos=-99.60 elbow_flex.pos=+78.51 wrist_flex.pos=+74.46 wrist_roll.pos=-1.80 gripper.pos=+0.40
DEBUG 2026-09-03 09:08:08 [action #331] t=13.88s step=330 queue=17 dmax=0.582 | shoulder_pan.pos=-2.43 shoulder_lift.pos=-100.18 elbow_flex.pos=+78.47 wrist_flex.pos=+74.70 wrist_roll.pos=-1.66 gripper.pos=+0.35
DEBUG 2026-09-03 09:08:08 [action #332] t=13.91s step=331 queue=16 dmax=1.100 | shoulder_pan.pos=-2.25 shoulder_lift.pos=-100.89 elbow_flex.pos=+79.57 wrist_flex.pos=+74.46 wrist_roll.pos=-1.71 gripper.pos=+0.57
DEBUG 2026-09-03 09:08:08 [action #333] t=13.95s step=332 queue=15 dmax=1.562 | shoulder_pan.pos=-2.11 shoulder_lift.pos=-102.45 elbow_flex.pos=+80.16 wrist_flex.pos=+74.58 wrist_roll.pos=-1.72 gripper.pos=+0.43
DEBUG 2026-09-03 09:08:08 [action #334] t=13.98s step=333 queue=14 dmax=1.235 | shoulder_pan.pos=-2.58 shoulder_lift.pos=-103.42 elbow_flex.pos=+81.40 wrist_flex.pos=+74.59 wrist_roll.pos=-1.44 gripper.pos=+0.32
DEBUG 2026-09-03 09:08:08 [action #335] t=14.01s step=334 queue=13 dmax=0.869 | shoulder_pan.pos=-2.66 shoulder_lift.pos=-103.82 elbow_flex.pos=+82.27 wrist_flex.pos=+74.68 wrist_roll.pos=-1.43 gripper.pos=+0.51
DEBUG 2026-09-03 09:08:08 [action #336] t=14.05s step=335 queue=12 dmax=0.868 | shoulder_pan.pos=-2.46 shoulder_lift.pos=-104.50 elbow_flex.pos=+83.13 wrist_flex.pos=+74.68 wrist_roll.pos=-1.33 gripper.pos=+0.42
DEBUG 2026-09-03 09:08:08 [action #337] t=14.08s step=336 queue=11 dmax=1.012 | shoulder_pan.pos=-2.65 shoulder_lift.pos=-105.23 elbow_flex.pos=+84.15 wrist_flex.pos=+74.82 wrist_roll.pos=-1.22 gripper.pos=+0.63
DEBUG 2026-09-03 09:08:08 [action #338] t=14.11s step=337 queue=10 dmax=0.346 | shoulder_pan.pos=-2.93 shoulder_lift.pos=-105.58 elbow_flex.pos=+83.90 wrist_flex.pos=+74.52 wrist_roll.pos=-1.19 gripper.pos=+0.41
DEBUG 2026-09-03 09:08:08 [action #339] t=14.15s step=338 queue=9 dmax=1.397 | shoulder_pan.pos=-3.17 shoulder_lift.pos=-105.93 elbow_flex.pos=+85.30 wrist_flex.pos=+74.80 wrist_roll.pos=-1.27 gripper.pos=+0.44
DEBUG 2026-09-03 09:08:08 [action #340] t=14.18s step=339 queue=8 dmax=0.795 | shoulder_pan.pos=-3.23 shoulder_lift.pos=-105.15 elbow_flex.pos=+86.09 wrist_flex.pos=+74.91 wrist_roll.pos=-1.28 gripper.pos=+0.48
DEBUG 2026-09-03 09:08:08 [action #341] t=14.21s step=340 queue=7 dmax=0.810 | shoulder_pan.pos=-3.68 shoulder_lift.pos=-105.96 elbow_flex.pos=+86.16 wrist_flex.pos=+74.72 wrist_roll.pos=-1.21 gripper.pos=+0.53
DEBUG 2026-09-03 09:08:08 [action #342] t=14.25s step=341 queue=6 dmax=0.472 | shoulder_pan.pos=-3.70 shoulder_lift.pos=-105.48 elbow_flex.pos=+86.29 wrist_flex.pos=+75.14 wrist_roll.pos=-1.16 gripper.pos=+0.47
DEBUG 2026-09-03 09:08:08 [action #343] t=14.28s step=342 queue=5 dmax=0.575 | shoulder_pan.pos=-3.93 shoulder_lift.pos=-104.91 elbow_flex.pos=+86.60 wrist_flex.pos=+75.23 wrist_roll.pos=-1.18 gripper.pos=+0.43
DEBUG 2026-09-03 09:08:08 [action #344] t=14.31s step=343 queue=4 dmax=0.813 | shoulder_pan.pos=-3.95 shoulder_lift.pos=-104.86 elbow_flex.pos=+87.41 wrist_flex.pos=+75.75 wrist_roll.pos=-1.01 gripper.pos=+0.51
DEBUG 2026-09-03 09:08:09 [action #345] t=14.35s step=344 queue=3 dmax=0.539 | shoulder_pan.pos=-3.96 shoulder_lift.pos=-104.32 elbow_flex.pos=+87.25 wrist_flex.pos=+75.83 wrist_roll.pos=-1.04 gripper.pos=+0.53
DEBUG 2026-09-03 09:08:09 [action #346] t=14.38s step=345 queue=2 dmax=0.452 | shoulder_pan.pos=-3.85 shoulder_lift.pos=-104.20 elbow_flex.pos=+87.06 wrist_flex.pos=+76.29 wrist_roll.pos=-0.90 gripper.pos=+0.63
DEBUG 2026-09-03 09:08:09 [action #347] t=14.42s step=346 queue=1 dmax=0.361 | shoulder_pan.pos=-3.91 shoulder_lift.pos=-104.40 elbow_flex.pos=+87.42 wrist_flex.pos=+76.58 wrist_roll.pos=-0.95 gripper.pos=+0.58
DEBUG 2026-09-03 09:08:09 [chunk] received 50 actions, timesteps 322..371 | first: shoulder_pan.pos=+7.73 shoulder_lift.pos=-48.81 elbow_flex.pos=+28.67 wrist_flex.pos=+88.31 wrist_roll.pos=+9.12 gripper.pos=+3.93 | last: shoulder_pan.pos=-2.95 shoulder_lift.pos=-105.61 elbow_flex.pos=+88.11 wrist_flex.pos=+77.43 wrist_roll.pos=-0.97 gripper.pos=+1.03
DEBUG 2026-09-03 09:08:09 [action #348] t=14.58s step=347 queue=25 dmax=17.278 | shoulder_pan.pos=+0.72 shoulder_lift.pos=-88.38 elbow_flex.pos=+70.14 wrist_flex.pos=+72.47 wrist_roll.pos=-3.88 gripper.pos=+1.16
DEBUG 2026-09-03 09:08:09 [action #349] t=14.62s step=348 queue=24 dmax=1.207 | shoulder_pan.pos=+0.58 shoulder_lift.pos=-89.59 elbow_flex.pos=+71.21 wrist_flex.pos=+72.61 wrist_roll.pos=-3.93 gripper.pos=+1.30
DEBUG 2026-09-03 09:08:09 [action #350] t=14.65s step=349 queue=23 dmax=1.837 | shoulder_pan.pos=+0.59 shoulder_lift.pos=-91.42 elbow_flex.pos=+72.50 wrist_flex.pos=+72.68 wrist_roll.pos=-3.82 gripper.pos=+1.43
DEBUG 2026-09-03 09:08:09 [action #351] t=14.68s step=350 queue=22 dmax=1.332 | shoulder_pan.pos=+0.14 shoulder_lift.pos=-92.30 elbow_flex.pos=+73.83 wrist_flex.pos=+72.44 wrist_roll.pos=-3.72 gripper.pos=+1.39
DEBUG 2026-09-03 09:08:09 [action #352] t=14.72s step=351 queue=21 dmax=2.160 | shoulder_pan.pos=+0.04 shoulder_lift.pos=-94.30 elbow_flex.pos=+75.99 wrist_flex.pos=+72.59 wrist_roll.pos=-3.65 gripper.pos=+1.16
DEBUG 2026-09-03 09:08:09 [action #353] t=14.75s step=352 queue=20 dmax=1.403 | shoulder_pan.pos=-0.13 shoulder_lift.pos=-95.71 elbow_flex.pos=+76.87 wrist_flex.pos=+72.55 wrist_roll.pos=-3.66 gripper.pos=+1.27
DEBUG 2026-09-03 09:08:09 [action #354] t=14.78s step=353 queue=19 dmax=1.859 | shoulder_pan.pos=-0.45 shoulder_lift.pos=-97.57 elbow_flex.pos=+77.34 wrist_flex.pos=+72.57 wrist_roll.pos=-3.56 gripper.pos=+1.33
DEBUG 2026-09-03 09:08:09 [action #355] t=14.82s step=354 queue=18 dmax=2.795 | shoulder_pan.pos=-0.65 shoulder_lift.pos=-99.12 elbow_flex.pos=+80.13 wrist_flex.pos=+72.89 wrist_roll.pos=-3.67 gripper.pos=+1.22
DEBUG 2026-09-03 09:08:09 [action #356] t=14.85s step=355 queue=17 dmax=1.472 | shoulder_pan.pos=-1.14 shoulder_lift.pos=-100.59 elbow_flex.pos=+80.79 wrist_flex.pos=+73.07 wrist_roll.pos=-3.61 gripper.pos=+1.17
DEBUG 2026-09-03 09:08:09 [action #357] t=14.88s step=356 queue=16 dmax=2.159 | shoulder_pan.pos=-1.09 shoulder_lift.pos=-102.75 elbow_flex.pos=+81.52 wrist_flex.pos=+72.94 wrist_roll.pos=-3.30 gripper.pos=+1.18
DEBUG 2026-09-03 09:08:09 [action #358] t=14.92s step=357 queue=15 dmax=2.002 | shoulder_pan.pos=-1.42 shoulder_lift.pos=-103.29 elbow_flex.pos=+83.52 wrist_flex.pos=+73.27 wrist_roll.pos=-3.01 gripper.pos=+1.25
DEBUG 2026-09-03 09:08:09 [action #359] t=14.95s step=358 queue=14 dmax=1.689 | shoulder_pan.pos=-1.44 shoulder_lift.pos=-104.98 elbow_flex.pos=+83.95 wrist_flex.pos=+73.59 wrist_roll.pos=-2.84 gripper.pos=+1.10
DEBUG 2026-09-03 09:08:09 [action #360] t=14.98s step=359 queue=13 dmax=1.000 | shoulder_pan.pos=-1.38 shoulder_lift.pos=-105.46 elbow_flex.pos=+84.95 wrist_flex.pos=+73.94 wrist_roll.pos=-2.86 gripper.pos=+1.26
DEBUG 2026-09-03 09:08:09 [action #361] t=15.02s step=360 queue=12 dmax=1.199 | shoulder_pan.pos=-1.64 shoulder_lift.pos=-106.38 elbow_flex.pos=+86.15 wrist_flex.pos=+74.21 wrist_roll.pos=-2.87 gripper.pos=+1.36
DEBUG 2026-09-03 09:08:09 [action #362] t=15.05s step=361 queue=11 dmax=0.717 | shoulder_pan.pos=-1.74 shoulder_lift.pos=-106.33 elbow_flex.pos=+86.59 wrist_flex.pos=+74.92 wrist_roll.pos=-2.69 gripper.pos=+1.13
DEBUG 2026-09-03 09:08:09 [action #363] t=15.08s step=362 queue=10 dmax=0.506 | shoulder_pan.pos=-1.47 shoulder_lift.pos=-106.83 elbow_flex.pos=+86.14 wrist_flex.pos=+75.43 wrist_roll.pos=-2.25 gripper.pos=+1.09
DEBUG 2026-09-03 09:08:09 [action #364] t=15.12s step=363 queue=9 dmax=1.180 | shoulder_pan.pos=-1.85 shoulder_lift.pos=-105.65 elbow_flex.pos=+86.76 wrist_flex.pos=+76.39 wrist_roll.pos=-1.69 gripper.pos=+1.18
DEBUG 2026-09-03 09:08:09 [action #365] t=15.15s step=364 queue=8 dmax=0.792 | shoulder_pan.pos=-2.08 shoulder_lift.pos=-105.83 elbow_flex.pos=+87.46 wrist_flex.pos=+76.90 wrist_roll.pos=-0.90 gripper.pos=+1.24
DEBUG 2026-09-03 09:08:09 [action #366] t=15.18s step=365 queue=7 dmax=0.605 | shoulder_pan.pos=-1.83 shoulder_lift.pos=-105.92 elbow_flex.pos=+87.49 wrist_flex.pos=+77.40 wrist_roll.pos=-0.29 gripper.pos=+1.11
DEBUG 2026-09-03 09:08:09 [action #367] t=15.22s step=366 queue=6 dmax=0.208 | shoulder_pan.pos=-1.81 shoulder_lift.pos=-105.71 elbow_flex.pos=+87.68 wrist_flex.pos=+77.56 wrist_roll.pos=-0.26 gripper.pos=+1.30
DEBUG 2026-09-03 09:08:09 [action #368] t=15.25s step=367 queue=5 dmax=0.613 | shoulder_pan.pos=-1.68 shoulder_lift.pos=-106.19 elbow_flex.pos=+88.29 wrist_flex.pos=+77.47 wrist_roll.pos=-0.08 gripper.pos=+1.17
DEBUG 2026-09-03 09:08:09 [action #369] t=15.28s step=368 queue=4 dmax=0.568 | shoulder_pan.pos=-1.79 shoulder_lift.pos=-105.62 elbow_flex.pos=+87.74 wrist_flex.pos=+77.95 wrist_roll.pos=-0.33 gripper.pos=+1.10
DEBUG 2026-09-03 09:08:09 [action #370] t=15.32s step=369 queue=3 dmax=0.404 | shoulder_pan.pos=-2.08 shoulder_lift.pos=-105.62 elbow_flex.pos=+87.95 wrist_flex.pos=+77.55 wrist_roll.pos=-0.44 gripper.pos=+1.16
DEBUG 2026-09-03 09:08:10 [action #371] t=15.35s step=370 queue=2 dmax=0.676 | shoulder_pan.pos=-2.54 shoulder_lift.pos=-105.43 elbow_flex.pos=+88.62 wrist_flex.pos=+77.45 wrist_roll.pos=-0.65 gripper.pos=+1.13
DEBUG 2026-09-03 09:08:10 [action #372] t=15.39s step=371 queue=1 dmax=0.510 | shoulder_pan.pos=-2.95 shoulder_lift.pos=-105.61 elbow_flex.pos=+88.11 wrist_flex.pos=+77.43 wrist_roll.pos=-0.97 gripper.pos=+1.03
DEBUG 2026-09-03 09:08:10 [chunk] received 50 actions, timesteps 346..395 | first: shoulder_pan.pos=-3.19 shoulder_lift.pos=-101.59 elbow_flex.pos=+88.25 wrist_flex.pos=+77.15 wrist_roll.pos=-1.33 gripper.pos=+0.16 | last: shoulder_pan.pos=-3.16 shoulder_lift.pos=-101.43 elbow_flex.pos=+89.14 wrist_flex.pos=+77.77 wrist_roll.pos=-1.34 gripper.pos=+0.16
DEBUG 2026-09-03 09:08:10 [action #373] t=15.49s step=372 queue=24 dmax=4.400 | shoulder_pan.pos=-3.05 shoulder_lift.pos=-101.21 elbow_flex.pos=+88.82 wrist_flex.pos=+77.69 wrist_roll.pos=-1.39 gripper.pos=+0.02
DEBUG 2026-09-03 09:08:10 [action #374] t=15.52s step=373 queue=23 dmax=0.326 | shoulder_pan.pos=-3.06 shoulder_lift.pos=-101.54 elbow_flex.pos=+88.78 wrist_flex.pos=+77.59 wrist_roll.pos=-1.34 gripper.pos=+0.08
DEBUG 2026-09-03 09:08:10 [action #375] t=15.55s step=374 queue=22 dmax=0.234 | shoulder_pan.pos=-3.06 shoulder_lift.pos=-101.30 elbow_flex.pos=+88.77 wrist_flex.pos=+77.77 wrist_roll.pos=-1.28 gripper.pos=+0.07
DEBUG 2026-09-03 09:08:10 [action #376] t=15.59s step=375 queue=21 dmax=0.654 | shoulder_pan.pos=-2.94 shoulder_lift.pos=-101.96 elbow_flex.pos=+88.85 wrist_flex.pos=+77.96 wrist_roll.pos=-1.39 gripper.pos=+0.05
DEBUG 2026-09-03 09:08:10 [action #377] t=15.62s step=376 queue=20 dmax=0.233 | shoulder_pan.pos=-3.04 shoulder_lift.pos=-101.82 elbow_flex.pos=+88.85 wrist_flex.pos=+77.73 wrist_roll.pos=-1.32 gripper.pos=+0.05
DEBUG 2026-09-03 09:08:10 [action #378] t=15.65s step=377 queue=19 dmax=0.566 | shoulder_pan.pos=-2.85 shoulder_lift.pos=-101.79 elbow_flex.pos=+89.42 wrist_flex.pos=+77.65 wrist_roll.pos=-1.31 gripper.pos=+0.09
DEBUG 2026-09-03 09:08:10 [action #379] t=15.69s step=378 queue=18 dmax=1.029 | shoulder_pan.pos=-3.10 shoulder_lift.pos=-101.38 elbow_flex.pos=+88.39 wrist_flex.pos=+77.63 wrist_roll.pos=-1.28 gripper.pos=+0.00
DEBUG 2026-09-03 09:08:10 [action #380] t=15.72s step=379 queue=17 dmax=0.651 | shoulder_pan.pos=-2.97 shoulder_lift.pos=-101.53 elbow_flex.pos=+89.04 wrist_flex.pos=+77.71 wrist_roll.pos=-1.32 gripper.pos=+0.12
DEBUG 2026-09-03 09:08:10 [action #381] t=15.75s step=380 queue=16 dmax=0.271 | shoulder_pan.pos=-2.97 shoulder_lift.pos=-101.26 elbow_flex.pos=+89.05 wrist_flex.pos=+77.66 wrist_roll.pos=-1.28 gripper.pos=-0.04
DEBUG 2026-09-03 09:08:10 [action #382] t=15.79s step=381 queue=15 dmax=0.309 | shoulder_pan.pos=-3.02 shoulder_lift.pos=-101.54 elbow_flex.pos=+89.36 wrist_flex.pos=+77.79 wrist_roll.pos=-1.37 gripper.pos=+0.01
DEBUG 2026-09-03 09:08:10 [action #383] t=15.82s step=382 queue=14 dmax=1.326 | shoulder_pan.pos=-3.04 shoulder_lift.pos=-101.45 elbow_flex.pos=+88.03 wrist_flex.pos=+77.64 wrist_roll.pos=-1.24 gripper.pos=-0.05
DEBUG 2026-09-03 09:08:10 [action #384] t=15.85s step=383 queue=13 dmax=1.156 | shoulder_pan.pos=-3.08 shoulder_lift.pos=-101.34 elbow_flex.pos=+89.19 wrist_flex.pos=+77.77 wrist_roll.pos=-1.33 gripper.pos=+0.14
DEBUG 2026-09-03 09:08:10 [action #385] t=15.89s step=384 queue=12 dmax=0.480 | shoulder_pan.pos=-2.90 shoulder_lift.pos=-101.58 elbow_flex.pos=+88.71 wrist_flex.pos=+77.76 wrist_roll.pos=-1.32 gripper.pos=+0.08
DEBUG 2026-09-03 09:08:10 [action #386] t=15.92s step=385 queue=11 dmax=0.226 | shoulder_pan.pos=-3.00 shoulder_lift.pos=-101.52 elbow_flex.pos=+88.93 wrist_flex.pos=+77.81 wrist_roll.pos=-1.33 gripper.pos=-0.05
DEBUG 2026-09-03 09:08:10 [action #387] t=15.95s step=386 queue=10 dmax=0.351 | shoulder_pan.pos=-2.96 shoulder_lift.pos=-101.52 elbow_flex.pos=+88.58 wrist_flex.pos=+77.59 wrist_roll.pos=-1.30 gripper.pos=+0.05
DEBUG 2026-09-03 09:08:10 [action #388] t=15.99s step=387 queue=9 dmax=0.504 | shoulder_pan.pos=-2.86 shoulder_lift.pos=-102.03 elbow_flex.pos=+88.54 wrist_flex.pos=+77.72 wrist_roll.pos=-1.38 gripper.pos=+0.03
DEBUG 2026-09-03 09:08:10 [action #389] t=16.02s step=388 queue=8 dmax=0.433 | shoulder_pan.pos=-2.95 shoulder_lift.pos=-101.60 elbow_flex.pos=+88.87 wrist_flex.pos=+77.79 wrist_roll.pos=-1.38 gripper.pos=+0.09
DEBUG 2026-09-03 09:08:10 [action #390] t=16.05s step=389 queue=7 dmax=0.122 | shoulder_pan.pos=-2.99 shoulder_lift.pos=-101.47 elbow_flex.pos=+88.85 wrist_flex.pos=+77.73 wrist_roll.pos=-1.29 gripper.pos=+0.10
DEBUG 2026-09-03 09:08:10 [action #391] t=16.09s step=390 queue=6 dmax=0.621 | shoulder_pan.pos=-2.92 shoulder_lift.pos=-102.09 elbow_flex.pos=+88.74 wrist_flex.pos=+77.69 wrist_roll.pos=-1.40 gripper.pos=+0.10
DEBUG 2026-09-03 09:08:10 [action #392] t=16.12s step=391 queue=5 dmax=0.185 | shoulder_pan.pos=-3.05 shoulder_lift.pos=-101.93 elbow_flex.pos=+88.77 wrist_flex.pos=+77.73 wrist_roll.pos=-1.31 gripper.pos=-0.08
DEBUG 2026-09-03 09:08:10 [action #393] t=16.15s step=392 queue=4 dmax=0.684 | shoulder_pan.pos=-2.97 shoulder_lift.pos=-101.24 elbow_flex.pos=+88.26 wrist_flex.pos=+77.66 wrist_roll.pos=-1.30 gripper.pos=-0.01
DEBUG 2026-09-03 09:08:10 [action #394] t=16.19s step=393 queue=3 dmax=0.690 | shoulder_pan.pos=-2.96 shoulder_lift.pos=-101.28 elbow_flex.pos=+88.95 wrist_flex.pos=+77.97 wrist_roll.pos=-1.31 gripper.pos=-0.06
DEBUG 2026-09-03 09:08:10 [action #395] t=16.22s step=394 queue=2 dmax=0.468 | shoulder_pan.pos=-2.74 shoulder_lift.pos=-101.59 elbow_flex.pos=+89.41 wrist_flex.pos=+77.77 wrist_roll.pos=-1.36 gripper.pos=-0.01
DEBUG 2026-09-03 09:08:10 [action #396] t=16.25s step=395 queue=1 dmax=0.428 | shoulder_pan.pos=-3.16 shoulder_lift.pos=-101.43 elbow_flex.pos=+89.14 wrist_flex.pos=+77.77 wrist_roll.pos=-1.34 gripper.pos=+0.16
DEBUG 2026-09-03 09:08:11 [chunk] received 50 actions, timesteps 371..420 | first: shoulder_pan.pos=-2.20 shoulder_lift.pos=-101.35 elbow_flex.pos=+89.23 wrist_flex.pos=+77.52 wrist_roll.pos=-1.04 gripper.pos=+0.60 | last: shoulder_pan.pos=-2.55 shoulder_lift.pos=-101.72 elbow_flex.pos=+88.57 wrist_flex.pos=+78.20 wrist_roll.pos=-1.18 gripper.pos=+0.68
DEBUG 2026-09-03 09:08:11 [action #397] t=16.42s step=396 queue=25 dmax=0.631 | shoulder_pan.pos=-2.53 shoulder_lift.pos=-101.80 elbow_flex.pos=+89.36 wrist_flex.pos=+78.02 wrist_roll.pos=-1.14 gripper.pos=+0.77
DEBUG 2026-09-03 09:08:11 [action #398] t=16.46s step=397 queue=24 dmax=0.615 | shoulder_pan.pos=-2.56 shoulder_lift.pos=-101.18 elbow_flex.pos=+89.43 wrist_flex.pos=+78.07 wrist_roll.pos=-1.14 gripper.pos=+0.70
DEBUG 2026-09-03 09:08:11 [action #399] t=16.49s step=398 queue=23 dmax=0.347 | shoulder_pan.pos=-2.57 shoulder_lift.pos=-101.32 elbow_flex.pos=+89.08 wrist_flex.pos=+78.02 wrist_roll.pos=-1.13 gripper.pos=+0.69
DEBUG 2026-09-03 09:08:11 [action #400] t=16.52s step=399 queue=22 dmax=0.740 | shoulder_pan.pos=-2.54 shoulder_lift.pos=-102.06 elbow_flex.pos=+89.11 wrist_flex.pos=+78.14 wrist_roll.pos=-1.19 gripper.pos=+0.72
DEBUG 2026-09-03 09:08:11 [action #401] t=16.56s step=400 queue=21 dmax=0.386 | shoulder_pan.pos=-2.57 shoulder_lift.pos=-101.68 elbow_flex.pos=+89.31 wrist_flex.pos=+78.09 wrist_roll.pos=-1.18 gripper.pos=+0.70
DEBUG 2026-09-03 09:08:11 [action #402] t=16.59s step=401 queue=20 dmax=0.483 | shoulder_pan.pos=-2.80 shoulder_lift.pos=-101.19 elbow_flex.pos=+89.10 wrist_flex.pos=+77.87 wrist_roll.pos=-1.17 gripper.pos=+0.65
DEBUG 2026-09-03 09:08:11 [action #403] t=16.62s step=402 queue=19 dmax=0.683 | shoulder_pan.pos=-2.48 shoulder_lift.pos=-101.88 elbow_flex.pos=+89.54 wrist_flex.pos=+78.07 wrist_roll.pos=-1.16 gripper.pos=+0.68
DEBUG 2026-09-03 09:08:11 [action #404] t=16.66s step=403 queue=18 dmax=0.283 | shoulder_pan.pos=-2.50 shoulder_lift.pos=-101.59 elbow_flex.pos=+89.28 wrist_flex.pos=+78.10 wrist_roll.pos=-1.15 gripper.pos=+0.62
DEBUG 2026-09-03 09:08:11 [action #405] t=16.69s step=404 queue=17 dmax=0.182 | shoulder_pan.pos=-2.60 shoulder_lift.pos=-101.78 elbow_flex.pos=+89.30 wrist_flex.pos=+78.09 wrist_roll.pos=-1.24 gripper.pos=+0.66
DEBUG 2026-09-03 09:08:11 [action #406] t=16.72s step=405 queue=16 dmax=0.487 | shoulder_pan.pos=-2.69 shoulder_lift.pos=-101.29 elbow_flex.pos=+89.47 wrist_flex.pos=+77.96 wrist_roll.pos=-1.23 gripper.pos=+0.62
DEBUG 2026-09-03 09:08:11 [action #407] t=16.76s step=406 queue=15 dmax=0.302 | shoulder_pan.pos=-2.40 shoulder_lift.pos=-101.59 elbow_flex.pos=+89.34 wrist_flex.pos=+77.97 wrist_roll.pos=-1.17 gripper.pos=+0.61
DEBUG 2026-09-03 09:08:11 [action #408] t=16.79s step=407 queue=14 dmax=0.349 | shoulder_pan.pos=-2.55 shoulder_lift.pos=-101.24 elbow_flex.pos=+89.15 wrist_flex.pos=+78.12 wrist_roll.pos=-1.20 gripper.pos=+0.70
DEBUG 2026-09-03 09:08:11 [chunk] received 50 actions, timesteps 395..444 | first: shoulder_pan.pos=-2.96 shoulder_lift.pos=-102.56 elbow_flex.pos=+89.68 wrist_flex.pos=+77.52 wrist_roll.pos=-1.09 gripper.pos=+0.19 | last: shoulder_pan.pos=-3.09 shoulder_lift.pos=-101.84 elbow_flex.pos=+89.55 wrist_flex.pos=+78.19 wrist_roll.pos=-1.18 gripper.pos=+0.27
INFO 2026-09-03 09:08:17 Final action sent: shoulder_pan.pos=-2.55 shoulder_lift.pos=-101.24 elbow_flex.pos=+89.15 wrist_flex.pos=+78.12 wrist_roll.pos=-1.20 gripper.pos=+0.70
DEBUG 2026-09-03 09:08:17 === episode end | 22.7s | converged=True | actions=408 ===
