INFO 2026-09-02 10:07:50 strator.py:1230 Decomposing high-level prompt (round 1): 'put everything on the tray'
INFO 2026-09-02 10:07:50 estrator.py:949 Saved VLM frame: runs/run_2026-09-02_10-07-14/01/decompose_20260902_100750.png
  Generated 18 tokens in 4.0s (4.5 tok/s)

Identification output:
{"visible_objects": ["toy", "banana", "tray", "table"]}
INFO 2026-09-02 10:07:54 estrator.py:619 Identified objects (4): ['toy', 'banana', 'tray', 'table']
  Generated 66 tokens in 5.5s (12.1 tok/s)
INFO 2026-09-02 10:07:59 estrator.py:624 Raw VLM decomposition output (225 chars): '{\n  "visible_objects": ["toy", "banana", "tray", "table"],\n  "excluded_objects": [],\n  "completed_objects": [],\n  "allowed_objects": ["toy", "banana"],\n  "subtasks": ["put the toy on the tray", "put the banana on the tray"]\n}'

Visible: ['toy', 'banana', 'tray', 'table']
Excluded: []
Completed: []
Allowed: ['toy', 'banana']

Parsed 2 sub-tasks:
  1. put the toy on the tray
  2. put the banana on the tray
INFO 2026-09-02 10:07:59 strator.py:1248 Sub-task queue (2):
INFO 2026-09-02 10:07:59 strator.py:1250   1. put the toy on the tray
INFO 2026-09-02 10:07:59 strator.py:1250   2. put the banana on the tray
INFO 2026-09-02 10:07:59 strator.py:1301 [1] Executing sub-task: 'put the toy on the tray' (1 retries left)
INFO 2026-09-02 10:07:59 nt_loop.py:1049 VLA inputs for this episode -> vla_failure_test/toy/047_toy/
INFO 2026-09-02 10:07:59 ent_loop.py:689 Control loop started | task: 'put the toy on the tray' | duration: 30.0s
INFO 2026-09-02 10:07:59 ent_loop.py:603 Action receiver thread started
INFO 2026-09-02 10:08:27 ent_loop.py:913 Episode finished: 27.6s, converged=True, max_displacement=184.3149, actions=543
INFO 2026-09-02 10:08:27 ent_loop.py:409 Returning to home position...
INFO 2026-09-02 10:08:29 ent_loop.py:422 Home position reached.
INFO 2026-09-02 10:08:32 estrator.py:979 Saved VLM eval recap (32 frames): runs/run_2026-09-02_10-07-14/01/eval_task1_20260902_100829_recap.png
INFO 2026-09-02 10:08:32 strator.py:1407 Evaluation observation: video clip (32 frames over 20.4s of a 27.6s episode, 1.52 fps)
  Generated 21 tokens in 1.9s (11.1 tok/s)
INFO 2026-09-02 10:08:34 estrator.py:705 Raw eval output: {"success": true, "reason": "The toy is now on the tray as instructed."}
INFO 2026-09-02 10:08:34 strator.py:1449 VLM judgement: success=True | failure_type=RETRY | The toy is now on the tray as instructed.
INFO 2026-09-02 10:08:34 strator.py:1301 [2] Executing sub-task: 'put the banana on the tray' (1 retries left)
INFO 2026-09-02 10:08:34 nt_loop.py:1049 VLA inputs for this episode -> vla_failure_test/banana/048_banana/
INFO 2026-09-02 10:08:34 ent_loop.py:689 Control loop started | task: 'put the banana on the tray' | duration: 30.0s
INFO 2026-09-02 10:08:34 ent_loop.py:603 Action receiver thread started
INFO 2026-09-02 10:08:45 ent_loop.py:913 Episode finished: 11.3s, converged=True, max_displacement=118.9179, actions=178
INFO 2026-09-02 10:08:45 ent_loop.py:409 Returning to home position...
INFO 2026-09-02 10:08:47 ent_loop.py:422 Home position reached.
INFO 2026-09-02 10:08:50 estrator.py:979 Saved VLM eval recap (32 frames): runs/run_2026-09-02_10-07-14/01/eval_task2_20260902_100847_recap.png
INFO 2026-09-02 10:08:50 strator.py:1407 Evaluation observation: video clip (32 frames over 7.3s of a 11.3s episode, 4.23 fps)
  Generated 37 tokens in 2.9s (12.9 tok/s)
INFO 2026-09-02 10:08:53 estrator.py:705 Raw eval output: {"success": false, "failure_type": "RETRY", "reason": "The arm reached the banana but the gripper closed on air and did not grasp it."}
INFO 2026-09-02 10:08:53 strator.py:1449 VLM judgement: success=False | failure_type=RETRY | The arm reached the banana but the gripper closed on air and did not grasp it.
INFO 2026-09-02 10:08:53 strator.py:1194 ATTEMPT attempt=1 original='put the banana on the tray' current='put the banana on the tray' success=False failure_type=RETRY reason='The arm reached the banana but the gripper closed on air and did not grasp it.' refinement=False
INFO 2026-09-02 10:08:53 strator.py:1511 Retrying sub-task (1 attempt(s) left)...
INFO 2026-09-02 10:08:53 strator.py:1301 [2] Executing sub-task: 'put the banana on the tray' (0 retries left)
INFO 2026-09-02 10:08:53 nt_loop.py:1049 VLA inputs for this episode -> vla_failure_test/banana/049_banana/
INFO 2026-09-02 10:08:53 ent_loop.py:689 Control loop started | task: 'put the banana on the tray' | duration: 30.0s
INFO 2026-09-02 10:08:53 ent_loop.py:603 Action receiver thread started
INFO 2026-09-02 10:09:03 ent_loop.py:913 Episode finished: 10.3s, converged=True, max_displacement=7.1608, actions=142
INFO 2026-09-02 10:09:03 ent_loop.py:409 Returning to home position...
INFO 2026-09-02 10:09:05 ent_loop.py:422 Home position reached.
WARNING 2026-09-02 10:09:05 strator.py:1381 No movement detected (max_displacement=7.1608). The object name 'banana' is likely not in the robot's vocabulary.
INFO 2026-09-02 10:09:08 estrator.py:979 Saved VLM eval recap (32 frames): runs/run_2026-09-02_10-07-14/01/eval_task2_20260902_100905_recap.png
INFO 2026-09-02 10:09:08 strator.py:1407 Evaluation observation: video clip (32 frames over 6.7s of a 10.3s episode, 4.66 fps)
  Generated 39 tokens in 3.4s (11.3 tok/s)
INFO 2026-09-02 10:09:11 estrator.py:705 Raw eval output: {"success": false, "failure_type": "RETRY", "reason": "The arm reached the banana but did not grasp it, and the banana remained in its original position."}
INFO 2026-09-02 10:09:11 strator.py:1449 VLM judgement: success=False | failure_type=VOCAB | The arm reached the banana but did not grasp it, and the banana remained in its original position.
INFO 2026-09-02 10:09:11 strator.py:1194 ATTEMPT attempt=2 original='put the banana on the tray' current='put the banana on the tray' success=False failure_type=VOCAB reason='The arm reached the banana but did not grasp it, and the banana remained in its original position.' refinement=False
WARNING 2026-09-02 10:09:11 strator.py:1535 Sub-task 'put the banana on the tray' failed after all retries.
INFO 2026-09-02 10:09:11 strator.py:1544 Triggering replan (0 replan(s) left after this)...
INFO 2026-09-02 10:09:11 strator.py:1545   Completed so far: ['put the toy on the tray']
INFO 2026-09-02 10:09:11 strator.py:1546   Failed: 'put the banana on the tray' — The arm reached the banana but did not grasp it, and the banana remained in its original position.
INFO 2026-09-02 10:09:11 strator.py:1547   Remaining (discarded): []

[REPLAN] Sub-task 'put the banana on the tray' failed after all retries: The arm reached the banana but did not grasp it, and the banana remained in its original position.
[REPLAN] Additional context for the planner (Enter for none, 'q' to abort): WARNING 2026-09-02 10:09:18 strator.py:1221 ABORT requested at the replan prompt — abandoning high-level task 'put everything on the tray' and returning to the prompt.
INFO 2026-09-02 10:09:18 ent_loop.py:409 Returning to home position...
INFO 2026-09-02 10:09:20 ent_loop.py:422 Home position reached.
INFO 2026-09-02 10:09:20 strator.py:1558   Completed before the abort: ['put the toy on the tray']
