INFO 2026-08-06 23:13:14 estrator.py:696 Decomposing high-level prompt: 'put everything on the tray except for the pouch'
INFO 2026-08-06 23:13:14 estrator.py:615 Saved VLM frame: runs/run_2026-08-06_23-04-44/03/decompose_20260806_231314.png
  Generated 23 tokens in 1.8s (12.8 tok/s)

Identification output:
{"visible_objects": ["stuffed animal", "banana", "box", "tray", "table"]}
INFO 2026-08-06 23:13:16 estrator.py:454 Identified objects (5): ['stuffed animal', 'banana', 'box', 'tray', 'table']
  Generated 88 tokens in 6.1s (14.4 tok/s)
INFO 2026-08-06 23:13:22 estrator.py:473 Raw VLM decomposition output (295 chars): '{\n  "visible_objects": ["stuffed animal", "banana", "box", "tray", "table"],\n  "excluded_objects": ["pouch"],\n  "allowed_objects": ["stuffed animal", "banana", "box"],\n  "subtasks": [\n    "put the stuffed animal on the tray",\n    "put the banana on the tray",\n    "put the box on the tray"\n  ]\n}'

Visible: ['stuffed animal', 'banana', 'box', 'tray', 'table']
Excluded: ['pouch']
Allowed: ['stuffed animal', 'banana', 'box']

Parsed 3 sub-tasks:
  1. put the stuffed animal on the tray
  2. put the banana on the tray
  3. put the box on the tray
INFO 2026-08-06 23:13:22 estrator.py:714 Sub-task queue (3):
INFO 2026-08-06 23:13:22 estrator.py:716   1. put the stuffed animal on the tray
INFO 2026-08-06 23:13:22 estrator.py:716   2. put the banana on the tray
INFO 2026-08-06 23:13:22 estrator.py:716   3. put the box on the tray
INFO 2026-08-06 23:13:22 estrator.py:764 [1] Executing sub-task: 'put the stuffed animal on the tray' (1 retries left)
INFO 2026-08-06 23:13:22 ent_loop.py:453 Control loop started | task: 'put the stuffed animal on the tray' | duration: 30.0s
INFO 2026-08-06 23:13:22 ent_loop.py:411 Action receiver thread started
INFO 2026-08-06 23:13:42 ent_loop.py:620 Episode finished: 19.9s, converged=True, max_displacement=175.6738, actions=530
INFO 2026-08-06 23:13:42 ent_loop.py:266 Returning to home position...
INFO 2026-08-06 23:13:44 ent_loop.py:279 Home position reached.
INFO 2026-08-06 23:13:47 estrator.py:646 Saved VLM eval clip (32 frames) to runs/run_2026-08-06_23-04-44/03
INFO 2026-08-06 23:13:47 estrator.py:877 Evaluation observation: video clip (32 frames over 19.2s of a 19.9s episode, 1.62 fps)
  Generated 22 tokens in 1.9s (11.5 tok/s)
INFO 2026-08-06 23:13:49 estrator.py:506 Raw eval output: {"success": true, "reason": "The stuffed animal is now on the tray as instructed."}
INFO 2026-08-06 23:13:49 estrator.py:926 VLM judgement: success=True | The stuffed animal is now on the tray as instructed.
INFO 2026-08-06 23:13:49 estrator.py:764 [2] Executing sub-task: 'put the banana on the tray' (1 retries left)
INFO 2026-08-06 23:13:49 ent_loop.py:453 Control loop started | task: 'put the banana on the tray' | duration: 30.0s
INFO 2026-08-06 23:13:49 ent_loop.py:411 Action receiver thread started
INFO 2026-08-06 23:14:06 ent_loop.py:620 Episode finished: 17.1s, converged=True, max_displacement=201.8185, actions=475
INFO 2026-08-06 23:14:06 ent_loop.py:266 Returning to home position...
INFO 2026-08-06 23:14:08 ent_loop.py:279 Home position reached.
INFO 2026-08-06 23:14:11 estrator.py:646 Saved VLM eval clip (32 frames) to runs/run_2026-08-06_23-04-44/03
INFO 2026-08-06 23:14:11 estrator.py:877 Evaluation observation: video clip (32 frames over 16.9s of a 17.1s episode, 1.84 fps)
  Generated 21 tokens in 1.9s (11.3 tok/s)
INFO 2026-08-06 23:14:13 estrator.py:506 Raw eval output: {"success": true, "reason": "The banana is now on the tray as instructed."}
INFO 2026-08-06 23:14:13 estrator.py:926 VLM judgement: success=True | The banana is now on the tray as instructed.
INFO 2026-08-06 23:14:13 estrator.py:764 [3] Executing sub-task: 'put the box on the tray' (1 retries left)
INFO 2026-08-06 23:14:13 ent_loop.py:453 Control loop started | task: 'put the box on the tray' | duration: 30.0s
INFO 2026-08-06 23:14:13 ent_loop.py:411 Action receiver thread started
INFO 2026-08-06 23:14:19 ent_loop.py:620 Episode finished: 6.4s, converged=True, max_displacement=2.4028, actions=113
INFO 2026-08-06 23:14:19 ent_loop.py:266 Returning to home position...
INFO 2026-08-06 23:14:21 ent_loop.py:279 Home position reached.
INFO 2026-08-06 23:14:24 estrator.py:646 Saved VLM eval clip (29 frames) to runs/run_2026-08-06_23-04-44/03
INFO 2026-08-06 23:14:24 estrator.py:877 Evaluation observation: video clip (29 frames over 6.0s of a 6.4s episode, 4.70 fps)
  Generated 24 tokens in 2.0s (11.9 tok/s)
INFO 2026-08-06 23:14:26 estrator.py:506 Raw eval output: {"success": false, "reason": "The box is still on the table, not on the tray."}
INFO 2026-08-06 23:14:26 estrator.py:926 VLM judgement: success=False | The box is still on the table, not on the tray.
INFO 2026-08-06 23:14:26 estrator.py:933 Retrying sub-task (1 attempt(s) left)...
INFO 2026-08-06 23:14:26 estrator.py:764 [3] Executing sub-task: 'put the box on the tray' (0 retries left)
INFO 2026-08-06 23:14:26 ent_loop.py:453 Control loop started | task: 'put the box on the tray' | duration: 30.0s
INFO 2026-08-06 23:14:26 ent_loop.py:411 Action receiver thread started
INFO 2026-08-06 23:14:34 ent_loop.py:620 Episode finished: 7.3s, converged=True, max_displacement=2.4225, actions=129
INFO 2026-08-06 23:14:34 ent_loop.py:266 Returning to home position...
INFO 2026-08-06 23:14:36 ent_loop.py:279 Home position reached.
INFO 2026-08-06 23:14:38 estrator.py:646 Saved VLM eval clip (30 frames) to runs/run_2026-08-06_23-04-44/03
INFO 2026-08-06 23:14:38 estrator.py:877 Evaluation observation: video clip (30 frames over 6.0s of a 7.3s episode, 4.87 fps)
  Generated 24 tokens in 2.0s (11.9 tok/s)
INFO 2026-08-06 23:14:41 estrator.py:506 Raw eval output: {"success": false, "reason": "The box is still on the table, not on the tray."}
INFO 2026-08-06 23:14:41 estrator.py:926 VLM judgement: success=False | The box is still on the table, not on the tray.
WARNING 2026-08-06 23:14:41 estrator.py:955 Sub-task 'put the box on the tray' failed after all retries.
INFO 2026-08-06 23:14:41 estrator.py:964 Triggering replan (0 replan(s) left after this)...
INFO 2026-08-06 23:14:41 estrator.py:965   Completed so far: ['put the stuffed animal on the tray', 'put the banana on the tray']
INFO 2026-08-06 23:14:41 estrator.py:966   Failed: 'put the box on the tray' — The box is still on the table, not on the tray.
INFO 2026-08-06 23:14:41 estrator.py:967   Remaining (discarded): []

[REPLAN] Sub-task 'put the box on the tray' failed after all retries: The box is still on the table, not on the tray.
[REPLAN] Additional context for the planner (Enter for none, 'q' to abort): WARNING 2026-08-06 23:14:52 estrator.py:691 ABORT requested at the replan prompt — abandoning high-level task 'put everything on the tray except for the pouch' and returning to the prompt.
INFO 2026-08-06 23:14:52 ent_loop.py:266 Returning to home position...
INFO 2026-08-06 23:14:54 ent_loop.py:279 Home position reached.
INFO 2026-08-06 23:14:54 estrator.py:978   Completed before the abort: ['put the stuffed animal on the tray', 'put the banana on the tray']
