DEBUG 2026-09-03 09:50:34 === episode start | task: 'put the roll on the tray' | duration: 50.0s ===
DEBUG 2026-09-03 09:50:35 [chunk] received 50 actions, timesteps 0..49 | first: shoulder_pan.pos=-4.81 shoulder_lift.pos=-102.16 elbow_flex.pos=+87.67 wrist_flex.pos=+76.92 wrist_roll.pos=-1.09 gripper.pos=+0.95 | last: shoulder_pan.pos=-6.07 shoulder_lift.pos=-101.89 elbow_flex.pos=+88.05 wrist_flex.pos=+77.29 wrist_roll.pos=-1.18 gripper.pos=+0.98
DEBUG 2026-09-03 09:50:35 [action #1] t=1.04s step=0 queue=50 dmax=n/a | shoulder_pan.pos=-4.81 shoulder_lift.pos=-102.16 elbow_flex.pos=+87.67 wrist_flex.pos=+76.92 wrist_roll.pos=-1.09 gripper.pos=+0.95
DEBUG 2026-09-03 09:50:35 [action #2] t=1.07s step=1 queue=49 dmax=0.723 | shoulder_pan.pos=-5.13 shoulder_lift.pos=-102.01 elbow_flex.pos=+88.40 wrist_flex.pos=+76.94 wrist_roll.pos=-1.01 gripper.pos=+0.92
DEBUG 2026-09-03 09:50:35 [action #3] t=1.10s step=2 queue=48 dmax=0.282 | shoulder_pan.pos=-5.21 shoulder_lift.pos=-101.87 elbow_flex.pos=+88.11 wrist_flex.pos=+77.12 wrist_roll.pos=-1.00 gripper.pos=+1.00
DEBUG 2026-09-03 09:50:35 [action #4] t=1.14s step=3 queue=47 dmax=0.656 | shoulder_pan.pos=-5.53 shoulder_lift.pos=-102.53 elbow_flex.pos=+87.59 wrist_flex.pos=+77.11 wrist_roll.pos=-0.99 gripper.pos=+0.98
DEBUG 2026-09-03 09:50:35 [action #5] t=1.17s step=4 queue=46 dmax=0.664 | shoulder_pan.pos=-5.30 shoulder_lift.pos=-102.12 elbow_flex.pos=+88.26 wrist_flex.pos=+77.01 wrist_roll.pos=-1.04 gripper.pos=+0.99
DEBUG 2026-09-03 09:50:35 [action #6] t=1.20s step=5 queue=45 dmax=0.242 | shoulder_pan.pos=-5.54 shoulder_lift.pos=-101.93 elbow_flex.pos=+88.31 wrist_flex.pos=+76.90 wrist_roll.pos=-1.05 gripper.pos=+0.97
DEBUG 2026-09-03 09:50:35 [action #7] t=1.24s step=6 queue=44 dmax=0.308 | shoulder_pan.pos=-5.41 shoulder_lift.pos=-102.03 elbow_flex.pos=+88.62 wrist_flex.pos=+77.04 wrist_roll.pos=-0.96 gripper.pos=+1.08
DEBUG 2026-09-03 09:50:35 [action #8] t=1.27s step=7 queue=43 dmax=0.663 | shoulder_pan.pos=-5.84 shoulder_lift.pos=-101.77 elbow_flex.pos=+87.96 wrist_flex.pos=+77.13 wrist_roll.pos=-1.00 gripper.pos=+1.02
DEBUG 2026-09-03 09:50:35 [action #9] t=1.30s step=8 queue=42 dmax=0.208 | shoulder_pan.pos=-5.68 shoulder_lift.pos=-101.98 elbow_flex.pos=+87.98 wrist_flex.pos=+77.01 wrist_roll.pos=-0.99 gripper.pos=+1.04
DEBUG 2026-09-03 09:50:35 [action #10] t=1.34s step=9 queue=41 dmax=0.577 | shoulder_pan.pos=-5.77 shoulder_lift.pos=-102.35 elbow_flex.pos=+88.55 wrist_flex.pos=+77.16 wrist_roll.pos=-1.03 gripper.pos=+0.96
DEBUG 2026-09-03 09:50:36 [action #11] t=1.37s step=10 queue=40 dmax=0.256 | shoulder_pan.pos=-5.99 shoulder_lift.pos=-102.09 elbow_flex.pos=+88.49 wrist_flex.pos=+77.27 wrist_roll.pos=-1.07 gripper.pos=+0.99
DEBUG 2026-09-03 09:50:36 [action #12] t=1.41s step=11 queue=39 dmax=0.651 | shoulder_pan.pos=-6.29 shoulder_lift.pos=-101.82 elbow_flex.pos=+87.84 wrist_flex.pos=+77.10 wrist_roll.pos=-1.05 gripper.pos=+1.10
DEBUG 2026-09-03 09:50:36 [action #13] t=1.44s step=12 queue=38 dmax=0.471 | shoulder_pan.pos=-6.10 shoulder_lift.pos=-102.01 elbow_flex.pos=+88.31 wrist_flex.pos=+77.03 wrist_roll.pos=-1.02 gripper.pos=+1.00
DEBUG 2026-09-03 09:50:36 [action #14] t=1.47s step=13 queue=37 dmax=0.220 | shoulder_pan.pos=-6.31 shoulder_lift.pos=-101.79 elbow_flex.pos=+88.48 wrist_flex.pos=+77.19 wrist_roll.pos=-1.08 gripper.pos=+1.07
DEBUG 2026-09-03 09:50:36 [action #15] t=1.51s step=14 queue=36 dmax=0.253 | shoulder_pan.pos=-6.33 shoulder_lift.pos=-101.92 elbow_flex.pos=+88.22 wrist_flex.pos=+77.18 wrist_roll.pos=-1.05 gripper.pos=+0.99
DEBUG 2026-09-03 09:50:36 [action #16] t=1.54s step=15 queue=35 dmax=0.429 | shoulder_pan.pos=-6.38 shoulder_lift.pos=-101.60 elbow_flex.pos=+88.65 wrist_flex.pos=+77.12 wrist_roll.pos=-1.03 gripper.pos=+1.02
DEBUG 2026-09-03 09:50:36 [action #17] t=1.57s step=16 queue=34 dmax=0.378 | shoulder_pan.pos=-6.43 shoulder_lift.pos=-101.30 elbow_flex.pos=+88.28 wrist_flex.pos=+77.27 wrist_roll.pos=-1.05 gripper.pos=+1.00
DEBUG 2026-09-03 09:50:36 [action #18] t=1.61s step=17 queue=33 dmax=0.209 | shoulder_pan.pos=-6.64 shoulder_lift.pos=-101.32 elbow_flex.pos=+88.26 wrist_flex.pos=+77.34 wrist_roll.pos=-0.99 gripper.pos=+0.88
DEBUG 2026-09-03 09:50:36 [action #19] t=1.64s step=18 queue=32 dmax=0.723 | shoulder_pan.pos=-6.77 shoulder_lift.pos=-102.04 elbow_flex.pos=+88.53 wrist_flex.pos=+77.35 wrist_roll.pos=-1.08 gripper.pos=+0.96
DEBUG 2026-09-03 09:50:36 [action #20] t=1.67s step=19 queue=31 dmax=0.786 | shoulder_pan.pos=-6.75 shoulder_lift.pos=-102.13 elbow_flex.pos=+87.75 wrist_flex.pos=+77.47 wrist_roll.pos=-0.99 gripper.pos=+0.96
DEBUG 2026-09-03 09:50:36 [action #21] t=1.71s step=20 queue=30 dmax=1.047 | shoulder_pan.pos=-6.54 shoulder_lift.pos=-101.33 elbow_flex.pos=+88.79 wrist_flex.pos=+77.67 wrist_roll.pos=-1.05 gripper.pos=+1.07
DEBUG 2026-09-03 09:50:36 [action #22] t=1.74s step=21 queue=29 dmax=0.798 | shoulder_pan.pos=-6.86 shoulder_lift.pos=-102.13 elbow_flex.pos=+88.34 wrist_flex.pos=+77.79 wrist_roll.pos=-1.09 gripper.pos=+1.08
DEBUG 2026-09-03 09:50:36 [action #23] t=1.77s step=22 queue=28 dmax=0.472 | shoulder_pan.pos=-6.68 shoulder_lift.pos=-102.05 elbow_flex.pos=+87.87 wrist_flex.pos=+77.65 wrist_roll.pos=-1.09 gripper.pos=+1.05
DEBUG 2026-09-03 09:50:36 [action #24] t=1.81s step=23 queue=27 dmax=0.228 | shoulder_pan.pos=-6.58 shoulder_lift.pos=-101.82 elbow_flex.pos=+87.95 wrist_flex.pos=+77.58 wrist_roll.pos=-1.08 gripper.pos=+1.09
DEBUG 2026-09-03 09:50:36 [action #25] t=1.84s step=24 queue=26 dmax=0.310 | shoulder_pan.pos=-6.50 shoulder_lift.pos=-102.07 elbow_flex.pos=+88.26 wrist_flex.pos=+77.68 wrist_roll.pos=-1.06 gripper.pos=+1.10
DEBUG 2026-09-03 09:50:36 [action #26] t=1.87s step=25 queue=25 dmax=0.538 | shoulder_pan.pos=-6.39 shoulder_lift.pos=-101.53 elbow_flex.pos=+88.00 wrist_flex.pos=+77.77 wrist_roll.pos=-1.08 gripper.pos=+1.08
DEBUG 2026-09-03 09:50:36 [action #27] t=1.91s step=26 queue=24 dmax=0.475 | shoulder_pan.pos=-6.63 shoulder_lift.pos=-102.01 elbow_flex.pos=+88.28 wrist_flex.pos=+77.77 wrist_roll.pos=-1.12 gripper.pos=+1.06
DEBUG 2026-09-03 09:50:36 [action #28] t=1.94s step=27 queue=23 dmax=0.374 | shoulder_pan.pos=-6.26 shoulder_lift.pos=-102.10 elbow_flex.pos=+88.38 wrist_flex.pos=+77.60 wrist_roll.pos=-1.11 gripper.pos=+1.07
DEBUG 2026-09-03 09:50:36 [action #29] t=1.97s step=28 queue=22 dmax=0.532 | shoulder_pan.pos=-6.61 shoulder_lift.pos=-102.04 elbow_flex.pos=+87.85 wrist_flex.pos=+77.77 wrist_roll.pos=-1.08 gripper.pos=+0.99
DEBUG 2026-09-03 09:50:36 [action #30] t=2.01s step=29 queue=21 dmax=0.192 | shoulder_pan.pos=-6.76 shoulder_lift.pos=-102.23 elbow_flex.pos=+87.86 wrist_flex.pos=+77.71 wrist_roll.pos=-1.00 gripper.pos=+1.04
DEBUG 2026-09-03 09:50:36 [action #31] t=2.04s step=30 queue=20 dmax=0.585 | shoulder_pan.pos=-6.40 shoulder_lift.pos=-101.83 elbow_flex.pos=+88.45 wrist_flex.pos=+77.53 wrist_roll.pos=-1.13 gripper.pos=+1.24
DEBUG 2026-09-03 09:50:36 [chunk] received 50 actions, timesteps 3..52 | first: shoulder_pan.pos=-7.74 shoulder_lift.pos=-102.53 elbow_flex.pos=+87.62 wrist_flex.pos=+76.98 wrist_roll.pos=-1.07 gripper.pos=+0.98 | last: shoulder_pan.pos=-10.77 shoulder_lift.pos=-101.43 elbow_flex.pos=+87.92 wrist_flex.pos=+77.22 wrist_roll.pos=-1.29 gripper.pos=+0.98
DEBUG 2026-09-03 09:50:36 [action #32] t=2.07s step=31 queue=22 dmax=2.229 | shoulder_pan.pos=-8.63 shoulder_lift.pos=-101.71 elbow_flex.pos=+87.61 wrist_flex.pos=+77.37 wrist_roll.pos=-1.17 gripper.pos=+0.94
DEBUG 2026-09-03 09:50:36 [action #33] t=2.11s step=32 queue=21 dmax=0.378 | shoulder_pan.pos=-8.57 shoulder_lift.pos=-101.35 elbow_flex.pos=+87.99 wrist_flex.pos=+77.30 wrist_roll.pos=-1.11 gripper.pos=+0.91
DEBUG 2026-09-03 09:50:36 [action #34] t=2.14s step=33 queue=20 dmax=0.311 | shoulder_pan.pos=-8.66 shoulder_lift.pos=-101.51 elbow_flex.pos=+87.67 wrist_flex.pos=+77.35 wrist_roll.pos=-1.09 gripper.pos=+1.01
DEBUG 2026-09-03 09:50:36 [action #35] t=2.17s step=34 queue=19 dmax=0.600 | shoulder_pan.pos=-8.56 shoulder_lift.pos=-102.11 elbow_flex.pos=+88.25 wrist_flex.pos=+77.24 wrist_roll.pos=-1.15 gripper.pos=+1.03
DEBUG 2026-09-03 09:50:36 [action #36] t=2.21s step=35 queue=18 dmax=0.526 | shoulder_pan.pos=-8.72 shoulder_lift.pos=-101.59 elbow_flex.pos=+87.83 wrist_flex.pos=+77.37 wrist_roll.pos=-1.14 gripper.pos=+0.90
DEBUG 2026-09-03 09:50:36 [action #37] t=2.24s step=36 queue=17 dmax=0.263 | shoulder_pan.pos=-8.75 shoulder_lift.pos=-101.60 elbow_flex.pos=+88.10 wrist_flex.pos=+77.40 wrist_roll.pos=-1.19 gripper.pos=+1.01
DEBUG 2026-09-03 09:50:36 [action #38] t=2.27s step=37 queue=16 dmax=0.372 | shoulder_pan.pos=-8.68 shoulder_lift.pos=-101.23 elbow_flex.pos=+88.19 wrist_flex.pos=+77.37 wrist_roll.pos=-1.13 gripper.pos=+1.05
DEBUG 2026-09-03 09:50:36 [action #39] t=2.31s step=38 queue=15 dmax=0.389 | shoulder_pan.pos=-8.76 shoulder_lift.pos=-101.62 elbow_flex.pos=+87.96 wrist_flex.pos=+77.36 wrist_roll.pos=-1.22 gripper.pos=+1.04
DEBUG 2026-09-03 09:50:36 [action #40] t=2.34s step=39 queue=14 dmax=0.751 | shoulder_pan.pos=-8.78 shoulder_lift.pos=-100.87 elbow_flex.pos=+88.05 wrist_flex.pos=+77.20 wrist_roll.pos=-1.20 gripper.pos=+1.02
DEBUG 2026-09-03 09:50:37 [action #41] t=2.37s step=40 queue=13 dmax=0.361 | shoulder_pan.pos=-8.75 shoulder_lift.pos=-101.23 elbow_flex.pos=+88.19 wrist_flex.pos=+77.19 wrist_roll.pos=-1.18 gripper.pos=+0.96
DEBUG 2026-09-03 09:50:37 [action #42] t=2.41s step=41 queue=12 dmax=0.278 | shoulder_pan.pos=-8.74 shoulder_lift.pos=-101.50 elbow_flex.pos=+87.91 wrist_flex.pos=+77.37 wrist_roll.pos=-1.22 gripper.pos=+1.03
DEBUG 2026-09-03 09:50:37 [action #43] t=2.44s step=42 queue=11 dmax=0.759 | shoulder_pan.pos=-8.74 shoulder_lift.pos=-100.74 elbow_flex.pos=+88.04 wrist_flex.pos=+77.34 wrist_roll.pos=-1.14 gripper.pos=+0.93
DEBUG 2026-09-03 09:50:37 [action #44] t=2.48s step=43 queue=10 dmax=1.046 | shoulder_pan.pos=-8.93 shoulder_lift.pos=-101.79 elbow_flex.pos=+88.15 wrist_flex.pos=+77.34 wrist_roll.pos=-1.18 gripper.pos=+1.02
DEBUG 2026-09-03 09:50:37 [action #45] t=2.51s step=44 queue=9 dmax=0.298 | shoulder_pan.pos=-8.88 shoulder_lift.pos=-101.49 elbow_flex.pos=+88.31 wrist_flex.pos=+77.16 wrist_roll.pos=-1.20 gripper.pos=+1.00
DEBUG 2026-09-03 09:50:37 [action #46] t=2.54s step=45 queue=8 dmax=0.221 | shoulder_pan.pos=-8.95 shoulder_lift.pos=-101.54 elbow_flex.pos=+88.09 wrist_flex.pos=+77.17 wrist_roll.pos=-1.19 gripper.pos=+0.92
DEBUG 2026-09-03 09:50:37 [action #47] t=2.58s step=46 queue=7 dmax=0.225 | shoulder_pan.pos=-8.87 shoulder_lift.pos=-101.49 elbow_flex.pos=+87.87 wrist_flex.pos=+77.15 wrist_roll.pos=-1.19 gripper.pos=+0.89
DEBUG 2026-09-03 09:50:37 [action #48] t=2.61s step=47 queue=6 dmax=0.336 | shoulder_pan.pos=-8.98 shoulder_lift.pos=-101.71 elbow_flex.pos=+88.20 wrist_flex.pos=+77.11 wrist_roll.pos=-1.16 gripper.pos=+0.92
DEBUG 2026-09-03 09:50:37 [action #49] t=2.64s step=48 queue=5 dmax=0.521 | shoulder_pan.pos=-8.94 shoulder_lift.pos=-101.52 elbow_flex.pos=+87.68 wrist_flex.pos=+77.32 wrist_roll.pos=-1.15 gripper.pos=+0.94
DEBUG 2026-09-03 09:50:37 [action #50] t=2.68s step=49 queue=4 dmax=0.489 | shoulder_pan.pos=-9.08 shoulder_lift.pos=-101.68 elbow_flex.pos=+88.17 wrist_flex.pos=+77.21 wrist_roll.pos=-1.24 gripper.pos=+0.95
DEBUG 2026-09-03 09:50:37 [action #51] t=2.71s step=50 queue=3 dmax=1.432 | shoulder_pan.pos=-10.51 shoulder_lift.pos=-101.71 elbow_flex.pos=+87.69 wrist_flex.pos=+77.03 wrist_roll.pos=-1.23 gripper.pos=+0.85
DEBUG 2026-09-03 09:50:37 [action #52] t=2.74s step=51 queue=2 dmax=0.345 | shoulder_pan.pos=-10.61 shoulder_lift.pos=-101.61 elbow_flex.pos=+88.04 wrist_flex.pos=+77.08 wrist_roll.pos=-1.34 gripper.pos=+0.95
DEBUG 2026-09-03 09:50:37 [action #53] t=2.78s step=52 queue=1 dmax=0.184 | shoulder_pan.pos=-10.77 shoulder_lift.pos=-101.43 elbow_flex.pos=+87.92 wrist_flex.pos=+77.22 wrist_roll.pos=-1.29 gripper.pos=+0.98
DEBUG 2026-09-03 09:50:37 [chunk] received 50 actions, timesteps 30..79 | first: shoulder_pan.pos=-6.36 shoulder_lift.pos=-101.75 elbow_flex.pos=+88.32 wrist_flex.pos=+76.88 wrist_roll.pos=-1.30 gripper.pos=+0.78 | last: shoulder_pan.pos=-6.58 shoulder_lift.pos=-101.62 elbow_flex.pos=+87.81 wrist_flex.pos=+76.82 wrist_roll.pos=-1.38 gripper.pos=+0.92
DEBUG 2026-09-03 09:50:37 [action #54] t=3.01s step=53 queue=27 dmax=4.054 | shoulder_pan.pos=-6.72 shoulder_lift.pos=-102.08 elbow_flex.pos=+89.14 wrist_flex.pos=+76.80 wrist_roll.pos=-1.30 gripper.pos=+0.80
DEBUG 2026-09-03 09:50:37 [action #55] t=3.04s step=54 queue=26 dmax=0.600 | shoulder_pan.pos=-6.59 shoulder_lift.pos=-101.84 elbow_flex.pos=+88.54 wrist_flex.pos=+76.90 wrist_roll.pos=-1.31 gripper.pos=+0.79
DEBUG 2026-09-03 09:50:37 [action #56] t=3.08s step=55 queue=25 dmax=0.705 | shoulder_pan.pos=-6.40 shoulder_lift.pos=-101.52 elbow_flex.pos=+89.24 wrist_flex.pos=+76.83 wrist_roll.pos=-1.37 gripper.pos=+0.85
DEBUG 2026-09-03 09:50:37 [action #57] t=3.11s step=56 queue=24 dmax=0.676 | shoulder_pan.pos=-6.30 shoulder_lift.pos=-102.19 elbow_flex.pos=+88.59 wrist_flex.pos=+76.78 wrist_roll.pos=-1.36 gripper.pos=+0.80
DEBUG 2026-09-03 09:50:37 [action #58] t=3.14s step=57 queue=23 dmax=0.327 | shoulder_pan.pos=-6.51 shoulder_lift.pos=-102.10 elbow_flex.pos=+88.92 wrist_flex.pos=+77.08 wrist_roll.pos=-1.42 gripper.pos=+0.83
DEBUG 2026-09-03 09:50:37 [action #59] t=3.18s step=58 queue=22 dmax=0.716 | shoulder_pan.pos=-6.69 shoulder_lift.pos=-102.81 elbow_flex.pos=+88.30 wrist_flex.pos=+76.97 wrist_roll.pos=-1.32 gripper.pos=+0.82
DEBUG 2026-09-03 09:50:37 [action #60] t=3.21s step=59 queue=21 dmax=0.381 | shoulder_pan.pos=-6.31 shoulder_lift.pos=-102.60 elbow_flex.pos=+88.28 wrist_flex.pos=+77.19 wrist_roll.pos=-1.33 gripper.pos=+0.86
DEBUG 2026-09-03 09:50:37 [action #61] t=3.24s step=60 queue=20 dmax=0.363 | shoulder_pan.pos=-6.57 shoulder_lift.pos=-102.24 elbow_flex.pos=+88.39 wrist_flex.pos=+76.89 wrist_roll.pos=-1.33 gripper.pos=+0.86
DEBUG 2026-09-03 09:50:37 [action #62] t=3.28s step=61 queue=19 dmax=0.536 | shoulder_pan.pos=-6.43 shoulder_lift.pos=-101.70 elbow_flex.pos=+88.76 wrist_flex.pos=+77.02 wrist_roll.pos=-1.32 gripper.pos=+1.01
DEBUG 2026-09-03 09:50:37 [action #63] t=3.31s step=62 queue=18 dmax=0.672 | shoulder_pan.pos=-6.78 shoulder_lift.pos=-102.38 elbow_flex.pos=+88.64 wrist_flex.pos=+77.08 wrist_roll.pos=-1.32 gripper.pos=+1.03
DEBUG 2026-09-03 09:50:37 [action #64] t=3.34s step=63 queue=17 dmax=0.892 | shoulder_pan.pos=-6.52 shoulder_lift.pos=-102.39 elbow_flex.pos=+87.75 wrist_flex.pos=+76.86 wrist_roll.pos=-1.37 gripper.pos=+0.83
DEBUG 2026-09-03 09:50:38 [action #65] t=3.38s step=64 queue=16 dmax=1.081 | shoulder_pan.pos=-6.80 shoulder_lift.pos=-102.04 elbow_flex.pos=+88.83 wrist_flex.pos=+77.33 wrist_roll.pos=-1.38 gripper.pos=+0.84
DEBUG 2026-09-03 09:50:38 [action #66] t=3.41s step=65 queue=15 dmax=0.356 | shoulder_pan.pos=-6.71 shoulder_lift.pos=-101.69 elbow_flex.pos=+88.83 wrist_flex.pos=+76.98 wrist_roll.pos=-1.34 gripper.pos=+0.93
DEBUG 2026-09-03 09:50:38 [action #67] t=3.45s step=66 queue=14 dmax=1.017 | shoulder_pan.pos=-6.64 shoulder_lift.pos=-102.71 elbow_flex.pos=+87.83 wrist_flex.pos=+76.99 wrist_roll.pos=-1.26 gripper.pos=+0.92
DEBUG 2026-09-03 09:50:38 [action #68] t=3.48s step=67 queue=13 dmax=1.128 | shoulder_pan.pos=-6.68 shoulder_lift.pos=-101.58 elbow_flex.pos=+88.50 wrist_flex.pos=+77.07 wrist_roll.pos=-1.27 gripper.pos=+0.92
DEBUG 2026-09-03 09:50:38 [action #69] t=3.51s step=68 queue=12 dmax=0.556 | shoulder_pan.pos=-6.62 shoulder_lift.pos=-102.13 elbow_flex.pos=+88.00 wrist_flex.pos=+76.90 wrist_roll.pos=-1.37 gripper.pos=+0.90
DEBUG 2026-09-03 09:50:38 [action #70] t=3.55s step=69 queue=11 dmax=0.193 | shoulder_pan.pos=-6.65 shoulder_lift.pos=-101.94 elbow_flex.pos=+87.96 wrist_flex.pos=+76.94 wrist_roll.pos=-1.40 gripper.pos=+0.73
DEBUG 2026-09-03 09:50:38 [action #71] t=3.58s step=70 queue=10 dmax=0.361 | shoulder_pan.pos=-7.01 shoulder_lift.pos=-101.74 elbow_flex.pos=+88.24 wrist_flex.pos=+77.02 wrist_roll.pos=-1.36 gripper.pos=+0.87
DEBUG 2026-09-03 09:50:38 [action #72] t=3.61s step=71 queue=9 dmax=1.036 | shoulder_pan.pos=-6.38 shoulder_lift.pos=-101.75 elbow_flex.pos=+89.27 wrist_flex.pos=+77.07 wrist_roll.pos=-1.41 gripper.pos=+0.82
DEBUG 2026-09-03 09:50:38 [action #73] t=3.65s step=72 queue=8 dmax=1.218 | shoulder_pan.pos=-6.45 shoulder_lift.pos=-102.21 elbow_flex.pos=+88.05 wrist_flex.pos=+77.02 wrist_roll.pos=-1.41 gripper.pos=+0.71
DEBUG 2026-09-03 09:50:38 [action #74] t=3.68s step=73 queue=7 dmax=0.695 | shoulder_pan.pos=-6.32 shoulder_lift.pos=-102.04 elbow_flex.pos=+87.36 wrist_flex.pos=+76.87 wrist_roll.pos=-1.40 gripper.pos=+0.74
DEBUG 2026-09-03 09:50:38 [action #75] t=3.71s step=74 queue=6 dmax=0.878 | shoulder_pan.pos=-7.00 shoulder_lift.pos=-101.97 elbow_flex.pos=+88.24 wrist_flex.pos=+77.10 wrist_roll.pos=-1.48 gripper.pos=+0.80
DEBUG 2026-09-03 09:50:38 [action #76] t=3.75s step=75 queue=5 dmax=0.426 | shoulder_pan.pos=-6.57 shoulder_lift.pos=-101.80 elbow_flex.pos=+88.30 wrist_flex.pos=+76.88 wrist_roll.pos=-1.39 gripper.pos=+0.94
DEBUG 2026-09-03 09:50:38 [action #77] t=3.78s step=76 queue=4 dmax=0.249 | shoulder_pan.pos=-6.76 shoulder_lift.pos=-101.82 elbow_flex.pos=+88.05 wrist_flex.pos=+76.91 wrist_roll.pos=-1.49 gripper.pos=+0.79
DEBUG 2026-09-03 09:50:38 [action #78] t=3.81s step=77 queue=3 dmax=0.259 | shoulder_pan.pos=-6.50 shoulder_lift.pos=-101.84 elbow_flex.pos=+88.26 wrist_flex.pos=+76.93 wrist_roll.pos=-1.41 gripper.pos=+0.90
DEBUG 2026-09-03 09:50:38 [action #79] t=3.85s step=78 queue=2 dmax=0.480 | shoulder_pan.pos=-6.72 shoulder_lift.pos=-101.36 elbow_flex.pos=+88.39 wrist_flex.pos=+76.78 wrist_roll.pos=-1.39 gripper.pos=+0.89
DEBUG 2026-09-03 09:50:38 [action #80] t=3.88s step=79 queue=1 dmax=0.581 | shoulder_pan.pos=-6.58 shoulder_lift.pos=-101.62 elbow_flex.pos=+87.81 wrist_flex.pos=+76.82 wrist_roll.pos=-1.38 gripper.pos=+0.92
DEBUG 2026-09-03 09:50:38 [chunk] received 50 actions, timesteps 52..101 | first: shoulder_pan.pos=-10.92 shoulder_lift.pos=-101.92 elbow_flex.pos=+88.09 wrist_flex.pos=+75.94 wrist_roll.pos=-1.32 gripper.pos=+1.24 | last: shoulder_pan.pos=-12.04 shoulder_lift.pos=-101.05 elbow_flex.pos=+86.13 wrist_flex.pos=+74.23 wrist_roll.pos=-1.76 gripper.pos=+1.10
DEBUG 2026-09-03 09:50:38 [action #81] t=3.91s step=80 queue=22 dmax=6.259 | shoulder_pan.pos=-12.83 shoulder_lift.pos=-102.08 elbow_flex.pos=+86.33 wrist_flex.pos=+74.52 wrist_roll.pos=-1.61 gripper.pos=+1.00
DEBUG 2026-09-03 09:50:38 [action #82] t=3.95s step=81 queue=21 dmax=0.305 | shoulder_pan.pos=-12.78 shoulder_lift.pos=-101.96 elbow_flex.pos=+86.39 wrist_flex.pos=+74.82 wrist_roll.pos=-1.66 gripper.pos=+0.95
DEBUG 2026-09-03 09:50:38 [action #83] t=3.98s step=82 queue=20 dmax=0.494 | shoulder_pan.pos=-12.34 shoulder_lift.pos=-102.43 elbow_flex.pos=+86.89 wrist_flex.pos=+74.92 wrist_roll.pos=-1.73 gripper.pos=+1.09
DEBUG 2026-09-03 09:50:38 [action #84] t=4.01s step=83 queue=19 dmax=0.338 | shoulder_pan.pos=-12.47 shoulder_lift.pos=-102.10 elbow_flex.pos=+86.57 wrist_flex.pos=+74.63 wrist_roll.pos=-1.67 gripper.pos=+0.97
DEBUG 2026-09-03 09:50:38 [action #85] t=4.05s step=84 queue=18 dmax=0.298 | shoulder_pan.pos=-12.53 shoulder_lift.pos=-102.00 elbow_flex.pos=+86.87 wrist_flex.pos=+74.76 wrist_roll.pos=-1.77 gripper.pos=+0.86
DEBUG 2026-09-03 09:50:38 [action #86] t=4.08s step=85 queue=17 dmax=0.263 | shoulder_pan.pos=-12.79 shoulder_lift.pos=-101.82 elbow_flex.pos=+86.61 wrist_flex.pos=+74.74 wrist_roll.pos=-1.75 gripper.pos=+1.11
DEBUG 2026-09-03 09:50:38 [action #87] t=4.11s step=86 queue=16 dmax=0.255 | shoulder_pan.pos=-12.86 shoulder_lift.pos=-101.57 elbow_flex.pos=+86.45 wrist_flex.pos=+74.77 wrist_roll.pos=-1.72 gripper.pos=+0.91
DEBUG 2026-09-03 09:50:38 [action #88] t=4.15s step=87 queue=15 dmax=0.335 | shoulder_pan.pos=-12.52 shoulder_lift.pos=-101.77 elbow_flex.pos=+86.48 wrist_flex.pos=+74.76 wrist_roll.pos=-1.69 gripper.pos=+0.93
DEBUG 2026-09-03 09:50:38 [action #89] t=4.18s step=88 queue=14 dmax=0.435 | shoulder_pan.pos=-12.38 shoulder_lift.pos=-101.56 elbow_flex.pos=+86.04 wrist_flex.pos=+74.79 wrist_roll.pos=-1.69 gripper.pos=+1.05
DEBUG 2026-09-03 09:50:38 [action #90] t=4.21s step=89 queue=13 dmax=0.485 | shoulder_pan.pos=-12.66 shoulder_lift.pos=-101.39 elbow_flex.pos=+86.53 wrist_flex.pos=+74.80 wrist_roll.pos=-1.78 gripper.pos=+0.96
DEBUG 2026-09-03 09:50:38 [action #91] t=4.25s step=90 queue=12 dmax=0.088 | shoulder_pan.pos=-12.69 shoulder_lift.pos=-101.45 elbow_flex.pos=+86.59 wrist_flex.pos=+74.75 wrist_roll.pos=-1.72 gripper.pos=+0.87
DEBUG 2026-09-03 09:50:38 [action #92] t=4.28s step=91 queue=11 dmax=0.456 | shoulder_pan.pos=-12.89 shoulder_lift.pos=-101.91 elbow_flex.pos=+86.15 wrist_flex.pos=+74.80 wrist_roll.pos=-1.78 gripper.pos=+0.90
DEBUG 2026-09-03 09:50:38 [action #93] t=4.31s step=92 queue=10 dmax=0.368 | shoulder_pan.pos=-12.71 shoulder_lift.pos=-102.28 elbow_flex.pos=+86.26 wrist_flex.pos=+74.82 wrist_roll.pos=-1.72 gripper.pos=+0.86
DEBUG 2026-09-03 09:50:38 [action #94] t=4.35s step=93 queue=9 dmax=0.636 | shoulder_pan.pos=-12.75 shoulder_lift.pos=-101.64 elbow_flex.pos=+86.11 wrist_flex.pos=+74.90 wrist_roll.pos=-1.74 gripper.pos=+0.89
DEBUG 2026-09-03 09:50:39 [action #95] t=4.38s step=94 queue=8 dmax=0.233 | shoulder_pan.pos=-12.64 shoulder_lift.pos=-101.87 elbow_flex.pos=+85.97 wrist_flex.pos=+74.68 wrist_roll.pos=-1.68 gripper.pos=+0.86
DEBUG 2026-09-03 09:50:39 [action #96] t=4.42s step=95 queue=7 dmax=0.748 | shoulder_pan.pos=-12.62 shoulder_lift.pos=-101.12 elbow_flex.pos=+86.17 wrist_flex.pos=+74.78 wrist_roll.pos=-1.77 gripper.pos=+0.96
DEBUG 2026-09-03 09:50:39 [action #97] t=4.45s step=96 queue=6 dmax=0.983 | shoulder_pan.pos=-12.52 shoulder_lift.pos=-102.11 elbow_flex.pos=+85.83 wrist_flex.pos=+74.44 wrist_roll.pos=-1.79 gripper.pos=+0.99
DEBUG 2026-09-03 09:50:39 [action #98] t=4.48s step=97 queue=5 dmax=0.461 | shoulder_pan.pos=-12.44 shoulder_lift.pos=-101.65 elbow_flex.pos=+86.09 wrist_flex.pos=+74.56 wrist_roll.pos=-1.77 gripper.pos=+0.95
DEBUG 2026-09-03 09:50:39 [action #99] t=4.52s step=98 queue=4 dmax=0.462 | shoulder_pan.pos=-12.32 shoulder_lift.pos=-102.11 elbow_flex.pos=+86.18 wrist_flex.pos=+74.64 wrist_roll.pos=-1.81 gripper.pos=+0.93
DEBUG 2026-09-03 09:50:39 [action #100] t=4.55s step=99 queue=3 dmax=1.357 | shoulder_pan.pos=-12.38 shoulder_lift.pos=-100.75 elbow_flex.pos=+86.02 wrist_flex.pos=+74.45 wrist_roll.pos=-1.73 gripper.pos=+0.96
DEBUG 2026-09-03 09:50:39 [action #101] t=4.58s step=100 queue=2 dmax=0.708 | shoulder_pan.pos=-12.48 shoulder_lift.pos=-101.46 elbow_flex.pos=+85.89 wrist_flex.pos=+74.42 wrist_roll.pos=-1.83 gripper.pos=+1.02
DEBUG 2026-09-03 09:50:39 [action #102] t=4.62s step=101 queue=1 dmax=0.437 | shoulder_pan.pos=-12.04 shoulder_lift.pos=-101.05 elbow_flex.pos=+86.13 wrist_flex.pos=+74.23 wrist_roll.pos=-1.76 gripper.pos=+1.10
DEBUG 2026-09-03 09:50:39 [chunk] received 50 actions, timesteps 79..128 | first: shoulder_pan.pos=-6.83 shoulder_lift.pos=-101.52 elbow_flex.pos=+88.37 wrist_flex.pos=+77.26 wrist_roll.pos=-1.27 gripper.pos=+0.99 | last: shoulder_pan.pos=-7.31 shoulder_lift.pos=-101.31 elbow_flex.pos=+88.10 wrist_flex.pos=+77.45 wrist_roll.pos=-1.31 gripper.pos=+0.86
DEBUG 2026-09-03 09:50:39 [action #103] t=4.78s step=102 queue=27 dmax=4.840 | shoulder_pan.pos=-7.20 shoulder_lift.pos=-101.69 elbow_flex.pos=+88.38 wrist_flex.pos=+77.48 wrist_roll.pos=-1.25 gripper.pos=+0.95
DEBUG 2026-09-03 09:50:39 [action #104] t=4.82s step=103 queue=26 dmax=0.516 | shoulder_pan.pos=-7.44 shoulder_lift.pos=-102.21 elbow_flex.pos=+88.18 wrist_flex.pos=+77.39 wrist_roll.pos=-1.29 gripper.pos=+0.94
DEBUG 2026-09-03 09:50:39 [action #105] t=4.85s step=104 queue=25 dmax=0.538 | shoulder_pan.pos=-7.40 shoulder_lift.pos=-101.67 elbow_flex.pos=+87.80 wrist_flex.pos=+77.47 wrist_roll.pos=-1.32 gripper.pos=+0.89
DEBUG 2026-09-03 09:50:39 [action #106] t=4.88s step=105 queue=24 dmax=0.346 | shoulder_pan.pos=-7.35 shoulder_lift.pos=-102.01 elbow_flex.pos=+87.87 wrist_flex.pos=+77.46 wrist_roll.pos=-1.29 gripper.pos=+0.97
DEBUG 2026-09-03 09:50:39 [action #107] t=4.92s step=106 queue=23 dmax=0.391 | shoulder_pan.pos=-7.37 shoulder_lift.pos=-101.62 elbow_flex.pos=+87.98 wrist_flex.pos=+77.51 wrist_roll.pos=-1.28 gripper.pos=+1.10
DEBUG 2026-09-03 09:50:39 [action #108] t=4.95s step=107 queue=22 dmax=0.378 | shoulder_pan.pos=-7.36 shoulder_lift.pos=-102.00 elbow_flex.pos=+88.09 wrist_flex.pos=+77.51 wrist_roll.pos=-1.33 gripper.pos=+0.99
DEBUG 2026-09-03 09:50:39 [action #109] t=4.98s step=108 queue=21 dmax=0.542 | shoulder_pan.pos=-7.31 shoulder_lift.pos=-102.44 elbow_flex.pos=+88.64 wrist_flex.pos=+77.67 wrist_roll.pos=-1.34 gripper.pos=+1.06
DEBUG 2026-09-03 09:50:39 [action #110] t=5.02s step=109 queue=20 dmax=0.667 | shoulder_pan.pos=-7.33 shoulder_lift.pos=-101.97 elbow_flex.pos=+87.97 wrist_flex.pos=+77.42 wrist_roll.pos=-1.34 gripper.pos=+0.99
DEBUG 2026-09-03 09:50:39 [action #111] t=5.05s step=110 queue=19 dmax=0.209 | shoulder_pan.pos=-7.30 shoulder_lift.pos=-101.81 elbow_flex.pos=+88.18 wrist_flex.pos=+77.38 wrist_roll.pos=-1.36 gripper.pos=+0.95
DEBUG 2026-09-03 09:50:39 [action #112] t=5.08s step=111 queue=18 dmax=0.619 | shoulder_pan.pos=-7.27 shoulder_lift.pos=-101.19 elbow_flex.pos=+88.11 wrist_flex.pos=+77.44 wrist_roll.pos=-1.33 gripper.pos=+0.98
DEBUG 2026-09-03 09:50:39 [action #113] t=5.12s step=112 queue=17 dmax=0.574 | shoulder_pan.pos=-7.60 shoulder_lift.pos=-101.76 elbow_flex.pos=+87.78 wrist_flex.pos=+77.32 wrist_roll.pos=-1.31 gripper.pos=+0.93
DEBUG 2026-09-03 09:50:39 [action #114] t=5.15s step=113 queue=16 dmax=0.372 | shoulder_pan.pos=-7.23 shoulder_lift.pos=-102.03 elbow_flex.pos=+88.11 wrist_flex.pos=+77.35 wrist_roll.pos=-1.33 gripper.pos=+0.96
DEBUG 2026-09-03 09:50:39 [action #115] t=5.18s step=114 queue=15 dmax=0.197 | shoulder_pan.pos=-7.23 shoulder_lift.pos=-101.84 elbow_flex.pos=+88.30 wrist_flex.pos=+77.21 wrist_roll.pos=-1.30 gripper.pos=+0.95
DEBUG 2026-09-03 09:50:39 [action #116] t=5.22s step=115 queue=14 dmax=0.185 | shoulder_pan.pos=-7.22 shoulder_lift.pos=-101.65 elbow_flex.pos=+88.32 wrist_flex.pos=+77.25 wrist_roll.pos=-1.36 gripper.pos=+1.02
DEBUG 2026-09-03 09:50:39 [action #117] t=5.25s step=116 queue=13 dmax=0.132 | shoulder_pan.pos=-7.33 shoulder_lift.pos=-101.52 elbow_flex.pos=+88.31 wrist_flex.pos=+77.15 wrist_roll.pos=-1.26 gripper.pos=+0.89
DEBUG 2026-09-03 09:50:39 [action #118] t=5.28s step=117 queue=12 dmax=0.284 | shoulder_pan.pos=-7.31 shoulder_lift.pos=-101.25 elbow_flex.pos=+88.03 wrist_flex.pos=+77.15 wrist_roll.pos=-1.28 gripper.pos=+0.94
DEBUG 2026-09-03 09:50:39 [action #119] t=5.32s step=118 queue=11 dmax=0.386 | shoulder_pan.pos=-7.51 shoulder_lift.pos=-101.64 elbow_flex.pos=+88.21 wrist_flex.pos=+77.23 wrist_roll.pos=-1.35 gripper.pos=+0.87
DEBUG 2026-09-03 09:50:39 [action #120] t=5.35s step=119 queue=10 dmax=0.428 | shoulder_pan.pos=-7.29 shoulder_lift.pos=-101.21 elbow_flex.pos=+88.04 wrist_flex.pos=+77.18 wrist_roll.pos=-1.35 gripper.pos=+0.88
DEBUG 2026-09-03 09:50:40 [action #121] t=5.38s step=120 queue=9 dmax=0.817 | shoulder_pan.pos=-7.33 shoulder_lift.pos=-102.03 elbow_flex.pos=+88.08 wrist_flex.pos=+77.40 wrist_roll.pos=-1.30 gripper.pos=+0.89
DEBUG 2026-09-03 09:50:40 [action #122] t=5.42s step=121 queue=8 dmax=0.415 | shoulder_pan.pos=-7.49 shoulder_lift.pos=-101.61 elbow_flex.pos=+88.25 wrist_flex.pos=+77.34 wrist_roll.pos=-1.36 gripper.pos=+0.85
DEBUG 2026-09-03 09:50:40 [action #123] t=5.45s step=122 queue=7 dmax=0.329 | shoulder_pan.pos=-7.53 shoulder_lift.pos=-101.94 elbow_flex.pos=+88.20 wrist_flex.pos=+77.27 wrist_roll.pos=-1.33 gripper.pos=+0.88
DEBUG 2026-09-03 09:50:40 [action #124] t=5.48s step=123 queue=6 dmax=0.390 | shoulder_pan.pos=-7.73 shoulder_lift.pos=-101.55 elbow_flex.pos=+87.86 wrist_flex.pos=+77.13 wrist_roll.pos=-1.31 gripper.pos=+0.92
DEBUG 2026-09-03 09:50:40 [action #125] t=5.52s step=124 queue=5 dmax=0.303 | shoulder_pan.pos=-7.43 shoulder_lift.pos=-101.86 elbow_flex.pos=+88.06 wrist_flex.pos=+77.31 wrist_roll.pos=-1.35 gripper.pos=+0.81
DEBUG 2026-09-03 09:50:40 [action #126] t=5.55s step=125 queue=4 dmax=0.216 | shoulder_pan.pos=-7.42 shoulder_lift.pos=-101.70 elbow_flex.pos=+87.85 wrist_flex.pos=+77.45 wrist_roll.pos=-1.33 gripper.pos=+0.87
DEBUG 2026-09-03 09:50:40 [action #127] t=5.59s step=126 queue=3 dmax=0.179 | shoulder_pan.pos=-7.47 shoulder_lift.pos=-101.79 elbow_flex.pos=+88.03 wrist_flex.pos=+77.51 wrist_roll.pos=-1.29 gripper.pos=+0.94
DEBUG 2026-09-03 09:50:40 [action #128] t=5.62s step=127 queue=2 dmax=0.252 | shoulder_pan.pos=-7.44 shoulder_lift.pos=-102.04 elbow_flex.pos=+87.91 wrist_flex.pos=+77.41 wrist_roll.pos=-1.32 gripper.pos=+0.87
DEBUG 2026-09-03 09:50:40 [action #129] t=5.65s step=128 queue=1 dmax=0.732 | shoulder_pan.pos=-7.31 shoulder_lift.pos=-101.31 elbow_flex.pos=+88.10 wrist_flex.pos=+77.45 wrist_roll.pos=-1.31 gripper.pos=+0.86
DEBUG 2026-09-03 09:50:40 [chunk] received 50 actions, timesteps 101..150 | first: shoulder_pan.pos=-14.72 shoulder_lift.pos=-100.61 elbow_flex.pos=+85.82 wrist_flex.pos=+75.29 wrist_roll.pos=-1.30 gripper.pos=+1.27 | last: shoulder_pan.pos=-12.99 shoulder_lift.pos=-63.90 elbow_flex.pos=+63.14 wrist_flex.pos=+68.14 wrist_roll.pos=-5.52 gripper.pos=+1.25
DEBUG 2026-09-03 09:50:40 [action #130] t=5.69s step=129 queue=22 dmax=6.862 | shoulder_pan.pos=-14.18 shoulder_lift.pos=-101.77 elbow_flex.pos=+84.16 wrist_flex.pos=+75.37 wrist_roll.pos=-1.18 gripper.pos=+0.95
DEBUG 2026-09-03 09:50:40 [action #131] t=5.72s step=130 queue=21 dmax=0.651 | shoulder_pan.pos=-13.85 shoulder_lift.pos=-101.75 elbow_flex.pos=+83.51 wrist_flex.pos=+75.34 wrist_roll.pos=-1.06 gripper.pos=+1.05
DEBUG 2026-09-03 09:50:40 [action #132] t=5.75s step=131 queue=20 dmax=0.248 | shoulder_pan.pos=-13.60 shoulder_lift.pos=-101.52 elbow_flex.pos=+83.29 wrist_flex.pos=+75.22 wrist_roll.pos=-1.23 gripper.pos=+1.10
DEBUG 2026-09-03 09:50:40 [action #133] t=5.79s step=132 queue=19 dmax=0.223 | shoulder_pan.pos=-13.64 shoulder_lift.pos=-101.37 elbow_flex.pos=+83.07 wrist_flex.pos=+75.37 wrist_roll.pos=-1.15 gripper.pos=+1.07
DEBUG 2026-09-03 09:50:40 [action #134] t=5.82s step=133 queue=18 dmax=0.883 | shoulder_pan.pos=-13.83 shoulder_lift.pos=-100.49 elbow_flex.pos=+82.57 wrist_flex.pos=+75.21 wrist_roll.pos=-1.14 gripper.pos=+0.99
DEBUG 2026-09-03 09:50:40 [action #135] t=5.85s step=134 queue=17 dmax=0.155 | shoulder_pan.pos=-13.86 shoulder_lift.pos=-100.36 elbow_flex.pos=+82.42 wrist_flex.pos=+75.20 wrist_roll.pos=-1.22 gripper.pos=+1.14
DEBUG 2026-09-03 09:50:40 [action #136] t=5.89s step=135 queue=16 dmax=1.106 | shoulder_pan.pos=-13.59 shoulder_lift.pos=-99.25 elbow_flex.pos=+82.27 wrist_flex.pos=+74.86 wrist_roll.pos=-1.33 gripper.pos=+1.02
DEBUG 2026-09-03 09:50:40 [action #137] t=5.92s step=136 queue=15 dmax=2.117 | shoulder_pan.pos=-13.83 shoulder_lift.pos=-97.14 elbow_flex.pos=+81.29 wrist_flex.pos=+74.53 wrist_roll.pos=-1.20 gripper.pos=+0.98
DEBUG 2026-09-03 09:50:40 [action #138] t=5.95s step=137 queue=14 dmax=2.785 | shoulder_pan.pos=-13.49 shoulder_lift.pos=-94.35 elbow_flex.pos=+80.16 wrist_flex.pos=+73.84 wrist_roll.pos=-1.17 gripper.pos=+0.99
DEBUG 2026-09-03 09:50:40 [action #139] t=5.99s step=138 queue=13 dmax=2.126 | shoulder_pan.pos=-13.22 shoulder_lift.pos=-92.23 elbow_flex.pos=+78.81 wrist_flex.pos=+73.45 wrist_roll.pos=-1.30 gripper.pos=+0.87
DEBUG 2026-09-03 09:50:40 [action #140] t=6.02s step=139 queue=12 dmax=3.331 | shoulder_pan.pos=-13.55 shoulder_lift.pos=-88.90 elbow_flex.pos=+77.16 wrist_flex.pos=+72.68 wrist_roll.pos=-1.35 gripper.pos=+0.88
DEBUG 2026-09-03 09:50:40 [action #141] t=6.05s step=140 queue=11 dmax=2.472 | shoulder_pan.pos=-13.42 shoulder_lift.pos=-86.42 elbow_flex.pos=+76.05 wrist_flex.pos=+71.68 wrist_roll.pos=-1.56 gripper.pos=+1.04
DEBUG 2026-09-03 09:50:40 [action #142] t=6.09s step=141 queue=10 dmax=3.130 | shoulder_pan.pos=-13.37 shoulder_lift.pos=-83.29 elbow_flex.pos=+74.72 wrist_flex.pos=+70.78 wrist_roll.pos=-1.93 gripper.pos=+1.02
DEBUG 2026-09-03 09:50:40 [action #143] t=6.12s step=142 queue=9 dmax=3.041 | shoulder_pan.pos=-13.13 shoulder_lift.pos=-80.25 elbow_flex.pos=+73.48 wrist_flex.pos=+69.92 wrist_roll.pos=-2.39 gripper.pos=+1.01
DEBUG 2026-09-03 09:50:40 [action #144] t=6.15s step=143 queue=8 dmax=2.791 | shoulder_pan.pos=-13.24 shoulder_lift.pos=-77.46 elbow_flex.pos=+72.24 wrist_flex.pos=+69.28 wrist_roll.pos=-3.16 gripper.pos=+1.12
DEBUG 2026-09-03 09:50:40 [action #145] t=6.19s step=144 queue=7 dmax=2.286 | shoulder_pan.pos=-13.27 shoulder_lift.pos=-75.18 elbow_flex.pos=+71.04 wrist_flex.pos=+68.86 wrist_roll.pos=-4.18 gripper.pos=+1.10
DEBUG 2026-09-03 09:50:40 [action #146] t=6.22s step=145 queue=6 dmax=2.557 | shoulder_pan.pos=-13.12 shoulder_lift.pos=-72.62 elbow_flex.pos=+68.53 wrist_flex.pos=+68.57 wrist_roll.pos=-4.65 gripper.pos=+1.22
DEBUG 2026-09-03 09:50:40 [action #147] t=6.25s step=146 queue=5 dmax=1.374 | shoulder_pan.pos=-13.03 shoulder_lift.pos=-71.24 elbow_flex.pos=+68.25 wrist_flex.pos=+68.65 wrist_roll.pos=-5.12 gripper.pos=+0.90
DEBUG 2026-09-03 09:50:40 [action #148] t=6.29s step=147 queue=4 dmax=2.699 | shoulder_pan.pos=-13.09 shoulder_lift.pos=-68.55 elbow_flex.pos=+66.11 wrist_flex.pos=+68.26 wrist_roll.pos=-5.37 gripper.pos=+1.24
DEBUG 2026-09-03 09:50:40 [action #149] t=6.32s step=148 queue=3 dmax=0.823 | shoulder_pan.pos=-13.22 shoulder_lift.pos=-67.72 elbow_flex.pos=+65.51 wrist_flex.pos=+68.11 wrist_roll.pos=-5.55 gripper.pos=+1.13
DEBUG 2026-09-03 09:50:40 [action #150] t=6.35s step=149 queue=2 dmax=2.059 | shoulder_pan.pos=-12.84 shoulder_lift.pos=-65.66 elbow_flex.pos=+64.12 wrist_flex.pos=+68.07 wrist_roll.pos=-5.52 gripper.pos=+1.10
DEBUG 2026-09-03 09:50:41 [action #151] t=6.39s step=150 queue=1 dmax=1.763 | shoulder_pan.pos=-12.99 shoulder_lift.pos=-63.90 elbow_flex.pos=+63.14 wrist_flex.pos=+68.14 wrist_roll.pos=-5.52 gripper.pos=+1.25
DEBUG 2026-09-03 09:50:41 [chunk] received 50 actions, timesteps 128..177 | first: shoulder_pan.pos=-7.99 shoulder_lift.pos=-101.07 elbow_flex.pos=+88.47 wrist_flex.pos=+76.77 wrist_roll.pos=-1.47 gripper.pos=+0.89 | last: shoulder_pan.pos=-9.85 shoulder_lift.pos=-102.24 elbow_flex.pos=+88.60 wrist_flex.pos=+77.26 wrist_roll.pos=-1.75 gripper.pos=+1.00
DEBUG 2026-09-03 09:50:41 [action #152] t=6.59s step=151 queue=27 dmax=37.934 | shoulder_pan.pos=-9.37 shoulder_lift.pos=-101.84 elbow_flex.pos=+87.97 wrist_flex.pos=+77.12 wrist_roll.pos=-1.55 gripper.pos=+0.89
DEBUG 2026-09-03 09:50:41 [action #153] t=6.62s step=152 queue=26 dmax=0.658 | shoulder_pan.pos=-9.28 shoulder_lift.pos=-101.18 elbow_flex.pos=+87.42 wrist_flex.pos=+77.18 wrist_roll.pos=-1.49 gripper.pos=+0.89
DEBUG 2026-09-03 09:50:41 [action #154] t=6.65s step=153 queue=25 dmax=0.603 | shoulder_pan.pos=-9.42 shoulder_lift.pos=-101.62 elbow_flex.pos=+88.03 wrist_flex.pos=+77.22 wrist_roll.pos=-1.48 gripper.pos=+0.83
DEBUG 2026-09-03 09:50:41 [action #155] t=6.69s step=154 queue=24 dmax=0.317 | shoulder_pan.pos=-9.49 shoulder_lift.pos=-101.94 elbow_flex.pos=+88.06 wrist_flex.pos=+77.15 wrist_roll.pos=-1.39 gripper.pos=+0.85
DEBUG 2026-09-03 09:50:41 [action #156] t=6.72s step=155 queue=23 dmax=0.274 | shoulder_pan.pos=-9.22 shoulder_lift.pos=-101.92 elbow_flex.pos=+87.79 wrist_flex.pos=+77.00 wrist_roll.pos=-1.49 gripper.pos=+0.84
DEBUG 2026-09-03 09:50:41 [action #157] t=6.76s step=156 queue=22 dmax=0.366 | shoulder_pan.pos=-9.27 shoulder_lift.pos=-101.56 elbow_flex.pos=+87.78 wrist_flex.pos=+77.23 wrist_roll.pos=-1.52 gripper.pos=+0.86
DEBUG 2026-09-03 09:50:41 [action #158] t=6.79s step=157 queue=21 dmax=0.724 | shoulder_pan.pos=-9.02 shoulder_lift.pos=-102.28 elbow_flex.pos=+87.44 wrist_flex.pos=+77.13 wrist_roll.pos=-1.44 gripper.pos=+0.91
DEBUG 2026-09-03 09:50:41 [action #159] t=6.82s step=158 queue=20 dmax=0.561 | shoulder_pan.pos=-8.95 shoulder_lift.pos=-101.72 elbow_flex.pos=+87.77 wrist_flex.pos=+77.21 wrist_roll.pos=-1.50 gripper.pos=+0.98
DEBUG 2026-09-03 09:50:41 [action #160] t=6.86s step=159 queue=19 dmax=0.348 | shoulder_pan.pos=-9.01 shoulder_lift.pos=-102.07 elbow_flex.pos=+88.01 wrist_flex.pos=+77.00 wrist_roll.pos=-1.49 gripper.pos=+0.94
DEBUG 2026-09-03 09:50:41 [action #161] t=6.89s step=160 queue=18 dmax=0.343 | shoulder_pan.pos=-9.34 shoulder_lift.pos=-102.21 elbow_flex.pos=+88.36 wrist_flex.pos=+77.11 wrist_roll.pos=-1.62 gripper.pos=+0.90
DEBUG 2026-09-03 09:50:41 [action #162] t=6.92s step=161 queue=17 dmax=0.525 | shoulder_pan.pos=-8.84 shoulder_lift.pos=-101.69 elbow_flex.pos=+88.38 wrist_flex.pos=+77.03 wrist_roll.pos=-1.45 gripper.pos=+0.79
DEBUG 2026-09-03 09:50:41 [action #163] t=6.96s step=162 queue=16 dmax=0.467 | shoulder_pan.pos=-8.99 shoulder_lift.pos=-101.79 elbow_flex.pos=+87.91 wrist_flex.pos=+77.21 wrist_roll.pos=-1.48 gripper.pos=+0.77
DEBUG 2026-09-03 09:50:41 [action #164] t=6.99s step=163 queue=15 dmax=0.470 | shoulder_pan.pos=-9.15 shoulder_lift.pos=-102.26 elbow_flex.pos=+88.12 wrist_flex.pos=+77.35 wrist_roll.pos=-1.48 gripper.pos=+0.83
DEBUG 2026-09-03 09:50:41 [action #165] t=7.02s step=164 queue=14 dmax=0.382 | shoulder_pan.pos=-8.94 shoulder_lift.pos=-101.98 elbow_flex.pos=+88.50 wrist_flex.pos=+77.29 wrist_roll.pos=-1.50 gripper.pos=+1.03
DEBUG 2026-09-03 09:50:41 [action #166] t=7.06s step=165 queue=13 dmax=0.420 | shoulder_pan.pos=-8.84 shoulder_lift.pos=-102.37 elbow_flex.pos=+88.08 wrist_flex.pos=+77.24 wrist_roll.pos=-1.53 gripper.pos=+1.01
DEBUG 2026-09-03 09:50:41 [action #167] t=7.09s step=166 queue=12 dmax=0.623 | shoulder_pan.pos=-9.18 shoulder_lift.pos=-101.76 elbow_flex.pos=+87.46 wrist_flex.pos=+77.18 wrist_roll.pos=-1.55 gripper.pos=+0.98
DEBUG 2026-09-03 09:50:41 [action #168] t=7.12s step=167 queue=11 dmax=0.447 | shoulder_pan.pos=-9.10 shoulder_lift.pos=-101.83 elbow_flex.pos=+87.91 wrist_flex.pos=+77.25 wrist_roll.pos=-1.57 gripper.pos=+0.87
DEBUG 2026-09-03 09:50:41 [action #169] t=7.16s step=168 queue=10 dmax=0.398 | shoulder_pan.pos=-9.29 shoulder_lift.pos=-101.43 elbow_flex.pos=+87.69 wrist_flex.pos=+77.33 wrist_roll.pos=-1.59 gripper.pos=+0.93
DEBUG 2026-09-03 09:50:41 [action #170] t=7.19s step=169 queue=9 dmax=0.136 | shoulder_pan.pos=-9.22 shoulder_lift.pos=-101.52 elbow_flex.pos=+87.82 wrist_flex.pos=+77.43 wrist_roll.pos=-1.51 gripper.pos=+0.83
DEBUG 2026-09-03 09:50:41 [action #171] t=7.22s step=170 queue=8 dmax=0.597 | shoulder_pan.pos=-9.38 shoulder_lift.pos=-102.12 elbow_flex.pos=+87.83 wrist_flex.pos=+77.39 wrist_roll.pos=-1.63 gripper.pos=+0.92
DEBUG 2026-09-03 09:50:41 [action #172] t=7.26s step=171 queue=7 dmax=0.950 | shoulder_pan.pos=-9.35 shoulder_lift.pos=-101.38 elbow_flex.pos=+86.88 wrist_flex.pos=+77.38 wrist_roll.pos=-1.59 gripper.pos=+0.75
DEBUG 2026-09-03 09:50:41 [action #173] t=7.29s step=172 queue=6 dmax=0.908 | shoulder_pan.pos=-9.56 shoulder_lift.pos=-101.53 elbow_flex.pos=+87.79 wrist_flex.pos=+77.37 wrist_roll.pos=-1.43 gripper.pos=+0.98
DEBUG 2026-09-03 09:50:41 [action #174] t=7.32s step=173 queue=5 dmax=0.875 | shoulder_pan.pos=-9.63 shoulder_lift.pos=-102.40 elbow_flex.pos=+87.60 wrist_flex.pos=+77.23 wrist_roll.pos=-1.58 gripper.pos=+0.96
DEBUG 2026-09-03 09:50:41 [action #175] t=7.36s step=174 queue=4 dmax=1.092 | shoulder_pan.pos=-9.78 shoulder_lift.pos=-101.31 elbow_flex.pos=+87.82 wrist_flex.pos=+77.40 wrist_roll.pos=-1.63 gripper.pos=+0.78
DEBUG 2026-09-03 09:50:42 [action #176] t=7.39s step=175 queue=3 dmax=0.843 | shoulder_pan.pos=-9.60 shoulder_lift.pos=-102.15 elbow_flex.pos=+87.91 wrist_flex.pos=+77.21 wrist_roll.pos=-1.61 gripper.pos=+1.04
DEBUG 2026-09-03 09:50:42 [action #177] t=7.42s step=176 queue=2 dmax=0.313 | shoulder_pan.pos=-9.91 shoulder_lift.pos=-101.95 elbow_flex.pos=+87.82 wrist_flex.pos=+77.21 wrist_roll.pos=-1.72 gripper.pos=+0.92
DEBUG 2026-09-03 09:50:42 [chunk] received 50 actions, timesteps 150..199 | first: shoulder_pan.pos=-14.22 shoulder_lift.pos=-68.47 elbow_flex.pos=+67.31 wrist_flex.pos=+68.24 wrist_roll.pos=-5.50 gripper.pos=+0.85 | last: shoulder_pan.pos=-5.54 shoulder_lift.pos=-102.14 elbow_flex.pos=+83.95 wrist_flex.pos=+79.83 wrist_roll.pos=-3.68 gripper.pos=-0.12
DEBUG 2026-09-03 09:50:42 [action #178] t=7.46s step=177 queue=23 dmax=4.207 | shoulder_pan.pos=-12.69 shoulder_lift.pos=-99.30 elbow_flex.pos=+83.62 wrist_flex.pos=+76.94 wrist_roll.pos=-4.42 gripper.pos=+0.81
DEBUG 2026-09-03 09:50:42 [action #179] t=7.49s step=178 queue=22 dmax=2.369 | shoulder_pan.pos=-13.57 shoulder_lift.pos=-97.72 elbow_flex.pos=+81.25 wrist_flex.pos=+77.02 wrist_roll.pos=-5.43 gripper.pos=+0.87
DEBUG 2026-09-03 09:50:42 [action #180] t=7.52s step=179 queue=21 dmax=0.756 | shoulder_pan.pos=-13.32 shoulder_lift.pos=-97.12 elbow_flex.pos=+80.49 wrist_flex.pos=+77.37 wrist_roll.pos=-5.48 gripper.pos=+0.79
DEBUG 2026-09-03 09:50:42 [action #181] t=7.56s step=180 queue=20 dmax=1.247 | shoulder_pan.pos=-13.58 shoulder_lift.pos=-98.36 elbow_flex.pos=+81.04 wrist_flex.pos=+77.48 wrist_roll.pos=-5.61 gripper.pos=+0.75
DEBUG 2026-09-03 09:50:42 [action #182] t=7.59s step=181 queue=19 dmax=0.426 | shoulder_pan.pos=-13.53 shoulder_lift.pos=-98.54 elbow_flex.pos=+81.46 wrist_flex.pos=+77.74 wrist_roll.pos=-5.58 gripper.pos=+0.85
DEBUG 2026-09-03 09:50:42 [action #183] t=7.63s step=182 queue=18 dmax=0.551 | shoulder_pan.pos=-13.23 shoulder_lift.pos=-98.28 elbow_flex.pos=+80.91 wrist_flex.pos=+77.98 wrist_roll.pos=-5.49 gripper.pos=+0.74
DEBUG 2026-09-03 09:50:42 [action #184] t=7.66s step=183 queue=17 dmax=0.715 | shoulder_pan.pos=-13.10 shoulder_lift.pos=-98.61 elbow_flex.pos=+81.63 wrist_flex.pos=+78.10 wrist_roll.pos=-5.35 gripper.pos=+0.60
DEBUG 2026-09-03 09:50:42 [action #185] t=7.69s step=184 queue=16 dmax=0.178 | shoulder_pan.pos=-12.93 shoulder_lift.pos=-98.54 elbow_flex.pos=+81.71 wrist_flex.pos=+78.24 wrist_roll.pos=-5.41 gripper.pos=+0.52
DEBUG 2026-09-03 09:50:42 [action #186] t=7.73s step=185 queue=15 dmax=0.416 | shoulder_pan.pos=-12.51 shoulder_lift.pos=-98.40 elbow_flex.pos=+81.69 wrist_flex.pos=+78.51 wrist_roll.pos=-5.34 gripper.pos=+0.57
DEBUG 2026-09-03 09:50:42 [action #187] t=7.76s step=186 queue=14 dmax=0.235 | shoulder_pan.pos=-12.34 shoulder_lift.pos=-98.63 elbow_flex.pos=+81.72 wrist_flex.pos=+78.40 wrist_roll.pos=-5.22 gripper.pos=+0.47
DEBUG 2026-09-03 09:50:42 [action #188] t=7.79s step=187 queue=13 dmax=0.932 | shoulder_pan.pos=-11.74 shoulder_lift.pos=-99.16 elbow_flex.pos=+82.65 wrist_flex.pos=+78.69 wrist_roll.pos=-5.13 gripper.pos=+0.47
DEBUG 2026-09-03 09:50:42 [action #189] t=7.83s step=188 queue=12 dmax=0.631 | shoulder_pan.pos=-11.11 shoulder_lift.pos=-99.50 elbow_flex.pos=+82.59 wrist_flex.pos=+78.90 wrist_roll.pos=-5.05 gripper.pos=+0.42
DEBUG 2026-09-03 09:50:42 [action #190] t=7.86s step=189 queue=11 dmax=0.709 | shoulder_pan.pos=-10.40 shoulder_lift.pos=-99.92 elbow_flex.pos=+82.52 wrist_flex.pos=+79.20 wrist_roll.pos=-4.94 gripper.pos=+0.21
DEBUG 2026-09-03 09:50:42 [action #191] t=7.89s step=190 queue=10 dmax=0.715 | shoulder_pan.pos=-9.69 shoulder_lift.pos=-100.43 elbow_flex.pos=+82.74 wrist_flex.pos=+79.26 wrist_roll.pos=-4.82 gripper.pos=+0.20
DEBUG 2026-09-03 09:50:42 [action #192] t=7.93s step=191 queue=9 dmax=1.007 | shoulder_pan.pos=-8.68 shoulder_lift.pos=-100.69 elbow_flex.pos=+83.25 wrist_flex.pos=+79.45 wrist_roll.pos=-4.74 gripper.pos=-0.02
DEBUG 2026-09-03 09:50:42 [action #193] t=7.96s step=192 queue=8 dmax=0.648 | shoulder_pan.pos=-8.03 shoulder_lift.pos=-101.16 elbow_flex.pos=+83.01 wrist_flex.pos=+79.55 wrist_roll.pos=-4.54 gripper.pos=-0.11
DEBUG 2026-09-03 09:50:42 [action #194] t=7.99s step=193 queue=7 dmax=0.626 | shoulder_pan.pos=-7.40 shoulder_lift.pos=-101.65 elbow_flex.pos=+82.62 wrist_flex.pos=+79.84 wrist_roll.pos=-4.56 gripper.pos=-0.09
DEBUG 2026-09-03 09:50:42 [action #195] t=8.03s step=194 queue=6 dmax=0.512 | shoulder_pan.pos=-6.89 shoulder_lift.pos=-101.91 elbow_flex.pos=+82.90 wrist_flex.pos=+79.84 wrist_roll.pos=-4.46 gripper.pos=-0.02
DEBUG 2026-09-03 09:50:42 [action #196] t=8.06s step=195 queue=5 dmax=0.641 | shoulder_pan.pos=-6.56 shoulder_lift.pos=-102.20 elbow_flex.pos=+83.55 wrist_flex.pos=+79.99 wrist_roll.pos=-4.42 gripper.pos=-0.06
DEBUG 2026-09-03 09:50:42 [action #197] t=8.09s step=196 queue=4 dmax=0.229 | shoulder_pan.pos=-6.33 shoulder_lift.pos=-102.33 elbow_flex.pos=+83.68 wrist_flex.pos=+79.99 wrist_roll.pos=-4.30 gripper.pos=-0.03
DEBUG 2026-09-03 09:50:42 [action #198] t=8.13s step=197 queue=3 dmax=0.460 | shoulder_pan.pos=-6.29 shoulder_lift.pos=-102.19 elbow_flex.pos=+83.22 wrist_flex.pos=+79.85 wrist_roll.pos=-4.06 gripper.pos=-0.07
DEBUG 2026-09-03 09:50:42 [action #199] t=8.16s step=198 queue=2 dmax=0.458 | shoulder_pan.pos=-5.83 shoulder_lift.pos=-101.93 elbow_flex.pos=+83.58 wrist_flex.pos=+79.72 wrist_roll.pos=-3.77 gripper.pos=+0.00
DEBUG 2026-09-03 09:50:42 [action #200] t=8.19s step=199 queue=1 dmax=0.370 | shoulder_pan.pos=-5.54 shoulder_lift.pos=-102.14 elbow_flex.pos=+83.95 wrist_flex.pos=+79.83 wrist_roll.pos=-3.68 gripper.pos=-0.12
DEBUG 2026-09-03 09:50:43 [chunk] received 50 actions, timesteps 175..224 | first: shoulder_pan.pos=-10.51 shoulder_lift.pos=-102.08 elbow_flex.pos=+88.28 wrist_flex.pos=+76.93 wrist_roll.pos=-1.96 gripper.pos=+0.98 | last: shoulder_pan.pos=-13.22 shoulder_lift.pos=-101.85 elbow_flex.pos=+87.19 wrist_flex.pos=+77.20 wrist_roll.pos=-2.00 gripper.pos=+0.74
DEBUG 2026-09-03 09:50:43 [action #201] t=8.39s step=200 queue=25 dmax=7.331 | shoulder_pan.pos=-12.87 shoulder_lift.pos=-101.86 elbow_flex.pos=+87.45 wrist_flex.pos=+76.89 wrist_roll.pos=-1.91 gripper.pos=+0.75
DEBUG 2026-09-03 09:50:43 [action #202] t=8.43s step=201 queue=24 dmax=0.531 | shoulder_pan.pos=-13.05 shoulder_lift.pos=-101.88 elbow_flex.pos=+87.98 wrist_flex.pos=+76.89 wrist_roll.pos=-1.91 gripper.pos=+0.79
DEBUG 2026-09-03 09:50:43 [action #203] t=8.46s step=202 queue=23 dmax=0.580 | shoulder_pan.pos=-13.26 shoulder_lift.pos=-101.89 elbow_flex.pos=+87.40 wrist_flex.pos=+76.96 wrist_roll.pos=-1.93 gripper.pos=+0.84
DEBUG 2026-09-03 09:50:43 [action #204] t=8.49s step=203 queue=22 dmax=0.617 | shoulder_pan.pos=-13.10 shoulder_lift.pos=-102.50 elbow_flex.pos=+87.38 wrist_flex.pos=+76.81 wrist_roll.pos=-1.84 gripper.pos=+0.88
DEBUG 2026-09-03 09:50:43 [action #205] t=8.53s step=204 queue=21 dmax=0.643 | shoulder_pan.pos=-13.01 shoulder_lift.pos=-101.86 elbow_flex.pos=+87.62 wrist_flex.pos=+76.91 wrist_roll.pos=-1.82 gripper.pos=+0.96
DEBUG 2026-09-03 09:50:43 [action #206] t=8.56s step=205 queue=20 dmax=0.258 | shoulder_pan.pos=-13.06 shoulder_lift.pos=-102.12 elbow_flex.pos=+87.47 wrist_flex.pos=+76.93 wrist_roll.pos=-1.84 gripper.pos=+0.99
DEBUG 2026-09-03 09:50:43 [action #207] t=8.59s step=206 queue=19 dmax=0.815 | shoulder_pan.pos=-13.36 shoulder_lift.pos=-101.30 elbow_flex.pos=+87.53 wrist_flex.pos=+76.76 wrist_roll.pos=-1.87 gripper.pos=+0.95
DEBUG 2026-09-03 09:50:43 [action #208] t=8.63s step=207 queue=18 dmax=0.688 | shoulder_pan.pos=-13.22 shoulder_lift.pos=-101.99 elbow_flex.pos=+87.08 wrist_flex.pos=+76.74 wrist_roll.pos=-1.94 gripper.pos=+0.95
DEBUG 2026-09-03 09:50:43 [action #209] t=8.66s step=208 queue=17 dmax=0.621 | shoulder_pan.pos=-13.05 shoulder_lift.pos=-101.48 elbow_flex.pos=+87.70 wrist_flex.pos=+76.65 wrist_roll.pos=-1.96 gripper.pos=+0.83
DEBUG 2026-09-03 09:50:43 [action #210] t=8.69s step=209 queue=16 dmax=0.415 | shoulder_pan.pos=-13.40 shoulder_lift.pos=-101.89 elbow_flex.pos=+87.29 wrist_flex.pos=+76.70 wrist_roll.pos=-1.93 gripper.pos=+0.94
DEBUG 2026-09-03 09:50:43 [action #211] t=8.73s step=210 queue=15 dmax=0.203 | shoulder_pan.pos=-13.29 shoulder_lift.pos=-101.88 elbow_flex.pos=+87.36 wrist_flex.pos=+76.90 wrist_roll.pos=-1.92 gripper.pos=+0.90
DEBUG 2026-09-03 09:50:43 [action #212] t=8.76s step=211 queue=14 dmax=0.437 | shoulder_pan.pos=-13.25 shoulder_lift.pos=-102.08 elbow_flex.pos=+86.92 wrist_flex.pos=+76.98 wrist_roll.pos=-1.84 gripper.pos=+0.92
DEBUG 2026-09-03 09:50:43 [action #213] t=8.80s step=212 queue=13 dmax=0.544 | shoulder_pan.pos=-13.04 shoulder_lift.pos=-101.54 elbow_flex.pos=+87.08 wrist_flex.pos=+76.64 wrist_roll.pos=-1.86 gripper.pos=+0.93
DEBUG 2026-09-03 09:50:43 [action #214] t=8.83s step=213 queue=12 dmax=0.547 | shoulder_pan.pos=-12.91 shoulder_lift.pos=-102.09 elbow_flex.pos=+87.57 wrist_flex.pos=+76.82 wrist_roll.pos=-1.84 gripper.pos=+0.88
DEBUG 2026-09-03 09:50:43 [action #215] t=8.86s step=214 queue=11 dmax=0.467 | shoulder_pan.pos=-13.14 shoulder_lift.pos=-101.90 elbow_flex.pos=+87.10 wrist_flex.pos=+76.79 wrist_roll.pos=-1.91 gripper.pos=+0.83
DEBUG 2026-09-03 09:50:43 [action #216] t=8.90s step=215 queue=10 dmax=0.482 | shoulder_pan.pos=-13.03 shoulder_lift.pos=-101.42 elbow_flex.pos=+87.21 wrist_flex.pos=+76.99 wrist_roll.pos=-1.87 gripper.pos=+0.91
DEBUG 2026-09-03 09:50:43 [action #217] t=8.93s step=216 queue=9 dmax=0.175 | shoulder_pan.pos=-12.96 shoulder_lift.pos=-101.57 elbow_flex.pos=+87.03 wrist_flex.pos=+76.96 wrist_roll.pos=-1.88 gripper.pos=+0.88
DEBUG 2026-09-03 09:50:43 [action #218] t=8.96s step=217 queue=8 dmax=0.364 | shoulder_pan.pos=-12.98 shoulder_lift.pos=-101.93 elbow_flex.pos=+87.14 wrist_flex.pos=+76.82 wrist_roll.pos=-2.01 gripper.pos=+0.93
DEBUG 2026-09-03 09:50:43 [action #219] t=9.00s step=218 queue=7 dmax=0.318 | shoulder_pan.pos=-12.76 shoulder_lift.pos=-101.62 elbow_flex.pos=+86.98 wrist_flex.pos=+76.90 wrist_roll.pos=-2.05 gripper.pos=+1.00
DEBUG 2026-09-03 09:50:43 [action #220] t=9.03s step=219 queue=6 dmax=0.530 | shoulder_pan.pos=-13.03 shoulder_lift.pos=-102.15 elbow_flex.pos=+87.18 wrist_flex.pos=+77.06 wrist_roll.pos=-2.05 gripper.pos=+0.94
DEBUG 2026-09-03 09:50:43 [action #221] t=9.06s step=220 queue=5 dmax=0.690 | shoulder_pan.pos=-12.77 shoulder_lift.pos=-101.46 elbow_flex.pos=+86.75 wrist_flex.pos=+76.93 wrist_roll.pos=-2.04 gripper.pos=+0.94
DEBUG 2026-09-03 09:50:43 [action #222] t=9.10s step=221 queue=4 dmax=0.264 | shoulder_pan.pos=-12.81 shoulder_lift.pos=-101.52 elbow_flex.pos=+87.01 wrist_flex.pos=+77.05 wrist_roll.pos=-2.06 gripper.pos=+0.83
DEBUG 2026-09-03 09:50:43 [action #223] t=9.13s step=222 queue=3 dmax=0.394 | shoulder_pan.pos=-12.97 shoulder_lift.pos=-101.51 elbow_flex.pos=+86.62 wrist_flex.pos=+76.86 wrist_roll.pos=-2.03 gripper.pos=+0.74
DEBUG 2026-09-03 09:50:43 [action #224] t=9.16s step=223 queue=2 dmax=0.759 | shoulder_pan.pos=-13.13 shoulder_lift.pos=-102.26 elbow_flex.pos=+86.90 wrist_flex.pos=+77.04 wrist_roll.pos=-2.01 gripper.pos=+0.93
DEBUG 2026-09-03 09:50:43 [action #225] t=9.20s step=224 queue=1 dmax=0.418 | shoulder_pan.pos=-13.22 shoulder_lift.pos=-101.85 elbow_flex.pos=+87.19 wrist_flex.pos=+77.20 wrist_roll.pos=-2.00 gripper.pos=+0.74
DEBUG 2026-09-03 09:50:43 [chunk] received 50 actions, timesteps 199..248 | first: shoulder_pan.pos=-5.89 shoulder_lift.pos=-102.02 elbow_flex.pos=+85.84 wrist_flex.pos=+79.22 wrist_roll.pos=-4.00 gripper.pos=+0.07 | last: shoulder_pan.pos=-5.40 shoulder_lift.pos=-102.25 elbow_flex.pos=+87.83 wrist_flex.pos=+78.51 wrist_roll.pos=-3.83 gripper.pos=+0.30
INFO 2026-09-03 09:50:47 Final action sent: shoulder_pan.pos=-13.22 shoulder_lift.pos=-101.85 elbow_flex.pos=+87.19 wrist_flex.pos=+77.20 wrist_roll.pos=-2.00 gripper.pos=+0.74
DEBUG 2026-09-03 09:50:47 === episode end | 13.2s | converged=True | actions=225 ===
