DEBUG 2026-09-03 08:16:59 === episode start | task: 'put the brown pouch on the tray' | duration: 50.0s ===
DEBUG 2026-09-03 08:17:00 [chunk] received 50 actions, timesteps 0..49 | first: shoulder_pan.pos=-3.85 shoulder_lift.pos=-101.97 elbow_flex.pos=+88.39 wrist_flex.pos=+74.28 wrist_roll.pos=-0.94 gripper.pos=+0.98 | last: shoulder_pan.pos=-3.72 shoulder_lift.pos=-93.34 elbow_flex.pos=+73.57 wrist_flex.pos=+69.99 wrist_roll.pos=-3.97 gripper.pos=+0.42
DEBUG 2026-09-03 08:17:00 [action #1] t=1.00s step=0 queue=50 dmax=n/a | shoulder_pan.pos=-3.85 shoulder_lift.pos=-101.97 elbow_flex.pos=+88.39 wrist_flex.pos=+74.28 wrist_roll.pos=-0.94 gripper.pos=+0.98
DEBUG 2026-09-03 08:17:00 [action #2] t=1.04s step=1 queue=49 dmax=0.276 | shoulder_pan.pos=-3.89 shoulder_lift.pos=-101.80 elbow_flex.pos=+88.60 wrist_flex.pos=+74.00 wrist_roll.pos=-0.84 gripper.pos=+1.00
DEBUG 2026-09-03 08:17:00 [action #3] t=1.07s step=2 queue=48 dmax=0.430 | shoulder_pan.pos=-4.01 shoulder_lift.pos=-101.91 elbow_flex.pos=+88.59 wrist_flex.pos=+73.57 wrist_roll.pos=-0.85 gripper.pos=+0.96
DEBUG 2026-09-03 08:17:00 [action #4] t=1.10s step=3 queue=47 dmax=0.356 | shoulder_pan.pos=-3.96 shoulder_lift.pos=-101.75 elbow_flex.pos=+88.23 wrist_flex.pos=+73.27 wrist_roll.pos=-0.91 gripper.pos=+0.87
DEBUG 2026-09-03 08:17:00 [action #5] t=1.14s step=4 queue=46 dmax=0.259 | shoulder_pan.pos=-3.95 shoulder_lift.pos=-101.82 elbow_flex.pos=+88.41 wrist_flex.pos=+73.01 wrist_roll.pos=-0.91 gripper.pos=+0.95
DEBUG 2026-09-03 08:17:00 [action #6] t=1.17s step=5 queue=45 dmax=0.445 | shoulder_pan.pos=-4.03 shoulder_lift.pos=-101.85 elbow_flex.pos=+88.33 wrist_flex.pos=+72.56 wrist_roll.pos=-0.90 gripper.pos=+0.86
DEBUG 2026-09-03 08:17:00 [action #7] t=1.20s step=6 queue=44 dmax=0.550 | shoulder_pan.pos=-3.93 shoulder_lift.pos=-101.84 elbow_flex.pos=+88.13 wrist_flex.pos=+72.01 wrist_roll.pos=-0.90 gripper.pos=+0.88
DEBUG 2026-09-03 08:17:00 [action #8] t=1.24s step=7 queue=43 dmax=0.694 | shoulder_pan.pos=-4.05 shoulder_lift.pos=-102.00 elbow_flex.pos=+88.41 wrist_flex.pos=+71.32 wrist_roll.pos=-0.95 gripper.pos=+0.81
DEBUG 2026-09-03 08:17:00 [action #9] t=1.27s step=8 queue=42 dmax=0.471 | shoulder_pan.pos=-4.14 shoulder_lift.pos=-101.91 elbow_flex.pos=+88.03 wrist_flex.pos=+70.85 wrist_roll.pos=-0.89 gripper.pos=+0.86
DEBUG 2026-09-03 08:17:00 [action #10] t=1.30s step=9 queue=41 dmax=0.664 | shoulder_pan.pos=-4.17 shoulder_lift.pos=-102.52 elbow_flex.pos=+88.04 wrist_flex.pos=+70.18 wrist_roll.pos=-0.93 gripper.pos=+0.81
DEBUG 2026-09-03 08:17:00 [action #11] t=1.34s step=10 queue=40 dmax=0.995 | shoulder_pan.pos=-4.12 shoulder_lift.pos=-101.53 elbow_flex.pos=+88.28 wrist_flex.pos=+69.79 wrist_roll.pos=-0.91 gripper.pos=+0.77
DEBUG 2026-09-03 08:17:00 [action #12] t=1.37s step=11 queue=39 dmax=0.392 | shoulder_pan.pos=-4.11 shoulder_lift.pos=-101.72 elbow_flex.pos=+88.28 wrist_flex.pos=+69.40 wrist_roll.pos=-0.83 gripper.pos=+0.77
DEBUG 2026-09-03 08:17:00 [action #13] t=1.40s step=12 queue=38 dmax=0.545 | shoulder_pan.pos=-4.07 shoulder_lift.pos=-102.27 elbow_flex.pos=+88.53 wrist_flex.pos=+69.19 wrist_roll.pos=-0.93 gripper.pos=+0.65
DEBUG 2026-09-03 08:17:00 [action #14] t=1.44s step=13 queue=37 dmax=0.800 | shoulder_pan.pos=-4.00 shoulder_lift.pos=-102.36 elbow_flex.pos=+87.73 wrist_flex.pos=+69.05 wrist_roll.pos=-0.94 gripper.pos=+0.83
DEBUG 2026-09-03 08:17:00 [action #15] t=1.47s step=14 queue=36 dmax=0.464 | shoulder_pan.pos=-3.93 shoulder_lift.pos=-101.90 elbow_flex.pos=+88.07 wrist_flex.pos=+68.88 wrist_roll.pos=-0.97 gripper.pos=+0.94
DEBUG 2026-09-03 08:17:00 [action #16] t=1.51s step=15 queue=35 dmax=0.612 | shoulder_pan.pos=-4.28 shoulder_lift.pos=-102.51 elbow_flex.pos=+87.67 wrist_flex.pos=+68.60 wrist_roll.pos=-0.91 gripper.pos=+0.74
DEBUG 2026-09-03 08:17:00 [action #17] t=1.54s step=16 queue=34 dmax=0.441 | shoulder_pan.pos=-4.13 shoulder_lift.pos=-102.07 elbow_flex.pos=+88.01 wrist_flex.pos=+68.47 wrist_roll.pos=-0.91 gripper.pos=+0.73
DEBUG 2026-09-03 08:17:00 [action #18] t=1.57s step=17 queue=33 dmax=0.552 | shoulder_pan.pos=-4.00 shoulder_lift.pos=-102.62 elbow_flex.pos=+87.81 wrist_flex.pos=+68.09 wrist_roll.pos=-0.97 gripper.pos=+0.76
DEBUG 2026-09-03 08:17:00 [action #19] t=1.61s step=18 queue=32 dmax=0.570 | shoulder_pan.pos=-3.87 shoulder_lift.pos=-102.05 elbow_flex.pos=+87.72 wrist_flex.pos=+67.94 wrist_roll.pos=-1.00 gripper.pos=+0.77
DEBUG 2026-09-03 08:17:00 [action #20] t=1.64s step=19 queue=31 dmax=0.728 | shoulder_pan.pos=-4.10 shoulder_lift.pos=-102.78 elbow_flex.pos=+87.81 wrist_flex.pos=+67.84 wrist_roll.pos=-1.01 gripper.pos=+0.79
DEBUG 2026-09-03 08:17:01 [action #21] t=1.67s step=20 queue=30 dmax=0.469 | shoulder_pan.pos=-4.08 shoulder_lift.pos=-102.31 elbow_flex.pos=+87.40 wrist_flex.pos=+67.63 wrist_roll.pos=-1.01 gripper.pos=+0.88
DEBUG 2026-09-03 08:17:01 [action #22] t=1.71s step=21 queue=29 dmax=0.455 | shoulder_pan.pos=-3.96 shoulder_lift.pos=-101.86 elbow_flex.pos=+87.17 wrist_flex.pos=+67.59 wrist_roll.pos=-0.97 gripper.pos=+0.68
DEBUG 2026-09-03 08:17:01 [action #23] t=1.74s step=22 queue=28 dmax=0.605 | shoulder_pan.pos=-3.88 shoulder_lift.pos=-102.46 elbow_flex.pos=+87.38 wrist_flex.pos=+67.13 wrist_roll.pos=-1.02 gripper.pos=+0.65
DEBUG 2026-09-03 08:17:01 [action #24] t=1.77s step=23 queue=27 dmax=0.699 | shoulder_pan.pos=-4.03 shoulder_lift.pos=-101.76 elbow_flex.pos=+86.96 wrist_flex.pos=+67.04 wrist_roll.pos=-0.99 gripper.pos=+0.76
DEBUG 2026-09-03 08:17:01 [action #25] t=1.81s step=24 queue=26 dmax=0.920 | shoulder_pan.pos=-3.99 shoulder_lift.pos=-102.68 elbow_flex.pos=+87.09 wrist_flex.pos=+66.75 wrist_roll.pos=-1.00 gripper.pos=+0.65
DEBUG 2026-09-03 08:17:01 [action #26] t=1.84s step=25 queue=25 dmax=0.695 | shoulder_pan.pos=-4.09 shoulder_lift.pos=-101.99 elbow_flex.pos=+86.74 wrist_flex.pos=+66.44 wrist_roll.pos=-1.04 gripper.pos=+0.63
DEBUG 2026-09-03 08:17:01 [action #27] t=1.87s step=26 queue=24 dmax=0.371 | shoulder_pan.pos=-4.03 shoulder_lift.pos=-102.36 elbow_flex.pos=+86.38 wrist_flex.pos=+66.26 wrist_roll.pos=-0.94 gripper.pos=+0.64
DEBUG 2026-09-03 08:17:01 [action #28] t=1.91s step=27 queue=23 dmax=0.166 | shoulder_pan.pos=-3.98 shoulder_lift.pos=-102.53 elbow_flex.pos=+86.51 wrist_flex.pos=+66.34 wrist_roll.pos=-1.03 gripper.pos=+0.72
DEBUG 2026-09-03 08:17:01 [action #29] t=1.94s step=28 queue=22 dmax=0.435 | shoulder_pan.pos=-4.11 shoulder_lift.pos=-102.12 elbow_flex.pos=+86.07 wrist_flex.pos=+66.25 wrist_roll.pos=-1.05 gripper.pos=+0.73
DEBUG 2026-09-03 08:17:01 [action #30] t=1.97s step=29 queue=21 dmax=0.330 | shoulder_pan.pos=-4.40 shoulder_lift.pos=-101.91 elbow_flex.pos=+85.74 wrist_flex.pos=+66.23 wrist_roll.pos=-1.14 gripper.pos=+0.55
DEBUG 2026-09-03 08:17:01 [action #31] t=2.01s step=30 queue=20 dmax=0.471 | shoulder_pan.pos=-4.05 shoulder_lift.pos=-102.39 elbow_flex.pos=+86.01 wrist_flex.pos=+66.49 wrist_roll.pos=-1.21 gripper.pos=+0.68
DEBUG 2026-09-03 08:17:01 [action #32] t=2.04s step=31 queue=19 dmax=0.693 | shoulder_pan.pos=-4.12 shoulder_lift.pos=-101.83 elbow_flex.pos=+85.31 wrist_flex.pos=+66.65 wrist_roll.pos=-1.27 gripper.pos=+0.68
DEBUG 2026-09-03 08:17:01 [chunk] received 50 actions, timesteps 3..52 | first: shoulder_pan.pos=-4.50 shoulder_lift.pos=-100.61 elbow_flex.pos=+88.92 wrist_flex.pos=+73.26 wrist_roll.pos=-0.91 gripper.pos=+0.96 | last: shoulder_pan.pos=-4.70 shoulder_lift.pos=-95.11 elbow_flex.pos=+77.99 wrist_flex.pos=+69.08 wrist_roll.pos=-3.90 gripper.pos=+0.80
DEBUG 2026-09-03 08:17:01 [action #33] t=2.08s step=32 queue=21 dmax=1.726 | shoulder_pan.pos=-4.82 shoulder_lift.pos=-100.98 elbow_flex.pos=+85.35 wrist_flex.pos=+68.38 wrist_roll.pos=-1.61 gripper.pos=+0.72
DEBUG 2026-09-03 08:17:01 [action #34] t=2.11s step=33 queue=20 dmax=0.150 | shoulder_pan.pos=-4.85 shoulder_lift.pos=-101.08 elbow_flex.pos=+85.34 wrist_flex.pos=+68.52 wrist_roll.pos=-1.76 gripper.pos=+0.71
DEBUG 2026-09-03 08:17:01 [action #35] t=2.14s step=34 queue=19 dmax=0.645 | shoulder_pan.pos=-4.69 shoulder_lift.pos=-100.84 elbow_flex.pos=+84.69 wrist_flex.pos=+68.58 wrist_roll.pos=-1.74 gripper.pos=+0.75
DEBUG 2026-09-03 08:17:01 [action #36] t=2.18s step=35 queue=18 dmax=0.672 | shoulder_pan.pos=-4.75 shoulder_lift.pos=-100.70 elbow_flex.pos=+84.02 wrist_flex.pos=+68.77 wrist_roll.pos=-1.81 gripper.pos=+0.68
DEBUG 2026-09-03 08:17:01 [action #37] t=2.21s step=36 queue=17 dmax=0.224 | shoulder_pan.pos=-4.76 shoulder_lift.pos=-100.92 elbow_flex.pos=+83.94 wrist_flex.pos=+68.88 wrist_roll.pos=-1.84 gripper.pos=+0.71
DEBUG 2026-09-03 08:17:01 [action #38] t=2.24s step=37 queue=16 dmax=0.381 | shoulder_pan.pos=-4.72 shoulder_lift.pos=-100.95 elbow_flex.pos=+83.56 wrist_flex.pos=+69.00 wrist_roll.pos=-1.96 gripper.pos=+0.67
DEBUG 2026-09-03 08:17:01 [action #39] t=2.28s step=38 queue=15 dmax=0.422 | shoulder_pan.pos=-4.73 shoulder_lift.pos=-101.02 elbow_flex.pos=+83.13 wrist_flex.pos=+69.16 wrist_roll.pos=-2.02 gripper.pos=+0.62
DEBUG 2026-09-03 08:17:01 [action #40] t=2.31s step=39 queue=14 dmax=0.473 | shoulder_pan.pos=-4.67 shoulder_lift.pos=-100.98 elbow_flex.pos=+82.66 wrist_flex.pos=+69.29 wrist_roll.pos=-2.09 gripper.pos=+0.60
DEBUG 2026-09-03 08:17:01 [action #41] t=2.34s step=40 queue=13 dmax=0.381 | shoulder_pan.pos=-4.72 shoulder_lift.pos=-100.78 elbow_flex.pos=+82.28 wrist_flex.pos=+69.28 wrist_roll.pos=-2.22 gripper.pos=+0.63
DEBUG 2026-09-03 08:17:01 [action #42] t=2.38s step=41 queue=12 dmax=0.471 | shoulder_pan.pos=-4.78 shoulder_lift.pos=-100.75 elbow_flex.pos=+81.81 wrist_flex.pos=+69.57 wrist_roll.pos=-2.34 gripper.pos=+0.67
DEBUG 2026-09-03 08:17:01 [action #43] t=2.41s step=42 queue=11 dmax=0.263 | shoulder_pan.pos=-4.60 shoulder_lift.pos=-100.60 elbow_flex.pos=+81.64 wrist_flex.pos=+69.54 wrist_roll.pos=-2.61 gripper.pos=+0.68
DEBUG 2026-09-03 08:17:01 [action #44] t=2.45s step=43 queue=10 dmax=0.328 | shoulder_pan.pos=-4.70 shoulder_lift.pos=-100.27 elbow_flex.pos=+81.40 wrist_flex.pos=+69.48 wrist_roll.pos=-2.77 gripper.pos=+0.59
DEBUG 2026-09-03 08:17:01 [action #45] t=2.48s step=44 queue=9 dmax=0.395 | shoulder_pan.pos=-4.52 shoulder_lift.pos=-99.89 elbow_flex.pos=+81.01 wrist_flex.pos=+69.54 wrist_roll.pos=-2.91 gripper.pos=+0.62
DEBUG 2026-09-03 08:17:01 [action #46] t=2.51s step=45 queue=8 dmax=0.339 | shoulder_pan.pos=-4.52 shoulder_lift.pos=-100.00 elbow_flex.pos=+80.67 wrist_flex.pos=+69.62 wrist_roll.pos=-3.02 gripper.pos=+0.61
DEBUG 2026-09-03 08:17:01 [action #47] t=2.55s step=46 queue=7 dmax=0.525 | shoulder_pan.pos=-4.46 shoulder_lift.pos=-99.82 elbow_flex.pos=+80.14 wrist_flex.pos=+69.64 wrist_roll.pos=-3.21 gripper.pos=+0.64
DEBUG 2026-09-03 08:17:01 [action #48] t=2.58s step=47 queue=6 dmax=0.982 | shoulder_pan.pos=-4.43 shoulder_lift.pos=-98.84 elbow_flex.pos=+79.75 wrist_flex.pos=+69.61 wrist_roll.pos=-3.33 gripper.pos=+0.61
DEBUG 2026-09-03 08:17:01 [action #49] t=2.61s step=48 queue=5 dmax=0.954 | shoulder_pan.pos=-4.47 shoulder_lift.pos=-97.88 elbow_flex.pos=+79.10 wrist_flex.pos=+69.63 wrist_roll.pos=-3.46 gripper.pos=+0.60
DEBUG 2026-09-03 08:17:01 [action #50] t=2.65s step=49 queue=4 dmax=0.783 | shoulder_pan.pos=-4.53 shoulder_lift.pos=-97.10 elbow_flex.pos=+78.38 wrist_flex.pos=+69.66 wrist_roll.pos=-3.57 gripper.pos=+0.60
DEBUG 2026-09-03 08:17:02 [action #51] t=2.68s step=50 queue=3 dmax=1.128 | shoulder_pan.pos=-4.69 shoulder_lift.pos=-97.56 elbow_flex.pos=+79.51 wrist_flex.pos=+69.32 wrist_roll.pos=-3.55 gripper.pos=+0.72
DEBUG 2026-09-03 08:17:02 [action #52] t=2.71s step=51 queue=2 dmax=1.004 | shoulder_pan.pos=-4.75 shoulder_lift.pos=-96.56 elbow_flex.pos=+79.25 wrist_flex.pos=+69.19 wrist_roll.pos=-3.74 gripper.pos=+0.79
DEBUG 2026-09-03 08:17:02 [action #53] t=2.75s step=52 queue=1 dmax=1.445 | shoulder_pan.pos=-4.70 shoulder_lift.pos=-95.11 elbow_flex.pos=+77.99 wrist_flex.pos=+69.08 wrist_roll.pos=-3.90 gripper.pos=+0.80
DEBUG 2026-09-03 08:17:02 [chunk] received 50 actions, timesteps 30..79 | first: shoulder_pan.pos=-3.37 shoulder_lift.pos=-100.60 elbow_flex.pos=+84.12 wrist_flex.pos=+67.20 wrist_roll.pos=-1.15 gripper.pos=+0.95 | last: shoulder_pan.pos=-7.04 shoulder_lift.pos=-58.28 elbow_flex.pos=+52.02 wrist_flex.pos=+66.86 wrist_roll.pos=-3.91 gripper.pos=+0.55
DEBUG 2026-09-03 08:17:02 [action #54] t=3.01s step=53 queue=27 dmax=6.464 | shoulder_pan.pos=-4.54 shoulder_lift.pos=-101.58 elbow_flex.pos=+78.21 wrist_flex.pos=+68.33 wrist_roll.pos=-0.95 gripper.pos=+0.56
DEBUG 2026-09-03 08:17:02 [action #55] t=3.05s step=54 queue=26 dmax=0.946 | shoulder_pan.pos=-4.83 shoulder_lift.pos=-101.20 elbow_flex.pos=+77.79 wrist_flex.pos=+69.28 wrist_roll.pos=-0.99 gripper.pos=+0.45
DEBUG 2026-09-03 08:17:02 [action #56] t=3.08s step=55 queue=25 dmax=0.382 | shoulder_pan.pos=-5.18 shoulder_lift.pos=-101.11 elbow_flex.pos=+77.41 wrist_flex.pos=+69.51 wrist_roll.pos=-0.97 gripper.pos=+0.54
DEBUG 2026-09-03 08:17:02 [action #57] t=3.11s step=56 queue=24 dmax=0.362 | shoulder_pan.pos=-5.17 shoulder_lift.pos=-100.93 elbow_flex.pos=+77.05 wrist_flex.pos=+69.54 wrist_roll.pos=-1.05 gripper.pos=+0.50
DEBUG 2026-09-03 08:17:02 [action #58] t=3.15s step=57 queue=23 dmax=1.015 | shoulder_pan.pos=-5.22 shoulder_lift.pos=-99.95 elbow_flex.pos=+76.03 wrist_flex.pos=+69.82 wrist_roll.pos=-1.19 gripper.pos=+0.61
DEBUG 2026-09-03 08:17:02 [action #59] t=3.18s step=58 queue=22 dmax=1.287 | shoulder_pan.pos=-4.98 shoulder_lift.pos=-98.66 elbow_flex.pos=+75.08 wrist_flex.pos=+69.62 wrist_roll.pos=-1.04 gripper.pos=+0.53
DEBUG 2026-09-03 08:17:02 [action #60] t=3.21s step=59 queue=21 dmax=1.857 | shoulder_pan.pos=-5.19 shoulder_lift.pos=-96.80 elbow_flex.pos=+74.58 wrist_flex.pos=+69.80 wrist_roll.pos=-1.22 gripper.pos=+0.62
DEBUG 2026-09-03 08:17:02 [action #61] t=3.25s step=60 queue=20 dmax=2.082 | shoulder_pan.pos=-5.40 shoulder_lift.pos=-94.72 elbow_flex.pos=+74.09 wrist_flex.pos=+69.76 wrist_roll.pos=-1.32 gripper.pos=+0.57
DEBUG 2026-09-03 08:17:02 [action #62] t=3.28s step=61 queue=19 dmax=2.656 | shoulder_pan.pos=-5.33 shoulder_lift.pos=-92.07 elbow_flex.pos=+72.26 wrist_flex.pos=+69.24 wrist_roll.pos=-1.52 gripper.pos=+0.52
DEBUG 2026-09-03 08:17:02 [action #63] t=3.32s step=62 queue=18 dmax=2.736 | shoulder_pan.pos=-5.06 shoulder_lift.pos=-89.33 elbow_flex.pos=+71.00 wrist_flex.pos=+68.88 wrist_roll.pos=-1.86 gripper.pos=+0.61
DEBUG 2026-09-03 08:17:02 [action #64] t=3.35s step=63 queue=17 dmax=3.632 | shoulder_pan.pos=-5.06 shoulder_lift.pos=-85.70 elbow_flex.pos=+68.74 wrist_flex.pos=+68.39 wrist_roll.pos=-2.08 gripper.pos=+0.50
DEBUG 2026-09-03 08:17:02 [action #65] t=3.38s step=64 queue=16 dmax=2.859 | shoulder_pan.pos=-5.40 shoulder_lift.pos=-82.84 elbow_flex.pos=+67.38 wrist_flex.pos=+68.19 wrist_roll.pos=-2.25 gripper.pos=+0.52
DEBUG 2026-09-03 08:17:02 [action #66] t=3.42s step=65 queue=15 dmax=2.956 | shoulder_pan.pos=-5.37 shoulder_lift.pos=-79.88 elbow_flex.pos=+66.20 wrist_flex.pos=+68.24 wrist_roll.pos=-2.46 gripper.pos=+0.42
DEBUG 2026-09-03 08:17:02 [action #67] t=3.45s step=66 queue=14 dmax=2.376 | shoulder_pan.pos=-5.54 shoulder_lift.pos=-77.60 elbow_flex.pos=+63.83 wrist_flex.pos=+67.74 wrist_roll.pos=-2.74 gripper.pos=+0.46
DEBUG 2026-09-03 08:17:02 [action #68] t=3.48s step=67 queue=13 dmax=1.911 | shoulder_pan.pos=-5.13 shoulder_lift.pos=-75.69 elbow_flex.pos=+62.32 wrist_flex.pos=+67.46 wrist_roll.pos=-2.95 gripper.pos=+0.54
DEBUG 2026-09-03 08:17:02 [action #69] t=3.52s step=68 queue=12 dmax=2.115 | shoulder_pan.pos=-5.45 shoulder_lift.pos=-73.58 elbow_flex.pos=+62.22 wrist_flex.pos=+67.34 wrist_roll.pos=-2.92 gripper.pos=+0.34
DEBUG 2026-09-03 08:17:02 [action #70] t=3.55s step=69 queue=11 dmax=1.954 | shoulder_pan.pos=-5.68 shoulder_lift.pos=-71.62 elbow_flex.pos=+60.83 wrist_flex.pos=+67.42 wrist_roll.pos=-3.14 gripper.pos=+0.66
DEBUG 2026-09-03 08:17:02 [action #71] t=3.58s step=70 queue=10 dmax=1.963 | shoulder_pan.pos=-5.85 shoulder_lift.pos=-69.66 elbow_flex.pos=+59.59 wrist_flex.pos=+67.48 wrist_roll.pos=-2.98 gripper.pos=+0.48
DEBUG 2026-09-03 08:17:02 [action #72] t=3.62s step=71 queue=9 dmax=1.301 | shoulder_pan.pos=-5.92 shoulder_lift.pos=-68.97 elbow_flex.pos=+58.29 wrist_flex.pos=+67.53 wrist_roll.pos=-3.17 gripper.pos=+0.49
DEBUG 2026-09-03 08:17:02 [action #73] t=3.65s step=72 queue=8 dmax=1.173 | shoulder_pan.pos=-6.31 shoulder_lift.pos=-67.80 elbow_flex.pos=+57.15 wrist_flex.pos=+67.44 wrist_roll.pos=-3.23 gripper.pos=+0.45
DEBUG 2026-09-03 08:17:03 [action #74] t=3.68s step=73 queue=7 dmax=1.287 | shoulder_pan.pos=-6.51 shoulder_lift.pos=-66.51 elbow_flex.pos=+56.65 wrist_flex.pos=+67.30 wrist_roll.pos=-3.36 gripper.pos=+0.42
DEBUG 2026-09-03 08:17:03 [action #75] t=3.72s step=74 queue=6 dmax=1.743 | shoulder_pan.pos=-6.78 shoulder_lift.pos=-64.77 elbow_flex.pos=+55.86 wrist_flex.pos=+67.22 wrist_roll.pos=-3.53 gripper.pos=+0.59
DEBUG 2026-09-03 08:17:03 [action #76] t=3.75s step=75 queue=5 dmax=1.166 | shoulder_pan.pos=-6.80 shoulder_lift.pos=-63.89 elbow_flex.pos=+54.69 wrist_flex.pos=+67.44 wrist_roll.pos=-3.64 gripper.pos=+0.56
DEBUG 2026-09-03 08:17:03 [action #77] t=3.78s step=76 queue=4 dmax=1.629 | shoulder_pan.pos=-7.08 shoulder_lift.pos=-62.26 elbow_flex.pos=+54.56 wrist_flex.pos=+67.10 wrist_roll.pos=-3.83 gripper.pos=+0.53
DEBUG 2026-09-03 08:17:03 [action #78] t=3.82s step=77 queue=3 dmax=1.659 | shoulder_pan.pos=-7.02 shoulder_lift.pos=-60.60 elbow_flex.pos=+53.56 wrist_flex.pos=+67.13 wrist_roll.pos=-3.83 gripper.pos=+0.71
DEBUG 2026-09-03 08:17:03 [action #79] t=3.85s step=78 queue=2 dmax=1.276 | shoulder_pan.pos=-7.19 shoulder_lift.pos=-59.76 elbow_flex.pos=+52.29 wrist_flex.pos=+67.06 wrist_roll.pos=-3.82 gripper.pos=+0.62
DEBUG 2026-09-03 08:17:03 [action #80] t=3.88s step=79 queue=1 dmax=1.482 | shoulder_pan.pos=-7.04 shoulder_lift.pos=-58.28 elbow_flex.pos=+52.02 wrist_flex.pos=+66.86 wrist_roll.pos=-3.91 gripper.pos=+0.55
DEBUG 2026-09-03 08:17:03 [chunk] received 50 actions, timesteps 52..101 | first: shoulder_pan.pos=-4.16 shoulder_lift.pos=-90.72 elbow_flex.pos=+73.88 wrist_flex.pos=+69.23 wrist_roll.pos=-3.83 gripper.pos=+1.29 | last: shoulder_pan.pos=-5.79 shoulder_lift.pos=-38.33 elbow_flex.pos=+46.11 wrist_flex.pos=+71.73 wrist_roll.pos=-6.14 gripper.pos=+27.96
DEBUG 2026-09-03 08:17:03 [action #81] t=3.92s step=80 queue=22 dmax=12.104 | shoulder_pan.pos=-5.66 shoulder_lift.pos=-46.18 elbow_flex.pos=+47.21 wrist_flex.pos=+67.75 wrist_roll.pos=-8.31 gripper.pos=+2.38
DEBUG 2026-09-03 08:17:03 [action #82] t=3.95s step=81 queue=21 dmax=2.282 | shoulder_pan.pos=-5.57 shoulder_lift.pos=-44.74 elbow_flex.pos=+46.78 wrist_flex.pos=+68.25 wrist_roll.pos=-8.10 gripper.pos=+4.66
DEBUG 2026-09-03 08:17:03 [action #83] t=3.98s step=82 queue=20 dmax=2.640 | shoulder_pan.pos=-5.36 shoulder_lift.pos=-44.00 elbow_flex.pos=+46.69 wrist_flex.pos=+68.71 wrist_roll.pos=-7.91 gripper.pos=+7.30
DEBUG 2026-09-03 08:17:03 [action #84] t=4.02s step=83 queue=19 dmax=2.800 | shoulder_pan.pos=-5.20 shoulder_lift.pos=-43.48 elbow_flex.pos=+46.30 wrist_flex.pos=+69.01 wrist_roll.pos=-7.69 gripper.pos=+10.10
DEBUG 2026-09-03 08:17:03 [action #85] t=4.05s step=84 queue=18 dmax=2.088 | shoulder_pan.pos=-5.05 shoulder_lift.pos=-42.52 elbow_flex.pos=+46.23 wrist_flex.pos=+69.24 wrist_roll.pos=-7.52 gripper.pos=+12.19
DEBUG 2026-09-03 08:17:03 [action #86] t=4.08s step=85 queue=17 dmax=1.703 | shoulder_pan.pos=-4.99 shoulder_lift.pos=-43.00 elbow_flex.pos=+46.90 wrist_flex.pos=+69.74 wrist_roll.pos=-7.64 gripper.pos=+13.89
DEBUG 2026-09-03 08:17:03 [action #87] t=4.12s step=86 queue=16 dmax=1.225 | shoulder_pan.pos=-4.94 shoulder_lift.pos=-41.96 elbow_flex.pos=+46.54 wrist_flex.pos=+69.91 wrist_roll.pos=-7.46 gripper.pos=+15.11
DEBUG 2026-09-03 08:17:03 [action #88] t=4.15s step=87 queue=15 dmax=1.104 | shoulder_pan.pos=-5.17 shoulder_lift.pos=-42.09 elbow_flex.pos=+46.95 wrist_flex.pos=+70.28 wrist_roll.pos=-7.40 gripper.pos=+16.22
DEBUG 2026-09-03 08:17:03 [action #89] t=4.18s step=88 queue=14 dmax=1.301 | shoulder_pan.pos=-5.09 shoulder_lift.pos=-42.00 elbow_flex.pos=+47.18 wrist_flex.pos=+70.43 wrist_roll.pos=-7.28 gripper.pos=+17.52
DEBUG 2026-09-03 08:17:03 [action #90] t=4.22s step=89 queue=13 dmax=1.421 | shoulder_pan.pos=-5.01 shoulder_lift.pos=-41.48 elbow_flex.pos=+46.15 wrist_flex.pos=+70.59 wrist_roll.pos=-7.11 gripper.pos=+18.94
DEBUG 2026-09-03 08:17:03 [action #91] t=4.25s step=90 queue=12 dmax=1.640 | shoulder_pan.pos=-5.03 shoulder_lift.pos=-41.46 elbow_flex.pos=+47.00 wrist_flex.pos=+70.83 wrist_roll.pos=-7.17 gripper.pos=+20.58
DEBUG 2026-09-03 08:17:03 [action #92] t=4.29s step=91 queue=11 dmax=1.631 | shoulder_pan.pos=-4.83 shoulder_lift.pos=-41.47 elbow_flex.pos=+47.05 wrist_flex.pos=+71.02 wrist_roll.pos=-7.14 gripper.pos=+22.21
DEBUG 2026-09-03 08:17:03 [action #93] t=4.32s step=92 queue=10 dmax=1.076 | shoulder_pan.pos=-5.35 shoulder_lift.pos=-40.96 elbow_flex.pos=+46.53 wrist_flex.pos=+71.26 wrist_roll.pos=-6.94 gripper.pos=+23.29
DEBUG 2026-09-03 08:17:03 [action #94] t=4.35s step=93 queue=9 dmax=0.747 | shoulder_pan.pos=-5.46 shoulder_lift.pos=-40.62 elbow_flex.pos=+46.88 wrist_flex.pos=+71.36 wrist_roll.pos=-7.03 gripper.pos=+24.03
DEBUG 2026-09-03 08:17:03 [action #95] t=4.39s step=94 queue=8 dmax=0.267 | shoulder_pan.pos=-5.40 shoulder_lift.pos=-40.48 elbow_flex.pos=+47.12 wrist_flex.pos=+71.41 wrist_roll.pos=-6.87 gripper.pos=+24.30
DEBUG 2026-09-03 08:17:03 [action #96] t=4.42s step=95 queue=7 dmax=0.888 | shoulder_pan.pos=-5.20 shoulder_lift.pos=-40.14 elbow_flex.pos=+46.23 wrist_flex.pos=+71.46 wrist_roll.pos=-6.94 gripper.pos=+24.67
DEBUG 2026-09-03 08:17:03 [action #97] t=4.45s step=96 queue=6 dmax=0.803 | shoulder_pan.pos=-5.57 shoulder_lift.pos=-39.33 elbow_flex.pos=+46.69 wrist_flex.pos=+71.63 wrist_roll.pos=-6.77 gripper.pos=+24.94
DEBUG 2026-09-03 08:17:03 [action #98] t=4.49s step=97 queue=5 dmax=0.782 | shoulder_pan.pos=-5.57 shoulder_lift.pos=-39.67 elbow_flex.pos=+46.44 wrist_flex.pos=+71.63 wrist_roll.pos=-6.57 gripper.pos=+25.72
DEBUG 2026-09-03 08:17:03 [action #99] t=4.52s step=98 queue=4 dmax=0.757 | shoulder_pan.pos=-5.64 shoulder_lift.pos=-39.43 elbow_flex.pos=+46.91 wrist_flex.pos=+71.74 wrist_roll.pos=-6.35 gripper.pos=+26.48
DEBUG 2026-09-03 08:17:03 [action #100] t=4.55s step=99 queue=3 dmax=0.791 | shoulder_pan.pos=-5.82 shoulder_lift.pos=-39.23 elbow_flex.pos=+46.12 wrist_flex.pos=+71.90 wrist_roll.pos=-6.19 gripper.pos=+27.08
DEBUG 2026-09-03 08:17:03 [action #101] t=4.59s step=100 queue=2 dmax=0.596 | shoulder_pan.pos=-5.63 shoulder_lift.pos=-38.64 elbow_flex.pos=+46.43 wrist_flex.pos=+71.89 wrist_roll.pos=-6.14 gripper.pos=+27.58
DEBUG 2026-09-03 08:17:03 [action #102] t=4.62s step=101 queue=1 dmax=0.377 | shoulder_pan.pos=-5.79 shoulder_lift.pos=-38.33 elbow_flex.pos=+46.11 wrist_flex.pos=+71.73 wrist_roll.pos=-6.14 gripper.pos=+27.96
DEBUG 2026-09-03 08:17:04 [chunk] received 50 actions, timesteps 79..128 | first: shoulder_pan.pos=-6.56 shoulder_lift.pos=-56.97 elbow_flex.pos=+53.29 wrist_flex.pos=+67.29 wrist_roll.pos=-4.18 gripper.pos=+1.30 | last: shoulder_pan.pos=-8.40 shoulder_lift.pos=-16.67 elbow_flex.pos=+36.79 wrist_flex.pos=+70.65 wrist_roll.pos=-6.13 gripper.pos=+30.95
DEBUG 2026-09-03 08:17:04 [action #103] t=4.85s step=102 queue=27 dmax=5.928 | shoulder_pan.pos=-7.60 shoulder_lift.pos=-34.60 elbow_flex.pos=+41.01 wrist_flex.pos=+72.20 wrist_roll.pos=-5.66 gripper.pos=+22.03
DEBUG 2026-09-03 08:17:04 [action #104] t=4.89s step=103 queue=26 dmax=1.390 | shoulder_pan.pos=-7.42 shoulder_lift.pos=-33.21 elbow_flex.pos=+40.78 wrist_flex.pos=+72.08 wrist_roll.pos=-5.63 gripper.pos=+22.53
DEBUG 2026-09-03 08:17:04 [action #105] t=4.92s step=104 queue=25 dmax=1.044 | shoulder_pan.pos=-7.92 shoulder_lift.pos=-33.30 elbow_flex.pos=+41.82 wrist_flex.pos=+72.10 wrist_roll.pos=-5.68 gripper.pos=+23.42
DEBUG 2026-09-03 08:17:04 [action #106] t=4.95s step=105 queue=24 dmax=1.031 | shoulder_pan.pos=-7.59 shoulder_lift.pos=-32.84 elbow_flex.pos=+41.41 wrist_flex.pos=+71.75 wrist_roll.pos=-5.72 gripper.pos=+24.45
DEBUG 2026-09-03 08:17:04 [action #107] t=4.99s step=106 queue=23 dmax=0.896 | shoulder_pan.pos=-7.83 shoulder_lift.pos=-32.69 elbow_flex.pos=+41.45 wrist_flex.pos=+72.16 wrist_roll.pos=-5.73 gripper.pos=+25.35
DEBUG 2026-09-03 08:17:04 [action #108] t=5.02s step=107 queue=22 dmax=1.172 | shoulder_pan.pos=-7.87 shoulder_lift.pos=-32.17 elbow_flex.pos=+41.11 wrist_flex.pos=+72.12 wrist_roll.pos=-5.75 gripper.pos=+26.52
DEBUG 2026-09-03 08:17:04 [action #109] t=5.05s step=108 queue=21 dmax=1.074 | shoulder_pan.pos=-7.87 shoulder_lift.pos=-31.10 elbow_flex.pos=+41.47 wrist_flex.pos=+72.10 wrist_roll.pos=-5.72 gripper.pos=+27.30
DEBUG 2026-09-03 08:17:04 [action #110] t=5.09s step=109 queue=20 dmax=0.915 | shoulder_pan.pos=-7.84 shoulder_lift.pos=-30.49 elbow_flex.pos=+40.96 wrist_flex.pos=+72.19 wrist_roll.pos=-5.63 gripper.pos=+28.22
DEBUG 2026-09-03 08:17:04 [action #111] t=5.12s step=110 queue=19 dmax=0.864 | shoulder_pan.pos=-8.12 shoulder_lift.pos=-30.04 elbow_flex.pos=+41.31 wrist_flex.pos=+72.26 wrist_roll.pos=-5.85 gripper.pos=+29.08
DEBUG 2026-09-03 08:17:04 [action #112] t=5.16s step=111 queue=18 dmax=0.544 | shoulder_pan.pos=-7.90 shoulder_lift.pos=-29.86 elbow_flex.pos=+41.27 wrist_flex.pos=+72.34 wrist_roll.pos=-5.74 gripper.pos=+29.62
DEBUG 2026-09-03 08:17:04 [action #113] t=5.19s step=112 queue=17 dmax=0.728 | shoulder_pan.pos=-8.23 shoulder_lift.pos=-29.13 elbow_flex.pos=+40.61 wrist_flex.pos=+72.41 wrist_roll.pos=-5.69 gripper.pos=+30.13
DEBUG 2026-09-03 08:17:04 [action #114] t=5.22s step=113 queue=16 dmax=0.964 | shoulder_pan.pos=-8.02 shoulder_lift.pos=-28.97 elbow_flex.pos=+40.83 wrist_flex.pos=+72.17 wrist_roll.pos=-5.75 gripper.pos=+31.10
DEBUG 2026-09-03 08:17:04 [action #115] t=5.26s step=114 queue=15 dmax=0.524 | shoulder_pan.pos=-8.24 shoulder_lift.pos=-28.45 elbow_flex.pos=+40.74 wrist_flex.pos=+71.97 wrist_roll.pos=-5.68 gripper.pos=+31.33
DEBUG 2026-09-03 08:17:04 [action #116] t=5.29s step=115 queue=14 dmax=0.998 | shoulder_pan.pos=-8.32 shoulder_lift.pos=-27.45 elbow_flex.pos=+40.75 wrist_flex.pos=+71.92 wrist_roll.pos=-5.84 gripper.pos=+31.38
DEBUG 2026-09-03 08:17:04 [action #117] t=5.32s step=116 queue=13 dmax=0.441 | shoulder_pan.pos=-8.36 shoulder_lift.pos=-27.24 elbow_flex.pos=+40.31 wrist_flex.pos=+72.00 wrist_roll.pos=-5.76 gripper.pos=+31.41
DEBUG 2026-09-03 08:17:04 [action #118] t=5.36s step=117 queue=12 dmax=1.101 | shoulder_pan.pos=-8.42 shoulder_lift.pos=-26.14 elbow_flex.pos=+39.76 wrist_flex.pos=+71.89 wrist_roll.pos=-5.78 gripper.pos=+31.26
DEBUG 2026-09-03 08:17:04 [action #119] t=5.39s step=118 queue=11 dmax=0.321 | shoulder_pan.pos=-8.30 shoulder_lift.pos=-25.82 elbow_flex.pos=+39.77 wrist_flex.pos=+71.82 wrist_roll.pos=-5.84 gripper.pos=+31.19
DEBUG 2026-09-03 08:17:04 [action #120] t=5.42s step=119 queue=10 dmax=1.057 | shoulder_pan.pos=-8.31 shoulder_lift.pos=-24.76 elbow_flex.pos=+39.24 wrist_flex.pos=+71.85 wrist_roll.pos=-5.90 gripper.pos=+31.00
DEBUG 2026-09-03 08:17:04 [action #121] t=5.46s step=120 queue=9 dmax=0.969 | shoulder_pan.pos=-8.36 shoulder_lift.pos=-23.79 elbow_flex.pos=+39.47 wrist_flex.pos=+71.50 wrist_roll.pos=-5.92 gripper.pos=+30.90
DEBUG 2026-09-03 08:17:04 [action #122] t=5.49s step=121 queue=8 dmax=1.189 | shoulder_pan.pos=-8.27 shoulder_lift.pos=-22.61 elbow_flex.pos=+38.62 wrist_flex.pos=+71.45 wrist_roll.pos=-6.04 gripper.pos=+30.91
DEBUG 2026-09-03 08:17:04 [action #123] t=5.52s step=122 queue=7 dmax=0.585 | shoulder_pan.pos=-8.42 shoulder_lift.pos=-22.14 elbow_flex.pos=+38.03 wrist_flex.pos=+71.43 wrist_roll.pos=-5.96 gripper.pos=+30.93
DEBUG 2026-09-03 08:17:04 [action #124] t=5.56s step=123 queue=6 dmax=0.706 | shoulder_pan.pos=-8.36 shoulder_lift.pos=-21.43 elbow_flex.pos=+38.41 wrist_flex.pos=+71.41 wrist_roll.pos=-5.97 gripper.pos=+31.06
DEBUG 2026-09-03 08:17:04 [action #125] t=5.59s step=124 queue=5 dmax=0.995 | shoulder_pan.pos=-8.41 shoulder_lift.pos=-20.44 elbow_flex.pos=+37.95 wrist_flex.pos=+71.15 wrist_roll.pos=-6.08 gripper.pos=+31.13
DEBUG 2026-09-03 08:17:04 [action #126] t=5.62s step=125 queue=4 dmax=0.633 | shoulder_pan.pos=-8.46 shoulder_lift.pos=-19.85 elbow_flex.pos=+37.31 wrist_flex.pos=+71.05 wrist_roll.pos=-6.08 gripper.pos=+31.09
DEBUG 2026-09-03 08:17:05 [action #127] t=5.66s step=126 queue=3 dmax=0.948 | shoulder_pan.pos=-8.59 shoulder_lift.pos=-18.91 elbow_flex.pos=+37.34 wrist_flex.pos=+71.05 wrist_roll.pos=-6.24 gripper.pos=+31.15
DEBUG 2026-09-03 08:17:05 [action #128] t=5.69s step=127 queue=2 dmax=1.178 | shoulder_pan.pos=-8.50 shoulder_lift.pos=-17.73 elbow_flex.pos=+36.36 wrist_flex.pos=+70.77 wrist_roll.pos=-6.13 gripper.pos=+30.98
DEBUG 2026-09-03 08:17:05 [chunk] received 50 actions, timesteps 101..150 | first: shoulder_pan.pos=-5.18 shoulder_lift.pos=-37.19 elbow_flex.pos=+46.65 wrist_flex.pos=+71.52 wrist_roll.pos=-5.74 gripper.pos=+30.41 | last: shoulder_pan.pos=-7.62 shoulder_lift.pos=+2.64 elbow_flex.pos=+28.98 wrist_flex.pos=+70.58 wrist_roll.pos=-6.13 gripper.pos=+28.88
DEBUG 2026-09-03 08:17:05 [action #129] t=5.73s step=128 queue=23 dmax=4.019 | shoulder_pan.pos=-7.54 shoulder_lift.pos=-13.71 elbow_flex.pos=+34.87 wrist_flex.pos=+71.12 wrist_roll.pos=-5.92 gripper.pos=+32.00
DEBUG 2026-09-03 08:17:05 [action #130] t=5.76s step=129 queue=22 dmax=1.664 | shoulder_pan.pos=-7.04 shoulder_lift.pos=-12.05 elbow_flex.pos=+34.33 wrist_flex.pos=+71.33 wrist_roll.pos=-5.71 gripper.pos=+32.36
DEBUG 2026-09-03 08:17:05 [action #131] t=5.80s step=130 queue=21 dmax=1.356 | shoulder_pan.pos=-6.95 shoulder_lift.pos=-10.69 elbow_flex.pos=+34.04 wrist_flex.pos=+70.96 wrist_roll.pos=-5.70 gripper.pos=+32.38
DEBUG 2026-09-03 08:17:05 [action #132] t=5.83s step=131 queue=20 dmax=0.256 | shoulder_pan.pos=-7.09 shoulder_lift.pos=-10.57 elbow_flex.pos=+33.93 wrist_flex.pos=+71.21 wrist_roll.pos=-5.75 gripper.pos=+32.45
DEBUG 2026-09-03 08:17:05 [action #133] t=5.86s step=132 queue=19 dmax=1.004 | shoulder_pan.pos=-7.05 shoulder_lift.pos=-9.57 elbow_flex.pos=+33.53 wrist_flex.pos=+71.18 wrist_roll.pos=-5.66 gripper.pos=+32.42
DEBUG 2026-09-03 08:17:05 [action #134] t=5.90s step=133 queue=18 dmax=1.119 | shoulder_pan.pos=-7.37 shoulder_lift.pos=-8.45 elbow_flex.pos=+33.31 wrist_flex.pos=+71.21 wrist_roll.pos=-5.79 gripper.pos=+32.42
DEBUG 2026-09-03 08:17:05 [action #135] t=5.93s step=134 queue=17 dmax=0.722 | shoulder_pan.pos=-7.31 shoulder_lift.pos=-7.73 elbow_flex.pos=+32.67 wrist_flex.pos=+71.12 wrist_roll.pos=-5.81 gripper.pos=+32.42
DEBUG 2026-09-03 08:17:05 [action #136] t=5.96s step=135 queue=16 dmax=0.418 | shoulder_pan.pos=-7.32 shoulder_lift.pos=-7.31 elbow_flex.pos=+32.60 wrist_flex.pos=+70.98 wrist_roll.pos=-5.76 gripper.pos=+32.41
DEBUG 2026-09-03 08:17:05 [action #137] t=6.00s step=136 queue=15 dmax=0.793 | shoulder_pan.pos=-7.46 shoulder_lift.pos=-6.52 elbow_flex.pos=+32.21 wrist_flex.pos=+71.05 wrist_roll.pos=-5.85 gripper.pos=+32.38
DEBUG 2026-09-03 08:17:05 [action #138] t=6.03s step=137 queue=14 dmax=1.042 | shoulder_pan.pos=-7.41 shoulder_lift.pos=-5.48 elbow_flex.pos=+31.38 wrist_flex.pos=+70.76 wrist_roll.pos=-5.80 gripper.pos=+32.49
DEBUG 2026-09-03 08:17:05 [action #139] t=6.06s step=138 queue=13 dmax=0.803 | shoulder_pan.pos=-7.51 shoulder_lift.pos=-4.67 elbow_flex.pos=+31.28 wrist_flex.pos=+70.88 wrist_roll.pos=-5.84 gripper.pos=+32.51
DEBUG 2026-09-03 08:17:05 [action #140] t=6.10s step=139 queue=12 dmax=0.189 | shoulder_pan.pos=-7.56 shoulder_lift.pos=-4.56 elbow_flex.pos=+31.09 wrist_flex.pos=+70.78 wrist_roll.pos=-6.00 gripper.pos=+32.67
DEBUG 2026-09-03 08:17:05 [action #141] t=6.13s step=140 queue=11 dmax=0.784 | shoulder_pan.pos=-7.70 shoulder_lift.pos=-3.77 elbow_flex.pos=+30.62 wrist_flex.pos=+70.96 wrist_roll.pos=-5.99 gripper.pos=+32.67
DEBUG 2026-09-03 08:17:05 [action #142] t=6.16s step=141 queue=10 dmax=0.673 | shoulder_pan.pos=-7.59 shoulder_lift.pos=-3.10 elbow_flex.pos=+30.32 wrist_flex.pos=+70.97 wrist_roll.pos=-5.91 gripper.pos=+32.72
DEBUG 2026-09-03 08:17:05 [action #143] t=6.20s step=142 queue=9 dmax=0.705 | shoulder_pan.pos=-7.69 shoulder_lift.pos=-2.39 elbow_flex.pos=+29.89 wrist_flex.pos=+70.87 wrist_roll.pos=-5.99 gripper.pos=+32.74
DEBUG 2026-09-03 08:17:05 [action #144] t=6.23s step=143 queue=8 dmax=0.376 | shoulder_pan.pos=-7.63 shoulder_lift.pos=-2.19 elbow_flex.pos=+30.26 wrist_flex.pos=+70.82 wrist_roll.pos=-5.95 gripper.pos=+32.61
DEBUG 2026-09-03 08:17:05 [action #145] t=6.26s step=144 queue=7 dmax=0.676 | shoulder_pan.pos=-7.73 shoulder_lift.pos=-1.51 elbow_flex.pos=+29.64 wrist_flex.pos=+70.52 wrist_roll.pos=-6.07 gripper.pos=+32.63
DEBUG 2026-09-03 08:17:05 [action #146] t=6.30s step=145 queue=6 dmax=1.377 | shoulder_pan.pos=-7.71 shoulder_lift.pos=-0.14 elbow_flex.pos=+29.66 wrist_flex.pos=+70.64 wrist_roll.pos=-6.02 gripper.pos=+32.60
DEBUG 2026-09-03 08:17:05 [action #147] t=6.33s step=146 queue=5 dmax=0.649 | shoulder_pan.pos=-7.66 shoulder_lift.pos=-0.31 elbow_flex.pos=+30.31 wrist_flex.pos=+70.52 wrist_roll.pos=-6.18 gripper.pos=+32.23
DEBUG 2026-09-03 08:17:05 [action #148] t=6.36s step=147 queue=4 dmax=1.226 | shoulder_pan.pos=-7.51 shoulder_lift.pos=+0.91 elbow_flex.pos=+29.51 wrist_flex.pos=+70.53 wrist_roll.pos=-6.16 gripper.pos=+31.89
DEBUG 2026-09-03 08:17:05 [action #149] t=6.40s step=148 queue=3 dmax=0.848 | shoulder_pan.pos=-7.87 shoulder_lift.pos=+0.93 elbow_flex.pos=+29.16 wrist_flex.pos=+70.52 wrist_roll.pos=-6.16 gripper.pos=+31.04
DEBUG 2026-09-03 08:17:05 [action #150] t=6.43s step=149 queue=2 dmax=0.851 | shoulder_pan.pos=-7.76 shoulder_lift.pos=+1.44 elbow_flex.pos=+29.24 wrist_flex.pos=+70.40 wrist_roll.pos=-6.16 gripper.pos=+30.19
DEBUG 2026-09-03 08:17:05 [action #151] t=6.46s step=150 queue=1 dmax=1.303 | shoulder_pan.pos=-7.62 shoulder_lift.pos=+2.64 elbow_flex.pos=+28.98 wrist_flex.pos=+70.58 wrist_roll.pos=-6.13 gripper.pos=+28.88
DEBUG 2026-09-03 08:17:06 [chunk] received 50 actions, timesteps 126..175 | first: shoulder_pan.pos=-7.97 shoulder_lift.pos=-20.25 elbow_flex.pos=+38.65 wrist_flex.pos=+71.07 wrist_roll.pos=-6.50 gripper.pos=+31.22 | last: shoulder_pan.pos=-10.38 shoulder_lift.pos=+2.32 elbow_flex.pos=+26.06 wrist_flex.pos=+69.06 wrist_roll.pos=-8.07 gripper.pos=+5.83
DEBUG 2026-09-03 08:17:06 [action #152] t=6.70s step=151 queue=25 dmax=4.735 | shoulder_pan.pos=-9.70 shoulder_lift.pos=+0.88 elbow_flex.pos=+30.70 wrist_flex.pos=+68.47 wrist_roll.pos=-6.76 gripper.pos=+33.62
DEBUG 2026-09-03 08:17:06 [action #153] t=6.73s step=152 queue=24 dmax=0.279 | shoulder_pan.pos=-9.58 shoulder_lift.pos=+1.16 elbow_flex.pos=+30.92 wrist_flex.pos=+68.30 wrist_roll.pos=-6.80 gripper.pos=+33.72
DEBUG 2026-09-03 08:17:06 [action #154] t=6.77s step=153 queue=23 dmax=0.918 | shoulder_pan.pos=-10.11 shoulder_lift.pos=+2.08 elbow_flex.pos=+30.25 wrist_flex.pos=+68.20 wrist_roll.pos=-6.89 gripper.pos=+33.72
DEBUG 2026-09-03 08:17:06 [action #155] t=6.80s step=154 queue=22 dmax=0.354 | shoulder_pan.pos=-9.87 shoulder_lift.pos=+2.06 elbow_flex.pos=+30.60 wrist_flex.pos=+68.36 wrist_roll.pos=-7.08 gripper.pos=+33.77
DEBUG 2026-09-03 08:17:06 [action #156] t=6.83s step=155 queue=21 dmax=1.148 | shoulder_pan.pos=-10.00 shoulder_lift.pos=+3.20 elbow_flex.pos=+30.36 wrist_flex.pos=+68.29 wrist_roll.pos=-7.35 gripper.pos=+34.12
DEBUG 2026-09-03 08:17:06 [action #157] t=6.87s step=156 queue=20 dmax=0.353 | shoulder_pan.pos=-10.02 shoulder_lift.pos=+3.32 elbow_flex.pos=+30.10 wrist_flex.pos=+68.44 wrist_roll.pos=-7.65 gripper.pos=+33.77
DEBUG 2026-09-03 08:17:06 [action #158] t=6.90s step=157 queue=19 dmax=0.810 | shoulder_pan.pos=-9.85 shoulder_lift.pos=+3.68 elbow_flex.pos=+29.52 wrist_flex.pos=+68.38 wrist_roll.pos=-7.68 gripper.pos=+32.96
DEBUG 2026-09-03 08:17:06 [action #159] t=6.94s step=158 queue=18 dmax=1.742 | shoulder_pan.pos=-9.69 shoulder_lift.pos=+4.50 elbow_flex.pos=+29.60 wrist_flex.pos=+68.40 wrist_roll.pos=-7.81 gripper.pos=+31.22
DEBUG 2026-09-03 08:17:06 [action #160] t=6.97s step=159 queue=17 dmax=3.118 | shoulder_pan.pos=-10.05 shoulder_lift.pos=+3.55 elbow_flex.pos=+29.43 wrist_flex.pos=+68.47 wrist_roll.pos=-7.87 gripper.pos=+28.10
DEBUG 2026-09-03 08:17:06 [action #161] t=7.00s step=160 queue=16 dmax=3.544 | shoulder_pan.pos=-10.13 shoulder_lift.pos=+3.95 elbow_flex.pos=+29.62 wrist_flex.pos=+68.68 wrist_roll.pos=-7.82 gripper.pos=+24.56
DEBUG 2026-09-03 08:17:06 [action #162] t=7.04s step=161 queue=15 dmax=3.638 | shoulder_pan.pos=-9.97 shoulder_lift.pos=+4.17 elbow_flex.pos=+29.55 wrist_flex.pos=+68.64 wrist_roll.pos=-7.69 gripper.pos=+20.92
DEBUG 2026-09-03 08:17:06 [action #163] t=7.07s step=162 queue=14 dmax=3.234 | shoulder_pan.pos=-9.89 shoulder_lift.pos=+3.47 elbow_flex.pos=+29.60 wrist_flex.pos=+68.72 wrist_roll.pos=-7.75 gripper.pos=+17.69
DEBUG 2026-09-03 08:17:06 [action #164] t=7.10s step=163 queue=13 dmax=2.873 | shoulder_pan.pos=-9.95 shoulder_lift.pos=+3.78 elbow_flex.pos=+29.38 wrist_flex.pos=+68.62 wrist_roll.pos=-7.69 gripper.pos=+14.81
DEBUG 2026-09-03 08:17:06 [action #165] t=7.14s step=164 queue=12 dmax=2.352 | shoulder_pan.pos=-9.82 shoulder_lift.pos=+3.48 elbow_flex.pos=+29.85 wrist_flex.pos=+68.63 wrist_roll.pos=-7.66 gripper.pos=+12.46
DEBUG 2026-09-03 08:17:06 [action #166] t=7.17s step=165 queue=11 dmax=1.953 | shoulder_pan.pos=-9.96 shoulder_lift.pos=+3.23 elbow_flex.pos=+29.37 wrist_flex.pos=+68.41 wrist_roll.pos=-7.69 gripper.pos=+10.51
DEBUG 2026-09-03 08:17:06 [action #167] t=7.20s step=166 queue=10 dmax=1.483 | shoulder_pan.pos=-9.99 shoulder_lift.pos=+2.30 elbow_flex.pos=+29.18 wrist_flex.pos=+68.40 wrist_roll.pos=-7.76 gripper.pos=+9.02
DEBUG 2026-09-03 08:17:06 [action #168] t=7.24s step=167 queue=9 dmax=0.970 | shoulder_pan.pos=-9.94 shoulder_lift.pos=+2.51 elbow_flex.pos=+29.03 wrist_flex.pos=+68.43 wrist_roll.pos=-7.85 gripper.pos=+8.05
DEBUG 2026-09-03 08:17:06 [action #169] t=7.27s step=168 queue=8 dmax=0.617 | shoulder_pan.pos=-9.94 shoulder_lift.pos=+2.19 elbow_flex.pos=+29.06 wrist_flex.pos=+68.34 wrist_roll.pos=-7.92 gripper.pos=+7.44
DEBUG 2026-09-03 08:17:06 [action #170] t=7.30s step=169 queue=7 dmax=0.477 | shoulder_pan.pos=-10.12 shoulder_lift.pos=+1.76 elbow_flex.pos=+28.98 wrist_flex.pos=+68.31 wrist_roll.pos=-7.88 gripper.pos=+6.96
DEBUG 2026-09-03 08:17:06 [action #171] t=7.34s step=170 queue=6 dmax=0.861 | shoulder_pan.pos=-10.14 shoulder_lift.pos=+2.62 elbow_flex.pos=+28.58 wrist_flex.pos=+68.41 wrist_roll.pos=-7.93 gripper.pos=+6.86
DEBUG 2026-09-03 08:17:06 [action #172] t=7.37s step=171 queue=5 dmax=0.560 | shoulder_pan.pos=-10.11 shoulder_lift.pos=+2.06 elbow_flex.pos=+28.09 wrist_flex.pos=+68.59 wrist_roll.pos=-8.00 gripper.pos=+6.42
DEBUG 2026-09-03 08:17:06 [action #173] t=7.40s step=172 queue=4 dmax=0.513 | shoulder_pan.pos=-10.28 shoulder_lift.pos=+2.11 elbow_flex.pos=+27.58 wrist_flex.pos=+68.57 wrist_roll.pos=-7.95 gripper.pos=+6.21
DEBUG 2026-09-03 08:17:06 [action #174] t=7.44s step=173 queue=3 dmax=0.477 | shoulder_pan.pos=-10.18 shoulder_lift.pos=+2.59 elbow_flex.pos=+27.44 wrist_flex.pos=+68.82 wrist_roll.pos=-7.93 gripper.pos=+6.21
DEBUG 2026-09-03 08:17:06 [action #175] t=7.47s step=174 queue=2 dmax=0.519 | shoulder_pan.pos=-10.32 shoulder_lift.pos=+2.36 elbow_flex.pos=+26.92 wrist_flex.pos=+69.06 wrist_roll.pos=-7.99 gripper.pos=+5.87
DEBUG 2026-09-03 08:17:06 [action #176] t=7.50s step=175 queue=1 dmax=0.863 | shoulder_pan.pos=-10.38 shoulder_lift.pos=+2.32 elbow_flex.pos=+26.06 wrist_flex.pos=+69.06 wrist_roll.pos=-8.07 gripper.pos=+5.83
DEBUG 2026-09-03 08:17:06 [chunk] received 50 actions, timesteps 150..199 | first: shoulder_pan.pos=-7.47 shoulder_lift.pos=+1.59 elbow_flex.pos=+29.10 wrist_flex.pos=+69.23 wrist_roll.pos=-6.60 gripper.pos=+27.81 | last: shoulder_pan.pos=+8.34 shoulder_lift.pos=-10.66 elbow_flex.pos=+0.76 wrist_flex.pos=+87.80 wrist_roll.pos=-6.88 gripper.pos=+6.28
DEBUG 2026-09-03 08:17:06 [action #177] t=7.64s step=176 queue=24 dmax=9.632 | shoulder_pan.pos=-6.88 shoulder_lift.pos=-2.79 elbow_flex.pos=+18.09 wrist_flex.pos=+78.69 wrist_roll.pos=-7.92 gripper.pos=+5.91
DEBUG 2026-09-03 08:17:07 [action #178] t=7.67s step=177 queue=23 dmax=1.108 | shoulder_pan.pos=-6.63 shoulder_lift.pos=-3.07 elbow_flex.pos=+17.04 wrist_flex.pos=+79.80 wrist_roll.pos=-7.94 gripper.pos=+5.84
DEBUG 2026-09-03 08:17:07 [action #179] t=7.70s step=178 queue=22 dmax=1.096 | shoulder_pan.pos=-6.58 shoulder_lift.pos=-3.70 elbow_flex.pos=+15.95 wrist_flex.pos=+80.69 wrist_roll.pos=-8.07 gripper.pos=+5.88
DEBUG 2026-09-03 08:17:07 [action #180] t=7.74s step=179 queue=21 dmax=1.576 | shoulder_pan.pos=-6.35 shoulder_lift.pos=-3.43 elbow_flex.pos=+14.37 wrist_flex.pos=+81.57 wrist_roll.pos=-8.06 gripper.pos=+5.88
DEBUG 2026-09-03 08:17:07 [action #181] t=7.77s step=180 queue=20 dmax=1.811 | shoulder_pan.pos=-5.96 shoulder_lift.pos=-5.24 elbow_flex.pos=+14.08 wrist_flex.pos=+82.46 wrist_roll.pos=-8.20 gripper.pos=+5.96
DEBUG 2026-09-03 08:17:07 [action #182] t=7.81s step=181 queue=19 dmax=1.263 | shoulder_pan.pos=-5.67 shoulder_lift.pos=-4.77 elbow_flex.pos=+12.82 wrist_flex.pos=+83.29 wrist_roll.pos=-8.14 gripper.pos=+5.98
DEBUG 2026-09-03 08:17:07 [action #183] t=7.84s step=182 queue=18 dmax=1.193 | shoulder_pan.pos=-5.42 shoulder_lift.pos=-4.82 elbow_flex.pos=+11.62 wrist_flex.pos=+84.10 wrist_roll.pos=-8.24 gripper.pos=+6.00
DEBUG 2026-09-03 08:17:07 [action #184] t=7.87s step=183 queue=17 dmax=1.217 | shoulder_pan.pos=-5.32 shoulder_lift.pos=-5.89 elbow_flex.pos=+10.41 wrist_flex.pos=+84.85 wrist_roll.pos=-8.22 gripper.pos=+6.00
DEBUG 2026-09-03 08:17:07 [action #185] t=7.91s step=184 queue=16 dmax=1.040 | shoulder_pan.pos=-4.56 shoulder_lift.pos=-5.78 elbow_flex.pos=+9.37 wrist_flex.pos=+85.67 wrist_roll.pos=-8.31 gripper.pos=+6.02
DEBUG 2026-09-03 08:17:07 [action #186] t=7.94s step=185 queue=15 dmax=0.816 | shoulder_pan.pos=-4.12 shoulder_lift.pos=-6.54 elbow_flex.pos=+8.55 wrist_flex.pos=+86.43 wrist_roll.pos=-8.38 gripper.pos=+6.01
DEBUG 2026-09-03 08:17:07 [action #187] t=7.97s step=186 queue=14 dmax=1.116 | shoulder_pan.pos=-3.49 shoulder_lift.pos=-6.62 elbow_flex.pos=+7.43 wrist_flex.pos=+87.06 wrist_roll.pos=-8.35 gripper.pos=+6.12
DEBUG 2026-09-03 08:17:07 [action #188] t=8.01s step=187 queue=13 dmax=0.763 | shoulder_pan.pos=-2.73 shoulder_lift.pos=-7.10 elbow_flex.pos=+6.73 wrist_flex.pos=+87.10 wrist_roll.pos=-8.31 gripper.pos=+6.11
DEBUG 2026-09-03 08:17:07 [action #189] t=8.04s step=188 queue=12 dmax=1.006 | shoulder_pan.pos=-1.72 shoulder_lift.pos=-7.72 elbow_flex.pos=+6.08 wrist_flex.pos=+87.48 wrist_roll.pos=-8.19 gripper.pos=+6.11
DEBUG 2026-09-03 08:17:07 [action #190] t=8.07s step=189 queue=11 dmax=0.930 | shoulder_pan.pos=-0.79 shoulder_lift.pos=-7.79 elbow_flex.pos=+5.92 wrist_flex.pos=+87.56 wrist_roll.pos=-8.14 gripper.pos=+6.17
DEBUG 2026-09-03 08:17:07 [action #191] t=8.11s step=190 queue=10 dmax=0.857 | shoulder_pan.pos=+0.06 shoulder_lift.pos=-8.30 elbow_flex.pos=+5.07 wrist_flex.pos=+87.69 wrist_roll.pos=-8.19 gripper.pos=+6.13
DEBUG 2026-09-03 08:17:07 [action #192] t=8.14s step=191 queue=9 dmax=0.898 | shoulder_pan.pos=+0.96 shoulder_lift.pos=-8.47 elbow_flex.pos=+4.93 wrist_flex.pos=+87.74 wrist_roll.pos=-8.07 gripper.pos=+6.07
DEBUG 2026-09-03 08:17:07 [action #193] t=8.17s step=192 queue=8 dmax=1.200 | shoulder_pan.pos=+1.70 shoulder_lift.pos=-8.67 elbow_flex.pos=+3.73 wrist_flex.pos=+87.85 wrist_roll.pos=-8.04 gripper.pos=+6.21
DEBUG 2026-09-03 08:17:07 [action #194] t=8.21s step=193 queue=7 dmax=1.016 | shoulder_pan.pos=+2.71 shoulder_lift.pos=-8.85 elbow_flex.pos=+3.62 wrist_flex.pos=+87.96 wrist_roll.pos=-7.86 gripper.pos=+5.99
DEBUG 2026-09-03 08:17:07 [action #195] t=8.24s step=194 queue=6 dmax=0.928 | shoulder_pan.pos=+3.64 shoulder_lift.pos=-9.58 elbow_flex.pos=+3.27 wrist_flex.pos=+87.94 wrist_roll.pos=-7.62 gripper.pos=+6.08
DEBUG 2026-09-03 08:17:07 [action #196] t=8.27s step=195 queue=5 dmax=0.903 | shoulder_pan.pos=+4.54 shoulder_lift.pos=-9.87 elbow_flex.pos=+3.21 wrist_flex.pos=+87.86 wrist_roll.pos=-7.55 gripper.pos=+6.10
DEBUG 2026-09-03 08:17:07 [action #197] t=8.31s step=196 queue=4 dmax=1.120 | shoulder_pan.pos=+5.66 shoulder_lift.pos=-10.26 elbow_flex.pos=+3.06 wrist_flex.pos=+87.77 wrist_roll.pos=-7.41 gripper.pos=+6.07
DEBUG 2026-09-03 08:17:07 [action #198] t=8.34s step=197 queue=3 dmax=1.001 | shoulder_pan.pos=+6.34 shoulder_lift.pos=-10.92 elbow_flex.pos=+2.06 wrist_flex.pos=+87.85 wrist_roll.pos=-7.16 gripper.pos=+6.22
DEBUG 2026-09-03 08:17:07 [action #199] t=8.37s step=198 queue=2 dmax=0.951 | shoulder_pan.pos=+7.29 shoulder_lift.pos=-10.14 elbow_flex.pos=+1.95 wrist_flex.pos=+87.87 wrist_roll.pos=-7.13 gripper.pos=+6.22
DEBUG 2026-09-03 08:17:07 [action #200] t=8.41s step=199 queue=1 dmax=1.192 | shoulder_pan.pos=+8.34 shoulder_lift.pos=-10.66 elbow_flex.pos=+0.76 wrist_flex.pos=+87.80 wrist_roll.pos=-6.88 gripper.pos=+6.28
DEBUG 2026-09-03 08:17:07 [chunk] received 50 actions, timesteps 175..224 | first: shoulder_pan.pos=-8.90 shoulder_lift.pos=+0.58 elbow_flex.pos=+25.48 wrist_flex.pos=+69.14 wrist_roll.pos=-7.91 gripper.pos=+8.02 | last: shoulder_pan.pos=+24.30 shoulder_lift.pos=-7.87 elbow_flex.pos=-10.11 wrist_flex.pos=+82.22 wrist_roll.pos=-7.71 gripper.pos=+6.70
DEBUG 2026-09-03 08:17:07 [action #201] t=8.47s step=200 queue=25 dmax=7.086 | shoulder_pan.pos=+1.25 shoulder_lift.pos=-10.55 elbow_flex.pos=+2.07 wrist_flex.pos=+88.97 wrist_roll.pos=-9.56 gripper.pos=+6.72
DEBUG 2026-09-03 08:17:07 [action #202] t=8.51s step=201 queue=24 dmax=1.252 | shoulder_pan.pos=+2.50 shoulder_lift.pos=-10.13 elbow_flex.pos=+1.62 wrist_flex.pos=+89.01 wrist_roll.pos=-9.52 gripper.pos=+6.71
DEBUG 2026-09-03 08:17:07 [action #203] t=8.54s step=202 queue=23 dmax=0.967 | shoulder_pan.pos=+3.47 shoulder_lift.pos=-10.30 elbow_flex.pos=+0.78 wrist_flex.pos=+89.23 wrist_roll.pos=-9.43 gripper.pos=+6.54
DEBUG 2026-09-03 08:17:07 [action #204] t=8.57s step=203 queue=22 dmax=1.195 | shoulder_pan.pos=+4.67 shoulder_lift.pos=-10.31 elbow_flex.pos=-0.38 wrist_flex.pos=+89.14 wrist_roll.pos=-9.31 gripper.pos=+6.65
DEBUG 2026-09-03 08:17:07 [action #205] t=8.61s step=204 queue=21 dmax=1.104 | shoulder_pan.pos=+5.77 shoulder_lift.pos=-10.79 elbow_flex.pos=-0.51 wrist_flex.pos=+89.15 wrist_roll.pos=-9.21 gripper.pos=+6.57
DEBUG 2026-09-03 08:17:07 [action #206] t=8.64s step=205 queue=20 dmax=0.748 | shoulder_pan.pos=+6.52 shoulder_lift.pos=-10.39 elbow_flex.pos=-1.15 wrist_flex.pos=+89.06 wrist_roll.pos=-9.20 gripper.pos=+6.66
DEBUG 2026-09-03 08:17:08 [action #207] t=8.68s step=206 queue=19 dmax=1.559 | shoulder_pan.pos=+8.08 shoulder_lift.pos=-11.32 elbow_flex.pos=-2.09 wrist_flex.pos=+88.99 wrist_roll.pos=-9.05 gripper.pos=+6.69
DEBUG 2026-09-03 08:17:08 [action #208] t=8.71s step=207 queue=18 dmax=1.250 | shoulder_pan.pos=+9.33 shoulder_lift.pos=-11.28 elbow_flex.pos=-1.81 wrist_flex.pos=+88.91 wrist_roll.pos=-9.02 gripper.pos=+6.66
DEBUG 2026-09-03 08:17:08 [action #209] t=8.74s step=208 queue=17 dmax=1.258 | shoulder_pan.pos=+10.59 shoulder_lift.pos=-11.55 elbow_flex.pos=-2.80 wrist_flex.pos=+88.71 wrist_roll.pos=-8.93 gripper.pos=+6.67
DEBUG 2026-09-03 08:17:08 [action #210] t=8.78s step=209 queue=16 dmax=0.996 | shoulder_pan.pos=+11.58 shoulder_lift.pos=-11.42 elbow_flex.pos=-3.45 wrist_flex.pos=+88.74 wrist_roll.pos=-8.78 gripper.pos=+6.63
DEBUG 2026-09-03 08:17:08 [action #211] t=8.81s step=210 queue=15 dmax=0.905 | shoulder_pan.pos=+12.46 shoulder_lift.pos=-11.33 elbow_flex.pos=-4.35 wrist_flex.pos=+88.58 wrist_roll.pos=-8.73 gripper.pos=+6.59
DEBUG 2026-09-03 08:17:08 [action #212] t=8.84s step=211 queue=14 dmax=1.002 | shoulder_pan.pos=+13.46 shoulder_lift.pos=-10.85 elbow_flex.pos=-4.55 wrist_flex.pos=+88.38 wrist_roll.pos=-8.66 gripper.pos=+6.56
DEBUG 2026-09-03 08:17:08 [action #213] t=8.88s step=212 queue=13 dmax=1.589 | shoulder_pan.pos=+14.57 shoulder_lift.pos=-12.32 elbow_flex.pos=-6.14 wrist_flex.pos=+88.22 wrist_roll.pos=-8.48 gripper.pos=+6.74
DEBUG 2026-09-03 08:17:08 [action #214] t=8.91s step=213 queue=12 dmax=0.813 | shoulder_pan.pos=+15.38 shoulder_lift.pos=-12.34 elbow_flex.pos=-5.76 wrist_flex.pos=+87.97 wrist_roll.pos=-8.41 gripper.pos=+6.56
DEBUG 2026-09-03 08:17:08 [action #215] t=8.94s step=214 queue=11 dmax=1.075 | shoulder_pan.pos=+16.46 shoulder_lift.pos=-12.36 elbow_flex.pos=-6.83 wrist_flex.pos=+87.66 wrist_roll.pos=-8.20 gripper.pos=+6.64
DEBUG 2026-09-03 08:17:08 [action #216] t=8.98s step=215 queue=10 dmax=0.941 | shoulder_pan.pos=+17.40 shoulder_lift.pos=-11.51 elbow_flex.pos=-7.18 wrist_flex.pos=+87.32 wrist_roll.pos=-8.04 gripper.pos=+6.55
DEBUG 2026-09-03 08:17:08 [action #217] t=9.01s step=216 queue=9 dmax=0.776 | shoulder_pan.pos=+18.17 shoulder_lift.pos=-11.97 elbow_flex.pos=-7.51 wrist_flex.pos=+86.69 wrist_roll.pos=-7.78 gripper.pos=+6.66
DEBUG 2026-09-03 08:17:08 [action #218] t=9.04s step=217 queue=8 dmax=0.853 | shoulder_pan.pos=+19.03 shoulder_lift.pos=-11.32 elbow_flex.pos=-7.68 wrist_flex.pos=+86.39 wrist_roll.pos=-7.66 gripper.pos=+6.69
DEBUG 2026-09-03 08:17:08 [action #219] t=9.08s step=218 queue=7 dmax=0.950 | shoulder_pan.pos=+19.98 shoulder_lift.pos=-11.17 elbow_flex.pos=-7.83 wrist_flex.pos=+85.91 wrist_roll.pos=-7.77 gripper.pos=+6.60
DEBUG 2026-09-03 08:17:08 [action #220] t=9.11s step=219 queue=6 dmax=0.977 | shoulder_pan.pos=+20.95 shoulder_lift.pos=-10.83 elbow_flex.pos=-8.18 wrist_flex.pos=+85.25 wrist_roll.pos=-7.67 gripper.pos=+6.66
DEBUG 2026-09-03 08:17:08 [action #221] t=9.14s step=220 queue=5 dmax=0.994 | shoulder_pan.pos=+21.95 shoulder_lift.pos=-10.48 elbow_flex.pos=-8.34 wrist_flex.pos=+84.57 wrist_roll.pos=-7.76 gripper.pos=+6.68
DEBUG 2026-09-03 08:17:08 [action #222] t=9.18s step=221 queue=4 dmax=0.622 | shoulder_pan.pos=+22.54 shoulder_lift.pos=-9.94 elbow_flex.pos=-8.92 wrist_flex.pos=+83.95 wrist_roll.pos=-7.54 gripper.pos=+6.70
DEBUG 2026-09-03 08:17:08 [action #223] t=9.21s step=222 queue=3 dmax=0.683 | shoulder_pan.pos=+23.15 shoulder_lift.pos=-9.94 elbow_flex.pos=-9.10 wrist_flex.pos=+83.27 wrist_roll.pos=-7.76 gripper.pos=+6.72
DEBUG 2026-09-03 08:17:08 [action #224] t=9.24s step=223 queue=2 dmax=1.124 | shoulder_pan.pos=+23.91 shoulder_lift.pos=-8.82 elbow_flex.pos=-9.17 wrist_flex.pos=+83.01 wrist_roll.pos=-7.64 gripper.pos=+6.63
DEBUG 2026-09-03 08:17:08 [action #225] t=9.28s step=224 queue=1 dmax=0.952 | shoulder_pan.pos=+24.30 shoulder_lift.pos=-7.87 elbow_flex.pos=-10.11 wrist_flex.pos=+82.22 wrist_roll.pos=-7.71 gripper.pos=+6.70
DEBUG 2026-09-03 08:17:08 [chunk] received 50 actions, timesteps 199..248 | first: shoulder_pan.pos=+9.52 shoulder_lift.pos=-15.74 elbow_flex.pos=+5.81 wrist_flex.pos=+86.65 wrist_roll.pos=-7.72 gripper.pos=+5.52 | last: shoulder_pan.pos=+34.25 shoulder_lift.pos=+25.40 elbow_flex.pos=-27.05 wrist_flex.pos=+75.45 wrist_roll.pos=-11.16 gripper.pos=+5.62
DEBUG 2026-09-03 08:17:08 [action #226] t=9.51s step=225 queue=24 dmax=6.625 | shoulder_pan.pos=+27.75 shoulder_lift.pos=-2.08 elbow_flex.pos=-6.36 wrist_flex.pos=+75.59 wrist_roll.pos=-8.28 gripper.pos=+4.86
DEBUG 2026-09-03 08:17:08 [action #227] t=9.55s step=226 queue=23 dmax=1.074 | shoulder_pan.pos=+28.19 shoulder_lift.pos=-1.01 elbow_flex.pos=-7.19 wrist_flex.pos=+75.52 wrist_roll.pos=-8.42 gripper.pos=+5.02
DEBUG 2026-09-03 08:17:08 [action #228] t=9.58s step=227 queue=22 dmax=2.219 | shoulder_pan.pos=+28.72 shoulder_lift.pos=+1.21 elbow_flex.pos=-8.60 wrist_flex.pos=+75.35 wrist_roll.pos=-8.47 gripper.pos=+4.90
DEBUG 2026-09-03 08:17:08 [action #229] t=9.61s step=228 queue=21 dmax=1.369 | shoulder_pan.pos=+29.04 shoulder_lift.pos=+2.58 elbow_flex.pos=-9.40 wrist_flex.pos=+75.29 wrist_roll.pos=-8.60 gripper.pos=+5.08
DEBUG 2026-09-03 08:17:08 [action #230] t=9.65s step=229 queue=20 dmax=1.758 | shoulder_pan.pos=+29.45 shoulder_lift.pos=+4.24 elbow_flex.pos=-11.16 wrist_flex.pos=+75.27 wrist_roll.pos=-8.85 gripper.pos=+4.93
DEBUG 2026-09-03 08:17:09 [action #231] t=9.68s step=230 queue=19 dmax=1.885 | shoulder_pan.pos=+29.57 shoulder_lift.pos=+6.13 elbow_flex.pos=-12.51 wrist_flex.pos=+75.17 wrist_roll.pos=-8.92 gripper.pos=+5.14
DEBUG 2026-09-03 08:17:09 [action #232] t=9.71s step=231 queue=18 dmax=2.070 | shoulder_pan.pos=+30.10 shoulder_lift.pos=+8.20 elbow_flex.pos=-14.37 wrist_flex.pos=+75.62 wrist_roll.pos=-9.23 gripper.pos=+5.09
DEBUG 2026-09-03 08:17:09 [action #233] t=9.75s step=232 queue=17 dmax=1.749 | shoulder_pan.pos=+30.80 shoulder_lift.pos=+9.62 elbow_flex.pos=-16.12 wrist_flex.pos=+75.89 wrist_roll.pos=-9.29 gripper.pos=+4.84
DEBUG 2026-09-03 08:17:09 [action #234] t=9.78s step=233 queue=16 dmax=1.934 | shoulder_pan.pos=+30.97 shoulder_lift.pos=+11.56 elbow_flex.pos=-17.52 wrist_flex.pos=+75.73 wrist_roll.pos=-9.60 gripper.pos=+4.85
DEBUG 2026-09-03 08:17:09 [action #235] t=9.81s step=234 queue=15 dmax=1.679 | shoulder_pan.pos=+31.75 shoulder_lift.pos=+12.96 elbow_flex.pos=-19.20 wrist_flex.pos=+76.05 wrist_roll.pos=-9.83 gripper.pos=+5.04
DEBUG 2026-09-03 08:17:09 [action #236] t=9.85s step=235 queue=14 dmax=0.684 | shoulder_pan.pos=+31.98 shoulder_lift.pos=+13.57 elbow_flex.pos=-19.89 wrist_flex.pos=+75.90 wrist_roll.pos=-10.10 gripper.pos=+5.08
DEBUG 2026-09-03 08:17:09 [action #237] t=9.88s step=236 queue=13 dmax=1.482 | shoulder_pan.pos=+32.07 shoulder_lift.pos=+14.69 elbow_flex.pos=-21.37 wrist_flex.pos=+75.91 wrist_roll.pos=-10.44 gripper.pos=+5.04
DEBUG 2026-09-03 08:17:09 [action #238] t=9.91s step=237 queue=12 dmax=1.891 | shoulder_pan.pos=+32.61 shoulder_lift.pos=+16.58 elbow_flex.pos=-22.75 wrist_flex.pos=+75.90 wrist_roll.pos=-10.65 gripper.pos=+4.92
DEBUG 2026-09-03 08:17:09 [action #239] t=9.95s step=238 queue=11 dmax=0.919 | shoulder_pan.pos=+33.06 shoulder_lift.pos=+17.50 elbow_flex.pos=-22.94 wrist_flex.pos=+75.79 wrist_roll.pos=-10.64 gripper.pos=+5.05
DEBUG 2026-09-03 08:17:09 [action #240] t=9.98s step=239 queue=10 dmax=1.127 | shoulder_pan.pos=+33.06 shoulder_lift.pos=+18.03 elbow_flex.pos=-24.07 wrist_flex.pos=+75.75 wrist_roll.pos=-10.83 gripper.pos=+4.93
DEBUG 2026-09-03 08:17:09 [action #241] t=10.01s step=240 queue=9 dmax=2.122 | shoulder_pan.pos=+33.66 shoulder_lift.pos=+20.16 elbow_flex.pos=-24.80 wrist_flex.pos=+75.81 wrist_roll.pos=-10.79 gripper.pos=+4.99
DEBUG 2026-09-03 08:17:09 [action #242] t=10.05s step=241 queue=8 dmax=0.852 | shoulder_pan.pos=+33.68 shoulder_lift.pos=+21.01 elbow_flex.pos=-25.32 wrist_flex.pos=+75.73 wrist_roll.pos=-11.00 gripper.pos=+4.92
DEBUG 2026-09-03 08:17:09 [action #243] t=10.08s step=242 queue=7 dmax=0.637 | shoulder_pan.pos=+33.61 shoulder_lift.pos=+21.64 elbow_flex.pos=-24.93 wrist_flex.pos=+75.58 wrist_roll.pos=-11.06 gripper.pos=+5.16
DEBUG 2026-09-03 08:17:09 [action #244] t=10.11s step=243 queue=6 dmax=1.206 | shoulder_pan.pos=+34.17 shoulder_lift.pos=+21.44 elbow_flex.pos=-26.14 wrist_flex.pos=+75.59 wrist_roll.pos=-10.95 gripper.pos=+4.92
DEBUG 2026-09-03 08:17:09 [action #245] t=10.15s step=244 queue=5 dmax=1.489 | shoulder_pan.pos=+34.28 shoulder_lift.pos=+22.93 elbow_flex.pos=-25.81 wrist_flex.pos=+75.69 wrist_roll.pos=-11.06 gripper.pos=+4.83
DEBUG 2026-09-03 08:17:09 [action #246] t=10.18s step=245 queue=4 dmax=0.450 | shoulder_pan.pos=+34.46 shoulder_lift.pos=+23.38 elbow_flex.pos=-26.10 wrist_flex.pos=+75.46 wrist_roll.pos=-11.19 gripper.pos=+4.99
DEBUG 2026-09-03 08:17:09 [action #247] t=10.21s step=246 queue=3 dmax=0.745 | shoulder_pan.pos=+34.60 shoulder_lift.pos=+24.12 elbow_flex.pos=-25.86 wrist_flex.pos=+75.48 wrist_roll.pos=-11.41 gripper.pos=+4.93
DEBUG 2026-09-03 08:17:09 [action #248] t=10.25s step=247 queue=2 dmax=0.599 | shoulder_pan.pos=+34.38 shoulder_lift.pos=+24.20 elbow_flex.pos=-26.46 wrist_flex.pos=+75.45 wrist_roll.pos=-11.31 gripper.pos=+5.27
DEBUG 2026-09-03 08:17:09 [action #249] t=10.28s step=248 queue=1 dmax=1.201 | shoulder_pan.pos=+34.25 shoulder_lift.pos=+25.40 elbow_flex.pos=-27.05 wrist_flex.pos=+75.45 wrist_roll.pos=-11.16 gripper.pos=+5.62
DEBUG 2026-09-03 08:17:09 [chunk] received 50 actions, timesteps 224..273 | first: shoulder_pan.pos=+26.48 shoulder_lift.pos=-9.17 elbow_flex.pos=-6.57 wrist_flex.pos=+80.68 wrist_roll.pos=-7.94 gripper.pos=+4.91 | last: shoulder_pan.pos=+36.47 shoulder_lift.pos=+11.60 elbow_flex.pos=-5.04 wrist_flex.pos=+64.34 wrist_roll.pos=-10.61 gripper.pos=+25.96
DEBUG 2026-09-03 08:17:09 [action #250] t=10.45s step=249 queue=25 dmax=20.073 | shoulder_pan.pos=+35.70 shoulder_lift.pos=+7.88 elbow_flex.pos=-6.98 wrist_flex.pos=+66.95 wrist_roll.pos=-10.47 gripper.pos=+4.41
DEBUG 2026-09-03 08:17:09 [action #251] t=10.48s step=250 queue=24 dmax=0.217 | shoulder_pan.pos=+35.73 shoulder_lift.pos=+8.00 elbow_flex.pos=-7.08 wrist_flex.pos=+66.74 wrist_roll.pos=-10.63 gripper.pos=+4.41
DEBUG 2026-09-03 08:17:09 [action #252] t=10.52s step=251 queue=23 dmax=1.033 | shoulder_pan.pos=+35.86 shoulder_lift.pos=+9.03 elbow_flex.pos=-7.33 wrist_flex.pos=+66.65 wrist_roll.pos=-10.58 gripper.pos=+4.45
DEBUG 2026-09-03 08:17:09 [action #253] t=10.55s step=252 queue=22 dmax=0.486 | shoulder_pan.pos=+36.21 shoulder_lift.pos=+9.51 elbow_flex.pos=-7.11 wrist_flex.pos=+66.41 wrist_roll.pos=-10.75 gripper.pos=+4.31
DEBUG 2026-09-03 08:17:09 [action #254] t=10.58s step=253 queue=21 dmax=0.451 | shoulder_pan.pos=+35.98 shoulder_lift.pos=+9.84 elbow_flex.pos=-7.56 wrist_flex.pos=+66.16 wrist_roll.pos=-10.66 gripper.pos=+4.28
DEBUG 2026-09-03 08:17:09 [action #255] t=10.62s step=254 queue=20 dmax=0.651 | shoulder_pan.pos=+35.87 shoulder_lift.pos=+10.49 elbow_flex.pos=-7.27 wrist_flex.pos=+65.67 wrist_roll.pos=-10.70 gripper.pos=+4.43
DEBUG 2026-09-03 08:17:09 [action #256] t=10.65s step=255 queue=19 dmax=0.569 | shoulder_pan.pos=+36.22 shoulder_lift.pos=+11.06 elbow_flex.pos=-7.59 wrist_flex.pos=+65.58 wrist_roll.pos=-10.61 gripper.pos=+4.29
DEBUG 2026-09-03 08:17:10 [action #257] t=10.68s step=256 queue=18 dmax=0.748 | shoulder_pan.pos=+36.13 shoulder_lift.pos=+11.81 elbow_flex.pos=-8.11 wrist_flex.pos=+65.46 wrist_roll.pos=-10.57 gripper.pos=+4.39
DEBUG 2026-09-03 08:17:10 [action #258] t=10.72s step=257 queue=17 dmax=0.850 | shoulder_pan.pos=+36.27 shoulder_lift.pos=+11.59 elbow_flex.pos=-7.26 wrist_flex.pos=+65.36 wrist_roll.pos=-10.55 gripper.pos=+4.31
DEBUG 2026-09-03 08:17:10 [action #259] t=10.75s step=258 queue=16 dmax=0.296 | shoulder_pan.pos=+36.13 shoulder_lift.pos=+11.87 elbow_flex.pos=-7.35 wrist_flex.pos=+65.06 wrist_roll.pos=-10.52 gripper.pos=+4.27
DEBUG 2026-09-03 08:17:10 [action #260] t=10.78s step=259 queue=15 dmax=1.212 | shoulder_pan.pos=+36.28 shoulder_lift.pos=+13.08 elbow_flex.pos=-7.73 wrist_flex.pos=+64.98 wrist_roll.pos=-10.50 gripper.pos=+4.36
DEBUG 2026-09-03 08:17:10 [action #261] t=10.82s step=260 queue=14 dmax=0.358 | shoulder_pan.pos=+36.33 shoulder_lift.pos=+12.72 elbow_flex.pos=-7.64 wrist_flex.pos=+64.86 wrist_roll.pos=-10.50 gripper.pos=+4.26
DEBUG 2026-09-03 08:17:10 [action #262] t=10.85s step=261 queue=13 dmax=0.530 | shoulder_pan.pos=+36.42 shoulder_lift.pos=+12.60 elbow_flex.pos=-7.11 wrist_flex.pos=+64.74 wrist_roll.pos=-10.48 gripper.pos=+4.10
DEBUG 2026-09-03 08:17:10 [action #263] t=10.88s step=262 queue=12 dmax=1.323 | shoulder_pan.pos=+36.22 shoulder_lift.pos=+13.92 elbow_flex.pos=-7.20 wrist_flex.pos=+64.67 wrist_roll.pos=-10.51 gripper.pos=+4.26
DEBUG 2026-09-03 08:17:10 [action #264] t=10.92s step=263 queue=11 dmax=0.711 | shoulder_pan.pos=+36.42 shoulder_lift.pos=+13.21 elbow_flex.pos=-6.89 wrist_flex.pos=+64.61 wrist_roll.pos=-10.49 gripper.pos=+4.22
DEBUG 2026-09-03 08:17:10 [action #265] t=10.95s step=264 queue=10 dmax=0.238 | shoulder_pan.pos=+36.59 shoulder_lift.pos=+13.45 elbow_flex.pos=-7.01 wrist_flex.pos=+64.44 wrist_roll.pos=-10.37 gripper.pos=+4.43
DEBUG 2026-09-03 08:17:10 [action #266] t=10.98s step=265 queue=9 dmax=0.602 | shoulder_pan.pos=+36.40 shoulder_lift.pos=+13.28 elbow_flex.pos=-6.41 wrist_flex.pos=+64.13 wrist_roll.pos=-10.38 gripper.pos=+4.80
DEBUG 2026-09-03 08:17:10 [action #267] t=11.02s step=266 queue=8 dmax=0.842 | shoulder_pan.pos=+36.55 shoulder_lift.pos=+12.92 elbow_flex.pos=-6.07 wrist_flex.pos=+63.81 wrist_roll.pos=-10.34 gripper.pos=+5.65
DEBUG 2026-09-03 08:17:10 [action #268] t=11.05s step=267 queue=7 dmax=1.529 | shoulder_pan.pos=+36.65 shoulder_lift.pos=+13.21 elbow_flex.pos=-6.33 wrist_flex.pos=+63.56 wrist_roll.pos=-10.24 gripper.pos=+7.17
DEBUG 2026-09-03 08:17:10 [action #269] t=11.08s step=268 queue=6 dmax=2.403 | shoulder_pan.pos=+36.76 shoulder_lift.pos=+12.94 elbow_flex.pos=-5.76 wrist_flex.pos=+63.66 wrist_roll.pos=-10.21 gripper.pos=+9.58
DEBUG 2026-09-03 08:17:10 [action #270] t=11.12s step=269 queue=5 dmax=3.530 | shoulder_pan.pos=+36.69 shoulder_lift.pos=+12.83 elbow_flex.pos=-5.09 wrist_flex.pos=+63.66 wrist_roll.pos=-10.29 gripper.pos=+13.11
DEBUG 2026-09-03 08:17:10 [action #271] t=11.15s step=270 queue=4 dmax=3.951 | shoulder_pan.pos=+36.70 shoulder_lift.pos=+12.14 elbow_flex.pos=-5.31 wrist_flex.pos=+63.68 wrist_roll.pos=-10.37 gripper.pos=+17.06
DEBUG 2026-09-03 08:17:10 [action #272] t=11.19s step=271 queue=3 dmax=3.646 | shoulder_pan.pos=+36.58 shoulder_lift.pos=+12.24 elbow_flex.pos=-5.22 wrist_flex.pos=+63.82 wrist_roll.pos=-10.45 gripper.pos=+20.70
DEBUG 2026-09-03 08:17:10 [action #273] t=11.22s step=272 queue=2 dmax=2.868 | shoulder_pan.pos=+36.39 shoulder_lift.pos=+12.24 elbow_flex.pos=-4.48 wrist_flex.pos=+63.89 wrist_roll.pos=-10.57 gripper.pos=+23.57
DEBUG 2026-09-03 08:17:10 [action #274] t=11.25s step=273 queue=1 dmax=2.392 | shoulder_pan.pos=+36.47 shoulder_lift.pos=+11.60 elbow_flex.pos=-5.04 wrist_flex.pos=+64.34 wrist_roll.pos=-10.61 gripper.pos=+25.96
DEBUG 2026-09-03 08:17:10 [chunk] received 50 actions, timesteps 248..297 | first: shoulder_pan.pos=+34.65 shoulder_lift.pos=+24.59 elbow_flex.pos=-26.99 wrist_flex.pos=+74.77 wrist_roll.pos=-13.04 gripper.pos=+6.94 | last: shoulder_pan.pos=+15.92 shoulder_lift.pos=+0.81 elbow_flex.pos=-23.27 wrist_flex.pos=+98.81 wrist_roll.pos=-7.52 gripper.pos=+8.03
DEBUG 2026-09-03 08:17:10 [action #275] t=11.32s step=274 queue=24 dmax=28.390 | shoulder_pan.pos=+32.01 shoulder_lift.pos=+26.23 elbow_flex.pos=-33.43 wrist_flex.pos=+83.54 wrist_roll.pos=-12.37 gripper.pos=+35.15
DEBUG 2026-09-03 08:17:10 [action #276] t=11.35s step=275 queue=23 dmax=2.053 | shoulder_pan.pos=+31.47 shoulder_lift.pos=+25.89 elbow_flex.pos=-34.73 wrist_flex.pos=+85.59 wrist_roll.pos=-12.13 gripper.pos=+35.27
DEBUG 2026-09-03 08:17:10 [action #277] t=11.39s step=276 queue=22 dmax=1.971 | shoulder_pan.pos=+30.71 shoulder_lift.pos=+24.97 elbow_flex.pos=-35.86 wrist_flex.pos=+87.56 wrist_roll.pos=-12.17 gripper.pos=+35.33
DEBUG 2026-09-03 08:17:10 [action #278] t=11.42s step=277 queue=21 dmax=2.148 | shoulder_pan.pos=+29.88 shoulder_lift.pos=+24.91 elbow_flex.pos=-36.76 wrist_flex.pos=+89.71 wrist_roll.pos=-12.04 gripper.pos=+35.31
DEBUG 2026-09-03 08:17:10 [action #279] t=11.45s step=278 queue=20 dmax=1.866 | shoulder_pan.pos=+28.82 shoulder_lift.pos=+24.12 elbow_flex.pos=-38.03 wrist_flex.pos=+91.57 wrist_roll.pos=-11.94 gripper.pos=+35.31
DEBUG 2026-09-03 08:17:10 [action #280] t=11.49s step=279 queue=19 dmax=2.015 | shoulder_pan.pos=+28.24 shoulder_lift.pos=+23.65 elbow_flex.pos=-38.56 wrist_flex.pos=+93.59 wrist_roll.pos=-11.75 gripper.pos=+35.30
DEBUG 2026-09-03 08:17:10 [action #281] t=11.52s step=280 queue=18 dmax=1.748 | shoulder_pan.pos=+27.28 shoulder_lift.pos=+23.10 elbow_flex.pos=-39.41 wrist_flex.pos=+95.34 wrist_roll.pos=-11.48 gripper.pos=+35.30
DEBUG 2026-09-03 08:17:10 [action #282] t=11.55s step=281 queue=17 dmax=1.406 | shoulder_pan.pos=+26.39 shoulder_lift.pos=+22.58 elbow_flex.pos=-40.05 wrist_flex.pos=+96.74 wrist_roll.pos=-11.20 gripper.pos=+35.20
DEBUG 2026-09-03 08:17:10 [action #283] t=11.59s step=282 queue=16 dmax=1.491 | shoulder_pan.pos=+25.50 shoulder_lift.pos=+21.80 elbow_flex.pos=-40.95 wrist_flex.pos=+98.23 wrist_roll.pos=-10.88 gripper.pos=+35.24
DEBUG 2026-09-03 08:17:10 [action #284] t=11.62s step=283 queue=15 dmax=1.080 | shoulder_pan.pos=+24.74 shoulder_lift.pos=+20.80 elbow_flex.pos=-41.25 wrist_flex.pos=+99.31 wrist_roll.pos=-10.65 gripper.pos=+35.15
DEBUG 2026-09-03 08:17:11 [action #285] t=11.65s step=284 queue=14 dmax=1.052 | shoulder_pan.pos=+23.69 shoulder_lift.pos=+20.28 elbow_flex.pos=-40.38 wrist_flex.pos=+100.05 wrist_roll.pos=-10.32 gripper.pos=+34.87
DEBUG 2026-09-03 08:17:11 [action #286] t=11.69s step=285 queue=13 dmax=1.174 | shoulder_pan.pos=+22.96 shoulder_lift.pos=+19.10 elbow_flex.pos=-39.58 wrist_flex.pos=+100.58 wrist_roll.pos=-9.86 gripper.pos=+34.68
DEBUG 2026-09-03 08:17:11 [action #287] t=11.72s step=286 queue=12 dmax=0.873 | shoulder_pan.pos=+22.46 shoulder_lift.pos=+18.23 elbow_flex.pos=-39.60 wrist_flex.pos=+100.92 wrist_roll.pos=-9.55 gripper.pos=+33.96
DEBUG 2026-09-03 08:17:11 [action #288] t=11.75s step=287 queue=11 dmax=1.981 | shoulder_pan.pos=+21.80 shoulder_lift.pos=+16.25 elbow_flex.pos=-38.58 wrist_flex.pos=+100.98 wrist_roll.pos=-9.30 gripper.pos=+32.56
DEBUG 2026-09-03 08:17:11 [action #289] t=11.79s step=288 queue=10 dmax=1.879 | shoulder_pan.pos=+21.18 shoulder_lift.pos=+15.58 elbow_flex.pos=-37.09 wrist_flex.pos=+100.83 wrist_roll.pos=-8.99 gripper.pos=+30.68
DEBUG 2026-09-03 08:17:11 [action #290] t=11.82s step=289 queue=9 dmax=2.313 | shoulder_pan.pos=+20.42 shoulder_lift.pos=+13.74 elbow_flex.pos=-36.12 wrist_flex.pos=+100.72 wrist_roll.pos=-8.79 gripper.pos=+28.36
DEBUG 2026-09-03 08:17:11 [action #291] t=11.85s step=290 queue=8 dmax=2.313 | shoulder_pan.pos=+19.77 shoulder_lift.pos=+12.41 elbow_flex.pos=-34.81 wrist_flex.pos=+100.52 wrist_roll.pos=-8.57 gripper.pos=+26.05
DEBUG 2026-09-03 08:17:11 [action #292] t=11.89s step=291 queue=7 dmax=2.378 | shoulder_pan.pos=+19.04 shoulder_lift.pos=+11.19 elbow_flex.pos=-32.78 wrist_flex.pos=+100.51 wrist_roll.pos=-8.35 gripper.pos=+23.67
DEBUG 2026-09-03 08:17:11 [action #293] t=11.92s step=292 queue=6 dmax=2.641 | shoulder_pan.pos=+18.51 shoulder_lift.pos=+9.66 elbow_flex.pos=-31.39 wrist_flex.pos=+100.37 wrist_roll.pos=-8.23 gripper.pos=+21.03
DEBUG 2026-09-03 08:17:11 [action #294] t=11.95s step=293 queue=5 dmax=2.991 | shoulder_pan.pos=+18.29 shoulder_lift.pos=+8.47 elbow_flex.pos=-30.20 wrist_flex.pos=+100.12 wrist_roll.pos=-8.24 gripper.pos=+18.04
DEBUG 2026-09-03 08:17:11 [action #295] t=11.99s step=294 queue=4 dmax=2.553 | shoulder_pan.pos=+17.81 shoulder_lift.pos=+7.03 elbow_flex.pos=-28.97 wrist_flex.pos=+99.91 wrist_roll.pos=-8.03 gripper.pos=+15.49
DEBUG 2026-09-03 08:17:11 [action #296] t=12.02s step=295 queue=3 dmax=2.647 | shoulder_pan.pos=+17.13 shoulder_lift.pos=+5.10 elbow_flex.pos=-27.32 wrist_flex.pos=+99.63 wrist_roll.pos=-7.81 gripper.pos=+12.84
DEBUG 2026-09-03 08:17:11 [action #297] t=12.06s step=296 queue=2 dmax=2.509 | shoulder_pan.pos=+16.73 shoulder_lift.pos=+3.47 elbow_flex.pos=-25.14 wrist_flex.pos=+99.27 wrist_roll.pos=-7.63 gripper.pos=+10.33
DEBUG 2026-09-03 08:17:11 [action #298] t=12.09s step=297 queue=1 dmax=2.661 | shoulder_pan.pos=+15.92 shoulder_lift.pos=+0.81 elbow_flex.pos=-23.27 wrist_flex.pos=+98.81 wrist_roll.pos=-7.52 gripper.pos=+8.03
DEBUG 2026-09-03 08:17:11 [chunk] received 50 actions, timesteps 273..322 | first: shoulder_pan.pos=+33.81 shoulder_lift.pos=+15.67 elbow_flex.pos=-8.47 wrist_flex.pos=+62.59 wrist_roll.pos=-12.45 gripper.pos=+7.73 | last: shoulder_pan.pos=+8.79 shoulder_lift.pos=-17.11 elbow_flex.pos=+2.51 wrist_flex.pos=+92.50 wrist_roll.pos=-6.49 gripper.pos=+5.66
DEBUG 2026-09-03 08:17:11 [action #299] t=12.12s step=298 queue=25 dmax=25.791 | shoulder_pan.pos=+30.43 shoulder_lift.pos=+12.49 elbow_flex.pos=-13.17 wrist_flex.pos=+78.41 wrist_roll.pos=-11.32 gripper.pos=+33.82
DEBUG 2026-09-03 08:17:11 [action #300] t=12.16s step=299 queue=24 dmax=1.955 | shoulder_pan.pos=+29.91 shoulder_lift.pos=+12.23 elbow_flex.pos=-13.91 wrist_flex.pos=+80.37 wrist_roll.pos=-11.36 gripper.pos=+33.89
DEBUG 2026-09-03 08:17:11 [action #301] t=12.19s step=300 queue=23 dmax=2.275 | shoulder_pan.pos=+29.12 shoulder_lift.pos=+11.28 elbow_flex.pos=-15.50 wrist_flex.pos=+82.64 wrist_roll.pos=-11.20 gripper.pos=+34.12
DEBUG 2026-09-03 08:17:11 [action #302] t=12.22s step=301 queue=22 dmax=2.294 | shoulder_pan.pos=+28.24 shoulder_lift.pos=+10.19 elbow_flex.pos=-16.40 wrist_flex.pos=+84.94 wrist_roll.pos=-10.97 gripper.pos=+34.12
DEBUG 2026-09-03 08:17:11 [action #303] t=12.26s step=302 queue=21 dmax=1.974 | shoulder_pan.pos=+27.30 shoulder_lift.pos=+10.12 elbow_flex.pos=-16.94 wrist_flex.pos=+86.91 wrist_roll.pos=-10.81 gripper.pos=+34.10
DEBUG 2026-09-03 08:17:11 [action #304] t=12.29s step=303 queue=20 dmax=1.925 | shoulder_pan.pos=+26.51 shoulder_lift.pos=+9.95 elbow_flex.pos=-18.45 wrist_flex.pos=+88.84 wrist_roll.pos=-10.75 gripper.pos=+34.37
DEBUG 2026-09-03 08:17:11 [action #305] t=12.32s step=304 queue=19 dmax=2.050 | shoulder_pan.pos=+25.59 shoulder_lift.pos=+9.40 elbow_flex.pos=-19.81 wrist_flex.pos=+90.89 wrist_roll.pos=-10.56 gripper.pos=+34.25
DEBUG 2026-09-03 08:17:11 [action #306] t=12.36s step=305 queue=18 dmax=1.542 | shoulder_pan.pos=+24.76 shoulder_lift.pos=+8.46 elbow_flex.pos=-20.24 wrist_flex.pos=+92.43 wrist_roll.pos=-10.52 gripper.pos=+34.48
DEBUG 2026-09-03 08:17:11 [action #307] t=12.39s step=306 queue=17 dmax=1.345 | shoulder_pan.pos=+23.48 shoulder_lift.pos=+8.06 elbow_flex.pos=-20.27 wrist_flex.pos=+93.77 wrist_roll.pos=-10.38 gripper.pos=+34.48
DEBUG 2026-09-03 08:17:11 [action #308] t=12.42s step=307 queue=16 dmax=1.421 | shoulder_pan.pos=+22.89 shoulder_lift.pos=+6.63 elbow_flex.pos=-20.74 wrist_flex.pos=+94.90 wrist_roll.pos=-10.25 gripper.pos=+34.79
DEBUG 2026-09-03 08:17:11 [action #309] t=12.46s step=308 queue=15 dmax=1.374 | shoulder_pan.pos=+21.52 shoulder_lift.pos=+5.53 elbow_flex.pos=-20.53 wrist_flex.pos=+95.89 wrist_roll.pos=-9.98 gripper.pos=+34.88
DEBUG 2026-09-03 08:17:11 [action #310] t=12.49s step=309 queue=14 dmax=0.987 | shoulder_pan.pos=+20.78 shoulder_lift.pos=+4.55 elbow_flex.pos=-19.84 wrist_flex.pos=+96.86 wrist_roll.pos=-9.92 gripper.pos=+34.79
DEBUG 2026-09-03 08:17:11 [action #311] t=12.52s step=310 queue=13 dmax=1.770 | shoulder_pan.pos=+19.56 shoulder_lift.pos=+2.78 elbow_flex.pos=-19.54 wrist_flex.pos=+97.25 wrist_roll.pos=-9.56 gripper.pos=+34.87
DEBUG 2026-09-03 08:17:11 [action #312] t=12.56s step=311 queue=12 dmax=1.584 | shoulder_pan.pos=+18.43 shoulder_lift.pos=+1.19 elbow_flex.pos=-18.35 wrist_flex.pos=+97.57 wrist_roll.pos=-9.38 gripper.pos=+34.72
DEBUG 2026-09-03 08:17:11 [action #313] t=12.59s step=312 queue=11 dmax=1.577 | shoulder_pan.pos=+17.61 shoulder_lift.pos=-0.39 elbow_flex.pos=-17.26 wrist_flex.pos=+98.00 wrist_roll.pos=-8.86 gripper.pos=+33.82
DEBUG 2026-09-03 08:17:11 [action #314] t=12.62s step=313 queue=10 dmax=2.637 | shoulder_pan.pos=+16.58 shoulder_lift.pos=-0.78 elbow_flex.pos=-16.58 wrist_flex.pos=+97.74 wrist_roll.pos=-8.48 gripper.pos=+31.18
DEBUG 2026-09-03 08:17:12 [action #315] t=12.66s step=314 queue=9 dmax=3.459 | shoulder_pan.pos=+15.35 shoulder_lift.pos=-3.08 elbow_flex.pos=-13.91 wrist_flex.pos=+97.34 wrist_roll.pos=-8.31 gripper.pos=+27.72
DEBUG 2026-09-03 08:17:12 [action #316] t=12.69s step=315 queue=8 dmax=4.024 | shoulder_pan.pos=+14.75 shoulder_lift.pos=-4.68 elbow_flex.pos=-11.41 wrist_flex.pos=+96.88 wrist_roll.pos=-8.04 gripper.pos=+23.70
DEBUG 2026-09-03 08:17:12 [action #317] t=12.72s step=316 queue=7 dmax=3.741 | shoulder_pan.pos=+13.50 shoulder_lift.pos=-6.45 elbow_flex.pos=-9.16 wrist_flex.pos=+96.31 wrist_roll.pos=-7.85 gripper.pos=+19.95
DEBUG 2026-09-03 08:17:12 [action #318] t=12.76s step=317 queue=6 dmax=3.505 | shoulder_pan.pos=+12.95 shoulder_lift.pos=-7.99 elbow_flex.pos=-8.11 wrist_flex.pos=+95.58 wrist_roll.pos=-7.62 gripper.pos=+16.45
DEBUG 2026-09-03 08:17:12 [action #319] t=12.79s step=318 queue=5 dmax=3.295 | shoulder_pan.pos=+11.93 shoulder_lift.pos=-9.15 elbow_flex.pos=-5.75 wrist_flex.pos=+95.28 wrist_roll.pos=-7.35 gripper.pos=+13.16
DEBUG 2026-09-03 08:17:12 [action #320] t=12.82s step=319 queue=4 dmax=2.670 | shoulder_pan.pos=+11.06 shoulder_lift.pos=-10.81 elbow_flex.pos=-4.00 wrist_flex.pos=+94.81 wrist_roll.pos=-7.16 gripper.pos=+10.49
DEBUG 2026-09-03 08:17:12 [action #321] t=12.86s step=320 queue=3 dmax=2.095 | shoulder_pan.pos=+10.06 shoulder_lift.pos=-12.91 elbow_flex.pos=-2.01 wrist_flex.pos=+94.27 wrist_roll.pos=-6.86 gripper.pos=+8.56
DEBUG 2026-09-03 08:17:12 [action #322] t=12.89s step=321 queue=2 dmax=2.999 | shoulder_pan.pos=+9.23 shoulder_lift.pos=-15.10 elbow_flex.pos=+0.99 wrist_flex.pos=+93.36 wrist_roll.pos=-6.57 gripper.pos=+7.07
DEBUG 2026-09-03 08:17:12 [action #323] t=12.93s step=322 queue=1 dmax=2.018 | shoulder_pan.pos=+8.79 shoulder_lift.pos=-17.11 elbow_flex.pos=+2.51 wrist_flex.pos=+92.50 wrist_roll.pos=-6.49 gripper.pos=+5.66
DEBUG 2026-09-03 08:17:12 [chunk] received 50 actions, timesteps 297..346 | first: shoulder_pan.pos=+14.28 shoulder_lift.pos=+3.28 elbow_flex.pos=-20.93 wrist_flex.pos=+101.31 wrist_roll.pos=-7.62 gripper.pos=+1.70 | last: shoulder_pan.pos=-2.56 shoulder_lift.pos=-85.93 elbow_flex.pos=+66.49 wrist_flex.pos=+70.09 wrist_roll.pos=-3.85 gripper.pos=+0.67
DEBUG 2026-09-03 08:17:12 [action #324] t=12.96s step=323 queue=24 dmax=30.102 | shoulder_pan.pos=-2.71 shoulder_lift.pos=-44.93 elbow_flex.pos=+32.62 wrist_flex.pos=+79.66 wrist_roll.pos=-5.29 gripper.pos=-0.15
DEBUG 2026-09-03 08:17:12 [action #325] t=12.99s step=324 queue=23 dmax=1.613 | shoulder_pan.pos=-2.92 shoulder_lift.pos=-46.54 elbow_flex.pos=+33.60 wrist_flex.pos=+78.93 wrist_roll.pos=-5.37 gripper.pos=+0.17
DEBUG 2026-09-03 08:17:12 [action #326] t=13.03s step=325 queue=22 dmax=1.501 | shoulder_pan.pos=-3.21 shoulder_lift.pos=-47.72 elbow_flex.pos=+35.10 wrist_flex.pos=+78.48 wrist_roll.pos=-5.26 gripper.pos=+0.13
DEBUG 2026-09-03 08:17:12 [action #327] t=13.06s step=326 queue=21 dmax=1.307 | shoulder_pan.pos=-3.47 shoulder_lift.pos=-49.03 elbow_flex.pos=+36.09 wrist_flex.pos=+78.03 wrist_roll.pos=-5.21 gripper.pos=+0.19
DEBUG 2026-09-03 08:17:12 [action #328] t=13.09s step=327 queue=20 dmax=1.989 | shoulder_pan.pos=-3.56 shoulder_lift.pos=-51.02 elbow_flex.pos=+37.99 wrist_flex.pos=+77.15 wrist_roll.pos=-5.07 gripper.pos=+0.11
DEBUG 2026-09-03 08:17:12 [action #329] t=13.13s step=328 queue=19 dmax=1.738 | shoulder_pan.pos=-3.86 shoulder_lift.pos=-52.20 elbow_flex.pos=+39.73 wrist_flex.pos=+76.38 wrist_roll.pos=-5.21 gripper.pos=+0.23
DEBUG 2026-09-03 08:17:12 [action #330] t=13.16s step=329 queue=18 dmax=2.003 | shoulder_pan.pos=-3.95 shoulder_lift.pos=-54.20 elbow_flex.pos=+41.38 wrist_flex.pos=+75.44 wrist_roll.pos=-5.23 gripper.pos=+0.31
DEBUG 2026-09-03 08:17:12 [action #331] t=13.19s step=330 queue=17 dmax=2.112 | shoulder_pan.pos=-3.73 shoulder_lift.pos=-56.31 elbow_flex.pos=+43.33 wrist_flex.pos=+74.38 wrist_roll.pos=-5.22 gripper.pos=+0.12
DEBUG 2026-09-03 08:17:12 [action #332] t=13.23s step=331 queue=16 dmax=1.820 | shoulder_pan.pos=-3.61 shoulder_lift.pos=-58.13 elbow_flex.pos=+44.91 wrist_flex.pos=+73.65 wrist_roll.pos=-5.26 gripper.pos=+0.15
DEBUG 2026-09-03 08:17:12 [action #333] t=13.26s step=332 queue=15 dmax=1.905 | shoulder_pan.pos=-3.41 shoulder_lift.pos=-60.04 elbow_flex.pos=+46.78 wrist_flex.pos=+72.71 wrist_roll.pos=-5.13 gripper.pos=+0.27
DEBUG 2026-09-03 08:17:12 [action #334] t=13.29s step=333 queue=14 dmax=1.871 | shoulder_pan.pos=-2.91 shoulder_lift.pos=-61.91 elbow_flex.pos=+48.38 wrist_flex.pos=+72.15 wrist_roll.pos=-5.26 gripper.pos=+0.21
DEBUG 2026-09-03 08:17:12 [action #335] t=13.33s step=334 queue=13 dmax=1.657 | shoulder_pan.pos=-3.03 shoulder_lift.pos=-63.56 elbow_flex.pos=+49.09 wrist_flex.pos=+71.96 wrist_roll.pos=-5.20 gripper.pos=+0.30
DEBUG 2026-09-03 08:17:12 [action #336] t=13.36s step=335 queue=12 dmax=1.768 | shoulder_pan.pos=-2.71 shoulder_lift.pos=-65.33 elbow_flex.pos=+50.86 wrist_flex.pos=+71.52 wrist_roll.pos=-5.19 gripper.pos=+0.27
DEBUG 2026-09-03 08:17:12 [action #337] t=13.39s step=336 queue=11 dmax=1.795 | shoulder_pan.pos=-2.98 shoulder_lift.pos=-67.13 elbow_flex.pos=+52.07 wrist_flex.pos=+71.79 wrist_roll.pos=-5.26 gripper.pos=+0.38
DEBUG 2026-09-03 08:17:12 [action #338] t=13.43s step=337 queue=10 dmax=2.276 | shoulder_pan.pos=-2.73 shoulder_lift.pos=-69.40 elbow_flex.pos=+53.66 wrist_flex.pos=+71.29 wrist_roll.pos=-5.09 gripper.pos=+0.46
DEBUG 2026-09-03 08:17:12 [action #339] t=13.46s step=338 queue=9 dmax=1.268 | shoulder_pan.pos=-2.99 shoulder_lift.pos=-70.67 elbow_flex.pos=+54.60 wrist_flex.pos=+71.10 wrist_roll.pos=-5.20 gripper.pos=+0.42
DEBUG 2026-09-03 08:17:12 [action #340] t=13.49s step=339 queue=8 dmax=2.009 | shoulder_pan.pos=-2.77 shoulder_lift.pos=-72.44 elbow_flex.pos=+56.61 wrist_flex.pos=+70.69 wrist_roll.pos=-4.93 gripper.pos=+0.48
DEBUG 2026-09-03 08:17:12 [action #341] t=13.53s step=340 queue=7 dmax=2.167 | shoulder_pan.pos=-2.67 shoulder_lift.pos=-74.61 elbow_flex.pos=+58.32 wrist_flex.pos=+70.10 wrist_roll.pos=-4.71 gripper.pos=+0.43
DEBUG 2026-09-03 08:17:12 [action #342] t=13.56s step=341 queue=6 dmax=1.717 | shoulder_pan.pos=-2.51 shoulder_lift.pos=-76.01 elbow_flex.pos=+60.03 wrist_flex.pos=+70.22 wrist_roll.pos=-4.54 gripper.pos=+0.58
DEBUG 2026-09-03 08:17:12 [action #343] t=13.59s step=342 queue=5 dmax=1.365 | shoulder_pan.pos=-2.61 shoulder_lift.pos=-77.38 elbow_flex.pos=+60.67 wrist_flex.pos=+70.09 wrist_roll.pos=-4.48 gripper.pos=+0.55
DEBUG 2026-09-03 08:17:12 [action #344] t=13.63s step=343 queue=4 dmax=2.366 | shoulder_pan.pos=-2.05 shoulder_lift.pos=-79.74 elbow_flex.pos=+62.15 wrist_flex.pos=+70.14 wrist_roll.pos=-4.28 gripper.pos=+0.59
DEBUG 2026-09-03 08:17:13 [action #345] t=13.66s step=344 queue=3 dmax=2.087 | shoulder_pan.pos=-2.57 shoulder_lift.pos=-81.03 elbow_flex.pos=+64.24 wrist_flex.pos=+70.00 wrist_roll.pos=-4.17 gripper.pos=+0.65
DEBUG 2026-09-03 08:17:13 [action #346] t=13.69s step=345 queue=2 dmax=2.349 | shoulder_pan.pos=-2.49 shoulder_lift.pos=-83.38 elbow_flex.pos=+65.50 wrist_flex.pos=+70.20 wrist_roll.pos=-4.12 gripper.pos=+0.85
DEBUG 2026-09-03 08:17:13 [action #347] t=13.73s step=346 queue=1 dmax=2.548 | shoulder_pan.pos=-2.56 shoulder_lift.pos=-85.93 elbow_flex.pos=+66.49 wrist_flex.pos=+70.09 wrist_roll.pos=-3.85 gripper.pos=+0.67
DEBUG 2026-09-03 08:17:13 [chunk] received 50 actions, timesteps 322..371 | first: shoulder_pan.pos=+8.98 shoulder_lift.pos=-16.88 elbow_flex.pos=+1.97 wrist_flex.pos=+94.88 wrist_roll.pos=-6.83 gripper.pos=+1.81 | last: shoulder_pan.pos=-4.34 shoulder_lift.pos=-96.35 elbow_flex.pos=+78.56 wrist_flex.pos=+69.90 wrist_roll.pos=-4.03 gripper.pos=+1.41
DEBUG 2026-09-03 08:17:13 [action #348] t=13.86s step=347 queue=25 dmax=30.429 | shoulder_pan.pos=-3.35 shoulder_lift.pos=-55.50 elbow_flex.pos=+50.38 wrist_flex.pos=+72.28 wrist_roll.pos=-4.79 gripper.pos=+1.38
DEBUG 2026-09-03 08:17:13 [action #349] t=13.90s step=348 queue=24 dmax=1.658 | shoulder_pan.pos=-3.61 shoulder_lift.pos=-56.26 elbow_flex.pos=+52.03 wrist_flex.pos=+71.69 wrist_roll.pos=-4.75 gripper.pos=+1.39
DEBUG 2026-09-03 08:17:13 [action #350] t=13.93s step=349 queue=23 dmax=1.647 | shoulder_pan.pos=-4.06 shoulder_lift.pos=-57.91 elbow_flex.pos=+53.26 wrist_flex.pos=+71.30 wrist_roll.pos=-4.84 gripper.pos=+1.45
DEBUG 2026-09-03 08:17:13 [action #351] t=13.96s step=350 queue=22 dmax=0.753 | shoulder_pan.pos=-4.64 shoulder_lift.pos=-58.66 elbow_flex.pos=+53.47 wrist_flex.pos=+70.68 wrist_roll.pos=-4.73 gripper.pos=+1.29
DEBUG 2026-09-03 08:17:13 [action #352] t=14.00s step=351 queue=21 dmax=1.872 | shoulder_pan.pos=-5.16 shoulder_lift.pos=-60.40 elbow_flex.pos=+55.34 wrist_flex.pos=+70.17 wrist_roll.pos=-4.79 gripper.pos=+1.34
DEBUG 2026-09-03 08:17:13 [action #353] t=14.03s step=352 queue=20 dmax=1.346 | shoulder_pan.pos=-5.60 shoulder_lift.pos=-61.32 elbow_flex.pos=+56.68 wrist_flex.pos=+69.73 wrist_roll.pos=-4.68 gripper.pos=+1.27
DEBUG 2026-09-03 08:17:13 [action #354] t=14.06s step=353 queue=19 dmax=1.327 | shoulder_pan.pos=-5.52 shoulder_lift.pos=-62.65 elbow_flex.pos=+57.30 wrist_flex.pos=+69.06 wrist_roll.pos=-4.83 gripper.pos=+1.48
DEBUG 2026-09-03 08:17:13 [action #355] t=14.10s step=354 queue=18 dmax=2.433 | shoulder_pan.pos=-5.62 shoulder_lift.pos=-64.27 elbow_flex.pos=+59.74 wrist_flex.pos=+68.34 wrist_roll.pos=-4.88 gripper.pos=+1.38
DEBUG 2026-09-03 08:17:13 [action #356] t=14.13s step=355 queue=17 dmax=0.953 | shoulder_pan.pos=-5.61 shoulder_lift.pos=-65.13 elbow_flex.pos=+60.69 wrist_flex.pos=+67.78 wrist_roll.pos=-4.79 gripper.pos=+1.41
DEBUG 2026-09-03 08:17:13 [action #357] t=14.16s step=356 queue=16 dmax=1.644 | shoulder_pan.pos=-5.71 shoulder_lift.pos=-66.77 elbow_flex.pos=+61.73 wrist_flex.pos=+67.16 wrist_roll.pos=-4.78 gripper.pos=+1.22
DEBUG 2026-09-03 08:17:13 [action #358] t=14.20s step=357 queue=15 dmax=1.531 | shoulder_pan.pos=-5.37 shoulder_lift.pos=-68.30 elbow_flex.pos=+62.34 wrist_flex.pos=+66.85 wrist_roll.pos=-4.71 gripper.pos=+0.95
DEBUG 2026-09-03 08:17:13 [action #359] t=14.23s step=358 queue=14 dmax=2.069 | shoulder_pan.pos=-5.39 shoulder_lift.pos=-69.58 elbow_flex.pos=+64.41 wrist_flex.pos=+66.78 wrist_roll.pos=-4.76 gripper.pos=+1.18
DEBUG 2026-09-03 08:17:13 [action #360] t=14.26s step=359 queue=13 dmax=1.697 | shoulder_pan.pos=-5.03 shoulder_lift.pos=-71.28 elbow_flex.pos=+64.67 wrist_flex.pos=+66.75 wrist_roll.pos=-4.63 gripper.pos=+1.14
DEBUG 2026-09-03 08:17:13 [action #361] t=14.30s step=360 queue=12 dmax=2.255 | shoulder_pan.pos=-4.90 shoulder_lift.pos=-73.53 elbow_flex.pos=+66.51 wrist_flex.pos=+66.95 wrist_roll.pos=-4.67 gripper.pos=+1.14
DEBUG 2026-09-03 08:17:13 [action #362] t=14.33s step=361 queue=11 dmax=1.927 | shoulder_pan.pos=-4.75 shoulder_lift.pos=-75.46 elbow_flex.pos=+67.22 wrist_flex.pos=+67.09 wrist_roll.pos=-4.58 gripper.pos=+1.22
DEBUG 2026-09-03 08:17:13 [action #363] t=14.36s step=362 queue=10 dmax=2.049 | shoulder_pan.pos=-4.54 shoulder_lift.pos=-77.51 elbow_flex.pos=+68.36 wrist_flex.pos=+67.42 wrist_roll.pos=-4.50 gripper.pos=+1.16
DEBUG 2026-09-03 08:17:13 [action #364] t=14.40s step=363 queue=9 dmax=1.988 | shoulder_pan.pos=-4.36 shoulder_lift.pos=-79.50 elbow_flex.pos=+69.55 wrist_flex.pos=+67.50 wrist_roll.pos=-4.45 gripper.pos=+1.32
DEBUG 2026-09-03 08:17:13 [action #365] t=14.43s step=364 queue=8 dmax=2.249 | shoulder_pan.pos=-4.49 shoulder_lift.pos=-81.75 elbow_flex.pos=+70.81 wrist_flex.pos=+67.34 wrist_roll.pos=-4.62 gripper.pos=+1.18
DEBUG 2026-09-03 08:17:13 [action #366] t=14.46s step=365 queue=7 dmax=2.988 | shoulder_pan.pos=-4.23 shoulder_lift.pos=-84.73 elbow_flex.pos=+72.42 wrist_flex.pos=+67.42 wrist_roll.pos=-4.40 gripper.pos=+1.26
DEBUG 2026-09-03 08:17:13 [action #367] t=14.50s step=366 queue=6 dmax=2.299 | shoulder_pan.pos=-4.08 shoulder_lift.pos=-87.03 elbow_flex.pos=+73.14 wrist_flex.pos=+67.40 wrist_roll.pos=-4.47 gripper.pos=+1.28
DEBUG 2026-09-03 08:17:13 [action #368] t=14.53s step=367 queue=5 dmax=2.402 | shoulder_pan.pos=-4.25 shoulder_lift.pos=-89.43 elbow_flex.pos=+74.69 wrist_flex.pos=+67.72 wrist_roll.pos=-4.34 gripper.pos=+1.27
DEBUG 2026-09-03 08:17:13 [action #369] t=14.56s step=368 queue=4 dmax=1.372 | shoulder_pan.pos=-4.10 shoulder_lift.pos=-90.81 elbow_flex.pos=+75.68 wrist_flex.pos=+68.02 wrist_roll.pos=-4.50 gripper.pos=+1.17
DEBUG 2026-09-03 08:17:13 [action #370] t=14.60s step=369 queue=3 dmax=2.840 | shoulder_pan.pos=-4.23 shoulder_lift.pos=-93.65 elbow_flex.pos=+77.25 wrist_flex.pos=+68.64 wrist_roll.pos=-4.34 gripper.pos=+1.34
DEBUG 2026-09-03 08:17:13 [action #371] t=14.63s step=370 queue=2 dmax=1.411 | shoulder_pan.pos=-4.43 shoulder_lift.pos=-94.96 elbow_flex.pos=+78.67 wrist_flex.pos=+69.30 wrist_roll.pos=-4.01 gripper.pos=+1.35
DEBUG 2026-09-03 08:17:14 [action #372] t=14.67s step=371 queue=1 dmax=1.390 | shoulder_pan.pos=-4.34 shoulder_lift.pos=-96.35 elbow_flex.pos=+78.56 wrist_flex.pos=+69.90 wrist_roll.pos=-4.03 gripper.pos=+1.41
DEBUG 2026-09-03 08:17:14 [chunk] received 50 actions, timesteps 346..395 | first: shoulder_pan.pos=-3.13 shoulder_lift.pos=-90.54 elbow_flex.pos=+70.74 wrist_flex.pos=+71.55 wrist_roll.pos=-3.30 gripper.pos=+0.18 | last: shoulder_pan.pos=-3.79 shoulder_lift.pos=-101.56 elbow_flex.pos=+90.45 wrist_flex.pos=+77.83 wrist_roll.pos=-0.58 gripper.pos=+0.24
DEBUG 2026-09-03 08:17:14 [action #373] t=14.80s step=372 queue=24 dmax=9.948 | shoulder_pan.pos=-3.27 shoulder_lift.pos=-102.90 elbow_flex.pos=+88.51 wrist_flex.pos=+78.65 wrist_roll.pos=-3.20 gripper.pos=+0.23
DEBUG 2026-09-03 08:17:14 [action #374] t=14.83s step=373 queue=23 dmax=0.427 | shoulder_pan.pos=-3.26 shoulder_lift.pos=-102.74 elbow_flex.pos=+88.09 wrist_flex.pos=+78.78 wrist_roll.pos=-3.16 gripper.pos=+0.05
DEBUG 2026-09-03 08:17:14 [action #375] t=14.87s step=374 queue=22 dmax=0.232 | shoulder_pan.pos=-3.30 shoulder_lift.pos=-102.67 elbow_flex.pos=+88.10 wrist_flex.pos=+78.71 wrist_roll.pos=-3.10 gripper.pos=+0.28
DEBUG 2026-09-03 08:17:14 [action #376] t=14.90s step=375 queue=21 dmax=0.324 | shoulder_pan.pos=-3.41 shoulder_lift.pos=-102.99 elbow_flex.pos=+88.22 wrist_flex.pos=+78.91 wrist_roll.pos=-2.97 gripper.pos=+0.20
DEBUG 2026-09-03 08:17:14 [action #377] t=14.93s step=376 queue=20 dmax=0.473 | shoulder_pan.pos=-3.38 shoulder_lift.pos=-102.52 elbow_flex.pos=+88.54 wrist_flex.pos=+78.92 wrist_roll.pos=-2.89 gripper.pos=+0.13
DEBUG 2026-09-03 08:17:14 [action #378] t=14.97s step=377 queue=19 dmax=0.374 | shoulder_pan.pos=-3.50 shoulder_lift.pos=-102.65 elbow_flex.pos=+88.54 wrist_flex.pos=+78.78 wrist_roll.pos=-2.51 gripper.pos=+0.14
DEBUG 2026-09-03 08:17:14 [action #379] t=15.00s step=378 queue=18 dmax=0.788 | shoulder_pan.pos=-3.53 shoulder_lift.pos=-102.44 elbow_flex.pos=+89.33 wrist_flex.pos=+78.83 wrist_roll.pos=-2.40 gripper.pos=+0.11
DEBUG 2026-09-03 08:17:14 [action #380] t=15.03s step=379 queue=17 dmax=0.343 | shoulder_pan.pos=-3.41 shoulder_lift.pos=-102.71 elbow_flex.pos=+89.04 wrist_flex.pos=+78.48 wrist_roll.pos=-2.15 gripper.pos=+0.09
DEBUG 2026-09-03 08:17:14 [action #381] t=15.07s step=380 queue=16 dmax=0.289 | shoulder_pan.pos=-3.67 shoulder_lift.pos=-102.71 elbow_flex.pos=+88.97 wrist_flex.pos=+78.50 wrist_roll.pos=-1.86 gripper.pos=+0.04
DEBUG 2026-09-03 08:17:14 [action #382] t=15.10s step=381 queue=15 dmax=0.214 | shoulder_pan.pos=-3.72 shoulder_lift.pos=-102.49 elbow_flex.pos=+89.12 wrist_flex.pos=+78.42 wrist_roll.pos=-1.70 gripper.pos=+0.09
DEBUG 2026-09-03 08:17:14 [action #383] t=15.13s step=382 queue=14 dmax=0.458 | shoulder_pan.pos=-3.55 shoulder_lift.pos=-102.95 elbow_flex.pos=+88.69 wrist_flex.pos=+78.24 wrist_roll.pos=-1.64 gripper.pos=-0.00
DEBUG 2026-09-03 08:17:14 [action #384] t=15.17s step=383 queue=13 dmax=0.790 | shoulder_pan.pos=-3.79 shoulder_lift.pos=-102.50 elbow_flex.pos=+89.48 wrist_flex.pos=+78.36 wrist_roll.pos=-1.55 gripper.pos=+0.04
DEBUG 2026-09-03 08:17:14 [action #385] t=15.20s step=384 queue=12 dmax=0.328 | shoulder_pan.pos=-3.81 shoulder_lift.pos=-102.17 elbow_flex.pos=+89.55 wrist_flex.pos=+78.32 wrist_roll.pos=-1.48 gripper.pos=+0.03
DEBUG 2026-09-03 08:17:14 [action #386] t=15.23s step=385 queue=11 dmax=0.138 | shoulder_pan.pos=-3.95 shoulder_lift.pos=-102.28 elbow_flex.pos=+89.64 wrist_flex.pos=+78.22 wrist_roll.pos=-1.55 gripper.pos=+0.03
DEBUG 2026-09-03 08:17:14 [action #387] t=15.27s step=386 queue=10 dmax=0.223 | shoulder_pan.pos=-4.04 shoulder_lift.pos=-102.06 elbow_flex.pos=+89.47 wrist_flex.pos=+78.14 wrist_roll.pos=-1.51 gripper.pos=+0.02
DEBUG 2026-09-03 08:17:14 [action #388] t=15.30s step=387 queue=9 dmax=0.208 | shoulder_pan.pos=-3.93 shoulder_lift.pos=-102.11 elbow_flex.pos=+89.68 wrist_flex.pos=+78.12 wrist_roll.pos=-1.41 gripper.pos=+0.10
DEBUG 2026-09-03 08:17:14 [action #389] t=15.34s step=388 queue=8 dmax=0.240 | shoulder_pan.pos=-3.73 shoulder_lift.pos=-101.98 elbow_flex.pos=+89.92 wrist_flex.pos=+78.21 wrist_roll.pos=-1.33 gripper.pos=-0.05
DEBUG 2026-09-03 08:17:14 [action #390] t=15.37s step=389 queue=7 dmax=0.208 | shoulder_pan.pos=-3.94 shoulder_lift.pos=-102.09 elbow_flex.pos=+90.01 wrist_flex.pos=+78.07 wrist_roll.pos=-1.34 gripper.pos=-0.02
DEBUG 2026-09-03 08:17:14 [action #391] t=15.40s step=390 queue=6 dmax=0.480 | shoulder_pan.pos=-3.78 shoulder_lift.pos=-101.61 elbow_flex.pos=+90.04 wrist_flex.pos=+78.02 wrist_roll.pos=-1.35 gripper.pos=+0.11
DEBUG 2026-09-03 08:17:14 [action #392] t=15.44s step=391 queue=5 dmax=0.236 | shoulder_pan.pos=-3.72 shoulder_lift.pos=-101.75 elbow_flex.pos=+90.15 wrist_flex.pos=+77.86 wrist_roll.pos=-1.12 gripper.pos=+0.14
DEBUG 2026-09-03 08:17:14 [action #393] t=15.47s step=392 queue=4 dmax=0.492 | shoulder_pan.pos=-3.68 shoulder_lift.pos=-101.93 elbow_flex.pos=+90.64 wrist_flex.pos=+77.94 wrist_roll.pos=-1.02 gripper.pos=+0.20
DEBUG 2026-09-03 08:17:14 [action #394] t=15.50s step=393 queue=3 dmax=0.902 | shoulder_pan.pos=-3.94 shoulder_lift.pos=-101.02 elbow_flex.pos=+89.96 wrist_flex.pos=+77.91 wrist_roll.pos=-0.87 gripper.pos=+0.06
DEBUG 2026-09-03 08:17:14 [action #395] t=15.54s step=394 queue=2 dmax=0.729 | shoulder_pan.pos=-3.81 shoulder_lift.pos=-101.37 elbow_flex.pos=+90.69 wrist_flex.pos=+77.71 wrist_roll.pos=-0.69 gripper.pos=+0.13
DEBUG 2026-09-03 08:17:14 [action #396] t=15.57s step=395 queue=1 dmax=0.240 | shoulder_pan.pos=-3.79 shoulder_lift.pos=-101.56 elbow_flex.pos=+90.45 wrist_flex.pos=+77.83 wrist_roll.pos=-0.58 gripper.pos=+0.24
DEBUG 2026-09-03 08:17:15 [chunk] received 50 actions, timesteps 371..420 | first: shoulder_pan.pos=-4.93 shoulder_lift.pos=-99.61 elbow_flex.pos=+82.44 wrist_flex.pos=+71.00 wrist_roll.pos=-4.52 gripper.pos=+0.90 | last: shoulder_pan.pos=-4.76 shoulder_lift.pos=-101.04 elbow_flex.pos=+88.60 wrist_flex.pos=+78.18 wrist_roll.pos=-2.15 gripper.pos=+0.53
DEBUG 2026-09-03 08:17:15 [action #397] t=15.67s step=396 queue=25 dmax=1.579 | shoulder_pan.pos=-5.06 shoulder_lift.pos=-102.24 elbow_flex.pos=+88.88 wrist_flex.pos=+77.84 wrist_roll.pos=-1.43 gripper.pos=+0.72
DEBUG 2026-09-03 08:17:15 [action #398] t=15.70s step=397 queue=24 dmax=0.487 | shoulder_pan.pos=-4.94 shoulder_lift.pos=-101.77 elbow_flex.pos=+88.39 wrist_flex.pos=+77.94 wrist_roll.pos=-1.26 gripper.pos=+0.69
DEBUG 2026-09-03 08:17:15 [action #399] t=15.74s step=398 queue=23 dmax=0.276 | shoulder_pan.pos=-4.87 shoulder_lift.pos=-101.49 elbow_flex.pos=+88.25 wrist_flex.pos=+77.94 wrist_roll.pos=-1.09 gripper.pos=+0.66
DEBUG 2026-09-03 08:17:15 [action #400] t=15.77s step=399 queue=22 dmax=0.478 | shoulder_pan.pos=-4.99 shoulder_lift.pos=-101.84 elbow_flex.pos=+88.73 wrist_flex.pos=+78.04 wrist_roll.pos=-1.03 gripper.pos=+0.61
DEBUG 2026-09-03 08:17:15 [action #401] t=15.80s step=400 queue=21 dmax=0.329 | shoulder_pan.pos=-4.97 shoulder_lift.pos=-102.17 elbow_flex.pos=+88.76 wrist_flex.pos=+77.94 wrist_roll.pos=-1.10 gripper.pos=+0.70
DEBUG 2026-09-03 08:17:15 [action #402] t=15.84s step=401 queue=20 dmax=0.698 | shoulder_pan.pos=-4.70 shoulder_lift.pos=-101.47 elbow_flex.pos=+88.53 wrist_flex.pos=+77.84 wrist_roll.pos=-1.42 gripper.pos=+0.61
DEBUG 2026-09-03 08:17:15 [action #403] t=15.87s step=402 queue=19 dmax=0.291 | shoulder_pan.pos=-4.96 shoulder_lift.pos=-101.76 elbow_flex.pos=+88.72 wrist_flex.pos=+78.01 wrist_roll.pos=-1.68 gripper.pos=+0.69
DEBUG 2026-09-03 08:17:15 [action #404] t=15.90s step=403 queue=18 dmax=0.512 | shoulder_pan.pos=-4.84 shoulder_lift.pos=-101.63 elbow_flex.pos=+88.21 wrist_flex.pos=+77.96 wrist_roll.pos=-1.60 gripper.pos=+0.64
DEBUG 2026-09-03 08:17:15 [action #405] t=15.94s step=404 queue=17 dmax=0.359 | shoulder_pan.pos=-4.87 shoulder_lift.pos=-101.99 elbow_flex.pos=+87.93 wrist_flex.pos=+77.94 wrist_roll.pos=-1.63 gripper.pos=+0.74
DEBUG 2026-09-03 08:17:15 [action #406] t=15.97s step=405 queue=16 dmax=0.597 | shoulder_pan.pos=-4.78 shoulder_lift.pos=-101.56 elbow_flex.pos=+88.53 wrist_flex.pos=+77.95 wrist_roll.pos=-1.80 gripper.pos=+0.57
DEBUG 2026-09-03 08:17:15 [action #407] t=16.00s step=406 queue=15 dmax=0.246 | shoulder_pan.pos=-4.95 shoulder_lift.pos=-101.81 elbow_flex.pos=+88.73 wrist_flex.pos=+78.02 wrist_roll.pos=-1.87 gripper.pos=+0.55
DEBUG 2026-09-03 08:17:15 [action #408] t=16.04s step=407 queue=14 dmax=0.635 | shoulder_pan.pos=-4.73 shoulder_lift.pos=-101.99 elbow_flex.pos=+88.09 wrist_flex.pos=+77.86 wrist_roll.pos=-1.81 gripper.pos=+0.66
DEBUG 2026-09-03 08:17:15 [action #409] t=16.07s step=408 queue=13 dmax=0.187 | shoulder_pan.pos=-4.83 shoulder_lift.pos=-101.85 elbow_flex.pos=+88.28 wrist_flex.pos=+77.99 wrist_roll.pos=-1.89 gripper.pos=+0.63
DEBUG 2026-09-03 08:17:15 [action #410] t=16.10s step=409 queue=12 dmax=0.289 | shoulder_pan.pos=-4.97 shoulder_lift.pos=-101.66 elbow_flex.pos=+87.99 wrist_flex.pos=+77.96 wrist_roll.pos=-1.83 gripper.pos=+0.65
DEBUG 2026-09-03 08:17:15 [action #411] t=16.14s step=410 queue=11 dmax=0.437 | shoulder_pan.pos=-4.95 shoulder_lift.pos=-102.09 elbow_flex.pos=+88.07 wrist_flex.pos=+77.96 wrist_roll.pos=-1.90 gripper.pos=+0.67
DEBUG 2026-09-03 08:17:15 [action #412] t=16.17s step=411 queue=10 dmax=0.891 | shoulder_pan.pos=-4.78 shoulder_lift.pos=-101.20 elbow_flex.pos=+88.23 wrist_flex.pos=+77.93 wrist_roll.pos=-1.86 gripper.pos=+0.72
DEBUG 2026-09-03 08:17:15 [action #413] t=16.21s step=412 queue=9 dmax=0.310 | shoulder_pan.pos=-4.81 shoulder_lift.pos=-101.51 elbow_flex.pos=+88.34 wrist_flex.pos=+78.09 wrist_roll.pos=-1.85 gripper.pos=+0.70
DEBUG 2026-09-03 08:17:15 [action #414] t=16.24s step=413 queue=8 dmax=0.410 | shoulder_pan.pos=-4.92 shoulder_lift.pos=-101.77 elbow_flex.pos=+87.93 wrist_flex.pos=+77.93 wrist_roll.pos=-1.82 gripper.pos=+0.74
DEBUG 2026-09-03 08:17:15 [action #415] t=16.27s step=414 queue=7 dmax=0.236 | shoulder_pan.pos=-4.90 shoulder_lift.pos=-101.55 elbow_flex.pos=+88.16 wrist_flex.pos=+78.10 wrist_roll.pos=-1.87 gripper.pos=+0.80
DEBUG 2026-09-03 08:17:15 [action #416] t=16.31s step=415 queue=6 dmax=0.536 | shoulder_pan.pos=-4.93 shoulder_lift.pos=-101.19 elbow_flex.pos=+88.70 wrist_flex.pos=+78.06 wrist_roll.pos=-1.82 gripper.pos=+0.65
DEBUG 2026-09-03 08:17:15 [action #417] t=16.34s step=416 queue=5 dmax=0.210 | shoulder_pan.pos=-4.72 shoulder_lift.pos=-101.28 elbow_flex.pos=+88.79 wrist_flex.pos=+78.14 wrist_roll.pos=-1.86 gripper.pos=+0.77
DEBUG 2026-09-03 08:17:15 [action #418] t=16.37s step=417 queue=4 dmax=0.382 | shoulder_pan.pos=-4.79 shoulder_lift.pos=-101.31 elbow_flex.pos=+88.41 wrist_flex.pos=+78.15 wrist_roll.pos=-1.97 gripper.pos=+0.69
DEBUG 2026-09-03 08:17:15 [action #419] t=16.41s step=418 queue=3 dmax=0.289 | shoulder_pan.pos=-4.67 shoulder_lift.pos=-101.14 elbow_flex.pos=+88.70 wrist_flex.pos=+77.98 wrist_roll.pos=-2.06 gripper.pos=+0.63
DEBUG 2026-09-03 08:17:15 [action #420] t=16.44s step=419 queue=2 dmax=0.337 | shoulder_pan.pos=-4.80 shoulder_lift.pos=-101.44 elbow_flex.pos=+88.52 wrist_flex.pos=+78.32 wrist_roll.pos=-2.07 gripper.pos=+0.64
DEBUG 2026-09-03 08:17:15 [action #421] t=16.47s step=420 queue=1 dmax=0.397 | shoulder_pan.pos=-4.76 shoulder_lift.pos=-101.04 elbow_flex.pos=+88.60 wrist_flex.pos=+78.18 wrist_roll.pos=-2.15 gripper.pos=+0.53
DEBUG 2026-09-03 08:17:15 [chunk] received 50 actions, timesteps 395..444 | first: shoulder_pan.pos=-4.55 shoulder_lift.pos=-101.90 elbow_flex.pos=+88.88 wrist_flex.pos=+77.17 wrist_roll.pos=-0.66 gripper.pos=+0.34 | last: shoulder_pan.pos=-14.75 shoulder_lift.pos=-102.02 elbow_flex.pos=+89.10 wrist_flex.pos=+77.55 wrist_roll.pos=-0.97 gripper.pos=+0.16
INFO 2026-09-03 08:17:20 Final action sent: shoulder_pan.pos=-4.76 shoulder_lift.pos=-101.04 elbow_flex.pos=+88.60 wrist_flex.pos=+78.18 wrist_roll.pos=-2.15 gripper.pos=+0.53
DEBUG 2026-09-03 08:17:20 === episode end | 21.5s | converged=True | actions=421 ===
