DEBUG 2026-09-03 09:07:00 === episode start | task: 'put the purse on the tray' | duration: 50.0s ===
DEBUG 2026-09-03 09:07:01 [chunk] dropped stale chunk (ts0=566 > max_sent=0)
DEBUG 2026-09-03 09:07:02 [chunk] received 50 actions, timesteps 0..49 | first: shoulder_pan.pos=-4.61 shoulder_lift.pos=-101.36 elbow_flex.pos=+89.23 wrist_flex.pos=+73.62 wrist_roll.pos=-1.23 gripper.pos=+1.22 | last: shoulder_pan.pos=-7.24 shoulder_lift.pos=-97.56 elbow_flex.pos=+74.33 wrist_flex.pos=+68.61 wrist_roll.pos=-2.09 gripper.pos=+0.99
DEBUG 2026-09-03 09:07:02 [action #1] t=1.61s step=0 queue=50 dmax=n/a | shoulder_pan.pos=-4.61 shoulder_lift.pos=-101.36 elbow_flex.pos=+89.23 wrist_flex.pos=+73.62 wrist_roll.pos=-1.23 gripper.pos=+1.22
DEBUG 2026-09-03 09:07:02 [action #2] t=1.64s step=1 queue=49 dmax=0.603 | shoulder_pan.pos=-4.96 shoulder_lift.pos=-101.78 elbow_flex.pos=+89.26 wrist_flex.pos=+73.01 wrist_roll.pos=-1.30 gripper.pos=+1.23
DEBUG 2026-09-03 09:07:02 [action #3] t=1.67s step=2 queue=48 dmax=0.459 | shoulder_pan.pos=-5.19 shoulder_lift.pos=-101.44 elbow_flex.pos=+88.96 wrist_flex.pos=+72.55 wrist_roll.pos=-1.24 gripper.pos=+1.18
DEBUG 2026-09-03 09:07:02 [action #4] t=1.71s step=3 queue=47 dmax=0.627 | shoulder_pan.pos=-5.81 shoulder_lift.pos=-101.39 elbow_flex.pos=+89.32 wrist_flex.pos=+72.35 wrist_roll.pos=-1.32 gripper.pos=+1.14
DEBUG 2026-09-03 09:07:02 [action #5] t=1.74s step=4 queue=46 dmax=0.465 | shoulder_pan.pos=-6.02 shoulder_lift.pos=-101.18 elbow_flex.pos=+89.38 wrist_flex.pos=+71.88 wrist_roll.pos=-1.31 gripper.pos=+1.05
DEBUG 2026-09-03 09:07:02 [action #6] t=1.77s step=5 queue=45 dmax=0.670 | shoulder_pan.pos=-6.69 shoulder_lift.pos=-101.40 elbow_flex.pos=+89.27 wrist_flex.pos=+71.80 wrist_roll.pos=-1.30 gripper.pos=+1.08
DEBUG 2026-09-03 09:07:02 [action #7] t=1.81s step=6 queue=44 dmax=0.811 | shoulder_pan.pos=-7.50 shoulder_lift.pos=-101.63 elbow_flex.pos=+89.35 wrist_flex.pos=+71.64 wrist_roll.pos=-1.31 gripper.pos=+1.13
DEBUG 2026-09-03 09:07:02 [action #8] t=1.84s step=7 queue=43 dmax=0.464 | shoulder_pan.pos=-7.75 shoulder_lift.pos=-101.57 elbow_flex.pos=+88.89 wrist_flex.pos=+71.62 wrist_roll.pos=-1.33 gripper.pos=+1.20
DEBUG 2026-09-03 09:07:02 [action #9] t=1.87s step=8 queue=42 dmax=0.449 | shoulder_pan.pos=-7.95 shoulder_lift.pos=-101.80 elbow_flex.pos=+89.34 wrist_flex.pos=+71.43 wrist_roll.pos=-1.34 gripper.pos=+1.09
DEBUG 2026-09-03 09:07:02 [action #10] t=1.91s step=9 queue=41 dmax=0.557 | shoulder_pan.pos=-8.51 shoulder_lift.pos=-102.17 elbow_flex.pos=+88.83 wrist_flex.pos=+71.23 wrist_roll.pos=-1.40 gripper.pos=+1.09
DEBUG 2026-09-03 09:07:02 [action #11] t=1.94s step=10 queue=40 dmax=0.579 | shoulder_pan.pos=-8.08 shoulder_lift.pos=-102.14 elbow_flex.pos=+89.41 wrist_flex.pos=+71.07 wrist_roll.pos=-1.43 gripper.pos=+1.13
DEBUG 2026-09-03 09:07:02 [action #12] t=1.97s step=11 queue=39 dmax=0.448 | shoulder_pan.pos=-8.06 shoulder_lift.pos=-102.09 elbow_flex.pos=+89.17 wrist_flex.pos=+70.62 wrist_roll.pos=-1.40 gripper.pos=+1.19
DEBUG 2026-09-03 09:07:02 [action #13] t=2.01s step=12 queue=38 dmax=0.454 | shoulder_pan.pos=-8.16 shoulder_lift.pos=-101.63 elbow_flex.pos=+89.38 wrist_flex.pos=+70.25 wrist_roll.pos=-1.42 gripper.pos=+1.08
DEBUG 2026-09-03 09:07:02 [action #14] t=2.04s step=13 queue=37 dmax=0.623 | shoulder_pan.pos=-8.07 shoulder_lift.pos=-101.89 elbow_flex.pos=+89.02 wrist_flex.pos=+69.63 wrist_roll.pos=-1.33 gripper.pos=+1.12
DEBUG 2026-09-03 09:07:02 [action #15] t=2.07s step=14 queue=36 dmax=0.504 | shoulder_pan.pos=-7.57 shoulder_lift.pos=-101.55 elbow_flex.pos=+89.45 wrist_flex.pos=+69.13 wrist_roll.pos=-1.38 gripper.pos=+1.10
DEBUG 2026-09-03 09:07:02 [action #16] t=2.11s step=15 queue=35 dmax=0.885 | shoulder_pan.pos=-7.46 shoulder_lift.pos=-102.44 elbow_flex.pos=+89.09 wrist_flex.pos=+68.29 wrist_roll.pos=-1.35 gripper.pos=+1.17
DEBUG 2026-09-03 09:07:02 [action #17] t=2.14s step=16 queue=34 dmax=1.063 | shoulder_pan.pos=-7.23 shoulder_lift.pos=-102.00 elbow_flex.pos=+90.15 wrist_flex.pos=+67.75 wrist_roll.pos=-1.29 gripper.pos=+1.18
DEBUG 2026-09-03 09:07:02 [action #18] t=2.17s step=17 queue=33 dmax=0.668 | shoulder_pan.pos=-7.08 shoulder_lift.pos=-101.42 elbow_flex.pos=+89.79 wrist_flex.pos=+67.08 wrist_roll.pos=-1.46 gripper.pos=+1.25
DEBUG 2026-09-03 09:07:02 [action #19] t=2.21s step=18 queue=32 dmax=0.755 | shoulder_pan.pos=-7.15 shoulder_lift.pos=-102.11 elbow_flex.pos=+89.60 wrist_flex.pos=+66.33 wrist_roll.pos=-1.40 gripper.pos=+1.05
DEBUG 2026-09-03 09:07:03 [action #20] t=2.24s step=19 queue=31 dmax=0.949 | shoulder_pan.pos=-7.33 shoulder_lift.pos=-101.65 elbow_flex.pos=+90.55 wrist_flex.pos=+65.74 wrist_roll.pos=-1.32 gripper.pos=+1.01
DEBUG 2026-09-03 09:07:03 [action #21] t=2.27s step=20 queue=30 dmax=0.641 | shoulder_pan.pos=-7.08 shoulder_lift.pos=-102.29 elbow_flex.pos=+90.33 wrist_flex.pos=+65.28 wrist_roll.pos=-1.37 gripper.pos=+1.05
DEBUG 2026-09-03 09:07:03 [action #22] t=2.31s step=21 queue=29 dmax=0.613 | shoulder_pan.pos=-6.93 shoulder_lift.pos=-102.03 elbow_flex.pos=+89.72 wrist_flex.pos=+65.04 wrist_roll.pos=-1.38 gripper.pos=+1.10
DEBUG 2026-09-03 09:07:03 [action #23] t=2.34s step=22 queue=28 dmax=0.405 | shoulder_pan.pos=-6.92 shoulder_lift.pos=-102.44 elbow_flex.pos=+89.37 wrist_flex.pos=+64.97 wrist_roll.pos=-1.42 gripper.pos=+1.17
DEBUG 2026-09-03 09:07:03 [action #24] t=2.37s step=23 queue=27 dmax=0.474 | shoulder_pan.pos=-7.25 shoulder_lift.pos=-101.97 elbow_flex.pos=+89.85 wrist_flex.pos=+64.69 wrist_roll.pos=-1.39 gripper.pos=+1.07
DEBUG 2026-09-03 09:07:03 [action #25] t=2.41s step=24 queue=26 dmax=1.069 | shoulder_pan.pos=-7.09 shoulder_lift.pos=-101.56 elbow_flex.pos=+88.78 wrist_flex.pos=+64.82 wrist_roll.pos=-1.44 gripper.pos=+1.18
DEBUG 2026-09-03 09:07:03 [action #26] t=2.44s step=25 queue=25 dmax=0.409 | shoulder_pan.pos=-7.50 shoulder_lift.pos=-101.28 elbow_flex.pos=+88.68 wrist_flex.pos=+64.87 wrist_roll.pos=-1.44 gripper.pos=+0.95
DEBUG 2026-09-03 09:07:03 [action #27] t=2.47s step=26 queue=24 dmax=0.422 | shoulder_pan.pos=-7.07 shoulder_lift.pos=-101.29 elbow_flex.pos=+88.68 wrist_flex.pos=+64.90 wrist_roll.pos=-1.47 gripper.pos=+1.19
DEBUG 2026-09-03 09:07:03 [action #28] t=2.51s step=27 queue=23 dmax=0.762 | shoulder_pan.pos=-7.29 shoulder_lift.pos=-102.05 elbow_flex.pos=+87.92 wrist_flex.pos=+64.68 wrist_roll.pos=-1.46 gripper.pos=+1.18
DEBUG 2026-09-03 09:07:03 [action #29] t=2.54s step=28 queue=22 dmax=0.383 | shoulder_pan.pos=-7.07 shoulder_lift.pos=-101.95 elbow_flex.pos=+87.54 wrist_flex.pos=+64.84 wrist_roll.pos=-1.44 gripper.pos=+1.22
DEBUG 2026-09-03 09:07:03 [action #30] t=2.57s step=29 queue=21 dmax=0.292 | shoulder_pan.pos=-7.23 shoulder_lift.pos=-101.97 elbow_flex.pos=+87.72 wrist_flex.pos=+65.13 wrist_roll.pos=-1.49 gripper.pos=+1.15
DEBUG 2026-09-03 09:07:03 [chunk] received 50 actions, timesteps 3..52 | first: shoulder_pan.pos=-4.36 shoulder_lift.pos=-102.15 elbow_flex.pos=+90.14 wrist_flex.pos=+71.62 wrist_roll.pos=-1.12 gripper.pos=+1.25 | last: shoulder_pan.pos=-7.48 shoulder_lift.pos=-89.09 elbow_flex.pos=+74.44 wrist_flex.pos=+64.78 wrist_roll.pos=-2.31 gripper.pos=+0.90
DEBUG 2026-09-03 09:07:03 [action #31] t=2.61s step=30 queue=23 dmax=0.502 | shoulder_pan.pos=-6.98 shoulder_lift.pos=-101.92 elbow_flex.pos=+87.22 wrist_flex.pos=+65.24 wrist_roll.pos=-1.39 gripper.pos=+1.01
DEBUG 2026-09-03 09:07:03 [action #32] t=2.64s step=31 queue=22 dmax=0.397 | shoulder_pan.pos=-7.26 shoulder_lift.pos=-101.92 elbow_flex.pos=+87.47 wrist_flex.pos=+65.63 wrist_roll.pos=-1.39 gripper.pos=+0.97
DEBUG 2026-09-03 09:07:03 [action #33] t=2.67s step=32 queue=21 dmax=0.359 | shoulder_pan.pos=-7.53 shoulder_lift.pos=-101.56 elbow_flex.pos=+87.20 wrist_flex.pos=+65.82 wrist_roll.pos=-1.35 gripper.pos=+1.06
DEBUG 2026-09-03 09:07:03 [action #34] t=2.71s step=33 queue=20 dmax=0.389 | shoulder_pan.pos=-7.91 shoulder_lift.pos=-101.87 elbow_flex.pos=+87.29 wrist_flex.pos=+66.13 wrist_roll.pos=-1.37 gripper.pos=+0.96
DEBUG 2026-09-03 09:07:03 [action #35] t=2.74s step=34 queue=19 dmax=1.024 | shoulder_pan.pos=-7.94 shoulder_lift.pos=-101.89 elbow_flex.pos=+86.27 wrist_flex.pos=+66.44 wrist_roll.pos=-1.36 gripper.pos=+0.94
DEBUG 2026-09-03 09:07:03 [action #36] t=2.78s step=35 queue=18 dmax=0.693 | shoulder_pan.pos=-7.96 shoulder_lift.pos=-101.89 elbow_flex.pos=+85.57 wrist_flex.pos=+66.68 wrist_roll.pos=-1.45 gripper.pos=+0.91
DEBUG 2026-09-03 09:07:03 [action #37] t=2.81s step=36 queue=17 dmax=0.729 | shoulder_pan.pos=-8.07 shoulder_lift.pos=-101.62 elbow_flex.pos=+84.84 wrist_flex.pos=+66.91 wrist_roll.pos=-1.44 gripper.pos=+0.86
DEBUG 2026-09-03 09:07:03 [action #38] t=2.84s step=37 queue=16 dmax=0.192 | shoulder_pan.pos=-8.00 shoulder_lift.pos=-101.55 elbow_flex.pos=+84.65 wrist_flex.pos=+67.04 wrist_roll.pos=-1.42 gripper.pos=+0.98
DEBUG 2026-09-03 09:07:03 [action #39] t=2.88s step=38 queue=15 dmax=0.786 | shoulder_pan.pos=-7.94 shoulder_lift.pos=-101.88 elbow_flex.pos=+83.87 wrist_flex.pos=+67.23 wrist_roll.pos=-1.45 gripper.pos=+1.06
DEBUG 2026-09-03 09:07:03 [action #40] t=2.91s step=39 queue=14 dmax=0.545 | shoulder_pan.pos=-7.87 shoulder_lift.pos=-101.61 elbow_flex.pos=+83.32 wrist_flex.pos=+67.19 wrist_roll.pos=-1.52 gripper.pos=+1.00
DEBUG 2026-09-03 09:07:03 [action #41] t=2.94s step=40 queue=13 dmax=0.796 | shoulder_pan.pos=-7.64 shoulder_lift.pos=-101.51 elbow_flex.pos=+82.53 wrist_flex.pos=+67.30 wrist_roll.pos=-1.55 gripper.pos=+0.96
DEBUG 2026-09-03 09:07:03 [action #42] t=2.98s step=41 queue=12 dmax=0.552 | shoulder_pan.pos=-7.94 shoulder_lift.pos=-101.57 elbow_flex.pos=+81.97 wrist_flex.pos=+67.24 wrist_roll.pos=-1.49 gripper.pos=+0.88
DEBUG 2026-09-03 09:07:03 [action #43] t=3.01s step=42 queue=11 dmax=0.171 | shoulder_pan.pos=-7.77 shoulder_lift.pos=-101.60 elbow_flex.pos=+81.96 wrist_flex.pos=+67.32 wrist_roll.pos=-1.55 gripper.pos=+0.96
DEBUG 2026-09-03 09:07:03 [action #44] t=3.04s step=43 queue=10 dmax=0.627 | shoulder_pan.pos=-7.68 shoulder_lift.pos=-101.71 elbow_flex.pos=+81.33 wrist_flex.pos=+67.31 wrist_roll.pos=-1.55 gripper.pos=+0.94
DEBUG 2026-09-03 09:07:03 [action #45] t=3.08s step=44 queue=9 dmax=0.316 | shoulder_pan.pos=-7.51 shoulder_lift.pos=-101.39 elbow_flex.pos=+81.12 wrist_flex.pos=+67.40 wrist_roll.pos=-1.59 gripper.pos=+0.96
DEBUG 2026-09-03 09:07:03 [action #46] t=3.11s step=45 queue=8 dmax=0.514 | shoulder_pan.pos=-7.43 shoulder_lift.pos=-101.08 elbow_flex.pos=+80.61 wrist_flex.pos=+67.26 wrist_roll.pos=-1.55 gripper.pos=+0.97
DEBUG 2026-09-03 09:07:03 [action #47] t=3.14s step=46 queue=7 dmax=0.425 | shoulder_pan.pos=-7.62 shoulder_lift.pos=-100.66 elbow_flex.pos=+80.19 wrist_flex.pos=+67.28 wrist_roll.pos=-1.57 gripper.pos=+0.87
DEBUG 2026-09-03 09:07:03 [action #48] t=3.18s step=47 queue=6 dmax=0.451 | shoulder_pan.pos=-7.57 shoulder_lift.pos=-100.32 elbow_flex.pos=+79.73 wrist_flex.pos=+67.06 wrist_roll.pos=-1.60 gripper.pos=+0.90
DEBUG 2026-09-03 09:07:03 [action #49] t=3.21s step=48 queue=5 dmax=1.048 | shoulder_pan.pos=-7.46 shoulder_lift.pos=-99.28 elbow_flex.pos=+78.99 wrist_flex.pos=+66.98 wrist_roll.pos=-1.65 gripper.pos=+0.84
DEBUG 2026-09-03 09:07:04 [action #50] t=3.24s step=49 queue=4 dmax=1.880 | shoulder_pan.pos=-7.34 shoulder_lift.pos=-97.40 elbow_flex.pos=+77.81 wrist_flex.pos=+66.74 wrist_roll.pos=-1.82 gripper.pos=+0.95
DEBUG 2026-09-03 09:07:04 [action #51] t=3.28s step=50 queue=3 dmax=2.761 | shoulder_pan.pos=-7.37 shoulder_lift.pos=-94.64 elbow_flex.pos=+78.30 wrist_flex.pos=+65.69 wrist_roll.pos=-1.80 gripper.pos=+0.99
DEBUG 2026-09-03 09:07:04 [action #52] t=3.31s step=51 queue=2 dmax=2.750 | shoulder_pan.pos=-7.65 shoulder_lift.pos=-91.89 elbow_flex.pos=+76.28 wrist_flex.pos=+65.19 wrist_roll.pos=-2.10 gripper.pos=+0.85
DEBUG 2026-09-03 09:07:04 [action #53] t=3.34s step=52 queue=1 dmax=2.800 | shoulder_pan.pos=-7.48 shoulder_lift.pos=-89.09 elbow_flex.pos=+74.44 wrist_flex.pos=+64.78 wrist_roll.pos=-2.31 gripper.pos=+0.90
DEBUG 2026-09-03 09:07:04 [chunk] received 50 actions, timesteps 29..78 | first: shoulder_pan.pos=-6.69 shoulder_lift.pos=-101.47 elbow_flex.pos=+88.50 wrist_flex.pos=+63.52 wrist_roll.pos=-1.53 gripper.pos=+1.26 | last: shoulder_pan.pos=-8.65 shoulder_lift.pos=-71.45 elbow_flex.pos=+64.88 wrist_flex.pos=+60.41 wrist_roll.pos=-4.05 gripper.pos=+0.78
DEBUG 2026-09-03 09:07:04 [action #54] t=3.64s step=53 queue=26 dmax=12.116 | shoulder_pan.pos=-7.99 shoulder_lift.pos=-101.20 elbow_flex.pos=+84.06 wrist_flex.pos=+63.72 wrist_roll.pos=-2.23 gripper.pos=+0.89
DEBUG 2026-09-03 09:07:04 [action #55] t=3.68s step=54 queue=25 dmax=0.468 | shoulder_pan.pos=-7.76 shoulder_lift.pos=-101.35 elbow_flex.pos=+83.59 wrist_flex.pos=+63.55 wrist_roll.pos=-2.14 gripper.pos=+0.85
DEBUG 2026-09-03 09:07:04 [action #56] t=3.71s step=55 queue=24 dmax=0.238 | shoulder_pan.pos=-7.70 shoulder_lift.pos=-101.11 elbow_flex.pos=+83.65 wrist_flex.pos=+63.66 wrist_roll.pos=-2.12 gripper.pos=+0.94
DEBUG 2026-09-03 09:07:04 [action #57] t=3.74s step=56 queue=23 dmax=0.408 | shoulder_pan.pos=-7.59 shoulder_lift.pos=-101.29 elbow_flex.pos=+83.24 wrist_flex.pos=+63.74 wrist_roll.pos=-2.11 gripper.pos=+0.94
DEBUG 2026-09-03 09:07:04 [action #58] t=3.78s step=57 queue=22 dmax=0.182 | shoulder_pan.pos=-7.68 shoulder_lift.pos=-101.11 elbow_flex.pos=+83.08 wrist_flex.pos=+63.90 wrist_roll.pos=-2.13 gripper.pos=+0.95
DEBUG 2026-09-03 09:07:04 [action #59] t=3.81s step=58 queue=21 dmax=0.582 | shoulder_pan.pos=-7.56 shoulder_lift.pos=-100.53 elbow_flex.pos=+83.02 wrist_flex.pos=+63.85 wrist_roll.pos=-2.01 gripper.pos=+0.93
DEBUG 2026-09-03 09:07:04 [action #60] t=3.85s step=59 queue=20 dmax=0.544 | shoulder_pan.pos=-7.95 shoulder_lift.pos=-100.43 elbow_flex.pos=+82.48 wrist_flex.pos=+64.04 wrist_roll.pos=-2.03 gripper.pos=+0.99
DEBUG 2026-09-03 09:07:04 [action #61] t=3.88s step=60 queue=19 dmax=0.544 | shoulder_pan.pos=-7.85 shoulder_lift.pos=-100.90 elbow_flex.pos=+81.93 wrist_flex.pos=+64.28 wrist_roll.pos=-2.03 gripper.pos=+0.93
DEBUG 2026-09-03 09:07:04 [action #62] t=3.91s step=61 queue=18 dmax=0.304 | shoulder_pan.pos=-7.94 shoulder_lift.pos=-100.60 elbow_flex.pos=+82.12 wrist_flex.pos=+64.35 wrist_roll.pos=-1.98 gripper.pos=+0.94
DEBUG 2026-09-03 09:07:04 [action #63] t=3.95s step=62 queue=17 dmax=0.787 | shoulder_pan.pos=-8.00 shoulder_lift.pos=-100.24 elbow_flex.pos=+81.33 wrist_flex.pos=+64.40 wrist_roll.pos=-2.00 gripper.pos=+0.96
DEBUG 2026-09-03 09:07:04 [action #64] t=3.98s step=63 queue=16 dmax=0.759 | shoulder_pan.pos=-8.47 shoulder_lift.pos=-100.12 elbow_flex.pos=+80.57 wrist_flex.pos=+64.75 wrist_roll.pos=-2.04 gripper.pos=+0.78
DEBUG 2026-09-03 09:07:04 [action #65] t=4.01s step=64 queue=15 dmax=0.823 | shoulder_pan.pos=-8.43 shoulder_lift.pos=-99.61 elbow_flex.pos=+79.75 wrist_flex.pos=+64.78 wrist_roll.pos=-1.93 gripper.pos=+0.97
DEBUG 2026-09-03 09:07:04 [action #66] t=4.05s step=65 queue=14 dmax=0.454 | shoulder_pan.pos=-8.54 shoulder_lift.pos=-99.18 elbow_flex.pos=+79.29 wrist_flex.pos=+64.78 wrist_roll.pos=-2.04 gripper.pos=+0.86
DEBUG 2026-09-03 09:07:04 [action #67] t=4.08s step=66 queue=13 dmax=0.782 | shoulder_pan.pos=-8.61 shoulder_lift.pos=-98.40 elbow_flex.pos=+78.84 wrist_flex.pos=+64.60 wrist_roll.pos=-2.06 gripper.pos=+1.01
DEBUG 2026-09-03 09:07:04 [action #68] t=4.11s step=67 queue=12 dmax=1.411 | shoulder_pan.pos=-8.68 shoulder_lift.pos=-96.99 elbow_flex.pos=+78.02 wrist_flex.pos=+64.21 wrist_roll.pos=-2.24 gripper.pos=+0.98
DEBUG 2026-09-03 09:07:04 [action #69] t=4.15s step=68 queue=11 dmax=2.497 | shoulder_pan.pos=-8.23 shoulder_lift.pos=-94.49 elbow_flex.pos=+76.73 wrist_flex.pos=+63.88 wrist_roll.pos=-2.32 gripper.pos=+0.84
DEBUG 2026-09-03 09:07:04 [action #70] t=4.18s step=69 queue=10 dmax=1.288 | shoulder_pan.pos=-8.69 shoulder_lift.pos=-93.20 elbow_flex.pos=+76.41 wrist_flex.pos=+63.08 wrist_roll.pos=-2.38 gripper.pos=+0.79
DEBUG 2026-09-03 09:07:04 [action #71] t=4.21s step=70 queue=9 dmax=2.824 | shoulder_pan.pos=-8.46 shoulder_lift.pos=-90.38 elbow_flex.pos=+74.45 wrist_flex.pos=+62.75 wrist_roll.pos=-2.62 gripper.pos=+0.95
DEBUG 2026-09-03 09:07:05 [action #72] t=4.25s step=71 queue=8 dmax=2.841 | shoulder_pan.pos=-8.50 shoulder_lift.pos=-87.54 elbow_flex.pos=+73.08 wrist_flex.pos=+62.14 wrist_roll.pos=-2.84 gripper.pos=+0.73
DEBUG 2026-09-03 09:07:05 [action #73] t=4.28s step=72 queue=7 dmax=2.791 | shoulder_pan.pos=-8.34 shoulder_lift.pos=-84.74 elbow_flex.pos=+71.19 wrist_flex.pos=+61.79 wrist_roll.pos=-3.20 gripper.pos=+0.76
DEBUG 2026-09-03 09:07:05 [action #74] t=4.31s step=73 queue=6 dmax=3.272 | shoulder_pan.pos=-8.70 shoulder_lift.pos=-81.47 elbow_flex.pos=+70.31 wrist_flex.pos=+61.55 wrist_roll.pos=-3.26 gripper.pos=+0.74
DEBUG 2026-09-03 09:07:05 [action #75] t=4.35s step=74 queue=5 dmax=2.217 | shoulder_pan.pos=-8.52 shoulder_lift.pos=-79.26 elbow_flex.pos=+68.23 wrist_flex.pos=+61.18 wrist_roll.pos=-3.57 gripper.pos=+0.81
DEBUG 2026-09-03 09:07:05 [action #76] t=4.38s step=75 queue=4 dmax=2.382 | shoulder_pan.pos=-8.69 shoulder_lift.pos=-76.87 elbow_flex.pos=+66.72 wrist_flex.pos=+61.04 wrist_roll.pos=-3.61 gripper.pos=+0.79
DEBUG 2026-09-03 09:07:05 [action #77] t=4.41s step=76 queue=3 dmax=2.129 | shoulder_pan.pos=-8.50 shoulder_lift.pos=-74.74 elbow_flex.pos=+66.71 wrist_flex.pos=+60.75 wrist_roll.pos=-3.85 gripper.pos=+0.79
DEBUG 2026-09-03 09:07:05 [action #78] t=4.45s step=77 queue=2 dmax=1.383 | shoulder_pan.pos=-8.51 shoulder_lift.pos=-73.42 elbow_flex.pos=+65.33 wrist_flex.pos=+60.64 wrist_roll.pos=-3.95 gripper.pos=+0.76
DEBUG 2026-09-03 09:07:05 [action #79] t=4.48s step=78 queue=1 dmax=1.963 | shoulder_pan.pos=-8.65 shoulder_lift.pos=-71.45 elbow_flex.pos=+64.88 wrist_flex.pos=+60.41 wrist_roll.pos=-4.05 gripper.pos=+0.78
DEBUG 2026-09-03 09:07:05 [chunk] received 50 actions, timesteps 52..101 | first: shoulder_pan.pos=-7.84 shoulder_lift.pos=-81.93 elbow_flex.pos=+72.17 wrist_flex.pos=+64.46 wrist_roll.pos=-2.08 gripper.pos=+1.15 | last: shoulder_pan.pos=-8.13 shoulder_lift.pos=-31.97 elbow_flex.pos=+41.59 wrist_flex.pos=+70.23 wrist_roll.pos=-4.93 gripper.pos=+36.75
DEBUG 2026-09-03 09:07:05 [action #80] t=4.51s step=79 queue=23 dmax=26.857 | shoulder_pan.pos=-7.36 shoulder_lift.pos=-44.60 elbow_flex.pos=+46.31 wrist_flex.pos=+66.97 wrist_roll.pos=-5.64 gripper.pos=+10.19
DEBUG 2026-09-03 09:07:05 [action #81] t=4.55s step=80 queue=22 dmax=1.386 | shoulder_pan.pos=-7.32 shoulder_lift.pos=-43.79 elbow_flex.pos=+46.32 wrist_flex.pos=+67.41 wrist_roll.pos=-5.31 gripper.pos=+11.58
DEBUG 2026-09-03 09:07:05 [action #82] t=4.58s step=81 queue=21 dmax=1.813 | shoulder_pan.pos=-7.16 shoulder_lift.pos=-43.21 elbow_flex.pos=+46.53 wrist_flex.pos=+67.69 wrist_roll.pos=-5.41 gripper.pos=+13.39
DEBUG 2026-09-03 09:07:05 [action #83] t=4.61s step=82 queue=20 dmax=1.864 | shoulder_pan.pos=-7.14 shoulder_lift.pos=-43.01 elbow_flex.pos=+46.28 wrist_flex.pos=+67.98 wrist_roll.pos=-5.17 gripper.pos=+15.26
DEBUG 2026-09-03 09:07:05 [action #84] t=4.65s step=83 queue=19 dmax=1.828 | shoulder_pan.pos=-7.34 shoulder_lift.pos=-43.13 elbow_flex.pos=+46.23 wrist_flex.pos=+68.11 wrist_roll.pos=-4.93 gripper.pos=+17.08
DEBUG 2026-09-03 09:07:05 [action #85] t=4.68s step=84 queue=18 dmax=1.919 | shoulder_pan.pos=-7.41 shoulder_lift.pos=-42.61 elbow_flex.pos=+46.63 wrist_flex.pos=+68.38 wrist_roll.pos=-4.86 gripper.pos=+19.00
DEBUG 2026-09-03 09:07:05 [action #86] t=4.71s step=85 queue=17 dmax=2.018 | shoulder_pan.pos=-7.49 shoulder_lift.pos=-42.71 elbow_flex.pos=+47.21 wrist_flex.pos=+68.65 wrist_roll.pos=-4.83 gripper.pos=+21.02
DEBUG 2026-09-03 09:07:05 [action #87] t=4.75s step=86 queue=16 dmax=2.397 | shoulder_pan.pos=-7.77 shoulder_lift.pos=-42.47 elbow_flex.pos=+45.83 wrist_flex.pos=+69.07 wrist_roll.pos=-4.90 gripper.pos=+23.42
DEBUG 2026-09-03 09:07:05 [action #88] t=4.78s step=87 queue=15 dmax=2.123 | shoulder_pan.pos=-7.57 shoulder_lift.pos=-41.03 elbow_flex.pos=+45.85 wrist_flex.pos=+69.26 wrist_roll.pos=-4.91 gripper.pos=+25.54
DEBUG 2026-09-03 09:07:05 [action #89] t=4.81s step=88 queue=14 dmax=2.197 | shoulder_pan.pos=-7.85 shoulder_lift.pos=-40.64 elbow_flex.pos=+45.00 wrist_flex.pos=+69.72 wrist_roll.pos=-5.01 gripper.pos=+27.74
DEBUG 2026-09-03 09:07:05 [action #90] t=4.85s step=89 queue=13 dmax=1.255 | shoulder_pan.pos=-7.80 shoulder_lift.pos=-40.44 elbow_flex.pos=+44.84 wrist_flex.pos=+70.32 wrist_roll.pos=-4.94 gripper.pos=+28.99
DEBUG 2026-09-03 09:07:05 [action #91] t=4.88s step=90 queue=12 dmax=1.261 | shoulder_pan.pos=-7.74 shoulder_lift.pos=-39.18 elbow_flex.pos=+43.92 wrist_flex.pos=+70.64 wrist_roll.pos=-4.94 gripper.pos=+30.20
DEBUG 2026-09-03 09:07:05 [action #92] t=4.92s step=91 queue=11 dmax=0.500 | shoulder_pan.pos=-7.87 shoulder_lift.pos=-38.73 elbow_flex.pos=+43.57 wrist_flex.pos=+71.03 wrist_roll.pos=-4.91 gripper.pos=+30.70
DEBUG 2026-09-03 09:07:05 [action #93] t=4.95s step=92 queue=10 dmax=1.443 | shoulder_pan.pos=-7.95 shoulder_lift.pos=-37.29 elbow_flex.pos=+43.35 wrist_flex.pos=+71.16 wrist_roll.pos=-4.94 gripper.pos=+31.47
DEBUG 2026-09-03 09:07:05 [action #94] t=4.98s step=93 queue=9 dmax=1.028 | shoulder_pan.pos=-7.72 shoulder_lift.pos=-36.80 elbow_flex.pos=+42.32 wrist_flex.pos=+71.04 wrist_roll.pos=-5.01 gripper.pos=+31.81
DEBUG 2026-09-03 09:07:05 [action #95] t=5.02s step=94 queue=8 dmax=0.756 | shoulder_pan.pos=-7.86 shoulder_lift.pos=-36.04 elbow_flex.pos=+42.58 wrist_flex.pos=+71.16 wrist_roll.pos=-4.88 gripper.pos=+32.39
DEBUG 2026-09-03 09:07:05 [action #96] t=5.05s step=95 queue=7 dmax=0.648 | shoulder_pan.pos=-8.10 shoulder_lift.pos=-35.39 elbow_flex.pos=+42.81 wrist_flex.pos=+71.00 wrist_roll.pos=-4.87 gripper.pos=+32.90
DEBUG 2026-09-03 09:07:05 [action #97] t=5.08s step=96 queue=6 dmax=0.597 | shoulder_pan.pos=-7.83 shoulder_lift.pos=-35.44 elbow_flex.pos=+42.21 wrist_flex.pos=+70.76 wrist_roll.pos=-4.95 gripper.pos=+33.47
DEBUG 2026-09-03 09:07:05 [action #98] t=5.12s step=97 queue=5 dmax=0.688 | shoulder_pan.pos=-7.81 shoulder_lift.pos=-34.88 elbow_flex.pos=+42.07 wrist_flex.pos=+70.67 wrist_roll.pos=-4.84 gripper.pos=+34.16
DEBUG 2026-09-03 09:07:05 [action #99] t=5.15s step=98 queue=4 dmax=0.889 | shoulder_pan.pos=-7.80 shoulder_lift.pos=-34.54 elbow_flex.pos=+41.53 wrist_flex.pos=+70.71 wrist_roll.pos=-4.88 gripper.pos=+35.05
DEBUG 2026-09-03 09:07:05 [action #100] t=5.18s step=99 queue=3 dmax=1.466 | shoulder_pan.pos=-7.87 shoulder_lift.pos=-33.07 elbow_flex.pos=+41.83 wrist_flex.pos=+70.54 wrist_roll.pos=-4.84 gripper.pos=+35.61
DEBUG 2026-09-03 09:07:06 [action #101] t=5.22s step=100 queue=2 dmax=0.703 | shoulder_pan.pos=-7.92 shoulder_lift.pos=-32.50 elbow_flex.pos=+41.46 wrist_flex.pos=+70.25 wrist_roll.pos=-4.81 gripper.pos=+36.32
DEBUG 2026-09-03 09:07:06 [action #102] t=5.25s step=101 queue=1 dmax=0.534 | shoulder_pan.pos=-8.13 shoulder_lift.pos=-31.97 elbow_flex.pos=+41.59 wrist_flex.pos=+70.23 wrist_roll.pos=-4.93 gripper.pos=+36.75
DEBUG 2026-09-03 09:07:06 [chunk] received 50 actions, timesteps 78..127 | first: shoulder_pan.pos=-8.30 shoulder_lift.pos=-68.54 elbow_flex.pos=+65.12 wrist_flex.pos=+61.00 wrist_roll.pos=-4.23 gripper.pos=+1.28 | last: shoulder_pan.pos=-9.72 shoulder_lift.pos=-19.52 elbow_flex.pos=+39.98 wrist_flex.pos=+65.88 wrist_roll.pos=-6.73 gripper.pos=+33.85
DEBUG 2026-09-03 09:07:06 [action #103] t=5.38s step=102 queue=26 dmax=6.058 | shoulder_pan.pos=-8.86 shoulder_lift.pos=-36.06 elbow_flex.pos=+44.71 wrist_flex.pos=+68.83 wrist_roll.pos=-7.81 gripper.pos=+30.70
DEBUG 2026-09-03 09:07:06 [action #104] t=5.42s step=103 queue=25 dmax=1.218 | shoulder_pan.pos=-8.98 shoulder_lift.pos=-35.58 elbow_flex.pos=+43.49 wrist_flex.pos=+68.89 wrist_roll.pos=-7.54 gripper.pos=+31.23
DEBUG 2026-09-03 09:07:06 [action #105] t=5.45s step=104 queue=24 dmax=0.723 | shoulder_pan.pos=-9.02 shoulder_lift.pos=-34.86 elbow_flex.pos=+44.19 wrist_flex.pos=+68.76 wrist_roll.pos=-7.45 gripper.pos=+31.82
DEBUG 2026-09-03 09:07:06 [action #106] t=5.48s step=105 queue=23 dmax=0.470 | shoulder_pan.pos=-8.90 shoulder_lift.pos=-34.72 elbow_flex.pos=+43.72 wrist_flex.pos=+68.55 wrist_roll.pos=-7.49 gripper.pos=+32.12
DEBUG 2026-09-03 09:07:06 [action #107] t=5.52s step=106 queue=22 dmax=1.441 | shoulder_pan.pos=-9.03 shoulder_lift.pos=-33.28 elbow_flex.pos=+43.39 wrist_flex.pos=+68.57 wrist_roll.pos=-7.36 gripper.pos=+32.28
DEBUG 2026-09-03 09:07:06 [action #108] t=5.55s step=107 queue=21 dmax=0.402 | shoulder_pan.pos=-9.13 shoulder_lift.pos=-33.04 elbow_flex.pos=+42.99 wrist_flex.pos=+68.31 wrist_roll.pos=-7.32 gripper.pos=+32.22
DEBUG 2026-09-03 09:07:06 [action #109] t=5.58s step=108 queue=20 dmax=0.886 | shoulder_pan.pos=-9.20 shoulder_lift.pos=-32.16 elbow_flex.pos=+43.08 wrist_flex.pos=+68.16 wrist_roll.pos=-7.29 gripper.pos=+32.25
DEBUG 2026-09-03 09:07:06 [action #110] t=5.62s step=109 queue=19 dmax=0.478 | shoulder_pan.pos=-8.77 shoulder_lift.pos=-31.68 elbow_flex.pos=+42.82 wrist_flex.pos=+67.97 wrist_roll.pos=-7.27 gripper.pos=+32.24
DEBUG 2026-09-03 09:07:06 [action #111] t=5.65s step=110 queue=18 dmax=0.763 | shoulder_pan.pos=-8.96 shoulder_lift.pos=-30.92 elbow_flex.pos=+42.60 wrist_flex.pos=+67.61 wrist_roll.pos=-7.23 gripper.pos=+32.45
DEBUG 2026-09-03 09:07:06 [action #112] t=5.68s step=111 queue=17 dmax=0.902 | shoulder_pan.pos=-8.99 shoulder_lift.pos=-30.01 elbow_flex.pos=+42.77 wrist_flex.pos=+67.47 wrist_roll.pos=-7.23 gripper.pos=+32.73
DEBUG 2026-09-03 09:07:06 [action #113] t=5.72s step=112 queue=16 dmax=0.971 | shoulder_pan.pos=-8.99 shoulder_lift.pos=-29.04 elbow_flex.pos=+42.76 wrist_flex.pos=+67.16 wrist_roll.pos=-7.13 gripper.pos=+32.89
DEBUG 2026-09-03 09:07:06 [action #114] t=5.75s step=113 queue=15 dmax=0.489 | shoulder_pan.pos=-9.05 shoulder_lift.pos=-28.72 elbow_flex.pos=+42.94 wrist_flex.pos=+66.67 wrist_roll.pos=-7.20 gripper.pos=+33.07
DEBUG 2026-09-03 09:07:06 [action #115] t=5.78s step=114 queue=14 dmax=0.768 | shoulder_pan.pos=-9.25 shoulder_lift.pos=-27.96 elbow_flex.pos=+42.52 wrist_flex.pos=+66.65 wrist_roll.pos=-7.10 gripper.pos=+32.94
DEBUG 2026-09-03 09:07:06 [action #116] t=5.82s step=115 queue=13 dmax=0.910 | shoulder_pan.pos=-9.17 shoulder_lift.pos=-27.05 elbow_flex.pos=+42.51 wrist_flex.pos=+66.45 wrist_roll.pos=-7.17 gripper.pos=+32.82
DEBUG 2026-09-03 09:07:06 [action #117] t=5.85s step=116 queue=12 dmax=0.232 | shoulder_pan.pos=-9.13 shoulder_lift.pos=-26.99 elbow_flex.pos=+42.31 wrist_flex.pos=+66.22 wrist_roll.pos=-7.18 gripper.pos=+32.75
DEBUG 2026-09-03 09:07:06 [action #118] t=5.89s step=117 queue=11 dmax=0.909 | shoulder_pan.pos=-9.04 shoulder_lift.pos=-26.08 elbow_flex.pos=+41.88 wrist_flex.pos=+66.11 wrist_roll.pos=-7.21 gripper.pos=+32.72
DEBUG 2026-09-03 09:07:06 [action #119] t=5.92s step=118 queue=10 dmax=0.440 | shoulder_pan.pos=-9.19 shoulder_lift.pos=-26.00 elbow_flex.pos=+42.32 wrist_flex.pos=+66.00 wrist_roll.pos=-7.26 gripper.pos=+32.81
DEBUG 2026-09-03 09:07:06 [action #120] t=5.95s step=119 queue=9 dmax=0.660 | shoulder_pan.pos=-9.04 shoulder_lift.pos=-25.34 elbow_flex.pos=+41.78 wrist_flex.pos=+65.82 wrist_roll.pos=-7.12 gripper.pos=+32.82
DEBUG 2026-09-03 09:07:06 [action #121] t=5.99s step=120 queue=8 dmax=0.704 | shoulder_pan.pos=-8.91 shoulder_lift.pos=-24.64 elbow_flex.pos=+42.31 wrist_flex.pos=+65.52 wrist_roll.pos=-7.22 gripper.pos=+32.91
DEBUG 2026-09-03 09:07:06 [action #122] t=6.02s step=121 queue=7 dmax=0.797 | shoulder_pan.pos=-9.10 shoulder_lift.pos=-24.11 elbow_flex.pos=+41.52 wrist_flex.pos=+65.62 wrist_roll.pos=-7.16 gripper.pos=+32.77
DEBUG 2026-09-03 09:07:06 [action #123] t=6.05s step=122 queue=6 dmax=0.329 | shoulder_pan.pos=-9.07 shoulder_lift.pos=-24.12 elbow_flex.pos=+41.85 wrist_flex.pos=+65.51 wrist_roll.pos=-7.03 gripper.pos=+32.96
DEBUG 2026-09-03 09:07:06 [action #124] t=6.09s step=123 queue=5 dmax=1.136 | shoulder_pan.pos=-9.19 shoulder_lift.pos=-22.98 elbow_flex.pos=+41.33 wrist_flex.pos=+65.36 wrist_roll.pos=-7.09 gripper.pos=+33.03
DEBUG 2026-09-03 09:07:06 [action #125] t=6.12s step=124 queue=4 dmax=0.441 | shoulder_pan.pos=-9.37 shoulder_lift.pos=-22.65 elbow_flex.pos=+41.77 wrist_flex.pos=+65.37 wrist_roll.pos=-7.00 gripper.pos=+33.06
DEBUG 2026-09-03 09:07:06 [action #126] t=6.15s step=125 queue=3 dmax=0.525 | shoulder_pan.pos=-9.40 shoulder_lift.pos=-22.13 elbow_flex.pos=+41.41 wrist_flex.pos=+65.40 wrist_roll.pos=-6.89 gripper.pos=+33.30
DEBUG 2026-09-03 09:07:06 [action #127] t=6.19s step=126 queue=2 dmax=1.333 | shoulder_pan.pos=-9.46 shoulder_lift.pos=-20.79 elbow_flex.pos=+41.07 wrist_flex.pos=+65.71 wrist_roll.pos=-6.88 gripper.pos=+33.61
DEBUG 2026-09-03 09:07:06 [chunk] received 50 actions, timesteps 101..150 | first: shoulder_pan.pos=-8.19 shoulder_lift.pos=-29.17 elbow_flex.pos=+42.53 wrist_flex.pos=+70.53 wrist_roll.pos=-4.75 gripper.pos=+38.01 | last: shoulder_pan.pos=-8.57 shoulder_lift.pos=+6.36 elbow_flex.pos=+25.14 wrist_flex.pos=+69.53 wrist_roll.pos=-3.60 gripper.pos=+7.69
DEBUG 2026-09-03 09:07:07 [action #128] t=6.22s step=127 queue=24 dmax=14.453 | shoulder_pan.pos=-9.38 shoulder_lift.pos=-6.34 elbow_flex.pos=+32.37 wrist_flex.pos=+66.38 wrist_roll.pos=-4.87 gripper.pos=+36.85
DEBUG 2026-09-03 09:07:07 [action #129] t=6.25s step=128 queue=23 dmax=6.874 | shoulder_pan.pos=-9.14 shoulder_lift.pos=+0.53 elbow_flex.pos=+28.55 wrist_flex.pos=+66.45 wrist_roll.pos=-4.09 gripper.pos=+37.94
DEBUG 2026-09-03 09:07:07 [action #130] t=6.29s step=129 queue=22 dmax=0.848 | shoulder_pan.pos=-9.18 shoulder_lift.pos=+1.38 elbow_flex.pos=+27.76 wrist_flex.pos=+66.85 wrist_roll.pos=-4.07 gripper.pos=+38.09
DEBUG 2026-09-03 09:07:07 [action #131] t=6.32s step=130 queue=21 dmax=0.929 | shoulder_pan.pos=-9.13 shoulder_lift.pos=+2.31 elbow_flex.pos=+27.62 wrist_flex.pos=+66.82 wrist_roll.pos=-4.04 gripper.pos=+38.24
DEBUG 2026-09-03 09:07:07 [action #132] t=6.35s step=131 queue=20 dmax=0.639 | shoulder_pan.pos=-9.14 shoulder_lift.pos=+2.95 elbow_flex.pos=+27.31 wrist_flex.pos=+66.89 wrist_roll.pos=-4.09 gripper.pos=+38.24
DEBUG 2026-09-03 09:07:07 [action #133] t=6.39s step=132 queue=19 dmax=0.970 | shoulder_pan.pos=-9.18 shoulder_lift.pos=+3.92 elbow_flex.pos=+26.65 wrist_flex.pos=+67.06 wrist_roll.pos=-4.06 gripper.pos=+38.17
DEBUG 2026-09-03 09:07:07 [action #134] t=6.42s step=133 queue=18 dmax=0.326 | shoulder_pan.pos=-8.99 shoulder_lift.pos=+4.22 elbow_flex.pos=+26.33 wrist_flex.pos=+67.22 wrist_roll.pos=-4.00 gripper.pos=+38.15
DEBUG 2026-09-03 09:07:07 [action #135] t=6.45s step=134 queue=17 dmax=1.088 | shoulder_pan.pos=-8.84 shoulder_lift.pos=+5.31 elbow_flex.pos=+26.13 wrist_flex.pos=+67.46 wrist_roll.pos=-4.03 gripper.pos=+37.96
DEBUG 2026-09-03 09:07:07 [action #136] t=6.49s step=135 queue=16 dmax=0.511 | shoulder_pan.pos=-9.10 shoulder_lift.pos=+5.17 elbow_flex.pos=+26.01 wrist_flex.pos=+67.80 wrist_roll.pos=-4.00 gripper.pos=+37.45
DEBUG 2026-09-03 09:07:07 [action #137] t=6.52s step=136 queue=15 dmax=0.946 | shoulder_pan.pos=-8.81 shoulder_lift.pos=+6.11 elbow_flex.pos=+25.86 wrist_flex.pos=+68.21 wrist_roll.pos=-4.09 gripper.pos=+36.51
DEBUG 2026-09-03 09:07:07 [action #138] t=6.55s step=137 queue=14 dmax=1.826 | shoulder_pan.pos=-8.85 shoulder_lift.pos=+6.32 elbow_flex.pos=+25.54 wrist_flex.pos=+68.57 wrist_roll.pos=-4.05 gripper.pos=+34.68
DEBUG 2026-09-03 09:07:07 [action #139] t=6.59s step=138 queue=13 dmax=2.911 | shoulder_pan.pos=-8.92 shoulder_lift.pos=+6.52 elbow_flex.pos=+25.14 wrist_flex.pos=+68.87 wrist_roll.pos=-3.93 gripper.pos=+31.77
DEBUG 2026-09-03 09:07:07 [action #140] t=6.62s step=139 queue=12 dmax=3.168 | shoulder_pan.pos=-8.76 shoulder_lift.pos=+6.55 elbow_flex.pos=+25.42 wrist_flex.pos=+69.18 wrist_roll.pos=-3.87 gripper.pos=+28.60
DEBUG 2026-09-03 09:07:07 [action #141] t=6.65s step=140 queue=11 dmax=3.218 | shoulder_pan.pos=-8.49 shoulder_lift.pos=+6.65 elbow_flex.pos=+25.03 wrist_flex.pos=+69.13 wrist_roll.pos=-3.82 gripper.pos=+25.38
DEBUG 2026-09-03 09:07:07 [action #142] t=6.69s step=141 queue=10 dmax=2.658 | shoulder_pan.pos=-8.63 shoulder_lift.pos=+6.30 elbow_flex.pos=+25.23 wrist_flex.pos=+69.30 wrist_roll.pos=-3.76 gripper.pos=+22.72
DEBUG 2026-09-03 09:07:07 [action #143] t=6.72s step=142 queue=9 dmax=1.986 | shoulder_pan.pos=-8.67 shoulder_lift.pos=+7.02 elbow_flex.pos=+24.52 wrist_flex.pos=+69.43 wrist_roll.pos=-3.72 gripper.pos=+20.74
DEBUG 2026-09-03 09:07:07 [action #144] t=6.75s step=143 queue=8 dmax=1.875 | shoulder_pan.pos=-8.33 shoulder_lift.pos=+6.30 elbow_flex.pos=+24.62 wrist_flex.pos=+69.46 wrist_roll.pos=-3.72 gripper.pos=+18.86
DEBUG 2026-09-03 09:07:07 [action #145] t=6.79s step=144 queue=7 dmax=1.611 | shoulder_pan.pos=-8.44 shoulder_lift.pos=+6.39 elbow_flex.pos=+25.43 wrist_flex.pos=+69.43 wrist_roll.pos=-3.75 gripper.pos=+17.25
DEBUG 2026-09-03 09:07:07 [action #146] t=6.82s step=145 queue=6 dmax=1.735 | shoulder_pan.pos=-8.43 shoulder_lift.pos=+6.21 elbow_flex.pos=+24.83 wrist_flex.pos=+69.28 wrist_roll.pos=-3.69 gripper.pos=+15.52
DEBUG 2026-09-03 09:07:07 [action #147] t=6.85s step=146 queue=5 dmax=1.693 | shoulder_pan.pos=-8.29 shoulder_lift.pos=+6.61 elbow_flex.pos=+24.53 wrist_flex.pos=+69.38 wrist_roll.pos=-3.53 gripper.pos=+13.83
DEBUG 2026-09-03 09:07:07 [action #148] t=6.89s step=147 queue=4 dmax=1.570 | shoulder_pan.pos=-8.45 shoulder_lift.pos=+6.43 elbow_flex.pos=+25.04 wrist_flex.pos=+69.14 wrist_roll.pos=-3.59 gripper.pos=+12.26
DEBUG 2026-09-03 09:07:07 [action #149] t=6.92s step=148 queue=3 dmax=1.800 | shoulder_pan.pos=-8.37 shoulder_lift.pos=+6.46 elbow_flex.pos=+24.91 wrist_flex.pos=+69.41 wrist_roll.pos=-3.47 gripper.pos=+10.46
DEBUG 2026-09-03 09:07:07 [action #150] t=6.96s step=149 queue=2 dmax=1.786 | shoulder_pan.pos=-8.51 shoulder_lift.pos=+5.87 elbow_flex.pos=+24.89 wrist_flex.pos=+69.42 wrist_roll.pos=-3.52 gripper.pos=+8.67
DEBUG 2026-09-03 09:07:07 [action #151] t=6.99s step=150 queue=1 dmax=0.976 | shoulder_pan.pos=-8.57 shoulder_lift.pos=+6.36 elbow_flex.pos=+25.14 wrist_flex.pos=+69.53 wrist_roll.pos=-3.60 gripper.pos=+7.69
DEBUG 2026-09-03 09:07:07 [chunk] received 50 actions, timesteps 126..175 | first: shoulder_pan.pos=-9.69 shoulder_lift.pos=-20.74 elbow_flex.pos=+42.17 wrist_flex.pos=+66.03 wrist_roll.pos=-7.45 gripper.pos=+35.51 | last: shoulder_pan.pos=-10.31 shoulder_lift.pos=-0.90 elbow_flex.pos=+23.03 wrist_flex.pos=+74.89 wrist_roll.pos=-7.24 gripper.pos=+10.72
DEBUG 2026-09-03 09:07:07 [action #152] t=7.12s step=151 queue=25 dmax=27.867 | shoulder_pan.pos=-10.34 shoulder_lift.pos=+3.67 elbow_flex.pos=+30.09 wrist_flex.pos=+64.43 wrist_roll.pos=-7.61 gripper.pos=+35.56
DEBUG 2026-09-03 09:07:07 [action #153] t=7.16s step=152 queue=24 dmax=1.437 | shoulder_pan.pos=-10.39 shoulder_lift.pos=+3.65 elbow_flex.pos=+29.55 wrist_flex.pos=+65.08 wrist_roll.pos=-7.48 gripper.pos=+34.12
DEBUG 2026-09-03 09:07:07 [action #154] t=7.19s step=153 queue=23 dmax=1.789 | shoulder_pan.pos=-9.94 shoulder_lift.pos=+4.53 elbow_flex.pos=+30.18 wrist_flex.pos=+65.32 wrist_roll.pos=-7.53 gripper.pos=+32.34
DEBUG 2026-09-03 09:07:08 [action #155] t=7.22s step=154 queue=22 dmax=2.326 | shoulder_pan.pos=-10.18 shoulder_lift.pos=+5.10 elbow_flex.pos=+30.14 wrist_flex.pos=+65.26 wrist_roll.pos=-7.43 gripper.pos=+30.01
DEBUG 2026-09-03 09:07:08 [action #156] t=7.26s step=155 queue=21 dmax=2.392 | shoulder_pan.pos=-10.23 shoulder_lift.pos=+4.73 elbow_flex.pos=+29.81 wrist_flex.pos=+65.36 wrist_roll.pos=-7.60 gripper.pos=+27.62
DEBUG 2026-09-03 09:07:08 [action #157] t=7.29s step=156 queue=20 dmax=2.351 | shoulder_pan.pos=-10.21 shoulder_lift.pos=+5.33 elbow_flex.pos=+29.96 wrist_flex.pos=+65.62 wrist_roll.pos=-7.48 gripper.pos=+25.27
DEBUG 2026-09-03 09:07:08 [action #158] t=7.32s step=157 queue=19 dmax=2.639 | shoulder_pan.pos=-10.08 shoulder_lift.pos=+4.80 elbow_flex.pos=+29.27 wrist_flex.pos=+65.92 wrist_roll.pos=-7.66 gripper.pos=+22.63
DEBUG 2026-09-03 09:07:08 [action #159] t=7.36s step=158 queue=18 dmax=2.360 | shoulder_pan.pos=-10.14 shoulder_lift.pos=+5.68 elbow_flex.pos=+29.81 wrist_flex.pos=+65.88 wrist_roll.pos=-7.55 gripper.pos=+20.27
DEBUG 2026-09-03 09:07:08 [action #160] t=7.39s step=159 queue=17 dmax=2.158 | shoulder_pan.pos=-9.97 shoulder_lift.pos=+4.90 elbow_flex.pos=+29.86 wrist_flex.pos=+66.03 wrist_roll.pos=-7.57 gripper.pos=+18.11
DEBUG 2026-09-03 09:07:08 [action #161] t=7.42s step=160 queue=16 dmax=1.712 | shoulder_pan.pos=-9.90 shoulder_lift.pos=+5.69 elbow_flex.pos=+29.12 wrist_flex.pos=+66.09 wrist_roll.pos=-7.38 gripper.pos=+16.40
DEBUG 2026-09-03 09:07:08 [action #162] t=7.46s step=161 queue=15 dmax=1.545 | shoulder_pan.pos=-9.88 shoulder_lift.pos=+5.56 elbow_flex.pos=+28.99 wrist_flex.pos=+66.25 wrist_roll.pos=-7.38 gripper.pos=+14.85
DEBUG 2026-09-03 09:07:08 [action #163] t=7.49s step=162 queue=14 dmax=1.099 | shoulder_pan.pos=-9.72 shoulder_lift.pos=+5.86 elbow_flex.pos=+29.15 wrist_flex.pos=+66.64 wrist_roll.pos=-7.45 gripper.pos=+13.75
DEBUG 2026-09-03 09:07:08 [action #164] t=7.52s step=163 queue=13 dmax=1.085 | shoulder_pan.pos=-10.04 shoulder_lift.pos=+6.00 elbow_flex.pos=+29.53 wrist_flex.pos=+67.03 wrist_roll.pos=-7.66 gripper.pos=+12.67
DEBUG 2026-09-03 09:07:08 [action #165] t=7.56s step=164 queue=12 dmax=0.904 | shoulder_pan.pos=-9.96 shoulder_lift.pos=+5.43 elbow_flex.pos=+28.62 wrist_flex.pos=+67.23 wrist_roll.pos=-7.46 gripper.pos=+11.95
DEBUG 2026-09-03 09:07:08 [action #166] t=7.59s step=165 queue=11 dmax=0.664 | shoulder_pan.pos=-9.85 shoulder_lift.pos=+5.45 elbow_flex.pos=+27.96 wrist_flex.pos=+67.66 wrist_roll.pos=-7.43 gripper.pos=+11.55
DEBUG 2026-09-03 09:07:08 [action #167] t=7.62s step=166 queue=10 dmax=0.679 | shoulder_pan.pos=-10.15 shoulder_lift.pos=+6.12 elbow_flex.pos=+27.28 wrist_flex.pos=+68.00 wrist_roll.pos=-7.36 gripper.pos=+11.40
DEBUG 2026-09-03 09:07:08 [action #168] t=7.66s step=167 queue=9 dmax=1.084 | shoulder_pan.pos=-9.78 shoulder_lift.pos=+5.04 elbow_flex.pos=+27.66 wrist_flex.pos=+68.64 wrist_roll.pos=-7.43 gripper.pos=+11.10
DEBUG 2026-09-03 09:07:08 [action #169] t=7.69s step=168 queue=8 dmax=1.003 | shoulder_pan.pos=-9.80 shoulder_lift.pos=+5.20 elbow_flex.pos=+26.66 wrist_flex.pos=+69.45 wrist_roll.pos=-7.40 gripper.pos=+10.73
DEBUG 2026-09-03 09:07:08 [action #170] t=7.72s step=169 queue=7 dmax=0.719 | shoulder_pan.pos=-9.98 shoulder_lift.pos=+5.06 elbow_flex.pos=+25.94 wrist_flex.pos=+69.62 wrist_roll.pos=-7.25 gripper.pos=+10.52
DEBUG 2026-09-03 09:07:08 [action #171] t=7.76s step=170 queue=6 dmax=1.462 | shoulder_pan.pos=-10.13 shoulder_lift.pos=+3.60 elbow_flex.pos=+25.02 wrist_flex.pos=+70.47 wrist_roll.pos=-7.41 gripper.pos=+10.68
DEBUG 2026-09-03 09:07:08 [action #172] t=7.79s step=171 queue=5 dmax=0.868 | shoulder_pan.pos=-9.98 shoulder_lift.pos=+3.08 elbow_flex.pos=+24.28 wrist_flex.pos=+71.34 wrist_roll.pos=-7.28 gripper.pos=+10.83
DEBUG 2026-09-03 09:07:08 [action #173] t=7.82s step=172 queue=4 dmax=0.907 | shoulder_pan.pos=-9.93 shoulder_lift.pos=+2.26 elbow_flex.pos=+23.70 wrist_flex.pos=+72.25 wrist_roll.pos=-7.28 gripper.pos=+10.76
DEBUG 2026-09-03 09:07:08 [action #174] t=7.86s step=173 queue=3 dmax=1.094 | shoulder_pan.pos=-10.10 shoulder_lift.pos=+2.29 elbow_flex.pos=+23.51 wrist_flex.pos=+73.34 wrist_roll.pos=-7.09 gripper.pos=+10.77
DEBUG 2026-09-03 09:07:08 [action #175] t=7.89s step=174 queue=2 dmax=1.940 | shoulder_pan.pos=-9.98 shoulder_lift.pos=+0.35 elbow_flex.pos=+23.62 wrist_flex.pos=+74.21 wrist_roll.pos=-7.11 gripper.pos=+10.84
DEBUG 2026-09-03 09:07:08 [action #176] t=7.93s step=175 queue=1 dmax=1.246 | shoulder_pan.pos=-10.31 shoulder_lift.pos=-0.90 elbow_flex.pos=+23.03 wrist_flex.pos=+74.89 wrist_roll.pos=-7.24 gripper.pos=+10.72
DEBUG 2026-09-03 09:07:08 [chunk] received 50 actions, timesteps 150..199 | first: shoulder_pan.pos=-8.53 shoulder_lift.pos=+5.62 elbow_flex.pos=+24.19 wrist_flex.pos=+69.06 wrist_roll.pos=-4.27 gripper.pos=+10.50 | last: shoulder_pan.pos=+17.99 shoulder_lift.pos=-20.58 elbow_flex.pos=+11.05 wrist_flex.pos=+83.16 wrist_roll.pos=+5.31 gripper.pos=+8.83
DEBUG 2026-09-03 09:07:08 [action #177] t=8.13s step=176 queue=24 dmax=14.303 | shoulder_pan.pos=-9.15 shoulder_lift.pos=-13.20 elbow_flex.pos=+14.45 wrist_flex.pos=+89.19 wrist_roll.pos=-5.33 gripper.pos=+9.03
DEBUG 2026-09-03 09:07:08 [action #178] t=8.16s step=177 queue=23 dmax=1.488 | shoulder_pan.pos=-8.32 shoulder_lift.pos=-14.68 elbow_flex.pos=+14.23 wrist_flex.pos=+89.55 wrist_roll.pos=-5.24 gripper.pos=+8.96
DEBUG 2026-09-03 09:07:08 [action #179] t=8.19s step=178 queue=22 dmax=1.036 | shoulder_pan.pos=-7.92 shoulder_lift.pos=-15.72 elbow_flex.pos=+13.19 wrist_flex.pos=+90.28 wrist_roll.pos=-4.93 gripper.pos=+9.05
DEBUG 2026-09-03 09:07:09 [action #180] t=8.23s step=179 queue=21 dmax=0.880 | shoulder_pan.pos=-7.04 shoulder_lift.pos=-16.16 elbow_flex.pos=+13.80 wrist_flex.pos=+90.84 wrist_roll.pos=-4.79 gripper.pos=+8.94
DEBUG 2026-09-03 09:07:09 [action #181] t=8.26s step=180 queue=20 dmax=1.478 | shoulder_pan.pos=-5.85 shoulder_lift.pos=-17.63 elbow_flex.pos=+13.22 wrist_flex.pos=+91.10 wrist_roll.pos=-4.16 gripper.pos=+8.71
DEBUG 2026-09-03 09:07:09 [action #182] t=8.29s step=181 queue=19 dmax=0.947 | shoulder_pan.pos=-4.90 shoulder_lift.pos=-18.35 elbow_flex.pos=+13.70 wrist_flex.pos=+91.49 wrist_roll.pos=-3.52 gripper.pos=+8.67
DEBUG 2026-09-03 09:07:09 [action #183] t=8.33s step=182 queue=18 dmax=1.328 | shoulder_pan.pos=-3.57 shoulder_lift.pos=-19.33 elbow_flex.pos=+13.02 wrist_flex.pos=+91.66 wrist_roll.pos=-3.00 gripper.pos=+8.64
DEBUG 2026-09-03 09:07:09 [action #184] t=8.36s step=183 queue=17 dmax=1.214 | shoulder_pan.pos=-2.36 shoulder_lift.pos=-19.09 elbow_flex.pos=+13.17 wrist_flex.pos=+91.86 wrist_roll.pos=-2.61 gripper.pos=+8.60
DEBUG 2026-09-03 09:07:09 [action #185] t=8.39s step=184 queue=16 dmax=1.561 | shoulder_pan.pos=-1.46 shoulder_lift.pos=-20.65 elbow_flex.pos=+12.61 wrist_flex.pos=+91.91 wrist_roll.pos=-2.02 gripper.pos=+8.82
DEBUG 2026-09-03 09:07:09 [action #186] t=8.43s step=185 queue=15 dmax=1.493 | shoulder_pan.pos=+0.03 shoulder_lift.pos=-20.77 elbow_flex.pos=+12.64 wrist_flex.pos=+92.11 wrist_roll.pos=-1.51 gripper.pos=+8.73
DEBUG 2026-09-03 09:07:09 [action #187] t=8.46s step=186 queue=14 dmax=1.180 | shoulder_pan.pos=+1.21 shoulder_lift.pos=-21.10 elbow_flex.pos=+12.05 wrist_flex.pos=+92.23 wrist_roll.pos=-1.05 gripper.pos=+8.77
DEBUG 2026-09-03 09:07:09 [action #188] t=8.49s step=187 queue=13 dmax=1.541 | shoulder_pan.pos=+2.75 shoulder_lift.pos=-21.72 elbow_flex.pos=+11.91 wrist_flex.pos=+91.72 wrist_roll.pos=-0.60 gripper.pos=+8.59
DEBUG 2026-09-03 09:07:09 [action #189] t=8.53s step=188 queue=12 dmax=1.409 | shoulder_pan.pos=+4.16 shoulder_lift.pos=-21.85 elbow_flex.pos=+11.75 wrist_flex.pos=+91.67 wrist_roll.pos=+0.11 gripper.pos=+8.71
DEBUG 2026-09-03 09:07:09 [action #190] t=8.56s step=189 queue=11 dmax=1.620 | shoulder_pan.pos=+5.78 shoulder_lift.pos=-21.50 elbow_flex.pos=+11.29 wrist_flex.pos=+91.19 wrist_roll.pos=+0.63 gripper.pos=+8.55
DEBUG 2026-09-03 09:07:09 [action #191] t=8.59s step=190 queue=10 dmax=1.340 | shoulder_pan.pos=+7.12 shoulder_lift.pos=-21.80 elbow_flex.pos=+10.71 wrist_flex.pos=+91.13 wrist_roll.pos=+1.29 gripper.pos=+8.68
DEBUG 2026-09-03 09:07:09 [action #192] t=8.63s step=191 queue=9 dmax=1.449 | shoulder_pan.pos=+8.41 shoulder_lift.pos=-23.25 elbow_flex.pos=+10.33 wrist_flex.pos=+90.57 wrist_roll.pos=+1.87 gripper.pos=+8.59
DEBUG 2026-09-03 09:07:09 [action #193] t=8.66s step=192 queue=8 dmax=1.600 | shoulder_pan.pos=+10.01 shoulder_lift.pos=-21.79 elbow_flex.pos=+10.90 wrist_flex.pos=+89.98 wrist_roll.pos=+2.45 gripper.pos=+8.72
DEBUG 2026-09-03 09:07:09 [action #194] t=8.69s step=193 queue=7 dmax=1.180 | shoulder_pan.pos=+11.19 shoulder_lift.pos=-21.82 elbow_flex.pos=+10.47 wrist_flex.pos=+89.62 wrist_roll.pos=+3.15 gripper.pos=+8.81
DEBUG 2026-09-03 09:07:09 [action #195] t=8.73s step=194 queue=6 dmax=1.358 | shoulder_pan.pos=+12.55 shoulder_lift.pos=-22.24 elbow_flex.pos=+10.52 wrist_flex.pos=+88.44 wrist_roll.pos=+3.67 gripper.pos=+8.70
DEBUG 2026-09-03 09:07:09 [action #196] t=8.76s step=195 queue=5 dmax=1.228 | shoulder_pan.pos=+13.78 shoulder_lift.pos=-21.77 elbow_flex.pos=+9.83 wrist_flex.pos=+87.75 wrist_roll.pos=+3.89 gripper.pos=+8.56
DEBUG 2026-09-03 09:07:09 [action #197] t=8.79s step=196 queue=4 dmax=1.482 | shoulder_pan.pos=+15.26 shoulder_lift.pos=-21.68 elbow_flex.pos=+10.61 wrist_flex.pos=+86.63 wrist_roll.pos=+4.33 gripper.pos=+8.57
DEBUG 2026-09-03 09:07:09 [action #198] t=8.83s step=197 queue=3 dmax=1.041 | shoulder_pan.pos=+16.20 shoulder_lift.pos=-21.16 elbow_flex.pos=+10.95 wrist_flex.pos=+85.59 wrist_roll.pos=+4.56 gripper.pos=+8.72
DEBUG 2026-09-03 09:07:09 [action #199] t=8.86s step=198 queue=2 dmax=1.275 | shoulder_pan.pos=+17.20 shoulder_lift.pos=-21.57 elbow_flex.pos=+10.06 wrist_flex.pos=+84.32 wrist_roll.pos=+4.93 gripper.pos=+8.57
DEBUG 2026-09-03 09:07:09 [action #200] t=8.90s step=199 queue=1 dmax=1.154 | shoulder_pan.pos=+17.99 shoulder_lift.pos=-20.58 elbow_flex.pos=+11.05 wrist_flex.pos=+83.16 wrist_roll.pos=+5.31 gripper.pos=+8.83
DEBUG 2026-09-03 09:07:09 [chunk] received 50 actions, timesteps 175..224 | first: shoulder_pan.pos=-10.27 shoulder_lift.pos=+0.89 elbow_flex.pos=+21.94 wrist_flex.pos=+75.28 wrist_roll.pos=-7.60 gripper.pos=+9.57 | last: shoulder_pan.pos=+23.73 shoulder_lift.pos=-13.50 elbow_flex.pos=+10.17 wrist_flex.pos=+76.04 wrist_roll.pos=+8.21 gripper.pos=+9.45
DEBUG 2026-09-03 09:07:09 [action #201] t=9.10s step=200 queue=25 dmax=16.247 | shoulder_pan.pos=+1.74 shoulder_lift.pos=-21.25 elbow_flex.pos=+14.43 wrist_flex.pos=+91.09 wrist_roll.pos=-4.31 gripper.pos=+9.05
DEBUG 2026-09-03 09:07:09 [action #202] t=9.13s step=201 queue=24 dmax=0.714 | shoulder_pan.pos=+2.46 shoulder_lift.pos=-21.73 elbow_flex.pos=+14.46 wrist_flex.pos=+91.20 wrist_roll.pos=-3.67 gripper.pos=+9.01
DEBUG 2026-09-03 09:07:09 [action #203] t=9.16s step=202 queue=23 dmax=1.191 | shoulder_pan.pos=+3.65 shoulder_lift.pos=-21.88 elbow_flex.pos=+13.56 wrist_flex.pos=+91.07 wrist_roll.pos=-3.00 gripper.pos=+9.02
DEBUG 2026-09-03 09:07:09 [action #204] t=9.20s step=203 queue=22 dmax=1.037 | shoulder_pan.pos=+4.68 shoulder_lift.pos=-22.29 elbow_flex.pos=+13.87 wrist_flex.pos=+91.06 wrist_roll.pos=-2.28 gripper.pos=+8.84
DEBUG 2026-09-03 09:07:10 [action #205] t=9.23s step=204 queue=21 dmax=1.190 | shoulder_pan.pos=+5.87 shoulder_lift.pos=-22.78 elbow_flex.pos=+13.73 wrist_flex.pos=+90.74 wrist_roll.pos=-1.73 gripper.pos=+8.88
DEBUG 2026-09-03 09:07:10 [action #206] t=9.26s step=205 queue=20 dmax=0.775 | shoulder_pan.pos=+6.65 shoulder_lift.pos=-22.43 elbow_flex.pos=+13.45 wrist_flex.pos=+90.53 wrist_roll.pos=-1.02 gripper.pos=+8.98
DEBUG 2026-09-03 09:07:10 [action #207] t=9.30s step=206 queue=19 dmax=1.063 | shoulder_pan.pos=+7.67 shoulder_lift.pos=-23.49 elbow_flex.pos=+13.21 wrist_flex.pos=+90.41 wrist_roll.pos=-0.38 gripper.pos=+8.91
DEBUG 2026-09-03 09:07:10 [action #208] t=9.33s step=207 queue=18 dmax=1.169 | shoulder_pan.pos=+8.84 shoulder_lift.pos=-23.42 elbow_flex.pos=+13.16 wrist_flex.pos=+90.20 wrist_roll.pos=+0.26 gripper.pos=+8.96
DEBUG 2026-09-03 09:07:10 [action #209] t=9.36s step=208 queue=17 dmax=1.335 | shoulder_pan.pos=+10.18 shoulder_lift.pos=-23.54 elbow_flex.pos=+13.31 wrist_flex.pos=+89.66 wrist_roll.pos=+0.95 gripper.pos=+8.90
DEBUG 2026-09-03 09:07:10 [action #210] t=9.40s step=209 queue=16 dmax=1.201 | shoulder_pan.pos=+11.38 shoulder_lift.pos=-22.79 elbow_flex.pos=+12.83 wrist_flex.pos=+88.85 wrist_roll.pos=+1.82 gripper.pos=+8.95
DEBUG 2026-09-03 09:07:10 [action #211] t=9.43s step=210 queue=15 dmax=0.849 | shoulder_pan.pos=+12.23 shoulder_lift.pos=-22.41 elbow_flex.pos=+13.37 wrist_flex.pos=+88.07 wrist_roll.pos=+2.56 gripper.pos=+8.92
DEBUG 2026-09-03 09:07:10 [action #212] t=9.46s step=211 queue=14 dmax=1.319 | shoulder_pan.pos=+13.55 shoulder_lift.pos=-23.00 elbow_flex.pos=+13.30 wrist_flex.pos=+87.15 wrist_roll.pos=+3.35 gripper.pos=+8.97
DEBUG 2026-09-03 09:07:10 [action #213] t=9.50s step=212 queue=13 dmax=1.142 | shoulder_pan.pos=+14.46 shoulder_lift.pos=-22.71 elbow_flex.pos=+13.31 wrist_flex.pos=+86.01 wrist_roll.pos=+4.01 gripper.pos=+8.97
DEBUG 2026-09-03 09:07:10 [action #214] t=9.53s step=213 queue=12 dmax=1.164 | shoulder_pan.pos=+15.55 shoulder_lift.pos=-22.50 elbow_flex.pos=+12.58 wrist_flex.pos=+84.84 wrist_roll.pos=+4.53 gripper.pos=+9.06
DEBUG 2026-09-03 09:07:10 [action #215] t=9.56s step=214 queue=11 dmax=1.233 | shoulder_pan.pos=+16.57 shoulder_lift.pos=-21.76 elbow_flex.pos=+13.00 wrist_flex.pos=+83.61 wrist_roll.pos=+5.22 gripper.pos=+9.04
DEBUG 2026-09-03 09:07:10 [action #216] t=9.60s step=215 queue=10 dmax=1.269 | shoulder_pan.pos=+17.46 shoulder_lift.pos=-21.48 elbow_flex.pos=+13.45 wrist_flex.pos=+82.34 wrist_roll.pos=+5.75 gripper.pos=+9.08
DEBUG 2026-09-03 09:07:10 [action #217] t=9.63s step=216 queue=9 dmax=1.051 | shoulder_pan.pos=+18.43 shoulder_lift.pos=-20.94 elbow_flex.pos=+13.12 wrist_flex.pos=+81.29 wrist_roll.pos=+6.13 gripper.pos=+8.99
DEBUG 2026-09-03 09:07:10 [action #218] t=9.66s step=217 queue=8 dmax=1.109 | shoulder_pan.pos=+19.41 shoulder_lift.pos=-19.90 elbow_flex.pos=+13.43 wrist_flex.pos=+80.18 wrist_roll.pos=+6.33 gripper.pos=+9.13
DEBUG 2026-09-03 09:07:10 [action #219] t=9.70s step=218 queue=7 dmax=0.856 | shoulder_pan.pos=+20.26 shoulder_lift.pos=-19.15 elbow_flex.pos=+12.59 wrist_flex.pos=+79.46 wrist_roll.pos=+6.70 gripper.pos=+9.33
DEBUG 2026-09-03 09:07:10 [action #220] t=9.73s step=219 queue=6 dmax=0.718 | shoulder_pan.pos=+20.86 shoulder_lift.pos=-18.56 elbow_flex.pos=+12.16 wrist_flex.pos=+78.74 wrist_roll.pos=+7.01 gripper.pos=+9.26
DEBUG 2026-09-03 09:07:10 [action #221] t=9.76s step=220 queue=5 dmax=0.731 | shoulder_pan.pos=+21.52 shoulder_lift.pos=-18.06 elbow_flex.pos=+12.57 wrist_flex.pos=+78.01 wrist_roll.pos=+7.38 gripper.pos=+9.03
DEBUG 2026-09-03 09:07:10 [action #222] t=9.80s step=221 queue=4 dmax=2.148 | shoulder_pan.pos=+22.13 shoulder_lift.pos=-15.91 elbow_flex.pos=+11.19 wrist_flex.pos=+77.58 wrist_roll.pos=+7.49 gripper.pos=+9.27
DEBUG 2026-09-03 09:07:10 [action #223] t=9.83s step=222 queue=3 dmax=0.709 | shoulder_pan.pos=+22.53 shoulder_lift.pos=-15.29 elbow_flex.pos=+10.48 wrist_flex.pos=+77.16 wrist_roll.pos=+7.80 gripper.pos=+9.23
DEBUG 2026-09-03 09:07:10 [action #224] t=9.86s step=223 queue=2 dmax=0.851 | shoulder_pan.pos=+23.02 shoulder_lift.pos=-14.44 elbow_flex.pos=+10.68 wrist_flex.pos=+76.52 wrist_roll.pos=+8.07 gripper.pos=+9.19
DEBUG 2026-09-03 09:07:10 [action #225] t=9.90s step=224 queue=1 dmax=0.941 | shoulder_pan.pos=+23.73 shoulder_lift.pos=-13.50 elbow_flex.pos=+10.17 wrist_flex.pos=+76.04 wrist_roll.pos=+8.21 gripper.pos=+9.45
DEBUG 2026-09-03 09:07:10 [chunk] received 50 actions, timesteps 199..248 | first: shoulder_pan.pos=+22.34 shoulder_lift.pos=-22.44 elbow_flex.pos=+12.69 wrist_flex.pos=+81.23 wrist_roll.pos=+6.08 gripper.pos=+11.16 | last: shoulder_pan.pos=+36.52 shoulder_lift.pos=+5.93 elbow_flex.pos=+5.12 wrist_flex.pos=+63.38 wrist_roll.pos=+11.53 gripper.pos=+31.04
DEBUG 2026-09-03 09:07:10 [action #226] t=10.00s step=225 queue=24 dmax=11.474 | shoulder_pan.pos=+35.21 shoulder_lift.pos=-11.69 elbow_flex.pos=+12.31 wrist_flex.pos=+67.68 wrist_roll.pos=+10.94 gripper.pos=+11.19
DEBUG 2026-09-03 09:07:10 [action #227] t=10.03s step=226 queue=23 dmax=1.282 | shoulder_pan.pos=+35.60 shoulder_lift.pos=-10.41 elbow_flex.pos=+12.03 wrist_flex.pos=+66.89 wrist_roll.pos=+10.96 gripper.pos=+11.12
DEBUG 2026-09-03 09:07:10 [action #228] t=10.07s step=227 queue=22 dmax=0.575 | shoulder_pan.pos=+35.70 shoulder_lift.pos=-9.84 elbow_flex.pos=+11.86 wrist_flex.pos=+66.32 wrist_roll.pos=+10.95 gripper.pos=+11.04
DEBUG 2026-09-03 09:07:10 [action #229] t=10.10s step=228 queue=21 dmax=0.907 | shoulder_pan.pos=+35.79 shoulder_lift.pos=-8.93 elbow_flex.pos=+11.61 wrist_flex.pos=+65.85 wrist_roll.pos=+11.01 gripper.pos=+10.94
DEBUG 2026-09-03 09:07:10 [action #230] t=10.13s step=229 queue=20 dmax=0.613 | shoulder_pan.pos=+36.10 shoulder_lift.pos=-8.35 elbow_flex.pos=+11.19 wrist_flex.pos=+65.24 wrist_roll.pos=+11.13 gripper.pos=+11.05
DEBUG 2026-09-03 09:07:10 [action #231] t=10.17s step=230 queue=19 dmax=0.772 | shoulder_pan.pos=+36.27 shoulder_lift.pos=-7.57 elbow_flex.pos=+11.68 wrist_flex.pos=+64.69 wrist_roll.pos=+11.06 gripper.pos=+11.06
DEBUG 2026-09-03 09:07:10 [action #232] t=10.20s step=231 queue=18 dmax=0.920 | shoulder_pan.pos=+36.60 shoulder_lift.pos=-6.66 elbow_flex.pos=+11.26 wrist_flex.pos=+64.22 wrist_roll.pos=+11.20 gripper.pos=+11.00
DEBUG 2026-09-03 09:07:11 [action #233] t=10.23s step=232 queue=17 dmax=0.932 | shoulder_pan.pos=+36.68 shoulder_lift.pos=-5.72 elbow_flex.pos=+10.83 wrist_flex.pos=+63.91 wrist_roll.pos=+11.18 gripper.pos=+11.04
DEBUG 2026-09-03 09:07:11 [action #234] t=10.27s step=233 queue=16 dmax=0.583 | shoulder_pan.pos=+36.99 shoulder_lift.pos=-5.14 elbow_flex.pos=+10.52 wrist_flex.pos=+63.33 wrist_roll.pos=+11.25 gripper.pos=+11.09
DEBUG 2026-09-03 09:07:11 [action #235] t=10.30s step=234 queue=15 dmax=1.225 | shoulder_pan.pos=+37.03 shoulder_lift.pos=-3.92 elbow_flex.pos=+10.70 wrist_flex.pos=+63.03 wrist_roll.pos=+11.36 gripper.pos=+11.08
DEBUG 2026-09-03 09:07:11 [action #236] t=10.33s step=235 queue=14 dmax=0.794 | shoulder_pan.pos=+37.22 shoulder_lift.pos=-3.12 elbow_flex.pos=+10.40 wrist_flex.pos=+62.66 wrist_roll.pos=+11.36 gripper.pos=+10.92
DEBUG 2026-09-03 09:07:11 [action #237] t=10.37s step=236 queue=13 dmax=1.654 | shoulder_pan.pos=+37.13 shoulder_lift.pos=-1.47 elbow_flex.pos=+10.08 wrist_flex.pos=+62.46 wrist_roll.pos=+11.45 gripper.pos=+10.89
DEBUG 2026-09-03 09:07:11 [action #238] t=10.40s step=237 queue=12 dmax=0.663 | shoulder_pan.pos=+37.25 shoulder_lift.pos=-1.21 elbow_flex.pos=+9.42 wrist_flex.pos=+62.11 wrist_roll.pos=+11.35 gripper.pos=+10.72
DEBUG 2026-09-03 09:07:11 [action #239] t=10.43s step=238 queue=11 dmax=1.431 | shoulder_pan.pos=+37.33 shoulder_lift.pos=+0.22 elbow_flex.pos=+8.76 wrist_flex.pos=+62.10 wrist_roll.pos=+11.42 gripper.pos=+10.83
DEBUG 2026-09-03 09:07:11 [action #240] t=10.47s step=239 queue=10 dmax=0.818 | shoulder_pan.pos=+37.45 shoulder_lift.pos=+1.03 elbow_flex.pos=+8.50 wrist_flex.pos=+62.10 wrist_roll.pos=+11.31 gripper.pos=+11.12
DEBUG 2026-09-03 09:07:11 [action #241] t=10.50s step=240 queue=9 dmax=0.942 | shoulder_pan.pos=+37.38 shoulder_lift.pos=+1.94 elbow_flex.pos=+8.32 wrist_flex.pos=+62.07 wrist_roll.pos=+11.31 gripper.pos=+12.06
DEBUG 2026-09-03 09:07:11 [action #242] t=10.53s step=241 queue=8 dmax=2.068 | shoulder_pan.pos=+36.99 shoulder_lift.pos=+2.91 elbow_flex.pos=+7.26 wrist_flex.pos=+62.31 wrist_roll.pos=+11.27 gripper.pos=+14.13
DEBUG 2026-09-03 09:07:11 [action #243] t=10.57s step=242 queue=7 dmax=2.553 | shoulder_pan.pos=+37.25 shoulder_lift.pos=+3.02 elbow_flex.pos=+6.45 wrist_flex.pos=+62.46 wrist_roll.pos=+11.47 gripper.pos=+16.68
DEBUG 2026-09-03 09:07:11 [action #244] t=10.60s step=243 queue=6 dmax=3.432 | shoulder_pan.pos=+37.15 shoulder_lift.pos=+3.95 elbow_flex.pos=+6.10 wrist_flex.pos=+62.24 wrist_roll.pos=+11.43 gripper.pos=+20.11
DEBUG 2026-09-03 09:07:11 [action #245] t=10.63s step=244 queue=5 dmax=3.110 | shoulder_pan.pos=+37.07 shoulder_lift.pos=+4.80 elbow_flex.pos=+5.62 wrist_flex.pos=+62.27 wrist_roll.pos=+11.40 gripper.pos=+23.22
DEBUG 2026-09-03 09:07:11 [action #246] t=10.67s step=245 queue=4 dmax=2.672 | shoulder_pan.pos=+36.85 shoulder_lift.pos=+4.67 elbow_flex.pos=+5.73 wrist_flex.pos=+62.75 wrist_roll.pos=+11.45 gripper.pos=+25.90
DEBUG 2026-09-03 09:07:11 [action #247] t=10.70s step=246 queue=3 dmax=2.172 | shoulder_pan.pos=+36.86 shoulder_lift.pos=+5.88 elbow_flex.pos=+5.10 wrist_flex.pos=+62.80 wrist_roll.pos=+11.50 gripper.pos=+28.07
DEBUG 2026-09-03 09:07:11 [action #248] t=10.73s step=247 queue=2 dmax=1.708 | shoulder_pan.pos=+36.74 shoulder_lift.pos=+5.71 elbow_flex.pos=+5.61 wrist_flex.pos=+62.92 wrist_roll.pos=+11.56 gripper.pos=+29.78
DEBUG 2026-09-03 09:07:11 [action #249] t=10.77s step=248 queue=1 dmax=1.261 | shoulder_pan.pos=+36.52 shoulder_lift.pos=+5.93 elbow_flex.pos=+5.12 wrist_flex.pos=+63.38 wrist_roll.pos=+11.53 gripper.pos=+31.04
DEBUG 2026-09-03 09:07:11 [chunk] received 50 actions, timesteps 224..273 | first: shoulder_pan.pos=+25.95 shoulder_lift.pos=-18.29 elbow_flex.pos=+13.97 wrist_flex.pos=+76.14 wrist_roll.pos=+8.74 gripper.pos=+10.80 | last: shoulder_pan.pos=+35.81 shoulder_lift.pos=+6.90 elbow_flex.pos=+3.50 wrist_flex.pos=+68.21 wrist_roll.pos=+12.03 gripper.pos=+34.56
DEBUG 2026-09-03 09:07:11 [action #250] t=10.97s step=249 queue=25 dmax=19.898 | shoulder_pan.pos=+35.30 shoulder_lift.pos=-5.97 elbow_flex.pos=+14.64 wrist_flex.pos=+62.91 wrist_roll.pos=+11.79 gripper.pos=+11.14
DEBUG 2026-09-03 09:07:11 [action #251] t=11.00s step=250 queue=24 dmax=0.515 | shoulder_pan.pos=+35.62 shoulder_lift.pos=-5.46 elbow_flex.pos=+14.65 wrist_flex.pos=+62.47 wrist_roll.pos=+11.80 gripper.pos=+11.04
DEBUG 2026-09-03 09:07:11 [action #252] t=11.04s step=251 queue=23 dmax=1.291 | shoulder_pan.pos=+35.89 shoulder_lift.pos=-4.89 elbow_flex.pos=+13.36 wrist_flex.pos=+62.17 wrist_roll.pos=+11.74 gripper.pos=+11.10
DEBUG 2026-09-03 09:07:11 [action #253] t=11.07s step=252 queue=22 dmax=1.299 | shoulder_pan.pos=+36.28 shoulder_lift.pos=-3.59 elbow_flex.pos=+13.78 wrist_flex.pos=+61.89 wrist_roll.pos=+11.86 gripper.pos=+11.18
DEBUG 2026-09-03 09:07:11 [action #254] t=11.10s step=253 queue=21 dmax=0.905 | shoulder_pan.pos=+36.76 shoulder_lift.pos=-3.51 elbow_flex.pos=+12.88 wrist_flex.pos=+61.81 wrist_roll.pos=+11.68 gripper.pos=+11.10
DEBUG 2026-09-03 09:07:11 [action #255] t=11.14s step=254 queue=20 dmax=0.716 | shoulder_pan.pos=+36.99 shoulder_lift.pos=-2.90 elbow_flex.pos=+13.59 wrist_flex.pos=+61.76 wrist_roll.pos=+11.91 gripper.pos=+11.11
DEBUG 2026-09-03 09:07:11 [action #256] t=11.17s step=255 queue=19 dmax=1.170 | shoulder_pan.pos=+37.30 shoulder_lift.pos=-1.73 elbow_flex.pos=+12.75 wrist_flex.pos=+61.69 wrist_roll.pos=+11.68 gripper.pos=+11.10
DEBUG 2026-09-03 09:07:11 [action #257] t=11.20s step=256 queue=18 dmax=0.813 | shoulder_pan.pos=+37.01 shoulder_lift.pos=-0.92 elbow_flex.pos=+12.21 wrist_flex.pos=+61.83 wrist_roll.pos=+11.82 gripper.pos=+11.10
DEBUG 2026-09-03 09:07:12 [action #258] t=11.24s step=257 queue=17 dmax=0.686 | shoulder_pan.pos=+37.36 shoulder_lift.pos=-0.43 elbow_flex.pos=+11.53 wrist_flex.pos=+62.17 wrist_roll.pos=+11.82 gripper.pos=+11.01
DEBUG 2026-09-03 09:07:12 [action #259] t=11.27s step=258 queue=16 dmax=1.351 | shoulder_pan.pos=+37.66 shoulder_lift.pos=+0.92 elbow_flex.pos=+11.15 wrist_flex.pos=+62.02 wrist_roll.pos=+11.92 gripper.pos=+11.28
DEBUG 2026-09-03 09:07:12 [action #260] t=11.30s step=259 queue=15 dmax=1.710 | shoulder_pan.pos=+37.58 shoulder_lift.pos=+2.63 elbow_flex.pos=+10.87 wrist_flex.pos=+62.06 wrist_roll.pos=+11.82 gripper.pos=+11.59
DEBUG 2026-09-03 09:07:12 [action #261] t=11.34s step=260 queue=14 dmax=0.988 | shoulder_pan.pos=+37.07 shoulder_lift.pos=+2.82 elbow_flex.pos=+9.96 wrist_flex.pos=+62.57 wrist_roll.pos=+11.70 gripper.pos=+12.57
DEBUG 2026-09-03 09:07:12 [action #262] t=11.37s step=261 queue=13 dmax=1.949 | shoulder_pan.pos=+37.08 shoulder_lift.pos=+2.86 elbow_flex.pos=+9.57 wrist_flex.pos=+62.42 wrist_roll.pos=+11.89 gripper.pos=+14.52
DEBUG 2026-09-03 09:07:12 [action #263] t=11.40s step=262 queue=12 dmax=2.406 | shoulder_pan.pos=+37.38 shoulder_lift.pos=+3.91 elbow_flex.pos=+9.13 wrist_flex.pos=+62.63 wrist_roll.pos=+11.77 gripper.pos=+16.93
DEBUG 2026-09-03 09:07:12 [action #264] t=11.44s step=263 queue=11 dmax=3.034 | shoulder_pan.pos=+37.04 shoulder_lift.pos=+4.74 elbow_flex.pos=+9.17 wrist_flex.pos=+62.66 wrist_roll.pos=+11.77 gripper.pos=+19.96
DEBUG 2026-09-03 09:07:12 [action #265] t=11.47s step=264 queue=10 dmax=2.652 | shoulder_pan.pos=+37.02 shoulder_lift.pos=+5.92 elbow_flex.pos=+8.24 wrist_flex.pos=+62.99 wrist_roll.pos=+11.82 gripper.pos=+22.61
DEBUG 2026-09-03 09:07:12 [action #266] t=11.50s step=265 queue=9 dmax=2.857 | shoulder_pan.pos=+36.90 shoulder_lift.pos=+5.40 elbow_flex.pos=+8.14 wrist_flex.pos=+63.44 wrist_roll.pos=+11.82 gripper.pos=+25.47
DEBUG 2026-09-03 09:07:12 [action #267] t=11.54s step=266 queue=8 dmax=2.103 | shoulder_pan.pos=+36.57 shoulder_lift.pos=+5.78 elbow_flex.pos=+8.82 wrist_flex.pos=+63.55 wrist_roll.pos=+11.98 gripper.pos=+27.57
DEBUG 2026-09-03 09:07:12 [action #268] t=11.57s step=267 queue=7 dmax=2.030 | shoulder_pan.pos=+36.23 shoulder_lift.pos=+6.03 elbow_flex.pos=+7.19 wrist_flex.pos=+64.00 wrist_roll.pos=+11.86 gripper.pos=+29.60
DEBUG 2026-09-03 09:07:12 [action #269] t=11.60s step=268 queue=6 dmax=1.320 | shoulder_pan.pos=+36.32 shoulder_lift.pos=+6.47 elbow_flex.pos=+6.67 wrist_flex.pos=+64.55 wrist_roll.pos=+11.90 gripper.pos=+30.92
DEBUG 2026-09-03 09:07:12 [action #270] t=11.64s step=269 queue=5 dmax=1.143 | shoulder_pan.pos=+36.10 shoulder_lift.pos=+7.30 elbow_flex.pos=+6.05 wrist_flex.pos=+65.12 wrist_roll.pos=+11.91 gripper.pos=+32.07
DEBUG 2026-09-03 09:07:12 [action #271] t=11.67s step=270 queue=4 dmax=0.878 | shoulder_pan.pos=+35.99 shoulder_lift.pos=+7.06 elbow_flex.pos=+5.54 wrist_flex.pos=+65.60 wrist_roll.pos=+12.11 gripper.pos=+32.95
DEBUG 2026-09-03 09:07:12 [action #272] t=11.70s step=271 queue=3 dmax=0.831 | shoulder_pan.pos=+35.95 shoulder_lift.pos=+6.88 elbow_flex.pos=+4.87 wrist_flex.pos=+66.43 wrist_roll.pos=+12.01 gripper.pos=+33.52
DEBUG 2026-09-03 09:07:12 [action #273] t=11.74s step=272 queue=2 dmax=0.734 | shoulder_pan.pos=+35.90 shoulder_lift.pos=+7.21 elbow_flex.pos=+4.39 wrist_flex.pos=+67.17 wrist_roll.pos=+11.77 gripper.pos=+34.04
DEBUG 2026-09-03 09:07:12 [action #274] t=11.77s step=273 queue=1 dmax=1.045 | shoulder_pan.pos=+35.81 shoulder_lift.pos=+6.90 elbow_flex.pos=+3.50 wrist_flex.pos=+68.21 wrist_roll.pos=+12.03 gripper.pos=+34.56
DEBUG 2026-09-03 09:07:12 [chunk] received 50 actions, timesteps 248..297 | first: shoulder_pan.pos=+34.37 shoulder_lift.pos=+3.46 elbow_flex.pos=+9.43 wrist_flex.pos=+63.28 wrist_roll.pos=+10.53 gripper.pos=+33.44 | last: shoulder_pan.pos=+6.32 shoulder_lift.pos=-52.65 elbow_flex.pos=+31.00 wrist_flex.pos=+86.80 wrist_roll.pos=+9.48 gripper.pos=+3.95
DEBUG 2026-09-03 09:07:12 [action #275] t=11.87s step=274 queue=24 dmax=19.148 | shoulder_pan.pos=+28.80 shoulder_lift.pos=-12.25 elbow_flex.pos=+2.47 wrist_flex.pos=+84.57 wrist_roll.pos=+10.67 gripper.pos=+36.25
DEBUG 2026-09-03 09:07:12 [action #276] t=11.91s step=275 queue=23 dmax=1.298 | shoulder_pan.pos=+27.52 shoulder_lift.pos=-12.47 elbow_flex.pos=+2.59 wrist_flex.pos=+85.87 wrist_roll.pos=+10.32 gripper.pos=+36.36
DEBUG 2026-09-03 09:07:12 [action #277] t=11.94s step=276 queue=22 dmax=1.325 | shoulder_pan.pos=+26.40 shoulder_lift.pos=-13.78 elbow_flex.pos=+2.02 wrist_flex.pos=+87.20 wrist_roll.pos=+10.19 gripper.pos=+36.44
DEBUG 2026-09-03 09:07:12 [action #278] t=11.97s step=277 queue=21 dmax=1.757 | shoulder_pan.pos=+25.44 shoulder_lift.pos=-15.54 elbow_flex.pos=+1.53 wrist_flex.pos=+88.37 wrist_roll.pos=+9.97 gripper.pos=+36.49
DEBUG 2026-09-03 09:07:12 [action #279] t=12.01s step=278 queue=20 dmax=1.204 | shoulder_pan.pos=+24.24 shoulder_lift.pos=-16.67 elbow_flex.pos=+1.68 wrist_flex.pos=+89.27 wrist_roll.pos=+10.10 gripper.pos=+36.34
DEBUG 2026-09-03 09:07:12 [action #280] t=12.04s step=279 queue=19 dmax=2.256 | shoulder_pan.pos=+23.46 shoulder_lift.pos=-18.92 elbow_flex.pos=+2.22 wrist_flex.pos=+90.16 wrist_roll.pos=+9.95 gripper.pos=+36.34
DEBUG 2026-09-03 09:07:12 [action #281] t=12.07s step=280 queue=18 dmax=1.658 | shoulder_pan.pos=+21.80 shoulder_lift.pos=-20.36 elbow_flex.pos=+3.45 wrist_flex.pos=+90.36 wrist_roll.pos=+9.86 gripper.pos=+36.38
DEBUG 2026-09-03 09:07:12 [action #282] t=12.11s step=281 queue=17 dmax=1.350 | shoulder_pan.pos=+20.90 shoulder_lift.pos=-21.71 elbow_flex.pos=+4.72 wrist_flex.pos=+90.92 wrist_roll.pos=+9.97 gripper.pos=+36.59
DEBUG 2026-09-03 09:07:12 [action #283] t=12.14s step=282 queue=16 dmax=1.951 | shoulder_pan.pos=+19.45 shoulder_lift.pos=-23.66 elbow_flex.pos=+6.65 wrist_flex.pos=+90.96 wrist_roll.pos=+9.88 gripper.pos=+36.46
DEBUG 2026-09-03 09:07:12 [action #284] t=12.17s step=283 queue=15 dmax=2.482 | shoulder_pan.pos=+18.34 shoulder_lift.pos=-26.14 elbow_flex.pos=+7.19 wrist_flex.pos=+90.87 wrist_roll.pos=+9.89 gripper.pos=+36.28
DEBUG 2026-09-03 09:07:12 [action #285] t=12.21s step=284 queue=14 dmax=2.674 | shoulder_pan.pos=+16.79 shoulder_lift.pos=-27.85 elbow_flex.pos=+9.86 wrist_flex.pos=+90.95 wrist_roll.pos=+9.93 gripper.pos=+35.84
DEBUG 2026-09-03 09:07:13 [action #286] t=12.24s step=285 queue=13 dmax=2.263 | shoulder_pan.pos=+15.61 shoulder_lift.pos=-30.12 elbow_flex.pos=+11.54 wrist_flex.pos=+90.63 wrist_roll.pos=+9.79 gripper.pos=+35.51
DEBUG 2026-09-03 09:07:13 [action #287] t=12.27s step=286 queue=12 dmax=2.873 | shoulder_pan.pos=+14.47 shoulder_lift.pos=-32.99 elbow_flex.pos=+14.00 wrist_flex.pos=+90.34 wrist_roll.pos=+10.02 gripper.pos=+35.43
DEBUG 2026-09-03 09:07:13 [action #288] t=12.31s step=287 queue=11 dmax=1.969 | shoulder_pan.pos=+13.42 shoulder_lift.pos=-34.96 elbow_flex.pos=+15.45 wrist_flex.pos=+90.06 wrist_roll.pos=+9.86 gripper.pos=+34.32
DEBUG 2026-09-03 09:07:13 [action #289] t=12.34s step=288 queue=10 dmax=2.186 | shoulder_pan.pos=+12.26 shoulder_lift.pos=-36.89 elbow_flex.pos=+17.64 wrist_flex.pos=+90.11 wrist_roll.pos=+9.95 gripper.pos=+33.07
DEBUG 2026-09-03 09:07:13 [action #290] t=12.37s step=289 queue=9 dmax=2.502 | shoulder_pan.pos=+11.42 shoulder_lift.pos=-38.76 elbow_flex.pos=+19.87 wrist_flex.pos=+89.65 wrist_roll.pos=+9.95 gripper.pos=+30.57
DEBUG 2026-09-03 09:07:13 [action #291] t=12.41s step=290 queue=8 dmax=3.621 | shoulder_pan.pos=+10.63 shoulder_lift.pos=-40.58 elbow_flex.pos=+21.18 wrist_flex.pos=+89.21 wrist_roll.pos=+9.98 gripper.pos=+26.95
DEBUG 2026-09-03 09:07:13 [action #292] t=12.44s step=291 queue=7 dmax=4.473 | shoulder_pan.pos=+9.60 shoulder_lift.pos=-42.03 elbow_flex.pos=+22.62 wrist_flex.pos=+88.66 wrist_roll.pos=+9.78 gripper.pos=+22.48
DEBUG 2026-09-03 09:07:13 [action #293] t=12.47s step=292 queue=6 dmax=4.913 | shoulder_pan.pos=+9.04 shoulder_lift.pos=-43.35 elbow_flex.pos=+23.59 wrist_flex.pos=+88.59 wrist_roll.pos=+9.97 gripper.pos=+17.56
DEBUG 2026-09-03 09:07:13 [action #294] t=12.51s step=293 queue=5 dmax=4.373 | shoulder_pan.pos=+8.44 shoulder_lift.pos=-44.99 elbow_flex.pos=+25.10 wrist_flex.pos=+88.29 wrist_roll.pos=+10.03 gripper.pos=+13.19
DEBUG 2026-09-03 09:07:13 [action #295] t=12.54s step=294 queue=4 dmax=3.580 | shoulder_pan.pos=+7.90 shoulder_lift.pos=-46.71 elbow_flex.pos=+26.29 wrist_flex.pos=+88.02 wrist_roll.pos=+9.85 gripper.pos=+9.61
DEBUG 2026-09-03 09:07:13 [action #296] t=12.57s step=295 queue=3 dmax=2.594 | shoulder_pan.pos=+7.21 shoulder_lift.pos=-48.67 elbow_flex.pos=+28.86 wrist_flex.pos=+87.54 wrist_roll.pos=+9.79 gripper.pos=+7.02
DEBUG 2026-09-03 09:07:13 [action #297] t=12.61s step=296 queue=2 dmax=1.866 | shoulder_pan.pos=+6.59 shoulder_lift.pos=-50.38 elbow_flex.pos=+29.73 wrist_flex.pos=+87.30 wrist_roll.pos=+9.47 gripper.pos=+5.15
DEBUG 2026-09-03 09:07:13 [action #298] t=12.64s step=297 queue=1 dmax=2.271 | shoulder_pan.pos=+6.32 shoulder_lift.pos=-52.65 elbow_flex.pos=+31.00 wrist_flex.pos=+86.80 wrist_roll.pos=+9.48 gripper.pos=+3.95
DEBUG 2026-09-03 09:07:13 [chunk] received 50 actions, timesteps 273..322 | first: shoulder_pan.pos=+34.23 shoulder_lift.pos=+0.15 elbow_flex.pos=+7.24 wrist_flex.pos=+67.18 wrist_roll.pos=+11.41 gripper.pos=+34.28 | last: shoulder_pan.pos=+6.54 shoulder_lift.pos=-62.20 elbow_flex.pos=+41.52 wrist_flex.pos=+81.61 wrist_roll.pos=+10.39 gripper.pos=-0.73
DEBUG 2026-09-03 09:07:13 [action #299] t=12.88s step=298 queue=25 dmax=37.327 | shoulder_pan.pos=+27.71 shoulder_lift.pos=-15.33 elbow_flex.pos=+3.49 wrist_flex.pos=+85.52 wrist_roll.pos=+10.61 gripper.pos=+37.27
DEBUG 2026-09-03 09:07:13 [action #300] t=12.91s step=299 queue=24 dmax=1.244 | shoulder_pan.pos=+26.49 shoulder_lift.pos=-16.57 elbow_flex.pos=+3.60 wrist_flex.pos=+86.38 wrist_roll.pos=+10.48 gripper.pos=+37.34
DEBUG 2026-09-03 09:07:13 [action #301] t=12.94s step=300 queue=23 dmax=1.154 | shoulder_pan.pos=+25.33 shoulder_lift.pos=-17.53 elbow_flex.pos=+4.29 wrist_flex.pos=+87.04 wrist_roll.pos=+10.44 gripper.pos=+37.44
DEBUG 2026-09-03 09:07:13 [action #302] t=12.98s step=301 queue=22 dmax=2.323 | shoulder_pan.pos=+24.37 shoulder_lift.pos=-19.86 elbow_flex.pos=+4.35 wrist_flex.pos=+87.82 wrist_roll.pos=+10.21 gripper.pos=+37.36
DEBUG 2026-09-03 09:07:13 [action #303] t=13.01s step=302 queue=21 dmax=1.415 | shoulder_pan.pos=+22.96 shoulder_lift.pos=-20.94 elbow_flex.pos=+5.59 wrist_flex.pos=+88.09 wrist_roll.pos=+10.04 gripper.pos=+37.28
DEBUG 2026-09-03 09:07:13 [action #304] t=13.04s step=303 queue=20 dmax=1.887 | shoulder_pan.pos=+22.09 shoulder_lift.pos=-22.82 elbow_flex.pos=+6.23 wrist_flex.pos=+88.37 wrist_roll.pos=+10.01 gripper.pos=+37.52
DEBUG 2026-09-03 09:07:13 [action #305] t=13.08s step=304 queue=19 dmax=1.429 | shoulder_pan.pos=+21.17 shoulder_lift.pos=-24.25 elbow_flex.pos=+7.24 wrist_flex.pos=+88.72 wrist_roll.pos=+9.97 gripper.pos=+37.19
DEBUG 2026-09-03 09:07:13 [action #306] t=13.11s step=305 queue=18 dmax=1.664 | shoulder_pan.pos=+20.26 shoulder_lift.pos=-25.92 elbow_flex.pos=+8.21 wrist_flex.pos=+88.81 wrist_roll.pos=+9.92 gripper.pos=+35.90
DEBUG 2026-09-03 09:07:13 [action #307] t=13.14s step=306 queue=17 dmax=2.175 | shoulder_pan.pos=+19.23 shoulder_lift.pos=-27.68 elbow_flex.pos=+9.58 wrist_flex.pos=+88.60 wrist_roll.pos=+9.92 gripper.pos=+33.72
DEBUG 2026-09-03 09:07:13 [action #308] t=13.18s step=307 queue=16 dmax=4.086 | shoulder_pan.pos=+18.35 shoulder_lift.pos=-29.20 elbow_flex.pos=+10.88 wrist_flex.pos=+88.27 wrist_roll.pos=+9.87 gripper.pos=+29.64
DEBUG 2026-09-03 09:07:13 [action #309] t=13.21s step=308 queue=15 dmax=4.094 | shoulder_pan.pos=+17.92 shoulder_lift.pos=-30.88 elbow_flex.pos=+12.20 wrist_flex.pos=+87.82 wrist_roll.pos=+9.92 gripper.pos=+25.54
DEBUG 2026-09-03 09:07:14 [action #310] t=13.24s step=309 queue=14 dmax=4.610 | shoulder_pan.pos=+16.86 shoulder_lift.pos=-32.76 elbow_flex.pos=+14.80 wrist_flex.pos=+87.33 wrist_roll.pos=+9.97 gripper.pos=+20.93
DEBUG 2026-09-03 09:07:14 [action #311] t=13.28s step=310 queue=13 dmax=3.606 | shoulder_pan.pos=+16.19 shoulder_lift.pos=-34.63 elbow_flex.pos=+16.25 wrist_flex.pos=+87.25 wrist_roll.pos=+10.00 gripper.pos=+17.33
DEBUG 2026-09-03 09:07:14 [action #312] t=13.31s step=311 queue=12 dmax=3.250 | shoulder_pan.pos=+15.50 shoulder_lift.pos=-36.34 elbow_flex.pos=+17.91 wrist_flex.pos=+86.88 wrist_roll.pos=+10.17 gripper.pos=+14.08
DEBUG 2026-09-03 09:07:14 [action #313] t=13.34s step=312 queue=11 dmax=2.406 | shoulder_pan.pos=+14.43 shoulder_lift.pos=-38.40 elbow_flex.pos=+19.93 wrist_flex.pos=+86.61 wrist_roll.pos=+10.23 gripper.pos=+11.67
DEBUG 2026-09-03 09:07:14 [action #314] t=13.38s step=313 queue=10 dmax=1.998 | shoulder_pan.pos=+13.53 shoulder_lift.pos=-40.10 elbow_flex.pos=+21.77 wrist_flex.pos=+86.11 wrist_roll.pos=+10.28 gripper.pos=+9.67
DEBUG 2026-09-03 09:07:14 [action #315] t=13.41s step=314 queue=9 dmax=1.908 | shoulder_pan.pos=+12.71 shoulder_lift.pos=-42.01 elbow_flex.pos=+23.58 wrist_flex.pos=+85.63 wrist_roll.pos=+10.41 gripper.pos=+8.13
DEBUG 2026-09-03 09:07:14 [action #316] t=13.44s step=315 queue=8 dmax=2.288 | shoulder_pan.pos=+11.87 shoulder_lift.pos=-44.30 elbow_flex.pos=+25.82 wrist_flex.pos=+85.09 wrist_roll.pos=+10.63 gripper.pos=+6.83
DEBUG 2026-09-03 09:07:14 [action #317] t=13.48s step=316 queue=7 dmax=2.210 | shoulder_pan.pos=+11.03 shoulder_lift.pos=-46.49 elbow_flex.pos=+28.03 wrist_flex.pos=+84.60 wrist_roll.pos=+10.69 gripper.pos=+5.80
DEBUG 2026-09-03 09:07:14 [action #318] t=13.51s step=317 queue=6 dmax=2.791 | shoulder_pan.pos=+10.14 shoulder_lift.pos=-48.82 elbow_flex.pos=+30.82 wrist_flex.pos=+84.06 wrist_roll.pos=+10.67 gripper.pos=+4.66
DEBUG 2026-09-03 09:07:14 [action #319] t=13.54s step=318 queue=5 dmax=2.407 | shoulder_pan.pos=+9.03 shoulder_lift.pos=-51.23 elbow_flex.pos=+32.91 wrist_flex.pos=+83.45 wrist_roll.pos=+10.62 gripper.pos=+3.59
DEBUG 2026-09-03 09:07:14 [action #320] t=13.58s step=319 queue=4 dmax=2.617 | shoulder_pan.pos=+8.26 shoulder_lift.pos=-53.85 elbow_flex.pos=+35.19 wrist_flex.pos=+82.90 wrist_roll.pos=+10.52 gripper.pos=+2.20
DEBUG 2026-09-03 09:07:14 [action #321] t=13.61s step=320 queue=3 dmax=2.675 | shoulder_pan.pos=+7.57 shoulder_lift.pos=-56.52 elbow_flex.pos=+37.60 wrist_flex.pos=+82.46 wrist_roll.pos=+10.47 gripper.pos=+1.14
DEBUG 2026-09-03 09:07:14 [action #322] t=13.64s step=321 queue=2 dmax=2.645 | shoulder_pan.pos=+6.96 shoulder_lift.pos=-59.17 elbow_flex.pos=+39.48 wrist_flex.pos=+82.04 wrist_roll.pos=+10.45 gripper.pos=-0.15
DEBUG 2026-09-03 09:07:14 [action #323] t=13.68s step=322 queue=1 dmax=3.028 | shoulder_pan.pos=+6.54 shoulder_lift.pos=-62.20 elbow_flex.pos=+41.52 wrist_flex.pos=+81.61 wrist_roll.pos=+10.39 gripper.pos=-0.73
DEBUG 2026-09-03 09:07:14 [chunk] received 50 actions, timesteps 297..346 | first: shoulder_pan.pos=+5.14 shoulder_lift.pos=-56.41 elbow_flex.pos=+37.06 wrist_flex.pos=+87.05 wrist_roll.pos=+9.13 gripper.pos=+3.72 | last: shoulder_pan.pos=-2.16 shoulder_lift.pos=-103.18 elbow_flex.pos=+85.75 wrist_flex.pos=+79.00 wrist_roll.pos=-1.59 gripper.pos=+0.95
DEBUG 2026-09-03 09:07:14 [action #324] t=13.81s step=323 queue=24 dmax=33.804 | shoulder_pan.pos=+0.49 shoulder_lift.pos=-95.18 elbow_flex.pos=+75.33 wrist_flex.pos=+73.23 wrist_roll.pos=-0.30 gripper.pos=+1.23
DEBUG 2026-09-03 09:07:14 [action #325] t=13.85s step=324 queue=23 dmax=1.104 | shoulder_pan.pos=-0.03 shoulder_lift.pos=-96.28 elbow_flex.pos=+76.38 wrist_flex.pos=+73.57 wrist_roll.pos=-0.35 gripper.pos=+1.17
DEBUG 2026-09-03 09:07:14 [action #326] t=13.88s step=325 queue=22 dmax=1.594 | shoulder_pan.pos=+0.03 shoulder_lift.pos=-97.88 elbow_flex.pos=+77.21 wrist_flex.pos=+73.58 wrist_roll.pos=+0.07 gripper.pos=+1.22
DEBUG 2026-09-03 09:07:14 [action #327] t=13.91s step=326 queue=21 dmax=1.517 | shoulder_pan.pos=-0.11 shoulder_lift.pos=-99.21 elbow_flex.pos=+78.73 wrist_flex.pos=+73.53 wrist_roll.pos=+0.12 gripper.pos=+1.27
DEBUG 2026-09-03 09:07:14 [action #328] t=13.95s step=327 queue=20 dmax=1.662 | shoulder_pan.pos=-0.46 shoulder_lift.pos=-99.41 elbow_flex.pos=+80.39 wrist_flex.pos=+73.56 wrist_roll.pos=+0.37 gripper.pos=+1.09
DEBUG 2026-09-03 09:07:14 [action #329] t=13.98s step=328 queue=19 dmax=0.769 | shoulder_pan.pos=-0.83 shoulder_lift.pos=-100.17 elbow_flex.pos=+80.60 wrist_flex.pos=+73.30 wrist_roll.pos=+0.59 gripper.pos=+1.33
DEBUG 2026-09-03 09:07:14 [action #330] t=14.01s step=329 queue=18 dmax=2.048 | shoulder_pan.pos=-0.99 shoulder_lift.pos=-101.81 elbow_flex.pos=+82.65 wrist_flex.pos=+73.51 wrist_roll.pos=+1.26 gripper.pos=+1.14
DEBUG 2026-09-03 09:07:14 [action #331] t=14.05s step=330 queue=17 dmax=0.914 | shoulder_pan.pos=-1.50 shoulder_lift.pos=-101.78 elbow_flex.pos=+83.57 wrist_flex.pos=+73.72 wrist_roll.pos=+1.88 gripper.pos=+1.25
DEBUG 2026-09-03 09:07:14 [action #332] t=14.08s step=331 queue=16 dmax=1.407 | shoulder_pan.pos=-1.36 shoulder_lift.pos=-103.19 elbow_flex.pos=+84.59 wrist_flex.pos=+73.75 wrist_roll.pos=+2.38 gripper.pos=+1.30
DEBUG 2026-09-03 09:07:14 [action #333] t=14.11s step=332 queue=15 dmax=0.906 | shoulder_pan.pos=-1.03 shoulder_lift.pos=-104.09 elbow_flex.pos=+85.47 wrist_flex.pos=+73.58 wrist_roll.pos=+2.76 gripper.pos=+1.40
DEBUG 2026-09-03 09:07:14 [action #334] t=14.15s step=333 queue=14 dmax=0.751 | shoulder_pan.pos=-0.98 shoulder_lift.pos=-104.84 elbow_flex.pos=+86.22 wrist_flex.pos=+73.89 wrist_roll.pos=+2.66 gripper.pos=+1.34
DEBUG 2026-09-03 09:07:14 [action #335] t=14.18s step=334 queue=13 dmax=0.276 | shoulder_pan.pos=-0.72 shoulder_lift.pos=-104.67 elbow_flex.pos=+86.50 wrist_flex.pos=+73.85 wrist_roll.pos=+2.46 gripper.pos=+1.26
DEBUG 2026-09-03 09:07:14 [action #336] t=14.21s step=335 queue=12 dmax=1.263 | shoulder_pan.pos=-0.97 shoulder_lift.pos=-103.41 elbow_flex.pos=+85.79 wrist_flex.pos=+74.12 wrist_roll.pos=+2.14 gripper.pos=+1.53
DEBUG 2026-09-03 09:07:15 [action #337] t=14.25s step=336 queue=11 dmax=0.566 | shoulder_pan.pos=-1.05 shoulder_lift.pos=-102.94 elbow_flex.pos=+85.97 wrist_flex.pos=+74.69 wrist_roll.pos=+1.90 gripper.pos=+1.17
DEBUG 2026-09-03 09:07:15 [action #338] t=14.28s step=337 queue=10 dmax=0.480 | shoulder_pan.pos=-0.95 shoulder_lift.pos=-102.85 elbow_flex.pos=+86.05 wrist_flex.pos=+75.17 wrist_roll.pos=+1.77 gripper.pos=+1.21
DEBUG 2026-09-03 09:07:15 [action #339] t=14.31s step=338 queue=9 dmax=1.068 | shoulder_pan.pos=-0.93 shoulder_lift.pos=-102.76 elbow_flex.pos=+85.70 wrist_flex.pos=+76.24 wrist_roll.pos=+1.57 gripper.pos=+1.15
DEBUG 2026-09-03 09:07:15 [action #340] t=14.35s step=339 queue=8 dmax=1.285 | shoulder_pan.pos=-0.96 shoulder_lift.pos=-104.04 elbow_flex.pos=+85.88 wrist_flex.pos=+77.25 wrist_roll.pos=+1.34 gripper.pos=+1.00
DEBUG 2026-09-03 09:07:15 [action #341] t=14.38s step=340 queue=7 dmax=1.452 | shoulder_pan.pos=-1.39 shoulder_lift.pos=-102.59 elbow_flex.pos=+85.96 wrist_flex.pos=+77.79 wrist_roll.pos=+0.75 gripper.pos=+1.07
DEBUG 2026-09-03 09:07:15 [action #342] t=14.41s step=341 queue=6 dmax=0.681 | shoulder_pan.pos=-1.36 shoulder_lift.pos=-102.53 elbow_flex.pos=+85.83 wrist_flex.pos=+78.47 wrist_roll.pos=+0.22 gripper.pos=+1.20
DEBUG 2026-09-03 09:07:15 [action #343] t=14.45s step=342 queue=5 dmax=0.983 | shoulder_pan.pos=-1.49 shoulder_lift.pos=-102.43 elbow_flex.pos=+84.85 wrist_flex.pos=+78.89 wrist_roll.pos=-0.44 gripper.pos=+1.05
DEBUG 2026-09-03 09:07:15 [action #344] t=14.48s step=343 queue=4 dmax=0.519 | shoulder_pan.pos=-1.44 shoulder_lift.pos=-102.43 elbow_flex.pos=+85.07 wrist_flex.pos=+79.18 wrist_roll.pos=-0.96 gripper.pos=+1.09
DEBUG 2026-09-03 09:07:15 [action #345] t=14.51s step=344 queue=3 dmax=1.201 | shoulder_pan.pos=-1.98 shoulder_lift.pos=-102.84 elbow_flex.pos=+86.27 wrist_flex.pos=+78.95 wrist_roll.pos=-1.28 gripper.pos=+1.20
DEBUG 2026-09-03 09:07:15 [action #346] t=14.55s step=345 queue=2 dmax=0.337 | shoulder_pan.pos=-1.64 shoulder_lift.pos=-102.60 elbow_flex.pos=+86.33 wrist_flex.pos=+78.79 wrist_roll.pos=-1.53 gripper.pos=+1.19
DEBUG 2026-09-03 09:07:15 [action #347] t=14.58s step=346 queue=1 dmax=0.587 | shoulder_pan.pos=-2.16 shoulder_lift.pos=-103.18 elbow_flex.pos=+85.75 wrist_flex.pos=+79.00 wrist_roll.pos=-1.59 gripper.pos=+0.95
DEBUG 2026-09-03 09:07:15 [chunk] received 50 actions, timesteps 322..371 | first: shoulder_pan.pos=+6.14 shoulder_lift.pos=-62.43 elbow_flex.pos=+44.82 wrist_flex.pos=+80.93 wrist_roll.pos=+9.71 gripper.pos=+0.95 | last: shoulder_pan.pos=-4.23 shoulder_lift.pos=-103.66 elbow_flex.pos=+90.21 wrist_flex.pos=+78.92 wrist_roll.pos=+0.57 gripper.pos=+1.05
DEBUG 2026-09-03 09:07:15 [action #348] t=14.71s step=347 queue=25 dmax=8.151 | shoulder_pan.pos=-1.63 shoulder_lift.pos=-97.19 elbow_flex.pos=+77.60 wrist_flex.pos=+75.24 wrist_roll.pos=-3.08 gripper.pos=+0.89
DEBUG 2026-09-03 09:07:15 [action #349] t=14.75s step=348 queue=24 dmax=0.866 | shoulder_pan.pos=-1.84 shoulder_lift.pos=-97.73 elbow_flex.pos=+78.46 wrist_flex.pos=+75.28 wrist_roll.pos=-2.80 gripper.pos=+1.02
DEBUG 2026-09-03 09:07:15 [action #350] t=14.78s step=349 queue=23 dmax=1.123 | shoulder_pan.pos=-2.07 shoulder_lift.pos=-98.68 elbow_flex.pos=+79.59 wrist_flex.pos=+75.28 wrist_roll.pos=-2.53 gripper.pos=+0.84
DEBUG 2026-09-03 09:07:15 [action #351] t=14.81s step=350 queue=22 dmax=0.964 | shoulder_pan.pos=-2.23 shoulder_lift.pos=-99.64 elbow_flex.pos=+80.53 wrist_flex.pos=+75.47 wrist_roll.pos=-2.19 gripper.pos=+0.72
DEBUG 2026-09-03 09:07:15 [action #352] t=14.85s step=351 queue=21 dmax=1.533 | shoulder_pan.pos=-2.34 shoulder_lift.pos=-99.92 elbow_flex.pos=+82.06 wrist_flex.pos=+75.69 wrist_roll.pos=-1.79 gripper.pos=+0.65
DEBUG 2026-09-03 09:07:15 [action #353] t=14.88s step=352 queue=20 dmax=0.594 | shoulder_pan.pos=-2.41 shoulder_lift.pos=-99.32 elbow_flex.pos=+82.24 wrist_flex.pos=+76.23 wrist_roll.pos=-1.26 gripper.pos=+0.94
DEBUG 2026-09-03 09:07:15 [action #354] t=14.91s step=353 queue=19 dmax=0.623 | shoulder_pan.pos=-2.51 shoulder_lift.pos=-99.83 elbow_flex.pos=+82.84 wrist_flex.pos=+76.30 wrist_roll.pos=-0.64 gripper.pos=+0.89
DEBUG 2026-09-03 09:07:15 [action #355] t=14.95s step=354 queue=18 dmax=0.799 | shoulder_pan.pos=-2.27 shoulder_lift.pos=-100.18 elbow_flex.pos=+83.28 wrist_flex.pos=+76.64 wrist_roll.pos=+0.16 gripper.pos=+0.84
DEBUG 2026-09-03 09:07:15 [action #356] t=14.98s step=355 queue=17 dmax=1.021 | shoulder_pan.pos=-2.53 shoulder_lift.pos=-101.20 elbow_flex.pos=+84.25 wrist_flex.pos=+77.09 wrist_roll.pos=+0.84 gripper.pos=+0.87
DEBUG 2026-09-03 09:07:15 [action #357] t=15.02s step=356 queue=16 dmax=0.606 | shoulder_pan.pos=-2.97 shoulder_lift.pos=-101.42 elbow_flex.pos=+84.79 wrist_flex.pos=+77.60 wrist_roll.pos=+1.44 gripper.pos=+0.84
DEBUG 2026-09-03 09:07:15 [action #358] t=15.05s step=357 queue=15 dmax=0.694 | shoulder_pan.pos=-3.12 shoulder_lift.pos=-102.05 elbow_flex.pos=+85.48 wrist_flex.pos=+77.66 wrist_roll.pos=+1.59 gripper.pos=+0.66
DEBUG 2026-09-03 09:07:15 [action #359] t=15.08s step=358 queue=14 dmax=0.934 | shoulder_pan.pos=-3.68 shoulder_lift.pos=-102.75 elbow_flex.pos=+86.42 wrist_flex.pos=+77.89 wrist_roll.pos=+1.67 gripper.pos=+0.79
DEBUG 2026-09-03 09:07:15 [action #360] t=15.12s step=359 queue=13 dmax=0.385 | shoulder_pan.pos=-3.81 shoulder_lift.pos=-102.50 elbow_flex.pos=+86.80 wrist_flex.pos=+77.76 wrist_roll.pos=+1.79 gripper.pos=+0.89
DEBUG 2026-09-03 09:07:15 [action #361] t=15.15s step=360 queue=12 dmax=0.826 | shoulder_pan.pos=-3.85 shoulder_lift.pos=-102.61 elbow_flex.pos=+87.63 wrist_flex.pos=+77.65 wrist_roll.pos=+1.84 gripper.pos=+0.84
DEBUG 2026-09-03 09:07:15 [action #362] t=15.18s step=361 queue=11 dmax=0.930 | shoulder_pan.pos=-4.20 shoulder_lift.pos=-102.57 elbow_flex.pos=+88.56 wrist_flex.pos=+77.84 wrist_roll.pos=+1.75 gripper.pos=+0.85
DEBUG 2026-09-03 09:07:16 [action #363] t=15.22s step=362 queue=10 dmax=0.311 | shoulder_pan.pos=-4.35 shoulder_lift.pos=-102.39 elbow_flex.pos=+88.61 wrist_flex.pos=+78.15 wrist_roll.pos=+1.55 gripper.pos=+0.86
DEBUG 2026-09-03 09:07:16 [action #364] t=15.25s step=363 queue=9 dmax=0.474 | shoulder_pan.pos=-4.46 shoulder_lift.pos=-102.31 elbow_flex.pos=+88.87 wrist_flex.pos=+77.85 wrist_roll.pos=+1.07 gripper.pos=+0.88
DEBUG 2026-09-03 09:07:16 [action #365] t=15.28s step=364 queue=8 dmax=0.972 | shoulder_pan.pos=-4.54 shoulder_lift.pos=-103.28 elbow_flex.pos=+88.89 wrist_flex.pos=+77.86 wrist_roll.pos=+1.09 gripper.pos=+0.89
DEBUG 2026-09-03 09:07:16 [action #366] t=15.32s step=365 queue=7 dmax=0.778 | shoulder_pan.pos=-4.63 shoulder_lift.pos=-102.89 elbow_flex.pos=+89.67 wrist_flex.pos=+78.23 wrist_roll.pos=+0.81 gripper.pos=+1.04
DEBUG 2026-09-03 09:07:16 [action #367] t=15.35s step=366 queue=6 dmax=0.475 | shoulder_pan.pos=-4.70 shoulder_lift.pos=-103.36 elbow_flex.pos=+89.80 wrist_flex.pos=+78.41 wrist_roll.pos=+0.68 gripper.pos=+0.80
DEBUG 2026-09-03 09:07:16 [action #368] t=15.38s step=367 queue=5 dmax=0.292 | shoulder_pan.pos=-4.55 shoulder_lift.pos=-103.18 elbow_flex.pos=+89.51 wrist_flex.pos=+78.50 wrist_roll.pos=+0.52 gripper.pos=+0.94
DEBUG 2026-09-03 09:07:16 [action #369] t=15.42s step=368 queue=4 dmax=0.789 | shoulder_pan.pos=-4.26 shoulder_lift.pos=-103.86 elbow_flex.pos=+90.30 wrist_flex.pos=+78.60 wrist_roll.pos=+0.52 gripper.pos=+0.91
DEBUG 2026-09-03 09:07:16 [action #370] t=15.45s step=369 queue=3 dmax=0.166 | shoulder_pan.pos=-4.20 shoulder_lift.pos=-103.90 elbow_flex.pos=+90.47 wrist_flex.pos=+78.74 wrist_roll.pos=+0.48 gripper.pos=+1.02
DEBUG 2026-09-03 09:07:16 [action #371] t=15.48s step=370 queue=2 dmax=0.276 | shoulder_pan.pos=-4.34 shoulder_lift.pos=-103.76 elbow_flex.pos=+90.19 wrist_flex.pos=+78.88 wrist_roll.pos=+0.49 gripper.pos=+0.98
DEBUG 2026-09-03 09:07:16 [action #372] t=15.52s step=371 queue=1 dmax=0.106 | shoulder_pan.pos=-4.23 shoulder_lift.pos=-103.66 elbow_flex.pos=+90.21 wrist_flex.pos=+78.92 wrist_roll.pos=+0.57 gripper.pos=+1.05
DEBUG 2026-09-03 09:07:16 [chunk] received 50 actions, timesteps 346..395 | first: shoulder_pan.pos=-1.58 shoulder_lift.pos=-100.59 elbow_flex.pos=+87.03 wrist_flex.pos=+77.81 wrist_roll.pos=-0.90 gripper.pos=+0.66 | last: shoulder_pan.pos=-1.92 shoulder_lift.pos=-101.52 elbow_flex.pos=+89.10 wrist_flex.pos=+78.02 wrist_roll.pos=-0.78 gripper.pos=+0.71
DEBUG 2026-09-03 09:07:16 [action #373] t=15.58s step=372 queue=24 dmax=2.366 | shoulder_pan.pos=-1.87 shoulder_lift.pos=-101.71 elbow_flex.pos=+88.73 wrist_flex.pos=+78.09 wrist_roll.pos=-0.71 gripper.pos=+0.77
DEBUG 2026-09-03 09:07:16 [action #374] t=15.62s step=373 queue=23 dmax=0.146 | shoulder_pan.pos=-1.80 shoulder_lift.pos=-101.58 elbow_flex.pos=+88.82 wrist_flex.pos=+77.94 wrist_roll.pos=-0.79 gripper.pos=+0.70
DEBUG 2026-09-03 09:07:16 [action #375] t=15.65s step=374 queue=22 dmax=0.124 | shoulder_pan.pos=-1.74 shoulder_lift.pos=-101.45 elbow_flex.pos=+88.80 wrist_flex.pos=+78.06 wrist_roll.pos=-0.72 gripper.pos=+0.69
DEBUG 2026-09-03 09:07:16 [action #376] t=15.68s step=375 queue=21 dmax=0.142 | shoulder_pan.pos=-1.82 shoulder_lift.pos=-101.59 elbow_flex.pos=+88.68 wrist_flex.pos=+78.02 wrist_roll.pos=-0.73 gripper.pos=+0.76
DEBUG 2026-09-03 09:07:16 [action #377] t=15.72s step=376 queue=20 dmax=0.383 | shoulder_pan.pos=-1.70 shoulder_lift.pos=-101.21 elbow_flex.pos=+88.82 wrist_flex.pos=+77.92 wrist_roll.pos=-0.71 gripper.pos=+0.74
DEBUG 2026-09-03 09:07:16 [action #378] t=15.75s step=377 queue=19 dmax=0.407 | shoulder_pan.pos=-1.85 shoulder_lift.pos=-101.62 elbow_flex.pos=+88.85 wrist_flex.pos=+78.07 wrist_roll.pos=-0.79 gripper.pos=+0.78
DEBUG 2026-09-03 09:07:16 [action #379] t=15.78s step=378 queue=18 dmax=0.171 | shoulder_pan.pos=-1.67 shoulder_lift.pos=-101.54 elbow_flex.pos=+89.00 wrist_flex.pos=+77.98 wrist_roll.pos=-0.74 gripper.pos=+0.79
DEBUG 2026-09-03 09:07:16 [action #380] t=15.82s step=379 queue=17 dmax=0.319 | shoulder_pan.pos=-1.71 shoulder_lift.pos=-101.22 elbow_flex.pos=+88.70 wrist_flex.pos=+77.93 wrist_roll.pos=-0.70 gripper.pos=+0.74
DEBUG 2026-09-03 09:07:16 [action #381] t=15.85s step=380 queue=16 dmax=0.342 | shoulder_pan.pos=-1.66 shoulder_lift.pos=-101.38 elbow_flex.pos=+89.04 wrist_flex.pos=+78.12 wrist_roll.pos=-0.79 gripper.pos=+0.76
DEBUG 2026-09-03 09:07:16 [action #382] t=15.89s step=381 queue=15 dmax=0.366 | shoulder_pan.pos=-1.79 shoulder_lift.pos=-101.75 elbow_flex.pos=+88.92 wrist_flex.pos=+77.99 wrist_roll.pos=-0.74 gripper.pos=+0.78
DEBUG 2026-09-03 09:07:16 [action #383] t=15.92s step=382 queue=14 dmax=0.574 | shoulder_pan.pos=-1.58 shoulder_lift.pos=-101.18 elbow_flex.pos=+88.92 wrist_flex.pos=+78.02 wrist_roll.pos=-0.80 gripper.pos=+0.78
DEBUG 2026-09-03 09:07:16 [action #384] t=15.95s step=383 queue=13 dmax=0.794 | shoulder_pan.pos=-1.67 shoulder_lift.pos=-101.97 elbow_flex.pos=+88.74 wrist_flex.pos=+77.96 wrist_roll.pos=-0.77 gripper.pos=+0.82
DEBUG 2026-09-03 09:07:16 [action #385] t=15.99s step=384 queue=12 dmax=0.531 | shoulder_pan.pos=-1.69 shoulder_lift.pos=-101.44 elbow_flex.pos=+88.97 wrist_flex.pos=+78.11 wrist_roll.pos=-0.72 gripper.pos=+0.86
DEBUG 2026-09-03 09:07:16 [action #386] t=16.02s step=385 queue=11 dmax=0.228 | shoulder_pan.pos=-1.68 shoulder_lift.pos=-101.28 elbow_flex.pos=+88.74 wrist_flex.pos=+78.09 wrist_roll.pos=-0.74 gripper.pos=+0.82
DEBUG 2026-09-03 09:07:16 [action #387] t=16.05s step=386 queue=10 dmax=0.149 | shoulder_pan.pos=-1.76 shoulder_lift.pos=-101.43 elbow_flex.pos=+88.73 wrist_flex.pos=+78.06 wrist_roll.pos=-0.73 gripper.pos=+0.84
DEBUG 2026-09-03 09:07:16 [action #388] t=16.09s step=387 queue=9 dmax=0.137 | shoulder_pan.pos=-1.70 shoulder_lift.pos=-101.29 elbow_flex.pos=+88.78 wrist_flex.pos=+77.98 wrist_roll.pos=-0.73 gripper.pos=+0.77
DEBUG 2026-09-03 09:07:16 [action #389] t=16.12s step=388 queue=8 dmax=0.225 | shoulder_pan.pos=-1.84 shoulder_lift.pos=-101.52 elbow_flex.pos=+88.71 wrist_flex.pos=+78.04 wrist_roll.pos=-0.78 gripper.pos=+0.75
DEBUG 2026-09-03 09:07:16 [action #390] t=16.15s step=389 queue=7 dmax=0.126 | shoulder_pan.pos=-1.72 shoulder_lift.pos=-101.59 elbow_flex.pos=+88.61 wrist_flex.pos=+77.97 wrist_roll.pos=-0.70 gripper.pos=+0.66
DEBUG 2026-09-03 09:07:16 [action #391] t=16.19s step=390 queue=6 dmax=0.539 | shoulder_pan.pos=-1.88 shoulder_lift.pos=-101.05 elbow_flex.pos=+88.87 wrist_flex.pos=+78.00 wrist_roll.pos=-0.81 gripper.pos=+0.84
DEBUG 2026-09-03 09:07:17 [action #392] t=16.22s step=391 queue=5 dmax=0.307 | shoulder_pan.pos=-1.87 shoulder_lift.pos=-101.36 elbow_flex.pos=+89.01 wrist_flex.pos=+78.06 wrist_roll.pos=-0.73 gripper.pos=+0.80
DEBUG 2026-09-03 09:07:17 [action #393] t=16.25s step=392 queue=4 dmax=0.376 | shoulder_pan.pos=-1.84 shoulder_lift.pos=-101.73 elbow_flex.pos=+88.81 wrist_flex.pos=+78.02 wrist_roll.pos=-0.74 gripper.pos=+0.73
DEBUG 2026-09-03 09:07:17 [action #394] t=16.29s step=393 queue=3 dmax=0.173 | shoulder_pan.pos=-1.88 shoulder_lift.pos=-101.82 elbow_flex.pos=+88.99 wrist_flex.pos=+78.03 wrist_roll.pos=-0.78 gripper.pos=+0.70
DEBUG 2026-09-03 09:07:17 [action #395] t=16.32s step=394 queue=2 dmax=0.207 | shoulder_pan.pos=-1.97 shoulder_lift.pos=-101.61 elbow_flex.pos=+89.08 wrist_flex.pos=+78.09 wrist_roll.pos=-0.75 gripper.pos=+0.83
DEBUG 2026-09-03 09:07:17 [action #396] t=16.35s step=395 queue=1 dmax=0.112 | shoulder_pan.pos=-1.92 shoulder_lift.pos=-101.52 elbow_flex.pos=+89.10 wrist_flex.pos=+78.02 wrist_roll.pos=-0.78 gripper.pos=+0.71
DEBUG 2026-09-03 09:07:17 [chunk] received 50 actions, timesteps 371..420 | first: shoulder_pan.pos=-3.77 shoulder_lift.pos=-101.32 elbow_flex.pos=+89.63 wrist_flex.pos=+77.87 wrist_roll.pos=+0.75 gripper.pos=+0.59 | last: shoulder_pan.pos=-3.89 shoulder_lift.pos=-102.79 elbow_flex.pos=+90.42 wrist_flex.pos=+78.23 wrist_roll.pos=+0.50 gripper.pos=+0.88
DEBUG 2026-09-03 09:07:17 [action #397] t=16.49s step=396 queue=25 dmax=1.832 | shoulder_pan.pos=-3.75 shoulder_lift.pos=-101.82 elbow_flex.pos=+90.16 wrist_flex.pos=+78.33 wrist_roll.pos=+0.60 gripper.pos=+0.68
DEBUG 2026-09-03 09:07:17 [action #398] t=16.52s step=397 queue=24 dmax=0.624 | shoulder_pan.pos=-3.81 shoulder_lift.pos=-101.62 elbow_flex.pos=+89.54 wrist_flex.pos=+78.40 wrist_roll.pos=+0.58 gripper.pos=+0.62
DEBUG 2026-09-03 09:07:17 [action #399] t=16.56s step=398 queue=23 dmax=0.525 | shoulder_pan.pos=-3.49 shoulder_lift.pos=-102.15 elbow_flex.pos=+89.63 wrist_flex.pos=+78.27 wrist_roll.pos=+0.51 gripper.pos=+0.76
DEBUG 2026-09-03 09:07:17 [action #400] t=16.59s step=399 queue=22 dmax=0.565 | shoulder_pan.pos=-3.73 shoulder_lift.pos=-101.58 elbow_flex.pos=+89.98 wrist_flex.pos=+78.23 wrist_roll.pos=+0.47 gripper.pos=+0.70
DEBUG 2026-09-03 09:07:17 [action #401] t=16.62s step=400 queue=21 dmax=0.448 | shoulder_pan.pos=-3.50 shoulder_lift.pos=-102.03 elbow_flex.pos=+89.84 wrist_flex.pos=+78.16 wrist_roll.pos=+0.50 gripper.pos=+0.80
DEBUG 2026-09-03 09:07:17 [action #402] t=16.66s step=401 queue=20 dmax=0.381 | shoulder_pan.pos=-3.49 shoulder_lift.pos=-102.31 elbow_flex.pos=+90.22 wrist_flex.pos=+78.28 wrist_roll.pos=+0.57 gripper.pos=+0.77
DEBUG 2026-09-03 09:07:17 [action #403] t=16.69s step=402 queue=19 dmax=0.323 | shoulder_pan.pos=-3.58 shoulder_lift.pos=-102.07 elbow_flex.pos=+89.90 wrist_flex.pos=+78.25 wrist_roll.pos=+0.53 gripper.pos=+0.76
DEBUG 2026-09-03 09:07:17 [action #404] t=16.72s step=403 queue=18 dmax=0.526 | shoulder_pan.pos=-3.67 shoulder_lift.pos=-101.54 elbow_flex.pos=+90.10 wrist_flex.pos=+78.23 wrist_roll.pos=+0.48 gripper.pos=+0.70
DEBUG 2026-09-03 09:07:17 [action #405] t=16.76s step=404 queue=17 dmax=0.292 | shoulder_pan.pos=-3.80 shoulder_lift.pos=-101.77 elbow_flex.pos=+89.80 wrist_flex.pos=+78.26 wrist_roll.pos=+0.56 gripper.pos=+0.84
DEBUG 2026-09-03 09:07:17 [action #406] t=16.79s step=405 queue=16 dmax=0.212 | shoulder_pan.pos=-3.58 shoulder_lift.pos=-101.98 elbow_flex.pos=+89.67 wrist_flex.pos=+78.16 wrist_roll.pos=+0.52 gripper.pos=+0.73
DEBUG 2026-09-03 09:07:17 [action #407] t=16.82s step=406 queue=15 dmax=0.140 | shoulder_pan.pos=-3.69 shoulder_lift.pos=-102.06 elbow_flex.pos=+89.58 wrist_flex.pos=+78.16 wrist_roll.pos=+0.52 gripper.pos=+0.59
DEBUG 2026-09-03 09:07:17 [action #408] t=16.86s step=407 queue=14 dmax=0.838 | shoulder_pan.pos=-3.80 shoulder_lift.pos=-102.52 elbow_flex.pos=+90.42 wrist_flex.pos=+78.06 wrist_roll.pos=+0.56 gripper.pos=+0.78
DEBUG 2026-09-03 09:07:17 [action #409] t=16.89s step=408 queue=13 dmax=0.601 | shoulder_pan.pos=-3.96 shoulder_lift.pos=-102.26 elbow_flex.pos=+89.82 wrist_flex.pos=+78.18 wrist_roll.pos=+0.55 gripper.pos=+0.77
DEBUG 2026-09-03 09:07:17 [action #410] t=16.92s step=409 queue=12 dmax=0.253 | shoulder_pan.pos=-3.70 shoulder_lift.pos=-102.32 elbow_flex.pos=+90.01 wrist_flex.pos=+77.99 wrist_roll.pos=+0.54 gripper.pos=+0.65
DEBUG 2026-09-03 09:07:17 [action #411] t=16.96s step=410 queue=11 dmax=0.270 | shoulder_pan.pos=-3.86 shoulder_lift.pos=-102.05 elbow_flex.pos=+89.91 wrist_flex.pos=+78.10 wrist_roll.pos=+0.46 gripper.pos=+0.69
DEBUG 2026-09-03 09:07:17 [action #412] t=16.99s step=411 queue=10 dmax=0.183 | shoulder_pan.pos=-3.80 shoulder_lift.pos=-102.18 elbow_flex.pos=+89.73 wrist_flex.pos=+78.11 wrist_roll.pos=+0.53 gripper.pos=+0.75
DEBUG 2026-09-03 09:07:17 [action #413] t=17.02s step=412 queue=9 dmax=0.319 | shoulder_pan.pos=-3.79 shoulder_lift.pos=-101.86 elbow_flex.pos=+89.49 wrist_flex.pos=+78.17 wrist_roll.pos=+0.56 gripper.pos=+0.75
DEBUG 2026-09-03 09:07:17 [action #414] t=17.06s step=413 queue=8 dmax=0.374 | shoulder_pan.pos=-3.88 shoulder_lift.pos=-102.05 elbow_flex.pos=+89.86 wrist_flex.pos=+78.16 wrist_roll.pos=+0.51 gripper.pos=+0.74
DEBUG 2026-09-03 09:07:17 [action #415] t=17.09s step=414 queue=7 dmax=0.146 | shoulder_pan.pos=-3.81 shoulder_lift.pos=-102.14 elbow_flex.pos=+90.01 wrist_flex.pos=+78.15 wrist_roll.pos=+0.50 gripper.pos=+0.73
DEBUG 2026-09-03 09:07:17 [action #416] t=17.12s step=415 queue=6 dmax=0.318 | shoulder_pan.pos=-3.76 shoulder_lift.pos=-102.08 elbow_flex.pos=+89.69 wrist_flex.pos=+78.04 wrist_roll.pos=+0.54 gripper.pos=+0.77
DEBUG 2026-09-03 09:07:17 [action #417] t=17.16s step=416 queue=5 dmax=0.323 | shoulder_pan.pos=-3.79 shoulder_lift.pos=-102.39 elbow_flex.pos=+90.01 wrist_flex.pos=+78.05 wrist_roll.pos=+0.49 gripper.pos=+0.83
DEBUG 2026-09-03 09:07:17 [action #418] t=17.19s step=417 queue=4 dmax=0.576 | shoulder_pan.pos=-3.85 shoulder_lift.pos=-101.82 elbow_flex.pos=+89.98 wrist_flex.pos=+78.23 wrist_roll.pos=+0.45 gripper.pos=+0.79
DEBUG 2026-09-03 09:07:18 [action #419] t=17.22s step=418 queue=3 dmax=0.870 | shoulder_pan.pos=-3.99 shoulder_lift.pos=-102.69 elbow_flex.pos=+90.00 wrist_flex.pos=+78.20 wrist_roll.pos=+0.51 gripper.pos=+0.77
DEBUG 2026-09-03 09:07:18 [action #420] t=17.26s step=419 queue=2 dmax=0.179 | shoulder_pan.pos=-3.93 shoulder_lift.pos=-102.76 elbow_flex.pos=+89.82 wrist_flex.pos=+78.12 wrist_roll.pos=+0.50 gripper.pos=+0.73
DEBUG 2026-09-03 09:07:18 [action #421] t=17.29s step=420 queue=1 dmax=0.597 | shoulder_pan.pos=-3.89 shoulder_lift.pos=-102.79 elbow_flex.pos=+90.42 wrist_flex.pos=+78.23 wrist_roll.pos=+0.50 gripper.pos=+0.88
DEBUG 2026-09-03 09:07:18 [chunk] received 50 actions, timesteps 395..444 | first: shoulder_pan.pos=-2.00 shoulder_lift.pos=-101.06 elbow_flex.pos=+89.26 wrist_flex.pos=+77.70 wrist_roll.pos=-0.13 gripper.pos=+0.86 | last: shoulder_pan.pos=-1.58 shoulder_lift.pos=-101.76 elbow_flex.pos=+89.43 wrist_flex.pos=+77.90 wrist_roll.pos=-0.17 gripper.pos=+0.99
INFO 2026-09-03 09:07:23 Final action sent: shoulder_pan.pos=-3.89 shoulder_lift.pos=-102.79 elbow_flex.pos=+90.42 wrist_flex.pos=+78.23 wrist_roll.pos=+0.50 gripper.pos=+0.88
DEBUG 2026-09-03 09:07:23 === episode end | 22.3s | converged=True | actions=421 ===
