DEBUG 2026-09-03 09:52:20 === episode start | task: 'put the cylinder on the tray' | duration: 50.0s ===
DEBUG 2026-09-03 09:52:21 [chunk] received 50 actions, timesteps 0..49 | first: shoulder_pan.pos=-3.97 shoulder_lift.pos=-102.48 elbow_flex.pos=+88.36 wrist_flex.pos=+77.11 wrist_roll.pos=-0.20 gripper.pos=+0.85 | last: shoulder_pan.pos=-3.89 shoulder_lift.pos=-102.30 elbow_flex.pos=+88.95 wrist_flex.pos=+77.04 wrist_roll.pos=-0.48 gripper.pos=+0.91
DEBUG 2026-09-03 09:52:21 [action #1] t=0.97s step=0 queue=50 dmax=n/a | shoulder_pan.pos=-3.97 shoulder_lift.pos=-102.48 elbow_flex.pos=+88.36 wrist_flex.pos=+77.11 wrist_roll.pos=-0.20 gripper.pos=+0.85
DEBUG 2026-09-03 09:52:21 [action #2] t=1.00s step=1 queue=49 dmax=0.554 | shoulder_pan.pos=-4.38 shoulder_lift.pos=-102.38 elbow_flex.pos=+87.81 wrist_flex.pos=+77.02 wrist_roll.pos=-0.19 gripper.pos=+0.83
DEBUG 2026-09-03 09:52:21 [action #3] t=1.04s step=2 queue=48 dmax=0.768 | shoulder_pan.pos=-4.05 shoulder_lift.pos=-102.53 elbow_flex.pos=+88.58 wrist_flex.pos=+77.30 wrist_roll.pos=-0.24 gripper.pos=+0.81
DEBUG 2026-09-03 09:52:21 [action #4] t=1.07s step=3 queue=47 dmax=0.588 | shoulder_pan.pos=-3.98 shoulder_lift.pos=-102.36 elbow_flex.pos=+87.99 wrist_flex.pos=+77.42 wrist_roll.pos=-0.11 gripper.pos=+0.83
DEBUG 2026-09-03 09:52:21 [action #5] t=1.10s step=4 queue=46 dmax=0.460 | shoulder_pan.pos=-4.05 shoulder_lift.pos=-101.90 elbow_flex.pos=+88.34 wrist_flex.pos=+77.36 wrist_roll.pos=-0.19 gripper.pos=+0.92
DEBUG 2026-09-03 09:52:21 [action #6] t=1.14s step=5 queue=45 dmax=0.513 | shoulder_pan.pos=-3.82 shoulder_lift.pos=-102.41 elbow_flex.pos=+88.06 wrist_flex.pos=+77.29 wrist_roll.pos=-0.23 gripper.pos=+1.10
DEBUG 2026-09-03 09:52:21 [action #7] t=1.17s step=6 queue=44 dmax=0.363 | shoulder_pan.pos=-3.88 shoulder_lift.pos=-102.05 elbow_flex.pos=+88.03 wrist_flex.pos=+77.30 wrist_roll.pos=-0.27 gripper.pos=+0.90
DEBUG 2026-09-03 09:52:21 [action #8] t=1.20s step=7 queue=43 dmax=1.155 | shoulder_pan.pos=-3.78 shoulder_lift.pos=-102.31 elbow_flex.pos=+89.19 wrist_flex.pos=+77.34 wrist_roll.pos=-0.27 gripper.pos=+0.86
DEBUG 2026-09-03 09:52:21 [action #9] t=1.24s step=8 queue=42 dmax=0.531 | shoulder_pan.pos=-3.79 shoulder_lift.pos=-102.27 elbow_flex.pos=+88.66 wrist_flex.pos=+77.53 wrist_roll.pos=-0.29 gripper.pos=+0.95
DEBUG 2026-09-03 09:52:21 [action #10] t=1.27s step=9 queue=41 dmax=0.223 | shoulder_pan.pos=-3.97 shoulder_lift.pos=-102.40 elbow_flex.pos=+88.88 wrist_flex.pos=+77.34 wrist_roll.pos=-0.17 gripper.pos=+0.97
DEBUG 2026-09-03 09:52:21 [action #11] t=1.30s step=10 queue=40 dmax=0.727 | shoulder_pan.pos=-3.80 shoulder_lift.pos=-101.91 elbow_flex.pos=+88.15 wrist_flex.pos=+77.38 wrist_roll.pos=-0.28 gripper.pos=+0.96
DEBUG 2026-09-03 09:52:21 [action #12] t=1.34s step=11 queue=39 dmax=0.725 | shoulder_pan.pos=-3.70 shoulder_lift.pos=-102.64 elbow_flex.pos=+88.53 wrist_flex.pos=+77.33 wrist_roll.pos=-0.26 gripper.pos=+0.96
DEBUG 2026-09-03 09:52:21 [action #13] t=1.37s step=12 queue=38 dmax=0.392 | shoulder_pan.pos=-3.95 shoulder_lift.pos=-102.24 elbow_flex.pos=+88.60 wrist_flex.pos=+77.53 wrist_roll.pos=-0.34 gripper.pos=+1.06
DEBUG 2026-09-03 09:52:21 [action #14] t=1.40s step=13 queue=37 dmax=0.322 | shoulder_pan.pos=-3.73 shoulder_lift.pos=-102.57 elbow_flex.pos=+88.91 wrist_flex.pos=+77.56 wrist_roll.pos=-0.28 gripper.pos=+1.00
DEBUG 2026-09-03 09:52:21 [action #15] t=1.44s step=14 queue=36 dmax=0.216 | shoulder_pan.pos=-3.83 shoulder_lift.pos=-102.78 elbow_flex.pos=+88.85 wrist_flex.pos=+77.44 wrist_roll.pos=-0.42 gripper.pos=+0.98
DEBUG 2026-09-03 09:52:21 [action #16] t=1.47s step=15 queue=35 dmax=1.275 | shoulder_pan.pos=-3.86 shoulder_lift.pos=-101.51 elbow_flex.pos=+88.01 wrist_flex.pos=+77.25 wrist_roll.pos=-0.34 gripper.pos=+0.84
DEBUG 2026-09-03 09:52:21 [action #17] t=1.51s step=16 queue=34 dmax=0.753 | shoulder_pan.pos=-3.98 shoulder_lift.pos=-102.26 elbow_flex.pos=+88.75 wrist_flex.pos=+77.42 wrist_roll.pos=-0.30 gripper.pos=+0.94
DEBUG 2026-09-03 09:52:21 [action #18] t=1.54s step=17 queue=33 dmax=0.358 | shoulder_pan.pos=-3.81 shoulder_lift.pos=-102.50 elbow_flex.pos=+88.39 wrist_flex.pos=+77.22 wrist_roll.pos=-0.42 gripper.pos=+0.84
DEBUG 2026-09-03 09:52:21 [action #19] t=1.57s step=18 queue=32 dmax=0.365 | shoulder_pan.pos=-3.85 shoulder_lift.pos=-102.28 elbow_flex.pos=+88.75 wrist_flex.pos=+77.22 wrist_roll.pos=-0.37 gripper.pos=+0.80
DEBUG 2026-09-03 09:52:21 [action #20] t=1.61s step=19 queue=31 dmax=0.231 | shoulder_pan.pos=-3.87 shoulder_lift.pos=-102.17 elbow_flex.pos=+88.68 wrist_flex.pos=+77.18 wrist_roll.pos=-0.32 gripper.pos=+1.03
DEBUG 2026-09-03 09:52:21 [action #21] t=1.64s step=20 queue=30 dmax=0.140 | shoulder_pan.pos=-3.98 shoulder_lift.pos=-102.17 elbow_flex.pos=+88.60 wrist_flex.pos=+77.19 wrist_roll.pos=-0.37 gripper.pos=+0.89
DEBUG 2026-09-03 09:52:22 [action #22] t=1.67s step=21 queue=29 dmax=0.399 | shoulder_pan.pos=-3.64 shoulder_lift.pos=-102.53 elbow_flex.pos=+88.20 wrist_flex.pos=+77.23 wrist_roll.pos=-0.29 gripper.pos=+0.96
DEBUG 2026-09-03 09:52:22 [action #23] t=1.71s step=22 queue=28 dmax=0.627 | shoulder_pan.pos=-3.83 shoulder_lift.pos=-102.39 elbow_flex.pos=+88.83 wrist_flex.pos=+77.51 wrist_roll.pos=-0.24 gripper.pos=+0.89
DEBUG 2026-09-03 09:52:22 [action #24] t=1.74s step=23 queue=27 dmax=0.916 | shoulder_pan.pos=-3.90 shoulder_lift.pos=-102.11 elbow_flex.pos=+87.91 wrist_flex.pos=+77.30 wrist_roll.pos=-0.34 gripper.pos=+0.88
DEBUG 2026-09-03 09:52:22 [action #25] t=1.77s step=24 queue=26 dmax=0.620 | shoulder_pan.pos=-3.86 shoulder_lift.pos=-102.38 elbow_flex.pos=+88.53 wrist_flex.pos=+77.25 wrist_roll.pos=-0.37 gripper.pos=+0.97
DEBUG 2026-09-03 09:52:22 [action #26] t=1.81s step=25 queue=25 dmax=0.534 | shoulder_pan.pos=-3.98 shoulder_lift.pos=-102.29 elbow_flex.pos=+88.00 wrist_flex.pos=+77.40 wrist_roll.pos=-0.31 gripper.pos=+0.81
DEBUG 2026-09-03 09:52:22 [action #27] t=1.84s step=26 queue=24 dmax=0.205 | shoulder_pan.pos=-3.87 shoulder_lift.pos=-102.14 elbow_flex.pos=+87.93 wrist_flex.pos=+77.20 wrist_roll.pos=-0.41 gripper.pos=+0.71
DEBUG 2026-09-03 09:52:22 [action #28] t=1.87s step=27 queue=23 dmax=0.560 | shoulder_pan.pos=-3.97 shoulder_lift.pos=-102.69 elbow_flex.pos=+88.49 wrist_flex.pos=+77.22 wrist_roll.pos=-0.49 gripper.pos=+0.95
DEBUG 2026-09-03 09:52:22 [action #29] t=1.91s step=28 queue=22 dmax=0.197 | shoulder_pan.pos=-3.88 shoulder_lift.pos=-102.49 elbow_flex.pos=+88.29 wrist_flex.pos=+77.28 wrist_roll.pos=-0.47 gripper.pos=+0.85
DEBUG 2026-09-03 09:52:22 [action #30] t=1.94s step=29 queue=21 dmax=0.394 | shoulder_pan.pos=-4.07 shoulder_lift.pos=-102.10 elbow_flex.pos=+88.20 wrist_flex.pos=+77.24 wrist_roll.pos=-0.44 gripper.pos=+0.95
DEBUG 2026-09-03 09:52:22 [action #31] t=1.97s step=30 queue=20 dmax=0.241 | shoulder_pan.pos=-3.95 shoulder_lift.pos=-101.87 elbow_flex.pos=+88.44 wrist_flex.pos=+77.25 wrist_roll.pos=-0.44 gripper.pos=+0.83
DEBUG 2026-09-03 09:52:22 [action #32] t=2.01s step=31 queue=19 dmax=0.708 | shoulder_pan.pos=-3.79 shoulder_lift.pos=-102.58 elbow_flex.pos=+88.14 wrist_flex.pos=+77.24 wrist_roll.pos=-0.40 gripper.pos=+0.85
DEBUG 2026-09-03 09:52:22 [action #33] t=2.04s step=32 queue=18 dmax=0.871 | shoulder_pan.pos=-3.50 shoulder_lift.pos=-101.71 elbow_flex.pos=+88.57 wrist_flex.pos=+77.12 wrist_roll.pos=-0.51 gripper.pos=+1.13
DEBUG 2026-09-03 09:52:22 [chunk] received 50 actions, timesteps 3..52 | first: shoulder_pan.pos=-3.88 shoulder_lift.pos=-102.42 elbow_flex.pos=+88.09 wrist_flex.pos=+77.27 wrist_roll.pos=-0.23 gripper.pos=+0.82 | last: shoulder_pan.pos=-3.63 shoulder_lift.pos=-101.99 elbow_flex.pos=+87.87 wrist_flex.pos=+77.70 wrist_roll.pos=-0.48 gripper.pos=+0.95
DEBUG 2026-09-03 09:52:22 [action #34] t=2.07s step=33 queue=20 dmax=0.562 | shoulder_pan.pos=-3.72 shoulder_lift.pos=-102.27 elbow_flex.pos=+88.05 wrist_flex.pos=+77.55 wrist_roll.pos=-0.41 gripper.pos=+0.92
DEBUG 2026-09-03 09:52:22 [action #35] t=2.11s step=34 queue=19 dmax=0.300 | shoulder_pan.pos=-3.79 shoulder_lift.pos=-102.30 elbow_flex.pos=+88.35 wrist_flex.pos=+77.48 wrist_roll.pos=-0.40 gripper.pos=+0.97
DEBUG 2026-09-03 09:52:22 [action #36] t=2.14s step=35 queue=18 dmax=0.554 | shoulder_pan.pos=-3.78 shoulder_lift.pos=-101.74 elbow_flex.pos=+88.35 wrist_flex.pos=+77.41 wrist_roll.pos=-0.53 gripper.pos=+0.97
DEBUG 2026-09-03 09:52:22 [action #37] t=2.17s step=36 queue=17 dmax=0.246 | shoulder_pan.pos=-3.75 shoulder_lift.pos=-101.69 elbow_flex.pos=+88.35 wrist_flex.pos=+77.65 wrist_roll.pos=-0.48 gripper.pos=+1.04
DEBUG 2026-09-03 09:52:22 [action #38] t=2.21s step=37 queue=16 dmax=0.378 | shoulder_pan.pos=-3.93 shoulder_lift.pos=-101.58 elbow_flex.pos=+87.97 wrist_flex.pos=+77.38 wrist_roll.pos=-0.48 gripper.pos=+0.88
DEBUG 2026-09-03 09:52:22 [action #39] t=2.24s step=38 queue=15 dmax=0.721 | shoulder_pan.pos=-3.87 shoulder_lift.pos=-101.51 elbow_flex.pos=+88.69 wrist_flex.pos=+77.51 wrist_roll.pos=-0.41 gripper.pos=+0.90
DEBUG 2026-09-03 09:52:22 [action #40] t=2.27s step=39 queue=14 dmax=0.556 | shoulder_pan.pos=-3.90 shoulder_lift.pos=-101.84 elbow_flex.pos=+88.14 wrist_flex.pos=+77.58 wrist_roll.pos=-0.45 gripper.pos=+0.87
DEBUG 2026-09-03 09:52:22 [action #41] t=2.31s step=40 queue=13 dmax=0.315 | shoulder_pan.pos=-3.79 shoulder_lift.pos=-102.04 elbow_flex.pos=+88.45 wrist_flex.pos=+77.56 wrist_roll.pos=-0.46 gripper.pos=+0.88
DEBUG 2026-09-03 09:52:22 [action #42] t=2.34s step=41 queue=12 dmax=0.181 | shoulder_pan.pos=-3.97 shoulder_lift.pos=-102.01 elbow_flex.pos=+88.50 wrist_flex.pos=+77.41 wrist_roll.pos=-0.50 gripper.pos=+0.92
DEBUG 2026-09-03 09:52:22 [action #43] t=2.38s step=42 queue=11 dmax=0.262 | shoulder_pan.pos=-3.72 shoulder_lift.pos=-101.94 elbow_flex.pos=+88.76 wrist_flex.pos=+77.45 wrist_roll.pos=-0.50 gripper.pos=+0.92
DEBUG 2026-09-03 09:52:22 [action #44] t=2.41s step=43 queue=10 dmax=0.242 | shoulder_pan.pos=-3.85 shoulder_lift.pos=-102.01 elbow_flex.pos=+88.52 wrist_flex.pos=+77.37 wrist_roll.pos=-0.55 gripper.pos=+0.99
DEBUG 2026-09-03 09:52:22 [action #45] t=2.44s step=44 queue=9 dmax=0.698 | shoulder_pan.pos=-3.80 shoulder_lift.pos=-101.89 elbow_flex.pos=+87.82 wrist_flex.pos=+77.60 wrist_roll.pos=-0.41 gripper.pos=+0.91
DEBUG 2026-09-03 09:52:22 [action #46] t=2.48s step=45 queue=8 dmax=0.334 | shoulder_pan.pos=-3.78 shoulder_lift.pos=-102.23 elbow_flex.pos=+87.73 wrist_flex.pos=+77.43 wrist_roll.pos=-0.47 gripper.pos=+0.83
DEBUG 2026-09-03 09:52:22 [action #47] t=2.51s step=46 queue=7 dmax=0.482 | shoulder_pan.pos=-3.76 shoulder_lift.pos=-101.97 elbow_flex.pos=+88.21 wrist_flex.pos=+77.33 wrist_roll.pos=-0.47 gripper.pos=+0.85
DEBUG 2026-09-03 09:52:22 [action #48] t=2.54s step=47 queue=6 dmax=0.556 | shoulder_pan.pos=-3.85 shoulder_lift.pos=-102.53 elbow_flex.pos=+87.98 wrist_flex.pos=+77.55 wrist_roll.pos=-0.49 gripper.pos=+0.90
DEBUG 2026-09-03 09:52:22 [action #49] t=2.58s step=48 queue=5 dmax=0.651 | shoulder_pan.pos=-3.81 shoulder_lift.pos=-101.88 elbow_flex.pos=+88.25 wrist_flex.pos=+77.34 wrist_roll.pos=-0.49 gripper.pos=+0.85
DEBUG 2026-09-03 09:52:22 [action #50] t=2.61s step=49 queue=4 dmax=0.225 | shoulder_pan.pos=-3.59 shoulder_lift.pos=-101.84 elbow_flex.pos=+88.11 wrist_flex.pos=+77.39 wrist_roll.pos=-0.51 gripper.pos=+0.95
DEBUG 2026-09-03 09:52:22 [action #51] t=2.64s step=50 queue=3 dmax=0.216 | shoulder_pan.pos=-3.37 shoulder_lift.pos=-101.84 elbow_flex.pos=+88.32 wrist_flex.pos=+77.52 wrist_roll.pos=-0.56 gripper.pos=+0.95
DEBUG 2026-09-03 09:52:23 [action #52] t=2.68s step=51 queue=2 dmax=0.421 | shoulder_pan.pos=-3.42 shoulder_lift.pos=-101.89 elbow_flex.pos=+87.89 wrist_flex.pos=+77.82 wrist_roll.pos=-0.57 gripper.pos=+0.74
DEBUG 2026-09-03 09:52:23 [action #53] t=2.71s step=52 queue=1 dmax=0.211 | shoulder_pan.pos=-3.63 shoulder_lift.pos=-101.99 elbow_flex.pos=+87.87 wrist_flex.pos=+77.70 wrist_roll.pos=-0.48 gripper.pos=+0.95
DEBUG 2026-09-03 09:52:24 [chunk] received 50 actions, timesteps 52..101 | first: shoulder_pan.pos=-3.37 shoulder_lift.pos=-102.11 elbow_flex.pos=+89.11 wrist_flex.pos=+77.09 wrist_roll.pos=-0.18 gripper.pos=+0.92 | last: shoulder_pan.pos=-3.71 shoulder_lift.pos=-101.95 elbow_flex.pos=+88.56 wrist_flex.pos=+77.61 wrist_roll.pos=-0.27 gripper.pos=+0.90
DEBUG 2026-09-03 09:52:24 [action #54] t=3.71s step=53 queue=49 dmax=0.923 | shoulder_pan.pos=-3.57 shoulder_lift.pos=-102.21 elbow_flex.pos=+88.80 wrist_flex.pos=+76.95 wrist_roll.pos=-0.30 gripper.pos=+0.89
DEBUG 2026-09-03 09:52:24 [action #55] t=3.75s step=54 queue=48 dmax=0.451 | shoulder_pan.pos=-3.31 shoulder_lift.pos=-101.76 elbow_flex.pos=+88.94 wrist_flex.pos=+77.32 wrist_roll.pos=-0.20 gripper.pos=+0.79
DEBUG 2026-09-03 09:52:24 [action #56] t=3.78s step=55 queue=47 dmax=0.520 | shoulder_pan.pos=-3.19 shoulder_lift.pos=-102.28 elbow_flex.pos=+89.09 wrist_flex.pos=+76.95 wrist_roll.pos=-0.29 gripper.pos=+0.85
DEBUG 2026-09-03 09:52:24 [action #57] t=3.81s step=56 queue=46 dmax=0.439 | shoulder_pan.pos=-3.49 shoulder_lift.pos=-102.25 elbow_flex.pos=+88.65 wrist_flex.pos=+77.06 wrist_roll.pos=-0.21 gripper.pos=+0.94
DEBUG 2026-09-03 09:52:24 [action #58] t=3.85s step=57 queue=45 dmax=0.559 | shoulder_pan.pos=-3.47 shoulder_lift.pos=-101.73 elbow_flex.pos=+89.21 wrist_flex.pos=+77.15 wrist_roll.pos=-0.28 gripper.pos=+1.17
DEBUG 2026-09-03 09:52:24 [action #59] t=3.88s step=58 queue=44 dmax=0.691 | shoulder_pan.pos=-3.54 shoulder_lift.pos=-102.42 elbow_flex.pos=+89.14 wrist_flex.pos=+77.03 wrist_roll.pos=-0.28 gripper.pos=+0.86
DEBUG 2026-09-03 09:52:24 [action #60] t=3.91s step=59 queue=43 dmax=0.647 | shoulder_pan.pos=-3.59 shoulder_lift.pos=-102.29 elbow_flex.pos=+88.50 wrist_flex.pos=+77.19 wrist_roll.pos=-0.30 gripper.pos=+0.99
DEBUG 2026-09-03 09:52:24 [action #61] t=3.95s step=60 queue=42 dmax=0.908 | shoulder_pan.pos=-3.47 shoulder_lift.pos=-101.86 elbow_flex.pos=+89.41 wrist_flex.pos=+77.11 wrist_roll.pos=-0.39 gripper.pos=+0.89
DEBUG 2026-09-03 09:52:24 [action #62] t=3.98s step=61 queue=41 dmax=0.782 | shoulder_pan.pos=-3.53 shoulder_lift.pos=-102.65 elbow_flex.pos=+88.85 wrist_flex.pos=+77.22 wrist_roll.pos=-0.13 gripper.pos=+0.95
DEBUG 2026-09-03 09:52:24 [action #63] t=4.01s step=62 queue=40 dmax=0.513 | shoulder_pan.pos=-3.37 shoulder_lift.pos=-102.13 elbow_flex.pos=+88.74 wrist_flex.pos=+77.21 wrist_roll.pos=-0.32 gripper.pos=+1.00
DEBUG 2026-09-03 09:52:24 [action #64] t=4.05s step=63 queue=39 dmax=0.507 | shoulder_pan.pos=-3.41 shoulder_lift.pos=-102.64 elbow_flex.pos=+88.42 wrist_flex.pos=+77.28 wrist_roll.pos=-0.20 gripper.pos=+0.98
DEBUG 2026-09-03 09:52:24 [action #65] t=4.08s step=64 queue=38 dmax=1.149 | shoulder_pan.pos=-3.59 shoulder_lift.pos=-101.49 elbow_flex.pos=+89.01 wrist_flex.pos=+77.18 wrist_roll.pos=-0.20 gripper.pos=+0.87
DEBUG 2026-09-03 09:52:24 [action #66] t=4.11s step=65 queue=37 dmax=0.812 | shoulder_pan.pos=-3.67 shoulder_lift.pos=-102.30 elbow_flex.pos=+89.00 wrist_flex.pos=+76.99 wrist_roll.pos=-0.26 gripper.pos=+0.98
DEBUG 2026-09-03 09:52:24 [action #67] t=4.15s step=66 queue=36 dmax=0.379 | shoulder_pan.pos=-3.61 shoulder_lift.pos=-102.52 elbow_flex.pos=+88.62 wrist_flex.pos=+77.21 wrist_roll.pos=-0.32 gripper.pos=+1.03
DEBUG 2026-09-03 09:52:24 [action #68] t=4.18s step=67 queue=35 dmax=0.881 | shoulder_pan.pos=-3.56 shoulder_lift.pos=-101.64 elbow_flex.pos=+87.97 wrist_flex.pos=+77.45 wrist_roll.pos=-0.33 gripper.pos=+0.99
DEBUG 2026-09-03 09:52:24 [action #69] t=4.22s step=68 queue=34 dmax=0.699 | shoulder_pan.pos=-3.47 shoulder_lift.pos=-101.55 elbow_flex.pos=+88.67 wrist_flex.pos=+77.24 wrist_roll.pos=-0.38 gripper.pos=+0.98
DEBUG 2026-09-03 09:52:24 [action #70] t=4.25s step=69 queue=33 dmax=0.529 | shoulder_pan.pos=-3.46 shoulder_lift.pos=-101.96 elbow_flex.pos=+88.14 wrist_flex.pos=+77.10 wrist_roll.pos=-0.27 gripper.pos=+0.93
DEBUG 2026-09-03 09:52:24 [action #71] t=4.28s step=70 queue=32 dmax=0.823 | shoulder_pan.pos=-3.50 shoulder_lift.pos=-102.78 elbow_flex.pos=+88.54 wrist_flex.pos=+77.23 wrist_roll.pos=-0.23 gripper.pos=+1.06
DEBUG 2026-09-03 09:52:24 [action #72] t=4.32s step=71 queue=31 dmax=1.083 | shoulder_pan.pos=-3.40 shoulder_lift.pos=-101.70 elbow_flex.pos=+88.59 wrist_flex.pos=+77.07 wrist_roll.pos=-0.29 gripper.pos=+1.03
DEBUG 2026-09-03 09:52:24 [action #73] t=4.35s step=72 queue=30 dmax=0.522 | shoulder_pan.pos=-3.67 shoulder_lift.pos=-102.22 elbow_flex.pos=+88.32 wrist_flex.pos=+77.33 wrist_roll.pos=-0.30 gripper.pos=+1.07
DEBUG 2026-09-03 09:52:24 [action #74] t=4.38s step=73 queue=29 dmax=0.329 | shoulder_pan.pos=-3.49 shoulder_lift.pos=-102.55 elbow_flex.pos=+88.35 wrist_flex.pos=+77.18 wrist_roll.pos=-0.23 gripper.pos=+0.84
DEBUG 2026-09-03 09:52:24 [action #75] t=4.42s step=74 queue=28 dmax=0.197 | shoulder_pan.pos=-3.46 shoulder_lift.pos=-102.48 elbow_flex.pos=+88.31 wrist_flex.pos=+77.30 wrist_roll.pos=-0.28 gripper.pos=+1.03
DEBUG 2026-09-03 09:52:24 [action #76] t=4.45s step=75 queue=27 dmax=0.959 | shoulder_pan.pos=-3.54 shoulder_lift.pos=-101.52 elbow_flex.pos=+88.18 wrist_flex.pos=+77.25 wrist_roll.pos=-0.18 gripper.pos=+0.96
DEBUG 2026-09-03 09:52:24 [action #77] t=4.48s step=76 queue=26 dmax=0.716 | shoulder_pan.pos=-3.52 shoulder_lift.pos=-102.23 elbow_flex.pos=+88.48 wrist_flex.pos=+77.27 wrist_roll.pos=-0.32 gripper.pos=+0.94
DEBUG 2026-09-03 09:52:24 [action #78] t=4.52s step=77 queue=25 dmax=0.280 | shoulder_pan.pos=-3.26 shoulder_lift.pos=-102.13 elbow_flex.pos=+88.76 wrist_flex.pos=+77.17 wrist_roll.pos=-0.37 gripper.pos=+0.94
DEBUG 2026-09-03 09:52:24 [action #79] t=4.55s step=78 queue=24 dmax=0.393 | shoulder_pan.pos=-3.65 shoulder_lift.pos=-101.75 elbow_flex.pos=+89.01 wrist_flex.pos=+77.13 wrist_roll.pos=-0.32 gripper.pos=+0.86
DEBUG 2026-09-03 09:52:24 [action #80] t=4.58s step=79 queue=23 dmax=0.938 | shoulder_pan.pos=-3.31 shoulder_lift.pos=-102.69 elbow_flex.pos=+88.84 wrist_flex.pos=+77.03 wrist_roll.pos=-0.32 gripper.pos=+0.89
DEBUG 2026-09-03 09:52:24 [action #81] t=4.62s step=80 queue=22 dmax=0.337 | shoulder_pan.pos=-3.36 shoulder_lift.pos=-102.35 elbow_flex.pos=+88.85 wrist_flex.pos=+77.24 wrist_roll.pos=-0.32 gripper.pos=+0.96
DEBUG 2026-09-03 09:52:24 [action #82] t=4.65s step=81 queue=21 dmax=1.128 | shoulder_pan.pos=-3.37 shoulder_lift.pos=-101.91 elbow_flex.pos=+87.72 wrist_flex.pos=+77.11 wrist_roll.pos=-0.34 gripper.pos=+0.92
DEBUG 2026-09-03 09:52:25 [action #83] t=4.68s step=82 queue=20 dmax=1.198 | shoulder_pan.pos=-3.34 shoulder_lift.pos=-100.71 elbow_flex.pos=+88.38 wrist_flex.pos=+77.14 wrist_roll.pos=-0.26 gripper.pos=+0.94
DEBUG 2026-09-03 09:52:25 [action #84] t=4.72s step=83 queue=19 dmax=1.126 | shoulder_pan.pos=-3.67 shoulder_lift.pos=-101.83 elbow_flex.pos=+88.67 wrist_flex.pos=+77.19 wrist_roll.pos=-0.26 gripper.pos=+0.92
DEBUG 2026-09-03 09:52:25 [action #85] t=4.75s step=84 queue=18 dmax=0.328 | shoulder_pan.pos=-3.63 shoulder_lift.pos=-101.70 elbow_flex.pos=+89.00 wrist_flex.pos=+77.21 wrist_roll.pos=-0.39 gripper.pos=+0.95
DEBUG 2026-09-03 09:52:25 [action #86] t=4.78s step=85 queue=17 dmax=0.791 | shoulder_pan.pos=-3.69 shoulder_lift.pos=-101.41 elbow_flex.pos=+88.21 wrist_flex.pos=+77.05 wrist_roll.pos=-0.38 gripper.pos=+1.03
DEBUG 2026-09-03 09:52:25 [action #87] t=4.82s step=86 queue=16 dmax=0.139 | shoulder_pan.pos=-3.59 shoulder_lift.pos=-101.47 elbow_flex.pos=+88.16 wrist_flex.pos=+77.06 wrist_roll.pos=-0.43 gripper.pos=+0.89
DEBUG 2026-09-03 09:52:25 [action #88] t=4.85s step=87 queue=15 dmax=0.257 | shoulder_pan.pos=-3.37 shoulder_lift.pos=-101.21 elbow_flex.pos=+88.23 wrist_flex.pos=+77.15 wrist_roll.pos=-0.27 gripper.pos=+1.05
DEBUG 2026-09-03 09:52:25 [action #89] t=4.88s step=88 queue=14 dmax=0.642 | shoulder_pan.pos=-3.64 shoulder_lift.pos=-101.85 elbow_flex.pos=+88.50 wrist_flex.pos=+77.14 wrist_roll.pos=-0.28 gripper.pos=+0.72
DEBUG 2026-09-03 09:52:25 [action #90] t=4.92s step=89 queue=13 dmax=0.465 | shoulder_pan.pos=-3.33 shoulder_lift.pos=-102.09 elbow_flex.pos=+88.03 wrist_flex.pos=+76.97 wrist_roll.pos=-0.35 gripper.pos=+0.98
DEBUG 2026-09-03 09:52:25 [action #91] t=4.95s step=90 queue=12 dmax=1.217 | shoulder_pan.pos=-3.44 shoulder_lift.pos=-100.88 elbow_flex.pos=+88.41 wrist_flex.pos=+77.17 wrist_roll.pos=-0.15 gripper.pos=+0.92
DEBUG 2026-09-03 09:52:25 [action #92] t=4.98s step=91 queue=11 dmax=0.922 | shoulder_pan.pos=-3.66 shoulder_lift.pos=-101.53 elbow_flex.pos=+87.49 wrist_flex.pos=+77.23 wrist_roll.pos=-0.36 gripper.pos=+0.78
DEBUG 2026-09-03 09:52:25 [action #93] t=5.02s step=92 queue=10 dmax=0.775 | shoulder_pan.pos=-3.56 shoulder_lift.pos=-102.14 elbow_flex.pos=+88.26 wrist_flex.pos=+77.37 wrist_roll.pos=-0.31 gripper.pos=+0.93
DEBUG 2026-09-03 09:52:25 [action #94] t=5.05s step=93 queue=9 dmax=0.591 | shoulder_pan.pos=-3.39 shoulder_lift.pos=-101.55 elbow_flex.pos=+88.42 wrist_flex.pos=+77.31 wrist_roll.pos=-0.23 gripper.pos=+0.88
DEBUG 2026-09-03 09:52:25 [action #95] t=5.09s step=94 queue=8 dmax=0.971 | shoulder_pan.pos=-3.77 shoulder_lift.pos=-101.37 elbow_flex.pos=+87.45 wrist_flex.pos=+77.31 wrist_roll.pos=-0.37 gripper.pos=+1.00
DEBUG 2026-09-03 09:52:25 [action #96] t=5.12s step=95 queue=7 dmax=0.289 | shoulder_pan.pos=-3.55 shoulder_lift.pos=-101.35 elbow_flex.pos=+87.16 wrist_flex.pos=+77.31 wrist_roll.pos=-0.28 gripper.pos=+0.93
DEBUG 2026-09-03 09:52:25 [action #97] t=5.15s step=96 queue=6 dmax=0.616 | shoulder_pan.pos=-3.84 shoulder_lift.pos=-101.22 elbow_flex.pos=+87.78 wrist_flex.pos=+77.40 wrist_roll.pos=-0.32 gripper.pos=+0.96
DEBUG 2026-09-03 09:52:25 [action #98] t=5.19s step=97 queue=5 dmax=1.014 | shoulder_pan.pos=-3.92 shoulder_lift.pos=-102.23 elbow_flex.pos=+87.77 wrist_flex.pos=+77.24 wrist_roll.pos=-0.30 gripper.pos=+0.81
DEBUG 2026-09-03 09:52:25 [action #99] t=5.22s step=98 queue=4 dmax=0.270 | shoulder_pan.pos=-3.70 shoulder_lift.pos=-102.07 elbow_flex.pos=+88.04 wrist_flex.pos=+77.35 wrist_roll.pos=-0.33 gripper.pos=+1.00
DEBUG 2026-09-03 09:52:25 [action #100] t=5.25s step=99 queue=3 dmax=0.553 | shoulder_pan.pos=-3.58 shoulder_lift.pos=-101.52 elbow_flex.pos=+88.06 wrist_flex.pos=+77.52 wrist_roll.pos=-0.41 gripper.pos=+1.03
DEBUG 2026-09-03 09:52:25 [action #101] t=5.29s step=100 queue=2 dmax=1.001 | shoulder_pan.pos=-3.45 shoulder_lift.pos=-102.01 elbow_flex.pos=+87.06 wrist_flex.pos=+77.19 wrist_roll.pos=-0.33 gripper.pos=+0.83
DEBUG 2026-09-03 09:52:25 [action #102] t=5.32s step=101 queue=1 dmax=1.504 | shoulder_pan.pos=-3.71 shoulder_lift.pos=-101.95 elbow_flex.pos=+88.56 wrist_flex.pos=+77.61 wrist_roll.pos=-0.27 gripper.pos=+0.90
DEBUG 2026-09-03 09:52:26 [chunk] received 50 actions, timesteps 101..150 | first: shoulder_pan.pos=-3.29 shoulder_lift.pos=-103.39 elbow_flex.pos=+89.00 wrist_flex.pos=+77.29 wrist_roll.pos=-0.35 gripper.pos=+0.99 | last: shoulder_pan.pos=-3.70 shoulder_lift.pos=-102.03 elbow_flex.pos=+88.01 wrist_flex.pos=+77.44 wrist_roll.pos=-0.45 gripper.pos=+0.90
DEBUG 2026-09-03 09:52:26 [action #103] t=6.22s step=102 queue=49 dmax=1.339 | shoulder_pan.pos=-3.21 shoulder_lift.pos=-103.29 elbow_flex.pos=+89.20 wrist_flex.pos=+77.32 wrist_roll.pos=-0.29 gripper.pos=+0.93
DEBUG 2026-09-03 09:52:26 [action #104] t=6.26s step=103 queue=48 dmax=0.656 | shoulder_pan.pos=-3.35 shoulder_lift.pos=-102.63 elbow_flex.pos=+88.73 wrist_flex.pos=+77.49 wrist_roll.pos=-0.40 gripper.pos=+0.91
DEBUG 2026-09-03 09:52:26 [action #105] t=6.29s step=104 queue=47 dmax=0.454 | shoulder_pan.pos=-3.34 shoulder_lift.pos=-102.65 elbow_flex.pos=+88.27 wrist_flex.pos=+77.18 wrist_roll.pos=-0.36 gripper.pos=+0.97
DEBUG 2026-09-03 09:52:26 [action #106] t=6.32s step=105 queue=46 dmax=0.420 | shoulder_pan.pos=-3.24 shoulder_lift.pos=-102.41 elbow_flex.pos=+88.36 wrist_flex.pos=+77.60 wrist_roll.pos=-0.42 gripper.pos=+0.96
DEBUG 2026-09-03 09:52:26 [action #107] t=6.36s step=106 queue=45 dmax=0.579 | shoulder_pan.pos=-3.30 shoulder_lift.pos=-102.99 elbow_flex.pos=+88.53 wrist_flex.pos=+77.42 wrist_roll.pos=-0.37 gripper.pos=+0.91
DEBUG 2026-09-03 09:52:26 [action #108] t=6.39s step=107 queue=44 dmax=0.335 | shoulder_pan.pos=-3.38 shoulder_lift.pos=-102.81 elbow_flex.pos=+88.19 wrist_flex.pos=+77.38 wrist_roll.pos=-0.40 gripper.pos=+0.86
DEBUG 2026-09-03 09:52:26 [action #109] t=6.42s step=108 queue=43 dmax=0.901 | shoulder_pan.pos=-3.30 shoulder_lift.pos=-101.91 elbow_flex.pos=+88.57 wrist_flex.pos=+77.33 wrist_roll.pos=-0.42 gripper.pos=+1.05
DEBUG 2026-09-03 09:52:26 [action #110] t=6.46s step=109 queue=42 dmax=0.897 | shoulder_pan.pos=-3.54 shoulder_lift.pos=-102.81 elbow_flex.pos=+88.21 wrist_flex.pos=+77.62 wrist_roll.pos=-0.38 gripper.pos=+0.95
DEBUG 2026-09-03 09:52:26 [action #111] t=6.49s step=110 queue=41 dmax=0.335 | shoulder_pan.pos=-3.20 shoulder_lift.pos=-102.93 elbow_flex.pos=+88.26 wrist_flex.pos=+77.44 wrist_roll.pos=-0.38 gripper.pos=+0.96
DEBUG 2026-09-03 09:52:26 [action #112] t=6.52s step=111 queue=40 dmax=0.295 | shoulder_pan.pos=-3.24 shoulder_lift.pos=-103.22 elbow_flex.pos=+88.27 wrist_flex.pos=+77.47 wrist_roll.pos=-0.33 gripper.pos=+1.08
DEBUG 2026-09-03 09:52:26 [action #113] t=6.56s step=112 queue=39 dmax=1.010 | shoulder_pan.pos=-3.28 shoulder_lift.pos=-102.21 elbow_flex.pos=+88.07 wrist_flex.pos=+77.51 wrist_roll.pos=-0.31 gripper.pos=+0.83
DEBUG 2026-09-03 09:52:26 [action #114] t=6.59s step=113 queue=38 dmax=0.231 | shoulder_pan.pos=-3.41 shoulder_lift.pos=-102.45 elbow_flex.pos=+87.94 wrist_flex.pos=+77.50 wrist_roll.pos=-0.33 gripper.pos=+0.90
DEBUG 2026-09-03 09:52:26 [action #115] t=6.62s step=114 queue=37 dmax=0.443 | shoulder_pan.pos=-3.32 shoulder_lift.pos=-102.00 elbow_flex.pos=+87.98 wrist_flex.pos=+77.40 wrist_roll.pos=-0.35 gripper.pos=+0.97
DEBUG 2026-09-03 09:52:26 [action #116] t=6.66s step=115 queue=36 dmax=0.651 | shoulder_pan.pos=-3.33 shoulder_lift.pos=-102.65 elbow_flex.pos=+87.73 wrist_flex.pos=+77.35 wrist_roll.pos=-0.40 gripper.pos=+0.93
DEBUG 2026-09-03 09:52:27 [action #117] t=6.69s step=116 queue=35 dmax=0.651 | shoulder_pan.pos=-3.41 shoulder_lift.pos=-102.09 elbow_flex.pos=+87.08 wrist_flex.pos=+77.57 wrist_roll.pos=-0.39 gripper.pos=+0.91
DEBUG 2026-09-03 09:52:27 [action #118] t=6.72s step=117 queue=34 dmax=0.786 | shoulder_pan.pos=-3.32 shoulder_lift.pos=-101.94 elbow_flex.pos=+87.87 wrist_flex.pos=+77.38 wrist_roll.pos=-0.36 gripper.pos=+0.95
DEBUG 2026-09-03 09:52:27 [action #119] t=6.76s step=118 queue=33 dmax=0.369 | shoulder_pan.pos=-3.47 shoulder_lift.pos=-102.31 elbow_flex.pos=+88.03 wrist_flex.pos=+77.45 wrist_roll.pos=-0.48 gripper.pos=+0.98
DEBUG 2026-09-03 09:52:27 [action #120] t=6.79s step=119 queue=32 dmax=0.497 | shoulder_pan.pos=-3.38 shoulder_lift.pos=-102.23 elbow_flex.pos=+88.53 wrist_flex.pos=+77.57 wrist_roll.pos=-0.37 gripper.pos=+0.93
DEBUG 2026-09-03 09:52:27 [action #121] t=6.83s step=120 queue=31 dmax=0.441 | shoulder_pan.pos=-3.63 shoulder_lift.pos=-102.30 elbow_flex.pos=+88.09 wrist_flex.pos=+77.47 wrist_roll.pos=-0.41 gripper.pos=+0.99
DEBUG 2026-09-03 09:52:27 [action #122] t=6.86s step=121 queue=30 dmax=0.317 | shoulder_pan.pos=-3.31 shoulder_lift.pos=-102.35 elbow_flex.pos=+88.31 wrist_flex.pos=+77.39 wrist_roll.pos=-0.37 gripper.pos=+1.06
DEBUG 2026-09-03 09:52:27 [action #123] t=6.89s step=122 queue=29 dmax=0.182 | shoulder_pan.pos=-3.42 shoulder_lift.pos=-102.20 elbow_flex.pos=+88.21 wrist_flex.pos=+77.40 wrist_roll.pos=-0.35 gripper.pos=+0.87
DEBUG 2026-09-03 09:52:27 [action #124] t=6.93s step=123 queue=28 dmax=0.411 | shoulder_pan.pos=-3.73 shoulder_lift.pos=-101.79 elbow_flex.pos=+88.39 wrist_flex.pos=+77.57 wrist_roll.pos=-0.37 gripper.pos=+0.81
DEBUG 2026-09-03 09:52:27 [action #125] t=6.96s step=124 queue=27 dmax=0.619 | shoulder_pan.pos=-3.18 shoulder_lift.pos=-101.60 elbow_flex.pos=+87.77 wrist_flex.pos=+77.36 wrist_roll.pos=-0.24 gripper.pos=+0.74
DEBUG 2026-09-03 09:52:27 [action #126] t=6.99s step=125 queue=26 dmax=0.426 | shoulder_pan.pos=-3.17 shoulder_lift.pos=-102.02 elbow_flex.pos=+88.06 wrist_flex.pos=+77.45 wrist_roll.pos=-0.33 gripper.pos=+0.89
DEBUG 2026-09-03 09:52:27 [action #127] t=7.03s step=126 queue=25 dmax=0.285 | shoulder_pan.pos=-3.45 shoulder_lift.pos=-102.00 elbow_flex.pos=+88.22 wrist_flex.pos=+77.47 wrist_roll.pos=-0.40 gripper.pos=+0.96
DEBUG 2026-09-03 09:52:27 [action #128] t=7.06s step=127 queue=24 dmax=0.257 | shoulder_pan.pos=-3.47 shoulder_lift.pos=-102.26 elbow_flex.pos=+88.30 wrist_flex.pos=+77.33 wrist_roll.pos=-0.38 gripper.pos=+0.99
DEBUG 2026-09-03 09:52:27 [action #129] t=7.09s step=128 queue=23 dmax=0.698 | shoulder_pan.pos=-3.38 shoulder_lift.pos=-101.56 elbow_flex.pos=+88.48 wrist_flex.pos=+77.09 wrist_roll.pos=-0.44 gripper.pos=+1.01
DEBUG 2026-09-03 09:52:27 [action #130] t=7.13s step=129 queue=22 dmax=1.172 | shoulder_pan.pos=-3.52 shoulder_lift.pos=-102.73 elbow_flex.pos=+88.29 wrist_flex.pos=+77.32 wrist_roll.pos=-0.43 gripper.pos=+0.96
DEBUG 2026-09-03 09:52:27 [action #131] t=7.16s step=130 queue=21 dmax=0.407 | shoulder_pan.pos=-3.28 shoulder_lift.pos=-102.32 elbow_flex.pos=+88.45 wrist_flex.pos=+77.12 wrist_roll.pos=-0.42 gripper.pos=+0.94
DEBUG 2026-09-03 09:52:27 [action #132] t=7.19s step=131 queue=20 dmax=0.564 | shoulder_pan.pos=-3.53 shoulder_lift.pos=-102.18 elbow_flex.pos=+89.01 wrist_flex.pos=+77.26 wrist_roll.pos=-0.38 gripper.pos=+0.93
DEBUG 2026-09-03 09:52:27 [action #133] t=7.23s step=132 queue=19 dmax=0.735 | shoulder_pan.pos=-3.31 shoulder_lift.pos=-101.45 elbow_flex.pos=+88.48 wrist_flex.pos=+77.34 wrist_roll.pos=-0.40 gripper.pos=+0.91
DEBUG 2026-09-03 09:52:27 [action #134] t=7.26s step=133 queue=18 dmax=0.342 | shoulder_pan.pos=-3.34 shoulder_lift.pos=-101.79 elbow_flex.pos=+88.81 wrist_flex.pos=+77.32 wrist_roll.pos=-0.41 gripper.pos=+0.97
DEBUG 2026-09-03 09:52:27 [action #135] t=7.29s step=134 queue=17 dmax=0.543 | shoulder_pan.pos=-3.55 shoulder_lift.pos=-102.33 elbow_flex.pos=+89.06 wrist_flex.pos=+77.56 wrist_roll.pos=-0.43 gripper.pos=+0.90
DEBUG 2026-09-03 09:52:27 [action #136] t=7.33s step=135 queue=16 dmax=0.707 | shoulder_pan.pos=-3.53 shoulder_lift.pos=-101.63 elbow_flex.pos=+88.59 wrist_flex.pos=+77.12 wrist_roll.pos=-0.41 gripper.pos=+0.97
DEBUG 2026-09-03 09:52:27 [action #137] t=7.36s step=136 queue=15 dmax=1.167 | shoulder_pan.pos=-3.60 shoulder_lift.pos=-102.79 elbow_flex.pos=+88.99 wrist_flex.pos=+77.42 wrist_roll.pos=-0.35 gripper.pos=+0.88
DEBUG 2026-09-03 09:52:27 [action #138] t=7.39s step=137 queue=14 dmax=0.609 | shoulder_pan.pos=-3.32 shoulder_lift.pos=-102.18 elbow_flex.pos=+88.62 wrist_flex.pos=+77.34 wrist_roll.pos=-0.46 gripper.pos=+1.13
DEBUG 2026-09-03 09:52:27 [action #139] t=7.43s step=138 queue=13 dmax=0.578 | shoulder_pan.pos=-3.50 shoulder_lift.pos=-101.61 elbow_flex.pos=+88.79 wrist_flex.pos=+77.44 wrist_roll.pos=-0.46 gripper.pos=+0.90
DEBUG 2026-09-03 09:52:27 [action #140] t=7.46s step=139 queue=12 dmax=0.835 | shoulder_pan.pos=-3.57 shoulder_lift.pos=-102.44 elbow_flex.pos=+88.57 wrist_flex.pos=+77.11 wrist_roll.pos=-0.36 gripper.pos=+0.92
DEBUG 2026-09-03 09:52:27 [action #141] t=7.49s step=140 queue=11 dmax=0.600 | shoulder_pan.pos=-3.43 shoulder_lift.pos=-102.02 elbow_flex.pos=+87.97 wrist_flex.pos=+77.33 wrist_roll.pos=-0.38 gripper.pos=+0.96
DEBUG 2026-09-03 09:52:27 [action #142] t=7.53s step=141 queue=10 dmax=0.233 | shoulder_pan.pos=-3.19 shoulder_lift.pos=-101.88 elbow_flex.pos=+88.12 wrist_flex.pos=+77.44 wrist_roll.pos=-0.45 gripper.pos=+0.96
DEBUG 2026-09-03 09:52:27 [action #143] t=7.56s step=142 queue=9 dmax=0.161 | shoulder_pan.pos=-3.36 shoulder_lift.pos=-101.93 elbow_flex.pos=+88.16 wrist_flex.pos=+77.43 wrist_roll.pos=-0.40 gripper.pos=+1.02
DEBUG 2026-09-03 09:52:27 [action #144] t=7.59s step=143 queue=8 dmax=0.577 | shoulder_pan.pos=-3.47 shoulder_lift.pos=-102.51 elbow_flex.pos=+88.54 wrist_flex.pos=+77.36 wrist_roll.pos=-0.47 gripper.pos=+1.04
DEBUG 2026-09-03 09:52:27 [action #145] t=7.63s step=144 queue=7 dmax=0.653 | shoulder_pan.pos=-3.25 shoulder_lift.pos=-101.85 elbow_flex.pos=+87.94 wrist_flex.pos=+77.31 wrist_roll.pos=-0.46 gripper.pos=+0.93
DEBUG 2026-09-03 09:52:28 [action #146] t=7.66s step=145 queue=6 dmax=0.409 | shoulder_pan.pos=-3.34 shoulder_lift.pos=-102.03 elbow_flex.pos=+88.35 wrist_flex.pos=+77.44 wrist_roll.pos=-0.36 gripper.pos=+0.91
DEBUG 2026-09-03 09:52:28 [action #147] t=7.69s step=146 queue=5 dmax=0.148 | shoulder_pan.pos=-3.48 shoulder_lift.pos=-102.03 elbow_flex.pos=+88.20 wrist_flex.pos=+77.49 wrist_roll.pos=-0.42 gripper.pos=+1.01
DEBUG 2026-09-03 09:52:28 [action #148] t=7.73s step=147 queue=4 dmax=0.161 | shoulder_pan.pos=-3.62 shoulder_lift.pos=-102.16 elbow_flex.pos=+88.09 wrist_flex.pos=+77.33 wrist_roll.pos=-0.44 gripper.pos=+0.94
DEBUG 2026-09-03 09:52:28 [action #149] t=7.76s step=148 queue=3 dmax=0.531 | shoulder_pan.pos=-3.52 shoulder_lift.pos=-102.33 elbow_flex.pos=+87.56 wrist_flex.pos=+77.41 wrist_roll.pos=-0.46 gripper.pos=+0.89
DEBUG 2026-09-03 09:52:28 [action #150] t=7.80s step=149 queue=2 dmax=0.241 | shoulder_pan.pos=-3.64 shoulder_lift.pos=-102.43 elbow_flex.pos=+87.80 wrist_flex.pos=+77.35 wrist_roll.pos=-0.46 gripper.pos=+0.94
DEBUG 2026-09-03 09:52:28 [action #151] t=7.83s step=150 queue=1 dmax=0.397 | shoulder_pan.pos=-3.70 shoulder_lift.pos=-102.03 elbow_flex.pos=+88.01 wrist_flex.pos=+77.44 wrist_roll.pos=-0.45 gripper.pos=+0.90
DEBUG 2026-09-03 09:52:29 [chunk] received 50 actions, timesteps 150..199 | first: shoulder_pan.pos=-3.26 shoulder_lift.pos=-102.57 elbow_flex.pos=+88.84 wrist_flex.pos=+77.15 wrist_roll.pos=-0.40 gripper.pos=+0.85 | last: shoulder_pan.pos=-3.16 shoulder_lift.pos=-102.43 elbow_flex.pos=+88.24 wrist_flex.pos=+77.25 wrist_roll.pos=-0.42 gripper.pos=+0.82
DEBUG 2026-09-03 09:52:29 [action #152] t=8.90s step=151 queue=49 dmax=1.239 | shoulder_pan.pos=-3.13 shoulder_lift.pos=-102.25 elbow_flex.pos=+89.25 wrist_flex.pos=+77.00 wrist_roll.pos=-0.47 gripper.pos=+0.85
DEBUG 2026-09-03 09:52:29 [action #153] t=8.93s step=152 queue=48 dmax=0.353 | shoulder_pan.pos=-3.04 shoulder_lift.pos=-102.61 elbow_flex.pos=+89.03 wrist_flex.pos=+77.20 wrist_roll.pos=-0.38 gripper.pos=+0.88
DEBUG 2026-09-03 09:52:29 [action #154] t=8.97s step=153 queue=47 dmax=0.208 | shoulder_pan.pos=-3.10 shoulder_lift.pos=-102.40 elbow_flex.pos=+89.23 wrist_flex.pos=+76.99 wrist_roll.pos=-0.38 gripper.pos=+0.93
DEBUG 2026-09-03 09:52:29 [action #155] t=9.00s step=154 queue=46 dmax=0.454 | shoulder_pan.pos=-3.26 shoulder_lift.pos=-102.25 elbow_flex.pos=+88.78 wrist_flex.pos=+77.13 wrist_roll.pos=-0.41 gripper.pos=+0.78
DEBUG 2026-09-03 09:52:29 [action #156] t=9.03s step=155 queue=45 dmax=0.295 | shoulder_pan.pos=-3.22 shoulder_lift.pos=-102.20 elbow_flex.pos=+89.07 wrist_flex.pos=+77.20 wrist_roll.pos=-0.37 gripper.pos=+0.89
DEBUG 2026-09-03 09:52:29 [action #157] t=9.07s step=156 queue=44 dmax=0.440 | shoulder_pan.pos=-3.10 shoulder_lift.pos=-102.64 elbow_flex.pos=+88.76 wrist_flex.pos=+77.17 wrist_roll.pos=-0.42 gripper.pos=+0.99
DEBUG 2026-09-03 09:52:29 [action #158] t=9.10s step=157 queue=43 dmax=0.221 | shoulder_pan.pos=-3.32 shoulder_lift.pos=-102.64 elbow_flex.pos=+88.78 wrist_flex.pos=+77.09 wrist_roll.pos=-0.43 gripper.pos=+0.84
DEBUG 2026-09-03 09:52:29 [action #159] t=9.13s step=158 queue=42 dmax=0.275 | shoulder_pan.pos=-3.14 shoulder_lift.pos=-102.77 elbow_flex.pos=+89.06 wrist_flex.pos=+77.28 wrist_roll.pos=-0.39 gripper.pos=+0.95
DEBUG 2026-09-03 09:52:29 [action #160] t=9.17s step=159 queue=41 dmax=0.676 | shoulder_pan.pos=-3.27 shoulder_lift.pos=-102.10 elbow_flex.pos=+89.36 wrist_flex.pos=+77.18 wrist_roll.pos=-0.45 gripper.pos=+1.02
DEBUG 2026-09-03 09:52:29 [action #161] t=9.20s step=160 queue=40 dmax=0.912 | shoulder_pan.pos=-3.22 shoulder_lift.pos=-103.01 elbow_flex.pos=+89.27 wrist_flex.pos=+77.29 wrist_roll.pos=-0.30 gripper.pos=+1.02
DEBUG 2026-09-03 09:52:29 [action #162] t=9.23s step=161 queue=39 dmax=0.947 | shoulder_pan.pos=-3.06 shoulder_lift.pos=-102.06 elbow_flex.pos=+88.46 wrist_flex.pos=+77.08 wrist_roll.pos=-0.40 gripper.pos=+0.87
DEBUG 2026-09-03 09:52:29 [action #163] t=9.27s step=162 queue=38 dmax=0.457 | shoulder_pan.pos=-3.20 shoulder_lift.pos=-102.32 elbow_flex.pos=+88.92 wrist_flex.pos=+77.17 wrist_roll.pos=-0.32 gripper.pos=+0.97
DEBUG 2026-09-03 09:52:29 [action #164] t=9.30s step=163 queue=37 dmax=0.248 | shoulder_pan.pos=-3.28 shoulder_lift.pos=-102.36 elbow_flex.pos=+88.67 wrist_flex.pos=+77.15 wrist_roll.pos=-0.31 gripper.pos=+0.93
DEBUG 2026-09-03 09:52:29 [action #165] t=9.33s step=164 queue=36 dmax=0.208 | shoulder_pan.pos=-3.38 shoulder_lift.pos=-102.28 elbow_flex.pos=+88.46 wrist_flex.pos=+77.11 wrist_roll.pos=-0.35 gripper.pos=+0.97
DEBUG 2026-09-03 09:52:29 [action #166] t=9.37s step=165 queue=35 dmax=0.895 | shoulder_pan.pos=-3.31 shoulder_lift.pos=-103.17 elbow_flex.pos=+89.23 wrist_flex.pos=+77.22 wrist_roll.pos=-0.38 gripper.pos=+1.03
DEBUG 2026-09-03 09:52:29 [action #167] t=9.40s step=166 queue=34 dmax=0.787 | shoulder_pan.pos=-3.43 shoulder_lift.pos=-102.38 elbow_flex.pos=+89.25 wrist_flex.pos=+77.30 wrist_roll.pos=-0.36 gripper.pos=+0.78
DEBUG 2026-09-03 09:52:29 [action #168] t=9.43s step=167 queue=33 dmax=0.440 | shoulder_pan.pos=-3.36 shoulder_lift.pos=-102.32 elbow_flex.pos=+88.81 wrist_flex.pos=+77.03 wrist_roll.pos=-0.30 gripper.pos=+0.93
DEBUG 2026-09-03 09:52:29 [action #169] t=9.47s step=168 queue=32 dmax=0.285 | shoulder_pan.pos=-3.20 shoulder_lift.pos=-102.54 elbow_flex.pos=+88.88 wrist_flex.pos=+77.32 wrist_roll.pos=-0.40 gripper.pos=+0.93
DEBUG 2026-09-03 09:52:29 [action #170] t=9.50s step=169 queue=31 dmax=0.580 | shoulder_pan.pos=-3.10 shoulder_lift.pos=-101.96 elbow_flex.pos=+88.67 wrist_flex.pos=+77.27 wrist_roll.pos=-0.43 gripper.pos=+0.99
DEBUG 2026-09-03 09:52:29 [action #171] t=9.53s step=170 queue=30 dmax=0.422 | shoulder_pan.pos=-3.20 shoulder_lift.pos=-102.38 elbow_flex.pos=+88.36 wrist_flex.pos=+77.01 wrist_roll.pos=-0.37 gripper.pos=+0.87
DEBUG 2026-09-03 09:52:29 [action #172] t=9.57s step=171 queue=29 dmax=0.948 | shoulder_pan.pos=-3.17 shoulder_lift.pos=-101.83 elbow_flex.pos=+89.31 wrist_flex.pos=+77.18 wrist_roll.pos=-0.38 gripper.pos=+0.95
DEBUG 2026-09-03 09:52:29 [action #173] t=9.60s step=172 queue=28 dmax=0.658 | shoulder_pan.pos=-3.26 shoulder_lift.pos=-102.02 elbow_flex.pos=+88.65 wrist_flex.pos=+77.16 wrist_roll.pos=-0.38 gripper.pos=+0.99
DEBUG 2026-09-03 09:52:29 [action #174] t=9.63s step=173 queue=27 dmax=0.315 | shoulder_pan.pos=-2.94 shoulder_lift.pos=-101.96 elbow_flex.pos=+88.54 wrist_flex.pos=+77.08 wrist_roll.pos=-0.41 gripper.pos=+0.93
DEBUG 2026-09-03 09:52:30 [action #175] t=9.67s step=174 queue=26 dmax=0.309 | shoulder_pan.pos=-3.25 shoulder_lift.pos=-102.19 elbow_flex.pos=+88.64 wrist_flex.pos=+77.17 wrist_roll.pos=-0.39 gripper.pos=+0.90
DEBUG 2026-09-03 09:52:30 [action #176] t=9.70s step=175 queue=25 dmax=0.369 | shoulder_pan.pos=-3.18 shoulder_lift.pos=-102.52 elbow_flex.pos=+88.27 wrist_flex.pos=+77.33 wrist_roll.pos=-0.37 gripper.pos=+1.04
INFO 2026-09-03 09:52:34 Final action sent: shoulder_pan.pos=-3.18 shoulder_lift.pos=-102.52 elbow_flex.pos=+88.27 wrist_flex.pos=+77.33 wrist_roll.pos=-0.37 gripper.pos=+1.04
DEBUG 2026-09-03 09:52:34 === episode end | 14.0s | converged=True | actions=176 ===
