DEBUG 2026-09-03 09:25:25 === episode start | task: 'put the roll on the tray' | duration: 50.0s ===
DEBUG 2026-09-03 09:25:26 [chunk] dropped stale chunk (ts0=514 > max_sent=0)
DEBUG 2026-09-03 09:25:27 [chunk] received 50 actions, timesteps 0..49 | first: shoulder_pan.pos=-4.41 shoulder_lift.pos=-102.11 elbow_flex.pos=+88.88 wrist_flex.pos=+74.56 wrist_roll.pos=-1.33 gripper.pos=+0.88 | last: shoulder_pan.pos=-5.13 shoulder_lift.pos=-101.20 elbow_flex.pos=+86.81 wrist_flex.pos=+75.06 wrist_roll.pos=-1.25 gripper.pos=+0.99
DEBUG 2026-09-03 09:25:27 [action #1] t=1.84s step=0 queue=50 dmax=n/a | shoulder_pan.pos=-4.41 shoulder_lift.pos=-102.11 elbow_flex.pos=+88.88 wrist_flex.pos=+74.56 wrist_roll.pos=-1.33 gripper.pos=+0.88
DEBUG 2026-09-03 09:25:27 [action #2] t=1.87s step=1 queue=49 dmax=0.295 | shoulder_pan.pos=-4.65 shoulder_lift.pos=-102.12 elbow_flex.pos=+88.82 wrist_flex.pos=+74.86 wrist_roll.pos=-1.34 gripper.pos=+0.99
DEBUG 2026-09-03 09:25:27 [action #3] t=1.91s step=2 queue=48 dmax=0.463 | shoulder_pan.pos=-4.56 shoulder_lift.pos=-102.36 elbow_flex.pos=+88.36 wrist_flex.pos=+74.68 wrist_roll.pos=-1.23 gripper.pos=+0.88
DEBUG 2026-09-03 09:25:27 [action #4] t=1.94s step=3 queue=47 dmax=0.600 | shoulder_pan.pos=-4.70 shoulder_lift.pos=-101.76 elbow_flex.pos=+88.20 wrist_flex.pos=+74.94 wrist_roll.pos=-1.27 gripper.pos=+1.09
DEBUG 2026-09-03 09:25:27 [action #5] t=1.97s step=4 queue=46 dmax=0.358 | shoulder_pan.pos=-4.75 shoulder_lift.pos=-101.40 elbow_flex.pos=+88.49 wrist_flex.pos=+74.88 wrist_roll.pos=-1.26 gripper.pos=+0.98
DEBUG 2026-09-03 09:25:27 [action #6] t=2.01s step=5 queue=45 dmax=0.676 | shoulder_pan.pos=-4.67 shoulder_lift.pos=-102.08 elbow_flex.pos=+88.70 wrist_flex.pos=+74.85 wrist_roll.pos=-1.29 gripper.pos=+0.81
DEBUG 2026-09-03 09:25:27 [action #7] t=2.04s step=6 queue=44 dmax=0.234 | shoulder_pan.pos=-4.62 shoulder_lift.pos=-102.04 elbow_flex.pos=+88.46 wrist_flex.pos=+75.04 wrist_roll.pos=-1.26 gripper.pos=+0.93
DEBUG 2026-09-03 09:25:27 [action #8] t=2.07s step=7 queue=43 dmax=0.537 | shoulder_pan.pos=-4.50 shoulder_lift.pos=-101.67 elbow_flex.pos=+89.00 wrist_flex.pos=+74.72 wrist_roll.pos=-1.28 gripper.pos=+0.91
DEBUG 2026-09-03 09:25:27 [action #9] t=2.11s step=8 queue=42 dmax=0.257 | shoulder_pan.pos=-4.48 shoulder_lift.pos=-101.75 elbow_flex.pos=+88.75 wrist_flex.pos=+74.46 wrist_roll.pos=-1.33 gripper.pos=+0.92
DEBUG 2026-09-03 09:25:27 [action #10] t=2.14s step=9 queue=41 dmax=0.264 | shoulder_pan.pos=-4.60 shoulder_lift.pos=-101.51 elbow_flex.pos=+88.48 wrist_flex.pos=+74.61 wrist_roll.pos=-1.26 gripper.pos=+0.94
DEBUG 2026-09-03 09:25:27 [action #11] t=2.17s step=10 queue=40 dmax=0.536 | shoulder_pan.pos=-4.51 shoulder_lift.pos=-102.05 elbow_flex.pos=+88.66 wrist_flex.pos=+74.80 wrist_roll.pos=-1.16 gripper.pos=+1.02
DEBUG 2026-09-03 09:25:27 [action #12] t=2.21s step=11 queue=39 dmax=0.325 | shoulder_pan.pos=-4.48 shoulder_lift.pos=-102.37 elbow_flex.pos=+88.76 wrist_flex.pos=+74.55 wrist_roll.pos=-1.22 gripper.pos=+0.99
DEBUG 2026-09-03 09:25:28 [action #13] t=2.24s step=12 queue=38 dmax=0.496 | shoulder_pan.pos=-4.58 shoulder_lift.pos=-101.88 elbow_flex.pos=+88.66 wrist_flex.pos=+74.67 wrist_roll.pos=-1.26 gripper.pos=+0.87
DEBUG 2026-09-03 09:25:28 [action #14] t=2.27s step=13 queue=37 dmax=0.499 | shoulder_pan.pos=-4.41 shoulder_lift.pos=-101.74 elbow_flex.pos=+88.16 wrist_flex.pos=+74.61 wrist_roll.pos=-1.29 gripper.pos=+1.02
DEBUG 2026-09-03 09:25:28 [action #15] t=2.31s step=14 queue=36 dmax=0.557 | shoulder_pan.pos=-4.58 shoulder_lift.pos=-101.29 elbow_flex.pos=+88.72 wrist_flex.pos=+74.75 wrist_roll.pos=-1.31 gripper.pos=+0.92
DEBUG 2026-09-03 09:25:28 [action #16] t=2.34s step=15 queue=35 dmax=0.895 | shoulder_pan.pos=-4.83 shoulder_lift.pos=-102.19 elbow_flex.pos=+88.89 wrist_flex.pos=+74.68 wrist_roll.pos=-1.34 gripper.pos=+0.99
DEBUG 2026-09-03 09:25:28 [action #17] t=2.37s step=16 queue=34 dmax=0.185 | shoulder_pan.pos=-4.72 shoulder_lift.pos=-102.22 elbow_flex.pos=+88.70 wrist_flex.pos=+74.59 wrist_roll.pos=-1.27 gripper.pos=+0.93
DEBUG 2026-09-03 09:25:28 [action #18] t=2.41s step=17 queue=33 dmax=0.308 | shoulder_pan.pos=-4.61 shoulder_lift.pos=-101.91 elbow_flex.pos=+88.86 wrist_flex.pos=+74.65 wrist_roll.pos=-1.33 gripper.pos=+0.93
DEBUG 2026-09-03 09:25:28 [action #19] t=2.44s step=18 queue=32 dmax=0.601 | shoulder_pan.pos=-4.65 shoulder_lift.pos=-102.11 elbow_flex.pos=+88.26 wrist_flex.pos=+74.92 wrist_roll.pos=-1.26 gripper.pos=+1.00
DEBUG 2026-09-03 09:25:28 [action #20] t=2.47s step=19 queue=31 dmax=0.683 | shoulder_pan.pos=-4.70 shoulder_lift.pos=-101.77 elbow_flex.pos=+88.94 wrist_flex.pos=+74.60 wrist_roll.pos=-1.23 gripper.pos=+0.85
DEBUG 2026-09-03 09:25:28 [action #21] t=2.51s step=20 queue=30 dmax=0.423 | shoulder_pan.pos=-4.67 shoulder_lift.pos=-101.44 elbow_flex.pos=+88.52 wrist_flex.pos=+74.75 wrist_roll.pos=-1.17 gripper.pos=+0.78
DEBUG 2026-09-03 09:25:28 [action #22] t=2.54s step=21 queue=29 dmax=0.646 | shoulder_pan.pos=-4.93 shoulder_lift.pos=-102.09 elbow_flex.pos=+88.18 wrist_flex.pos=+74.68 wrist_roll.pos=-1.28 gripper.pos=+0.79
DEBUG 2026-09-03 09:25:28 [action #23] t=2.58s step=22 queue=28 dmax=0.407 | shoulder_pan.pos=-4.52 shoulder_lift.pos=-101.72 elbow_flex.pos=+88.24 wrist_flex.pos=+74.85 wrist_roll.pos=-1.17 gripper.pos=+0.78
DEBUG 2026-09-03 09:25:28 [action #24] t=2.61s step=23 queue=27 dmax=0.343 | shoulder_pan.pos=-4.74 shoulder_lift.pos=-102.06 elbow_flex.pos=+87.97 wrist_flex.pos=+74.93 wrist_roll.pos=-1.16 gripper.pos=+0.82
DEBUG 2026-09-03 09:25:28 [action #25] t=2.64s step=24 queue=26 dmax=0.077 | shoulder_pan.pos=-4.82 shoulder_lift.pos=-102.03 elbow_flex.pos=+88.05 wrist_flex.pos=+74.87 wrist_roll.pos=-1.20 gripper.pos=+0.85
DEBUG 2026-09-03 09:25:28 [action #26] t=2.68s step=25 queue=25 dmax=0.470 | shoulder_pan.pos=-4.84 shoulder_lift.pos=-101.93 elbow_flex.pos=+88.52 wrist_flex.pos=+74.83 wrist_roll.pos=-1.23 gripper.pos=+0.82
DEBUG 2026-09-03 09:25:28 [action #27] t=2.71s step=26 queue=24 dmax=0.567 | shoulder_pan.pos=-4.55 shoulder_lift.pos=-101.36 elbow_flex.pos=+88.01 wrist_flex.pos=+74.95 wrist_roll.pos=-1.16 gripper.pos=+0.84
DEBUG 2026-09-03 09:25:28 [action #28] t=2.74s step=27 queue=23 dmax=0.414 | shoulder_pan.pos=-4.70 shoulder_lift.pos=-101.77 elbow_flex.pos=+88.40 wrist_flex.pos=+74.87 wrist_roll.pos=-1.19 gripper.pos=+0.73
DEBUG 2026-09-03 09:25:28 [chunk] received 50 actions, timesteps 4..53 | first: shoulder_pan.pos=-4.60 shoulder_lift.pos=-101.85 elbow_flex.pos=+88.29 wrist_flex.pos=+73.66 wrist_roll.pos=-1.13 gripper.pos=+0.88 | last: shoulder_pan.pos=-4.62 shoulder_lift.pos=-101.81 elbow_flex.pos=+86.10 wrist_flex.pos=+74.68 wrist_roll.pos=-1.07 gripper.pos=+0.77
DEBUG 2026-09-03 09:25:28 [action #29] t=2.78s step=28 queue=26 dmax=0.858 | shoulder_pan.pos=-4.95 shoulder_lift.pos=-101.93 elbow_flex.pos=+87.54 wrist_flex.pos=+74.14 wrist_roll.pos=-1.18 gripper.pos=+0.80
DEBUG 2026-09-03 09:25:28 [action #30] t=2.81s step=29 queue=25 dmax=0.140 | shoulder_pan.pos=-4.81 shoulder_lift.pos=-101.95 elbow_flex.pos=+87.51 wrist_flex.pos=+74.21 wrist_roll.pos=-1.16 gripper.pos=+0.77
DEBUG 2026-09-03 09:25:28 [action #31] t=2.84s step=30 queue=24 dmax=0.402 | shoulder_pan.pos=-4.89 shoulder_lift.pos=-102.25 elbow_flex.pos=+87.91 wrist_flex.pos=+74.25 wrist_roll.pos=-1.20 gripper.pos=+0.62
DEBUG 2026-09-03 09:25:28 [action #32] t=2.88s step=31 queue=23 dmax=0.631 | shoulder_pan.pos=-4.72 shoulder_lift.pos=-102.00 elbow_flex.pos=+87.28 wrist_flex.pos=+74.15 wrist_roll.pos=-1.13 gripper.pos=+0.81
DEBUG 2026-09-03 09:25:28 [action #33] t=2.91s step=32 queue=22 dmax=0.375 | shoulder_pan.pos=-4.77 shoulder_lift.pos=-102.37 elbow_flex.pos=+87.36 wrist_flex.pos=+74.24 wrist_roll.pos=-1.18 gripper.pos=+0.76
DEBUG 2026-09-03 09:25:28 [action #34] t=2.94s step=33 queue=21 dmax=0.250 | shoulder_pan.pos=-4.93 shoulder_lift.pos=-102.12 elbow_flex.pos=+87.28 wrist_flex.pos=+74.33 wrist_roll.pos=-1.13 gripper.pos=+0.73
DEBUG 2026-09-03 09:25:28 [action #35] t=2.98s step=34 queue=20 dmax=0.272 | shoulder_pan.pos=-4.86 shoulder_lift.pos=-102.39 elbow_flex.pos=+87.33 wrist_flex.pos=+74.33 wrist_roll.pos=-1.17 gripper.pos=+0.77
DEBUG 2026-09-03 09:25:28 [action #36] t=3.01s step=35 queue=19 dmax=0.567 | shoulder_pan.pos=-4.84 shoulder_lift.pos=-101.83 elbow_flex.pos=+87.52 wrist_flex.pos=+74.38 wrist_roll.pos=-1.18 gripper.pos=+0.75
DEBUG 2026-09-03 09:25:28 [action #37] t=3.04s step=36 queue=18 dmax=0.202 | shoulder_pan.pos=-4.80 shoulder_lift.pos=-102.03 elbow_flex.pos=+87.33 wrist_flex.pos=+74.36 wrist_roll.pos=-1.23 gripper.pos=+0.79
DEBUG 2026-09-03 09:25:28 [action #38] t=3.08s step=37 queue=17 dmax=0.320 | shoulder_pan.pos=-4.92 shoulder_lift.pos=-102.07 elbow_flex.pos=+87.01 wrist_flex.pos=+74.47 wrist_roll.pos=-1.13 gripper.pos=+0.76
DEBUG 2026-09-03 09:25:28 [action #39] t=3.11s step=38 queue=16 dmax=0.675 | shoulder_pan.pos=-5.00 shoulder_lift.pos=-102.02 elbow_flex.pos=+87.68 wrist_flex.pos=+74.45 wrist_roll.pos=-1.22 gripper.pos=+0.85
DEBUG 2026-09-03 09:25:28 [action #40] t=3.14s step=39 queue=15 dmax=0.481 | shoulder_pan.pos=-4.81 shoulder_lift.pos=-101.84 elbow_flex.pos=+87.20 wrist_flex.pos=+74.22 wrist_roll.pos=-1.19 gripper.pos=+0.87
DEBUG 2026-09-03 09:25:28 [action #41] t=3.18s step=40 queue=14 dmax=0.188 | shoulder_pan.pos=-5.00 shoulder_lift.pos=-101.87 elbow_flex.pos=+87.23 wrist_flex.pos=+74.41 wrist_roll.pos=-1.19 gripper.pos=+0.80
DEBUG 2026-09-03 09:25:28 [action #42] t=3.21s step=41 queue=13 dmax=0.159 | shoulder_pan.pos=-4.84 shoulder_lift.pos=-101.75 elbow_flex.pos=+87.38 wrist_flex.pos=+74.28 wrist_roll.pos=-1.18 gripper.pos=+0.77
DEBUG 2026-09-03 09:25:29 [action #43] t=3.24s step=42 queue=12 dmax=0.530 | shoulder_pan.pos=-4.84 shoulder_lift.pos=-101.67 elbow_flex.pos=+86.85 wrist_flex.pos=+74.35 wrist_roll.pos=-1.18 gripper.pos=+0.77
DEBUG 2026-09-03 09:25:29 [action #44] t=3.28s step=43 queue=11 dmax=0.518 | shoulder_pan.pos=-5.05 shoulder_lift.pos=-101.66 elbow_flex.pos=+87.37 wrist_flex.pos=+74.31 wrist_roll.pos=-1.27 gripper.pos=+0.68
DEBUG 2026-09-03 09:25:29 [action #45] t=3.31s step=44 queue=10 dmax=0.362 | shoulder_pan.pos=-4.69 shoulder_lift.pos=-101.54 elbow_flex.pos=+87.07 wrist_flex.pos=+74.38 wrist_roll.pos=-1.16 gripper.pos=+0.85
DEBUG 2026-09-03 09:25:29 [action #46] t=3.34s step=45 queue=9 dmax=0.341 | shoulder_pan.pos=-4.88 shoulder_lift.pos=-101.52 elbow_flex.pos=+86.73 wrist_flex.pos=+74.45 wrist_roll.pos=-1.20 gripper.pos=+0.84
DEBUG 2026-09-03 09:25:29 [action #47] t=3.38s step=46 queue=8 dmax=0.510 | shoulder_pan.pos=-4.81 shoulder_lift.pos=-101.49 elbow_flex.pos=+87.24 wrist_flex.pos=+74.36 wrist_roll.pos=-1.22 gripper.pos=+0.81
DEBUG 2026-09-03 09:25:29 [action #48] t=3.41s step=47 queue=7 dmax=0.515 | shoulder_pan.pos=-4.82 shoulder_lift.pos=-101.50 elbow_flex.pos=+86.72 wrist_flex.pos=+74.51 wrist_roll.pos=-1.18 gripper.pos=+0.80
DEBUG 2026-09-03 09:25:29 [action #49] t=3.44s step=48 queue=6 dmax=0.570 | shoulder_pan.pos=-4.63 shoulder_lift.pos=-101.55 elbow_flex.pos=+86.15 wrist_flex.pos=+74.33 wrist_roll.pos=-1.19 gripper.pos=+0.74
DEBUG 2026-09-03 09:25:29 [action #50] t=3.48s step=49 queue=5 dmax=0.199 | shoulder_pan.pos=-4.68 shoulder_lift.pos=-101.35 elbow_flex.pos=+86.24 wrist_flex.pos=+74.49 wrist_roll.pos=-1.23 gripper.pos=+0.75
DEBUG 2026-09-03 09:25:29 [action #51] t=3.51s step=50 queue=4 dmax=0.427 | shoulder_pan.pos=-4.69 shoulder_lift.pos=-101.30 elbow_flex.pos=+85.81 wrist_flex.pos=+74.33 wrist_roll.pos=-1.17 gripper.pos=+0.85
DEBUG 2026-09-03 09:25:29 [action #52] t=3.54s step=51 queue=3 dmax=0.295 | shoulder_pan.pos=-4.46 shoulder_lift.pos=-101.60 elbow_flex.pos=+85.81 wrist_flex.pos=+74.20 wrist_roll.pos=-1.16 gripper.pos=+0.81
DEBUG 2026-09-03 09:25:29 [action #53] t=3.58s step=52 queue=2 dmax=0.556 | shoulder_pan.pos=-4.54 shoulder_lift.pos=-101.60 elbow_flex.pos=+86.37 wrist_flex.pos=+74.50 wrist_roll.pos=-1.15 gripper.pos=+0.65
DEBUG 2026-09-03 09:25:29 [action #54] t=3.61s step=53 queue=1 dmax=0.262 | shoulder_pan.pos=-4.62 shoulder_lift.pos=-101.81 elbow_flex.pos=+86.10 wrist_flex.pos=+74.68 wrist_roll.pos=-1.07 gripper.pos=+0.77
DEBUG 2026-09-03 09:25:29 [chunk] received 50 actions, timesteps 34..83 | first: shoulder_pan.pos=-4.87 shoulder_lift.pos=-102.00 elbow_flex.pos=+88.36 wrist_flex.pos=+74.92 wrist_roll.pos=-1.27 gripper.pos=+1.03 | last: shoulder_pan.pos=-6.03 shoulder_lift.pos=-101.57 elbow_flex.pos=+86.48 wrist_flex.pos=+73.32 wrist_roll.pos=-1.37 gripper.pos=+0.79
DEBUG 2026-09-03 09:25:29 [action #55] t=3.88s step=54 queue=30 dmax=1.769 | shoulder_pan.pos=-5.06 shoulder_lift.pos=-102.39 elbow_flex.pos=+87.87 wrist_flex.pos=+72.98 wrist_roll.pos=-1.20 gripper.pos=+0.86
DEBUG 2026-09-03 09:25:29 [action #56] t=3.91s step=55 queue=29 dmax=1.165 | shoulder_pan.pos=-5.16 shoulder_lift.pos=-101.23 elbow_flex.pos=+87.61 wrist_flex.pos=+72.92 wrist_roll.pos=-1.23 gripper.pos=+0.86
DEBUG 2026-09-03 09:25:29 [action #57] t=3.95s step=56 queue=28 dmax=1.036 | shoulder_pan.pos=-4.95 shoulder_lift.pos=-102.26 elbow_flex.pos=+87.95 wrist_flex.pos=+72.81 wrist_roll.pos=-1.18 gripper.pos=+0.81
DEBUG 2026-09-03 09:25:29 [action #58] t=3.98s step=57 queue=27 dmax=0.713 | shoulder_pan.pos=-5.08 shoulder_lift.pos=-101.95 elbow_flex.pos=+87.24 wrist_flex.pos=+72.67 wrist_roll.pos=-1.22 gripper.pos=+0.69
DEBUG 2026-09-03 09:25:29 [action #59] t=4.01s step=58 queue=26 dmax=0.493 | shoulder_pan.pos=-5.13 shoulder_lift.pos=-102.05 elbow_flex.pos=+87.73 wrist_flex.pos=+72.59 wrist_roll.pos=-1.28 gripper.pos=+0.77
DEBUG 2026-09-03 09:25:29 [action #60] t=4.05s step=59 queue=25 dmax=0.277 | shoulder_pan.pos=-5.27 shoulder_lift.pos=-101.97 elbow_flex.pos=+87.64 wrist_flex.pos=+72.87 wrist_roll.pos=-1.27 gripper.pos=+0.93
DEBUG 2026-09-03 09:25:29 [action #61] t=4.08s step=60 queue=24 dmax=0.474 | shoulder_pan.pos=-5.22 shoulder_lift.pos=-101.50 elbow_flex.pos=+87.55 wrist_flex.pos=+72.88 wrist_roll.pos=-1.24 gripper.pos=+0.84
DEBUG 2026-09-03 09:25:29 [action #62] t=4.11s step=61 queue=23 dmax=0.358 | shoulder_pan.pos=-5.23 shoulder_lift.pos=-101.86 elbow_flex.pos=+87.45 wrist_flex.pos=+72.91 wrist_roll.pos=-1.30 gripper.pos=+0.85
DEBUG 2026-09-03 09:25:29 [action #63] t=4.15s step=62 queue=22 dmax=0.196 | shoulder_pan.pos=-5.28 shoulder_lift.pos=-102.05 elbow_flex.pos=+87.50 wrist_flex.pos=+72.93 wrist_roll.pos=-1.29 gripper.pos=+0.86
DEBUG 2026-09-03 09:25:29 [action #64] t=4.18s step=63 queue=21 dmax=0.466 | shoulder_pan.pos=-5.18 shoulder_lift.pos=-101.59 elbow_flex.pos=+87.53 wrist_flex.pos=+72.95 wrist_roll.pos=-1.28 gripper.pos=+0.76
DEBUG 2026-09-03 09:25:30 [action #65] t=4.21s step=64 queue=20 dmax=0.381 | shoulder_pan.pos=-5.35 shoulder_lift.pos=-101.81 elbow_flex.pos=+87.15 wrist_flex.pos=+73.08 wrist_roll.pos=-1.24 gripper.pos=+0.84
DEBUG 2026-09-03 09:25:30 [action #66] t=4.25s step=65 queue=19 dmax=0.314 | shoulder_pan.pos=-5.57 shoulder_lift.pos=-101.98 elbow_flex.pos=+87.47 wrist_flex.pos=+73.18 wrist_roll.pos=-1.22 gripper.pos=+0.88
DEBUG 2026-09-03 09:25:30 [action #67] t=4.28s step=66 queue=18 dmax=0.180 | shoulder_pan.pos=-5.46 shoulder_lift.pos=-101.97 elbow_flex.pos=+87.29 wrist_flex.pos=+73.13 wrist_roll.pos=-1.30 gripper.pos=+0.85
DEBUG 2026-09-03 09:25:30 [action #68] t=4.31s step=67 queue=17 dmax=0.295 | shoulder_pan.pos=-5.44 shoulder_lift.pos=-101.72 elbow_flex.pos=+86.99 wrist_flex.pos=+73.13 wrist_roll.pos=-1.26 gripper.pos=+0.91
DEBUG 2026-09-03 09:25:30 [action #69] t=4.35s step=68 queue=16 dmax=0.397 | shoulder_pan.pos=-5.57 shoulder_lift.pos=-102.11 elbow_flex.pos=+87.23 wrist_flex.pos=+73.34 wrist_roll.pos=-1.31 gripper.pos=+0.97
DEBUG 2026-09-03 09:25:30 [action #70] t=4.38s step=69 queue=15 dmax=0.401 | shoulder_pan.pos=-5.35 shoulder_lift.pos=-101.71 elbow_flex.pos=+87.24 wrist_flex.pos=+73.16 wrist_roll.pos=-1.29 gripper.pos=+1.00
DEBUG 2026-09-03 09:25:30 [action #71] t=4.41s step=70 queue=14 dmax=0.289 | shoulder_pan.pos=-5.45 shoulder_lift.pos=-101.42 elbow_flex.pos=+87.17 wrist_flex.pos=+73.26 wrist_roll.pos=-1.32 gripper.pos=+0.86
DEBUG 2026-09-03 09:25:30 [action #72] t=4.45s step=71 queue=13 dmax=0.267 | shoulder_pan.pos=-5.60 shoulder_lift.pos=-101.40 elbow_flex.pos=+86.90 wrist_flex.pos=+73.43 wrist_roll.pos=-1.33 gripper.pos=+0.87
DEBUG 2026-09-03 09:25:30 [action #73] t=4.48s step=72 queue=12 dmax=0.221 | shoulder_pan.pos=-5.70 shoulder_lift.pos=-101.57 elbow_flex.pos=+86.68 wrist_flex.pos=+73.32 wrist_roll.pos=-1.35 gripper.pos=+0.84
DEBUG 2026-09-03 09:25:30 [action #74] t=4.51s step=73 queue=11 dmax=0.100 | shoulder_pan.pos=-5.75 shoulder_lift.pos=-101.58 elbow_flex.pos=+86.67 wrist_flex.pos=+73.38 wrist_roll.pos=-1.25 gripper.pos=+0.81
DEBUG 2026-09-03 09:25:30 [action #75] t=4.55s step=74 queue=10 dmax=0.532 | shoulder_pan.pos=-5.64 shoulder_lift.pos=-101.04 elbow_flex.pos=+87.05 wrist_flex.pos=+73.48 wrist_roll.pos=-1.25 gripper.pos=+0.88
DEBUG 2026-09-03 09:25:30 [action #76] t=4.58s step=75 queue=9 dmax=0.845 | shoulder_pan.pos=-6.01 shoulder_lift.pos=-101.89 elbow_flex.pos=+86.99 wrist_flex.pos=+73.47 wrist_roll.pos=-1.34 gripper.pos=+0.75
DEBUG 2026-09-03 09:25:30 [action #77] t=4.61s step=76 queue=8 dmax=0.627 | shoulder_pan.pos=-5.68 shoulder_lift.pos=-101.26 elbow_flex.pos=+86.54 wrist_flex.pos=+73.43 wrist_roll.pos=-1.33 gripper.pos=+0.74
DEBUG 2026-09-03 09:25:30 [action #78] t=4.65s step=77 queue=7 dmax=0.843 | shoulder_pan.pos=-5.84 shoulder_lift.pos=-101.16 elbow_flex.pos=+85.70 wrist_flex.pos=+73.49 wrist_roll.pos=-1.25 gripper.pos=+0.83
DEBUG 2026-09-03 09:25:30 [action #79] t=4.68s step=78 queue=6 dmax=0.665 | shoulder_pan.pos=-5.70 shoulder_lift.pos=-101.30 elbow_flex.pos=+86.36 wrist_flex.pos=+73.50 wrist_roll.pos=-1.26 gripper.pos=+0.79
DEBUG 2026-09-03 09:25:30 [action #80] t=4.72s step=79 queue=5 dmax=0.448 | shoulder_pan.pos=-6.05 shoulder_lift.pos=-101.60 elbow_flex.pos=+86.81 wrist_flex.pos=+73.60 wrist_roll.pos=-1.27 gripper.pos=+0.88
DEBUG 2026-09-03 09:25:30 [action #81] t=4.75s step=80 queue=4 dmax=0.808 | shoulder_pan.pos=-6.00 shoulder_lift.pos=-101.26 elbow_flex.pos=+86.00 wrist_flex.pos=+73.56 wrist_roll.pos=-1.37 gripper.pos=+0.76
DEBUG 2026-09-03 09:25:30 [chunk] received 50 actions, timesteps 53..102 | first: shoulder_pan.pos=-5.23 shoulder_lift.pos=-101.38 elbow_flex.pos=+87.69 wrist_flex.pos=+75.15 wrist_roll.pos=-1.23 gripper.pos=+0.94 | last: shoulder_pan.pos=-6.33 shoulder_lift.pos=-101.83 elbow_flex.pos=+86.79 wrist_flex.pos=+76.68 wrist_roll.pos=-1.29 gripper.pos=+0.77
DEBUG 2026-09-03 09:25:30 [action #82] t=4.78s step=81 queue=22 dmax=2.008 | shoulder_pan.pos=-6.04 shoulder_lift.pos=-101.40 elbow_flex.pos=+86.91 wrist_flex.pos=+75.57 wrist_roll.pos=-1.25 gripper.pos=+0.77
DEBUG 2026-09-03 09:25:30 [action #83] t=4.82s step=82 queue=21 dmax=0.576 | shoulder_pan.pos=-6.04 shoulder_lift.pos=-101.97 elbow_flex.pos=+87.03 wrist_flex.pos=+75.51 wrist_roll.pos=-1.23 gripper.pos=+0.72
DEBUG 2026-09-03 09:25:30 [action #84] t=4.85s step=83 queue=20 dmax=0.433 | shoulder_pan.pos=-6.10 shoulder_lift.pos=-101.54 elbow_flex.pos=+86.59 wrist_flex.pos=+75.56 wrist_roll.pos=-1.21 gripper.pos=+0.71
DEBUG 2026-09-03 09:25:30 [action #85] t=4.88s step=84 queue=19 dmax=0.898 | shoulder_pan.pos=-6.22 shoulder_lift.pos=-101.46 elbow_flex.pos=+87.24 wrist_flex.pos=+76.46 wrist_roll.pos=-1.24 gripper.pos=+0.87
DEBUG 2026-09-03 09:25:30 [action #86] t=4.92s step=85 queue=18 dmax=0.207 | shoulder_pan.pos=-6.25 shoulder_lift.pos=-101.25 elbow_flex.pos=+87.27 wrist_flex.pos=+76.52 wrist_roll.pos=-1.16 gripper.pos=+0.94
DEBUG 2026-09-03 09:25:30 [action #87] t=4.95s step=86 queue=17 dmax=0.324 | shoulder_pan.pos=-6.31 shoulder_lift.pos=-101.57 elbow_flex.pos=+87.53 wrist_flex.pos=+76.42 wrist_roll.pos=-1.22 gripper.pos=+0.83
DEBUG 2026-09-03 09:25:30 [action #88] t=4.98s step=87 queue=16 dmax=1.278 | shoulder_pan.pos=-6.34 shoulder_lift.pos=-101.29 elbow_flex.pos=+86.25 wrist_flex.pos=+76.53 wrist_roll.pos=-1.18 gripper.pos=+0.83
DEBUG 2026-09-03 09:25:30 [action #89] t=5.02s step=88 queue=15 dmax=0.634 | shoulder_pan.pos=-6.25 shoulder_lift.pos=-101.92 elbow_flex.pos=+86.54 wrist_flex.pos=+76.54 wrist_roll.pos=-1.20 gripper.pos=+0.72
DEBUG 2026-09-03 09:25:30 [action #90] t=5.05s step=89 queue=14 dmax=0.160 | shoulder_pan.pos=-6.09 shoulder_lift.pos=-101.92 elbow_flex.pos=+86.56 wrist_flex.pos=+76.39 wrist_roll.pos=-1.17 gripper.pos=+0.79
DEBUG 2026-09-03 09:25:30 [action #91] t=5.08s step=90 queue=13 dmax=0.182 | shoulder_pan.pos=-6.18 shoulder_lift.pos=-101.74 elbow_flex.pos=+86.67 wrist_flex.pos=+76.50 wrist_roll.pos=-1.24 gripper.pos=+0.76
DEBUG 2026-09-03 09:25:30 [action #92] t=5.12s step=91 queue=12 dmax=0.379 | shoulder_pan.pos=-6.13 shoulder_lift.pos=-102.11 elbow_flex.pos=+86.62 wrist_flex.pos=+76.36 wrist_roll.pos=-1.20 gripper.pos=+0.81
DEBUG 2026-09-03 09:25:30 [action #93] t=5.15s step=92 queue=11 dmax=0.394 | shoulder_pan.pos=-6.22 shoulder_lift.pos=-101.87 elbow_flex.pos=+87.02 wrist_flex.pos=+76.42 wrist_roll.pos=-1.18 gripper.pos=+0.90
DEBUG 2026-09-03 09:25:30 [action #94] t=5.18s step=93 queue=10 dmax=0.331 | shoulder_pan.pos=-6.18 shoulder_lift.pos=-102.09 elbow_flex.pos=+86.69 wrist_flex.pos=+76.38 wrist_roll.pos=-1.20 gripper.pos=+0.86
DEBUG 2026-09-03 09:25:31 [action #95] t=5.22s step=94 queue=9 dmax=0.291 | shoulder_pan.pos=-6.28 shoulder_lift.pos=-101.99 elbow_flex.pos=+86.98 wrist_flex.pos=+76.44 wrist_roll.pos=-1.18 gripper.pos=+0.72
DEBUG 2026-09-03 09:25:31 [action #96] t=5.25s step=95 queue=8 dmax=0.911 | shoulder_pan.pos=-6.08 shoulder_lift.pos=-101.08 elbow_flex.pos=+86.47 wrist_flex.pos=+76.34 wrist_roll.pos=-1.15 gripper.pos=+0.71
DEBUG 2026-09-03 09:25:31 [action #97] t=5.28s step=96 queue=7 dmax=0.908 | shoulder_pan.pos=-6.15 shoulder_lift.pos=-101.99 elbow_flex.pos=+86.32 wrist_flex.pos=+76.44 wrist_roll.pos=-1.15 gripper.pos=+0.81
DEBUG 2026-09-03 09:25:31 [action #98] t=5.32s step=97 queue=6 dmax=0.205 | shoulder_pan.pos=-6.26 shoulder_lift.pos=-101.79 elbow_flex.pos=+86.53 wrist_flex.pos=+76.47 wrist_roll.pos=-1.18 gripper.pos=+0.79
DEBUG 2026-09-03 09:25:31 [action #99] t=5.35s step=98 queue=5 dmax=0.179 | shoulder_pan.pos=-6.39 shoulder_lift.pos=-101.97 elbow_flex.pos=+86.51 wrist_flex.pos=+76.63 wrist_roll.pos=-1.29 gripper.pos=+0.74
DEBUG 2026-09-03 09:25:31 [action #100] t=5.38s step=99 queue=4 dmax=0.548 | shoulder_pan.pos=-6.49 shoulder_lift.pos=-101.42 elbow_flex.pos=+86.51 wrist_flex.pos=+76.58 wrist_roll.pos=-1.28 gripper.pos=+0.84
DEBUG 2026-09-03 09:25:31 [action #101] t=5.42s step=100 queue=3 dmax=0.264 | shoulder_pan.pos=-6.29 shoulder_lift.pos=-101.53 elbow_flex.pos=+86.25 wrist_flex.pos=+76.43 wrist_roll.pos=-1.22 gripper.pos=+0.83
DEBUG 2026-09-03 09:25:31 [action #102] t=5.45s step=101 queue=2 dmax=0.296 | shoulder_pan.pos=-6.29 shoulder_lift.pos=-101.82 elbow_flex.pos=+86.55 wrist_flex.pos=+76.59 wrist_roll.pos=-1.17 gripper.pos=+0.87
DEBUG 2026-09-03 09:25:31 [action #103] t=5.48s step=102 queue=1 dmax=0.247 | shoulder_pan.pos=-6.33 shoulder_lift.pos=-101.83 elbow_flex.pos=+86.79 wrist_flex.pos=+76.68 wrist_roll.pos=-1.29 gripper.pos=+0.77
DEBUG 2026-09-03 09:25:31 [chunk] received 50 actions, timesteps 80..129 | first: shoulder_pan.pos=-5.49 shoulder_lift.pos=-102.21 elbow_flex.pos=+86.84 wrist_flex.pos=+74.48 wrist_roll.pos=-1.33 gripper.pos=+0.83 | last: shoulder_pan.pos=-5.39 shoulder_lift.pos=-102.42 elbow_flex.pos=+86.91 wrist_flex.pos=+76.01 wrist_roll.pos=-1.30 gripper.pos=+0.69
DEBUG 2026-09-03 09:25:31 [action #104] t=5.58s step=103 queue=27 dmax=1.246 | shoulder_pan.pos=-5.08 shoulder_lift.pos=-102.06 elbow_flex.pos=+86.84 wrist_flex.pos=+76.12 wrist_roll.pos=-1.11 gripper.pos=+0.84
DEBUG 2026-09-03 09:25:31 [action #105] t=5.62s step=104 queue=26 dmax=0.238 | shoulder_pan.pos=-5.00 shoulder_lift.pos=-102.07 elbow_flex.pos=+87.08 wrist_flex.pos=+76.15 wrist_roll.pos=-1.14 gripper.pos=+0.77
DEBUG 2026-09-03 09:25:31 [action #106] t=5.65s step=105 queue=25 dmax=0.611 | shoulder_pan.pos=-5.19 shoulder_lift.pos=-102.68 elbow_flex.pos=+87.21 wrist_flex.pos=+76.20 wrist_roll.pos=-1.09 gripper.pos=+0.87
DEBUG 2026-09-03 09:25:31 [action #107] t=5.68s step=106 queue=24 dmax=0.529 | shoulder_pan.pos=-5.09 shoulder_lift.pos=-102.15 elbow_flex.pos=+87.28 wrist_flex.pos=+76.22 wrist_roll.pos=-1.11 gripper.pos=+0.88
DEBUG 2026-09-03 09:25:31 [action #108] t=5.72s step=107 queue=23 dmax=0.325 | shoulder_pan.pos=-5.15 shoulder_lift.pos=-102.41 elbow_flex.pos=+87.61 wrist_flex.pos=+76.18 wrist_roll.pos=-1.10 gripper.pos=+0.88
DEBUG 2026-09-03 09:25:31 [action #109] t=5.75s step=108 queue=22 dmax=0.294 | shoulder_pan.pos=-5.35 shoulder_lift.pos=-102.28 elbow_flex.pos=+87.32 wrist_flex.pos=+76.08 wrist_roll.pos=-1.20 gripper.pos=+0.73
DEBUG 2026-09-03 09:25:31 [action #110] t=5.78s step=109 queue=21 dmax=0.161 | shoulder_pan.pos=-5.27 shoulder_lift.pos=-102.26 elbow_flex.pos=+87.16 wrist_flex.pos=+75.98 wrist_roll.pos=-1.20 gripper.pos=+0.70
DEBUG 2026-09-03 09:25:31 [action #111] t=5.82s step=110 queue=20 dmax=0.376 | shoulder_pan.pos=-5.47 shoulder_lift.pos=-102.03 elbow_flex.pos=+87.53 wrist_flex.pos=+76.12 wrist_roll.pos=-1.15 gripper.pos=+0.79
DEBUG 2026-09-03 09:25:31 [action #112] t=5.85s step=111 queue=19 dmax=0.435 | shoulder_pan.pos=-5.13 shoulder_lift.pos=-102.46 elbow_flex.pos=+87.18 wrist_flex.pos=+75.94 wrist_roll.pos=-1.20 gripper.pos=+0.79
DEBUG 2026-09-03 09:25:31 [action #113] t=5.89s step=112 queue=18 dmax=1.171 | shoulder_pan.pos=-5.41 shoulder_lift.pos=-101.29 elbow_flex.pos=+87.57 wrist_flex.pos=+76.20 wrist_roll.pos=-1.23 gripper.pos=+0.58
DEBUG 2026-09-03 09:25:31 [action #114] t=5.92s step=113 queue=17 dmax=0.757 | shoulder_pan.pos=-5.03 shoulder_lift.pos=-101.63 elbow_flex.pos=+86.81 wrist_flex.pos=+75.90 wrist_roll.pos=-1.21 gripper.pos=+0.73
DEBUG 2026-09-03 09:25:31 [action #115] t=5.95s step=114 queue=16 dmax=0.369 | shoulder_pan.pos=-5.23 shoulder_lift.pos=-102.00 elbow_flex.pos=+87.17 wrist_flex.pos=+75.96 wrist_roll.pos=-1.17 gripper.pos=+0.59
DEBUG 2026-09-03 09:25:31 [action #116] t=5.99s step=115 queue=15 dmax=0.457 | shoulder_pan.pos=-5.20 shoulder_lift.pos=-102.46 elbow_flex.pos=+87.02 wrist_flex.pos=+75.97 wrist_roll.pos=-1.17 gripper.pos=+0.78
DEBUG 2026-09-03 09:25:31 [action #117] t=6.02s step=116 queue=14 dmax=0.349 | shoulder_pan.pos=-5.13 shoulder_lift.pos=-102.11 elbow_flex.pos=+86.94 wrist_flex.pos=+75.88 wrist_roll.pos=-1.13 gripper.pos=+0.60
DEBUG 2026-09-03 09:25:31 [action #118] t=6.05s step=117 queue=13 dmax=0.230 | shoulder_pan.pos=-4.91 shoulder_lift.pos=-102.05 elbow_flex.pos=+86.73 wrist_flex.pos=+75.85 wrist_roll.pos=-1.11 gripper.pos=+0.83
DEBUG 2026-09-03 09:25:31 [action #119] t=6.09s step=118 queue=12 dmax=0.424 | shoulder_pan.pos=-5.21 shoulder_lift.pos=-102.31 elbow_flex.pos=+87.15 wrist_flex.pos=+75.77 wrist_roll.pos=-1.14 gripper.pos=+0.74
DEBUG 2026-09-03 09:25:31 [action #120] t=6.12s step=119 queue=11 dmax=0.501 | shoulder_pan.pos=-5.37 shoulder_lift.pos=-101.81 elbow_flex.pos=+87.30 wrist_flex.pos=+75.74 wrist_roll.pos=-1.14 gripper.pos=+0.63
DEBUG 2026-09-03 09:25:31 [action #121] t=6.15s step=120 queue=10 dmax=0.497 | shoulder_pan.pos=-5.27 shoulder_lift.pos=-102.30 elbow_flex.pos=+87.20 wrist_flex.pos=+75.89 wrist_roll.pos=-1.19 gripper.pos=+0.74
DEBUG 2026-09-03 09:25:31 [action #122] t=6.19s step=121 queue=9 dmax=0.227 | shoulder_pan.pos=-5.38 shoulder_lift.pos=-102.08 elbow_flex.pos=+87.09 wrist_flex.pos=+75.85 wrist_roll.pos=-1.12 gripper.pos=+0.54
DEBUG 2026-09-03 09:25:32 [action #123] t=6.22s step=122 queue=8 dmax=0.303 | shoulder_pan.pos=-5.31 shoulder_lift.pos=-102.38 elbow_flex.pos=+86.79 wrist_flex.pos=+75.92 wrist_roll.pos=-1.26 gripper.pos=+0.57
DEBUG 2026-09-03 09:25:32 [action #124] t=6.25s step=123 queue=7 dmax=0.438 | shoulder_pan.pos=-5.27 shoulder_lift.pos=-101.94 elbow_flex.pos=+86.95 wrist_flex.pos=+76.02 wrist_roll.pos=-1.21 gripper.pos=+0.70
DEBUG 2026-09-03 09:25:32 [action #125] t=6.29s step=124 queue=6 dmax=0.426 | shoulder_pan.pos=-5.25 shoulder_lift.pos=-102.36 elbow_flex.pos=+86.52 wrist_flex.pos=+76.06 wrist_roll.pos=-1.23 gripper.pos=+0.71
DEBUG 2026-09-03 09:25:32 [action #126] t=6.32s step=125 queue=5 dmax=0.224 | shoulder_pan.pos=-5.21 shoulder_lift.pos=-102.13 elbow_flex.pos=+86.51 wrist_flex.pos=+75.93 wrist_roll.pos=-1.32 gripper.pos=+0.77
DEBUG 2026-09-03 09:25:32 [action #127] t=6.35s step=126 queue=4 dmax=0.117 | shoulder_pan.pos=-5.18 shoulder_lift.pos=-102.07 elbow_flex.pos=+86.56 wrist_flex.pos=+76.04 wrist_roll.pos=-1.24 gripper.pos=+0.66
DEBUG 2026-09-03 09:25:32 [action #128] t=6.39s step=127 queue=3 dmax=0.340 | shoulder_pan.pos=-5.10 shoulder_lift.pos=-102.41 elbow_flex.pos=+86.46 wrist_flex.pos=+76.06 wrist_roll.pos=-1.31 gripper.pos=+0.72
DEBUG 2026-09-03 09:25:32 [action #129] t=6.42s step=128 queue=2 dmax=0.269 | shoulder_pan.pos=-5.37 shoulder_lift.pos=-102.55 elbow_flex.pos=+86.71 wrist_flex.pos=+76.04 wrist_roll.pos=-1.29 gripper.pos=+0.67
DEBUG 2026-09-03 09:25:32 [chunk] received 50 actions, timesteps 102..151 | first: shoulder_pan.pos=-6.64 shoulder_lift.pos=-102.57 elbow_flex.pos=+87.77 wrist_flex.pos=+76.88 wrist_roll.pos=-1.37 gripper.pos=+0.87 | last: shoulder_pan.pos=-6.78 shoulder_lift.pos=-102.56 elbow_flex.pos=+86.83 wrist_flex.pos=+77.61 wrist_roll.pos=-1.60 gripper.pos=+0.93
DEBUG 2026-09-03 09:25:32 [action #130] t=6.45s step=129 queue=23 dmax=1.196 | shoulder_pan.pos=-6.56 shoulder_lift.pos=-102.29 elbow_flex.pos=+87.46 wrist_flex.pos=+76.92 wrist_roll.pos=-1.26 gripper.pos=+0.75
DEBUG 2026-09-03 09:25:32 [action #131] t=6.49s step=130 queue=22 dmax=0.934 | shoulder_pan.pos=-7.50 shoulder_lift.pos=-101.81 elbow_flex.pos=+87.81 wrist_flex.pos=+77.20 wrist_roll.pos=-1.24 gripper.pos=+0.78
DEBUG 2026-09-03 09:25:32 [action #132] t=6.52s step=131 queue=21 dmax=0.329 | shoulder_pan.pos=-7.17 shoulder_lift.pos=-102.14 elbow_flex.pos=+87.70 wrist_flex.pos=+77.26 wrist_roll.pos=-1.29 gripper.pos=+0.76
DEBUG 2026-09-03 09:25:32 [action #133] t=6.55s step=132 queue=20 dmax=0.168 | shoulder_pan.pos=-7.18 shoulder_lift.pos=-102.28 elbow_flex.pos=+87.87 wrist_flex.pos=+77.34 wrist_roll.pos=-1.27 gripper.pos=+0.70
DEBUG 2026-09-03 09:25:32 [action #134] t=6.59s step=133 queue=19 dmax=0.717 | shoulder_pan.pos=-7.28 shoulder_lift.pos=-102.42 elbow_flex.pos=+87.15 wrist_flex.pos=+77.43 wrist_roll.pos=-1.23 gripper.pos=+0.85
DEBUG 2026-09-03 09:25:32 [action #135] t=6.62s step=134 queue=18 dmax=0.287 | shoulder_pan.pos=-7.13 shoulder_lift.pos=-102.14 elbow_flex.pos=+87.33 wrist_flex.pos=+77.27 wrist_roll.pos=-1.22 gripper.pos=+0.87
DEBUG 2026-09-03 09:25:32 [action #136] t=6.65s step=135 queue=17 dmax=0.225 | shoulder_pan.pos=-7.36 shoulder_lift.pos=-102.07 elbow_flex.pos=+87.47 wrist_flex.pos=+77.43 wrist_roll.pos=-1.27 gripper.pos=+0.71
DEBUG 2026-09-03 09:25:32 [action #137] t=6.69s step=136 queue=16 dmax=0.496 | shoulder_pan.pos=-7.30 shoulder_lift.pos=-102.02 elbow_flex.pos=+86.97 wrist_flex.pos=+77.52 wrist_roll.pos=-1.17 gripper.pos=+0.74
DEBUG 2026-09-03 09:25:32 [action #138] t=6.72s step=137 queue=15 dmax=0.680 | shoulder_pan.pos=-7.20 shoulder_lift.pos=-102.36 elbow_flex.pos=+87.65 wrist_flex.pos=+77.42 wrist_roll.pos=-1.19 gripper.pos=+0.67
DEBUG 2026-09-03 09:25:32 [action #139] t=6.75s step=138 queue=14 dmax=0.159 | shoulder_pan.pos=-7.21 shoulder_lift.pos=-102.52 elbow_flex.pos=+87.58 wrist_flex.pos=+77.50 wrist_roll.pos=-1.26 gripper.pos=+0.77
DEBUG 2026-09-03 09:25:32 [action #140] t=6.79s step=139 queue=13 dmax=0.556 | shoulder_pan.pos=-7.34 shoulder_lift.pos=-101.96 elbow_flex.pos=+87.48 wrist_flex.pos=+77.52 wrist_roll.pos=-1.25 gripper.pos=+0.61
DEBUG 2026-09-03 09:25:32 [action #141] t=6.82s step=140 queue=12 dmax=0.358 | shoulder_pan.pos=-7.09 shoulder_lift.pos=-102.32 elbow_flex.pos=+87.47 wrist_flex.pos=+77.41 wrist_roll.pos=-1.19 gripper.pos=+0.65
DEBUG 2026-09-03 09:25:32 [action #142] t=6.86s step=141 queue=11 dmax=0.142 | shoulder_pan.pos=-7.07 shoulder_lift.pos=-102.46 elbow_flex.pos=+87.39 wrist_flex.pos=+77.54 wrist_roll.pos=-1.31 gripper.pos=+0.78
DEBUG 2026-09-03 09:25:32 [action #143] t=6.89s step=142 queue=10 dmax=0.255 | shoulder_pan.pos=-7.10 shoulder_lift.pos=-102.20 elbow_flex.pos=+87.27 wrist_flex.pos=+77.45 wrist_roll.pos=-1.26 gripper.pos=+0.64
DEBUG 2026-09-03 09:25:32 [action #144] t=6.92s step=143 queue=9 dmax=0.204 | shoulder_pan.pos=-7.20 shoulder_lift.pos=-102.00 elbow_flex.pos=+87.09 wrist_flex.pos=+77.47 wrist_roll.pos=-1.28 gripper.pos=+0.74
DEBUG 2026-09-03 09:25:32 [action #145] t=6.96s step=144 queue=8 dmax=0.432 | shoulder_pan.pos=-6.77 shoulder_lift.pos=-102.02 elbow_flex.pos=+86.66 wrist_flex.pos=+77.54 wrist_roll.pos=-1.27 gripper.pos=+0.62
DEBUG 2026-09-03 09:25:32 [action #146] t=6.99s step=145 queue=7 dmax=0.595 | shoulder_pan.pos=-6.75 shoulder_lift.pos=-102.62 elbow_flex.pos=+86.85 wrist_flex.pos=+77.51 wrist_roll.pos=-1.21 gripper.pos=+0.67
DEBUG 2026-09-03 09:25:32 [action #147] t=7.02s step=146 queue=6 dmax=0.795 | shoulder_pan.pos=-6.93 shoulder_lift.pos=-101.82 elbow_flex.pos=+86.90 wrist_flex.pos=+77.43 wrist_roll.pos=-1.35 gripper.pos=+0.80
DEBUG 2026-09-03 09:25:32 [action #148] t=7.06s step=147 queue=5 dmax=0.136 | shoulder_pan.pos=-6.83 shoulder_lift.pos=-101.68 elbow_flex.pos=+86.95 wrist_flex.pos=+77.50 wrist_roll.pos=-1.32 gripper.pos=+0.71
DEBUG 2026-09-03 09:25:32 [action #149] t=7.09s step=148 queue=4 dmax=0.602 | shoulder_pan.pos=-6.93 shoulder_lift.pos=-102.29 elbow_flex.pos=+86.68 wrist_flex.pos=+77.52 wrist_roll.pos=-1.38 gripper.pos=+0.84
DEBUG 2026-09-03 09:25:32 [action #150] t=7.12s step=149 queue=3 dmax=0.426 | shoulder_pan.pos=-6.98 shoulder_lift.pos=-101.86 elbow_flex.pos=+86.77 wrist_flex.pos=+77.54 wrist_roll.pos=-1.45 gripper.pos=+0.65
DEBUG 2026-09-03 09:25:32 [action #151] t=7.16s step=150 queue=2 dmax=0.465 | shoulder_pan.pos=-6.90 shoulder_lift.pos=-102.33 elbow_flex.pos=+86.92 wrist_flex.pos=+77.48 wrist_roll.pos=-1.46 gripper.pos=+0.82
DEBUG 2026-09-03 09:25:32 [action #152] t=7.19s step=151 queue=1 dmax=0.237 | shoulder_pan.pos=-6.78 shoulder_lift.pos=-102.56 elbow_flex.pos=+86.83 wrist_flex.pos=+77.61 wrist_roll.pos=-1.60 gripper.pos=+0.93
DEBUG 2026-09-03 09:25:33 [chunk] received 50 actions, timesteps 135..184 | first: shoulder_pan.pos=-6.96 shoulder_lift.pos=-102.40 elbow_flex.pos=+88.56 wrist_flex.pos=+76.70 wrist_roll.pos=-1.41 gripper.pos=+1.08 | last: shoulder_pan.pos=-6.42 shoulder_lift.pos=-102.68 elbow_flex.pos=+87.48 wrist_flex.pos=+77.07 wrist_roll.pos=-1.49 gripper.pos=+0.84
DEBUG 2026-09-03 09:25:33 [action #153] t=7.56s step=152 queue=33 dmax=1.629 | shoulder_pan.pos=-6.41 shoulder_lift.pos=-102.14 elbow_flex.pos=+88.46 wrist_flex.pos=+76.80 wrist_roll.pos=-1.43 gripper.pos=+0.95
DEBUG 2026-09-03 09:25:33 [action #154] t=7.59s step=153 queue=32 dmax=0.321 | shoulder_pan.pos=-6.34 shoulder_lift.pos=-102.06 elbow_flex.pos=+88.13 wrist_flex.pos=+76.81 wrist_roll.pos=-1.46 gripper.pos=+0.95
DEBUG 2026-09-03 09:25:33 [action #155] t=7.62s step=154 queue=31 dmax=0.406 | shoulder_pan.pos=-6.46 shoulder_lift.pos=-102.43 elbow_flex.pos=+88.54 wrist_flex.pos=+76.67 wrist_roll.pos=-1.46 gripper.pos=+0.96
DEBUG 2026-09-03 09:25:33 [action #156] t=7.66s step=155 queue=30 dmax=0.302 | shoulder_pan.pos=-6.16 shoulder_lift.pos=-102.15 elbow_flex.pos=+88.43 wrist_flex.pos=+76.73 wrist_roll.pos=-1.43 gripper.pos=+0.80
DEBUG 2026-09-03 09:25:33 [action #157] t=7.69s step=156 queue=29 dmax=0.460 | shoulder_pan.pos=-6.41 shoulder_lift.pos=-102.60 elbow_flex.pos=+88.13 wrist_flex.pos=+76.85 wrist_roll.pos=-1.44 gripper.pos=+0.95
DEBUG 2026-09-03 09:25:33 [action #158] t=7.72s step=157 queue=28 dmax=0.255 | shoulder_pan.pos=-6.33 shoulder_lift.pos=-102.51 elbow_flex.pos=+87.87 wrist_flex.pos=+76.72 wrist_roll.pos=-1.42 gripper.pos=+0.91
DEBUG 2026-09-03 09:25:33 [action #159] t=7.76s step=158 queue=27 dmax=0.563 | shoulder_pan.pos=-6.35 shoulder_lift.pos=-102.44 elbow_flex.pos=+88.43 wrist_flex.pos=+76.62 wrist_roll.pos=-1.46 gripper.pos=+0.85
DEBUG 2026-09-03 09:25:33 [action #160] t=7.79s step=159 queue=26 dmax=0.174 | shoulder_pan.pos=-6.39 shoulder_lift.pos=-102.62 elbow_flex.pos=+88.39 wrist_flex.pos=+76.74 wrist_roll.pos=-1.45 gripper.pos=+0.81
DEBUG 2026-09-03 09:25:33 [action #161] t=7.83s step=160 queue=25 dmax=0.278 | shoulder_pan.pos=-6.55 shoulder_lift.pos=-102.90 elbow_flex.pos=+88.16 wrist_flex.pos=+76.66 wrist_roll.pos=-1.44 gripper.pos=+0.87
DEBUG 2026-09-03 09:25:33 [action #162] t=7.86s step=161 queue=24 dmax=0.720 | shoulder_pan.pos=-6.45 shoulder_lift.pos=-102.18 elbow_flex.pos=+88.00 wrist_flex.pos=+76.78 wrist_roll.pos=-1.44 gripper.pos=+0.89
DEBUG 2026-09-03 09:25:33 [action #163] t=7.89s step=162 queue=23 dmax=0.297 | shoulder_pan.pos=-6.47 shoulder_lift.pos=-102.40 elbow_flex.pos=+88.30 wrist_flex.pos=+76.70 wrist_roll.pos=-1.44 gripper.pos=+0.79
DEBUG 2026-09-03 09:25:33 [action #164] t=7.93s step=163 queue=22 dmax=0.832 | shoulder_pan.pos=-6.57 shoulder_lift.pos=-103.24 elbow_flex.pos=+88.35 wrist_flex.pos=+76.73 wrist_roll.pos=-1.44 gripper.pos=+0.81
DEBUG 2026-09-03 09:25:33 [action #165] t=7.96s step=164 queue=21 dmax=0.480 | shoulder_pan.pos=-6.32 shoulder_lift.pos=-102.76 elbow_flex.pos=+88.26 wrist_flex.pos=+76.67 wrist_roll.pos=-1.41 gripper.pos=+0.88
DEBUG 2026-09-03 09:25:33 [action #166] t=7.99s step=165 queue=20 dmax=0.288 | shoulder_pan.pos=-6.49 shoulder_lift.pos=-102.47 elbow_flex.pos=+88.20 wrist_flex.pos=+76.86 wrist_roll.pos=-1.44 gripper.pos=+0.82
DEBUG 2026-09-03 09:25:33 [action #167] t=8.03s step=166 queue=19 dmax=0.485 | shoulder_pan.pos=-6.67 shoulder_lift.pos=-102.59 elbow_flex.pos=+87.71 wrist_flex.pos=+76.74 wrist_roll.pos=-1.41 gripper.pos=+0.80
DEBUG 2026-09-03 09:25:33 [action #168] t=8.06s step=167 queue=18 dmax=0.269 | shoulder_pan.pos=-6.43 shoulder_lift.pos=-102.32 elbow_flex.pos=+87.94 wrist_flex.pos=+76.85 wrist_roll.pos=-1.41 gripper.pos=+0.92
DEBUG 2026-09-03 09:25:33 [action #169] t=8.09s step=168 queue=17 dmax=0.661 | shoulder_pan.pos=-6.60 shoulder_lift.pos=-102.98 elbow_flex.pos=+87.86 wrist_flex.pos=+77.07 wrist_roll.pos=-1.48 gripper.pos=+0.75
DEBUG 2026-09-03 09:25:33 [action #170] t=8.13s step=169 queue=16 dmax=0.417 | shoulder_pan.pos=-6.42 shoulder_lift.pos=-102.57 elbow_flex.pos=+87.70 wrist_flex.pos=+76.99 wrist_roll.pos=-1.45 gripper.pos=+0.96
DEBUG 2026-09-03 09:25:33 [action #171] t=8.16s step=170 queue=15 dmax=0.414 | shoulder_pan.pos=-6.65 shoulder_lift.pos=-102.28 elbow_flex.pos=+87.29 wrist_flex.pos=+77.13 wrist_roll.pos=-1.43 gripper.pos=+0.92
DEBUG 2026-09-03 09:25:33 [action #172] t=8.19s step=171 queue=14 dmax=0.502 | shoulder_pan.pos=-6.35 shoulder_lift.pos=-102.79 elbow_flex.pos=+87.68 wrist_flex.pos=+77.10 wrist_roll.pos=-1.44 gripper.pos=+0.84
DEBUG 2026-09-03 09:25:34 [action #173] t=8.23s step=172 queue=13 dmax=0.273 | shoulder_pan.pos=-6.62 shoulder_lift.pos=-102.66 elbow_flex.pos=+87.75 wrist_flex.pos=+77.07 wrist_roll.pos=-1.44 gripper.pos=+0.89
DEBUG 2026-09-03 09:25:34 [action #174] t=8.26s step=173 queue=12 dmax=0.332 | shoulder_pan.pos=-6.29 shoulder_lift.pos=-102.64 elbow_flex.pos=+87.44 wrist_flex.pos=+76.97 wrist_roll.pos=-1.46 gripper.pos=+0.85
DEBUG 2026-09-03 09:25:34 [action #175] t=8.29s step=174 queue=11 dmax=0.587 | shoulder_pan.pos=-6.88 shoulder_lift.pos=-102.38 elbow_flex.pos=+87.87 wrist_flex.pos=+77.18 wrist_roll.pos=-1.52 gripper.pos=+0.76
DEBUG 2026-09-03 09:25:34 [action #176] t=8.33s step=175 queue=10 dmax=0.889 | shoulder_pan.pos=-6.77 shoulder_lift.pos=-102.18 elbow_flex.pos=+86.98 wrist_flex.pos=+77.09 wrist_roll.pos=-1.51 gripper.pos=+0.86
DEBUG 2026-09-03 09:25:34 [action #177] t=8.36s step=176 queue=9 dmax=0.555 | shoulder_pan.pos=-6.57 shoulder_lift.pos=-102.34 elbow_flex.pos=+87.53 wrist_flex.pos=+77.00 wrist_roll.pos=-1.50 gripper.pos=+0.90
DEBUG 2026-09-03 09:25:34 [chunk] received 50 actions, timesteps 151..200 | first: shoulder_pan.pos=-7.17 shoulder_lift.pos=-101.84 elbow_flex.pos=+87.38 wrist_flex.pos=+76.28 wrist_roll.pos=-1.14 gripper.pos=+0.97 | last: shoulder_pan.pos=-6.50 shoulder_lift.pos=-101.65 elbow_flex.pos=+86.61 wrist_flex.pos=+76.50 wrist_roll.pos=-1.37 gripper.pos=+0.90
INFO 2026-09-03 09:25:37 Final action sent: shoulder_pan.pos=-6.57 shoulder_lift.pos=-102.34 elbow_flex.pos=+87.53 wrist_flex.pos=+77.00 wrist_roll.pos=-1.50 gripper.pos=+0.90
DEBUG 2026-09-03 09:25:37 === episode end | 11.9s | converged=True | actions=177 ===
